Current machine learning settings: epsilon:0 lossFunction:RELATIVE parallelization:True bagging:False baggingNumbers:3 considerEpsilonTube:False baggingTestDataFraction:50 useBackward:False abortError:1 limitFeatureSize:False featureSizeTreshold:4 quadraticFunctionSupport:True crossValidation:False crossValidation-k:5 learn-logFunction:False learn-accumulatedLogFunction:False learn-asymFunction:False learn-ratioFunction:False learn-mirrowedFunction:False learn-numeric-disabled:True numberOfRounds:70 backwardErrorDelta:1 minImprovementPerRound:0.1 withHierarchy:False bruteForceCandidates:False ignoreBadFeatures:False stopOnLongRound:True candidateSizePenalty:True learnTimeLimit:00:00:00 scoreMeasure:RELERROR outputRoundsToStdout:False debug:False pythonInfluenceAnalysis:False blacklisted: 
command: solver z3
command: vm /scratch/kallistos/Distance-Based_Data/SupplementaryWebsite/MeasuredPerformanceValues/Polly/FeatureModel.xml
command: all /scratch/kallistos/Distance-Based_Data/SupplementaryWebsite/MeasuredPerformanceValues/Polly/measurements.xml
Configs with too large deviation: 0
60000 configurations loaded.
command: nfp Performance
command: setsampleset /scratch/kallistos/Distance-Based_Data/Results/Polly/Polly_61/sampledConfigurations_grammarBased_t1.csv
command: learn-splconqueror-opt abortError=[1] minImprovementPerRound=[0.1,0.2,0.5] lossFunction=[RELATIVE] quadraticFunctionSupport=[True,False] learn_logFunction=[True,False] learn_asymFunction=[True,False] learn_ratioFunction=[True,False] withHierarchy=[False] useBackward=[False]
Learning: NumberOfConfigurationsLearning:28 NumberOfConfigurationsValidation:28
Learning progress:
1;28.6941025641025 * polly_vectorizer + 2.17367521367522 * parallel;0.560978826809873;0.560978826809873;0.560978826809873;0.560978826809873;0.0517;2;2.17367521367522 * parallel;1;3.50086756999831;
Elapsed=00:00:00.0548592
Learning progress:
1;28.7138095238095 * polly_vectorizer + 2.17494047619048 * parallel;0.33269827938684;0.33269827938684;0.33269827938684;0.33269827938684;0.004231;2;2.17494047619048 * parallel;1;4.00176234316237;
Elapsed=00:00:00.0043647
Learning progress:
1;28.6804444444444 * polly_vectorizer + 2.21050793650793 * parallel;0.774380300328006;0.774380300328006;0.774380300328006;0.774380300328006;0.00418;2;2.21050793650793 * parallel;1;3.51117592396683;
Elapsed=00:00:00.0043327
Learning progress:
1;28.8125641025641 * polly_vectorizer + 2.06576923076922 * parallel;2.75410294910956;2.75410294910956;2.75410294910956;2.75410294910956;0.005839;2;2.06576923076922 * parallel;1;2.66251271053492;
2;28.6913888888889 * polly_vectorizer + 2.18694444444445 * parallel + 1.57527777777779 * pollydefaulttilesize_1024;2.49018191081584;2.49018191081584;2.49018191081584;2.49018191081584;0.019666;3;1.57527777777779 * pollydefaulttilesize_1024;1;0.263921038293726;
3;28.6165625 * polly_vectorizer + 2.21687500000001 * parallel + 1.65010416666669 * pollydefaulttilesize_1024 + 0.224479166666661 * pollyoptmaxcoefficient_10000;2.41104619075417;2.41104619075417;2.41104619075417;2.41104619075417;0.048803;4;0.224479166666661 * pollyoptmaxcoefficient_10000;1;0.0791357200616658;
Elapsed=00:00:00.0489570
Learning progress:
1;28.6023529411765 * polly_vectorizer + 2.26320261437909 * parallel;1.20685177682649;1.20685177682649;1.20685177682649;1.20685177682649;0.004337;2;2.26320261437909 * parallel;1;4.73778265029807;
2;28.5679525222552 * polly_vectorizer + 2.2651137487636 * parallel + 0.194935707220563 * pollyoptmaxconstantterm_10;1.16039886173297;1.16039886173297;1.16039886173297;1.16039886173297;0.023009;3;0.194935707220563 * pollyoptmaxconstantterm_10;1;0.0464529150935211;
Elapsed=00:00:00.0231670
Learning progress:
1;28.6941025641025 * polly_vectorizer + 2.17367521367522 * parallel;0.560978826809873;0.560978826809873;0.560978826809873;0.560978826809873;0.006179;2;2.17367521367522 * parallel;1;3.50086756999831;
Elapsed=00:00:00.0063094
Learning progress:
1;28.7138095238095 * polly_vectorizer + 2.17494047619048 * parallel;0.33269827938684;0.33269827938684;0.33269827938684;0.33269827938684;0.004025;2;2.17494047619048 * parallel;1;4.00176234316237;
Elapsed=00:00:00.0041762
Learning progress:
1;28.6804444444444 * polly_vectorizer + 2.21050793650793 * parallel;0.774380300328006;0.774380300328006;0.774380300328006;0.774380300328006;0.004509;2;2.21050793650793 * parallel;1;3.51117592396683;
Elapsed=00:00:00.0046515
Learning progress:
1;28.8125641025641 * polly_vectorizer + 2.06576923076922 * parallel;2.75410294910956;2.75410294910956;2.75410294910956;2.75410294910956;0.005597;2;2.06576923076922 * parallel;1;2.66251271053492;
2;28.6913888888889 * polly_vectorizer + 2.18694444444445 * parallel + 1.57527777777779 * pollydefaulttilesize_1024;2.49018191081584;2.49018191081584;2.49018191081584;2.49018191081584;0.018841;3;1.57527777777779 * pollydefaulttilesize_1024;1;0.263921038293726;
3;28.6165625 * polly_vectorizer + 2.21687500000001 * parallel + 1.65010416666669 * pollydefaulttilesize_1024 + 0.224479166666661 * pollyoptmaxcoefficient_10000;2.41104619075417;2.41104619075417;2.41104619075417;2.41104619075417;0.048316;4;0.224479166666661 * pollyoptmaxcoefficient_10000;1;0.0791357200616658;
Elapsed=00:00:00.0484642
Learning progress:
1;28.6023529411765 * polly_vectorizer + 2.26320261437909 * parallel;1.20685177682649;1.20685177682649;1.20685177682649;1.20685177682649;0.003971;2;2.26320261437909 * parallel;1;4.73778265029807;
2;28.5679525222552 * polly_vectorizer + 2.2651137487636 * parallel + 0.194935707220563 * pollyoptmaxconstantterm_10;1.16039886173297;1.16039886173297;1.16039886173297;1.16039886173297;0.019985;3;0.194935707220563 * pollyoptmaxconstantterm_10;1;0.0464529150935211;
Elapsed=00:00:00.0201394
Learning progress:
1;28.6941025641025 * polly_vectorizer + 2.17367521367522 * parallel;0.560978826809873;0.560978826809873;0.560978826809873;0.560978826809873;0.006525;2;2.17367521367522 * parallel;1;3.50086756999831;
Elapsed=00:00:00.0066519
Learning progress:
1;28.7138095238095 * polly_vectorizer + 2.17494047619048 * parallel;0.33269827938684;0.33269827938684;0.33269827938684;0.33269827938684;0.004201;2;2.17494047619048 * parallel;1;4.00176234316237;
Elapsed=00:00:00.0043422
Learning progress:
1;28.6804444444444 * polly_vectorizer + 2.21050793650793 * parallel;0.774380300328006;0.774380300328006;0.774380300328006;0.774380300328006;0.004297;2;2.21050793650793 * parallel;1;3.51117592396683;
Elapsed=00:00:00.0044315
Learning progress:
1;28.8125641025641 * polly_vectorizer + 2.06576923076922 * parallel;2.75410294910956;2.75410294910956;2.75410294910956;2.75410294910956;0.005491;2;2.06576923076922 * parallel;1;2.66251271053492;
2;28.6913888888889 * polly_vectorizer + 2.18694444444445 * parallel + 1.57527777777779 * pollydefaulttilesize_1024;2.49018191081584;2.49018191081584;2.49018191081584;2.49018191081584;0.018964;3;1.57527777777779 * pollydefaulttilesize_1024;1;0.263921038293726;
Elapsed=00:00:00.0191066
Learning progress:
1;28.6023529411765 * polly_vectorizer + 2.26320261437909 * parallel;1.20685177682649;1.20685177682649;1.20685177682649;1.20685177682649;0.003867;2;2.26320261437909 * parallel;1;4.73778265029807;
2;28.5679525222552 * polly_vectorizer + 2.2651137487636 * parallel + 0.194935707220563 * pollyoptmaxconstantterm_10;1.16039886173297;1.16039886173297;1.16039886173297;1.16039886173297;0.020344;3;0.194935707220563 * pollyoptmaxconstantterm_10;1;0.0464529150935211;
Elapsed=00:00:00.0205107
Learning progress:
1;28.6941025641025 * polly_vectorizer + 2.17367521367522 * parallel;0.560978826809873;0.560978826809873;0.560978826809873;0.560978826809873;0.004238;2;2.17367521367522 * parallel;1;3.50086756999831;
Elapsed=00:00:00.0043636
Learning progress:
1;28.7138095238095 * polly_vectorizer + 2.17494047619048 * parallel;0.33269827938684;0.33269827938684;0.33269827938684;0.33269827938684;0.004665;2;2.17494047619048 * parallel;1;4.00176234316237;
Elapsed=00:00:00.0047963
Learning progress:
1;28.6804444444444 * polly_vectorizer + 2.21050793650793 * parallel;0.774380300328006;0.774380300328006;0.774380300328006;0.774380300328006;0.00442;2;2.21050793650793 * parallel;1;3.51117592396683;
Elapsed=00:00:00.0045730
Learning progress:
1;28.8125641025641 * polly_vectorizer + 2.06576923076922 * parallel;2.75410294910956;2.75410294910956;2.75410294910956;2.75410294910956;0.003927;2;2.06576923076922 * parallel;1;2.66251271053492;
2;28.6913888888889 * polly_vectorizer + 2.18694444444445 * parallel + 1.57527777777779 * pollydefaulttilesize_1024;2.49018191081584;2.49018191081584;2.49018191081584;2.49018191081584;0.019725;3;1.57527777777779 * pollydefaulttilesize_1024;1;0.263921038293726;
3;28.6165625 * polly_vectorizer + 2.21687500000001 * parallel + 1.65010416666669 * pollydefaulttilesize_1024 + 0.224479166666661 * pollyoptmaxcoefficient_10000;2.41104619075417;2.41104619075417;2.41104619075417;2.41104619075417;0.049629;4;0.224479166666661 * pollyoptmaxcoefficient_10000;1;0.0791357200616658;
Elapsed=00:00:00.0497656
Learning progress:
1;28.6023529411765 * polly_vectorizer + 2.26320261437909 * parallel;1.20685177682649;1.20685177682649;1.20685177682649;1.20685177682649;0.004283;2;2.26320261437909 * parallel;1;4.73778265029807;
2;28.5679525222552 * polly_vectorizer + 2.2651137487636 * parallel + 0.194935707220563 * pollyoptmaxconstantterm_10;1.16039886173297;1.16039886173297;1.16039886173297;1.16039886173297;0.02072;3;0.194935707220563 * pollyoptmaxconstantterm_10;1;0.0464529150935211;
Elapsed=00:00:00.0208873
Learning progress:
1;28.6941025641025 * polly_vectorizer + 2.17367521367522 * parallel;0.560978826809873;0.560978826809873;0.560978826809873;0.560978826809873;0.004471;2;2.17367521367522 * parallel;1;3.50086756999831;
Elapsed=00:00:00.0046093
Learning progress:
1;28.7138095238095 * polly_vectorizer + 2.17494047619048 * parallel;0.33269827938684;0.33269827938684;0.33269827938684;0.33269827938684;0.004286;2;2.17494047619048 * parallel;1;4.00176234316237;
Elapsed=00:00:00.0044355
Learning progress:
1;28.6804444444444 * polly_vectorizer + 2.21050793650793 * parallel;0.774380300328006;0.774380300328006;0.774380300328006;0.774380300328006;0.004328;2;2.21050793650793 * parallel;1;3.51117592396683;
Elapsed=00:00:00.0044651
Learning progress:
1;28.8125641025641 * polly_vectorizer + 2.06576923076922 * parallel;2.75410294910956;2.75410294910956;2.75410294910956;2.75410294910956;0.004308;2;2.06576923076922 * parallel;1;2.66251271053492;
2;28.6913888888889 * polly_vectorizer + 2.18694444444445 * parallel + 1.57527777777779 * pollydefaulttilesize_1024;2.49018191081584;2.49018191081584;2.49018191081584;2.49018191081584;0.020033;3;1.57527777777779 * pollydefaulttilesize_1024;1;0.263921038293726;
3;28.6165625 * polly_vectorizer + 2.21687500000001 * parallel + 1.65010416666669 * pollydefaulttilesize_1024 + 0.224479166666661 * pollyoptmaxcoefficient_10000;2.41104619075417;2.41104619075417;2.41104619075417;2.41104619075417;0.048268;4;0.224479166666661 * pollyoptmaxcoefficient_10000;1;0.0791357200616658;
Elapsed=00:00:00.0484182
Learning progress:
1;28.6023529411765 * polly_vectorizer + 2.26320261437909 * parallel;1.20685177682649;1.20685177682649;1.20685177682649;1.20685177682649;0.003994;2;2.26320261437909 * parallel;1;4.73778265029807;
2;28.5679525222552 * polly_vectorizer + 2.2651137487636 * parallel + 0.194935707220563 * pollyoptmaxconstantterm_10;1.16039886173297;1.16039886173297;1.16039886173297;1.16039886173297;0.020147;3;0.194935707220563 * pollyoptmaxconstantterm_10;1;0.0464529150935211;
Elapsed=00:00:00.0203173
Learning progress:
1;28.6941025641025 * polly_vectorizer + 2.17367521367522 * parallel;0.560978826809873;0.560978826809873;0.560978826809873;0.560978826809873;0.004318;2;2.17367521367522 * parallel;1;3.50086756999831;
Elapsed=00:00:00.0044643
Learning progress:
1;28.7138095238095 * polly_vectorizer + 2.17494047619048 * parallel;0.33269827938684;0.33269827938684;0.33269827938684;0.33269827938684;0.004263;2;2.17494047619048 * parallel;1;4.00176234316237;
Elapsed=00:00:00.0043910
Learning progress:
1;28.6804444444444 * polly_vectorizer + 2.21050793650793 * parallel;0.774380300328006;0.774380300328006;0.774380300328006;0.774380300328006;0.004692;2;2.21050793650793 * parallel;1;3.51117592396683;
Elapsed=00:00:00.0048452
Learning progress:
1;28.8125641025641 * polly_vectorizer + 2.06576923076922 * parallel;2.75410294910956;2.75410294910956;2.75410294910956;2.75410294910956;0.004054;2;2.06576923076922 * parallel;1;2.66251271053492;
2;28.6913888888889 * polly_vectorizer + 2.18694444444445 * parallel + 1.57527777777779 * pollydefaulttilesize_1024;2.49018191081584;2.49018191081584;2.49018191081584;2.49018191081584;0.019085;3;1.57527777777779 * pollydefaulttilesize_1024;1;0.263921038293726;
Elapsed=00:00:00.0192225
Learning progress:
1;28.6023529411765 * polly_vectorizer + 2.26320261437909 * parallel;1.20685177682649;1.20685177682649;1.20685177682649;1.20685177682649;0.004336;2;2.26320261437909 * parallel;1;4.73778265029807;
2;28.5679525222552 * polly_vectorizer + 2.2651137487636 * parallel + 0.194935707220563 * pollyoptmaxconstantterm_10;1.16039886173297;1.16039886173297;1.16039886173297;1.16039886173297;0.019558;3;0.194935707220563 * pollyoptmaxconstantterm_10;1;0.0464529150935211;
Elapsed=00:00:00.0197253
Learning progress:
1;28.6941025641025 * polly_vectorizer + 2.17367521367522 * parallel;0.560978826809873;0.560978826809873;0.560978826809873;0.560978826809873;0.004491;2;2.17367521367522 * parallel;1;3.50086756999831;
Elapsed=00:00:00.0046230
Learning progress:
1;28.7138095238095 * polly_vectorizer + 2.17494047619048 * parallel;0.33269827938684;0.33269827938684;0.33269827938684;0.33269827938684;0.00455;2;2.17494047619048 * parallel;1;4.00176234316237;
Elapsed=00:00:00.0046949
Learning progress:
1;28.6804444444444 * polly_vectorizer + 2.21050793650793 * parallel;0.774380300328006;0.774380300328006;0.774380300328006;0.774380300328006;0.00502;2;2.21050793650793 * parallel;1;3.51117592396683;
Elapsed=00:00:00.0052010
Learning progress:
1;28.8125641025641 * polly_vectorizer + 2.06576923076922 * parallel;2.75410294910956;2.75410294910956;2.75410294910956;2.75410294910956;0.006009;2;2.06576923076922 * parallel;1;2.66251271053492;
2;28.6913888888889 * polly_vectorizer + 2.18694444444445 * parallel + 1.57527777777779 * pollydefaulttilesize_1024;2.49018191081584;2.49018191081584;2.49018191081584;2.49018191081584;0.019287;3;1.57527777777779 * pollydefaulttilesize_1024;1;0.263921038293726;
3;28.6165625 * polly_vectorizer + 2.21687500000001 * parallel + 1.65010416666669 * pollydefaulttilesize_1024 + 0.224479166666661 * pollyoptmaxcoefficient_10000;2.41104619075417;2.41104619075417;2.41104619075417;2.41104619075417;0.048398;4;0.224479166666661 * pollyoptmaxcoefficient_10000;1;0.0791357200616658;
Elapsed=00:00:00.0485334
Learning progress:
1;28.6023529411765 * polly_vectorizer + 2.26320261437909 * parallel;1.20685177682649;1.20685177682649;1.20685177682649;1.20685177682649;0.004001;2;2.26320261437909 * parallel;1;4.73778265029807;
2;28.5679525222552 * polly_vectorizer + 2.2651137487636 * parallel + 0.194935707220563 * pollyoptmaxconstantterm_10;1.16039886173297;1.16039886173297;1.16039886173297;1.16039886173297;0.019271;3;0.194935707220563 * pollyoptmaxconstantterm_10;1;0.0464529150935211;
Elapsed=00:00:00.0194352
Learning progress:
1;28.6941025641025 * polly_vectorizer + 2.17367521367522 * parallel;0.560978826809873;0.560978826809873;0.560978826809873;0.560978826809873;0.004292;2;2.17367521367522 * parallel;1;3.50086756999831;
Elapsed=00:00:00.0044369
Learning progress:
1;28.7138095238095 * polly_vectorizer + 2.17494047619048 * parallel;0.33269827938684;0.33269827938684;0.33269827938684;0.33269827938684;0.004449;2;2.17494047619048 * parallel;1;4.00176234316237;
Elapsed=00:00:00.0045995
Learning progress:
1;28.6804444444444 * polly_vectorizer + 2.21050793650793 * parallel;0.774380300328006;0.774380300328006;0.774380300328006;0.774380300328006;0.004295;2;2.21050793650793 * parallel;1;3.51117592396683;
Elapsed=00:00:00.0044525
Learning progress:
1;28.8125641025641 * polly_vectorizer + 2.06576923076922 * parallel;2.75410294910956;2.75410294910956;2.75410294910956;2.75410294910956;0.006131;2;2.06576923076922 * parallel;1;2.66251271053492;
2;28.6913888888889 * polly_vectorizer + 2.18694444444445 * parallel + 1.57527777777779 * pollydefaulttilesize_1024;2.49018191081584;2.49018191081584;2.49018191081584;2.49018191081584;0.019338;3;1.57527777777779 * pollydefaulttilesize_1024;1;0.263921038293726;
3;28.6165625 * polly_vectorizer + 2.21687500000001 * parallel + 1.65010416666669 * pollydefaulttilesize_1024 + 0.224479166666661 * pollyoptmaxcoefficient_10000;2.41104619075417;2.41104619075417;2.41104619075417;2.41104619075417;0.048831;4;0.224479166666661 * pollyoptmaxcoefficient_10000;1;0.0791357200616658;
Elapsed=00:00:00.0489610
Learning progress:
1;28.6023529411765 * polly_vectorizer + 2.26320261437909 * parallel;1.20685177682649;1.20685177682649;1.20685177682649;1.20685177682649;0.004313;2;2.26320261437909 * parallel;1;4.73778265029807;
2;28.5679525222552 * polly_vectorizer + 2.2651137487636 * parallel + 0.194935707220563 * pollyoptmaxconstantterm_10;1.16039886173297;1.16039886173297;1.16039886173297;1.16039886173297;0.019832;3;0.194935707220563 * pollyoptmaxconstantterm_10;1;0.0464529150935211;
Elapsed=00:00:00.0199764
Learning progress:
1;28.6941025641025 * polly_vectorizer + 2.17367521367522 * parallel;0.560978826809873;0.560978826809873;0.560978826809873;0.560978826809873;0.00423;2;2.17367521367522 * parallel;1;3.50086756999831;
Elapsed=00:00:00.0043560
Learning progress:
1;28.7138095238095 * polly_vectorizer + 2.17494047619048 * parallel;0.33269827938684;0.33269827938684;0.33269827938684;0.33269827938684;0.004747;2;2.17494047619048 * parallel;1;4.00176234316237;
Elapsed=00:00:00.0049101
Learning progress:
1;28.6804444444444 * polly_vectorizer + 2.21050793650793 * parallel;0.774380300328006;0.774380300328006;0.774380300328006;0.774380300328006;0.004595;2;2.21050793650793 * parallel;1;3.51117592396683;
Elapsed=00:00:00.0047462
Learning progress:
1;28.8125641025641 * polly_vectorizer + 2.06576923076922 * parallel;2.75410294910956;2.75410294910956;2.75410294910956;2.75410294910956;0.006232;2;2.06576923076922 * parallel;1;2.66251271053492;
2;28.6913888888889 * polly_vectorizer + 2.18694444444445 * parallel + 1.57527777777779 * pollydefaulttilesize_1024;2.49018191081584;2.49018191081584;2.49018191081584;2.49018191081584;0.020568;3;1.57527777777779 * pollydefaulttilesize_1024;1;0.263921038293726;
Elapsed=00:00:00.0207122
Learning progress:
1;28.6023529411765 * polly_vectorizer + 2.26320261437909 * parallel;1.20685177682649;1.20685177682649;1.20685177682649;1.20685177682649;0.003983;2;2.26320261437909 * parallel;1;4.73778265029807;
2;28.5679525222552 * polly_vectorizer + 2.2651137487636 * parallel + 0.194935707220563 * pollyoptmaxconstantterm_10;1.16039886173297;1.16039886173297;1.16039886173297;1.16039886173297;0.020059;3;0.194935707220563 * pollyoptmaxconstantterm_10;1;0.0464529150935211;
Elapsed=00:00:00.0202049
Learning progress:
1;28.6941025641025 * polly_vectorizer + 2.17367521367522 * parallel;0.560978826809873;0.560978826809873;0.560978826809873;0.560978826809873;0.00435;2;2.17367521367522 * parallel;1;3.50086756999831;
Elapsed=00:00:00.0044787
Learning progress:
1;28.7138095238095 * polly_vectorizer + 2.17494047619048 * parallel;0.33269827938684;0.33269827938684;0.33269827938684;0.33269827938684;0.004456;2;2.17494047619048 * parallel;1;4.00176234316237;
Elapsed=00:00:00.0045932
Learning progress:
1;28.6804444444444 * polly_vectorizer + 2.21050793650793 * parallel;0.774380300328006;0.774380300328006;0.774380300328006;0.774380300328006;0.006617;2;2.21050793650793 * parallel;1;3.51117592396683;
Elapsed=00:00:00.0067562
Learning progress:
1;28.8125641025641 * polly_vectorizer + 2.06576923076922 * parallel;2.75410294910956;2.75410294910956;2.75410294910956;2.75410294910956;0.004254;2;2.06576923076922 * parallel;1;2.66251271053492;
2;28.6913888888889 * polly_vectorizer + 2.18694444444445 * parallel + 1.57527777777779 * pollydefaulttilesize_1024;2.49018191081584;2.49018191081584;2.49018191081584;2.49018191081584;0.020418;3;1.57527777777779 * pollydefaulttilesize_1024;1;0.263921038293726;
3;28.6165625 * polly_vectorizer + 2.21687500000001 * parallel + 1.65010416666669 * pollydefaulttilesize_1024 + 0.224479166666661 * pollyoptmaxcoefficient_10000;2.41104619075417;2.41104619075417;2.41104619075417;2.41104619075417;0.04948;4;0.224479166666661 * pollyoptmaxcoefficient_10000;1;0.0791357200616658;
Elapsed=00:00:00.0496244
Learning progress:
1;28.6023529411765 * polly_vectorizer + 2.26320261437909 * parallel;1.20685177682649;1.20685177682649;1.20685177682649;1.20685177682649;0.003957;2;2.26320261437909 * parallel;1;4.73778265029807;
2;28.5679525222552 * polly_vectorizer + 2.2651137487636 * parallel + 0.194935707220563 * pollyoptmaxconstantterm_10;1.16039886173297;1.16039886173297;1.16039886173297;1.16039886173297;0.019968;3;0.194935707220563 * pollyoptmaxconstantterm_10;1;0.0464529150935211;
Elapsed=00:00:00.0201216
Learning progress:
1;28.6941025641025 * polly_vectorizer + 2.17367521367522 * parallel;0.560978826809873;0.560978826809873;0.560978826809873;0.560978826809873;0.00457;2;2.17367521367522 * parallel;1;3.50086756999831;
Elapsed=00:00:00.0047116
Learning progress:
1;28.7138095238095 * polly_vectorizer + 2.17494047619048 * parallel;0.33269827938684;0.33269827938684;0.33269827938684;0.33269827938684;0.004638;2;2.17494047619048 * parallel;1;4.00176234316237;
Elapsed=00:00:00.0047887
Learning progress:
1;28.6804444444444 * polly_vectorizer + 2.21050793650793 * parallel;0.774380300328006;0.774380300328006;0.774380300328006;0.774380300328006;0.006003;2;2.21050793650793 * parallel;1;3.51117592396683;
Elapsed=00:00:00.0061335
Learning progress:
1;28.8125641025641 * polly_vectorizer + 2.06576923076922 * parallel;2.75410294910956;2.75410294910956;2.75410294910956;2.75410294910956;0.004264;2;2.06576923076922 * parallel;1;2.66251271053492;
2;28.6913888888889 * polly_vectorizer + 2.18694444444445 * parallel + 1.57527777777779 * pollydefaulttilesize_1024;2.49018191081584;2.49018191081584;2.49018191081584;2.49018191081584;0.019946;3;1.57527777777779 * pollydefaulttilesize_1024;1;0.263921038293726;
3;28.6165625 * polly_vectorizer + 2.21687500000001 * parallel + 1.65010416666669 * pollydefaulttilesize_1024 + 0.224479166666661 * pollyoptmaxcoefficient_10000;2.41104619075417;2.41104619075417;2.41104619075417;2.41104619075417;0.048277;4;0.224479166666661 * pollyoptmaxcoefficient_10000;1;0.0791357200616658;
Elapsed=00:00:00.0484091
Learning progress:
1;28.6023529411765 * polly_vectorizer + 2.26320261437909 * parallel;1.20685177682649;1.20685177682649;1.20685177682649;1.20685177682649;0.003802;2;2.26320261437909 * parallel;1;4.73778265029807;
2;28.5679525222552 * polly_vectorizer + 2.2651137487636 * parallel + 0.194935707220563 * pollyoptmaxconstantterm_10;1.16039886173297;1.16039886173297;1.16039886173297;1.16039886173297;0.019803;3;0.194935707220563 * pollyoptmaxconstantterm_10;1;0.0464529150935211;
Elapsed=00:00:00.0199699
Learning progress:
1;28.6941025641025 * polly_vectorizer + 2.17367521367522 * parallel;0.560978826809873;0.560978826809873;0.560978826809873;0.560978826809873;0.004796;2;2.17367521367522 * parallel;1;3.50086756999831;
Elapsed=00:00:00.0049396
Learning progress:
1;28.7138095238095 * polly_vectorizer + 2.17494047619048 * parallel;0.33269827938684;0.33269827938684;0.33269827938684;0.33269827938684;0.004283;2;2.17494047619048 * parallel;1;4.00176234316237;
Elapsed=00:00:00.0044324
Learning progress:
1;28.6804444444444 * polly_vectorizer + 2.21050793650793 * parallel;0.774380300328006;0.774380300328006;0.774380300328006;0.774380300328006;0.006408;2;2.21050793650793 * parallel;1;3.51117592396683;
Elapsed=00:00:00.0065443
Learning progress:
1;28.8125641025641 * polly_vectorizer + 2.06576923076922 * parallel;2.75410294910956;2.75410294910956;2.75410294910956;2.75410294910956;0.004353;2;2.06576923076922 * parallel;1;2.66251271053492;
2;28.6913888888889 * polly_vectorizer + 2.18694444444445 * parallel + 1.57527777777779 * pollydefaulttilesize_1024;2.49018191081584;2.49018191081584;2.49018191081584;2.49018191081584;0.020038;3;1.57527777777779 * pollydefaulttilesize_1024;1;0.263921038293726;
Elapsed=00:00:00.0201656
Learning progress:
1;28.6023529411765 * polly_vectorizer + 2.26320261437909 * parallel;1.20685177682649;1.20685177682649;1.20685177682649;1.20685177682649;0.006241;2;2.26320261437909 * parallel;1;4.73778265029807;
2;28.5679525222552 * polly_vectorizer + 2.2651137487636 * parallel + 0.194935707220563 * pollyoptmaxconstantterm_10;1.16039886173297;1.16039886173297;1.16039886173297;1.16039886173297;0.019942;3;0.194935707220563 * pollyoptmaxconstantterm_10;1;0.0464529150935211;
Elapsed=00:00:00.0200971
Learning progress:
1;28.6941025641025 * polly_vectorizer + 2.17367521367522 * parallel;0.560978826809873;0.560978826809873;0.560978826809873;0.560978826809873;0.004506;2;2.17367521367522 * parallel;1;3.50086756999831;
Elapsed=00:00:00.0046509
Learning progress:
1;28.7138095238095 * polly_vectorizer + 2.17494047619048 * parallel;0.33269827938684;0.33269827938684;0.33269827938684;0.33269827938684;0.006263;2;2.17494047619048 * parallel;1;4.00176234316237;
Elapsed=00:00:00.0064099
Learning progress:
1;28.6804444444444 * polly_vectorizer + 2.21050793650793 * parallel;0.774380300328006;0.774380300328006;0.774380300328006;0.774380300328006;0.005255;2;2.21050793650793 * parallel;1;3.51117592396683;
Elapsed=00:00:00.0053872
Learning progress:
1;28.8125641025641 * polly_vectorizer + 2.06576923076922 * parallel;2.75410294910956;2.75410294910956;2.75410294910956;2.75410294910956;0.006164;2;2.06576923076922 * parallel;1;2.66251271053492;
2;28.6913888888889 * polly_vectorizer + 2.18694444444445 * parallel + 1.57527777777779 * pollydefaulttilesize_1024;2.49018191081584;2.49018191081584;2.49018191081584;2.49018191081584;0.021984;3;1.57527777777779 * pollydefaulttilesize_1024;1;0.263921038293726;
3;28.6165625 * polly_vectorizer + 2.21687500000001 * parallel + 1.65010416666669 * pollydefaulttilesize_1024 + 0.224479166666661 * pollyoptmaxcoefficient_10000;2.41104619075417;2.41104619075417;2.41104619075417;2.41104619075417;0.050121;4;0.224479166666661 * pollyoptmaxcoefficient_10000;1;0.0791357200616658;
Elapsed=00:00:00.0502561
Learning progress:
1;28.6023529411765 * polly_vectorizer + 2.26320261437909 * parallel;1.20685177682649;1.20685177682649;1.20685177682649;1.20685177682649;0.006358;2;2.26320261437909 * parallel;1;4.73778265029807;
2;28.5679525222552 * polly_vectorizer + 2.2651137487636 * parallel + 0.194935707220563 * pollyoptmaxconstantterm_10;1.16039886173297;1.16039886173297;1.16039886173297;1.16039886173297;0.020297;3;0.194935707220563 * pollyoptmaxconstantterm_10;1;0.0464529150935211;
Elapsed=00:00:00.0204662
Learning progress:
1;28.6941025641025 * polly_vectorizer + 2.17367521367522 * parallel;0.560978826809873;0.560978826809873;0.560978826809873;0.560978826809873;0.004622;2;2.17367521367522 * parallel;1;3.50086756999831;
Elapsed=00:00:00.0047691
Learning progress:
1;28.7138095238095 * polly_vectorizer + 2.17494047619048 * parallel;0.33269827938684;0.33269827938684;0.33269827938684;0.33269827938684;0.006405;2;2.17494047619048 * parallel;1;4.00176234316237;
Elapsed=00:00:00.0065491
Learning progress:
1;28.6804444444444 * polly_vectorizer + 2.21050793650793 * parallel;0.774380300328006;0.774380300328006;0.774380300328006;0.774380300328006;0.004438;2;2.21050793650793 * parallel;1;3.51117592396683;
Elapsed=00:00:00.0045815
Learning progress:
1;28.8125641025641 * polly_vectorizer + 2.06576923076922 * parallel;2.75410294910956;2.75410294910956;2.75410294910956;2.75410294910956;0.00646;2;2.06576923076922 * parallel;1;2.66251271053492;
2;28.6913888888889 * polly_vectorizer + 2.18694444444445 * parallel + 1.57527777777779 * pollydefaulttilesize_1024;2.49018191081584;2.49018191081584;2.49018191081584;2.49018191081584;0.0221;3;1.57527777777779 * pollydefaulttilesize_1024;1;0.263921038293726;
3;28.6165625 * polly_vectorizer + 2.21687500000001 * parallel + 1.65010416666669 * pollydefaulttilesize_1024 + 0.224479166666661 * pollyoptmaxcoefficient_10000;2.41104619075417;2.41104619075417;2.41104619075417;2.41104619075417;0.050071;4;0.224479166666661 * pollyoptmaxcoefficient_10000;1;0.0791357200616658;
Elapsed=00:00:00.0502068
Learning progress:
1;28.6023529411765 * polly_vectorizer + 2.26320261437909 * parallel;1.20685177682649;1.20685177682649;1.20685177682649;1.20685177682649;0.00626;2;2.26320261437909 * parallel;1;4.73778265029807;
2;28.5679525222552 * polly_vectorizer + 2.2651137487636 * parallel + 0.194935707220563 * pollyoptmaxconstantterm_10;1.16039886173297;1.16039886173297;1.16039886173297;1.16039886173297;0.020302;3;0.194935707220563 * pollyoptmaxconstantterm_10;1;0.0464529150935211;
Elapsed=00:00:00.0204811
Learning progress:
1;28.6941025641025 * polly_vectorizer + 2.17367521367522 * parallel;0.560978826809873;0.560978826809873;0.560978826809873;0.560978826809873;0.004235;2;2.17367521367522 * parallel;1;3.50086756999831;
Elapsed=00:00:00.0043832
Learning progress:
1;28.7138095238095 * polly_vectorizer + 2.17494047619048 * parallel;0.33269827938684;0.33269827938684;0.33269827938684;0.33269827938684;0.006046;2;2.17494047619048 * parallel;1;4.00176234316237;
Elapsed=00:00:00.0061804
Learning progress:
1;28.6804444444444 * polly_vectorizer + 2.21050793650793 * parallel;0.774380300328006;0.774380300328006;0.774380300328006;0.774380300328006;0.005158;2;2.21050793650793 * parallel;1;3.51117592396683;
Elapsed=00:00:00.0053112
Learning progress:
1;28.8125641025641 * polly_vectorizer + 2.06576923076922 * parallel;2.75410294910956;2.75410294910956;2.75410294910956;2.75410294910956;0.006149;2;2.06576923076922 * parallel;1;2.66251271053492;
2;28.6913888888889 * polly_vectorizer + 2.18694444444445 * parallel + 1.57527777777779 * pollydefaulttilesize_1024;2.49018191081584;2.49018191081584;2.49018191081584;2.49018191081584;0.02147;3;1.57527777777779 * pollydefaulttilesize_1024;1;0.263921038293726;
Elapsed=00:00:00.0216024
Learning progress:
1;28.6023529411765 * polly_vectorizer + 2.26320261437909 * parallel;1.20685177682649;1.20685177682649;1.20685177682649;1.20685177682649;0.00418;2;2.26320261437909 * parallel;1;4.73778265029807;
2;28.5679525222552 * polly_vectorizer + 2.2651137487636 * parallel + 0.194935707220563 * pollyoptmaxconstantterm_10;1.16039886173297;1.16039886173297;1.16039886173297;1.16039886173297;0.020556;3;0.194935707220563 * pollyoptmaxconstantterm_10;1;0.0464529150935211;
Elapsed=00:00:00.0207238
Learning progress:
1;28.6941025641025 * polly_vectorizer + 2.17367521367522 * parallel;0.560978826809873;0.560978826809873;0.560978826809873;0.560978826809873;0.006174;2;2.17367521367522 * parallel;1;3.50086756999831;
Elapsed=00:00:00.0063174
Learning progress:
1;28.7138095238095 * polly_vectorizer + 2.17494047619048 * parallel;0.33269827938684;0.33269827938684;0.33269827938684;0.33269827938684;0.004273;2;2.17494047619048 * parallel;1;4.00176234316237;
Elapsed=00:00:00.0044206
Learning progress:
1;28.6804444444444 * polly_vectorizer + 2.21050793650793 * parallel;0.774380300328006;0.774380300328006;0.774380300328006;0.774380300328006;0.006229;2;2.21050793650793 * parallel;1;3.51117592396683;
Elapsed=00:00:00.0063815
Learning progress:
1;28.8125641025641 * polly_vectorizer + 2.06576923076922 * parallel;2.75410294910956;2.75410294910956;2.75410294910956;2.75410294910956;0.00429;2;2.06576923076922 * parallel;1;2.66251271053492;
2;28.6913888888889 * polly_vectorizer + 2.18694444444445 * parallel + 1.57527777777779 * pollydefaulttilesize_1024;2.49018191081584;2.49018191081584;2.49018191081584;2.49018191081584;0.020037;3;1.57527777777779 * pollydefaulttilesize_1024;1;0.263921038293726;
3;28.6165625 * polly_vectorizer + 2.21687500000001 * parallel + 1.65010416666669 * pollydefaulttilesize_1024 + 0.224479166666661 * pollyoptmaxcoefficient_10000;2.41104619075417;2.41104619075417;2.41104619075417;2.41104619075417;0.049933;4;0.224479166666661 * pollyoptmaxcoefficient_10000;1;0.0791357200616658;
Elapsed=00:00:00.0500607
Learning progress:
1;28.6023529411765 * polly_vectorizer + 2.26320261437909 * parallel;1.20685177682649;1.20685177682649;1.20685177682649;1.20685177682649;0.003964;2;2.26320261437909 * parallel;1;4.73778265029807;
2;28.5679525222552 * polly_vectorizer + 2.2651137487636 * parallel + 0.194935707220563 * pollyoptmaxconstantterm_10;1.16039886173297;1.16039886173297;1.16039886173297;1.16039886173297;0.020545;3;0.194935707220563 * pollyoptmaxconstantterm_10;1;0.0464529150935211;
Elapsed=00:00:00.0207049
Learning progress:
1;28.6941025641025 * polly_vectorizer + 2.17367521367522 * parallel;0.560978826809873;0.560978826809873;0.560978826809873;0.560978826809873;0.00673;2;2.17367521367522 * parallel;1;3.50086756999831;
Elapsed=00:00:00.0068876
Learning progress:
1;28.7138095238095 * polly_vectorizer + 2.17494047619048 * parallel;0.33269827938684;0.33269827938684;0.33269827938684;0.33269827938684;0.004269;2;2.17494047619048 * parallel;1;4.00176234316237;
Elapsed=00:00:00.0044022
Learning progress:
1;28.6804444444444 * polly_vectorizer + 2.21050793650793 * parallel;0.774380300328006;0.774380300328006;0.774380300328006;0.774380300328006;0.006486;2;2.21050793650793 * parallel;1;3.51117592396683;
Elapsed=00:00:00.0066375
Learning progress:
1;28.8125641025641 * polly_vectorizer + 2.06576923076922 * parallel;2.75410294910956;2.75410294910956;2.75410294910956;2.75410294910956;0.004267;2;2.06576923076922 * parallel;1;2.66251271053492;
2;28.6913888888889 * polly_vectorizer + 2.18694444444445 * parallel + 1.57527777777779 * pollydefaulttilesize_1024;2.49018191081584;2.49018191081584;2.49018191081584;2.49018191081584;0.019744;3;1.57527777777779 * pollydefaulttilesize_1024;1;0.263921038293726;
3;28.6165625 * polly_vectorizer + 2.21687500000001 * parallel + 1.65010416666669 * pollydefaulttilesize_1024 + 0.224479166666661 * pollyoptmaxcoefficient_10000;2.41104619075417;2.41104619075417;2.41104619075417;2.41104619075417;0.049708;4;0.224479166666661 * pollyoptmaxcoefficient_10000;1;0.0791357200616658;
Elapsed=00:00:00.0498576
Learning progress:
1;28.6023529411765 * polly_vectorizer + 2.26320261437909 * parallel;1.20685177682649;1.20685177682649;1.20685177682649;1.20685177682649;0.004321;2;2.26320261437909 * parallel;1;4.73778265029807;
2;28.5679525222552 * polly_vectorizer + 2.2651137487636 * parallel + 0.194935707220563 * pollyoptmaxconstantterm_10;1.16039886173297;1.16039886173297;1.16039886173297;1.16039886173297;0.020957;3;0.194935707220563 * pollyoptmaxconstantterm_10;1;0.0464529150935211;
Elapsed=00:00:00.0211262
Learning progress:
1;28.6941025641025 * polly_vectorizer + 2.17367521367522 * parallel;0.560978826809873;0.560978826809873;0.560978826809873;0.560978826809873;0.006176;2;2.17367521367522 * parallel;1;3.50086756999831;
Elapsed=00:00:00.0063208
Learning progress:
1;28.7138095238095 * polly_vectorizer + 2.17494047619048 * parallel;0.33269827938684;0.33269827938684;0.33269827938684;0.33269827938684;0.004496;2;2.17494047619048 * parallel;1;4.00176234316237;
Elapsed=00:00:00.0046408
Learning progress:
1;28.6804444444444 * polly_vectorizer + 2.21050793650793 * parallel;0.774380300328006;0.774380300328006;0.774380300328006;0.774380300328006;0.006367;2;2.21050793650793 * parallel;1;3.51117592396683;
Elapsed=00:00:00.0065226
Learning progress:
1;28.8125641025641 * polly_vectorizer + 2.06576923076922 * parallel;2.75410294910956;2.75410294910956;2.75410294910956;2.75410294910956;0.004335;2;2.06576923076922 * parallel;1;2.66251271053492;
2;28.6913888888889 * polly_vectorizer + 2.18694444444445 * parallel + 1.57527777777779 * pollydefaulttilesize_1024;2.49018191081584;2.49018191081584;2.49018191081584;2.49018191081584;0.020318;3;1.57527777777779 * pollydefaulttilesize_1024;1;0.263921038293726;
Elapsed=00:00:00.0204514
Learning progress:
1;28.6023529411765 * polly_vectorizer + 2.26320261437909 * parallel;1.20685177682649;1.20685177682649;1.20685177682649;1.20685177682649;0.006146;2;2.26320261437909 * parallel;1;4.73778265029807;
2;28.5679525222552 * polly_vectorizer + 2.2651137487636 * parallel + 0.194935707220563 * pollyoptmaxconstantterm_10;1.16039886173297;1.16039886173297;1.16039886173297;1.16039886173297;0.022948;3;0.194935707220563 * pollyoptmaxconstantterm_10;1;0.0464529150935211;
Elapsed=00:00:00.0231133
Learning progress:
1;28.6941025641025 * polly_vectorizer + 2.17367521367522 * parallel;0.560978826809873;0.560978826809873;0.560978826809873;0.560978826809873;0.005027;2;2.17367521367522 * parallel;1;3.50086756999831;
Elapsed=00:00:00.0051708
Learning progress:
1;28.7138095238095 * polly_vectorizer + 2.17494047619048 * parallel;0.33269827938684;0.33269827938684;0.33269827938684;0.33269827938684;0.006419;2;2.17494047619048 * parallel;1;4.00176234316237;
Elapsed=00:00:00.0065850
Learning progress:
1;28.6804444444444 * polly_vectorizer + 2.21050793650793 * parallel;0.774380300328006;0.774380300328006;0.774380300328006;0.774380300328006;0.004277;2;2.21050793650793 * parallel;1;3.51117592396683;
Elapsed=00:00:00.0044227
Learning progress:
1;28.8125641025641 * polly_vectorizer + 2.06576923076922 * parallel;2.75410294910956;2.75410294910956;2.75410294910956;2.75410294910956;0.004271;2;2.06576923076922 * parallel;1;2.66251271053492;
2;28.6913888888889 * polly_vectorizer + 2.18694444444445 * parallel + 1.57527777777779 * pollydefaulttilesize_1024;2.49018191081584;2.49018191081584;2.49018191081584;2.49018191081584;0.019842;3;1.57527777777779 * pollydefaulttilesize_1024;1;0.263921038293726;
3;28.6165625 * polly_vectorizer + 2.21687500000001 * parallel + 1.65010416666669 * pollydefaulttilesize_1024 + 0.224479166666661 * pollyoptmaxcoefficient_10000;2.41104619075417;2.41104619075417;2.41104619075417;2.41104619075417;0.048416;4;0.224479166666661 * pollyoptmaxcoefficient_10000;1;0.0791357200616658;
Elapsed=00:00:00.0485647
Learning progress:
1;28.6023529411765 * polly_vectorizer + 2.26320261437909 * parallel;1.20685177682649;1.20685177682649;1.20685177682649;1.20685177682649;0.00614;2;2.26320261437909 * parallel;1;4.73778265029807;
2;28.5679525222552 * polly_vectorizer + 2.2651137487636 * parallel + 0.194935707220563 * pollyoptmaxconstantterm_10;1.16039886173297;1.16039886173297;1.16039886173297;1.16039886173297;0.022145;3;0.194935707220563 * pollyoptmaxconstantterm_10;1;0.0464529150935211;
Elapsed=00:00:00.0223115
Learning progress:
1;28.6941025641025 * polly_vectorizer + 2.17367521367522 * parallel;0.560978826809873;0.560978826809873;0.560978826809873;0.560978826809873;0.004257;2;2.17367521367522 * parallel;1;3.50086756999831;
Elapsed=00:00:00.0043921
Learning progress:
1;28.7138095238095 * polly_vectorizer + 2.17494047619048 * parallel;0.33269827938684;0.33269827938684;0.33269827938684;0.33269827938684;0.006501;2;2.17494047619048 * parallel;1;4.00176234316237;
Elapsed=00:00:00.0066475
Learning progress:
1;28.6804444444444 * polly_vectorizer + 2.21050793650793 * parallel;0.774380300328006;0.774380300328006;0.774380300328006;0.774380300328006;0.004281;2;2.21050793650793 * parallel;1;3.51117592396683;
Elapsed=00:00:00.0044334
Learning progress:
1;28.8125641025641 * polly_vectorizer + 2.06576923076922 * parallel;2.75410294910956;2.75410294910956;2.75410294910956;2.75410294910956;0.004067;2;2.06576923076922 * parallel;1;2.66251271053492;
2;28.6913888888889 * polly_vectorizer + 2.18694444444445 * parallel + 1.57527777777779 * pollydefaulttilesize_1024;2.49018191081584;2.49018191081584;2.49018191081584;2.49018191081584;0.019844;3;1.57527777777779 * pollydefaulttilesize_1024;1;0.263921038293726;
3;28.6165625 * polly_vectorizer + 2.21687500000001 * parallel + 1.65010416666669 * pollydefaulttilesize_1024 + 0.224479166666661 * pollyoptmaxcoefficient_10000;2.41104619075417;2.41104619075417;2.41104619075417;2.41104619075417;0.047793;4;0.224479166666661 * pollyoptmaxcoefficient_10000;1;0.0791357200616658;
Elapsed=00:00:00.0479459
Learning progress:
1;28.6023529411765 * polly_vectorizer + 2.26320261437909 * parallel;1.20685177682649;1.20685177682649;1.20685177682649;1.20685177682649;0.005975;2;2.26320261437909 * parallel;1;4.73778265029807;
2;28.5679525222552 * polly_vectorizer + 2.2651137487636 * parallel + 0.194935707220563 * pollyoptmaxconstantterm_10;1.16039886173297;1.16039886173297;1.16039886173297;1.16039886173297;0.022145;3;0.194935707220563 * pollyoptmaxconstantterm_10;1;0.0464529150935211;
Elapsed=00:00:00.0222996
Learning progress:
1;28.6941025641025 * polly_vectorizer + 2.17367521367522 * parallel;0.560978826809873;0.560978826809873;0.560978826809873;0.560978826809873;0.004495;2;2.17367521367522 * parallel;1;3.50086756999831;
Elapsed=00:00:00.0046162
Learning progress:
1;28.7138095238095 * polly_vectorizer + 2.17494047619048 * parallel;0.33269827938684;0.33269827938684;0.33269827938684;0.33269827938684;0.006377;2;2.17494047619048 * parallel;1;4.00176234316237;
Elapsed=00:00:00.0065156
Learning progress:
1;28.6804444444444 * polly_vectorizer + 2.21050793650793 * parallel;0.774380300328006;0.774380300328006;0.774380300328006;0.774380300328006;0.004295;2;2.21050793650793 * parallel;1;3.51117592396683;
Elapsed=00:00:00.0044394
Learning progress:
1;28.8125641025641 * polly_vectorizer + 2.06576923076922 * parallel;2.75410294910956;2.75410294910956;2.75410294910956;2.75410294910956;0.003916;2;2.06576923076922 * parallel;1;2.66251271053492;
2;28.6913888888889 * polly_vectorizer + 2.18694444444445 * parallel + 1.57527777777779 * pollydefaulttilesize_1024;2.49018191081584;2.49018191081584;2.49018191081584;2.49018191081584;0.020175;3;1.57527777777779 * pollydefaulttilesize_1024;1;0.263921038293726;
Elapsed=00:00:00.0203145
Learning progress:
1;28.6023529411765 * polly_vectorizer + 2.26320261437909 * parallel;1.20685177682649;1.20685177682649;1.20685177682649;1.20685177682649;0.004286;2;2.26320261437909 * parallel;1;4.73778265029807;
2;28.5679525222552 * polly_vectorizer + 2.2651137487636 * parallel + 0.194935707220563 * pollyoptmaxconstantterm_10;1.16039886173297;1.16039886173297;1.16039886173297;1.16039886173297;0.020579;3;0.194935707220563 * pollyoptmaxconstantterm_10;1;0.0464529150935211;
Elapsed=00:00:00.0207466
Learning progress:
1;28.6941025641025 * polly_vectorizer + 2.17367521367522 * parallel;0.560978826809873;0.560978826809873;0.560978826809873;0.560978826809873;0.006657;2;2.17367521367522 * parallel;1;3.50086756999831;
Elapsed=00:00:00.0068027
Learning progress:
1;28.7138095238095 * polly_vectorizer + 2.17494047619048 * parallel;0.33269827938684;0.33269827938684;0.33269827938684;0.33269827938684;0.004079;2;2.17494047619048 * parallel;1;4.00176234316237;
Elapsed=00:00:00.0042217
Learning progress:
1;28.6804444444444 * polly_vectorizer + 2.21050793650793 * parallel;0.774380300328006;0.774380300328006;0.774380300328006;0.774380300328006;0.004095;2;2.21050793650793 * parallel;1;3.51117592396683;
Elapsed=00:00:00.0042459
Learning progress:
1;28.8125641025641 * polly_vectorizer + 2.06576923076922 * parallel;2.75410294910956;2.75410294910956;2.75410294910956;2.75410294910956;0.004175;2;2.06576923076922 * parallel;1;2.66251271053492;
2;28.6913888888889 * polly_vectorizer + 2.18694444444445 * parallel + 1.57527777777779 * pollydefaulttilesize_1024;2.49018191081584;2.49018191081584;2.49018191081584;2.49018191081584;0.019585;3;1.57527777777779 * pollydefaulttilesize_1024;1;0.263921038293726;
3;28.6165625 * polly_vectorizer + 2.21687500000001 * parallel + 1.65010416666669 * pollydefaulttilesize_1024 + 0.224479166666661 * pollyoptmaxcoefficient_10000;2.41104619075417;2.41104619075417;2.41104619075417;2.41104619075417;0.049828;4;0.224479166666661 * pollyoptmaxcoefficient_10000;1;0.0791357200616658;
Elapsed=00:00:00.0499786
Learning progress:
1;28.6023529411765 * polly_vectorizer + 2.26320261437909 * parallel;1.20685177682649;1.20685177682649;1.20685177682649;1.20685177682649;0.004279;2;2.26320261437909 * parallel;1;4.73778265029807;
2;28.5679525222552 * polly_vectorizer + 2.2651137487636 * parallel + 0.194935707220563 * pollyoptmaxconstantterm_10;1.16039886173297;1.16039886173297;1.16039886173297;1.16039886173297;0.020597;3;0.194935707220563 * pollyoptmaxconstantterm_10;1;0.0464529150935211;
Elapsed=00:00:00.0207636
Learning progress:
1;28.6941025641025 * polly_vectorizer + 2.17367521367522 * parallel;0.560978826809873;0.560978826809873;0.560978826809873;0.560978826809873;0.006749;2;2.17367521367522 * parallel;1;3.50086756999831;
Elapsed=00:00:00.0068724
Learning progress:
1;28.7138095238095 * polly_vectorizer + 2.17494047619048 * parallel;0.33269827938684;0.33269827938684;0.33269827938684;0.33269827938684;0.004255;2;2.17494047619048 * parallel;1;4.00176234316237;
Elapsed=00:00:00.0043811
Learning progress:
1;28.6804444444444 * polly_vectorizer + 2.21050793650793 * parallel;0.774380300328006;0.774380300328006;0.774380300328006;0.774380300328006;0.004495;2;2.21050793650793 * parallel;1;3.51117592396683;
Elapsed=00:00:00.0046442
Learning progress:
1;28.8125641025641 * polly_vectorizer + 2.06576923076922 * parallel;2.75410294910956;2.75410294910956;2.75410294910956;2.75410294910956;0.004031;2;2.06576923076922 * parallel;1;2.66251271053492;
2;28.6913888888889 * polly_vectorizer + 2.18694444444445 * parallel + 1.57527777777779 * pollydefaulttilesize_1024;2.49018191081584;2.49018191081584;2.49018191081584;2.49018191081584;0.019624;3;1.57527777777779 * pollydefaulttilesize_1024;1;0.263921038293726;
3;28.6165625 * polly_vectorizer + 2.21687500000001 * parallel + 1.65010416666669 * pollydefaulttilesize_1024 + 0.224479166666661 * pollyoptmaxcoefficient_10000;2.41104619075417;2.41104619075417;2.41104619075417;2.41104619075417;0.049542;4;0.224479166666661 * pollyoptmaxcoefficient_10000;1;0.0791357200616658;
Elapsed=00:00:00.0496956
Learning progress:
1;28.6023529411765 * polly_vectorizer + 2.26320261437909 * parallel;1.20685177682649;1.20685177682649;1.20685177682649;1.20685177682649;0.00439;2;2.26320261437909 * parallel;1;4.73778265029807;
2;28.5679525222552 * polly_vectorizer + 2.2651137487636 * parallel + 0.194935707220563 * pollyoptmaxconstantterm_10;1.16039886173297;1.16039886173297;1.16039886173297;1.16039886173297;0.020804;3;0.194935707220563 * pollyoptmaxconstantterm_10;1;0.0464529150935211;
Elapsed=00:00:00.0209724
Learning progress:
1;28.6941025641025 * polly_vectorizer + 2.17367521367522 * parallel;0.560978826809873;0.560978826809873;0.560978826809873;0.560978826809873;0.007085;2;2.17367521367522 * parallel;1;3.50086756999831;
Elapsed=00:00:00.0072329
Learning progress:
1;28.7138095238095 * polly_vectorizer + 2.17494047619048 * parallel;0.33269827938684;0.33269827938684;0.33269827938684;0.33269827938684;0.004653;2;2.17494047619048 * parallel;1;4.00176234316237;
Elapsed=00:00:00.0048047
Learning progress:
1;28.6804444444444 * polly_vectorizer + 2.21050793650793 * parallel;0.774380300328006;0.774380300328006;0.774380300328006;0.774380300328006;0.0045;2;2.21050793650793 * parallel;1;3.51117592396683;
Elapsed=00:00:00.0046520
Learning progress:
1;28.8125641025641 * polly_vectorizer + 2.06576923076922 * parallel;2.75410294910956;2.75410294910956;2.75410294910956;2.75410294910956;0.00429;2;2.06576923076922 * parallel;1;2.66251271053492;
2;28.6913888888889 * polly_vectorizer + 2.18694444444445 * parallel + 1.57527777777779 * pollydefaulttilesize_1024;2.49018191081584;2.49018191081584;2.49018191081584;2.49018191081584;0.01931;3;1.57527777777779 * pollydefaulttilesize_1024;1;0.263921038293726;
Elapsed=00:00:00.0194340
Learning progress:
1;28.6023529411765 * polly_vectorizer + 2.26320261437909 * parallel;1.20685177682649;1.20685177682649;1.20685177682649;1.20685177682649;0.003823;2;2.26320261437909 * parallel;1;4.73778265029807;
2;28.5679525222552 * polly_vectorizer + 2.2651137487636 * parallel + 0.194935707220563 * pollyoptmaxconstantterm_10;1.16039886173297;1.16039886173297;1.16039886173297;1.16039886173297;0.019392;3;0.194935707220563 * pollyoptmaxconstantterm_10;1;0.0464529150935211;
Elapsed=00:00:00.0195428
Learning progress:
1;28.6941025641025 * polly_vectorizer + 2.17367521367522 * parallel;0.560978826809873;0.560978826809873;0.560978826809873;0.560978826809873;0.004577;2;2.17367521367522 * parallel;1;3.50086756999831;
Elapsed=00:00:00.0047188
Learning progress:
1;28.7138095238095 * polly_vectorizer + 2.17494047619048 * parallel;0.33269827938684;0.33269827938684;0.33269827938684;0.33269827938684;0.004601;2;2.17494047619048 * parallel;1;4.00176234316237;
Elapsed=00:00:00.0047494
Learning progress:
1;28.6804444444444 * polly_vectorizer + 2.21050793650793 * parallel;0.774380300328006;0.774380300328006;0.774380300328006;0.774380300328006;0.004534;2;2.21050793650793 * parallel;1;3.51117592396683;
Elapsed=00:00:00.0046695
Learning progress:
1;28.8125641025641 * polly_vectorizer + 2.06576923076922 * parallel;2.75410294910956;2.75410294910956;2.75410294910956;2.75410294910956;0.004017;2;2.06576923076922 * parallel;1;2.66251271053492;
2;28.6913888888889 * polly_vectorizer + 2.18694444444445 * parallel + 1.57527777777779 * pollydefaulttilesize_1024;2.49018191081584;2.49018191081584;2.49018191081584;2.49018191081584;0.019791;3;1.57527777777779 * pollydefaulttilesize_1024;1;0.263921038293726;
3;28.6165625 * polly_vectorizer + 2.21687500000001 * parallel + 1.65010416666669 * pollydefaulttilesize_1024 + 0.224479166666661 * pollyoptmaxcoefficient_10000;2.41104619075417;2.41104619075417;2.41104619075417;2.41104619075417;0.048154;4;0.224479166666661 * pollyoptmaxcoefficient_10000;1;0.0791357200616658;
Elapsed=00:00:00.0482988
Learning progress:
1;28.6023529411765 * polly_vectorizer + 2.26320261437909 * parallel;1.20685177682649;1.20685177682649;1.20685177682649;1.20685177682649;0.003965;2;2.26320261437909 * parallel;1;4.73778265029807;
2;28.5679525222552 * polly_vectorizer + 2.2651137487636 * parallel + 0.194935707220563 * pollyoptmaxconstantterm_10;1.16039886173297;1.16039886173297;1.16039886173297;1.16039886173297;0.019655;3;0.194935707220563 * pollyoptmaxconstantterm_10;1;0.0464529150935211;
Elapsed=00:00:00.0198211
Learning progress:
1;28.6941025641025 * polly_vectorizer + 2.17367521367522 * parallel;0.560978826809873;0.560978826809873;0.560978826809873;0.560978826809873;0.00447;2;2.17367521367522 * parallel;1;3.50086756999831;
Elapsed=00:00:00.0046144
Learning progress:
1;28.7138095238095 * polly_vectorizer + 2.17494047619048 * parallel;0.33269827938684;0.33269827938684;0.33269827938684;0.33269827938684;0.004912;2;2.17494047619048 * parallel;1;4.00176234316237;
Elapsed=00:00:00.0050470
Learning progress:
1;28.6804444444444 * polly_vectorizer + 2.21050793650793 * parallel;0.774380300328006;0.774380300328006;0.774380300328006;0.774380300328006;0.004715;2;2.21050793650793 * parallel;1;3.51117592396683;
Elapsed=00:00:00.0048660
Learning progress:
1;28.8125641025641 * polly_vectorizer + 2.06576923076922 * parallel;2.75410294910956;2.75410294910956;2.75410294910956;2.75410294910956;0.00403;2;2.06576923076922 * parallel;1;2.66251271053492;
2;28.6913888888889 * polly_vectorizer + 2.18694444444445 * parallel + 1.57527777777779 * pollydefaulttilesize_1024;2.49018191081584;2.49018191081584;2.49018191081584;2.49018191081584;0.019511;3;1.57527777777779 * pollydefaulttilesize_1024;1;0.263921038293726;
3;28.6165625 * polly_vectorizer + 2.21687500000001 * parallel + 1.65010416666669 * pollydefaulttilesize_1024 + 0.224479166666661 * pollyoptmaxcoefficient_10000;2.41104619075417;2.41104619075417;2.41104619075417;2.41104619075417;0.048324;4;0.224479166666661 * pollyoptmaxcoefficient_10000;1;0.0791357200616658;
Elapsed=00:00:00.0485049
Learning progress:
1;28.6023529411765 * polly_vectorizer + 2.26320261437909 * parallel;1.20685177682649;1.20685177682649;1.20685177682649;1.20685177682649;0.003955;2;2.26320261437909 * parallel;1;4.73778265029807;
2;28.5679525222552 * polly_vectorizer + 2.2651137487636 * parallel + 0.194935707220563 * pollyoptmaxconstantterm_10;1.16039886173297;1.16039886173297;1.16039886173297;1.16039886173297;0.019638;3;0.194935707220563 * pollyoptmaxconstantterm_10;1;0.0464529150935211;
Elapsed=00:00:00.0198054
Learning progress:
1;28.6941025641025 * polly_vectorizer + 2.17367521367522 * parallel;0.560978826809873;0.560978826809873;0.560978826809873;0.560978826809873;0.004314;2;2.17367521367522 * parallel;1;3.50086756999831;
Elapsed=00:00:00.0044568
Learning progress:
1;28.7138095238095 * polly_vectorizer + 2.17494047619048 * parallel;0.33269827938684;0.33269827938684;0.33269827938684;0.33269827938684;0.00427;2;2.17494047619048 * parallel;1;4.00176234316237;
Elapsed=00:00:00.0044167
Learning progress:
1;28.6804444444444 * polly_vectorizer + 2.21050793650793 * parallel;0.774380300328006;0.774380300328006;0.774380300328006;0.774380300328006;0.00486;2;2.21050793650793 * parallel;1;3.51117592396683;
Elapsed=00:00:00.0050083
Learning progress:
1;28.8125641025641 * polly_vectorizer + 2.06576923076922 * parallel;2.75410294910956;2.75410294910956;2.75410294910956;2.75410294910956;0.004068;2;2.06576923076922 * parallel;1;2.66251271053492;
2;28.6913888888889 * polly_vectorizer + 2.18694444444445 * parallel + 1.57527777777779 * pollydefaulttilesize_1024;2.49018191081584;2.49018191081584;2.49018191081584;2.49018191081584;0.019727;3;1.57527777777779 * pollydefaulttilesize_1024;1;0.263921038293726;
Elapsed=00:00:00.0198811
Learning progress:
1;28.6023529411765 * polly_vectorizer + 2.26320261437909 * parallel;1.20685177682649;1.20685177682649;1.20685177682649;1.20685177682649;0.004328;2;2.26320261437909 * parallel;1;4.73778265029807;
2;28.5679525222552 * polly_vectorizer + 2.2651137487636 * parallel + 0.194935707220563 * pollyoptmaxconstantterm_10;1.16039886173297;1.16039886173297;1.16039886173297;1.16039886173297;0.020663;3;0.194935707220563 * pollyoptmaxconstantterm_10;1;0.0464529150935211;
Elapsed=00:00:00.0208291
Learning progress:
1;28.6941025641025 * polly_vectorizer + 2.17367521367522 * parallel;0.560978826809873;0.560978826809873;0.560978826809873;0.560978826809873;0.006521;2;2.17367521367522 * parallel;1;3.50086756999831;
Elapsed=00:00:00.0066676
Learning progress:
1;28.7138095238095 * polly_vectorizer + 2.17494047619048 * parallel;0.33269827938684;0.33269827938684;0.33269827938684;0.33269827938684;0.004588;2;2.17494047619048 * parallel;1;4.00176234316237;
Elapsed=00:00:00.0047171
Learning progress:
1;28.6804444444444 * polly_vectorizer + 2.21050793650793 * parallel;0.774380300328006;0.774380300328006;0.774380300328006;0.774380300328006;0.004298;2;2.21050793650793 * parallel;1;3.51117592396683;
Elapsed=00:00:00.0044506
Learning progress:
1;28.8125641025641 * polly_vectorizer + 2.06576923076922 * parallel;2.75410294910956;2.75410294910956;2.75410294910956;2.75410294910956;0.005908;2;2.06576923076922 * parallel;1;2.66251271053492;
2;28.6913888888889 * polly_vectorizer + 2.18694444444445 * parallel + 1.57527777777779 * pollydefaulttilesize_1024;2.49018191081584;2.49018191081584;2.49018191081584;2.49018191081584;0.01941;3;1.57527777777779 * pollydefaulttilesize_1024;1;0.263921038293726;
3;28.6165625 * polly_vectorizer + 2.21687500000001 * parallel + 1.65010416666669 * pollydefaulttilesize_1024 + 0.224479166666661 * pollyoptmaxcoefficient_10000;2.41104619075417;2.41104619075417;2.41104619075417;2.41104619075417;0.050065;4;0.224479166666661 * pollyoptmaxcoefficient_10000;1;0.0791357200616658;
Elapsed=00:00:00.0502143
Learning progress:
1;28.6023529411765 * polly_vectorizer + 2.26320261437909 * parallel;1.20685177682649;1.20685177682649;1.20685177682649;1.20685177682649;0.004363;2;2.26320261437909 * parallel;1;4.73778265029807;
2;28.5679525222552 * polly_vectorizer + 2.2651137487636 * parallel + 0.194935707220563 * pollyoptmaxconstantterm_10;1.16039886173297;1.16039886173297;1.16039886173297;1.16039886173297;0.020446;3;0.194935707220563 * pollyoptmaxconstantterm_10;1;0.0464529150935211;
Elapsed=00:00:00.0206131
Learning progress:
1;28.6941025641025 * polly_vectorizer + 2.17367521367522 * parallel;0.560978826809873;0.560978826809873;0.560978826809873;0.560978826809873;0.006494;2;2.17367521367522 * parallel;1;3.50086756999831;
Elapsed=00:00:00.0066376
Learning progress:
1;28.7138095238095 * polly_vectorizer + 2.17494047619048 * parallel;0.33269827938684;0.33269827938684;0.33269827938684;0.33269827938684;0.004737;2;2.17494047619048 * parallel;1;4.00176234316237;
Elapsed=00:00:00.0048809
Learning progress:
1;28.6804444444444 * polly_vectorizer + 2.21050793650793 * parallel;0.774380300328006;0.774380300328006;0.774380300328006;0.774380300328006;0.004294;2;2.21050793650793 * parallel;1;3.51117592396683;
Elapsed=00:00:00.0044477
Learning progress:
1;28.8125641025641 * polly_vectorizer + 2.06576923076922 * parallel;2.75410294910956;2.75410294910956;2.75410294910956;2.75410294910956;0.006118;2;2.06576923076922 * parallel;1;2.66251271053492;
2;28.6913888888889 * polly_vectorizer + 2.18694444444445 * parallel + 1.57527777777779 * pollydefaulttilesize_1024;2.49018191081584;2.49018191081584;2.49018191081584;2.49018191081584;0.020171;3;1.57527777777779 * pollydefaulttilesize_1024;1;0.263921038293726;
3;28.6165625 * polly_vectorizer + 2.21687500000001 * parallel + 1.65010416666669 * pollydefaulttilesize_1024 + 0.224479166666661 * pollyoptmaxcoefficient_10000;2.41104619075417;2.41104619075417;2.41104619075417;2.41104619075417;0.050074;4;0.224479166666661 * pollyoptmaxcoefficient_10000;1;0.0791357200616658;
Elapsed=00:00:00.0502361
Learning progress:
1;28.6023529411765 * polly_vectorizer + 2.26320261437909 * parallel;1.20685177682649;1.20685177682649;1.20685177682649;1.20685177682649;0.003894;2;2.26320261437909 * parallel;1;4.73778265029807;
2;28.5679525222552 * polly_vectorizer + 2.2651137487636 * parallel + 0.194935707220563 * pollyoptmaxconstantterm_10;1.16039886173297;1.16039886173297;1.16039886173297;1.16039886173297;0.019886;3;0.194935707220563 * pollyoptmaxconstantterm_10;1;0.0464529150935211;
Elapsed=00:00:00.0200438
Learning progress:
1;28.6941025641025 * polly_vectorizer + 2.17367521367522 * parallel;0.560978826809873;0.560978826809873;0.560978826809873;0.560978826809873;0.006433;2;2.17367521367522 * parallel;1;3.50086756999831;
Elapsed=00:00:00.0065761
Learning progress:
1;28.7138095238095 * polly_vectorizer + 2.17494047619048 * parallel;0.33269827938684;0.33269827938684;0.33269827938684;0.33269827938684;0.004819;2;2.17494047619048 * parallel;1;4.00176234316237;
Elapsed=00:00:00.0049635
Learning progress:
1;28.6804444444444 * polly_vectorizer + 2.21050793650793 * parallel;0.774380300328006;0.774380300328006;0.774380300328006;0.774380300328006;0.004317;2;2.21050793650793 * parallel;1;3.51117592396683;
Elapsed=00:00:00.0044708
Learning progress:
1;28.8125641025641 * polly_vectorizer + 2.06576923076922 * parallel;2.75410294910956;2.75410294910956;2.75410294910956;2.75410294910956;0.006229;2;2.06576923076922 * parallel;1;2.66251271053492;
2;28.6913888888889 * polly_vectorizer + 2.18694444444445 * parallel + 1.57527777777779 * pollydefaulttilesize_1024;2.49018191081584;2.49018191081584;2.49018191081584;2.49018191081584;0.019816;3;1.57527777777779 * pollydefaulttilesize_1024;1;0.263921038293726;
Elapsed=00:00:00.0199386
Learning progress:
1;28.6023529411765 * polly_vectorizer + 2.26320261437909 * parallel;1.20685177682649;1.20685177682649;1.20685177682649;1.20685177682649;0.003994;2;2.26320261437909 * parallel;1;4.73778265029807;
2;28.5679525222552 * polly_vectorizer + 2.2651137487636 * parallel + 0.194935707220563 * pollyoptmaxconstantterm_10;1.16039886173297;1.16039886173297;1.16039886173297;1.16039886173297;0.020265;3;0.194935707220563 * pollyoptmaxconstantterm_10;1;0.0464529150935211;
Elapsed=00:00:00.0204103
Learning progress:
1;28.6941025641025 * polly_vectorizer + 2.17367521367522 * parallel;0.560978826809873;0.560978826809873;0.560978826809873;0.560978826809873;0.004503;2;2.17367521367522 * parallel;1;3.50086756999831;
Elapsed=00:00:00.0046476
Learning progress:
1;28.7138095238095 * polly_vectorizer + 2.17494047619048 * parallel;0.33269827938684;0.33269827938684;0.33269827938684;0.33269827938684;0.004304;2;2.17494047619048 * parallel;1;4.00176234316237;
Elapsed=00:00:00.0044521
Learning progress:
1;28.6804444444444 * polly_vectorizer + 2.21050793650793 * parallel;0.774380300328006;0.774380300328006;0.774380300328006;0.774380300328006;0.006344;2;2.21050793650793 * parallel;1;3.51117592396683;
Elapsed=00:00:00.0064841
Learning progress:
1;28.8125641025641 * polly_vectorizer + 2.06576923076922 * parallel;2.75410294910956;2.75410294910956;2.75410294910956;2.75410294910956;0.00404;2;2.06576923076922 * parallel;1;2.66251271053492;
2;28.6913888888889 * polly_vectorizer + 2.18694444444445 * parallel + 1.57527777777779 * pollydefaulttilesize_1024;2.49018191081584;2.49018191081584;2.49018191081584;2.49018191081584;0.019835;3;1.57527777777779 * pollydefaulttilesize_1024;1;0.263921038293726;
3;28.6165625 * polly_vectorizer + 2.21687500000001 * parallel + 1.65010416666669 * pollydefaulttilesize_1024 + 0.224479166666661 * pollyoptmaxcoefficient_10000;2.41104619075417;2.41104619075417;2.41104619075417;2.41104619075417;0.048672;4;0.224479166666661 * pollyoptmaxcoefficient_10000;1;0.0791357200616658;
Elapsed=00:00:00.0488067
Learning progress:
1;28.6023529411765 * polly_vectorizer + 2.26320261437909 * parallel;1.20685177682649;1.20685177682649;1.20685177682649;1.20685177682649;0.004626;2;2.26320261437909 * parallel;1;4.73778265029807;
2;28.5679525222552 * polly_vectorizer + 2.2651137487636 * parallel + 0.194935707220563 * pollyoptmaxconstantterm_10;1.16039886173297;1.16039886173297;1.16039886173297;1.16039886173297;0.020598;3;0.194935707220563 * pollyoptmaxconstantterm_10;1;0.0464529150935211;
Elapsed=00:00:00.0207739
Learning progress:
1;28.6941025641025 * polly_vectorizer + 2.17367521367522 * parallel;0.560978826809873;0.560978826809873;0.560978826809873;0.560978826809873;0.004582;2;2.17367521367522 * parallel;1;3.50086756999831;
Elapsed=00:00:00.0047272
Learning progress:
1;28.7138095238095 * polly_vectorizer + 2.17494047619048 * parallel;0.33269827938684;0.33269827938684;0.33269827938684;0.33269827938684;0.004321;2;2.17494047619048 * parallel;1;4.00176234316237;
Elapsed=00:00:00.0044707
Learning progress:
1;28.6804444444444 * polly_vectorizer + 2.21050793650793 * parallel;0.774380300328006;0.774380300328006;0.774380300328006;0.774380300328006;0.004309;2;2.21050793650793 * parallel;1;3.51117592396683;
Elapsed=00:00:00.0061310
Learning progress:
1;28.8125641025641 * polly_vectorizer + 2.06576923076922 * parallel;2.75410294910956;2.75410294910956;2.75410294910956;2.75410294910956;0.004268;2;2.06576923076922 * parallel;1;2.66251271053492;
2;28.6913888888889 * polly_vectorizer + 2.18694444444445 * parallel + 1.57527777777779 * pollydefaulttilesize_1024;2.49018191081584;2.49018191081584;2.49018191081584;2.49018191081584;0.020199;3;1.57527777777779 * pollydefaulttilesize_1024;1;0.263921038293726;
3;28.6165625 * polly_vectorizer + 2.21687500000001 * parallel + 1.65010416666669 * pollydefaulttilesize_1024 + 0.224479166666661 * pollyoptmaxcoefficient_10000;2.41104619075417;2.41104619075417;2.41104619075417;2.41104619075417;0.049721;4;0.224479166666661 * pollyoptmaxcoefficient_10000;1;0.0791357200616658;
Elapsed=00:00:00.0498728
Learning progress:
1;28.6023529411765 * polly_vectorizer + 2.26320261437909 * parallel;1.20685177682649;1.20685177682649;1.20685177682649;1.20685177682649;0.004025;2;2.26320261437909 * parallel;1;4.73778265029807;
2;28.5679525222552 * polly_vectorizer + 2.2651137487636 * parallel + 0.194935707220563 * pollyoptmaxconstantterm_10;1.16039886173297;1.16039886173297;1.16039886173297;1.16039886173297;0.020174;3;0.194935707220563 * pollyoptmaxconstantterm_10;1;0.0464529150935211;
Elapsed=00:00:00.0203409
Learning progress:
1;28.6941025641025 * polly_vectorizer + 2.17367521367522 * parallel;0.560978826809873;0.560978826809873;0.560978826809873;0.560978826809873;0.004567;2;2.17367521367522 * parallel;1;3.50086756999831;
Elapsed=00:00:00.0047098
Learning progress:
1;28.7138095238095 * polly_vectorizer + 2.17494047619048 * parallel;0.33269827938684;0.33269827938684;0.33269827938684;0.33269827938684;0.004287;2;2.17494047619048 * parallel;1;4.00176234316237;
Elapsed=00:00:00.0044389
Learning progress:
1;28.6804444444444 * polly_vectorizer + 2.21050793650793 * parallel;0.774380300328006;0.774380300328006;0.774380300328006;0.774380300328006;0.004609;2;2.21050793650793 * parallel;1;3.51117592396683;
Elapsed=00:00:00.0047575
Learning progress:
1;28.8125641025641 * polly_vectorizer + 2.06576923076922 * parallel;2.75410294910956;2.75410294910956;2.75410294910956;2.75410294910956;0.004252;2;2.06576923076922 * parallel;1;2.66251271053492;
2;28.6913888888889 * polly_vectorizer + 2.18694444444445 * parallel + 1.57527777777779 * pollydefaulttilesize_1024;2.49018191081584;2.49018191081584;2.49018191081584;2.49018191081584;0.019941;3;1.57527777777779 * pollydefaulttilesize_1024;1;0.263921038293726;
Elapsed=00:00:00.0200750
Learning progress:
1;28.6023529411765 * polly_vectorizer + 2.26320261437909 * parallel;1.20685177682649;1.20685177682649;1.20685177682649;1.20685177682649;0.004297;2;2.26320261437909 * parallel;1;4.73778265029807;
2;28.5679525222552 * polly_vectorizer + 2.2651137487636 * parallel + 0.194935707220563 * pollyoptmaxconstantterm_10;1.16039886173297;1.16039886173297;1.16039886173297;1.16039886173297;0.019897;3;0.194935707220563 * pollyoptmaxconstantterm_10;1;0.0464529150935211;
Elapsed=00:00:00.0200624
Learning progress:
1;28.6941025641025 * polly_vectorizer + 2.17367521367522 * parallel;0.560978826809873;0.560978826809873;0.560978826809873;0.560978826809873;0.004293;2;2.17367521367522 * parallel;1;3.50086756999831;
Elapsed=00:00:00.0044448
Learning progress:
1;28.7138095238095 * polly_vectorizer + 2.17494047619048 * parallel;0.33269827938684;0.33269827938684;0.33269827938684;0.33269827938684;0.004098;2;2.17494047619048 * parallel;1;4.00176234316237;
Elapsed=00:00:00.0042365
Learning progress:
1;28.6804444444444 * polly_vectorizer + 2.21050793650793 * parallel;0.774380300328006;0.774380300328006;0.774380300328006;0.774380300328006;0.004337;2;2.21050793650793 * parallel;1;3.51117592396683;
Elapsed=00:00:00.0044914
Learning progress:
1;28.8125641025641 * polly_vectorizer + 2.06576923076922 * parallel;2.75410294910956;2.75410294910956;2.75410294910956;2.75410294910956;0.006025;2;2.06576923076922 * parallel;1;2.66251271053492;
2;28.6913888888889 * polly_vectorizer + 2.18694444444445 * parallel + 1.57527777777779 * pollydefaulttilesize_1024;2.49018191081584;2.49018191081584;2.49018191081584;2.49018191081584;0.019488;3;1.57527777777779 * pollydefaulttilesize_1024;1;0.263921038293726;
3;28.6165625 * polly_vectorizer + 2.21687500000001 * parallel + 1.65010416666669 * pollydefaulttilesize_1024 + 0.224479166666661 * pollyoptmaxcoefficient_10000;2.41104619075417;2.41104619075417;2.41104619075417;2.41104619075417;0.049132;4;0.224479166666661 * pollyoptmaxcoefficient_10000;1;0.0791357200616658;
Elapsed=00:00:00.0492611
Learning progress:
1;28.6023529411765 * polly_vectorizer + 2.26320261437909 * parallel;1.20685177682649;1.20685177682649;1.20685177682649;1.20685177682649;0.003934;2;2.26320261437909 * parallel;1;4.73778265029807;
2;28.5679525222552 * polly_vectorizer + 2.2651137487636 * parallel + 0.194935707220563 * pollyoptmaxconstantterm_10;1.16039886173297;1.16039886173297;1.16039886173297;1.16039886173297;0.01955;3;0.194935707220563 * pollyoptmaxconstantterm_10;1;0.0464529150935211;
Elapsed=00:00:00.0197124
Learning progress:
1;28.6941025641025 * polly_vectorizer + 2.17367521367522 * parallel;0.560978826809873;0.560978826809873;0.560978826809873;0.560978826809873;0.00424;2;2.17367521367522 * parallel;1;3.50086756999831;
Elapsed=00:00:00.0043701
Learning progress:
1;28.7138095238095 * polly_vectorizer + 2.17494047619048 * parallel;0.33269827938684;0.33269827938684;0.33269827938684;0.33269827938684;0.004239;2;2.17494047619048 * parallel;1;4.00176234316237;
Elapsed=00:00:00.0043784
Learning progress:
1;28.6804444444444 * polly_vectorizer + 2.21050793650793 * parallel;0.774380300328006;0.774380300328006;0.774380300328006;0.774380300328006;0.004293;2;2.21050793650793 * parallel;1;3.51117592396683;
Elapsed=00:00:00.0044443
Learning progress:
1;28.8125641025641 * polly_vectorizer + 2.06576923076922 * parallel;2.75410294910956;2.75410294910956;2.75410294910956;2.75410294910956;0.006442;2;2.06576923076922 * parallel;1;2.66251271053492;
2;28.6913888888889 * polly_vectorizer + 2.18694444444445 * parallel + 1.57527777777779 * pollydefaulttilesize_1024;2.49018191081584;2.49018191081584;2.49018191081584;2.49018191081584;0.020371;3;1.57527777777779 * pollydefaulttilesize_1024;1;0.263921038293726;
3;28.6165625 * polly_vectorizer + 2.21687500000001 * parallel + 1.65010416666669 * pollydefaulttilesize_1024 + 0.224479166666661 * pollyoptmaxcoefficient_10000;2.41104619075417;2.41104619075417;2.41104619075417;2.41104619075417;0.050222;4;0.224479166666661 * pollyoptmaxcoefficient_10000;1;0.0791357200616658;
Elapsed=00:00:00.0503516
Learning progress:
1;28.6023529411765 * polly_vectorizer + 2.26320261437909 * parallel;1.20685177682649;1.20685177682649;1.20685177682649;1.20685177682649;0.004179;2;2.26320261437909 * parallel;1;4.73778265029807;
2;28.5679525222552 * polly_vectorizer + 2.2651137487636 * parallel + 0.194935707220563 * pollyoptmaxconstantterm_10;1.16039886173297;1.16039886173297;1.16039886173297;1.16039886173297;0.020052;3;0.194935707220563 * pollyoptmaxconstantterm_10;1;0.0464529150935211;
Elapsed=00:00:00.0202163
Learning progress:
1;28.6941025641025 * polly_vectorizer + 2.17367521367522 * parallel;0.560978826809873;0.560978826809873;0.560978826809873;0.560978826809873;0.004447;2;2.17367521367522 * parallel;1;3.50086756999831;
Elapsed=00:00:00.0046008
Learning progress:
1;28.7138095238095 * polly_vectorizer + 2.17494047619048 * parallel;0.33269827938684;0.33269827938684;0.33269827938684;0.33269827938684;0.004297;2;2.17494047619048 * parallel;1;4.00176234316237;
Elapsed=00:00:00.0044470
Learning progress:
1;28.6804444444444 * polly_vectorizer + 2.21050793650793 * parallel;0.774380300328006;0.774380300328006;0.774380300328006;0.774380300328006;0.004285;2;2.21050793650793 * parallel;1;3.51117592396683;
Elapsed=00:00:00.0044396
Learning progress:
1;28.8125641025641 * polly_vectorizer + 2.06576923076922 * parallel;2.75410294910956;2.75410294910956;2.75410294910956;2.75410294910956;0.006815;2;2.06576923076922 * parallel;1;2.66251271053492;
2;28.6913888888889 * polly_vectorizer + 2.18694444444445 * parallel + 1.57527777777779 * pollydefaulttilesize_1024;2.49018191081584;2.49018191081584;2.49018191081584;2.49018191081584;0.02026;3;1.57527777777779 * pollydefaulttilesize_1024;1;0.263921038293726;
Elapsed=00:00:00.0204019
Learning progress:
1;28.6023529411765 * polly_vectorizer + 2.26320261437909 * parallel;1.20685177682649;1.20685177682649;1.20685177682649;1.20685177682649;0.004002;2;2.26320261437909 * parallel;1;4.73778265029807;
2;28.5679525222552 * polly_vectorizer + 2.2651137487636 * parallel + 0.194935707220563 * pollyoptmaxconstantterm_10;1.16039886173297;1.16039886173297;1.16039886173297;1.16039886173297;0.020288;3;0.194935707220563 * pollyoptmaxconstantterm_10;1;0.0464529150935211;
Elapsed=00:00:00.0204547
Learning progress:
1;28.6941025641025 * polly_vectorizer + 2.17367521367522 * parallel;0.560978826809873;0.560978826809873;0.560978826809873;0.560978826809873;0.004712;2;2.17367521367522 * parallel;1;3.50086756999831;
Elapsed=00:00:00.0048559
Learning progress:
1;28.7138095238095 * polly_vectorizer + 2.17494047619048 * parallel;0.33269827938684;0.33269827938684;0.33269827938684;0.33269827938684;0.004277;2;2.17494047619048 * parallel;1;4.00176234316237;
Elapsed=00:00:00.0044271
Learning progress:
1;28.6804444444444 * polly_vectorizer + 2.21050793650793 * parallel;0.774380300328006;0.774380300328006;0.774380300328006;0.774380300328006;0.00662;2;2.21050793650793 * parallel;1;3.51117592396683;
Elapsed=00:00:00.0067752
Learning progress:
1;28.8125641025641 * polly_vectorizer + 2.06576923076922 * parallel;2.75410294910956;2.75410294910956;2.75410294910956;2.75410294910956;0.004043;2;2.06576923076922 * parallel;1;2.66251271053492;
2;28.6913888888889 * polly_vectorizer + 2.18694444444445 * parallel + 1.57527777777779 * pollydefaulttilesize_1024;2.49018191081584;2.49018191081584;2.49018191081584;2.49018191081584;0.019915;3;1.57527777777779 * pollydefaulttilesize_1024;1;0.263921038293726;
3;28.6165625 * polly_vectorizer + 2.21687500000001 * parallel + 1.65010416666669 * pollydefaulttilesize_1024 + 0.224479166666661 * pollyoptmaxcoefficient_10000;2.41104619075417;2.41104619075417;2.41104619075417;2.41104619075417;0.048453;4;0.224479166666661 * pollyoptmaxcoefficient_10000;1;0.0791357200616658;
Elapsed=00:00:00.0486061
Learning progress:
1;28.6023529411765 * polly_vectorizer + 2.26320261437909 * parallel;1.20685177682649;1.20685177682649;1.20685177682649;1.20685177682649;0.00418;2;2.26320261437909 * parallel;1;4.73778265029807;
2;28.5679525222552 * polly_vectorizer + 2.2651137487636 * parallel + 0.194935707220563 * pollyoptmaxconstantterm_10;1.16039886173297;1.16039886173297;1.16039886173297;1.16039886173297;0.020757;3;0.194935707220563 * pollyoptmaxconstantterm_10;1;0.0464529150935211;
Elapsed=00:00:00.0209229
Learning progress:
1;28.6941025641025 * polly_vectorizer + 2.17367521367522 * parallel;0.560978826809873;0.560978826809873;0.560978826809873;0.560978826809873;0.004462;2;2.17367521367522 * parallel;1;3.50086756999831;
Elapsed=00:00:00.0046023
Learning progress:
1;28.7138095238095 * polly_vectorizer + 2.17494047619048 * parallel;0.33269827938684;0.33269827938684;0.33269827938684;0.33269827938684;0.004668;2;2.17494047619048 * parallel;1;4.00176234316237;
Elapsed=00:00:00.0048172
Learning progress:
1;28.6804444444444 * polly_vectorizer + 2.21050793650793 * parallel;0.774380300328006;0.774380300328006;0.774380300328006;0.774380300328006;0.00646;2;2.21050793650793 * parallel;1;3.51117592396683;
Elapsed=00:00:00.0066129
Learning progress:
1;28.8125641025641 * polly_vectorizer + 2.06576923076922 * parallel;2.75410294910956;2.75410294910956;2.75410294910956;2.75410294910956;0.004022;2;2.06576923076922 * parallel;1;2.66251271053492;
2;28.6913888888889 * polly_vectorizer + 2.18694444444445 * parallel + 1.57527777777779 * pollydefaulttilesize_1024;2.49018191081584;2.49018191081584;2.49018191081584;2.49018191081584;0.019738;3;1.57527777777779 * pollydefaulttilesize_1024;1;0.263921038293726;
3;28.6165625 * polly_vectorizer + 2.21687500000001 * parallel + 1.65010416666669 * pollydefaulttilesize_1024 + 0.224479166666661 * pollyoptmaxcoefficient_10000;2.41104619075417;2.41104619075417;2.41104619075417;2.41104619075417;0.048611;4;0.224479166666661 * pollyoptmaxcoefficient_10000;1;0.0791357200616658;
Elapsed=00:00:00.0487629
Learning progress:
1;28.6023529411765 * polly_vectorizer + 2.26320261437909 * parallel;1.20685177682649;1.20685177682649;1.20685177682649;1.20685177682649;0.004283;2;2.26320261437909 * parallel;1;4.73778265029807;
2;28.5679525222552 * polly_vectorizer + 2.2651137487636 * parallel + 0.194935707220563 * pollyoptmaxconstantterm_10;1.16039886173297;1.16039886173297;1.16039886173297;1.16039886173297;0.020678;3;0.194935707220563 * pollyoptmaxconstantterm_10;1;0.0464529150935211;
Elapsed=00:00:00.0208455
Learning progress:
1;28.6941025641025 * polly_vectorizer + 2.17367521367522 * parallel;0.560978826809873;0.560978826809873;0.560978826809873;0.560978826809873;0.004231;2;2.17367521367522 * parallel;1;3.50086756999831;
Elapsed=00:00:00.0043744
Learning progress:
1;28.7138095238095 * polly_vectorizer + 2.17494047619048 * parallel;0.33269827938684;0.33269827938684;0.33269827938684;0.33269827938684;0.004219;2;2.17494047619048 * parallel;1;4.00176234316237;
Elapsed=00:00:00.0043624
Learning progress:
1;28.6804444444444 * polly_vectorizer + 2.21050793650793 * parallel;0.774380300328006;0.774380300328006;0.774380300328006;0.774380300328006;0.006106;2;2.21050793650793 * parallel;1;3.51117592396683;
Elapsed=00:00:00.0062567
Learning progress:
1;28.8125641025641 * polly_vectorizer + 2.06576923076922 * parallel;2.75410294910956;2.75410294910956;2.75410294910956;2.75410294910956;0.003978;2;2.06576923076922 * parallel;1;2.66251271053492;
2;28.6913888888889 * polly_vectorizer + 2.18694444444445 * parallel + 1.57527777777779 * pollydefaulttilesize_1024;2.49018191081584;2.49018191081584;2.49018191081584;2.49018191081584;0.020116;3;1.57527777777779 * pollydefaulttilesize_1024;1;0.263921038293726;
Elapsed=00:00:00.0202449
Learning progress:
1;28.6023529411765 * polly_vectorizer + 2.26320261437909 * parallel;1.20685177682649;1.20685177682649;1.20685177682649;1.20685177682649;0.006475;2;2.26320261437909 * parallel;1;4.73778265029807;
2;28.5679525222552 * polly_vectorizer + 2.2651137487636 * parallel + 0.194935707220563 * pollyoptmaxconstantterm_10;1.16039886173297;1.16039886173297;1.16039886173297;1.16039886173297;0.020831;3;0.194935707220563 * pollyoptmaxconstantterm_10;1;0.0464529150935211;
Elapsed=00:00:00.0209800
Learning progress:
1;28.6941025641025 * polly_vectorizer + 2.17367521367522 * parallel;0.560978826809873;0.560978826809873;0.560978826809873;0.560978826809873;0.004086;2;2.17367521367522 * parallel;1;3.50086756999831;
Elapsed=00:00:00.0042311
Learning progress:
1;28.7138095238095 * polly_vectorizer + 2.17494047619048 * parallel;0.33269827938684;0.33269827938684;0.33269827938684;0.33269827938684;0.005987;2;2.17494047619048 * parallel;1;4.00176234316237;
Elapsed=00:00:00.0061368
Learning progress:
1;28.6804444444444 * polly_vectorizer + 2.21050793650793 * parallel;0.774380300328006;0.774380300328006;0.774380300328006;0.774380300328006;0.004285;2;2.21050793650793 * parallel;1;3.51117592396683;
Elapsed=00:00:00.0044365
Learning progress:
1;28.8125641025641 * polly_vectorizer + 2.06576923076922 * parallel;2.75410294910956;2.75410294910956;2.75410294910956;2.75410294910956;0.006253;2;2.06576923076922 * parallel;1;2.66251271053492;
2;28.6913888888889 * polly_vectorizer + 2.18694444444445 * parallel + 1.57527777777779 * pollydefaulttilesize_1024;2.49018191081584;2.49018191081584;2.49018191081584;2.49018191081584;0.019404;3;1.57527777777779 * pollydefaulttilesize_1024;1;0.263921038293726;
3;28.6165625 * polly_vectorizer + 2.21687500000001 * parallel + 1.65010416666669 * pollydefaulttilesize_1024 + 0.224479166666661 * pollyoptmaxcoefficient_10000;2.41104619075417;2.41104619075417;2.41104619075417;2.41104619075417;0.049779;4;0.224479166666661 * pollyoptmaxcoefficient_10000;1;0.0791357200616658;
Elapsed=00:00:00.0499303
Learning progress:
1;28.6023529411765 * polly_vectorizer + 2.26320261437909 * parallel;1.20685177682649;1.20685177682649;1.20685177682649;1.20685177682649;0.006117;2;2.26320261437909 * parallel;1;4.73778265029807;
2;28.5679525222552 * polly_vectorizer + 2.2651137487636 * parallel + 0.194935707220563 * pollyoptmaxconstantterm_10;1.16039886173297;1.16039886173297;1.16039886173297;1.16039886173297;0.020151;3;0.194935707220563 * pollyoptmaxconstantterm_10;1;0.0464529150935211;
Elapsed=00:00:00.0203032
Learning progress:
1;28.6941025641025 * polly_vectorizer + 2.17367521367522 * parallel;0.560978826809873;0.560978826809873;0.560978826809873;0.560978826809873;0.004603;2;2.17367521367522 * parallel;1;3.50086756999831;
Elapsed=00:00:00.0047476
Learning progress:
1;28.7138095238095 * polly_vectorizer + 2.17494047619048 * parallel;0.33269827938684;0.33269827938684;0.33269827938684;0.33269827938684;0.006802;2;2.17494047619048 * parallel;1;4.00176234316237;
Elapsed=00:00:00.0069505
Learning progress:
1;28.6804444444444 * polly_vectorizer + 2.21050793650793 * parallel;0.774380300328006;0.774380300328006;0.774380300328006;0.774380300328006;0.004283;2;2.21050793650793 * parallel;1;3.51117592396683;
Elapsed=00:00:00.0044286
Learning progress:
1;28.8125641025641 * polly_vectorizer + 2.06576923076922 * parallel;2.75410294910956;2.75410294910956;2.75410294910956;2.75410294910956;0.005946;2;2.06576923076922 * parallel;1;2.66251271053492;
2;28.6913888888889 * polly_vectorizer + 2.18694444444445 * parallel + 1.57527777777779 * pollydefaulttilesize_1024;2.49018191081584;2.49018191081584;2.49018191081584;2.49018191081584;0.01938;3;1.57527777777779 * pollydefaulttilesize_1024;1;0.263921038293726;
3;28.6165625 * polly_vectorizer + 2.21687500000001 * parallel + 1.65010416666669 * pollydefaulttilesize_1024 + 0.224479166666661 * pollyoptmaxcoefficient_10000;2.41104619075417;2.41104619075417;2.41104619075417;2.41104619075417;0.049841;4;0.224479166666661 * pollyoptmaxcoefficient_10000;1;0.0791357200616658;
Elapsed=00:00:00.0499754
Learning progress:
1;28.6023529411765 * polly_vectorizer + 2.26320261437909 * parallel;1.20685177682649;1.20685177682649;1.20685177682649;1.20685177682649;0.006148;2;2.26320261437909 * parallel;1;4.73778265029807;
2;28.5679525222552 * polly_vectorizer + 2.2651137487636 * parallel + 0.194935707220563 * pollyoptmaxconstantterm_10;1.16039886173297;1.16039886173297;1.16039886173297;1.16039886173297;0.020121;3;0.194935707220563 * pollyoptmaxconstantterm_10;1;0.0464529150935211;
Elapsed=00:00:00.0202866
Learning progress:
1;28.6941025641025 * polly_vectorizer + 2.17367521367522 * parallel;0.560978826809873;0.560978826809873;0.560978826809873;0.560978826809873;0.0046;2;2.17367521367522 * parallel;1;3.50086756999831;
Elapsed=00:00:00.0047458
Learning progress:
1;28.7138095238095 * polly_vectorizer + 2.17494047619048 * parallel;0.33269827938684;0.33269827938684;0.33269827938684;0.33269827938684;0.006526;2;2.17494047619048 * parallel;1;4.00176234316237;
Elapsed=00:00:00.0066734
Learning progress:
1;28.6804444444444 * polly_vectorizer + 2.21050793650793 * parallel;0.774380300328006;0.774380300328006;0.774380300328006;0.774380300328006;0.004598;2;2.21050793650793 * parallel;1;3.51117592396683;
Elapsed=00:00:00.0047510
Learning progress:
1;28.8125641025641 * polly_vectorizer + 2.06576923076922 * parallel;2.75410294910956;2.75410294910956;2.75410294910956;2.75410294910956;0.006366;2;2.06576923076922 * parallel;1;2.66251271053492;
2;28.6913888888889 * polly_vectorizer + 2.18694444444445 * parallel + 1.57527777777779 * pollydefaulttilesize_1024;2.49018191081584;2.49018191081584;2.49018191081584;2.49018191081584;0.022043;3;1.57527777777779 * pollydefaulttilesize_1024;1;0.263921038293726;
Elapsed=00:00:00.0221687
Learning progress:
1;28.6023529411765 * polly_vectorizer + 2.26320261437909 * parallel;1.20685177682649;1.20685177682649;1.20685177682649;1.20685177682649;0.004213;2;2.26320261437909 * parallel;1;4.73778265029807;
2;28.5679525222552 * polly_vectorizer + 2.2651137487636 * parallel + 0.194935707220563 * pollyoptmaxconstantterm_10;1.16039886173297;1.16039886173297;1.16039886173297;1.16039886173297;0.020279;3;0.194935707220563 * pollyoptmaxconstantterm_10;1;0.0464529150935211;
Elapsed=00:00:00.0204261
Learning progress:
1;28.6941025641025 * polly_vectorizer + 2.17367521367522 * parallel;0.560978826809873;0.560978826809873;0.560978826809873;0.560978826809873;0.004335;2;2.17367521367522 * parallel;1;3.50086756999831;
Elapsed=00:00:00.0044697
Learning progress:
1;28.7138095238095 * polly_vectorizer + 2.17494047619048 * parallel;0.33269827938684;0.33269827938684;0.33269827938684;0.33269827938684;0.004359;2;2.17494047619048 * parallel;1;4.00176234316237;
Elapsed=00:00:00.0044853
Learning progress:
1;28.6804444444444 * polly_vectorizer + 2.21050793650793 * parallel;0.774380300328006;0.774380300328006;0.774380300328006;0.774380300328006;0.006298;2;2.21050793650793 * parallel;1;3.51117592396683;
Elapsed=00:00:00.0064491
Learning progress:
1;28.8125641025641 * polly_vectorizer + 2.06576923076922 * parallel;2.75410294910956;2.75410294910956;2.75410294910956;2.75410294910956;0.003993;2;2.06576923076922 * parallel;1;2.66251271053492;
2;28.6913888888889 * polly_vectorizer + 2.18694444444445 * parallel + 1.57527777777779 * pollydefaulttilesize_1024;2.49018191081584;2.49018191081584;2.49018191081584;2.49018191081584;0.019612;3;1.57527777777779 * pollydefaulttilesize_1024;1;0.263921038293726;
3;28.6165625 * polly_vectorizer + 2.21687500000001 * parallel + 1.65010416666669 * pollydefaulttilesize_1024 + 0.224479166666661 * pollyoptmaxcoefficient_10000;2.41104619075417;2.41104619075417;2.41104619075417;2.41104619075417;0.050033;4;0.224479166666661 * pollyoptmaxcoefficient_10000;1;0.0791357200616658;
Elapsed=00:00:00.0501843
Learning progress:
1;28.6023529411765 * polly_vectorizer + 2.26320261437909 * parallel;1.20685177682649;1.20685177682649;1.20685177682649;1.20685177682649;0.003969;2;2.26320261437909 * parallel;1;4.73778265029807;
2;28.5679525222552 * polly_vectorizer + 2.2651137487636 * parallel + 0.194935707220563 * pollyoptmaxconstantterm_10;1.16039886173297;1.16039886173297;1.16039886173297;1.16039886173297;0.020313;3;0.194935707220563 * pollyoptmaxconstantterm_10;1;0.0464529150935211;
Elapsed=00:00:00.0204819
Learning progress:
1;28.6941025641025 * polly_vectorizer + 2.17367521367522 * parallel;0.560978826809873;0.560978826809873;0.560978826809873;0.560978826809873;0.004457;2;2.17367521367522 * parallel;1;3.50086756999831;
Elapsed=00:00:00.0045848
Learning progress:
1;28.7138095238095 * polly_vectorizer + 2.17494047619048 * parallel;0.33269827938684;0.33269827938684;0.33269827938684;0.33269827938684;0.004321;2;2.17494047619048 * parallel;1;4.00176234316237;
Elapsed=00:00:00.0044669
Learning progress:
1;28.6804444444444 * polly_vectorizer + 2.21050793650793 * parallel;0.774380300328006;0.774380300328006;0.774380300328006;0.774380300328006;0.006388;2;2.21050793650793 * parallel;1;3.51117592396683;
Elapsed=00:00:00.0065405
Learning progress:
1;28.8125641025641 * polly_vectorizer + 2.06576923076922 * parallel;2.75410294910956;2.75410294910956;2.75410294910956;2.75410294910956;0.004278;2;2.06576923076922 * parallel;1;2.66251271053492;
2;28.6913888888889 * polly_vectorizer + 2.18694444444445 * parallel + 1.57527777777779 * pollydefaulttilesize_1024;2.49018191081584;2.49018191081584;2.49018191081584;2.49018191081584;0.020196;3;1.57527777777779 * pollydefaulttilesize_1024;1;0.263921038293726;
3;28.6165625 * polly_vectorizer + 2.21687500000001 * parallel + 1.65010416666669 * pollydefaulttilesize_1024 + 0.224479166666661 * pollyoptmaxcoefficient_10000;2.41104619075417;2.41104619075417;2.41104619075417;2.41104619075417;0.050843;4;0.224479166666661 * pollyoptmaxcoefficient_10000;1;0.0791357200616658;
Elapsed=00:00:00.0509949
Learning progress:
1;28.6023529411765 * polly_vectorizer + 2.26320261437909 * parallel;1.20685177682649;1.20685177682649;1.20685177682649;1.20685177682649;0.003974;2;2.26320261437909 * parallel;1;4.73778265029807;
2;28.5679525222552 * polly_vectorizer + 2.2651137487636 * parallel + 0.194935707220563 * pollyoptmaxconstantterm_10;1.16039886173297;1.16039886173297;1.16039886173297;1.16039886173297;0.020357;3;0.194935707220563 * pollyoptmaxconstantterm_10;1;0.0464529150935211;
Elapsed=00:00:00.0205134
Learning progress:
1;28.6941025641025 * polly_vectorizer + 2.17367521367522 * parallel;0.560978826809873;0.560978826809873;0.560978826809873;0.560978826809873;0.004682;2;2.17367521367522 * parallel;1;3.50086756999831;
Elapsed=00:00:00.0048177
Learning progress:
1;28.7138095238095 * polly_vectorizer + 2.17494047619048 * parallel;0.33269827938684;0.33269827938684;0.33269827938684;0.33269827938684;0.004245;2;2.17494047619048 * parallel;1;4.00176234316237;
Elapsed=00:00:00.0043907
Learning progress:
1;28.6804444444444 * polly_vectorizer + 2.21050793650793 * parallel;0.774380300328006;0.774380300328006;0.774380300328006;0.774380300328006;0.006514;2;2.21050793650793 * parallel;1;3.51117592396683;
Elapsed=00:00:00.0066691
Learning progress:
1;28.8125641025641 * polly_vectorizer + 2.06576923076922 * parallel;2.75410294910956;2.75410294910956;2.75410294910956;2.75410294910956;0.004033;2;2.06576923076922 * parallel;1;2.66251271053492;
2;28.6913888888889 * polly_vectorizer + 2.18694444444445 * parallel + 1.57527777777779 * pollydefaulttilesize_1024;2.49018191081584;2.49018191081584;2.49018191081584;2.49018191081584;0.020264;3;1.57527777777779 * pollydefaulttilesize_1024;1;0.263921038293726;
Elapsed=00:00:00.0203916
Learning progress:
1;28.6023529411765 * polly_vectorizer + 2.26320261437909 * parallel;1.20685177682649;1.20685177682649;1.20685177682649;1.20685177682649;0.006821;2;2.26320261437909 * parallel;1;4.73778265029807;
2;28.5679525222552 * polly_vectorizer + 2.2651137487636 * parallel + 0.194935707220563 * pollyoptmaxconstantterm_10;1.16039886173297;1.16039886173297;1.16039886173297;1.16039886173297;0.020806;3;0.194935707220563 * pollyoptmaxconstantterm_10;1;0.0464529150935211;
Elapsed=00:00:00.0209756
Learning progress:
1;28.6941025641025 * polly_vectorizer + 2.17367521367522 * parallel;0.560978826809873;0.560978826809873;0.560978826809873;0.560978826809873;0.004227;2;2.17367521367522 * parallel;1;3.50086756999831;
Elapsed=00:00:00.0043540
Learning progress:
1;28.7138095238095 * polly_vectorizer + 2.17494047619048 * parallel;0.33269827938684;0.33269827938684;0.33269827938684;0.33269827938684;0.006962;2;2.17494047619048 * parallel;1;4.00176234316237;
Elapsed=00:00:00.0071114
Learning progress:
1;28.6804444444444 * polly_vectorizer + 2.21050793650793 * parallel;0.774380300328006;0.774380300328006;0.774380300328006;0.774380300328006;0.004501;2;2.21050793650793 * parallel;1;3.51117592396683;
Elapsed=00:00:00.0046513
Learning progress:
1;28.8125641025641 * polly_vectorizer + 2.06576923076922 * parallel;2.75410294910956;2.75410294910956;2.75410294910956;2.75410294910956;0.004018;2;2.06576923076922 * parallel;1;2.66251271053492;
2;28.6913888888889 * polly_vectorizer + 2.18694444444445 * parallel + 1.57527777777779 * pollydefaulttilesize_1024;2.49018191081584;2.49018191081584;2.49018191081584;2.49018191081584;0.019904;3;1.57527777777779 * pollydefaulttilesize_1024;1;0.263921038293726;
3;28.6165625 * polly_vectorizer + 2.21687500000001 * parallel + 1.65010416666669 * pollydefaulttilesize_1024 + 0.224479166666661 * pollyoptmaxcoefficient_10000;2.41104619075417;2.41104619075417;2.41104619075417;2.41104619075417;0.049449;4;0.224479166666661 * pollyoptmaxcoefficient_10000;1;0.0791357200616658;
Elapsed=00:00:00.0495890
Learning progress:
1;28.6023529411765 * polly_vectorizer + 2.26320261437909 * parallel;1.20685177682649;1.20685177682649;1.20685177682649;1.20685177682649;0.006421;2;2.26320261437909 * parallel;1;4.73778265029807;
2;28.5679525222552 * polly_vectorizer + 2.2651137487636 * parallel + 0.194935707220563 * pollyoptmaxconstantterm_10;1.16039886173297;1.16039886173297;1.16039886173297;1.16039886173297;0.020302;3;0.194935707220563 * pollyoptmaxconstantterm_10;1;0.0464529150935211;
Elapsed=00:00:00.0204689
Learning progress:
1;28.6941025641025 * polly_vectorizer + 2.17367521367522 * parallel;0.560978826809873;0.560978826809873;0.560978826809873;0.560978826809873;0.004816;2;2.17367521367522 * parallel;1;3.50086756999831;
Elapsed=00:00:00.0049512
Learning progress:
1;28.7138095238095 * polly_vectorizer + 2.17494047619048 * parallel;0.33269827938684;0.33269827938684;0.33269827938684;0.33269827938684;0.006529;2;2.17494047619048 * parallel;1;4.00176234316237;
Elapsed=00:00:00.0066766
Learning progress:
1;28.6804444444444 * polly_vectorizer + 2.21050793650793 * parallel;0.774380300328006;0.774380300328006;0.774380300328006;0.774380300328006;0.00426;2;2.21050793650793 * parallel;1;3.51117592396683;
Elapsed=00:00:00.0044099
Learning progress:
1;28.8125641025641 * polly_vectorizer + 2.06576923076922 * parallel;2.75410294910956;2.75410294910956;2.75410294910956;2.75410294910956;0.00399;2;2.06576923076922 * parallel;1;2.66251271053492;
2;28.6913888888889 * polly_vectorizer + 2.18694444444445 * parallel + 1.57527777777779 * pollydefaulttilesize_1024;2.49018191081584;2.49018191081584;2.49018191081584;2.49018191081584;0.019525;3;1.57527777777779 * pollydefaulttilesize_1024;1;0.263921038293726;
3;28.6165625 * polly_vectorizer + 2.21687500000001 * parallel + 1.65010416666669 * pollydefaulttilesize_1024 + 0.224479166666661 * pollyoptmaxcoefficient_10000;2.41104619075417;2.41104619075417;2.41104619075417;2.41104619075417;0.047807;4;0.224479166666661 * pollyoptmaxcoefficient_10000;1;0.0791357200616658;
Elapsed=00:00:00.0479386
Learning progress:
1;28.6023529411765 * polly_vectorizer + 2.26320261437909 * parallel;1.20685177682649;1.20685177682649;1.20685177682649;1.20685177682649;0.006474;2;2.26320261437909 * parallel;1;4.73778265029807;
2;28.5679525222552 * polly_vectorizer + 2.2651137487636 * parallel + 0.194935707220563 * pollyoptmaxconstantterm_10;1.16039886173297;1.16039886173297;1.16039886173297;1.16039886173297;0.02008;3;0.194935707220563 * pollyoptmaxconstantterm_10;1;0.0464529150935211;
Elapsed=00:00:00.0202472
Learning progress:
1;28.6941025641025 * polly_vectorizer + 2.17367521367522 * parallel;0.560978826809873;0.560978826809873;0.560978826809873;0.560978826809873;0.004074;2;2.17367521367522 * parallel;1;3.50086756999831;
Elapsed=00:00:00.0042050
Learning progress:
1;28.7138095238095 * polly_vectorizer + 2.17494047619048 * parallel;0.33269827938684;0.33269827938684;0.33269827938684;0.33269827938684;0.006373;2;2.17494047619048 * parallel;1;4.00176234316237;
Elapsed=00:00:00.0065211
Learning progress:
1;28.6804444444444 * polly_vectorizer + 2.21050793650793 * parallel;0.774380300328006;0.774380300328006;0.774380300328006;0.774380300328006;0.004577;2;2.21050793650793 * parallel;1;3.51117592396683;
Elapsed=00:00:00.0047228
Learning progress:
1;28.8125641025641 * polly_vectorizer + 2.06576923076922 * parallel;2.75410294910956;2.75410294910956;2.75410294910956;2.75410294910956;0.004018;2;2.06576923076922 * parallel;1;2.66251271053492;
2;28.6913888888889 * polly_vectorizer + 2.18694444444445 * parallel + 1.57527777777779 * pollydefaulttilesize_1024;2.49018191081584;2.49018191081584;2.49018191081584;2.49018191081584;0.019949;3;1.57527777777779 * pollydefaulttilesize_1024;1;0.263921038293726;
Elapsed=00:00:00.0200680
Learning progress:
1;28.6023529411765 * polly_vectorizer + 2.26320261437909 * parallel;1.20685177682649;1.20685177682649;1.20685177682649;1.20685177682649;0.003944;2;2.26320261437909 * parallel;1;4.73778265029807;
2;28.5679525222552 * polly_vectorizer + 2.2651137487636 * parallel + 0.194935707220563 * pollyoptmaxconstantterm_10;1.16039886173297;1.16039886173297;1.16039886173297;1.16039886173297;0.019935;3;0.194935707220563 * pollyoptmaxconstantterm_10;1;0.0464529150935211;
Elapsed=00:00:00.0201048
Error of optimal parameters: 1.04790049180237
Optimal parameters abortError:1;minImprovementPerRound:0.1;lossFunction:RELATIVE;quadraticFunctionSupport:True;learn-logFunction:True;learn-asymFunction:True;learn-ratioFunction:True;withHierarchy:False;useBackward:False;
Learning progress:
1;28.6948148148148 * polly_vectorizer + 2.18351851851852 * parallel;0.994986663171532;0.994986663171532;0.994986663171532;0.994986663171532;0.012282;2;2.18351851851852 * parallel;1;2.66016067329478;
Elapsed=00:00:00.0125956
command: clean-global
command: script ./learn_grammarBased_t2MLR.a
command: log ./out_grammarBased_t2PredictionsMLR.log
