Current machine learning settings: epsilon:0 lossFunction:RELATIVE parallelization:True bagging:False baggingNumbers:3 considerEpsilonTube:False baggingTestDataFraction:50 useBackward:False abortError:1 limitFeatureSize:False featureSizeTreshold:4 quadraticFunctionSupport:True crossValidation:False crossValidation-k:5 learn-logFunction:False learn-accumulatedLogFunction:False learn-asymFunction:False learn-ratioFunction:False learn-mirrowedFunction:False learn-numeric-disabled:True numberOfRounds:70 backwardErrorDelta:1 minImprovementPerRound:0.1 withHierarchy:False bruteForceCandidates:False ignoreBadFeatures:False stopOnLongRound:True candidateSizePenalty:True learnTimeLimit:00:00:00 scoreMeasure:RELERROR outputRoundsToStdout:False debug:False pythonInfluenceAnalysis:False blacklisted: 
command: solver z3
command: vm /scratch/kallistos/Distance-Based_Data/SupplementaryWebsite/MeasuredPerformanceValues/Hipacc/FeatureModel.xml
Warning: Variability model contains outdated notation. Children nodes will no longer have effect on the model. Instead use the parent node to describe the parent of an configuration option. You can also use the converter providedby the Variability Model GUI in export>convert legacy model.
Warning: Default value nodes in models are no longer used and should be removed. You can also use the converter provided by the Variability Model GUI in export>convert legacy model to update your model.
command: all /scratch/kallistos/Distance-Based_Data/SupplementaryWebsite/MeasuredPerformanceValues/Hipacc/measurements.xml
Configs with too large deviation: 0
13485 configurations loaded.
command: binary grammar-based numConfigs:50 seed:23
command: printconfigs ./sampledConfigurations_grammarBased_t1.csv
invalid number: 22451 respective config: API, CUDA, TextureMemory, Array2D, LocalMemory, Blocksize, bs_32x2, padding, padding_64, pixelPerThread, pixelPerThread_4, root
invalid number: 673 respective config: API, OpenCL, TextureMemory, Linear1D, Blocksize, bs_128x4, padding, padding_480, pixelPerThread, pixelPerThread_2, root
invalid number: 21688 respective config: API, CUDA, TextureMemory, Array2D, LocalMemory, Blocksize, bs_32x32, padding, padding_512, pixelPerThread, pixelPerThread_1, root
invalid number: 7347 respective config: API, OpenCL, TextureMemory, Array2D, LocalMemory, Blocksize, bs_32x32, padding, padding_0, pixelPerThread, pixelPerThread_4, root
invalid number: 20949 respective config: API, CUDA, TextureMemory, Array2D, Blocksize, bs_1024x1, padding, padding_32, pixelPerThread, pixelPerThread_2, root
invalid number: 28132 respective config: API, CUDA, TextureMemory, LocalMemory, Blocksize, bs_1024x1, padding, padding_384, pixelPerThread, pixelPerThread_1, root
invalid number: 28021 respective config: API, CUDA, TextureMemory, LocalMemory, Blocksize, bs_512x2, padding, padding_32, pixelPerThread, pixelPerThread_2, root
invalid number: 21535 respective config: API, CUDA, TextureMemory, Array2D, LocalMemory, Blocksize, bs_32x8, padding, padding_352, pixelPerThread, pixelPerThread_4, root
invalid number: 9630 respective config: API, OpenCL, TextureMemory, Ldg, Blocksize, bs_32x2, padding, padding_320, pixelPerThread, pixelPerThread_3, root
invalid number: 6778 respective config: API, OpenCL, TextureMemory, Array2D, Blocksize, bs_32x2, padding, padding_352, pixelPerThread, pixelPerThread_3, root
invalid number: 8615 respective config: API, OpenCL, TextureMemory, Ldg, Blocksize, bs_32x1, padding, padding_352, pixelPerThread, pixelPerThread_4, root
invalid number: 26859 respective config: API, CUDA, TextureMemory, Blocksize, bs_32x4, padding, padding_512, pixelPerThread, pixelPerThread_4, root
invalid number: 4783 respective config: API, OpenCL, TextureMemory, Linear2D, LocalMemory, Blocksize, bs_128x1, padding, padding_160, pixelPerThread, pixelPerThread_4, root
invalid number: 25841 respective config: API, CUDA, TextureMemory, Blocksize, bs_32x16, padding, padding_0, pixelPerThread, pixelPerThread_2, root
invalid number: 5943 respective config: API, OpenCL, TextureMemory, Array2D, Blocksize, bs_32x32, padding, padding_192, pixelPerThread, pixelPerThread_4, root
invalid number: 26752 respective config: API, CUDA, TextureMemory, Blocksize, bs_32x2, padding, padding_224, pixelPerThread, pixelPerThread_1, root
invalid number: 1305 respective config: API, OpenCL, TextureMemory, Linear1D, Blocksize, bs_256x1, padding, padding_96, pixelPerThread, pixelPerThread_2, root
invalid number: 27883 respective config: API, CUDA, TextureMemory, LocalMemory, Blocksize, bs_256x4, padding, padding_0, pixelPerThread, pixelPerThread_4, root
invalid number: 1961 respective config: API, OpenCL, TextureMemory, Linear1D, LocalMemory, Blocksize, bs_128x1, padding, padding_448, pixelPerThread, pixelPerThread_2, root
invalid number: 6480 respective config: API, OpenCL, TextureMemory, Array2D, Blocksize, bs_256x4, padding, padding_160, pixelPerThread, pixelPerThread_1, root
invalid number: 401 respective config: API, OpenCL, TextureMemory, Linear1D, Blocksize, bs_64x4, padding, padding_480, pixelPerThread, pixelPerThread_2, root
invalid number: 1580 respective config: API, OpenCL, TextureMemory, Linear1D, LocalMemory, Blocksize, bs_32x16, padding, padding_128, pixelPerThread, pixelPerThread_1, root
invalid number: 22430 respective config: API, CUDA, TextureMemory, Array2D, LocalMemory, Blocksize, bs_1024x1, padding, padding_448, pixelPerThread, pixelPerThread_3, root
invalid number: 26912 respective config: API, CUDA, TextureMemory, Blocksize, bs_64x2, padding, padding_416, pixelPerThread, pixelPerThread_1, root
invalid number: 9130 respective config: API, OpenCL, TextureMemory, Ldg, Blocksize, bs_128x2, padding, padding_128, pixelPerThread, pixelPerThread_3, root
invalid number: 4462 respective config: API, OpenCL, TextureMemory, Linear2D, LocalMemory, Blocksize, bs_32x16, padding, padding_320, pixelPerThread, pixelPerThread_3, root
invalid number: 26270 respective config: API, CUDA, TextureMemory, Blocksize, bs_128x2, padding, padding_160, pixelPerThread, pixelPerThread_3, root
invalid number: 909 respective config: API, OpenCL, TextureMemory, Linear1D, Blocksize, bs_512x2, padding, padding_192, pixelPerThread, pixelPerThread_2, root
invalid number: 14056 respective config: API, OpenCL, TextureMemory, LocalMemory, Blocksize, bs_64x2, padding, padding_384, pixelPerThread, pixelPerThread_1, root
invalid number: 3335 respective config: API, OpenCL, TextureMemory, Linear2D, Blocksize, bs_128x1, padding, padding_0, pixelPerThread, pixelPerThread_4, root
invalid number: 2192 respective config: API, OpenCL, TextureMemory, Linear1D, LocalMemory, Blocksize, bs_256x4, padding, padding_128, pixelPerThread, pixelPerThread_1, root
invalid number: 7884 respective config: API, OpenCL, TextureMemory, Array2D, LocalMemory, Blocksize, bs_128x8, padding, padding_512, pixelPerThread, pixelPerThread_1, root
invalid number: 8621 respective config: API, OpenCL, TextureMemory, Ldg, Blocksize, bs_32x1, padding, padding_416, pixelPerThread, pixelPerThread_2, root
invalid number: 28546 respective config: API, CUDA, TextureMemory, LocalMemory, Blocksize, bs_256x2, padding, padding_416, pixelPerThread, pixelPerThread_3, root
invalid number: 8695 respective config: API, OpenCL, TextureMemory, Ldg, Blocksize, bs_32x8, padding, padding_448, pixelPerThread, pixelPerThread_4, root
invalid number: 22543 respective config: API, CUDA, TextureMemory, Array2D, LocalMemory, Blocksize, bs_32x4, padding, padding_256, pixelPerThread, pixelPerThread_4, root
invalid number: 21004 respective config: API, CUDA, TextureMemory, Array2D, Blocksize, bs_1024x1, padding, padding_480, pixelPerThread, pixelPerThread_1, root
invalid number: 26103 respective config: API, CUDA, TextureMemory, Blocksize, bs_64x4, padding, padding_448, pixelPerThread, pixelPerThread_4, root
invalid number: 13377 respective config: API, OpenCL, TextureMemory, LocalMemory, Blocksize, bs_128x1, padding, padding_384, pixelPerThread, pixelPerThread_2, root
invalid number: 12159 respective config: API, OpenCL, TextureMemory, Blocksize, bs_128x8, padding, padding_416, pixelPerThread, pixelPerThread_4, root
invalid number: 9394 respective config: API, OpenCL, TextureMemory, Ldg, Blocksize, bs_512x1, padding, padding_64, pixelPerThread, pixelPerThread_3, root
invalid number: 3208 respective config: API, OpenCL, TextureMemory, Linear2D, Blocksize, bs_64x4, padding, padding_96, pixelPerThread, pixelPerThread_1, root
invalid number: 26118 respective config: API, CUDA, TextureMemory, Blocksize, bs_64x16, padding, padding_32, pixelPerThread, pixelPerThread_3, root
invalid number: 9449 respective config: API, OpenCL, TextureMemory, Ldg, Blocksize, bs_512x1, padding, padding_512, pixelPerThread, pixelPerThread_2, root
invalid number: 20436 respective config: API, CUDA, TextureMemory, Array2D, Blocksize, bs_64x16, padding, padding_288, pixelPerThread, pixelPerThread_1, root
invalid number: 20948 respective config: API, CUDA, TextureMemory, Array2D, Blocksize, bs_1024x1, padding, padding_32, pixelPerThread, pixelPerThread_1, root
invalid number: 20074 respective config: API, CUDA, TextureMemory, Array2D, Blocksize, bs_32x8, padding, padding_96, pixelPerThread, pixelPerThread_3, root
invalid number: 9073 respective config: API, OpenCL, TextureMemory, Ldg, Blocksize, bs_128x1, padding, padding_224, pixelPerThread, pixelPerThread_2, root
invalid number: 22082 respective config: API, CUDA, TextureMemory, Array2D, LocalMemory, Blocksize, bs_128x4, padding, padding_384, pixelPerThread, pixelPerThread_3, root
invalid number: 26435 respective config: API, CUDA, TextureMemory, Blocksize, bs_128x8, padding, padding_384, pixelPerThread, pixelPerThread_4, root
invalid number: 7819 respective config: API, OpenCL, TextureMemory, Array2D, LocalMemory, Blocksize, bs_128x4, padding, padding_512, pixelPerThread, pixelPerThread_4, root
invalid number: 22655 respective config: API, CUDA, TextureMemory, Array2D, LocalMemory, Blocksize, bs_64x8, padding, padding_64, pixelPerThread, pixelPerThread_4, root
invalid number: 14033 respective config: API, OpenCL, TextureMemory, LocalMemory, Blocksize, bs_64x2, padding, padding_192, pixelPerThread, pixelPerThread_2, root
invalid number: 16647 respective config: API, CUDA, TextureMemory, Linear1D, LocalMemory, Blocksize, bs_512x2, padding, padding_416, pixelPerThread, pixelPerThread_4, root
invalid number: 12497 respective config: API, OpenCL, TextureMemory, Blocksize, bs_32x2, padding, padding_416, pixelPerThread, pixelPerThread_2, root
invalid number: 6242 respective config: API, OpenCL, TextureMemory, Array2D, Blocksize, bs_128x1, padding, padding_416, pixelPerThread, pixelPerThread_3, root
invalid number: 13496 respective config: API, OpenCL, TextureMemory, LocalMemory, Blocksize, bs_128x4, padding, padding_256, pixelPerThread, pixelPerThread_1, root
invalid number: 3195 respective config: API, OpenCL, TextureMemory, Linear2D, Blocksize, bs_64x1, padding, padding_512, pixelPerThread, pixelPerThread_4, root
invalid number: 4656 respective config: API, OpenCL, TextureMemory, Linear2D, LocalMemory, Blocksize, bs_64x4, padding, padding_256, pixelPerThread, pixelPerThread_1, root
invalid number: 20339 respective config: API, CUDA, TextureMemory, Array2D, Blocksize, bs_64x4, padding, padding_32, pixelPerThread, pixelPerThread_4, root
invalid number: 13895 respective config: API, OpenCL, TextureMemory, LocalMemory, Blocksize, bs_32x2, padding, padding_160, pixelPerThread, pixelPerThread_4, root
invalid number: 22143 respective config: API, CUDA, TextureMemory, Array2D, LocalMemory, Blocksize, bs_128x8, padding, padding_320, pixelPerThread, pixelPerThread_4, root
invalid number: 6398 respective config: API, OpenCL, TextureMemory, Array2D, Blocksize, bs_128x8, padding, padding_32, pixelPerThread, pixelPerThread_3, root
invalid number: 2574 respective config: API, OpenCL, TextureMemory, Linear1D, LocalMemory, Blocksize, bs_32x4, padding, padding_448, pixelPerThread, pixelPerThread_3, root
invalid number: 3135 respective config: API, OpenCL, TextureMemory, Linear2D, Blocksize, bs_64x1, padding, padding_32, pixelPerThread, pixelPerThread_4, root
invalid number: 27973 respective config: API, CUDA, TextureMemory, LocalMemory, Blocksize, bs_512x1, padding, padding_192, pixelPerThread, pixelPerThread_2, root
invalid number: 21107 respective config: API, CUDA, TextureMemory, Array2D, Blocksize, bs_32x4, padding, padding_192, pixelPerThread, pixelPerThread_4, root
invalid number: 9072 respective config: API, OpenCL, TextureMemory, Ldg, Blocksize, bs_128x1, padding, padding_224, pixelPerThread, pixelPerThread_1, root
invalid number: 2838 respective config: API, OpenCL, TextureMemory, Linear1D, LocalMemory, Blocksize, bs_256x2, padding, padding_384, pixelPerThread, pixelPerThread_3, root
invalid number: 20750 respective config: API, CUDA, TextureMemory, Array2D, Blocksize, bs_256x4, padding, padding_64, pixelPerThread, pixelPerThread_3, root
invalid number: 20952 respective config: API, CUDA, TextureMemory, Array2D, Blocksize, bs_1024x1, padding, padding_64, pixelPerThread, pixelPerThread_1, root
invalid number: 16443 respective config: API, CUDA, TextureMemory, Linear1D, LocalMemory, Blocksize, bs_128x8, padding, padding_416, pixelPerThread, pixelPerThread_4, root
invalid number: 3816 respective config: API, OpenCL, TextureMemory, Linear2D, Blocksize, bs_1024x1, padding, padding_64, pixelPerThread, pixelPerThread_1, root
invalid number: 1523 respective config: API, OpenCL, TextureMemory, Linear1D, LocalMemory, Blocksize, bs_32x8, padding, padding_192, pixelPerThread, pixelPerThread_4, root
invalid number: 7886 respective config: API, OpenCL, TextureMemory, Array2D, LocalMemory, Blocksize, bs_128x8, padding, padding_512, pixelPerThread, pixelPerThread_3, root
invalid number: 28526 respective config: API, CUDA, TextureMemory, LocalMemory, Blocksize, bs_256x2, padding, padding_256, pixelPerThread, pixelPerThread_3, root
invalid number: 6305 respective config: API, OpenCL, TextureMemory, Array2D, Blocksize, bs_128x2, padding, padding_384, pixelPerThread, pixelPerThread_2, root
invalid number: 5862 respective config: API, OpenCL, TextureMemory, Array2D, Blocksize, bs_32x16, padding, padding_96, pixelPerThread, pixelPerThread_3, root
invalid number: 10515 respective config: API, OpenCL, TextureMemory, Ldg, LocalMemory, Blocksize, bs_128x1, padding, padding_320, pixelPerThread, pixelPerThread_4, root
invalid number: 25022 respective config: API, CUDA, TextureMemory, Ldg, LocalMemory, Blocksize, bs_128x8, padding, padding_512, pixelPerThread, pixelPerThread_3, root
invalid number: 917 respective config: API, OpenCL, TextureMemory, Linear1D, Blocksize, bs_512x2, padding, padding_256, pixelPerThread, pixelPerThread_2, root
invalid number: 2013 respective config: API, OpenCL, TextureMemory, Linear1D, LocalMemory, Blocksize, bs_128x2, padding, padding_320, pixelPerThread, pixelPerThread_2, root
invalid number: 20243 respective config: API, CUDA, TextureMemory, Array2D, Blocksize, bs_32x32, padding, padding_352, pixelPerThread, pixelPerThread_4, root
invalid number: 11727 respective config: API, OpenCL, TextureMemory, Blocksize, bs_64x1, padding, padding_224, pixelPerThread, pixelPerThread_4, root
invalid number: 21371 respective config: API, CUDA, TextureMemory, Array2D, Blocksize, bs_256x2, padding, padding_128, pixelPerThread, pixelPerThread_4, root
invalid number: 14150 respective config: API, OpenCL, TextureMemory, LocalMemory, Blocksize, bs_256x1, padding, padding_32, pixelPerThread, pixelPerThread_3, root
invalid number: 13302 respective config: API, OpenCL, TextureMemory, LocalMemory, Blocksize, bs_64x16, padding, padding_320, pixelPerThread, pixelPerThread_3, root
invalid number: 5428 respective config: API, OpenCL, TextureMemory, Linear2D, LocalMemory, Blocksize, bs_32x4, padding, padding_448, pixelPerThread, pixelPerThread_1, root
invalid number: 10031 respective config: API, OpenCL, TextureMemory, Ldg, LocalMemory, Blocksize, bs_32x1, padding, padding_256, pixelPerThread, pixelPerThread_4, root
invalid number: 11339 respective config: API, OpenCL, TextureMemory, Ldg, LocalMemory, Blocksize, bs_256x1, padding, padding_384, pixelPerThread, pixelPerThread_4, root
invalid number: 20627 respective config: API, CUDA, TextureMemory, Array2D, Blocksize, bs_128x4, padding, padding_160, pixelPerThread, pixelPerThread_4, root
invalid number: 11367 respective config: API, OpenCL, TextureMemory, Ldg, LocalMemory, Blocksize, bs_256x2, padding, padding_64, pixelPerThread, pixelPerThread_4, root
invalid number: 13856 respective config: API, OpenCL, TextureMemory, LocalMemory, Blocksize, bs_1024x1, padding, padding_416, pixelPerThread, pixelPerThread_1, root
invalid number: 14018 respective config: API, OpenCL, TextureMemory, LocalMemory, Blocksize, bs_64x2, padding, padding_64, pixelPerThread, pixelPerThread_3, root
invalid number: 8879 respective config: API, OpenCL, TextureMemory, Ldg, Blocksize, bs_64x1, padding, padding_288, pixelPerThread, pixelPerThread_4, root
invalid number: 13659 respective config: API, OpenCL, TextureMemory, LocalMemory, Blocksize, bs_256x4, padding, padding_448, pixelPerThread, pixelPerThread_4, root
invalid number: 8051 respective config: API, OpenCL, TextureMemory, Array2D, LocalMemory, Blocksize, bs_512x2, padding, padding_192, pixelPerThread, pixelPerThread_4, root
invalid number: 27232 respective config: API, CUDA, TextureMemory, LocalMemory, Blocksize, bs_32x8, padding, padding_256, pixelPerThread, pixelPerThread_1, root
invalid number: 7516 respective config: API, OpenCL, TextureMemory, Array2D, LocalMemory, Blocksize, bs_64x4, padding, padding_288, pixelPerThread, pixelPerThread_1, root
invalid number: 20229 respective config: API, CUDA, TextureMemory, Array2D, Blocksize, bs_32x32, padding, padding_256, pixelPerThread, pixelPerThread_2, root
invalid number: 11353 respective config: API, OpenCL, TextureMemory, Ldg, LocalMemory, Blocksize, bs_256x1, padding, padding_512, pixelPerThread, pixelPerThread_2, root
invalid number: 3482 respective config: API, OpenCL, TextureMemory, Linear2D, Blocksize, bs_128x4, padding, padding_96, pixelPerThread, pixelPerThread_3, root
invalid number: 19553 respective config: API, CUDA, TextureMemory, Linear2D, LocalMemory, Blocksize, bs_1024x1, padding, padding_288, pixelPerThread, pixelPerThread_2, root
invalid number: 3730 respective config: API, OpenCL, TextureMemory, Linear2D, Blocksize, bs_512x1, padding, padding_448, pixelPerThread, pixelPerThread_3, root
invalid number: 12516 respective config: API, OpenCL, TextureMemory, Blocksize, bs_32x4, padding, padding_32, pixelPerThread, pixelPerThread_1, root
invalid number: 6000 respective config: API, OpenCL, TextureMemory, Array2D, Blocksize, bs_64x1, padding, padding_128, pixelPerThread, pixelPerThread_1, root
invalid number: 26279 respective config: API, CUDA, TextureMemory, Blocksize, bs_128x2, padding, padding_224, pixelPerThread, pixelPerThread_4, root
invalid number: 20372 respective config: API, CUDA, TextureMemory, Array2D, Blocksize, bs_64x4, padding, padding_320, pixelPerThread, pixelPerThread_1, root
invalid number: 9254 respective config: API, OpenCL, TextureMemory, Ldg, Blocksize, bs_128x8, padding, padding_32, pixelPerThread, pixelPerThread_3, root
invalid number: 27722 respective config: API, CUDA, TextureMemory, LocalMemory, Blocksize, bs_128x2, padding, padding_352, pixelPerThread, pixelPerThread_3, root
invalid number: 16178 respective config: API, CUDA, TextureMemory, Linear1D, LocalMemory, Blocksize, bs_64x16, padding, padding_480, pixelPerThread, pixelPerThread_3, root
invalid number: 2893 respective config: API, OpenCL, TextureMemory, Linear2D, Blocksize, bs_32x1, padding, padding_288, pixelPerThread, pixelPerThread_2, root
invalid number: 532 respective config: API, OpenCL, TextureMemory, Linear1D, Blocksize, bs_128x1, padding, padding_448, pixelPerThread, pixelPerThread_1, root
invalid number: 6993 respective config: API, OpenCL, TextureMemory, Array2D, Blocksize, bs_64x8, padding, padding_448, pixelPerThread, pixelPerThread_2, root
invalid number: 9460 respective config: API, OpenCL, TextureMemory, Ldg, Blocksize, bs_512x2, padding, padding_64, pixelPerThread, pixelPerThread_1, root
invalid number: 26736 respective config: API, CUDA, TextureMemory, Blocksize, bs_32x2, padding, padding_96, pixelPerThread, pixelPerThread_1, root
invalid number: 21451 respective config: API, CUDA, TextureMemory, Array2D, LocalMemory, Blocksize, bs_32x1, padding, padding_224, pixelPerThread, pixelPerThread_4, root
invalid number: 26388 respective config: API, CUDA, TextureMemory, Blocksize, bs_128x8, padding, padding_32, pixelPerThread, pixelPerThread_1, root
invalid number: 1406 respective config: API, OpenCL, TextureMemory, Linear1D, Blocksize, bs_256x2, padding, padding_352, pixelPerThread, pixelPerThread_3, root
invalid number: 13 respective config: API, OpenCL, TextureMemory, Linear1D, Blocksize, bs_32x1, padding, padding_96, pixelPerThread, pixelPerThread_2, root
invalid number: 4153 respective config: API, OpenCL, TextureMemory, Linear2D, Blocksize, bs_256x1, padding, padding_32, pixelPerThread, pixelPerThread_2, root
invalid number: 4511 respective config: API, OpenCL, TextureMemory, Linear2D, LocalMemory, Blocksize, bs_32x32, padding, padding_160, pixelPerThread, pixelPerThread_4, root
ConfigurationSampling done in 1617 ms
28560
LocalMemory ::= (ε, 1) | (LocalMemory, 1) Symbolkind: TERMINAL
root ::= (API, 2)   (TextureMemory, 5)   (LocalMemory, 2)   (Blocksize, 21)   (padding, 17)   (pixelPerThread, 4) Symbolkind: NONTERMINAL
API ::= (OpenCL, 1) | (CUDA, 1) Symbolkind: TERMINAL
TextureMemoryInvis ::= (ε, 1) Symbolkind: TERMINAL
TextureMemory ::= (Linear1D, 1) | (Linear2D, 1) | (Array2D, 1) | (Ldg, 1) | (TextureMemoryInvis, 1) Symbolkind: TERMINAL
Blocksize ::= (bs_32x1, 1) | (bs_32x8, 1) | (bs_32x16, 1) | (bs_32x32, 1) | (bs_64x1, 1) | (bs_64x4, 1) | (bs_64x16, 1) | (bs_128x1, 1) | (bs_128x2, 1) | (bs_128x4, 1) | (bs_128x8, 1) | (bs_256x4, 1) | (bs_512x1, 1) | (bs_512x2, 1) | (bs_1024x1, 1) | (bs_32x2, 1) | (bs_32x4, 1) | (bs_64x2, 1) | (bs_64x8, 1) | (bs_256x1, 1) | (bs_256x2, 1) Symbolkind: TERMINAL
padding ::= (padding_0, 1) | (padding_32, 1) | (padding_64, 1) | (padding_96, 1) | (padding_128, 1) | (padding_160, 1) | (padding_192, 1) | (padding_224, 1) | (padding_256, 1) | (padding_288, 1) | (padding_320, 1) | (padding_352, 1) | (padding_384, 1) | (padding_416, 1) | (padding_448, 1) | (padding_480, 1) | (padding_512, 1) Symbolkind: TERMINAL
pixelPerThread ::= (pixelPerThread_1, 1) | (pixelPerThread_2, 1) | (pixelPerThread_3, 1) | (pixelPerThread_4, 1) Symbolkind: TERMINAL

command: clean-sampling
command: clean-global
command: script ./learn_grammarBased_t2.a
command: log ./out_grammarBased_t2.log
