Current machine learning settings: epsilon:0 lossFunction:RELATIVE parallelization:True bagging:False baggingNumbers:3 considerEpsilonTube:False baggingTestDataFraction:50 useBackward:False abortError:1 limitFeatureSize:False featureSizeTreshold:4 quadraticFunctionSupport:True crossValidation:False crossValidation-k:5 learn-logFunction:False learn-accumulatedLogFunction:False learn-asymFunction:False learn-ratioFunction:False learn-mirrowedFunction:False learn-numeric-disabled:True numberOfRounds:70 backwardErrorDelta:1 minImprovementPerRound:0.1 withHierarchy:False bruteForceCandidates:False ignoreBadFeatures:False stopOnLongRound:True candidateSizePenalty:True learnTimeLimit:00:00:00 scoreMeasure:RELERROR outputRoundsToStdout:False debug:False pythonInfluenceAnalysis:False blacklisted: 
command: solver z3
command: vm /scratch/kallistos/Distance-Based_Data/SupplementaryWebsite/MeasuredPerformanceValues/lrzip/FeatureModel.xml
Warning: Variability model contains outdated notation. Children nodes will no longer have effect on the model. Instead use the parent node to describe the parent of an configuration option. You can also use the converter providedby the Variability Model GUI in export>convert legacy model.
command: all /scratch/kallistos/Distance-Based_Data/SupplementaryWebsite/MeasuredPerformanceValues/lrzip/measurements.xml
Configs with too large deviation: 0
432 configurations loaded.
command: binary grammar-based numConfigs:250 seed:74
command: printconfigs ./sampledConfigurations_grammarBased_t3.csv
invalid number: 431 respective config: encryption, compression, level, level9, unlimitedWindowSize, disableCompressibilityTesting, root
invalid number: 430 respective config: encryption, compression, level, level9, unlimitedWindowSize, root
invalid number: 396 respective config: encryption, compression, level, level1, root
invalid number: 187 respective config: compression, level, level2, unlimitedWindowSize, disableCompressibilityTesting, root
invalid number: 185 respective config: compression, level, level2, disableCompressibilityTesting, root
invalid number: 399 respective config: encryption, compression, level, level1, unlimitedWindowSize, disableCompressibilityTesting, root
invalid number: 418 respective config: encryption, compression, level, level6, unlimitedWindowSize, root
invalid number: 413 respective config: encryption, compression, level, level5, disableCompressibilityTesting, root
invalid number: 215 respective config: compression, level, level9, unlimitedWindowSize, disableCompressibilityTesting, root
invalid number: 194 respective config: compression, level, level4, unlimitedWindowSize, root
invalid number: 183 respective config: compression, level, level1, unlimitedWindowSize, disableCompressibilityTesting, root
invalid number: 422 respective config: encryption, compression, level, level7, unlimitedWindowSize, root
invalid number: 415 respective config: encryption, compression, level, level5, unlimitedWindowSize, disableCompressibilityTesting, root
invalid number: 200 respective config: compression, level, level6, root
invalid number: 411 respective config: encryption, compression, level, level4, unlimitedWindowSize, disableCompressibilityTesting, root
invalid number: 422 respective config: encryption, compression, level, level7, unlimitedWindowSize, root
invalid number: 414 respective config: encryption, compression, level, level5, unlimitedWindowSize, root
invalid number: 198 respective config: compression, level, level5, unlimitedWindowSize, root
invalid number: 192 respective config: compression, level, level4, root
invalid number: 409 respective config: encryption, compression, level, level4, disableCompressibilityTesting, root
invalid number: 184 respective config: compression, level, level2, root
invalid number: 400 respective config: encryption, compression, level, level2, root
invalid number: 407 respective config: encryption, compression, level, level3, unlimitedWindowSize, disableCompressibilityTesting, root
invalid number: 200 respective config: compression, level, level6, root
invalid number: 426 respective config: encryption, compression, level, level8, unlimitedWindowSize, root
invalid number: 407 respective config: encryption, compression, level, level3, unlimitedWindowSize, disableCompressibilityTesting, root
invalid number: 208 respective config: compression, level, level8, root
invalid number: 416 respective config: encryption, compression, level, level6, root
invalid number: 201 respective config: compression, level, level6, disableCompressibilityTesting, root
invalid number: 418 respective config: encryption, compression, level, level6, unlimitedWindowSize, root
invalid number: 404 respective config: encryption, compression, level, level3, root
invalid number: 182 respective config: compression, level, level1, unlimitedWindowSize, root
invalid number: 204 respective config: compression, level, level7, root
invalid number: 205 respective config: compression, level, level7, disableCompressibilityTesting, root
invalid number: 404 respective config: encryption, compression, level, level3, root
invalid number: 400 respective config: encryption, compression, level, level2, root
invalid number: 191 respective config: compression, level, level3, unlimitedWindowSize, disableCompressibilityTesting, root
invalid number: 181 respective config: compression, level, level1, disableCompressibilityTesting, root
invalid number: 421 respective config: encryption, compression, level, level7, disableCompressibilityTesting, root
invalid number: 209 respective config: compression, level, level8, disableCompressibilityTesting, root
invalid number: 423 respective config: encryption, compression, level, level7, unlimitedWindowSize, disableCompressibilityTesting, root
invalid number: 214 respective config: compression, level, level9, unlimitedWindowSize, root
invalid number: 198 respective config: compression, level, level5, unlimitedWindowSize, root
invalid number: 415 respective config: encryption, compression, level, level5, unlimitedWindowSize, disableCompressibilityTesting, root
invalid number: 420 respective config: encryption, compression, level, level7, root
invalid number: 409 respective config: encryption, compression, level, level4, disableCompressibilityTesting, root
invalid number: 399 respective config: encryption, compression, level, level1, unlimitedWindowSize, disableCompressibilityTesting, root
invalid number: 210 respective config: compression, level, level8, unlimitedWindowSize, root
invalid number: 407 respective config: encryption, compression, level, level3, unlimitedWindowSize, disableCompressibilityTesting, root
invalid number: 411 respective config: encryption, compression, level, level4, unlimitedWindowSize, disableCompressibilityTesting, root
invalid number: 201 respective config: compression, level, level6, disableCompressibilityTesting, root
invalid number: 412 respective config: encryption, compression, level, level5, root
invalid number: 210 respective config: compression, level, level8, unlimitedWindowSize, root
invalid number: 196 respective config: compression, level, level5, root
invalid number: 208 respective config: compression, level, level8, root
invalid number: 417 respective config: encryption, compression, level, level6, disableCompressibilityTesting, root
invalid number: 189 respective config: compression, level, level3, disableCompressibilityTesting, root
invalid number: 215 respective config: compression, level, level9, unlimitedWindowSize, disableCompressibilityTesting, root
invalid number: 193 respective config: compression, level, level4, disableCompressibilityTesting, root
invalid number: 194 respective config: compression, level, level4, unlimitedWindowSize, root
invalid number: 207 respective config: compression, level, level7, unlimitedWindowSize, disableCompressibilityTesting, root
invalid number: 430 respective config: encryption, compression, level, level9, unlimitedWindowSize, root
invalid number: 193 respective config: compression, level, level4, disableCompressibilityTesting, root
invalid number: 211 respective config: compression, level, level8, unlimitedWindowSize, disableCompressibilityTesting, root
invalid number: 205 respective config: compression, level, level7, disableCompressibilityTesting, root
invalid number: 202 respective config: compression, level, level6, unlimitedWindowSize, root
invalid number: 187 respective config: compression, level, level2, unlimitedWindowSize, disableCompressibilityTesting, root
invalid number: 400 respective config: encryption, compression, level, level2, root
ConfigurationSampling done in 2520 ms
432
encryption ::= (ε, 1) | (encryption, 1) Symbolkind: TERMINAL
unlimitedWindowSize ::= (ε, 1) | (unlimitedWindowSize, 1) Symbolkind: TERMINAL
disableCompressibilityTesting ::= (ε, 1) | (disableCompressibilityTesting, 1) Symbolkind: TERMINAL
root ::= (encryption, 2)   (compression, 6)   (level, 9)   (unlimitedWindowSize, 2)   (disableCompressibilityTesting, 2) Symbolkind: NONTERMINAL
compressionInvis ::= (ε, 1) Symbolkind: TERMINAL
compression ::= (compressionBzip2, 1) | (compressionGzip, 1) | (compressionLzo, 1) | (compressionZpaq, 1) | (compressionLrzip, 1) | (compressionInvis, 1) Symbolkind: TERMINAL
level ::= (level1, 1) | (level2, 1) | (level3, 1) | (level4, 1) | (level5, 1) | (level6, 1) | (level7, 1) | (level8, 1) | (level9, 1) Symbolkind: TERMINAL

command: clean-sampling
command: clean-global
