Current machine learning settings: epsilon:0 lossFunction:RELATIVE parallelization:True bagging:False baggingNumbers:3 considerEpsilonTube:False baggingTestDataFraction:50 useBackward:False abortError:1 limitFeatureSize:False featureSizeTreshold:4 quadraticFunctionSupport:True crossValidation:False crossValidation-k:5 learn-logFunction:False learn-accumulatedLogFunction:False learn-asymFunction:False learn-ratioFunction:False learn-mirrowedFunction:False learn-numeric-disabled:True numberOfRounds:70 backwardErrorDelta:1 minImprovementPerRound:0.1 withHierarchy:False bruteForceCandidates:False ignoreBadFeatures:False stopOnLongRound:True candidateSizePenalty:True learnTimeLimit:00:00:00 scoreMeasure:RELERROR outputRoundsToStdout:False debug:False pythonInfluenceAnalysis:False blacklisted: 
command: solver z3
command: vm /scratch/kallistos/Distance-Based_Data/SupplementaryWebsite/MeasuredPerformanceValues/LLVM/FeatureModel.xml
Warning: Variability model contains outdated notation. Children nodes will no longer have effect on the model. Instead use the parent node to describe the parent of an configuration option. You can also use the converter providedby the Variability Model GUI in export>convert legacy model.
command: all /scratch/kallistos/Distance-Based_Data/SupplementaryWebsite/MeasuredPerformanceValues/LLVM/measurements.xml
Configs with too large deviation: 0
1024 configurations loaded.
command: nfp Performance
command: setsampleset /scratch/kallistos/Distance-Based_Data/Results/LLVM/LLVM_58/sampledConfigurations_divDistBased_t1.csv
command: learn-splconqueror-opt abortError=[1] minImprovementPerRound=[0.1,0.2,0.5] lossFunction=[RELATIVE] quadraticFunctionSupport=[True,False] learn_logFunction=[True,False] learn_asymFunction=[True,False] learn_ratioFunction=[True,False] withHierarchy=[False] useBackward=[False]
Learning: NumberOfConfigurationsLearning:11 NumberOfConfigurationsValidation:11
Learning progress:
1;238.122777777778 * time_passes + 23.4488888888888 * licm;2.22100949991764;2.22100949991764;2.22100949991764;2.22100949991764;0.052077;2;23.4488888888888 * licm;1;2.92187069503805;
2;210.44 * time_passes + 17.9123333333334 * licm + 33.2193333333334 * gvn;0.808423951248637;0.808423951248637;0.808423951248637;0.808423951248637;0.057809;3;33.2193333333334 * gvn;1;1.412585548669;
Elapsed=00:00:00.0596051
Learning progress:
1;233.69 * time_passes + 19.8761904761903 * inline;5.54525817095311;5.54525817095311;5.54525817095311;5.54525817095311;0.001102;2;19.8761904761903 * inline;1;6.16202672946988;
Elapsed=00:00:00.0041096
Learning progress:
1;233.046666666667 * time_passes + 26.4613333333334 * ipsccp;2.32489426651835;2.32489426651835;2.32489426651835;2.32489426651835;0.001119;2;26.4613333333334 * ipsccp;1;4.69077072388267;
2;222.56 * time_passes + 15.9746666666669 * ipsccp + 20.9733333333329 * inline;2.28053439410601;2.28053439410601;2.28053439410601;2.28053439410601;0.004656;3;20.9733333333329 * inline;1;0.0443598724123428;
Elapsed=00:00:00.0047515
Learning progress:
1;234.819444444444 * time_passes + 22.5794444444443 * ipsccp;2.53789513712629;2.53789513712629;2.53789513712629;2.53789513712629;0.001193;2;22.5794444444443 * ipsccp;1;4.18960263562628;
2;233.126666666667 * time_passes + 14.1155555555557 * ipsccp + 10.1566666666663 * simplifycfg;2.53789513712629;2.53789513712629;2.53789513712629;2.53789513712629;0.005519;3;10.1566666666663 * simplifycfg;1;8.88178419700125E-16;
Elapsed=00:00:00.0056448
Learning progress:
1;232.738333333333 * time_passes + 25.2236666666665 * simplifycfg;1.79780690295111;1.79780690295111;1.79780690295111;1.79780690295111;0.001161;2;25.2236666666665 * simplifycfg;1;3.42186533923594;
2;232.738333333333 * time_passes + 16.8399999999997 * simplifycfg + 13.972777777778 * licm;0.699525271165238;0.699525271165238;0.699525271165238;0.699525271165238;0.004749;3;13.972777777778 * licm;1;1.09828163178588;
Elapsed=00:00:00.0048440
Learning progress:
1;238.122777777778 * time_passes + 23.4488888888888 * licm;2.22100949991764;2.22100949991764;2.22100949991764;2.22100949991764;0.001355;2;23.4488888888888 * licm;1;2.92187069503805;
2;210.44 * time_passes + 17.9123333333334 * licm + 33.2193333333334 * gvn;0.808423951248637;0.808423951248637;0.808423951248637;0.808423951248637;0.005566;3;33.2193333333334 * gvn;1;1.412585548669;
Elapsed=00:00:00.0056815
Learning progress:
1;233.69 * time_passes + 19.8761904761903 * inline;5.54525817095311;5.54525817095311;5.54525817095311;5.54525817095311;0.001056;2;19.8761904761903 * inline;1;6.16202672946988;
Elapsed=00:00:00.0041220
Learning progress:
1;233.046666666667 * time_passes + 26.4613333333334 * ipsccp;2.32489426651835;2.32489426651835;2.32489426651835;2.32489426651835;0.001091;2;26.4613333333334 * ipsccp;1;4.69077072388267;
2;222.56 * time_passes + 15.9746666666669 * ipsccp + 20.9733333333329 * inline;2.28053439410601;2.28053439410601;2.28053439410601;2.28053439410601;0.00474;3;20.9733333333329 * inline;1;0.0443598724123428;
Elapsed=00:00:00.0048332
Learning progress:
1;234.819444444444 * time_passes + 22.5794444444443 * ipsccp;2.53789513712629;2.53789513712629;2.53789513712629;2.53789513712629;0.001168;2;22.5794444444443 * ipsccp;1;4.18960263562628;
2;233.126666666667 * time_passes + 14.1155555555557 * ipsccp + 10.1566666666663 * simplifycfg;2.53789513712629;2.53789513712629;2.53789513712629;2.53789513712629;0.005374;3;10.1566666666663 * simplifycfg;1;8.88178419700125E-16;
Elapsed=00:00:00.0054858
Learning progress:
1;232.738333333333 * time_passes + 25.2236666666665 * simplifycfg;1.79780690295111;1.79780690295111;1.79780690295111;1.79780690295111;0.00111;2;25.2236666666665 * simplifycfg;1;3.42186533923594;
2;232.738333333333 * time_passes + 16.8399999999997 * simplifycfg + 13.972777777778 * licm;0.699525271165238;0.699525271165238;0.699525271165238;0.699525271165238;0.004632;3;13.972777777778 * licm;1;1.09828163178588;
Elapsed=00:00:00.0047262
Learning progress:
1;238.122777777778 * time_passes + 23.4488888888888 * licm;2.22100949991764;2.22100949991764;2.22100949991764;2.22100949991764;0.001198;2;23.4488888888888 * licm;1;2.92187069503805;
2;210.44 * time_passes + 17.9123333333334 * licm + 33.2193333333334 * gvn;0.808423951248637;0.808423951248637;0.808423951248637;0.808423951248637;0.004572;3;33.2193333333334 * gvn;1;1.412585548669;
Elapsed=00:00:00.0046839
Learning progress:
1;233.69 * time_passes + 19.8761904761903 * inline;5.54525817095311;5.54525817095311;5.54525817095311;5.54525817095311;0.002032;2;19.8761904761903 * inline;1;6.16202672946988;
Elapsed=00:00:00.0053720
Learning progress:
1;233.046666666667 * time_passes + 26.4613333333334 * ipsccp;2.32489426651835;2.32489426651835;2.32489426651835;2.32489426651835;0.001325;2;26.4613333333334 * ipsccp;1;4.69077072388267;
2;222.56 * time_passes + 15.9746666666669 * ipsccp + 20.9733333333329 * inline;2.28053439410601;2.28053439410601;2.28053439410601;2.28053439410601;0.004694;3;20.9733333333329 * inline;1;0.0443598724123428;
Elapsed=00:00:00.0047873
Learning progress:
1;234.819444444444 * time_passes + 22.5794444444443 * ipsccp;2.53789513712629;2.53789513712629;2.53789513712629;2.53789513712629;0.0013;2;22.5794444444443 * ipsccp;1;4.18960263562628;
2;233.126666666667 * time_passes + 14.1155555555557 * ipsccp + 10.1566666666663 * simplifycfg;2.53789513712629;2.53789513712629;2.53789513712629;2.53789513712629;0.004751;3;10.1566666666663 * simplifycfg;1;8.88178419700125E-16;
Elapsed=00:00:00.0048616
Learning progress:
1;232.738333333333 * time_passes + 25.2236666666665 * simplifycfg;1.79780690295111;1.79780690295111;1.79780690295111;1.79780690295111;0.001085;2;25.2236666666665 * simplifycfg;1;3.42186533923594;
2;232.738333333333 * time_passes + 16.8399999999997 * simplifycfg + 13.972777777778 * licm;0.699525271165238;0.699525271165238;0.699525271165238;0.699525271165238;0.004495;3;13.972777777778 * licm;1;1.09828163178588;
Elapsed=00:00:00.0045896
Learning progress:
1;238.122777777778 * time_passes + 23.4488888888888 * licm;2.22100949991764;2.22100949991764;2.22100949991764;2.22100949991764;0.001255;2;23.4488888888888 * licm;1;2.92187069503805;
2;210.44 * time_passes + 17.9123333333334 * licm + 33.2193333333334 * gvn;0.808423951248637;0.808423951248637;0.808423951248637;0.808423951248637;0.004573;3;33.2193333333334 * gvn;1;1.412585548669;
Elapsed=00:00:00.0046943
Learning progress:
1;233.69 * time_passes + 19.8761904761903 * inline;5.54525817095311;5.54525817095311;5.54525817095311;5.54525817095311;0.001379;2;19.8761904761903 * inline;1;6.16202672946988;
Elapsed=00:00:00.0052583
Learning progress:
1;233.046666666667 * time_passes + 26.4613333333334 * ipsccp;2.32489426651835;2.32489426651835;2.32489426651835;2.32489426651835;0.001088;2;26.4613333333334 * ipsccp;1;4.69077072388267;
2;222.56 * time_passes + 15.9746666666669 * ipsccp + 20.9733333333329 * inline;2.28053439410601;2.28053439410601;2.28053439410601;2.28053439410601;0.004443;3;20.9733333333329 * inline;1;0.0443598724123428;
Elapsed=00:00:00.0045363
Learning progress:
1;234.819444444444 * time_passes + 22.5794444444443 * ipsccp;2.53789513712629;2.53789513712629;2.53789513712629;2.53789513712629;0.001152;2;22.5794444444443 * ipsccp;1;4.18960263562628;
2;233.126666666667 * time_passes + 14.1155555555557 * ipsccp + 10.1566666666663 * simplifycfg;2.53789513712629;2.53789513712629;2.53789513712629;2.53789513712629;0.004599;3;10.1566666666663 * simplifycfg;1;8.88178419700125E-16;
Elapsed=00:00:00.0047086
Learning progress:
1;232.738333333333 * time_passes + 25.2236666666665 * simplifycfg;1.79780690295111;1.79780690295111;1.79780690295111;1.79780690295111;0.001106;2;25.2236666666665 * simplifycfg;1;3.42186533923594;
2;232.738333333333 * time_passes + 16.8399999999997 * simplifycfg + 13.972777777778 * licm;0.699525271165238;0.699525271165238;0.699525271165238;0.699525271165238;0.005708;3;13.972777777778 * licm;1;1.09828163178588;
Elapsed=00:00:00.0058055
Learning progress:
1;238.122777777778 * time_passes + 23.4488888888888 * licm;2.22100949991764;2.22100949991764;2.22100949991764;2.22100949991764;0.001172;2;23.4488888888888 * licm;1;2.92187069503805;
2;210.44 * time_passes + 17.9123333333334 * licm + 33.2193333333334 * gvn;0.808423951248637;0.808423951248637;0.808423951248637;0.808423951248637;0.004657;3;33.2193333333334 * gvn;1;1.412585548669;
Elapsed=00:00:00.0047695
Learning progress:
1;233.69 * time_passes + 19.8761904761903 * inline;5.54525817095311;5.54525817095311;5.54525817095311;5.54525817095311;0.001382;2;19.8761904761903 * inline;1;6.16202672946988;
Elapsed=00:00:00.0043985
Learning progress:
1;233.046666666667 * time_passes + 26.4613333333334 * ipsccp;2.32489426651835;2.32489426651835;2.32489426651835;2.32489426651835;0.00207;2;26.4613333333334 * ipsccp;1;4.69077072388267;
2;222.56 * time_passes + 15.9746666666669 * ipsccp + 20.9733333333329 * inline;2.28053439410601;2.28053439410601;2.28053439410601;2.28053439410601;0.005531;3;20.9733333333329 * inline;1;0.0443598724123428;
Elapsed=00:00:00.0056231
Learning progress:
1;234.819444444444 * time_passes + 22.5794444444443 * ipsccp;2.53789513712629;2.53789513712629;2.53789513712629;2.53789513712629;0.001391;2;22.5794444444443 * ipsccp;1;4.18960263562628;
2;233.126666666667 * time_passes + 14.1155555555557 * ipsccp + 10.1566666666663 * simplifycfg;2.53789513712629;2.53789513712629;2.53789513712629;2.53789513712629;0.004857;3;10.1566666666663 * simplifycfg;1;8.88178419700125E-16;
Elapsed=00:00:00.0049645
Learning progress:
1;232.738333333333 * time_passes + 25.2236666666665 * simplifycfg;1.79780690295111;1.79780690295111;1.79780690295111;1.79780690295111;0.001117;2;25.2236666666665 * simplifycfg;1;3.42186533923594;
2;232.738333333333 * time_passes + 16.8399999999997 * simplifycfg + 13.972777777778 * licm;0.699525271165238;0.699525271165238;0.699525271165238;0.699525271165238;0.004572;3;13.972777777778 * licm;1;1.09828163178588;
Elapsed=00:00:00.0046663
Learning progress:
1;238.122777777778 * time_passes + 23.4488888888888 * licm;2.22100949991764;2.22100949991764;2.22100949991764;2.22100949991764;0.001222;2;23.4488888888888 * licm;1;2.92187069503805;
2;210.44 * time_passes + 17.9123333333334 * licm + 33.2193333333334 * gvn;0.808423951248637;0.808423951248637;0.808423951248637;0.808423951248637;0.004683;3;33.2193333333334 * gvn;1;1.412585548669;
Elapsed=00:00:00.0048040
Learning progress:
1;233.69 * time_passes + 19.8761904761903 * inline;5.54525817095311;5.54525817095311;5.54525817095311;5.54525817095311;0.001152;2;19.8761904761903 * inline;1;6.16202672946988;
Elapsed=00:00:00.0043120
Learning progress:
1;233.046666666667 * time_passes + 26.4613333333334 * ipsccp;2.32489426651835;2.32489426651835;2.32489426651835;2.32489426651835;0.0011;2;26.4613333333334 * ipsccp;1;4.69077072388267;
2;222.56 * time_passes + 15.9746666666669 * ipsccp + 20.9733333333329 * inline;2.28053439410601;2.28053439410601;2.28053439410601;2.28053439410601;0.005447;3;20.9733333333329 * inline;1;0.0443598724123428;
Elapsed=00:00:00.0055427
Learning progress:
1;234.819444444444 * time_passes + 22.5794444444443 * ipsccp;2.53789513712629;2.53789513712629;2.53789513712629;2.53789513712629;0.001248;2;22.5794444444443 * ipsccp;1;4.18960263562628;
2;233.126666666667 * time_passes + 14.1155555555557 * ipsccp + 10.1566666666663 * simplifycfg;2.53789513712629;2.53789513712629;2.53789513712629;2.53789513712629;0.004737;3;10.1566666666663 * simplifycfg;1;8.88178419700125E-16;
Elapsed=00:00:00.0048472
Learning progress:
1;232.738333333333 * time_passes + 25.2236666666665 * simplifycfg;1.79780690295111;1.79780690295111;1.79780690295111;1.79780690295111;0.001182;2;25.2236666666665 * simplifycfg;1;3.42186533923594;
2;232.738333333333 * time_passes + 16.8399999999997 * simplifycfg + 13.972777777778 * licm;0.699525271165238;0.699525271165238;0.699525271165238;0.699525271165238;0.004596;3;13.972777777778 * licm;1;1.09828163178588;
Elapsed=00:00:00.0046906
Learning progress:
1;238.122777777778 * time_passes + 23.4488888888888 * licm;2.22100949991764;2.22100949991764;2.22100949991764;2.22100949991764;0.0012;2;23.4488888888888 * licm;1;2.92187069503805;
2;210.44 * time_passes + 17.9123333333334 * licm + 33.2193333333334 * gvn;0.808423951248637;0.808423951248637;0.808423951248637;0.808423951248637;0.005408;3;33.2193333333334 * gvn;1;1.412585548669;
Elapsed=00:00:00.0055214
Learning progress:
1;233.69 * time_passes + 19.8761904761903 * inline;5.54525817095311;5.54525817095311;5.54525817095311;5.54525817095311;0.001258;2;19.8761904761903 * inline;1;6.16202672946988;
Elapsed=00:00:00.0043810
Learning progress:
1;233.046666666667 * time_passes + 26.4613333333334 * ipsccp;2.32489426651835;2.32489426651835;2.32489426651835;2.32489426651835;0.001076;2;26.4613333333334 * ipsccp;1;4.69077072388267;
2;222.56 * time_passes + 15.9746666666669 * ipsccp + 20.9733333333329 * inline;2.28053439410601;2.28053439410601;2.28053439410601;2.28053439410601;0.004444;3;20.9733333333329 * inline;1;0.0443598724123428;
Elapsed=00:00:00.0045363
Learning progress:
1;234.819444444444 * time_passes + 22.5794444444443 * ipsccp;2.53789513712629;2.53789513712629;2.53789513712629;2.53789513712629;0.002093;2;22.5794444444443 * ipsccp;1;4.18960263562628;
2;233.126666666667 * time_passes + 14.1155555555557 * ipsccp + 10.1566666666663 * simplifycfg;2.53789513712629;2.53789513712629;2.53789513712629;2.53789513712629;0.005828;3;10.1566666666663 * simplifycfg;1;8.88178419700125E-16;
Elapsed=00:00:00.0059376
Learning progress:
1;232.738333333333 * time_passes + 25.2236666666665 * simplifycfg;1.79780690295111;1.79780690295111;1.79780690295111;1.79780690295111;0.001267;2;25.2236666666665 * simplifycfg;1;3.42186533923594;
2;232.738333333333 * time_passes + 16.8399999999997 * simplifycfg + 13.972777777778 * licm;0.699525271165238;0.699525271165238;0.699525271165238;0.699525271165238;0.004782;3;13.972777777778 * licm;1;1.09828163178588;
Elapsed=00:00:00.0048766
Learning progress:
1;238.122777777778 * time_passes + 23.4488888888888 * licm;2.22100949991764;2.22100949991764;2.22100949991764;2.22100949991764;0.001313;2;23.4488888888888 * licm;1;2.92187069503805;
2;210.44 * time_passes + 17.9123333333334 * licm + 33.2193333333334 * gvn;0.808423951248637;0.808423951248637;0.808423951248637;0.808423951248637;0.004775;3;33.2193333333334 * gvn;1;1.412585548669;
Elapsed=00:00:00.0048869
Learning progress:
1;233.69 * time_passes + 19.8761904761903 * inline;5.54525817095311;5.54525817095311;5.54525817095311;5.54525817095311;0.001205;2;19.8761904761903 * inline;1;6.16202672946988;
Elapsed=00:00:00.0042183
Learning progress:
1;233.046666666667 * time_passes + 26.4613333333334 * ipsccp;2.32489426651835;2.32489426651835;2.32489426651835;2.32489426651835;0.001105;2;26.4613333333334 * ipsccp;1;4.69077072388267;
2;222.56 * time_passes + 15.9746666666669 * ipsccp + 20.9733333333329 * inline;2.28053439410601;2.28053439410601;2.28053439410601;2.28053439410601;0.004723;3;20.9733333333329 * inline;1;0.0443598724123428;
Elapsed=00:00:00.0048166
Learning progress:
1;234.819444444444 * time_passes + 22.5794444444443 * ipsccp;2.53789513712629;2.53789513712629;2.53789513712629;2.53789513712629;0.00121;2;22.5794444444443 * ipsccp;1;4.18960263562628;
2;233.126666666667 * time_passes + 14.1155555555557 * ipsccp + 10.1566666666663 * simplifycfg;2.53789513712629;2.53789513712629;2.53789513712629;2.53789513712629;0.005659;3;10.1566666666663 * simplifycfg;1;8.88178419700125E-16;
Elapsed=00:00:00.0057707
Learning progress:
1;232.738333333333 * time_passes + 25.2236666666665 * simplifycfg;1.79780690295111;1.79780690295111;1.79780690295111;1.79780690295111;0.001116;2;25.2236666666665 * simplifycfg;1;3.42186533923594;
2;232.738333333333 * time_passes + 16.8399999999997 * simplifycfg + 13.972777777778 * licm;0.699525271165238;0.699525271165238;0.699525271165238;0.699525271165238;0.00455;3;13.972777777778 * licm;1;1.09828163178588;
Elapsed=00:00:00.0046449
Learning progress:
1;238.122777777778 * time_passes + 23.4488888888888 * licm;2.22100949991764;2.22100949991764;2.22100949991764;2.22100949991764;0.001201;2;23.4488888888888 * licm;1;2.92187069503805;
2;210.44 * time_passes + 17.9123333333334 * licm + 33.2193333333334 * gvn;0.808423951248637;0.808423951248637;0.808423951248637;0.808423951248637;0.004537;3;33.2193333333334 * gvn;1;1.412585548669;
Elapsed=00:00:00.0046515
Learning progress:
1;233.69 * time_passes + 19.8761904761903 * inline;5.54525817095311;5.54525817095311;5.54525817095311;5.54525817095311;0.001137;2;19.8761904761903 * inline;1;6.16202672946988;
Elapsed=00:00:00.0050786
Learning progress:
1;233.046666666667 * time_passes + 26.4613333333334 * ipsccp;2.32489426651835;2.32489426651835;2.32489426651835;2.32489426651835;0.001091;2;26.4613333333334 * ipsccp;1;4.69077072388267;
2;222.56 * time_passes + 15.9746666666669 * ipsccp + 20.9733333333329 * inline;2.28053439410601;2.28053439410601;2.28053439410601;2.28053439410601;0.004546;3;20.9733333333329 * inline;1;0.0443598724123428;
Elapsed=00:00:00.0046389
Learning progress:
1;234.819444444444 * time_passes + 22.5794444444443 * ipsccp;2.53789513712629;2.53789513712629;2.53789513712629;2.53789513712629;0.001338;2;22.5794444444443 * ipsccp;1;4.18960263562628;
2;233.126666666667 * time_passes + 14.1155555555557 * ipsccp + 10.1566666666663 * simplifycfg;2.53789513712629;2.53789513712629;2.53789513712629;2.53789513712629;0.004987;3;10.1566666666663 * simplifycfg;1;8.88178419700125E-16;
Elapsed=00:00:00.0050973
Learning progress:
1;232.738333333333 * time_passes + 25.2236666666665 * simplifycfg;1.79780690295111;1.79780690295111;1.79780690295111;1.79780690295111;0.002155;2;25.2236666666665 * simplifycfg;1;3.42186533923594;
2;232.738333333333 * time_passes + 16.8399999999997 * simplifycfg + 13.972777777778 * licm;0.699525271165238;0.699525271165238;0.699525271165238;0.699525271165238;0.005586;3;13.972777777778 * licm;1;1.09828163178588;
Elapsed=00:00:00.0056793
Learning progress:
1;238.122777777778 * time_passes + 23.4488888888888 * licm;2.22100949991764;2.22100949991764;2.22100949991764;2.22100949991764;0.001193;2;23.4488888888888 * licm;1;2.92187069503805;
2;210.44 * time_passes + 17.9123333333334 * licm + 33.2193333333334 * gvn;0.808423951248637;0.808423951248637;0.808423951248637;0.808423951248637;0.004533;3;33.2193333333334 * gvn;1;1.412585548669;
Elapsed=00:00:00.0046460
Learning progress:
1;233.69 * time_passes + 19.8761904761903 * inline;5.54525817095311;5.54525817095311;5.54525817095311;5.54525817095311;0.001177;2;19.8761904761903 * inline;1;6.16202672946988;
Elapsed=00:00:00.0041891
Learning progress:
1;233.046666666667 * time_passes + 26.4613333333334 * ipsccp;2.32489426651835;2.32489426651835;2.32489426651835;2.32489426651835;0.001123;2;26.4613333333334 * ipsccp;1;4.69077072388267;
2;222.56 * time_passes + 15.9746666666669 * ipsccp + 20.9733333333329 * inline;2.28053439410601;2.28053439410601;2.28053439410601;2.28053439410601;0.004623;3;20.9733333333329 * inline;1;0.0443598724123428;
Elapsed=00:00:00.0047165
Learning progress:
1;234.819444444444 * time_passes + 22.5794444444443 * ipsccp;2.53789513712629;2.53789513712629;2.53789513712629;2.53789513712629;0.001286;2;22.5794444444443 * ipsccp;1;4.18960263562628;
2;233.126666666667 * time_passes + 14.1155555555557 * ipsccp + 10.1566666666663 * simplifycfg;2.53789513712629;2.53789513712629;2.53789513712629;2.53789513712629;0.004766;3;10.1566666666663 * simplifycfg;1;8.88178419700125E-16;
Elapsed=00:00:00.0048755
Learning progress:
1;232.738333333333 * time_passes + 25.2236666666665 * simplifycfg;1.79780690295111;1.79780690295111;1.79780690295111;1.79780690295111;0.001231;2;25.2236666666665 * simplifycfg;1;3.42186533923594;
2;232.738333333333 * time_passes + 16.8399999999997 * simplifycfg + 13.972777777778 * licm;0.699525271165238;0.699525271165238;0.699525271165238;0.699525271165238;0.005751;3;13.972777777778 * licm;1;1.09828163178588;
Elapsed=00:00:00.0058460
Learning progress:
1;238.122777777778 * time_passes + 23.4488888888888 * licm;2.22100949991764;2.22100949991764;2.22100949991764;2.22100949991764;0.001181;2;23.4488888888888 * licm;1;2.92187069503805;
2;210.44 * time_passes + 17.9123333333334 * licm + 33.2193333333334 * gvn;0.808423951248637;0.808423951248637;0.808423951248637;0.808423951248637;0.004508;3;33.2193333333334 * gvn;1;1.412585548669;
Elapsed=00:00:00.0046197
Learning progress:
1;233.69 * time_passes + 19.8761904761903 * inline;5.54525817095311;5.54525817095311;5.54525817095311;5.54525817095311;0.001123;2;19.8761904761903 * inline;1;6.16202672946988;
Elapsed=00:00:00.0043499
Learning progress:
1;233.046666666667 * time_passes + 26.4613333333334 * ipsccp;2.32489426651835;2.32489426651835;2.32489426651835;2.32489426651835;0.001354;2;26.4613333333334 * ipsccp;1;4.69077072388267;
2;222.56 * time_passes + 15.9746666666669 * ipsccp + 20.9733333333329 * inline;2.28053439410601;2.28053439410601;2.28053439410601;2.28053439410601;0.005894;3;20.9733333333329 * inline;1;0.0443598724123428;
Elapsed=00:00:00.0059889
Learning progress:
1;234.819444444444 * time_passes + 22.5794444444443 * ipsccp;2.53789513712629;2.53789513712629;2.53789513712629;2.53789513712629;0.001139;2;22.5794444444443 * ipsccp;1;4.18960263562628;
2;233.126666666667 * time_passes + 14.1155555555557 * ipsccp + 10.1566666666663 * simplifycfg;2.53789513712629;2.53789513712629;2.53789513712629;2.53789513712629;0.004607;3;10.1566666666663 * simplifycfg;1;8.88178419700125E-16;
Elapsed=00:00:00.0047176
Learning progress:
1;232.738333333333 * time_passes + 25.2236666666665 * simplifycfg;1.79780690295111;1.79780690295111;1.79780690295111;1.79780690295111;0.001357;2;25.2236666666665 * simplifycfg;1;3.42186533923594;
2;232.738333333333 * time_passes + 16.8399999999997 * simplifycfg + 13.972777777778 * licm;0.699525271165238;0.699525271165238;0.699525271165238;0.699525271165238;0.005067;3;13.972777777778 * licm;1;1.09828163178588;
Elapsed=00:00:00.0051603
Learning progress:
1;238.122777777778 * time_passes + 23.4488888888888 * licm;2.22100949991764;2.22100949991764;2.22100949991764;2.22100949991764;0.002212;2;23.4488888888888 * licm;1;2.92187069503805;
2;210.44 * time_passes + 17.9123333333334 * licm + 33.2193333333334 * gvn;0.808423951248637;0.808423951248637;0.808423951248637;0.808423951248637;0.005551;3;33.2193333333334 * gvn;1;1.412585548669;
Elapsed=00:00:00.0056640
Learning progress:
1;233.69 * time_passes + 19.8761904761903 * inline;5.54525817095311;5.54525817095311;5.54525817095311;5.54525817095311;0.000997;2;19.8761904761903 * inline;1;6.16202672946988;
Elapsed=00:00:00.0040624
Learning progress:
1;233.046666666667 * time_passes + 26.4613333333334 * ipsccp;2.32489426651835;2.32489426651835;2.32489426651835;2.32489426651835;0.001194;2;26.4613333333334 * ipsccp;1;4.69077072388267;
2;222.56 * time_passes + 15.9746666666669 * ipsccp + 20.9733333333329 * inline;2.28053439410601;2.28053439410601;2.28053439410601;2.28053439410601;0.004804;3;20.9733333333329 * inline;1;0.0443598724123428;
Elapsed=00:00:00.0048961
Learning progress:
1;234.819444444444 * time_passes + 22.5794444444443 * ipsccp;2.53789513712629;2.53789513712629;2.53789513712629;2.53789513712629;0.001309;2;22.5794444444443 * ipsccp;1;4.18960263562628;
2;233.126666666667 * time_passes + 14.1155555555557 * ipsccp + 10.1566666666663 * simplifycfg;2.53789513712629;2.53789513712629;2.53789513712629;2.53789513712629;0.004805;3;10.1566666666663 * simplifycfg;1;8.88178419700125E-16;
Elapsed=00:00:00.0049166
Learning progress:
1;232.738333333333 * time_passes + 25.2236666666665 * simplifycfg;1.79780690295111;1.79780690295111;1.79780690295111;1.79780690295111;0.001159;2;25.2236666666665 * simplifycfg;1;3.42186533923594;
2;232.738333333333 * time_passes + 16.8399999999997 * simplifycfg + 13.972777777778 * licm;0.699525271165238;0.699525271165238;0.699525271165238;0.699525271165238;0.00458;3;13.972777777778 * licm;1;1.09828163178588;
Elapsed=00:00:00.0046746
Learning progress:
1;238.122777777778 * time_passes + 23.4488888888888 * licm;2.22100949991764;2.22100949991764;2.22100949991764;2.22100949991764;0.001351;2;23.4488888888888 * licm;1;2.92187069503805;
2;210.44 * time_passes + 17.9123333333334 * licm + 33.2193333333334 * gvn;0.808423951248637;0.808423951248637;0.808423951248637;0.808423951248637;0.005869;3;33.2193333333334 * gvn;1;1.412585548669;
Elapsed=00:00:00.0059827
Learning progress:
1;233.69 * time_passes + 19.8761904761903 * inline;5.54525817095311;5.54525817095311;5.54525817095311;5.54525817095311;0.001157;2;19.8761904761903 * inline;1;6.16202672946988;
Elapsed=00:00:00.0041531
Learning progress:
1;233.046666666667 * time_passes + 26.4613333333334 * ipsccp;2.32489426651835;2.32489426651835;2.32489426651835;2.32489426651835;0.001097;2;26.4613333333334 * ipsccp;1;4.69077072388267;
2;222.56 * time_passes + 15.9746666666669 * ipsccp + 20.9733333333329 * inline;2.28053439410601;2.28053439410601;2.28053439410601;2.28053439410601;0.004723;3;20.9733333333329 * inline;1;0.0443598724123428;
Elapsed=00:00:00.0048165
Learning progress:
1;234.819444444444 * time_passes + 22.5794444444443 * ipsccp;2.53789513712629;2.53789513712629;2.53789513712629;2.53789513712629;0.001156;2;22.5794444444443 * ipsccp;1;4.18960263562628;
2;233.126666666667 * time_passes + 14.1155555555557 * ipsccp + 10.1566666666663 * simplifycfg;2.53789513712629;2.53789513712629;2.53789513712629;2.53789513712629;0.005905;3;10.1566666666663 * simplifycfg;1;8.88178419700125E-16;
Elapsed=00:00:00.0060158
Learning progress:
1;232.738333333333 * time_passes + 25.2236666666665 * simplifycfg;1.79780690295111;1.79780690295111;1.79780690295111;1.79780690295111;0.00114;2;25.2236666666665 * simplifycfg;1;3.42186533923594;
2;232.738333333333 * time_passes + 16.8399999999997 * simplifycfg + 13.972777777778 * licm;0.699525271165238;0.699525271165238;0.699525271165238;0.699525271165238;0.004561;3;13.972777777778 * licm;1;1.09828163178588;
Elapsed=00:00:00.0046545
Learning progress:
1;238.122777777778 * time_passes + 23.4488888888888 * licm;2.22100949991764;2.22100949991764;2.22100949991764;2.22100949991764;0.001141;2;23.4488888888888 * licm;1;2.92187069503805;
2;210.44 * time_passes + 17.9123333333334 * licm + 33.2193333333334 * gvn;0.808423951248637;0.808423951248637;0.808423951248637;0.808423951248637;0.004485;3;33.2193333333334 * gvn;1;1.412585548669;
Elapsed=00:00:00.0045971
Learning progress:
1;233.69 * time_passes + 19.8761904761903 * inline;5.54525817095311;5.54525817095311;5.54525817095311;5.54525817095311;0.002027;2;19.8761904761903 * inline;1;6.16202672946988;
Elapsed=00:00:00.0050636
Learning progress:
1;233.046666666667 * time_passes + 26.4613333333334 * ipsccp;2.32489426651835;2.32489426651835;2.32489426651835;2.32489426651835;0.001359;2;26.4613333333334 * ipsccp;1;4.69077072388267;
2;222.56 * time_passes + 15.9746666666669 * ipsccp + 20.9733333333329 * inline;2.28053439410601;2.28053439410601;2.28053439410601;2.28053439410601;0.004753;3;20.9733333333329 * inline;1;0.0443598724123428;
Elapsed=00:00:00.0048505
Learning progress:
1;234.819444444444 * time_passes + 22.5794444444443 * ipsccp;2.53789513712629;2.53789513712629;2.53789513712629;2.53789513712629;0.00112;2;22.5794444444443 * ipsccp;1;4.18960263562628;
2;233.126666666667 * time_passes + 14.1155555555557 * ipsccp + 10.1566666666663 * simplifycfg;2.53789513712629;2.53789513712629;2.53789513712629;2.53789513712629;0.004692;3;10.1566666666663 * simplifycfg;1;8.88178419700125E-16;
Elapsed=00:00:00.0048051
Learning progress:
1;232.738333333333 * time_passes + 25.2236666666665 * simplifycfg;1.79780690295111;1.79780690295111;1.79780690295111;1.79780690295111;0.001134;2;25.2236666666665 * simplifycfg;1;3.42186533923594;
2;232.738333333333 * time_passes + 16.8399999999997 * simplifycfg + 13.972777777778 * licm;0.699525271165238;0.699525271165238;0.699525271165238;0.699525271165238;0.004538;3;13.972777777778 * licm;1;1.09828163178588;
Elapsed=00:00:00.0046324
Learning progress:
1;238.122777777778 * time_passes + 23.4488888888888 * licm;2.22100949991764;2.22100949991764;2.22100949991764;2.22100949991764;0.001383;2;23.4488888888888 * licm;1;2.92187069503805;
2;210.44 * time_passes + 17.9123333333334 * licm + 33.2193333333334 * gvn;0.808423951248637;0.808423951248637;0.808423951248637;0.808423951248637;0.00476;3;33.2193333333334 * gvn;1;1.412585548669;
Elapsed=00:00:00.0048744
Learning progress:
1;233.69 * time_passes + 19.8761904761903 * inline;5.54525817095311;5.54525817095311;5.54525817095311;5.54525817095311;0.00101;2;19.8761904761903 * inline;1;6.16202672946988;
Elapsed=00:00:00.0049020
Learning progress:
1;233.046666666667 * time_passes + 26.4613333333334 * ipsccp;2.32489426651835;2.32489426651835;2.32489426651835;2.32489426651835;0.001091;2;26.4613333333334 * ipsccp;1;4.69077072388267;
2;222.56 * time_passes + 15.9746666666669 * ipsccp + 20.9733333333329 * inline;2.28053439410601;2.28053439410601;2.28053439410601;2.28053439410601;0.004666;3;20.9733333333329 * inline;1;0.0443598724123428;
Elapsed=00:00:00.0047610
Learning progress:
1;234.819444444444 * time_passes + 22.5794444444443 * ipsccp;2.53789513712629;2.53789513712629;2.53789513712629;2.53789513712629;0.00114;2;22.5794444444443 * ipsccp;1;4.18960263562628;
2;233.126666666667 * time_passes + 14.1155555555557 * ipsccp + 10.1566666666663 * simplifycfg;2.53789513712629;2.53789513712629;2.53789513712629;2.53789513712629;0.004587;3;10.1566666666663 * simplifycfg;1;8.88178419700125E-16;
Elapsed=00:00:00.0046984
Learning progress:
1;232.738333333333 * time_passes + 25.2236666666665 * simplifycfg;1.79780690295111;1.79780690295111;1.79780690295111;1.79780690295111;0.001099;2;25.2236666666665 * simplifycfg;1;3.42186533923594;
2;232.738333333333 * time_passes + 16.8399999999997 * simplifycfg + 13.972777777778 * licm;0.699525271165238;0.699525271165238;0.699525271165238;0.699525271165238;0.005437;3;13.972777777778 * licm;1;1.09828163178588;
Elapsed=00:00:00.0055347
Learning progress:
1;238.122777777778 * time_passes + 23.4488888888888 * licm;2.22100949991764;2.22100949991764;2.22100949991764;2.22100949991764;0.001151;2;23.4488888888888 * licm;1;2.92187069503805;
2;210.44 * time_passes + 17.9123333333334 * licm + 33.2193333333334 * gvn;0.808423951248637;0.808423951248637;0.808423951248637;0.808423951248637;0.004506;3;33.2193333333334 * gvn;1;1.412585548669;
Elapsed=00:00:00.0046182
Learning progress:
1;233.69 * time_passes + 19.8761904761903 * inline;5.54525817095311;5.54525817095311;5.54525817095311;5.54525817095311;0.001059;2;19.8761904761903 * inline;1;6.16202672946988;
Elapsed=00:00:00.0042420
Learning progress:
1;233.046666666667 * time_passes + 26.4613333333334 * ipsccp;2.32489426651835;2.32489426651835;2.32489426651835;2.32489426651835;0.001907;2;26.4613333333334 * ipsccp;1;4.69077072388267;
2;222.56 * time_passes + 15.9746666666669 * ipsccp + 20.9733333333329 * inline;2.28053439410601;2.28053439410601;2.28053439410601;2.28053439410601;0.005314;3;20.9733333333329 * inline;1;0.0443598724123428;
Elapsed=00:00:00.0054163
Learning progress:
1;234.819444444444 * time_passes + 22.5794444444443 * ipsccp;2.53789513712629;2.53789513712629;2.53789513712629;2.53789513712629;0.001159;2;22.5794444444443 * ipsccp;1;4.18960263562628;
2;233.126666666667 * time_passes + 14.1155555555557 * ipsccp + 10.1566666666663 * simplifycfg;2.53789513712629;2.53789513712629;2.53789513712629;2.53789513712629;0.004603;3;10.1566666666663 * simplifycfg;1;8.88178419700125E-16;
Elapsed=00:00:00.0047138
Learning progress:
1;232.738333333333 * time_passes + 25.2236666666665 * simplifycfg;1.79780690295111;1.79780690295111;1.79780690295111;1.79780690295111;0.001271;2;25.2236666666665 * simplifycfg;1;3.42186533923594;
2;232.738333333333 * time_passes + 16.8399999999997 * simplifycfg + 13.972777777778 * licm;0.699525271165238;0.699525271165238;0.699525271165238;0.699525271165238;0.00474;3;13.972777777778 * licm;1;1.09828163178588;
Elapsed=00:00:00.0048350
Learning progress:
1;238.122777777778 * time_passes + 23.4488888888888 * licm;2.22100949991764;2.22100949991764;2.22100949991764;2.22100949991764;0.001212;2;23.4488888888888 * licm;1;2.92187069503805;
2;210.44 * time_passes + 17.9123333333334 * licm + 33.2193333333334 * gvn;0.808423951248637;0.808423951248637;0.808423951248637;0.808423951248637;0.004546;3;33.2193333333334 * gvn;1;1.412585548669;
Elapsed=00:00:00.0046584
Learning progress:
1;233.69 * time_passes + 19.8761904761903 * inline;5.54525817095311;5.54525817095311;5.54525817095311;5.54525817095311;0.001045;2;19.8761904761903 * inline;1;6.16202672946988;
Elapsed=00:00:00.0040514
Learning progress:
1;233.046666666667 * time_passes + 26.4613333333334 * ipsccp;2.32489426651835;2.32489426651835;2.32489426651835;2.32489426651835;0.001371;2;26.4613333333334 * ipsccp;1;4.69077072388267;
2;222.56 * time_passes + 15.9746666666669 * ipsccp + 20.9733333333329 * inline;2.28053439410601;2.28053439410601;2.28053439410601;2.28053439410601;0.005999;3;20.9733333333329 * inline;1;0.0443598724123428;
Elapsed=00:00:00.0060956
Learning progress:
1;234.819444444444 * time_passes + 22.5794444444443 * ipsccp;2.53789513712629;2.53789513712629;2.53789513712629;2.53789513712629;0.001307;2;22.5794444444443 * ipsccp;1;4.18960263562628;
2;233.126666666667 * time_passes + 14.1155555555557 * ipsccp + 10.1566666666663 * simplifycfg;2.53789513712629;2.53789513712629;2.53789513712629;2.53789513712629;0.005555;3;10.1566666666663 * simplifycfg;1;8.88178419700125E-16;
Elapsed=00:00:00.0056651
Learning progress:
1;232.738333333333 * time_passes + 25.2236666666665 * simplifycfg;1.79780690295111;1.79780690295111;1.79780690295111;1.79780690295111;0.001099;2;25.2236666666665 * simplifycfg;1;3.42186533923594;
2;232.738333333333 * time_passes + 16.8399999999997 * simplifycfg + 13.972777777778 * licm;0.699525271165238;0.699525271165238;0.699525271165238;0.699525271165238;0.004633;3;13.972777777778 * licm;1;1.09828163178588;
Elapsed=00:00:00.0047276
Learning progress:
1;238.122777777778 * time_passes + 23.4488888888888 * licm;2.22100949991764;2.22100949991764;2.22100949991764;2.22100949991764;0.001208;2;23.4488888888888 * licm;1;2.92187069503805;
2;210.44 * time_passes + 17.9123333333334 * licm + 33.2193333333334 * gvn;0.808423951248637;0.808423951248637;0.808423951248637;0.808423951248637;0.005461;3;33.2193333333334 * gvn;1;1.412585548669;
Elapsed=00:00:00.0055746
Learning progress:
1;233.69 * time_passes + 19.8761904761903 * inline;5.54525817095311;5.54525817095311;5.54525817095311;5.54525817095311;0.001019;2;19.8761904761903 * inline;1;6.16202672946988;
Elapsed=00:00:00.0041619
Learning progress:
1;233.046666666667 * time_passes + 26.4613333333334 * ipsccp;2.32489426651835;2.32489426651835;2.32489426651835;2.32489426651835;0.001404;2;26.4613333333334 * ipsccp;1;4.69077072388267;
2;222.56 * time_passes + 15.9746666666669 * ipsccp + 20.9733333333329 * inline;2.28053439410601;2.28053439410601;2.28053439410601;2.28053439410601;0.005175;3;20.9733333333329 * inline;1;0.0443598724123428;
Elapsed=00:00:00.0052779
Learning progress:
1;234.819444444444 * time_passes + 22.5794444444443 * ipsccp;2.53789513712629;2.53789513712629;2.53789513712629;2.53789513712629;0.001902;2;22.5794444444443 * ipsccp;1;4.18960263562628;
2;233.126666666667 * time_passes + 14.1155555555557 * ipsccp + 10.1566666666663 * simplifycfg;2.53789513712629;2.53789513712629;2.53789513712629;2.53789513712629;0.005389;3;10.1566666666663 * simplifycfg;1;8.88178419700125E-16;
Elapsed=00:00:00.0054990
Learning progress:
1;232.738333333333 * time_passes + 25.2236666666665 * simplifycfg;1.79780690295111;1.79780690295111;1.79780690295111;1.79780690295111;0.001277;2;25.2236666666665 * simplifycfg;1;3.42186533923594;
2;232.738333333333 * time_passes + 16.8399999999997 * simplifycfg + 13.972777777778 * licm;0.699525271165238;0.699525271165238;0.699525271165238;0.699525271165238;0.004924;3;13.972777777778 * licm;1;1.09828163178588;
Elapsed=00:00:00.0050187
Learning progress:
1;238.122777777778 * time_passes + 23.4488888888888 * licm;2.22100949991764;2.22100949991764;2.22100949991764;2.22100949991764;0.001183;2;23.4488888888888 * licm;1;2.92187069503805;
2;210.44 * time_passes + 17.9123333333334 * licm + 33.2193333333334 * gvn;0.808423951248637;0.808423951248637;0.808423951248637;0.808423951248637;0.005382;3;33.2193333333334 * gvn;1;1.412585548669;
Elapsed=00:00:00.0054945
Learning progress:
1;233.69 * time_passes + 19.8761904761903 * inline;5.54525817095311;5.54525817095311;5.54525817095311;5.54525817095311;0.001051;2;19.8761904761903 * inline;1;6.16202672946988;
Elapsed=00:00:00.0040309
Learning progress:
1;233.046666666667 * time_passes + 26.4613333333334 * ipsccp;2.32489426651835;2.32489426651835;2.32489426651835;2.32489426651835;0.001482;2;26.4613333333334 * ipsccp;1;4.69077072388267;
2;222.56 * time_passes + 15.9746666666669 * ipsccp + 20.9733333333329 * inline;2.28053439410601;2.28053439410601;2.28053439410601;2.28053439410601;0.005273;3;20.9733333333329 * inline;1;0.0443598724123428;
Elapsed=00:00:00.0053673
Learning progress:
1;234.819444444444 * time_passes + 22.5794444444443 * ipsccp;2.53789513712629;2.53789513712629;2.53789513712629;2.53789513712629;0.001483;2;22.5794444444443 * ipsccp;1;4.18960263562628;
2;233.126666666667 * time_passes + 14.1155555555557 * ipsccp + 10.1566666666663 * simplifycfg;2.53789513712629;2.53789513712629;2.53789513712629;2.53789513712629;0.006236;3;10.1566666666663 * simplifycfg;1;8.88178419700125E-16;
Elapsed=00:00:00.0063479
Learning progress:
1;232.738333333333 * time_passes + 25.2236666666665 * simplifycfg;1.79780690295111;1.79780690295111;1.79780690295111;1.79780690295111;0.001313;2;25.2236666666665 * simplifycfg;1;3.42186533923594;
2;232.738333333333 * time_passes + 16.8399999999997 * simplifycfg + 13.972777777778 * licm;0.699525271165238;0.699525271165238;0.699525271165238;0.699525271165238;0.004952;3;13.972777777778 * licm;1;1.09828163178588;
Elapsed=00:00:00.0050475
Learning progress:
1;238.122777777778 * time_passes + 23.4488888888888 * licm;2.22100949991764;2.22100949991764;2.22100949991764;2.22100949991764;0.001285;2;23.4488888888888 * licm;1;2.92187069503805;
2;210.44 * time_passes + 17.9123333333334 * licm + 33.2193333333334 * gvn;0.808423951248637;0.808423951248637;0.808423951248637;0.808423951248637;0.004779;3;33.2193333333334 * gvn;1;1.412585548669;
Elapsed=00:00:00.0048920
Learning progress:
1;233.69 * time_passes + 19.8761904761903 * inline;5.54525817095311;5.54525817095311;5.54525817095311;5.54525817095311;0.001034;2;19.8761904761903 * inline;1;6.16202672946988;
Elapsed=00:00:00.0051771
Learning progress:
1;233.046666666667 * time_passes + 26.4613333333334 * ipsccp;2.32489426651835;2.32489426651835;2.32489426651835;2.32489426651835;0.001357;2;26.4613333333334 * ipsccp;1;4.69077072388267;
2;222.56 * time_passes + 15.9746666666669 * ipsccp + 20.9733333333329 * inline;2.28053439410601;2.28053439410601;2.28053439410601;2.28053439410601;0.004978;3;20.9733333333329 * inline;1;0.0443598724123428;
Elapsed=00:00:00.0050716
Learning progress:
1;234.819444444444 * time_passes + 22.5794444444443 * ipsccp;2.53789513712629;2.53789513712629;2.53789513712629;2.53789513712629;0.001457;2;22.5794444444443 * ipsccp;1;4.18960263562628;
2;233.126666666667 * time_passes + 14.1155555555557 * ipsccp + 10.1566666666663 * simplifycfg;2.53789513712629;2.53789513712629;2.53789513712629;2.53789513712629;0.004897;3;10.1566666666663 * simplifycfg;1;8.88178419700125E-16;
Elapsed=00:00:00.0050052
Learning progress:
1;232.738333333333 * time_passes + 25.2236666666665 * simplifycfg;1.79780690295111;1.79780690295111;1.79780690295111;1.79780690295111;0.002038;2;25.2236666666665 * simplifycfg;1;3.42186533923594;
2;232.738333333333 * time_passes + 16.8399999999997 * simplifycfg + 13.972777777778 * licm;0.699525271165238;0.699525271165238;0.699525271165238;0.699525271165238;0.00567;3;13.972777777778 * licm;1;1.09828163178588;
Elapsed=00:00:00.0057641
Learning progress:
1;238.122777777778 * time_passes + 23.4488888888888 * licm;2.22100949991764;2.22100949991764;2.22100949991764;2.22100949991764;0.001182;2;23.4488888888888 * licm;1;2.92187069503805;
2;210.44 * time_passes + 17.9123333333334 * licm + 33.2193333333334 * gvn;0.808423951248637;0.808423951248637;0.808423951248637;0.808423951248637;0.004658;3;33.2193333333334 * gvn;1;1.412585548669;
Elapsed=00:00:00.0047697
Learning progress:
1;233.69 * time_passes + 19.8761904761903 * inline;5.54525817095311;5.54525817095311;5.54525817095311;5.54525817095311;0.001042;2;19.8761904761903 * inline;1;6.16202672946988;
Elapsed=00:00:00.0040660
Learning progress:
1;233.046666666667 * time_passes + 26.4613333333334 * ipsccp;2.32489426651835;2.32489426651835;2.32489426651835;2.32489426651835;0.001324;2;26.4613333333334 * ipsccp;1;4.69077072388267;
2;222.56 * time_passes + 15.9746666666669 * ipsccp + 20.9733333333329 * inline;2.28053439410601;2.28053439410601;2.28053439410601;2.28053439410601;0.004968;3;20.9733333333329 * inline;1;0.0443598724123428;
Elapsed=00:00:00.0050610
Learning progress:
1;234.819444444444 * time_passes + 22.5794444444443 * ipsccp;2.53789513712629;2.53789513712629;2.53789513712629;2.53789513712629;0.001157;2;22.5794444444443 * ipsccp;1;4.18960263562628;
2;233.126666666667 * time_passes + 14.1155555555557 * ipsccp + 10.1566666666663 * simplifycfg;2.53789513712629;2.53789513712629;2.53789513712629;2.53789513712629;0.004605;3;10.1566666666663 * simplifycfg;1;8.88178419700125E-16;
Elapsed=00:00:00.0047139
Learning progress:
1;232.738333333333 * time_passes + 25.2236666666665 * simplifycfg;1.79780690295111;1.79780690295111;1.79780690295111;1.79780690295111;0.00112;2;25.2236666666665 * simplifycfg;1;3.42186533923594;
2;232.738333333333 * time_passes + 16.8399999999997 * simplifycfg + 13.972777777778 * licm;0.699525271165238;0.699525271165238;0.699525271165238;0.699525271165238;0.005521;3;13.972777777778 * licm;1;1.09828163178588;
Elapsed=00:00:00.0056168
Learning progress:
1;238.122777777778 * time_passes + 23.4488888888888 * licm;2.22100949991764;2.22100949991764;2.22100949991764;2.22100949991764;0.001306;2;23.4488888888888 * licm;1;2.92187069503805;
2;210.44 * time_passes + 17.9123333333334 * licm + 33.2193333333334 * gvn;0.808423951248637;0.808423951248637;0.808423951248637;0.808423951248637;0.005112;3;33.2193333333334 * gvn;1;1.412585548669;
Elapsed=00:00:00.0052249
Learning progress:
1;233.69 * time_passes + 19.8761904761903 * inline;5.54525817095311;5.54525817095311;5.54525817095311;5.54525817095311;0.001341;2;19.8761904761903 * inline;1;6.16202672946988;
Elapsed=00:00:00.0044558
Learning progress:
1;233.046666666667 * time_passes + 26.4613333333334 * ipsccp;2.32489426651835;2.32489426651835;2.32489426651835;2.32489426651835;0.001394;2;26.4613333333334 * ipsccp;1;4.69077072388267;
2;222.56 * time_passes + 15.9746666666669 * ipsccp + 20.9733333333329 * inline;2.28053439410601;2.28053439410601;2.28053439410601;2.28053439410601;0.005851;3;20.9733333333329 * inline;1;0.0443598724123428;
Elapsed=00:00:00.0059465
Learning progress:
1;234.819444444444 * time_passes + 22.5794444444443 * ipsccp;2.53789513712629;2.53789513712629;2.53789513712629;2.53789513712629;0.001173;2;22.5794444444443 * ipsccp;1;4.18960263562628;
2;233.126666666667 * time_passes + 14.1155555555557 * ipsccp + 10.1566666666663 * simplifycfg;2.53789513712629;2.53789513712629;2.53789513712629;2.53789513712629;0.004613;3;10.1566666666663 * simplifycfg;1;8.88178419700125E-16;
Elapsed=00:00:00.0047214
Learning progress:
1;232.738333333333 * time_passes + 25.2236666666665 * simplifycfg;1.79780690295111;1.79780690295111;1.79780690295111;1.79780690295111;0.001245;2;25.2236666666665 * simplifycfg;1;3.42186533923594;
2;232.738333333333 * time_passes + 16.8399999999997 * simplifycfg + 13.972777777778 * licm;0.699525271165238;0.699525271165238;0.699525271165238;0.699525271165238;0.004806;3;13.972777777778 * licm;1;1.09828163178588;
Elapsed=00:00:00.0049006
Learning progress:
1;238.122777777778 * time_passes + 23.4488888888888 * licm;2.22100949991764;2.22100949991764;2.22100949991764;2.22100949991764;0.002151;2;23.4488888888888 * licm;1;2.92187069503805;
2;210.44 * time_passes + 17.9123333333334 * licm + 33.2193333333334 * gvn;0.808423951248637;0.808423951248637;0.808423951248637;0.808423951248637;0.005609;3;33.2193333333334 * gvn;1;1.412585548669;
Elapsed=00:00:00.0057213
Learning progress:
1;233.69 * time_passes + 19.8761904761903 * inline;5.54525817095311;5.54525817095311;5.54525817095311;5.54525817095311;0.001168;2;19.8761904761903 * inline;1;6.16202672946988;
Elapsed=00:00:00.0042794
Learning progress:
1;233.046666666667 * time_passes + 26.4613333333334 * ipsccp;2.32489426651835;2.32489426651835;2.32489426651835;2.32489426651835;0.001265;2;26.4613333333334 * ipsccp;1;4.69077072388267;
2;222.56 * time_passes + 15.9746666666669 * ipsccp + 20.9733333333329 * inline;2.28053439410601;2.28053439410601;2.28053439410601;2.28053439410601;0.004671;3;20.9733333333329 * inline;1;0.0443598724123428;
Elapsed=00:00:00.0047647
Learning progress:
1;234.819444444444 * time_passes + 22.5794444444443 * ipsccp;2.53789513712629;2.53789513712629;2.53789513712629;2.53789513712629;0.001157;2;22.5794444444443 * ipsccp;1;4.18960263562628;
2;233.126666666667 * time_passes + 14.1155555555557 * ipsccp + 10.1566666666663 * simplifycfg;2.53789513712629;2.53789513712629;2.53789513712629;2.53789513712629;0.004747;3;10.1566666666663 * simplifycfg;1;8.88178419700125E-16;
Elapsed=00:00:00.0048570
Learning progress:
1;232.738333333333 * time_passes + 25.2236666666665 * simplifycfg;1.79780690295111;1.79780690295111;1.79780690295111;1.79780690295111;0.001127;2;25.2236666666665 * simplifycfg;1;3.42186533923594;
2;232.738333333333 * time_passes + 16.8399999999997 * simplifycfg + 13.972777777778 * licm;0.699525271165238;0.699525271165238;0.699525271165238;0.699525271165238;0.004557;3;13.972777777778 * licm;1;1.09828163178588;
Elapsed=00:00:00.0046514
Learning progress:
1;238.122777777778 * time_passes + 23.4488888888888 * licm;2.22100949991764;2.22100949991764;2.22100949991764;2.22100949991764;0.001284;2;23.4488888888888 * licm;1;2.92187069503805;
2;210.44 * time_passes + 17.9123333333334 * licm + 33.2193333333334 * gvn;0.808423951248637;0.808423951248637;0.808423951248637;0.808423951248637;0.005761;3;33.2193333333334 * gvn;1;1.412585548669;
Elapsed=00:00:00.0058749
Learning progress:
1;233.69 * time_passes + 19.8761904761903 * inline;5.54525817095311;5.54525817095311;5.54525817095311;5.54525817095311;0.001057;2;19.8761904761903 * inline;1;6.16202672946988;
Elapsed=00:00:00.0041152
Learning progress:
1;233.046666666667 * time_passes + 26.4613333333334 * ipsccp;2.32489426651835;2.32489426651835;2.32489426651835;2.32489426651835;0.001085;2;26.4613333333334 * ipsccp;1;4.69077072388267;
2;222.56 * time_passes + 15.9746666666669 * ipsccp + 20.9733333333329 * inline;2.28053439410601;2.28053439410601;2.28053439410601;2.28053439410601;0.004716;3;20.9733333333329 * inline;1;0.0443598724123428;
Elapsed=00:00:00.0048099
Learning progress:
1;234.819444444444 * time_passes + 22.5794444444443 * ipsccp;2.53789513712629;2.53789513712629;2.53789513712629;2.53789513712629;0.00115;2;22.5794444444443 * ipsccp;1;4.18960263562628;
2;233.126666666667 * time_passes + 14.1155555555557 * ipsccp + 10.1566666666663 * simplifycfg;2.53789513712629;2.53789513712629;2.53789513712629;2.53789513712629;0.005609;3;10.1566666666663 * simplifycfg;1;8.88178419700125E-16;
Elapsed=00:00:00.0057608
Learning progress:
1;232.738333333333 * time_passes + 25.2236666666665 * simplifycfg;1.79780690295111;1.79780690295111;1.79780690295111;1.79780690295111;0.001264;2;25.2236666666665 * simplifycfg;1;3.42186533923594;
2;232.738333333333 * time_passes + 16.8399999999997 * simplifycfg + 13.972777777778 * licm;0.699525271165238;0.699525271165238;0.699525271165238;0.699525271165238;0.00471;3;13.972777777778 * licm;1;1.09828163178588;
Elapsed=00:00:00.0048043
Learning progress:
1;238.122777777778 * time_passes + 23.4488888888888 * licm;2.22100949991764;2.22100949991764;2.22100949991764;2.22100949991764;0.001335;2;23.4488888888888 * licm;1;2.92187069503805;
2;210.44 * time_passes + 17.9123333333334 * licm + 33.2193333333334 * gvn;0.808423951248637;0.808423951248637;0.808423951248637;0.808423951248637;0.004706;3;33.2193333333334 * gvn;1;1.412585548669;
Elapsed=00:00:00.0048181
Learning progress:
1;233.69 * time_passes + 19.8761904761903 * inline;5.54525817095311;5.54525817095311;5.54525817095311;5.54525817095311;0.002193;2;19.8761904761903 * inline;1;6.16202672946988;
Elapsed=00:00:00.0052686
Learning progress:
1;233.046666666667 * time_passes + 26.4613333333334 * ipsccp;2.32489426651835;2.32489426651835;2.32489426651835;2.32489426651835;0.001238;2;26.4613333333334 * ipsccp;1;4.69077072388267;
2;222.56 * time_passes + 15.9746666666669 * ipsccp + 20.9733333333329 * inline;2.28053439410601;2.28053439410601;2.28053439410601;2.28053439410601;0.00465;3;20.9733333333329 * inline;1;0.0443598724123428;
Elapsed=00:00:00.0047441
Learning progress:
1;234.819444444444 * time_passes + 22.5794444444443 * ipsccp;2.53789513712629;2.53789513712629;2.53789513712629;2.53789513712629;0.0013;2;22.5794444444443 * ipsccp;1;4.18960263562628;
2;233.126666666667 * time_passes + 14.1155555555557 * ipsccp + 10.1566666666663 * simplifycfg;2.53789513712629;2.53789513712629;2.53789513712629;2.53789513712629;0.004734;3;10.1566666666663 * simplifycfg;1;8.88178419700125E-16;
Elapsed=00:00:00.0048442
Learning progress:
1;232.738333333333 * time_passes + 25.2236666666665 * simplifycfg;1.79780690295111;1.79780690295111;1.79780690295111;1.79780690295111;0.001109;2;25.2236666666665 * simplifycfg;1;3.42186533923594;
2;232.738333333333 * time_passes + 16.8399999999997 * simplifycfg + 13.972777777778 * licm;0.699525271165238;0.699525271165238;0.699525271165238;0.699525271165238;0.00452;3;13.972777777778 * licm;1;1.09828163178588;
Elapsed=00:00:00.0046128
Learning progress:
1;238.122777777778 * time_passes + 23.4488888888888 * licm;2.22100949991764;2.22100949991764;2.22100949991764;2.22100949991764;0.001216;2;23.4488888888888 * licm;1;2.92187069503805;
2;210.44 * time_passes + 17.9123333333334 * licm + 33.2193333333334 * gvn;0.808423951248637;0.808423951248637;0.808423951248637;0.808423951248637;0.004549;3;33.2193333333334 * gvn;1;1.412585548669;
Elapsed=00:00:00.0046781
Learning progress:
1;233.69 * time_passes + 19.8761904761903 * inline;5.54525817095311;5.54525817095311;5.54525817095311;5.54525817095311;0.001036;2;19.8761904761903 * inline;1;6.16202672946988;
Elapsed=00:00:00.0055751
Learning progress:
1;233.046666666667 * time_passes + 26.4613333333334 * ipsccp;2.32489426651835;2.32489426651835;2.32489426651835;2.32489426651835;0.001098;2;26.4613333333334 * ipsccp;1;4.69077072388267;
2;222.56 * time_passes + 15.9746666666669 * ipsccp + 20.9733333333329 * inline;2.28053439410601;2.28053439410601;2.28053439410601;2.28053439410601;0.004684;3;20.9733333333329 * inline;1;0.0443598724123428;
Elapsed=00:00:00.0047921
Learning progress:
1;234.819444444444 * time_passes + 22.5794444444443 * ipsccp;2.53789513712629;2.53789513712629;2.53789513712629;2.53789513712629;0.001276;2;22.5794444444443 * ipsccp;1;4.18960263562628;
2;233.126666666667 * time_passes + 14.1155555555557 * ipsccp + 10.1566666666663 * simplifycfg;2.53789513712629;2.53789513712629;2.53789513712629;2.53789513712629;0.004711;3;10.1566666666663 * simplifycfg;1;8.88178419700125E-16;
Elapsed=00:00:00.0048296
Learning progress:
1;232.738333333333 * time_passes + 25.2236666666665 * simplifycfg;1.79780690295111;1.79780690295111;1.79780690295111;1.79780690295111;0.001288;2;25.2236666666665 * simplifycfg;1;3.42186533923594;
2;232.738333333333 * time_passes + 16.8399999999997 * simplifycfg + 13.972777777778 * licm;0.699525271165238;0.699525271165238;0.699525271165238;0.699525271165238;0.005829;3;13.972777777778 * licm;1;1.09828163178588;
Elapsed=00:00:00.0059240
Learning progress:
1;238.122777777778 * time_passes + 23.4488888888888 * licm;2.22100949991764;2.22100949991764;2.22100949991764;2.22100949991764;0.001292;2;23.4488888888888 * licm;1;2.92187069503805;
2;210.44 * time_passes + 17.9123333333334 * licm + 33.2193333333334 * gvn;0.808423951248637;0.808423951248637;0.808423951248637;0.808423951248637;0.004775;3;33.2193333333334 * gvn;1;1.412585548669;
Elapsed=00:00:00.0048862
Learning progress:
1;233.69 * time_passes + 19.8761904761903 * inline;5.54525817095311;5.54525817095311;5.54525817095311;5.54525817095311;0.001019;2;19.8761904761903 * inline;1;6.16202672946988;
Elapsed=00:00:00.0039814
Learning progress:
1;233.046666666667 * time_passes + 26.4613333333334 * ipsccp;2.32489426651835;2.32489426651835;2.32489426651835;2.32489426651835;0.002232;2;26.4613333333334 * ipsccp;1;4.69077072388267;
2;222.56 * time_passes + 15.9746666666669 * ipsccp + 20.9733333333329 * inline;2.28053439410601;2.28053439410601;2.28053439410601;2.28053439410601;0.005703;3;20.9733333333329 * inline;1;0.0443598724123428;
Elapsed=00:00:00.0057975
Learning progress:
1;234.819444444444 * time_passes + 22.5794444444443 * ipsccp;2.53789513712629;2.53789513712629;2.53789513712629;2.53789513712629;0.001146;2;22.5794444444443 * ipsccp;1;4.18960263562628;
2;233.126666666667 * time_passes + 14.1155555555557 * ipsccp + 10.1566666666663 * simplifycfg;2.53789513712629;2.53789513712629;2.53789513712629;2.53789513712629;0.004696;3;10.1566666666663 * simplifycfg;1;8.88178419700125E-16;
Elapsed=00:00:00.0048055
Learning progress:
1;232.738333333333 * time_passes + 25.2236666666665 * simplifycfg;1.79780690295111;1.79780690295111;1.79780690295111;1.79780690295111;0.001125;2;25.2236666666665 * simplifycfg;1;3.42186533923594;
2;232.738333333333 * time_passes + 16.8399999999997 * simplifycfg + 13.972777777778 * licm;0.699525271165238;0.699525271165238;0.699525271165238;0.699525271165238;0.004566;3;13.972777777778 * licm;1;1.09828163178588;
Elapsed=00:00:00.0046623
Learning progress:
1;238.122777777778 * time_passes + 23.4488888888888 * licm;2.22100949991764;2.22100949991764;2.22100949991764;2.22100949991764;0.00119;2;23.4488888888888 * licm;1;2.92187069503805;
2;210.44 * time_passes + 17.9123333333334 * licm + 33.2193333333334 * gvn;0.808423951248637;0.808423951248637;0.808423951248637;0.808423951248637;0.004537;3;33.2193333333334 * gvn;1;1.412585548669;
Elapsed=00:00:00.0046513
Learning progress:
1;233.69 * time_passes + 19.8761904761903 * inline;5.54525817095311;5.54525817095311;5.54525817095311;5.54525817095311;0.001234;2;19.8761904761903 * inline;1;6.16202672946988;
Elapsed=00:00:00.0042549
Learning progress:
1;233.046666666667 * time_passes + 26.4613333333334 * ipsccp;2.32489426651835;2.32489426651835;2.32489426651835;2.32489426651835;0.00124;2;26.4613333333334 * ipsccp;1;4.69077072388267;
2;222.56 * time_passes + 15.9746666666669 * ipsccp + 20.9733333333329 * inline;2.28053439410601;2.28053439410601;2.28053439410601;2.28053439410601;0.005617;3;20.9733333333329 * inline;1;0.0443598724123428;
Elapsed=00:00:00.0057131
Learning progress:
1;234.819444444444 * time_passes + 22.5794444444443 * ipsccp;2.53789513712629;2.53789513712629;2.53789513712629;2.53789513712629;0.001404;2;22.5794444444443 * ipsccp;1;4.18960263562628;
2;233.126666666667 * time_passes + 14.1155555555557 * ipsccp + 10.1566666666663 * simplifycfg;2.53789513712629;2.53789513712629;2.53789513712629;2.53789513712629;0.004833;3;10.1566666666663 * simplifycfg;1;8.88178419700125E-16;
Elapsed=00:00:00.0049421
Learning progress:
1;232.738333333333 * time_passes + 25.2236666666665 * simplifycfg;1.79780690295111;1.79780690295111;1.79780690295111;1.79780690295111;0.001215;2;25.2236666666665 * simplifycfg;1;3.42186533923594;
2;232.738333333333 * time_passes + 16.8399999999997 * simplifycfg + 13.972777777778 * licm;0.699525271165238;0.699525271165238;0.699525271165238;0.699525271165238;0.004705;3;13.972777777778 * licm;1;1.09828163178588;
Elapsed=00:00:00.0047997
Learning progress:
1;238.122777777778 * time_passes + 23.4488888888888 * licm;2.22100949991764;2.22100949991764;2.22100949991764;2.22100949991764;0.00135;2;23.4488888888888 * licm;1;2.92187069503805;
2;210.44 * time_passes + 17.9123333333334 * licm + 33.2193333333334 * gvn;0.808423951248637;0.808423951248637;0.808423951248637;0.808423951248637;0.005763;3;33.2193333333334 * gvn;1;1.412585548669;
Elapsed=00:00:00.0058989
Learning progress:
1;233.69 * time_passes + 19.8761904761903 * inline;5.54525817095311;5.54525817095311;5.54525817095311;5.54525817095311;0.001046;2;19.8761904761903 * inline;1;6.16202672946988;
Elapsed=00:00:00.0042144
Learning progress:
1;233.046666666667 * time_passes + 26.4613333333334 * ipsccp;2.32489426651835;2.32489426651835;2.32489426651835;2.32489426651835;0.001406;2;26.4613333333334 * ipsccp;1;4.69077072388267;
2;222.56 * time_passes + 15.9746666666669 * ipsccp + 20.9733333333329 * inline;2.28053439410601;2.28053439410601;2.28053439410601;2.28053439410601;0.004904;3;20.9733333333329 * inline;1;0.0443598724123428;
Elapsed=00:00:00.0049976
Learning progress:
1;234.819444444444 * time_passes + 22.5794444444443 * ipsccp;2.53789513712629;2.53789513712629;2.53789513712629;2.53789513712629;0.00228;2;22.5794444444443 * ipsccp;1;4.18960263562628;
2;233.126666666667 * time_passes + 14.1155555555557 * ipsccp + 10.1566666666663 * simplifycfg;2.53789513712629;2.53789513712629;2.53789513712629;2.53789513712629;0.005758;3;10.1566666666663 * simplifycfg;1;8.88178419700125E-16;
Elapsed=00:00:00.0058678
Learning progress:
1;232.738333333333 * time_passes + 25.2236666666665 * simplifycfg;1.79780690295111;1.79780690295111;1.79780690295111;1.79780690295111;0.001105;2;25.2236666666665 * simplifycfg;1;3.42186533923594;
2;232.738333333333 * time_passes + 16.8399999999997 * simplifycfg + 13.972777777778 * licm;0.699525271165238;0.699525271165238;0.699525271165238;0.699525271165238;0.004521;3;13.972777777778 * licm;1;1.09828163178588;
Elapsed=00:00:00.0046150
Learning progress:
1;238.122777777778 * time_passes + 23.4488888888888 * licm;2.22100949991764;2.22100949991764;2.22100949991764;2.22100949991764;0.001218;2;23.4488888888888 * licm;1;2.92187069503805;
2;210.44 * time_passes + 17.9123333333334 * licm + 33.2193333333334 * gvn;0.808423951248637;0.808423951248637;0.808423951248637;0.808423951248637;0.004606;3;33.2193333333334 * gvn;1;1.412585548669;
Elapsed=00:00:00.0047206
Learning progress:
1;233.69 * time_passes + 19.8761904761903 * inline;5.54525817095311;5.54525817095311;5.54525817095311;5.54525817095311;0.001032;2;19.8761904761903 * inline;1;6.16202672946988;
Elapsed=00:00:00.0039967
Learning progress:
1;233.046666666667 * time_passes + 26.4613333333334 * ipsccp;2.32489426651835;2.32489426651835;2.32489426651835;2.32489426651835;0.001267;2;26.4613333333334 * ipsccp;1;4.69077072388267;
2;222.56 * time_passes + 15.9746666666669 * ipsccp + 20.9733333333329 * inline;2.28053439410601;2.28053439410601;2.28053439410601;2.28053439410601;0.004883;3;20.9733333333329 * inline;1;0.0443598724123428;
Elapsed=00:00:00.0049779
Learning progress:
1;234.819444444444 * time_passes + 22.5794444444443 * ipsccp;2.53789513712629;2.53789513712629;2.53789513712629;2.53789513712629;0.001144;2;22.5794444444443 * ipsccp;1;4.18960263562628;
2;233.126666666667 * time_passes + 14.1155555555557 * ipsccp + 10.1566666666663 * simplifycfg;2.53789513712629;2.53789513712629;2.53789513712629;2.53789513712629;0.005827;3;10.1566666666663 * simplifycfg;1;8.88178419700125E-16;
Elapsed=00:00:00.0059393
Learning progress:
1;232.738333333333 * time_passes + 25.2236666666665 * simplifycfg;1.79780690295111;1.79780690295111;1.79780690295111;1.79780690295111;0.001122;2;25.2236666666665 * simplifycfg;1;3.42186533923594;
2;232.738333333333 * time_passes + 16.8399999999997 * simplifycfg + 13.972777777778 * licm;0.699525271165238;0.699525271165238;0.699525271165238;0.699525271165238;0.004504;3;13.972777777778 * licm;1;1.09828163178588;
Elapsed=00:00:00.0046251
Learning progress:
1;238.122777777778 * time_passes + 23.4488888888888 * licm;2.22100949991764;2.22100949991764;2.22100949991764;2.22100949991764;0.001403;2;23.4488888888888 * licm;1;2.92187069503805;
2;210.44 * time_passes + 17.9123333333334 * licm + 33.2193333333334 * gvn;0.808423951248637;0.808423951248637;0.808423951248637;0.808423951248637;0.004751;3;33.2193333333334 * gvn;1;1.412585548669;
Elapsed=00:00:00.0048638
Learning progress:
1;233.69 * time_passes + 19.8761904761903 * inline;5.54525817095311;5.54525817095311;5.54525817095311;5.54525817095311;0.001048;2;19.8761904761903 * inline;1;6.16202672946988;
Elapsed=00:00:00.0050631
Learning progress:
1;233.046666666667 * time_passes + 26.4613333333334 * ipsccp;2.32489426651835;2.32489426651835;2.32489426651835;2.32489426651835;0.001099;2;26.4613333333334 * ipsccp;1;4.69077072388267;
2;222.56 * time_passes + 15.9746666666669 * ipsccp + 20.9733333333329 * inline;2.28053439410601;2.28053439410601;2.28053439410601;2.28053439410601;0.004655;3;20.9733333333329 * inline;1;0.0443598724123428;
Elapsed=00:00:00.0047472
Learning progress:
1;234.819444444444 * time_passes + 22.5794444444443 * ipsccp;2.53789513712629;2.53789513712629;2.53789513712629;2.53789513712629;0.001286;2;22.5794444444443 * ipsccp;1;4.18960263562628;
2;233.126666666667 * time_passes + 14.1155555555557 * ipsccp + 10.1566666666663 * simplifycfg;2.53789513712629;2.53789513712629;2.53789513712629;2.53789513712629;0.004881;3;10.1566666666663 * simplifycfg;1;8.88178419700125E-16;
Elapsed=00:00:00.0049899
Learning progress:
1;232.738333333333 * time_passes + 25.2236666666665 * simplifycfg;1.79780690295111;1.79780690295111;1.79780690295111;1.79780690295111;0.002173;2;25.2236666666665 * simplifycfg;1;3.42186533923594;
2;232.738333333333 * time_passes + 16.8399999999997 * simplifycfg + 13.972777777778 * licm;0.699525271165238;0.699525271165238;0.699525271165238;0.699525271165238;0.005614;3;13.972777777778 * licm;1;1.09828163178588;
Elapsed=00:00:00.0057099
Learning progress:
1;238.122777777778 * time_passes + 23.4488888888888 * licm;2.22100949991764;2.22100949991764;2.22100949991764;2.22100949991764;0.001324;2;23.4488888888888 * licm;1;2.92187069503805;
2;210.44 * time_passes + 17.9123333333334 * licm + 33.2193333333334 * gvn;0.808423951248637;0.808423951248637;0.808423951248637;0.808423951248637;0.004686;3;33.2193333333334 * gvn;1;1.412585548669;
Elapsed=00:00:00.0047994
Learning progress:
1;233.69 * time_passes + 19.8761904761903 * inline;5.54525817095311;5.54525817095311;5.54525817095311;5.54525817095311;0.001278;2;19.8761904761903 * inline;1;6.16202672946988;
Elapsed=00:00:00.0042224
Learning progress:
1;233.046666666667 * time_passes + 26.4613333333334 * ipsccp;2.32489426651835;2.32489426651835;2.32489426651835;2.32489426651835;0.001408;2;26.4613333333334 * ipsccp;1;4.69077072388267;
2;222.56 * time_passes + 15.9746666666669 * ipsccp + 20.9733333333329 * inline;2.28053439410601;2.28053439410601;2.28053439410601;2.28053439410601;0.00511;3;20.9733333333329 * inline;1;0.0443598724123428;
Elapsed=00:00:00.0052035
Learning progress:
1;234.819444444444 * time_passes + 22.5794444444443 * ipsccp;2.53789513712629;2.53789513712629;2.53789513712629;2.53789513712629;0.001256;2;22.5794444444443 * ipsccp;1;4.18960263562628;
2;233.126666666667 * time_passes + 14.1155555555557 * ipsccp + 10.1566666666663 * simplifycfg;2.53789513712629;2.53789513712629;2.53789513712629;2.53789513712629;0.004733;3;10.1566666666663 * simplifycfg;1;8.88178419700125E-16;
Elapsed=00:00:00.0048443
Learning progress:
1;232.738333333333 * time_passes + 25.2236666666665 * simplifycfg;1.79780690295111;1.79780690295111;1.79780690295111;1.79780690295111;0.001287;2;25.2236666666665 * simplifycfg;1;3.42186533923594;
2;232.738333333333 * time_passes + 16.8399999999997 * simplifycfg + 13.972777777778 * licm;0.699525271165238;0.699525271165238;0.699525271165238;0.699525271165238;0.005878;3;13.972777777778 * licm;1;1.09828163178588;
Elapsed=00:00:00.0059840
Learning progress:
1;238.122777777778 * time_passes + 23.4488888888888 * licm;2.22100949991764;2.22100949991764;2.22100949991764;2.22100949991764;0.001221;2;23.4488888888888 * licm;1;2.92187069503805;
2;210.44 * time_passes + 17.9123333333334 * licm + 33.2193333333334 * gvn;0.808423951248637;0.808423951248637;0.808423951248637;0.808423951248637;0.005458;3;33.2193333333334 * gvn;1;1.412585548669;
Elapsed=00:00:00.0055707
Learning progress:
1;233.69 * time_passes + 19.8761904761903 * inline;5.54525817095311;5.54525817095311;5.54525817095311;5.54525817095311;0.001185;2;19.8761904761903 * inline;1;6.16202672946988;
Elapsed=00:00:00.0041744
Learning progress:
1;233.046666666667 * time_passes + 26.4613333333334 * ipsccp;2.32489426651835;2.32489426651835;2.32489426651835;2.32489426651835;0.001465;2;26.4613333333334 * ipsccp;1;4.69077072388267;
2;222.56 * time_passes + 15.9746666666669 * ipsccp + 20.9733333333329 * inline;2.28053439410601;2.28053439410601;2.28053439410601;2.28053439410601;0.005949;3;20.9733333333329 * inline;1;0.0443598724123428;
Elapsed=00:00:00.0060507
Learning progress:
1;234.819444444444 * time_passes + 22.5794444444443 * ipsccp;2.53789513712629;2.53789513712629;2.53789513712629;2.53789513712629;0.001281;2;22.5794444444443 * ipsccp;1;4.18960263562628;
2;233.126666666667 * time_passes + 14.1155555555557 * ipsccp + 10.1566666666663 * simplifycfg;2.53789513712629;2.53789513712629;2.53789513712629;2.53789513712629;0.004954;3;10.1566666666663 * simplifycfg;1;8.88178419700125E-16;
Elapsed=00:00:00.0050647
Learning progress:
1;232.738333333333 * time_passes + 25.2236666666665 * simplifycfg;1.79780690295111;1.79780690295111;1.79780690295111;1.79780690295111;0.00111;2;25.2236666666665 * simplifycfg;1;3.42186533923594;
2;232.738333333333 * time_passes + 16.8399999999997 * simplifycfg + 13.972777777778 * licm;0.699525271165238;0.699525271165238;0.699525271165238;0.699525271165238;0.004534;3;13.972777777778 * licm;1;1.09828163178588;
Elapsed=00:00:00.0046284
Learning progress:
1;238.122777777778 * time_passes + 23.4488888888888 * licm;2.22100949991764;2.22100949991764;2.22100949991764;2.22100949991764;0.002191;2;23.4488888888888 * licm;1;2.92187069503805;
2;210.44 * time_passes + 17.9123333333334 * licm + 33.2193333333334 * gvn;0.808423951248637;0.808423951248637;0.808423951248637;0.808423951248637;0.005577;3;33.2193333333334 * gvn;1;1.412585548669;
Elapsed=00:00:00.0056896
Learning progress:
1;233.69 * time_passes + 19.8761904761903 * inline;5.54525817095311;5.54525817095311;5.54525817095311;5.54525817095311;0.001357;2;19.8761904761903 * inline;1;6.16202672946988;
Elapsed=00:00:00.0043508
Learning progress:
1;233.046666666667 * time_passes + 26.4613333333334 * ipsccp;2.32489426651835;2.32489426651835;2.32489426651835;2.32489426651835;0.001449;2;26.4613333333334 * ipsccp;1;4.69077072388267;
2;222.56 * time_passes + 15.9746666666669 * ipsccp + 20.9733333333329 * inline;2.28053439410601;2.28053439410601;2.28053439410601;2.28053439410601;0.005202;3;20.9733333333329 * inline;1;0.0443598724123428;
Elapsed=00:00:00.0052988
Learning progress:
1;234.819444444444 * time_passes + 22.5794444444443 * ipsccp;2.53789513712629;2.53789513712629;2.53789513712629;2.53789513712629;0.001179;2;22.5794444444443 * ipsccp;1;4.18960263562628;
2;233.126666666667 * time_passes + 14.1155555555557 * ipsccp + 10.1566666666663 * simplifycfg;2.53789513712629;2.53789513712629;2.53789513712629;2.53789513712629;0.004637;3;10.1566666666663 * simplifycfg;1;8.88178419700125E-16;
Elapsed=00:00:00.0047474
Learning progress:
1;232.738333333333 * time_passes + 25.2236666666665 * simplifycfg;1.79780690295111;1.79780690295111;1.79780690295111;1.79780690295111;0.001442;2;25.2236666666665 * simplifycfg;1;3.42186533923594;
2;232.738333333333 * time_passes + 16.8399999999997 * simplifycfg + 13.972777777778 * licm;0.699525271165238;0.699525271165238;0.699525271165238;0.699525271165238;0.00487;3;13.972777777778 * licm;1;1.09828163178588;
Elapsed=00:00:00.0049729
Learning progress:
1;238.122777777778 * time_passes + 23.4488888888888 * licm;2.22100949991764;2.22100949991764;2.22100949991764;2.22100949991764;0.001338;2;23.4488888888888 * licm;1;2.92187069503805;
2;210.44 * time_passes + 17.9123333333334 * licm + 33.2193333333334 * gvn;0.808423951248637;0.808423951248637;0.808423951248637;0.808423951248637;0.005996;3;33.2193333333334 * gvn;1;1.412585548669;
Elapsed=00:00:00.0061112
Learning progress:
1;233.69 * time_passes + 19.8761904761903 * inline;5.54525817095311;5.54525817095311;5.54525817095311;5.54525817095311;0.00134;2;19.8761904761903 * inline;1;6.16202672946988;
Elapsed=00:00:00.0044181
Learning progress:
1;233.046666666667 * time_passes + 26.4613333333334 * ipsccp;2.32489426651835;2.32489426651835;2.32489426651835;2.32489426651835;0.001096;2;26.4613333333334 * ipsccp;1;4.69077072388267;
2;222.56 * time_passes + 15.9746666666669 * ipsccp + 20.9733333333329 * inline;2.28053439410601;2.28053439410601;2.28053439410601;2.28053439410601;0.004467;3;20.9733333333329 * inline;1;0.0443598724123428;
Elapsed=00:00:00.0045605
Learning progress:
1;234.819444444444 * time_passes + 22.5794444444443 * ipsccp;2.53789513712629;2.53789513712629;2.53789513712629;2.53789513712629;0.001479;2;22.5794444444443 * ipsccp;1;4.18960263562628;
2;233.126666666667 * time_passes + 14.1155555555557 * ipsccp + 10.1566666666663 * simplifycfg;2.53789513712629;2.53789513712629;2.53789513712629;2.53789513712629;0.006006;3;10.1566666666663 * simplifycfg;1;8.88178419700125E-16;
Elapsed=00:00:00.0061172
Learning progress:
1;232.738333333333 * time_passes + 25.2236666666665 * simplifycfg;1.79780690295111;1.79780690295111;1.79780690295111;1.79780690295111;0.001362;2;25.2236666666665 * simplifycfg;1;3.42186533923594;
2;232.738333333333 * time_passes + 16.8399999999997 * simplifycfg + 13.972777777778 * licm;0.699525271165238;0.699525271165238;0.699525271165238;0.699525271165238;0.004805;3;13.972777777778 * licm;1;1.09828163178588;
Elapsed=00:00:00.0048998
Learning progress:
1;238.122777777778 * time_passes + 23.4488888888888 * licm;2.22100949991764;2.22100949991764;2.22100949991764;2.22100949991764;0.001315;2;23.4488888888888 * licm;1;2.92187069503805;
2;210.44 * time_passes + 17.9123333333334 * licm + 33.2193333333334 * gvn;0.808423951248637;0.808423951248637;0.808423951248637;0.808423951248637;0.004695;3;33.2193333333334 * gvn;1;1.412585548669;
Elapsed=00:00:00.0048056
Learning progress:
1;233.69 * time_passes + 19.8761904761903 * inline;5.54525817095311;5.54525817095311;5.54525817095311;5.54525817095311;0.001398;2;19.8761904761903 * inline;1;6.16202672946988;
Elapsed=00:00:00.0045725
Learning progress:
1;233.046666666667 * time_passes + 26.4613333333334 * ipsccp;2.32489426651835;2.32489426651835;2.32489426651835;2.32489426651835;0.001376;2;26.4613333333334 * ipsccp;1;4.69077072388267;
2;222.56 * time_passes + 15.9746666666669 * ipsccp + 20.9733333333329 * inline;2.28053439410601;2.28053439410601;2.28053439410601;2.28053439410601;0.00481;3;20.9733333333329 * inline;1;0.0443598724123428;
Elapsed=00:00:00.0049022
Learning progress:
1;234.819444444444 * time_passes + 22.5794444444443 * ipsccp;2.53789513712629;2.53789513712629;2.53789513712629;2.53789513712629;0.001291;2;22.5794444444443 * ipsccp;1;4.18960263562628;
2;233.126666666667 * time_passes + 14.1155555555557 * ipsccp + 10.1566666666663 * simplifycfg;2.53789513712629;2.53789513712629;2.53789513712629;2.53789513712629;0.005906;3;10.1566666666663 * simplifycfg;1;8.88178419700125E-16;
Elapsed=00:00:00.0060174
Learning progress:
1;232.738333333333 * time_passes + 25.2236666666665 * simplifycfg;1.79780690295111;1.79780690295111;1.79780690295111;1.79780690295111;0.001103;2;25.2236666666665 * simplifycfg;1;3.42186533923594;
2;232.738333333333 * time_passes + 16.8399999999997 * simplifycfg + 13.972777777778 * licm;0.699525271165238;0.699525271165238;0.699525271165238;0.699525271165238;0.004921;3;13.972777777778 * licm;1;1.09828163178588;
Elapsed=00:00:00.0050157
Learning progress:
1;238.122777777778 * time_passes + 23.4488888888888 * licm;2.22100949991764;2.22100949991764;2.22100949991764;2.22100949991764;0.001384;2;23.4488888888888 * licm;1;2.92187069503805;
2;210.44 * time_passes + 17.9123333333334 * licm + 33.2193333333334 * gvn;0.808423951248637;0.808423951248637;0.808423951248637;0.808423951248637;0.00486;3;33.2193333333334 * gvn;1;1.412585548669;
Elapsed=00:00:00.0049885
Learning progress:
1;233.69 * time_passes + 19.8761904761903 * inline;5.54525817095311;5.54525817095311;5.54525817095311;5.54525817095311;0.001177;2;19.8761904761903 * inline;1;6.16202672946988;
Elapsed=00:00:00.0055055
Learning progress:
1;233.046666666667 * time_passes + 26.4613333333334 * ipsccp;2.32489426651835;2.32489426651835;2.32489426651835;2.32489426651835;0.00106;2;26.4613333333334 * ipsccp;1;4.69077072388267;
2;222.56 * time_passes + 15.9746666666669 * ipsccp + 20.9733333333329 * inline;2.28053439410601;2.28053439410601;2.28053439410601;2.28053439410601;0.004821;3;20.9733333333329 * inline;1;0.0443598724123428;
Elapsed=00:00:00.0049161
Learning progress:
1;234.819444444444 * time_passes + 22.5794444444443 * ipsccp;2.53789513712629;2.53789513712629;2.53789513712629;2.53789513712629;0.001266;2;22.5794444444443 * ipsccp;1;4.18960263562628;
2;233.126666666667 * time_passes + 14.1155555555557 * ipsccp + 10.1566666666663 * simplifycfg;2.53789513712629;2.53789513712629;2.53789513712629;2.53789513712629;0.004846;3;10.1566666666663 * simplifycfg;1;8.88178419700125E-16;
Elapsed=00:00:00.0049553
Learning progress:
1;232.738333333333 * time_passes + 25.2236666666665 * simplifycfg;1.79780690295111;1.79780690295111;1.79780690295111;1.79780690295111;0.00232;2;25.2236666666665 * simplifycfg;1;3.42186533923594;
2;232.738333333333 * time_passes + 16.8399999999997 * simplifycfg + 13.972777777778 * licm;0.699525271165238;0.699525271165238;0.699525271165238;0.699525271165238;0.005761;3;13.972777777778 * licm;1;1.09828163178588;
Elapsed=00:00:00.0058556
Learning progress:
1;238.122777777778 * time_passes + 23.4488888888888 * licm;2.22100949991764;2.22100949991764;2.22100949991764;2.22100949991764;0.001427;2;23.4488888888888 * licm;1;2.92187069503805;
2;210.44 * time_passes + 17.9123333333334 * licm + 33.2193333333334 * gvn;0.808423951248637;0.808423951248637;0.808423951248637;0.808423951248637;0.004767;3;33.2193333333334 * gvn;1;1.412585548669;
Elapsed=00:00:00.0048789
Learning progress:
1;233.69 * time_passes + 19.8761904761903 * inline;5.54525817095311;5.54525817095311;5.54525817095311;5.54525817095311;0.001423;2;19.8761904761903 * inline;1;6.16202672946988;
Elapsed=00:00:00.0045612
Learning progress:
1;233.046666666667 * time_passes + 26.4613333333334 * ipsccp;2.32489426651835;2.32489426651835;2.32489426651835;2.32489426651835;0.00114;2;26.4613333333334 * ipsccp;1;4.69077072388267;
2;222.56 * time_passes + 15.9746666666669 * ipsccp + 20.9733333333329 * inline;2.28053439410601;2.28053439410601;2.28053439410601;2.28053439410601;0.004638;3;20.9733333333329 * inline;1;0.0443598724123428;
Elapsed=00:00:00.0047307
Learning progress:
1;234.819444444444 * time_passes + 22.5794444444443 * ipsccp;2.53789513712629;2.53789513712629;2.53789513712629;2.53789513712629;0.001158;2;22.5794444444443 * ipsccp;1;4.18960263562628;
2;233.126666666667 * time_passes + 14.1155555555557 * ipsccp + 10.1566666666663 * simplifycfg;2.53789513712629;2.53789513712629;2.53789513712629;2.53789513712629;0.004584;3;10.1566666666663 * simplifycfg;1;8.88178419700125E-16;
Elapsed=00:00:00.0046947
Learning progress:
1;232.738333333333 * time_passes + 25.2236666666665 * simplifycfg;1.79780690295111;1.79780690295111;1.79780690295111;1.79780690295111;0.001267;2;25.2236666666665 * simplifycfg;1;3.42186533923594;
2;232.738333333333 * time_passes + 16.8399999999997 * simplifycfg + 13.972777777778 * licm;0.699525271165238;0.699525271165238;0.699525271165238;0.699525271165238;0.005712;3;13.972777777778 * licm;1;1.09828163178588;
Elapsed=00:00:00.0058096
Learning progress:
1;238.122777777778 * time_passes + 23.4488888888888 * licm;2.22100949991764;2.22100949991764;2.22100949991764;2.22100949991764;0.001432;2;23.4488888888888 * licm;1;2.92187069503805;
2;210.44 * time_passes + 17.9123333333334 * licm + 33.2193333333334 * gvn;0.808423951248637;0.808423951248637;0.808423951248637;0.808423951248637;0.00477;3;33.2193333333334 * gvn;1;1.412585548669;
Elapsed=00:00:00.0048820
Learning progress:
1;233.69 * time_passes + 19.8761904761903 * inline;5.54525817095311;5.54525817095311;5.54525817095311;5.54525817095311;0.001135;2;19.8761904761903 * inline;1;6.16202672946988;
Elapsed=00:00:00.0042548
Learning progress:
1;233.046666666667 * time_passes + 26.4613333333334 * ipsccp;2.32489426651835;2.32489426651835;2.32489426651835;2.32489426651835;0.001384;2;26.4613333333334 * ipsccp;1;4.69077072388267;
2;222.56 * time_passes + 15.9746666666669 * ipsccp + 20.9733333333329 * inline;2.28053439410601;2.28053439410601;2.28053439410601;2.28053439410601;0.005982;3;20.9733333333329 * inline;1;0.0443598724123428;
Elapsed=00:00:00.0060758
Learning progress:
1;234.819444444444 * time_passes + 22.5794444444443 * ipsccp;2.53789513712629;2.53789513712629;2.53789513712629;2.53789513712629;0.001279;2;22.5794444444443 * ipsccp;1;4.18960263562628;
2;233.126666666667 * time_passes + 14.1155555555557 * ipsccp + 10.1566666666663 * simplifycfg;2.53789513712629;2.53789513712629;2.53789513712629;2.53789513712629;0.00482;3;10.1566666666663 * simplifycfg;1;8.88178419700125E-16;
Elapsed=00:00:00.0049301
Learning progress:
1;232.738333333333 * time_passes + 25.2236666666665 * simplifycfg;1.79780690295111;1.79780690295111;1.79780690295111;1.79780690295111;0.001249;2;25.2236666666665 * simplifycfg;1;3.42186533923594;
2;232.738333333333 * time_passes + 16.8399999999997 * simplifycfg + 13.972777777778 * licm;0.699525271165238;0.699525271165238;0.699525271165238;0.699525271165238;0.00469;3;13.972777777778 * licm;1;1.09828163178588;
Elapsed=00:00:00.0047850
Learning progress:
1;238.122777777778 * time_passes + 23.4488888888888 * licm;2.22100949991764;2.22100949991764;2.22100949991764;2.22100949991764;0.002304;2;23.4488888888888 * licm;1;2.92187069503805;
2;210.44 * time_passes + 17.9123333333334 * licm + 33.2193333333334 * gvn;0.808423951248637;0.808423951248637;0.808423951248637;0.808423951248637;0.005648;3;33.2193333333334 * gvn;1;1.412585548669;
Elapsed=00:00:00.0057612
Learning progress:
1;233.69 * time_passes + 19.8761904761903 * inline;5.54525817095311;5.54525817095311;5.54525817095311;5.54525817095311;0.00111;2;19.8761904761903 * inline;1;6.16202672946988;
Elapsed=00:00:00.0040985
Learning progress:
1;233.046666666667 * time_passes + 26.4613333333334 * ipsccp;2.32489426651835;2.32489426651835;2.32489426651835;2.32489426651835;0.001222;2;26.4613333333334 * ipsccp;1;4.69077072388267;
2;222.56 * time_passes + 15.9746666666669 * ipsccp + 20.9733333333329 * inline;2.28053439410601;2.28053439410601;2.28053439410601;2.28053439410601;0.004793;3;20.9733333333329 * inline;1;0.0443598724123428;
Elapsed=00:00:00.0049092
Learning progress:
1;234.819444444444 * time_passes + 22.5794444444443 * ipsccp;2.53789513712629;2.53789513712629;2.53789513712629;2.53789513712629;0.001163;2;22.5794444444443 * ipsccp;1;4.18960263562628;
2;233.126666666667 * time_passes + 14.1155555555557 * ipsccp + 10.1566666666663 * simplifycfg;2.53789513712629;2.53789513712629;2.53789513712629;2.53789513712629;0.004605;3;10.1566666666663 * simplifycfg;1;8.88178419700125E-16;
Elapsed=00:00:00.0047152
Learning progress:
1;232.738333333333 * time_passes + 25.2236666666665 * simplifycfg;1.79780690295111;1.79780690295111;1.79780690295111;1.79780690295111;0.00149;2;25.2236666666665 * simplifycfg;1;3.42186533923594;
2;232.738333333333 * time_passes + 16.8399999999997 * simplifycfg + 13.972777777778 * licm;0.699525271165238;0.699525271165238;0.699525271165238;0.699525271165238;0.005034;3;13.972777777778 * licm;1;1.09828163178588;
Elapsed=00:00:00.0051279
Learning progress:
1;238.122777777778 * time_passes + 23.4488888888888 * licm;2.22100949991764;2.22100949991764;2.22100949991764;2.22100949991764;0.001358;2;23.4488888888888 * licm;1;2.92187069503805;
2;210.44 * time_passes + 17.9123333333334 * licm + 33.2193333333334 * gvn;0.808423951248637;0.808423951248637;0.808423951248637;0.808423951248637;0.005921;3;33.2193333333334 * gvn;1;1.412585548669;
Elapsed=00:00:00.0060438
Learning progress:
1;233.69 * time_passes + 19.8761904761903 * inline;5.54525817095311;5.54525817095311;5.54525817095311;5.54525817095311;0.001165;2;19.8761904761903 * inline;1;6.16202672946988;
Elapsed=00:00:00.0042234
Learning progress:
1;233.046666666667 * time_passes + 26.4613333333334 * ipsccp;2.32489426651835;2.32489426651835;2.32489426651835;2.32489426651835;0.001073;2;26.4613333333334 * ipsccp;1;4.69077072388267;
2;222.56 * time_passes + 15.9746666666669 * ipsccp + 20.9733333333329 * inline;2.28053439410601;2.28053439410601;2.28053439410601;2.28053439410601;0.00446;3;20.9733333333329 * inline;1;0.0443598724123428;
Elapsed=00:00:00.0045546
Learning progress:
1;234.819444444444 * time_passes + 22.5794444444443 * ipsccp;2.53789513712629;2.53789513712629;2.53789513712629;2.53789513712629;0.001143;2;22.5794444444443 * ipsccp;1;4.18960263562628;
2;233.126666666667 * time_passes + 14.1155555555557 * ipsccp + 10.1566666666663 * simplifycfg;2.53789513712629;2.53789513712629;2.53789513712629;2.53789513712629;0.005946;3;10.1566666666663 * simplifycfg;1;8.88178419700125E-16;
Elapsed=00:00:00.0060568
Learning progress:
1;232.738333333333 * time_passes + 25.2236666666665 * simplifycfg;1.79780690295111;1.79780690295111;1.79780690295111;1.79780690295111;0.001242;2;25.2236666666665 * simplifycfg;1;3.42186533923594;
2;232.738333333333 * time_passes + 16.8399999999997 * simplifycfg + 13.972777777778 * licm;0.699525271165238;0.699525271165238;0.699525271165238;0.699525271165238;0.004804;3;13.972777777778 * licm;1;1.09828163178588;
Elapsed=00:00:00.0048996
Learning progress:
1;238.122777777778 * time_passes + 23.4488888888888 * licm;2.22100949991764;2.22100949991764;2.22100949991764;2.22100949991764;0.001181;2;23.4488888888888 * licm;1;2.92187069503805;
2;210.44 * time_passes + 17.9123333333334 * licm + 33.2193333333334 * gvn;0.808423951248637;0.808423951248637;0.808423951248637;0.808423951248637;0.004522;3;33.2193333333334 * gvn;1;1.412585548669;
Elapsed=00:00:00.0046346
Learning progress:
1;233.69 * time_passes + 19.8761904761903 * inline;5.54525817095311;5.54525817095311;5.54525817095311;5.54525817095311;0.002188;2;19.8761904761903 * inline;1;6.16202672946988;
Elapsed=00:00:00.0051908
Learning progress:
1;233.046666666667 * time_passes + 26.4613333333334 * ipsccp;2.32489426651835;2.32489426651835;2.32489426651835;2.32489426651835;0.001412;2;26.4613333333334 * ipsccp;1;4.69077072388267;
2;222.56 * time_passes + 15.9746666666669 * ipsccp + 20.9733333333329 * inline;2.28053439410601;2.28053439410601;2.28053439410601;2.28053439410601;0.004967;3;20.9733333333329 * inline;1;0.0443598724123428;
Elapsed=00:00:00.0050600
Learning progress:
1;234.819444444444 * time_passes + 22.5794444444443 * ipsccp;2.53789513712629;2.53789513712629;2.53789513712629;2.53789513712629;0.001146;2;22.5794444444443 * ipsccp;1;4.18960263562628;
2;233.126666666667 * time_passes + 14.1155555555557 * ipsccp + 10.1566666666663 * simplifycfg;2.53789513712629;2.53789513712629;2.53789513712629;2.53789513712629;0.004615;3;10.1566666666663 * simplifycfg;1;8.88178419700125E-16;
Elapsed=00:00:00.0047241
Learning progress:
1;232.738333333333 * time_passes + 25.2236666666665 * simplifycfg;1.79780690295111;1.79780690295111;1.79780690295111;1.79780690295111;0.001263;2;25.2236666666665 * simplifycfg;1;3.42186533923594;
2;232.738333333333 * time_passes + 16.8399999999997 * simplifycfg + 13.972777777778 * licm;0.699525271165238;0.699525271165238;0.699525271165238;0.699525271165238;0.004682;3;13.972777777778 * licm;1;1.09828163178588;
Elapsed=00:00:00.0047765
Learning progress:
1;238.122777777778 * time_passes + 23.4488888888888 * licm;2.22100949991764;2.22100949991764;2.22100949991764;2.22100949991764;0.001199;2;23.4488888888888 * licm;1;2.92187069503805;
2;210.44 * time_passes + 17.9123333333334 * licm + 33.2193333333334 * gvn;0.808423951248637;0.808423951248637;0.808423951248637;0.808423951248637;0.004692;3;33.2193333333334 * gvn;1;1.412585548669;
Elapsed=00:00:00.0048159
Learning progress:
1;233.69 * time_passes + 19.8761904761903 * inline;5.54525817095311;5.54525817095311;5.54525817095311;5.54525817095311;0.00104;2;19.8761904761903 * inline;1;6.16202672946988;
Elapsed=00:00:00.0052246
Learning progress:
1;233.046666666667 * time_passes + 26.4613333333334 * ipsccp;2.32489426651835;2.32489426651835;2.32489426651835;2.32489426651835;0.001454;2;26.4613333333334 * ipsccp;1;4.69077072388267;
2;222.56 * time_passes + 15.9746666666669 * ipsccp + 20.9733333333329 * inline;2.28053439410601;2.28053439410601;2.28053439410601;2.28053439410601;0.005207;3;20.9733333333329 * inline;1;0.0443598724123428;
Elapsed=00:00:00.0053005
Learning progress:
1;234.819444444444 * time_passes + 22.5794444444443 * ipsccp;2.53789513712629;2.53789513712629;2.53789513712629;2.53789513712629;0.001328;2;22.5794444444443 * ipsccp;1;4.18960263562628;
2;233.126666666667 * time_passes + 14.1155555555557 * ipsccp + 10.1566666666663 * simplifycfg;2.53789513712629;2.53789513712629;2.53789513712629;2.53789513712629;0.004771;3;10.1566666666663 * simplifycfg;1;8.88178419700125E-16;
Elapsed=00:00:00.0048800
Learning progress:
1;232.738333333333 * time_passes + 25.2236666666665 * simplifycfg;1.79780690295111;1.79780690295111;1.79780690295111;1.79780690295111;0.001129;2;25.2236666666665 * simplifycfg;1;3.42186533923594;
2;232.738333333333 * time_passes + 16.8399999999997 * simplifycfg + 13.972777777778 * licm;0.699525271165238;0.699525271165238;0.699525271165238;0.699525271165238;0.005539;3;13.972777777778 * licm;1;1.09828163178588;
Elapsed=00:00:00.0056335
Learning progress:
1;238.122777777778 * time_passes + 23.4488888888888 * licm;2.22100949991764;2.22100949991764;2.22100949991764;2.22100949991764;0.001313;2;23.4488888888888 * licm;1;2.92187069503805;
2;210.44 * time_passes + 17.9123333333334 * licm + 33.2193333333334 * gvn;0.808423951248637;0.808423951248637;0.808423951248637;0.808423951248637;0.004795;3;33.2193333333334 * gvn;1;1.412585548669;
Elapsed=00:00:00.0049080
Learning progress:
1;233.69 * time_passes + 19.8761904761903 * inline;5.54525817095311;5.54525817095311;5.54525817095311;5.54525817095311;0.001038;2;19.8761904761903 * inline;1;6.16202672946988;
Elapsed=00:00:00.0040570
Learning progress:
1;233.046666666667 * time_passes + 26.4613333333334 * ipsccp;2.32489426651835;2.32489426651835;2.32489426651835;2.32489426651835;0.002288;2;26.4613333333334 * ipsccp;1;4.69077072388267;
2;222.56 * time_passes + 15.9746666666669 * ipsccp + 20.9733333333329 * inline;2.28053439410601;2.28053439410601;2.28053439410601;2.28053439410601;0.005958;3;20.9733333333329 * inline;1;0.0443598724123428;
Elapsed=00:00:00.0060512
Learning progress:
1;234.819444444444 * time_passes + 22.5794444444443 * ipsccp;2.53789513712629;2.53789513712629;2.53789513712629;2.53789513712629;0.001267;2;22.5794444444443 * ipsccp;1;4.18960263562628;
2;233.126666666667 * time_passes + 14.1155555555557 * ipsccp + 10.1566666666663 * simplifycfg;2.53789513712629;2.53789513712629;2.53789513712629;2.53789513712629;0.004663;3;10.1566666666663 * simplifycfg;1;8.88178419700125E-16;
Elapsed=00:00:00.0047946
Learning progress:
1;232.738333333333 * time_passes + 25.2236666666665 * simplifycfg;1.79780690295111;1.79780690295111;1.79780690295111;1.79780690295111;0.001242;2;25.2236666666665 * simplifycfg;1;3.42186533923594;
2;232.738333333333 * time_passes + 16.8399999999997 * simplifycfg + 13.972777777778 * licm;0.699525271165238;0.699525271165238;0.699525271165238;0.699525271165238;0.0047;3;13.972777777778 * licm;1;1.09828163178588;
Elapsed=00:00:00.0047958
Learning progress:
1;238.122777777778 * time_passes + 23.4488888888888 * licm;2.22100949991764;2.22100949991764;2.22100949991764;2.22100949991764;0.001213;2;23.4488888888888 * licm;1;2.92187069503805;
2;210.44 * time_passes + 17.9123333333334 * licm + 33.2193333333334 * gvn;0.808423951248637;0.808423951248637;0.808423951248637;0.808423951248637;0.004546;3;33.2193333333334 * gvn;1;1.412585548669;
Elapsed=00:00:00.0046588
Learning progress:
1;233.69 * time_passes + 19.8761904761903 * inline;5.54525817095311;5.54525817095311;5.54525817095311;5.54525817095311;0.001168;2;19.8761904761903 * inline;1;6.16202672946988;
Elapsed=00:00:00.0046551
Learning progress:
1;233.046666666667 * time_passes + 26.4613333333334 * ipsccp;2.32489426651835;2.32489426651835;2.32489426651835;2.32489426651835;0.001336;2;26.4613333333334 * ipsccp;1;4.69077072388267;
2;222.56 * time_passes + 15.9746666666669 * ipsccp + 20.9733333333329 * inline;2.28053439410601;2.28053439410601;2.28053439410601;2.28053439410601;0.005904;3;20.9733333333329 * inline;1;0.0443598724123428;
Elapsed=00:00:00.0060213
Learning progress:
1;234.819444444444 * time_passes + 22.5794444444443 * ipsccp;2.53789513712629;2.53789513712629;2.53789513712629;2.53789513712629;0.001287;2;22.5794444444443 * ipsccp;1;4.18960263562628;
2;233.126666666667 * time_passes + 14.1155555555557 * ipsccp + 10.1566666666663 * simplifycfg;2.53789513712629;2.53789513712629;2.53789513712629;2.53789513712629;0.004861;3;10.1566666666663 * simplifycfg;1;8.88178419700125E-16;
Elapsed=00:00:00.0049705
Learning progress:
1;232.738333333333 * time_passes + 25.2236666666665 * simplifycfg;1.79780690295111;1.79780690295111;1.79780690295111;1.79780690295111;0.001097;2;25.2236666666665 * simplifycfg;1;3.42186533923594;
2;232.738333333333 * time_passes + 16.8399999999997 * simplifycfg + 13.972777777778 * licm;0.699525271165238;0.699525271165238;0.699525271165238;0.699525271165238;0.004618;3;13.972777777778 * licm;1;1.09828163178588;
Elapsed=00:00:00.0047121
Learning progress:
1;238.122777777778 * time_passes + 23.4488888888888 * licm;2.22100949991764;2.22100949991764;2.22100949991764;2.22100949991764;0.001362;2;23.4488888888888 * licm;1;2.92187069503805;
2;210.44 * time_passes + 17.9123333333334 * licm + 33.2193333333334 * gvn;0.808423951248637;0.808423951248637;0.808423951248637;0.808423951248637;0.005624;3;33.2193333333334 * gvn;1;1.412585548669;
Elapsed=00:00:00.0057369
Learning progress:
1;233.69 * time_passes + 19.8761904761903 * inline;5.54525817095311;5.54525817095311;5.54525817095311;5.54525817095311;0.001023;2;19.8761904761903 * inline;1;6.16202672946988;
Elapsed=00:00:00.0040465
Learning progress:
1;233.046666666667 * time_passes + 26.4613333333334 * ipsccp;2.32489426651835;2.32489426651835;2.32489426651835;2.32489426651835;0.001367;2;26.4613333333334 * ipsccp;1;4.69077072388267;
2;222.56 * time_passes + 15.9746666666669 * ipsccp + 20.9733333333329 * inline;2.28053439410601;2.28053439410601;2.28053439410601;2.28053439410601;0.004857;3;20.9733333333329 * inline;1;0.0443598724123428;
Elapsed=00:00:00.0049495
Learning progress:
1;234.819444444444 * time_passes + 22.5794444444443 * ipsccp;2.53789513712629;2.53789513712629;2.53789513712629;2.53789513712629;0.002191;2;22.5794444444443 * ipsccp;1;4.18960263562628;
2;233.126666666667 * time_passes + 14.1155555555557 * ipsccp + 10.1566666666663 * simplifycfg;2.53789513712629;2.53789513712629;2.53789513712629;2.53789513712629;0.005645;3;10.1566666666663 * simplifycfg;1;8.88178419700125E-16;
Elapsed=00:00:00.0057548
Learning progress:
1;232.738333333333 * time_passes + 25.2236666666665 * simplifycfg;1.79780690295111;1.79780690295111;1.79780690295111;1.79780690295111;0.001104;2;25.2236666666665 * simplifycfg;1;3.42186533923594;
2;232.738333333333 * time_passes + 16.8399999999997 * simplifycfg + 13.972777777778 * licm;0.699525271165238;0.699525271165238;0.699525271165238;0.699525271165238;0.004439;3;13.972777777778 * licm;1;1.09828163178588;
Elapsed=00:00:00.0045326
Learning progress:
1;238.122777777778 * time_passes + 23.4488888888888 * licm;2.22100949991764;2.22100949991764;2.22100949991764;2.22100949991764;0.001172;2;23.4488888888888 * licm;1;2.92187069503805;
2;210.44 * time_passes + 17.9123333333334 * licm + 33.2193333333334 * gvn;0.808423951248637;0.808423951248637;0.808423951248637;0.808423951248637;0.004522;3;33.2193333333334 * gvn;1;1.412585548669;
Elapsed=00:00:00.0046358
Learning progress:
1;233.69 * time_passes + 19.8761904761903 * inline;5.54525817095311;5.54525817095311;5.54525817095311;5.54525817095311;0.001049;2;19.8761904761903 * inline;1;6.16202672946988;
Elapsed=00:00:00.0040061
Learning progress:
1;233.046666666667 * time_passes + 26.4613333333334 * ipsccp;2.32489426651835;2.32489426651835;2.32489426651835;2.32489426651835;0.001374;2;26.4613333333334 * ipsccp;1;4.69077072388267;
2;222.56 * time_passes + 15.9746666666669 * ipsccp + 20.9733333333329 * inline;2.28053439410601;2.28053439410601;2.28053439410601;2.28053439410601;0.005028;3;20.9733333333329 * inline;1;0.0443598724123428;
Elapsed=00:00:00.0051202
Learning progress:
1;234.819444444444 * time_passes + 22.5794444444443 * ipsccp;2.53789513712629;2.53789513712629;2.53789513712629;2.53789513712629;0.001214;2;22.5794444444443 * ipsccp;1;4.18960263562628;
2;233.126666666667 * time_passes + 14.1155555555557 * ipsccp + 10.1566666666663 * simplifycfg;2.53789513712629;2.53789513712629;2.53789513712629;2.53789513712629;0.005802;3;10.1566666666663 * simplifycfg;1;8.88178419700125E-16;
Elapsed=00:00:00.0059120
Learning progress:
1;232.738333333333 * time_passes + 25.2236666666665 * simplifycfg;1.79780690295111;1.79780690295111;1.79780690295111;1.79780690295111;0.001103;2;25.2236666666665 * simplifycfg;1;3.42186533923594;
2;232.738333333333 * time_passes + 16.8399999999997 * simplifycfg + 13.972777777778 * licm;0.699525271165238;0.699525271165238;0.699525271165238;0.699525271165238;0.004499;3;13.972777777778 * licm;1;1.09828163178588;
Elapsed=00:00:00.0045931
Learning progress:
1;238.122777777778 * time_passes + 23.4488888888888 * licm;2.22100949991764;2.22100949991764;2.22100949991764;2.22100949991764;0.001349;2;23.4488888888888 * licm;1;2.92187069503805;
2;210.44 * time_passes + 17.9123333333334 * licm + 33.2193333333334 * gvn;0.808423951248637;0.808423951248637;0.808423951248637;0.808423951248637;0.004821;3;33.2193333333334 * gvn;1;1.412585548669;
Elapsed=00:00:00.0049339
Learning progress:
1;233.69 * time_passes + 19.8761904761903 * inline;5.54525817095311;5.54525817095311;5.54525817095311;5.54525817095311;0.001047;2;19.8761904761903 * inline;1;6.16202672946988;
Elapsed=00:00:00.0049971
Learning progress:
1;233.046666666667 * time_passes + 26.4613333333334 * ipsccp;2.32489426651835;2.32489426651835;2.32489426651835;2.32489426651835;0.00137;2;26.4613333333334 * ipsccp;1;4.69077072388267;
2;222.56 * time_passes + 15.9746666666669 * ipsccp + 20.9733333333329 * inline;2.28053439410601;2.28053439410601;2.28053439410601;2.28053439410601;0.004869;3;20.9733333333329 * inline;1;0.0443598724123428;
Elapsed=00:00:00.0049628
Learning progress:
1;234.819444444444 * time_passes + 22.5794444444443 * ipsccp;2.53789513712629;2.53789513712629;2.53789513712629;2.53789513712629;0.001358;2;22.5794444444443 * ipsccp;1;4.18960263562628;
2;233.126666666667 * time_passes + 14.1155555555557 * ipsccp + 10.1566666666663 * simplifycfg;2.53789513712629;2.53789513712629;2.53789513712629;2.53789513712629;0.004915;3;10.1566666666663 * simplifycfg;1;8.88178419700125E-16;
Elapsed=00:00:00.0050247
Learning progress:
1;232.738333333333 * time_passes + 25.2236666666665 * simplifycfg;1.79780690295111;1.79780690295111;1.79780690295111;1.79780690295111;0.002202;2;25.2236666666665 * simplifycfg;1;3.42186533923594;
2;232.738333333333 * time_passes + 16.8399999999997 * simplifycfg + 13.972777777778 * licm;0.699525271165238;0.699525271165238;0.699525271165238;0.699525271165238;0.005646;3;13.972777777778 * licm;1;1.09828163178588;
Elapsed=00:00:00.0057411
Error of optimal parameters: 2.37432738491986
Optimal parameters abortError:1;minImprovementPerRound:0.1;lossFunction:RELATIVE;quadraticFunctionSupport:True;learn-logFunction:True;learn-asymFunction:True;learn-ratioFunction:True;withHierarchy:False;useBackward:False;
Learning progress:
1;234.819444444444 * time_passes + 24.6885555555555 * ipsccp;3.38895192994463;3.38895192994463;3.38895192994463;3.38895192994463;0.002027;2;24.6885555555555 * ipsccp;1;0.990107176826244;
2;210.44 * time_passes + 19.8126666666666 * ipsccp + 29.2553333333331 * gvn;2.16946840498011;2.16946840498011;2.16946840498011;2.16946840498011;0.007194;3;29.2553333333331 * gvn;1;1.21948352496452;
3;210.44 * time_passes + 15.8091111111111 * ipsccp + 23.2499999999999 * gvn + 10.0088888888889 * inline;1.36193801599955;1.36193801599955;1.36193801599955;1.36193801599955;0.020038;4;10.0088888888889 * inline;1;0.80753038898056;
4;210.44 * time_passes + 25.7711111111116 * ipsccp + 23.25 * gvn + 10.0088888888887 * inline + -12.4525000000004 * print_used_types;0.84255808531413;0.84255808531413;0.84255808531413;0.84255808531413;0.035857;5;-12.4525000000004 * print_used_types;1;0.519379930685419;
Elapsed=00:00:00.0361393
command: clean-sampling
command: clean-global
command: script ./learn_divDistBased_t2.a
command: log ./out_divDistBased_t2Predictions.log
