Current machine learning settings: epsilon:0 lossFunction:RELATIVE parallelization:True bagging:False baggingNumbers:3 considerEpsilonTube:False baggingTestDataFraction:50 useBackward:False abortError:1 limitFeatureSize:False featureSizeTreshold:4 quadraticFunctionSupport:True crossValidation:False crossValidation-k:5 learn-logFunction:False learn-accumulatedLogFunction:False learn-asymFunction:False learn-ratioFunction:False learn-mirrowedFunction:False learn-numeric-disabled:True numberOfRounds:70 backwardErrorDelta:1 minImprovementPerRound:0.1 withHierarchy:False bruteForceCandidates:False ignoreBadFeatures:False stopOnLongRound:True candidateSizePenalty:True learnTimeLimit:00:00:00 scoreMeasure:RELERROR outputRoundsToStdout:False debug:False pythonInfluenceAnalysis:False blacklisted: 
command: solver z3
command: vm /scratch/kallistos/Distance-Based_Data/SupplementaryWebsite/MeasuredPerformanceValues/Hipacc/FeatureModel.xml
Warning: Variability model contains outdated notation. Children nodes will no longer have effect on the model. Instead use the parent node to describe the parent of an configuration option. You can also use the converter providedby the Variability Model GUI in export>convert legacy model.
Warning: Default value nodes in models are no longer used and should be removed. You can also use the converter provided by the Variability Model GUI in export>convert legacy model to update your model.
command: all /scratch/kallistos/Distance-Based_Data/SupplementaryWebsite/MeasuredPerformanceValues/Hipacc/measurements.xml
Configs with too large deviation: 0
13485 configurations loaded.
command: binary grammar-based numConfigs:50 seed:1
command: printconfigs ./sampledConfigurations_grammarBased_t1.csv
invalid number: 25265 respective config: API, CUDA, TextureMemory, Ldg, LocalMemory, Blocksize, bs_1024x1, padding, padding_288, pixelPerThread, pixelPerThread_2, root
invalid number: 12172 respective config: API, OpenCL, TextureMemory, Blocksize, bs_256x4, padding, padding_0, pixelPerThread, pixelPerThread_1, root
invalid number: 3729 respective config: API, OpenCL, TextureMemory, Linear2D, Blocksize, bs_512x1, padding, padding_448, pixelPerThread, pixelPerThread_2, root
invalid number: 13855 respective config: API, OpenCL, TextureMemory, LocalMemory, Blocksize, bs_1024x1, padding, padding_384, pixelPerThread, pixelPerThread_4, root
invalid number: 13872 respective config: API, OpenCL, TextureMemory, LocalMemory, Blocksize, bs_32x2, padding, padding_0, pixelPerThread, pixelPerThread_1, root
invalid number: 4129 respective config: API, OpenCL, TextureMemory, Linear2D, Blocksize, bs_64x8, padding, padding_384, pixelPerThread, pixelPerThread_2, root
invalid number: 22798 respective config: API, CUDA, TextureMemory, Array2D, LocalMemory, Blocksize, bs_256x2, padding, padding_128, pixelPerThread, pixelPerThread_3, root
invalid number: 27403 respective config: API, CUDA, TextureMemory, LocalMemory, Blocksize, bs_32x32, padding, padding_512, pixelPerThread, pixelPerThread_4, root
invalid number: 26703 respective config: API, CUDA, TextureMemory, Blocksize, bs_1024x1, padding, padding_352, pixelPerThread, pixelPerThread_4, root
invalid number: 28344 respective config: API, CUDA, TextureMemory, LocalMemory, Blocksize, bs_64x2, padding, padding_448, pixelPerThread, pixelPerThread_1, root
invalid number: 429 respective config: API, OpenCL, TextureMemory, Linear1D, Blocksize, bs_64x16, padding, padding_160, pixelPerThread, pixelPerThread_2, root
invalid number: 1695 respective config: API, OpenCL, TextureMemory, Linear1D, LocalMemory, Blocksize, bs_32x32, padding, padding_480, pixelPerThread, pixelPerThread_4, root
invalid number: 85 respective config: API, OpenCL, TextureMemory, Linear1D, Blocksize, bs_32x8, padding, padding_128, pixelPerThread, pixelPerThread_2, root
invalid number: 1295 respective config: API, OpenCL, TextureMemory, Linear1D, Blocksize, bs_256x1, padding, padding_0, pixelPerThread, pixelPerThread_4, root
invalid number: 5983 respective config: API, OpenCL, TextureMemory, Array2D, Blocksize, bs_32x32, padding, padding_512, pixelPerThread, pixelPerThread_4, root
invalid number: 7468 respective config: API, OpenCL, TextureMemory, Array2D, LocalMemory, Blocksize, bs_64x1, padding, padding_448, pixelPerThread, pixelPerThread_1, root
invalid number: 10822 respective config: API, OpenCL, TextureMemory, Ldg, LocalMemory, Blocksize, bs_512x1, padding, padding_64, pixelPerThread, pixelPerThread_3, root
invalid number: 8787 respective config: API, OpenCL, TextureMemory, Ldg, Blocksize, bs_32x32, padding, padding_96, pixelPerThread, pixelPerThread_4, root
invalid number: 2293 respective config: API, OpenCL, TextureMemory, Linear1D, LocalMemory, Blocksize, bs_512x1, padding, padding_384, pixelPerThread, pixelPerThread_2, root
invalid number: 8602 respective config: API, OpenCL, TextureMemory, Ldg, Blocksize, bs_32x1, padding, padding_256, pixelPerThread, pixelPerThread_3, root
invalid number: 12169 respective config: API, OpenCL, TextureMemory, Blocksize, bs_128x8, padding, padding_512, pixelPerThread, pixelPerThread_2, root
invalid number: 8495 respective config: API, OpenCL, TextureMemory, Array2D, LocalMemory, Blocksize, bs_256x1, padding, padding_480, pixelPerThread, pixelPerThread_4, root
invalid number: 9809 respective config: API, OpenCL, TextureMemory, Ldg, Blocksize, bs_64x8, padding, padding_128, pixelPerThread, pixelPerThread_2, root
invalid number: 22701 respective config: API, CUDA, TextureMemory, Array2D, LocalMemory, Blocksize, bs_64x8, padding, padding_448, pixelPerThread, pixelPerThread_2, root
invalid number: 4433 respective config: API, OpenCL, TextureMemory, Linear2D, LocalMemory, Blocksize, bs_32x16, padding, padding_96, pixelPerThread, pixelPerThread_2, root
invalid number: 27002 respective config: API, CUDA, TextureMemory, Blocksize, bs_256x1, padding, padding_32, pixelPerThread, pixelPerThread_3, root
invalid number: 1472 respective config: API, OpenCL, TextureMemory, Linear1D, LocalMemory, Blocksize, bs_32x1, padding, padding_352, pixelPerThread, pixelPerThread_1, root
invalid number: 1561 respective config: API, OpenCL, TextureMemory, Linear1D, LocalMemory, Blocksize, bs_32x8, padding, padding_512, pixelPerThread, pixelPerThread_2, root
invalid number: 26491 respective config: API, CUDA, TextureMemory, Blocksize, bs_256x4, padding, padding_288, pixelPerThread, pixelPerThread_4, root
invalid number: 10753 respective config: API, OpenCL, TextureMemory, Ldg, LocalMemory, Blocksize, bs_256x4, padding, padding_64, pixelPerThread, pixelPerThread_2, root
invalid number: 20221 respective config: API, CUDA, TextureMemory, Array2D, Blocksize, bs_32x32, padding, padding_192, pixelPerThread, pixelPerThread_2, root
invalid number: 7601 respective config: API, OpenCL, TextureMemory, Array2D, LocalMemory, Blocksize, bs_64x16, padding, padding_416, pixelPerThread, pixelPerThread_2, root
invalid number: 1278 respective config: API, OpenCL, TextureMemory, Linear1D, Blocksize, bs_64x8, padding, padding_416, pixelPerThread, pixelPerThread_3, root
invalid number: 21121 respective config: API, CUDA, TextureMemory, Array2D, Blocksize, bs_32x4, padding, padding_320, pixelPerThread, pixelPerThread_2, root
invalid number: 8120 respective config: API, OpenCL, TextureMemory, Array2D, LocalMemory, Blocksize, bs_1024x1, padding, padding_224, pixelPerThread, pixelPerThread_1, root
invalid number: 8842 respective config: API, OpenCL, TextureMemory, Ldg, Blocksize, bs_64x1, padding, padding_0, pixelPerThread, pixelPerThread_3, root
invalid number: 934 respective config: API, OpenCL, TextureMemory, Linear1D, Blocksize, bs_512x2, padding, padding_384, pixelPerThread, pixelPerThread_3, root
invalid number: 12054 respective config: API, OpenCL, TextureMemory, Blocksize, bs_128x4, padding, padding_128, pixelPerThread, pixelPerThread_3, root
invalid number: 21410 respective config: API, CUDA, TextureMemory, Array2D, Blocksize, bs_256x2, padding, padding_448, pixelPerThread, pixelPerThread_3, root
invalid number: 25946 respective config: API, CUDA, TextureMemory, Blocksize, bs_32x32, padding, padding_288, pixelPerThread, pixelPerThread_3, root
invalid number: 12777 respective config: API, OpenCL, TextureMemory, Blocksize, bs_256x1, padding, padding_480, pixelPerThread, pixelPerThread_2, root
invalid number: 2840 respective config: API, OpenCL, TextureMemory, Linear1D, LocalMemory, Blocksize, bs_256x2, padding, padding_416, pixelPerThread, pixelPerThread_1, root
invalid number: 5895 respective config: API, OpenCL, TextureMemory, Array2D, Blocksize, bs_32x16, padding, padding_352, pixelPerThread, pixelPerThread_4, root
invalid number: 21168 respective config: API, CUDA, TextureMemory, Array2D, Blocksize, bs_64x2, padding, padding_160, pixelPerThread, pixelPerThread_1, root
invalid number: 1000 respective config: API, OpenCL, TextureMemory, Linear1D, Blocksize, bs_1024x1, padding, padding_384, pixelPerThread, pixelPerThread_1, root
invalid number: 1567 respective config: API, OpenCL, TextureMemory, Linear1D, LocalMemory, Blocksize, bs_32x16, padding, padding_0, pixelPerThread, pixelPerThread_4, root
invalid number: 3294 respective config: API, OpenCL, TextureMemory, Linear2D, Blocksize, bs_64x16, padding, padding_224, pixelPerThread, pixelPerThread_3, root
invalid number: 3188 respective config: API, OpenCL, TextureMemory, Linear2D, Blocksize, bs_64x1, padding, padding_480, pixelPerThread, pixelPerThread_1, root
invalid number: 1156 respective config: API, OpenCL, TextureMemory, Linear1D, Blocksize, bs_64x2, padding, padding_0, pixelPerThread, pixelPerThread_1, root
invalid number: 3772 respective config: API, OpenCL, TextureMemory, Linear2D, Blocksize, bs_512x2, padding, padding_256, pixelPerThread, pixelPerThread_1, root
invalid number: 20676 respective config: API, CUDA, TextureMemory, Array2D, Blocksize, bs_128x8, padding, padding_32, pixelPerThread, pixelPerThread_1, root
invalid number: 11029 respective config: API, OpenCL, TextureMemory, Ldg, LocalMemory, Blocksize, bs_32x2, padding, padding_96, pixelPerThread, pixelPerThread_2, root
invalid number: 5510 respective config: API, OpenCL, TextureMemory, Linear2D, LocalMemory, Blocksize, bs_64x8, padding, padding_0, pixelPerThread, pixelPerThread_3, root
invalid number: 5730 respective config: API, OpenCL, TextureMemory, Array2D, Blocksize, bs_32x1, padding, padding_128, pixelPerThread, pixelPerThread_3, root
invalid number: 246 respective config: API, OpenCL, TextureMemory, Linear1D, Blocksize, bs_32x32, padding, padding_320, pixelPerThread, pixelPerThread_3, root
invalid number: 3779 respective config: API, OpenCL, TextureMemory, Linear2D, Blocksize, bs_512x2, padding, padding_288, pixelPerThread, pixelPerThread_4, root
invalid number: 12143 respective config: API, OpenCL, TextureMemory, Blocksize, bs_128x8, padding, padding_288, pixelPerThread, pixelPerThread_4, root
invalid number: 6651 respective config: API, OpenCL, TextureMemory, Array2D, Blocksize, bs_512x2, padding, padding_416, pixelPerThread, pixelPerThread_4, root
invalid number: 6193 respective config: API, OpenCL, TextureMemory, Array2D, Blocksize, bs_128x1, padding, padding_32, pixelPerThread, pixelPerThread_2, root
invalid number: 3958 respective config: API, OpenCL, TextureMemory, Linear2D, Blocksize, bs_32x4, padding, padding_96, pixelPerThread, pixelPerThread_3, root
invalid number: 10963 respective config: API, OpenCL, TextureMemory, Ldg, LocalMemory, Blocksize, bs_1024x1, padding, padding_96, pixelPerThread, pixelPerThread_4, root
invalid number: 28527 respective config: API, CUDA, TextureMemory, LocalMemory, Blocksize, bs_256x2, padding, padding_256, pixelPerThread, pixelPerThread_4, root
invalid number: 4323 respective config: API, OpenCL, TextureMemory, Linear2D, LocalMemory, Blocksize, bs_32x1, padding, padding_288, pixelPerThread, pixelPerThread_4, root
invalid number: 13763 respective config: API, OpenCL, TextureMemory, LocalMemory, Blocksize, bs_512x2, padding, padding_192, pixelPerThread, pixelPerThread_4, root
invalid number: 7172 respective config: API, OpenCL, TextureMemory, Array2D, LocalMemory, Blocksize, bs_32x1, padding, padding_256, pixelPerThread, pixelPerThread_1, root
invalid number: 11993 respective config: API, OpenCL, TextureMemory, Blocksize, bs_128x2, padding, padding_192, pixelPerThread, pixelPerThread_2, root
invalid number: 12783 respective config: API, OpenCL, TextureMemory, Blocksize, bs_256x1, padding, padding_512, pixelPerThread, pixelPerThread_4, root
invalid number: 21538 respective config: API, CUDA, TextureMemory, Array2D, LocalMemory, Blocksize, bs_32x8, padding, padding_384, pixelPerThread, pixelPerThread_3, root
invalid number: 7601 respective config: API, OpenCL, TextureMemory, Array2D, LocalMemory, Blocksize, bs_64x16, padding, padding_416, pixelPerThread, pixelPerThread_2, root
invalid number: 8693 respective config: API, OpenCL, TextureMemory, Ldg, Blocksize, bs_32x8, padding, padding_448, pixelPerThread, pixelPerThread_2, root
invalid number: 12535 respective config: API, OpenCL, TextureMemory, Blocksize, bs_32x4, padding, padding_160, pixelPerThread, pixelPerThread_4, root
invalid number: 9394 respective config: API, OpenCL, TextureMemory, Ldg, Blocksize, bs_512x1, padding, padding_64, pixelPerThread, pixelPerThread_3, root
invalid number: 20802 respective config: API, CUDA, TextureMemory, Array2D, Blocksize, bs_256x4, padding, padding_480, pixelPerThread, pixelPerThread_3, root
invalid number: 10034 respective config: API, OpenCL, TextureMemory, Ldg, LocalMemory, Blocksize, bs_32x1, padding, padding_288, pixelPerThread, pixelPerThread_3, root
invalid number: 28273 respective config: API, CUDA, TextureMemory, LocalMemory, Blocksize, bs_32x4, padding, padding_416, pixelPerThread, pixelPerThread_2, root
invalid number: 20778 respective config: API, CUDA, TextureMemory, Array2D, Blocksize, bs_256x4, padding, padding_288, pixelPerThread, pixelPerThread_3, root
invalid number: 27275 respective config: API, CUDA, TextureMemory, LocalMemory, Blocksize, bs_32x16, padding, padding_32, pixelPerThread, pixelPerThread_4, root
invalid number: 6004 respective config: API, OpenCL, TextureMemory, Array2D, Blocksize, bs_64x1, padding, padding_160, pixelPerThread, pixelPerThread_1, root
invalid number: 11066 respective config: API, OpenCL, TextureMemory, Ldg, LocalMemory, Blocksize, bs_32x2, padding, padding_384, pixelPerThread, pixelPerThread_3, root
invalid number: 26184 respective config: API, CUDA, TextureMemory, Blocksize, bs_128x1, padding, padding_32, pixelPerThread, pixelPerThread_1, root
invalid number: 2015 respective config: API, OpenCL, TextureMemory, Linear1D, LocalMemory, Blocksize, bs_128x2, padding, padding_320, pixelPerThread, pixelPerThread_4, root
invalid number: 7490 respective config: API, OpenCL, TextureMemory, Array2D, LocalMemory, Blocksize, bs_64x4, padding, padding_64, pixelPerThread, pixelPerThread_3, root
invalid number: 11575 respective config: API, OpenCL, TextureMemory, Blocksize, bs_32x16, padding, padding_96, pixelPerThread, pixelPerThread_4, root
invalid number: 11870 respective config: API, OpenCL, TextureMemory, Blocksize, bs_64x16, padding, padding_288, pixelPerThread, pixelPerThread_3, root
invalid number: 7170 respective config: API, OpenCL, TextureMemory, Array2D, LocalMemory, Blocksize, bs_32x1, padding, padding_224, pixelPerThread, pixelPerThread_3, root
invalid number: 11498 respective config: API, OpenCL, TextureMemory, Blocksize, bs_32x8, padding, padding_32, pixelPerThread, pixelPerThread_3, root
invalid number: 12670 respective config: API, OpenCL, TextureMemory, Blocksize, bs_64x8, padding, padding_160, pixelPerThread, pixelPerThread_3, root
invalid number: 9761 respective config: API, OpenCL, TextureMemory, Ldg, Blocksize, bs_64x2, padding, padding_288, pixelPerThread, pixelPerThread_2, root
invalid number: 9305 respective config: API, OpenCL, TextureMemory, Ldg, Blocksize, bs_128x8, padding, padding_448, pixelPerThread, pixelPerThread_2, root
invalid number: 12986 respective config: API, OpenCL, TextureMemory, LocalMemory, Blocksize, bs_32x8, padding, padding_512, pixelPerThread, pixelPerThread_3, root
invalid number: 27600 respective config: API, CUDA, TextureMemory, LocalMemory, Blocksize, bs_64x16, padding, padding_480, pixelPerThread, pixelPerThread_1, root
invalid number: 26964 respective config: API, CUDA, TextureMemory, Blocksize, bs_64x8, padding, padding_288, pixelPerThread, pixelPerThread_1, root
invalid number: 2266 respective config: API, OpenCL, TextureMemory, Linear1D, LocalMemory, Blocksize, bs_512x1, padding, padding_160, pixelPerThread, pixelPerThread_3, root
invalid number: 1052 respective config: API, OpenCL, TextureMemory, Linear1D, Blocksize, bs_32x2, padding, padding_256, pixelPerThread, pixelPerThread_1, root
invalid number: 7823 respective config: API, OpenCL, TextureMemory, Array2D, LocalMemory, Blocksize, bs_128x8, padding, padding_0, pixelPerThread, pixelPerThread_4, root
invalid number: 13901 respective config: API, OpenCL, TextureMemory, LocalMemory, Blocksize, bs_32x2, padding, padding_224, pixelPerThread, pixelPerThread_2, root
invalid number: 6150 respective config: API, OpenCL, TextureMemory, Array2D, Blocksize, bs_64x16, padding, padding_224, pixelPerThread, pixelPerThread_3, root
invalid number: 28339 respective config: API, CUDA, TextureMemory, LocalMemory, Blocksize, bs_64x2, padding, padding_384, pixelPerThread, pixelPerThread_4, root
invalid number: 20434 respective config: API, CUDA, TextureMemory, Array2D, Blocksize, bs_64x16, padding, padding_256, pixelPerThread, pixelPerThread_3, root
invalid number: 18831 respective config: API, CUDA, TextureMemory, Linear2D, LocalMemory, Blocksize, bs_32x32, padding, padding_480, pixelPerThread, pixelPerThread_4, root
invalid number: 21099 respective config: API, CUDA, TextureMemory, Array2D, Blocksize, bs_32x4, padding, padding_128, pixelPerThread, pixelPerThread_4, root
invalid number: 6922 respective config: API, OpenCL, TextureMemory, Array2D, Blocksize, bs_64x2, padding, padding_416, pixelPerThread, pixelPerThread_3, root
invalid number: 3482 respective config: API, OpenCL, TextureMemory, Linear2D, Blocksize, bs_128x4, padding, padding_96, pixelPerThread, pixelPerThread_3, root
invalid number: 5770 respective config: API, OpenCL, TextureMemory, Array2D, Blocksize, bs_32x1, padding, padding_448, pixelPerThread, pixelPerThread_3, root
invalid number: 13142 respective config: API, OpenCL, TextureMemory, LocalMemory, Blocksize, bs_64x1, padding, padding_128, pixelPerThread, pixelPerThread_3, root
invalid number: 27077 respective config: API, CUDA, TextureMemory, Blocksize, bs_256x2, padding, padding_96, pixelPerThread, pixelPerThread_2, root
invalid number: 11293 respective config: API, OpenCL, TextureMemory, Ldg, LocalMemory, Blocksize, bs_256x1, padding, padding_32, pixelPerThread, pixelPerThread_2, root
invalid number: 20483 respective config: API, CUDA, TextureMemory, Array2D, Blocksize, bs_128x1, padding, padding_96, pixelPerThread, pixelPerThread_4, root
invalid number: 26179 respective config: API, CUDA, TextureMemory, Blocksize, bs_64x16, padding, padding_512, pixelPerThread, pixelPerThread_4, root
invalid number: 8057 respective config: API, OpenCL, TextureMemory, Array2D, LocalMemory, Blocksize, bs_512x2, padding, padding_256, pixelPerThread, pixelPerThread_2, root
invalid number: 22283 respective config: API, CUDA, TextureMemory, Array2D, LocalMemory, Blocksize, bs_512x1, padding, padding_352, pixelPerThread, pixelPerThread_4, root
invalid number: 14229 respective config: API, OpenCL, TextureMemory, LocalMemory, Blocksize, bs_256x2, padding, padding_128, pixelPerThread, pixelPerThread_2, root
invalid number: 507 respective config: API, OpenCL, TextureMemory, Linear1D, Blocksize, bs_128x1, padding, padding_224, pixelPerThread, pixelPerThread_4, root
invalid number: 1143 respective config: API, OpenCL, TextureMemory, Linear1D, Blocksize, bs_32x4, padding, padding_416, pixelPerThread, pixelPerThread_4, root
invalid number: 21875 respective config: API, CUDA, TextureMemory, Array2D, LocalMemory, Blocksize, bs_64x16, padding, padding_352, pixelPerThread, pixelPerThread_4, root
invalid number: 21792 respective config: API, CUDA, TextureMemory, Array2D, LocalMemory, Blocksize, bs_64x4, padding, padding_256, pixelPerThread, pixelPerThread_1, root
invalid number: 10832 respective config: API, OpenCL, TextureMemory, Ldg, LocalMemory, Blocksize, bs_512x1, padding, padding_160, pixelPerThread, pixelPerThread_1, root
invalid number: 7567 respective config: API, OpenCL, TextureMemory, Array2D, LocalMemory, Blocksize, bs_64x16, padding, padding_128, pixelPerThread, pixelPerThread_4, root
invalid number: 27973 respective config: API, CUDA, TextureMemory, LocalMemory, Blocksize, bs_512x1, padding, padding_192, pixelPerThread, pixelPerThread_2, root
invalid number: 21385 respective config: API, CUDA, TextureMemory, Array2D, Blocksize, bs_256x2, padding, padding_256, pixelPerThread, pixelPerThread_2, root
invalid number: 11174 respective config: API, OpenCL, TextureMemory, Ldg, LocalMemory, Blocksize, bs_64x2, padding, padding_160, pixelPerThread, pixelPerThread_3, root
invalid number: 10965 respective config: API, OpenCL, TextureMemory, Ldg, LocalMemory, Blocksize, bs_1024x1, padding, padding_128, pixelPerThread, pixelPerThread_2, root
invalid number: 27114 respective config: API, CUDA, TextureMemory, Blocksize, bs_256x2, padding, padding_384, pixelPerThread, pixelPerThread_3, root
invalid number: 754 respective config: API, OpenCL, TextureMemory, Linear1D, Blocksize, bs_256x4, padding, padding_32, pixelPerThread, pixelPerThread_3, root
invalid number: 26184 respective config: API, CUDA, TextureMemory, Blocksize, bs_128x1, padding, padding_32, pixelPerThread, pixelPerThread_1, root
invalid number: 847 respective config: API, OpenCL, TextureMemory, Linear1D, Blocksize, bs_512x1, padding, padding_224, pixelPerThread, pixelPerThread_4, root
invalid number: 4217 respective config: API, OpenCL, TextureMemory, Linear2D, Blocksize, bs_256x2, padding, padding_0, pixelPerThread, pixelPerThread_2, root
invalid number: 26539 respective config: API, CUDA, TextureMemory, Blocksize, bs_512x1, padding, padding_128, pixelPerThread, pixelPerThread_4, root
invalid number: 9000 respective config: API, OpenCL, TextureMemory, Ldg, Blocksize, bs_64x16, padding, padding_192, pixelPerThread, pixelPerThread_1, root
invalid number: 20370 respective config: API, CUDA, TextureMemory, Array2D, Blocksize, bs_64x4, padding, padding_288, pixelPerThread, pixelPerThread_3, root
invalid number: 2299 respective config: API, OpenCL, TextureMemory, Linear1D, LocalMemory, Blocksize, bs_512x1, padding, padding_416, pixelPerThread, pixelPerThread_4, root
invalid number: 4546 respective config: API, OpenCL, TextureMemory, Linear2D, LocalMemory, Blocksize, bs_32x32, padding, padding_448, pixelPerThread, pixelPerThread_3, root
invalid number: 20987 respective config: API, CUDA, TextureMemory, Array2D, Blocksize, bs_1024x1, padding, padding_320, pixelPerThread, pixelPerThread_4, root
invalid number: 1191 respective config: API, OpenCL, TextureMemory, Linear1D, Blocksize, bs_64x2, padding, padding_256, pixelPerThread, pixelPerThread_4, root
invalid number: 4190 respective config: API, OpenCL, TextureMemory, Linear2D, Blocksize, bs_256x1, padding, padding_320, pixelPerThread, pixelPerThread_3, root
invalid number: 3549 respective config: API, OpenCL, TextureMemory, Linear2D, Blocksize, bs_128x8, padding, padding_96, pixelPerThread, pixelPerThread_2, root
invalid number: 21230 respective config: API, CUDA, TextureMemory, Array2D, Blocksize, bs_64x8, padding, padding_96, pixelPerThread, pixelPerThread_3, root
invalid number: 249 respective config: API, OpenCL, TextureMemory, Linear1D, Blocksize, bs_32x32, padding, padding_352, pixelPerThread, pixelPerThread_2, root
invalid number: 26499 respective config: API, CUDA, TextureMemory, Blocksize, bs_256x4, padding, padding_352, pixelPerThread, pixelPerThread_4, root
ConfigurationSampling done in 1852 ms
28560
LocalMemory ::= (ε, 1) | (LocalMemory, 1) Symbolkind: TERMINAL
root ::= (API, 2)   (TextureMemory, 5)   (LocalMemory, 2)   (Blocksize, 21)   (padding, 17)   (pixelPerThread, 4) Symbolkind: NONTERMINAL
API ::= (OpenCL, 1) | (CUDA, 1) Symbolkind: TERMINAL
TextureMemoryInvis ::= (ε, 1) Symbolkind: TERMINAL
TextureMemory ::= (Linear1D, 1) | (Linear2D, 1) | (Array2D, 1) | (Ldg, 1) | (TextureMemoryInvis, 1) Symbolkind: TERMINAL
Blocksize ::= (bs_32x1, 1) | (bs_32x8, 1) | (bs_32x16, 1) | (bs_32x32, 1) | (bs_64x1, 1) | (bs_64x4, 1) | (bs_64x16, 1) | (bs_128x1, 1) | (bs_128x2, 1) | (bs_128x4, 1) | (bs_128x8, 1) | (bs_256x4, 1) | (bs_512x1, 1) | (bs_512x2, 1) | (bs_1024x1, 1) | (bs_32x2, 1) | (bs_32x4, 1) | (bs_64x2, 1) | (bs_64x8, 1) | (bs_256x1, 1) | (bs_256x2, 1) Symbolkind: TERMINAL
padding ::= (padding_0, 1) | (padding_32, 1) | (padding_64, 1) | (padding_96, 1) | (padding_128, 1) | (padding_160, 1) | (padding_192, 1) | (padding_224, 1) | (padding_256, 1) | (padding_288, 1) | (padding_320, 1) | (padding_352, 1) | (padding_384, 1) | (padding_416, 1) | (padding_448, 1) | (padding_480, 1) | (padding_512, 1) Symbolkind: TERMINAL
pixelPerThread ::= (pixelPerThread_1, 1) | (pixelPerThread_2, 1) | (pixelPerThread_3, 1) | (pixelPerThread_4, 1) Symbolkind: TERMINAL

command: clean-sampling
command: clean-global
command: script ./learn_grammarBased_t2.a
command: log ./out_grammarBased_t2.log
