Current machine learning settings: epsilon:0 lossFunction:RELATIVE parallelization:True bagging:False baggingNumbers:3 considerEpsilonTube:False baggingTestDataFraction:50 useBackward:False abortError:1 limitFeatureSize:False featureSizeTreshold:4 quadraticFunctionSupport:True crossValidation:False crossValidation-k:5 learn-logFunction:False learn-accumulatedLogFunction:False learn-asymFunction:False learn-ratioFunction:False learn-mirrowedFunction:False learn-numeric-disabled:True numberOfRounds:70 backwardErrorDelta:1 minImprovementPerRound:0.1 withHierarchy:False bruteForceCandidates:False ignoreBadFeatures:False stopOnLongRound:True candidateSizePenalty:True learnTimeLimit:00:00:00 scoreMeasure:RELERROR outputRoundsToStdout:False debug:False pythonInfluenceAnalysis:False blacklisted: 
command: solver z3
command: vm /scratch/kallistos/Distance-Based_Data/SupplementaryWebsite/MeasuredPerformanceValues/Hipacc/FeatureModel.xml
Warning: Variability model contains outdated notation. Children nodes will no longer have effect on the model. Instead use the parent node to describe the parent of an configuration option. You can also use the converter providedby the Variability Model GUI in export>convert legacy model.
Warning: Default value nodes in models are no longer used and should be removed. You can also use the converter provided by the Variability Model GUI in export>convert legacy model to update your model.
command: all /scratch/kallistos/Distance-Based_Data/SupplementaryWebsite/MeasuredPerformanceValues/Hipacc/measurements.xml
Configs with too large deviation: 0
13485 configurations loaded.
command: binary grammar-based numConfigs:50 seed:78
command: printconfigs ./sampledConfigurations_grammarBased_t1.csv
invalid number: 7629 respective config: API, OpenCL, TextureMemory, Array2D, LocalMemory, Blocksize, bs_128x1, padding, padding_96, pixelPerThread, pixelPerThread_2, root
invalid number: 26761 respective config: API, CUDA, TextureMemory, Blocksize, bs_32x2, padding, padding_288, pixelPerThread, pixelPerThread_2, root
invalid number: 7890 respective config: API, OpenCL, TextureMemory, Array2D, LocalMemory, Blocksize, bs_256x4, padding, padding_0, pixelPerThread, pixelPerThread_3, root
invalid number: 6126 respective config: API, OpenCL, TextureMemory, Array2D, Blocksize, bs_64x16, padding, padding_32, pixelPerThread, pixelPerThread_3, root
invalid number: 26933 respective config: API, CUDA, TextureMemory, Blocksize, bs_64x8, padding, padding_32, pixelPerThread, pixelPerThread_2, root
invalid number: 12398 respective config: API, OpenCL, TextureMemory, Blocksize, bs_1024x1, padding, padding_160, pixelPerThread, pixelPerThread_3, root
invalid number: 25830 respective config: API, CUDA, TextureMemory, Blocksize, bs_32x8, padding, padding_448, pixelPerThread, pixelPerThread_3, root
invalid number: 21114 respective config: API, CUDA, TextureMemory, Array2D, Blocksize, bs_32x4, padding, padding_256, pixelPerThread, pixelPerThread_3, root
invalid number: 7786 respective config: API, OpenCL, TextureMemory, Array2D, LocalMemory, Blocksize, bs_128x4, padding, padding_256, pixelPerThread, pixelPerThread_3, root
invalid number: 8775 respective config: API, OpenCL, TextureMemory, Ldg, Blocksize, bs_32x32, padding, padding_0, pixelPerThread, pixelPerThread_4, root
invalid number: 27824 respective config: API, CUDA, TextureMemory, LocalMemory, Blocksize, bs_128x8, padding, padding_96, pixelPerThread, pixelPerThread_1, root
invalid number: 16723 respective config: API, CUDA, TextureMemory, Linear1D, LocalMemory, Blocksize, bs_1024x1, padding, padding_480, pixelPerThread, pixelPerThread_4, root
invalid number: 4371 respective config: API, OpenCL, TextureMemory, Linear2D, LocalMemory, Blocksize, bs_32x8, padding, padding_128, pixelPerThread, pixelPerThread_4, root
invalid number: 12956 respective config: API, OpenCL, TextureMemory, LocalMemory, Blocksize, bs_32x8, padding, padding_288, pixelPerThread, pixelPerThread_1, root
invalid number: 20609 respective config: API, CUDA, TextureMemory, Array2D, Blocksize, bs_128x4, padding, padding_32, pixelPerThread, pixelPerThread_2, root
invalid number: 10453 respective config: API, OpenCL, TextureMemory, Ldg, LocalMemory, Blocksize, bs_64x16, padding, padding_384, pixelPerThread, pixelPerThread_2, root
invalid number: 13876 respective config: API, OpenCL, TextureMemory, LocalMemory, Blocksize, bs_32x2, padding, padding_32, pixelPerThread, pixelPerThread_1, root
invalid number: 22042 respective config: API, CUDA, TextureMemory, Array2D, LocalMemory, Blocksize, bs_128x4, padding, padding_64, pixelPerThread, pixelPerThread_3, root
invalid number: 5520 respective config: API, OpenCL, TextureMemory, Linear2D, LocalMemory, Blocksize, bs_64x8, padding, padding_96, pixelPerThread, pixelPerThread_1, root
invalid number: 260 respective config: API, OpenCL, TextureMemory, Linear1D, Blocksize, bs_32x32, padding, padding_448, pixelPerThread, pixelPerThread_1, root
invalid number: 200 respective config: API, OpenCL, TextureMemory, Linear1D, Blocksize, bs_32x16, padding, padding_512, pixelPerThread, pixelPerThread_1, root
invalid number: 7012 respective config: API, OpenCL, TextureMemory, Array2D, Blocksize, bs_256x1, padding, padding_64, pixelPerThread, pixelPerThread_1, root
invalid number: 21817 respective config: API, CUDA, TextureMemory, Array2D, LocalMemory, Blocksize, bs_64x4, padding, padding_448, pixelPerThread, pixelPerThread_2, root
invalid number: 1068 respective config: API, OpenCL, TextureMemory, Linear1D, Blocksize, bs_32x2, padding, padding_384, pixelPerThread, pixelPerThread_1, root
invalid number: 5949 respective config: API, OpenCL, TextureMemory, Array2D, Blocksize, bs_32x32, padding, padding_256, pixelPerThread, pixelPerThread_2, root
invalid number: 6095 respective config: API, OpenCL, TextureMemory, Array2D, Blocksize, bs_64x4, padding, padding_320, pixelPerThread, pixelPerThread_4, root
invalid number: 9388 respective config: API, OpenCL, TextureMemory, Ldg, Blocksize, bs_512x1, padding, padding_32, pixelPerThread, pixelPerThread_1, root
invalid number: 10732 respective config: API, OpenCL, TextureMemory, Ldg, LocalMemory, Blocksize, bs_128x8, padding, padding_448, pixelPerThread, pixelPerThread_1, root
invalid number: 16627 respective config: API, CUDA, TextureMemory, Linear1D, LocalMemory, Blocksize, bs_512x2, padding, padding_256, pixelPerThread, pixelPerThread_4, root
invalid number: 9935 respective config: API, OpenCL, TextureMemory, Ldg, Blocksize, bs_256x2, padding, padding_32, pixelPerThread, pixelPerThread_4, root
invalid number: 6627 respective config: API, OpenCL, TextureMemory, Array2D, Blocksize, bs_512x2, padding, padding_224, pixelPerThread, pixelPerThread_4, root
invalid number: 435 respective config: API, OpenCL, TextureMemory, Linear1D, Blocksize, bs_64x16, padding, padding_192, pixelPerThread, pixelPerThread_4, root
invalid number: 20865 respective config: API, CUDA, TextureMemory, Array2D, Blocksize, bs_512x1, padding, padding_448, pixelPerThread, pixelPerThread_2, root
invalid number: 13179 respective config: API, OpenCL, TextureMemory, LocalMemory, Blocksize, bs_64x1, padding, padding_416, pixelPerThread, pixelPerThread_4, root
invalid number: 5424 respective config: API, OpenCL, TextureMemory, Linear2D, LocalMemory, Blocksize, bs_32x4, padding, padding_416, pixelPerThread, pixelPerThread_1, root
invalid number: 10905 respective config: API, OpenCL, TextureMemory, Ldg, LocalMemory, Blocksize, bs_512x2, padding, padding_192, pixelPerThread, pixelPerThread_2, root
invalid number: 153 respective config: API, OpenCL, TextureMemory, Linear1D, Blocksize, bs_32x16, padding, padding_128, pixelPerThread, pixelPerThread_2, root
invalid number: 22507 respective config: API, CUDA, TextureMemory, Array2D, LocalMemory, Blocksize, bs_32x2, padding, padding_512, pixelPerThread, pixelPerThread_4, root
invalid number: 27385 respective config: API, CUDA, TextureMemory, LocalMemory, Blocksize, bs_32x32, padding, padding_384, pixelPerThread, pixelPerThread_2, root
invalid number: 6775 respective config: API, OpenCL, TextureMemory, Array2D, Blocksize, bs_32x2, padding, padding_320, pixelPerThread, pixelPerThread_4, root
invalid number: 20125 respective config: API, CUDA, TextureMemory, Array2D, Blocksize, bs_32x8, padding, padding_512, pixelPerThread, pixelPerThread_2, root
invalid number: 26145 respective config: API, CUDA, TextureMemory, Blocksize, bs_64x16, padding, padding_256, pixelPerThread, pixelPerThread_2, root
invalid number: 62 respective config: API, OpenCL, TextureMemory, Linear1D, Blocksize, bs_32x1, padding, padding_480, pixelPerThread, pixelPerThread_3, root
invalid number: 16450 respective config: API, CUDA, TextureMemory, Linear1D, LocalMemory, Blocksize, bs_128x8, padding, padding_480, pixelPerThread, pixelPerThread_3, root
invalid number: 9346 respective config: API, OpenCL, TextureMemory, Ldg, Blocksize, bs_256x4, padding, padding_224, pixelPerThread, pixelPerThread_3, root
invalid number: 7446 respective config: API, OpenCL, TextureMemory, Array2D, LocalMemory, Blocksize, bs_64x1, padding, padding_256, pixelPerThread, pixelPerThread_3, root
invalid number: 10645 respective config: API, OpenCL, TextureMemory, Ldg, LocalMemory, Blocksize, bs_128x4, padding, padding_288, pixelPerThread, pixelPerThread_2, root
invalid number: 6093 respective config: API, OpenCL, TextureMemory, Array2D, Blocksize, bs_64x4, padding, padding_320, pixelPerThread, pixelPerThread_2, root
invalid number: 27566 respective config: API, CUDA, TextureMemory, LocalMemory, Blocksize, bs_64x16, padding, padding_192, pixelPerThread, pixelPerThread_3, root
invalid number: 5622 respective config: API, OpenCL, TextureMemory, Linear2D, LocalMemory, Blocksize, bs_256x1, padding, padding_352, pixelPerThread, pixelPerThread_3, root
invalid number: 26833 respective config: API, CUDA, TextureMemory, Blocksize, bs_32x4, padding, padding_320, pixelPerThread, pixelPerThread_2, root
invalid number: 2609 respective config: API, OpenCL, TextureMemory, Linear1D, LocalMemory, Blocksize, bs_64x2, padding, padding_192, pixelPerThread, pixelPerThread_2, root
invalid number: 26944 respective config: API, CUDA, TextureMemory, Blocksize, bs_64x8, padding, padding_128, pixelPerThread, pixelPerThread_1, root
invalid number: 28209 respective config: API, CUDA, TextureMemory, LocalMemory, Blocksize, bs_32x2, padding, padding_448, pixelPerThread, pixelPerThread_2, root
invalid number: 13110 respective config: API, OpenCL, TextureMemory, LocalMemory, Blocksize, bs_32x32, padding, padding_416, pixelPerThread, pixelPerThread_3, root
invalid number: 10829 respective config: API, OpenCL, TextureMemory, Ldg, LocalMemory, Blocksize, bs_512x1, padding, padding_128, pixelPerThread, pixelPerThread_2, root
invalid number: 9916 respective config: API, OpenCL, TextureMemory, Ldg, Blocksize, bs_256x1, padding, padding_448, pixelPerThread, pixelPerThread_1, root
invalid number: 21893 respective config: API, CUDA, TextureMemory, Array2D, LocalMemory, Blocksize, bs_64x16, padding, padding_512, pixelPerThread, pixelPerThread_2, root
invalid number: 21090 respective config: API, CUDA, TextureMemory, Array2D, Blocksize, bs_32x4, padding, padding_64, pixelPerThread, pixelPerThread_3, root
invalid number: 3552 respective config: API, OpenCL, TextureMemory, Linear2D, Blocksize, bs_128x8, padding, padding_128, pixelPerThread, pixelPerThread_1, root
invalid number: 1290 respective config: API, OpenCL, TextureMemory, Linear1D, Blocksize, bs_64x8, padding, padding_512, pixelPerThread, pixelPerThread_3, root
invalid number: 21521 respective config: API, CUDA, TextureMemory, Array2D, LocalMemory, Blocksize, bs_32x8, padding, padding_256, pixelPerThread, pixelPerThread_2, root
invalid number: 3063 respective config: API, OpenCL, TextureMemory, Linear2D, Blocksize, bs_32x32, padding, padding_0, pixelPerThread, pixelPerThread_4, root
invalid number: 20483 respective config: API, CUDA, TextureMemory, Array2D, Blocksize, bs_128x1, padding, padding_96, pixelPerThread, pixelPerThread_4, root
invalid number: 20405 respective config: API, CUDA, TextureMemory, Array2D, Blocksize, bs_64x16, padding, padding_32, pixelPerThread, pixelPerThread_2, root
invalid number: 1450 respective config: API, OpenCL, TextureMemory, Linear1D, LocalMemory, Blocksize, bs_32x1, padding, padding_160, pixelPerThread, pixelPerThread_3, root
invalid number: 6889 respective config: API, OpenCL, TextureMemory, Array2D, Blocksize, bs_64x2, padding, padding_160, pixelPerThread, pixelPerThread_2, root
invalid number: 3877 respective config: API, OpenCL, TextureMemory, Linear2D, Blocksize, bs_32x2, padding, padding_0, pixelPerThread, pixelPerThread_2, root
invalid number: 5881 respective config: API, OpenCL, TextureMemory, Array2D, Blocksize, bs_32x16, padding, padding_256, pixelPerThread, pixelPerThread_2, root
invalid number: 6902 respective config: API, OpenCL, TextureMemory, Array2D, Blocksize, bs_64x2, padding, padding_256, pixelPerThread, pixelPerThread_3, root
invalid number: 13934 respective config: API, OpenCL, TextureMemory, LocalMemory, Blocksize, bs_32x2, padding, padding_480, pixelPerThread, pixelPerThread_3, root
invalid number: 7366 respective config: API, OpenCL, TextureMemory, Array2D, LocalMemory, Blocksize, bs_32x32, padding, padding_160, pixelPerThread, pixelPerThread_3, root
invalid number: 5524 respective config: API, OpenCL, TextureMemory, Linear2D, LocalMemory, Blocksize, bs_64x8, padding, padding_128, pixelPerThread, pixelPerThread_1, root
invalid number: 1229 respective config: API, OpenCL, TextureMemory, Linear1D, Blocksize, bs_64x8, padding, padding_32, pixelPerThread, pixelPerThread_2, root
invalid number: 26374 respective config: API, CUDA, TextureMemory, Blocksize, bs_128x4, padding, padding_448, pixelPerThread, pixelPerThread_3, root
invalid number: 6642 respective config: API, OpenCL, TextureMemory, Array2D, Blocksize, bs_512x2, padding, padding_352, pixelPerThread, pixelPerThread_3, root
invalid number: 780 respective config: API, OpenCL, TextureMemory, Linear1D, Blocksize, bs_256x4, padding, padding_256, pixelPerThread, pixelPerThread_1, root
invalid number: 12297 respective config: API, OpenCL, TextureMemory, Blocksize, bs_512x1, padding, padding_448, pixelPerThread, pixelPerThread_2, root
invalid number: 28272 respective config: API, CUDA, TextureMemory, LocalMemory, Blocksize, bs_32x4, padding, padding_416, pixelPerThread, pixelPerThread_1, root
invalid number: 3920 respective config: API, OpenCL, TextureMemory, Linear2D, Blocksize, bs_32x2, padding, padding_352, pixelPerThread, pixelPerThread_1, root
invalid number: 12872 respective config: API, OpenCL, TextureMemory, LocalMemory, Blocksize, bs_32x1, padding, padding_160, pixelPerThread, pixelPerThread_1, root
invalid number: 26845 respective config: API, CUDA, TextureMemory, Blocksize, bs_32x4, padding, padding_416, pixelPerThread, pixelPerThread_2, root
invalid number: 22285 respective config: API, CUDA, TextureMemory, Array2D, LocalMemory, Blocksize, bs_512x1, padding, padding_384, pixelPerThread, pixelPerThread_2, root
invalid number: 10676 respective config: API, OpenCL, TextureMemory, Ldg, LocalMemory, Blocksize, bs_128x8, padding, padding_0, pixelPerThread, pixelPerThread_1, root
invalid number: 1101 respective config: API, OpenCL, TextureMemory, Linear1D, Blocksize, bs_32x4, padding, padding_96, pixelPerThread, pixelPerThread_2, root
invalid number: 4022 respective config: API, OpenCL, TextureMemory, Linear2D, Blocksize, bs_64x2, padding, padding_64, pixelPerThread, pixelPerThread_3, root
invalid number: 13540 respective config: API, OpenCL, TextureMemory, LocalMemory, Blocksize, bs_128x8, padding, padding_64, pixelPerThread, pixelPerThread_1, root
invalid number: 26461 respective config: API, CUDA, TextureMemory, Blocksize, bs_256x4, padding, padding_64, pixelPerThread, pixelPerThread_2, root
invalid number: 11829 respective config: API, OpenCL, TextureMemory, Blocksize, bs_64x4, padding, padding_512, pixelPerThread, pixelPerThread_2, root
invalid number: 21483 respective config: API, CUDA, TextureMemory, Array2D, LocalMemory, Blocksize, bs_32x1, padding, padding_480, pixelPerThread, pixelPerThread_4, root
invalid number: 3286 respective config: API, OpenCL, TextureMemory, Linear2D, Blocksize, bs_64x16, padding, padding_160, pixelPerThread, pixelPerThread_3, root
invalid number: 24686 respective config: API, CUDA, TextureMemory, Ldg, LocalMemory, Blocksize, bs_64x16, padding, padding_0, pixelPerThread, pixelPerThread_3, root
invalid number: 11000 respective config: API, OpenCL, TextureMemory, Ldg, LocalMemory, Blocksize, bs_1024x1, padding, padding_416, pixelPerThread, pixelPerThread_1, root
invalid number: 8710 respective config: API, OpenCL, TextureMemory, Ldg, Blocksize, bs_32x16, padding, padding_32, pixelPerThread, pixelPerThread_3, root
invalid number: 21321 respective config: API, CUDA, TextureMemory, Array2D, Blocksize, bs_256x1, padding, padding_288, pixelPerThread, pixelPerThread_2, root
invalid number: 22600 respective config: API, CUDA, TextureMemory, Array2D, LocalMemory, Blocksize, bs_64x2, padding, padding_192, pixelPerThread, pixelPerThread_1, root
invalid number: 9607 respective config: API, OpenCL, TextureMemory, Ldg, Blocksize, bs_32x2, padding, padding_128, pixelPerThread, pixelPerThread_4, root
invalid number: 637 respective config: API, OpenCL, TextureMemory, Linear1D, Blocksize, bs_128x4, padding, padding_192, pixelPerThread, pixelPerThread_2, root
invalid number: 27425 respective config: API, CUDA, TextureMemory, LocalMemory, Blocksize, bs_64x1, padding, padding_160, pixelPerThread, pixelPerThread_2, root
invalid number: 16147 respective config: API, CUDA, TextureMemory, Linear1D, LocalMemory, Blocksize, bs_64x16, padding, padding_224, pixelPerThread, pixelPerThread_4, root
invalid number: 8784 respective config: API, OpenCL, TextureMemory, Ldg, Blocksize, bs_32x32, padding, padding_96, pixelPerThread, pixelPerThread_1, root
invalid number: 8245 respective config: API, OpenCL, TextureMemory, Array2D, LocalMemory, Blocksize, bs_32x4, padding, padding_128, pixelPerThread, pixelPerThread_2, root
invalid number: 1 respective config: API, OpenCL, TextureMemory, Linear1D, Blocksize, bs_32x1, padding, padding_0, pixelPerThread, pixelPerThread_2, root
invalid number: 9524 respective config: API, OpenCL, TextureMemory, Ldg, Blocksize, bs_1024x1, padding, padding_32, pixelPerThread, pixelPerThread_1, root
invalid number: 9023 respective config: API, OpenCL, TextureMemory, Ldg, Blocksize, bs_64x16, padding, padding_352, pixelPerThread, pixelPerThread_4, root
invalid number: 8889 respective config: API, OpenCL, TextureMemory, Ldg, Blocksize, bs_64x1, padding, padding_384, pixelPerThread, pixelPerThread_2, root
invalid number: 13451 respective config: API, OpenCL, TextureMemory, LocalMemory, Blocksize, bs_128x2, padding, padding_416, pixelPerThread, pixelPerThread_4, root
invalid number: 383 respective config: API, OpenCL, TextureMemory, Linear1D, Blocksize, bs_64x4, padding, padding_320, pixelPerThread, pixelPerThread_4, root
invalid number: 752 respective config: API, OpenCL, TextureMemory, Linear1D, Blocksize, bs_256x4, padding, padding_32, pixelPerThread, pixelPerThread_1, root
invalid number: 5193 respective config: API, OpenCL, TextureMemory, Linear2D, LocalMemory, Blocksize, bs_512x2, padding, padding_192, pixelPerThread, pixelPerThread_2, root
invalid number: 9424 respective config: API, OpenCL, TextureMemory, Ldg, Blocksize, bs_512x1, padding, padding_320, pixelPerThread, pixelPerThread_1, root
invalid number: 27592 respective config: API, CUDA, TextureMemory, LocalMemory, Blocksize, bs_64x16, padding, padding_416, pixelPerThread, pixelPerThread_1, root
invalid number: 2863 respective config: API, OpenCL, TextureMemory, Linear2D, Blocksize, bs_32x1, padding, padding_32, pixelPerThread, pixelPerThread_4, root
invalid number: 7476 respective config: API, OpenCL, TextureMemory, Array2D, LocalMemory, Blocksize, bs_64x1, padding, padding_512, pixelPerThread, pixelPerThread_1, root
invalid number: 4943 respective config: API, OpenCL, TextureMemory, Linear2D, LocalMemory, Blocksize, bs_128x4, padding, padding_352, pixelPerThread, pixelPerThread_4, root
invalid number: 3793 respective config: API, OpenCL, TextureMemory, Linear2D, Blocksize, bs_512x2, padding, padding_416, pixelPerThread, pixelPerThread_2, root
invalid number: 2423 respective config: API, OpenCL, TextureMemory, Linear1D, LocalMemory, Blocksize, bs_1024x1, padding, padding_320, pixelPerThread, pixelPerThread_4, root
invalid number: 4769 respective config: API, OpenCL, TextureMemory, Linear2D, LocalMemory, Blocksize, bs_128x1, padding, padding_64, pixelPerThread, pixelPerThread_2, root
invalid number: 8336 respective config: API, OpenCL, TextureMemory, Array2D, LocalMemory, Blocksize, bs_64x2, padding, padding_320, pixelPerThread, pixelPerThread_1, root
invalid number: 7431 respective config: API, OpenCL, TextureMemory, Array2D, LocalMemory, Blocksize, bs_64x1, padding, padding_128, pixelPerThread, pixelPerThread_4, root
invalid number: 12431 respective config: API, OpenCL, TextureMemory, Blocksize, bs_1024x1, padding, padding_416, pixelPerThread, pixelPerThread_4, root
invalid number: 3772 respective config: API, OpenCL, TextureMemory, Linear2D, Blocksize, bs_512x2, padding, padding_256, pixelPerThread, pixelPerThread_1, root
invalid number: 21447 respective config: API, CUDA, TextureMemory, Array2D, LocalMemory, Blocksize, bs_32x1, padding, padding_192, pixelPerThread, pixelPerThread_4, root
invalid number: 8272 respective config: API, OpenCL, TextureMemory, Array2D, LocalMemory, Blocksize, bs_32x4, padding, padding_352, pixelPerThread, pixelPerThread_1, root
ConfigurationSampling done in 1714 ms
28560
LocalMemory ::= (ε, 1) | (LocalMemory, 1) Symbolkind: TERMINAL
root ::= (API, 2)   (TextureMemory, 5)   (LocalMemory, 2)   (Blocksize, 21)   (padding, 17)   (pixelPerThread, 4) Symbolkind: NONTERMINAL
API ::= (OpenCL, 1) | (CUDA, 1) Symbolkind: TERMINAL
TextureMemoryInvis ::= (ε, 1) Symbolkind: TERMINAL
TextureMemory ::= (Linear1D, 1) | (Linear2D, 1) | (Array2D, 1) | (Ldg, 1) | (TextureMemoryInvis, 1) Symbolkind: TERMINAL
Blocksize ::= (bs_32x1, 1) | (bs_32x8, 1) | (bs_32x16, 1) | (bs_32x32, 1) | (bs_64x1, 1) | (bs_64x4, 1) | (bs_64x16, 1) | (bs_128x1, 1) | (bs_128x2, 1) | (bs_128x4, 1) | (bs_128x8, 1) | (bs_256x4, 1) | (bs_512x1, 1) | (bs_512x2, 1) | (bs_1024x1, 1) | (bs_32x2, 1) | (bs_32x4, 1) | (bs_64x2, 1) | (bs_64x8, 1) | (bs_256x1, 1) | (bs_256x2, 1) Symbolkind: TERMINAL
padding ::= (padding_0, 1) | (padding_32, 1) | (padding_64, 1) | (padding_96, 1) | (padding_128, 1) | (padding_160, 1) | (padding_192, 1) | (padding_224, 1) | (padding_256, 1) | (padding_288, 1) | (padding_320, 1) | (padding_352, 1) | (padding_384, 1) | (padding_416, 1) | (padding_448, 1) | (padding_480, 1) | (padding_512, 1) Symbolkind: TERMINAL
pixelPerThread ::= (pixelPerThread_1, 1) | (pixelPerThread_2, 1) | (pixelPerThread_3, 1) | (pixelPerThread_4, 1) Symbolkind: TERMINAL

command: clean-sampling
command: clean-global
command: script ./learn_grammarBased_t2.a
command: log ./out_grammarBased_t2.log
