Current machine learning settings: epsilon:0 lossFunction:RELATIVE parallelization:True bagging:False baggingNumbers:3 considerEpsilonTube:False baggingTestDataFraction:50 useBackward:False abortError:1 limitFeatureSize:False featureSizeTreshold:4 quadraticFunctionSupport:True crossValidation:False crossValidation-k:5 learn-logFunction:False learn-accumulatedLogFunction:False learn-asymFunction:False learn-ratioFunction:False learn-mirrowedFunction:False learn-numeric-disabled:True numberOfRounds:70 backwardErrorDelta:1 minImprovementPerRound:0.1 withHierarchy:False bruteForceCandidates:False ignoreBadFeatures:False stopOnLongRound:True candidateSizePenalty:True learnTimeLimit:00:00:00 scoreMeasure:RELERROR outputRoundsToStdout:False debug:False pythonInfluenceAnalysis:False blacklisted: 
command: solver z3
command: vm /scratch/kallistos/Distance-Based_Data/SupplementaryWebsite/MeasuredPerformanceValues/Dune/FeatureModel.xml
Warning: Variability model contains outdated notation. Children nodes will no longer have effect on the model. Instead use the parent node to describe the parent of an configuration option. You can also use the converter providedby the Variability Model GUI in export>convert legacy model.
command: all /scratch/kallistos/Distance-Based_Data/SupplementaryWebsite/MeasuredPerformanceValues/Dune/measurements.xml
Configs with too large deviation: 0
2304 configurations loaded.
command: binary grammar-based numConfigs:265 seed:67
command: printconfigs ./sampledConfigurations_grammarBased_t2.csv
invalid number: 2061 respective config: Precon, SeqSOR, Solver, GradientSolver, PreSmoothing, pre_0, PostSmoothing, post_0, Cells, cells_53, root
invalid number: 1470 respective config: Precon, SeqSOR, Solver, BiCGSTABSolver, PreSmoothing, pre_0, PostSmoothing, post_0, Cells, cells_50, root
invalid number: 1474 respective config: Precon, SeqSOR, Solver, BiCGSTABSolver, PreSmoothing, pre_0, PostSmoothing, post_0, Cells, cells_54, root
invalid number: 299 respective config: Precon, SeqGS, Solver, BiCGSTABSolver, PreSmoothing, pre_0, PostSmoothing, post_0, Cells, cells_55, root
invalid number: 591 respective config: Precon, SeqGS, Solver, LoopSolver, PreSmoothing, pre_0, PostSmoothing, post_0, Cells, cells_53, root
invalid number: 1 respective config: Precon, SeqGS, Solver, CGSolver, PreSmoothing, pre_0, PostSmoothing, post_0, Cells, cells_51, root
invalid number: 1769 respective config: Precon, SeqSOR, Solver, LoopSolver, PreSmoothing, pre_0, PostSmoothing, post_0, Cells, cells_55, root
invalid number: 2059 respective config: Precon, SeqSOR, Solver, GradientSolver, PreSmoothing, pre_0, PostSmoothing, post_0, Cells, cells_51, root
ConfigurationSampling done in 3048 ms
2352
root ::= (Precon, 2)   (Solver, 4)   (PreSmoothing, 7)   (PostSmoothing, 7)   (Cells, 6) Symbolkind: NONTERMINAL
Precon ::= (SeqGS, 1) | (SeqSOR, 1) Symbolkind: TERMINAL
Solver ::= (CGSolver, 1) | (BiCGSTABSolver, 1) | (LoopSolver, 1) | (GradientSolver, 1) Symbolkind: TERMINAL
PreSmoothing ::= (pre_0, 1) | (pre_1, 1) | (pre_2, 1) | (pre_3, 1) | (pre_4, 1) | (pre_5, 1) | (pre_6, 1) Symbolkind: TERMINAL
PostSmoothing ::= (post_0, 1) | (post_1, 1) | (post_2, 1) | (post_3, 1) | (post_4, 1) | (post_5, 1) | (post_6, 1) Symbolkind: TERMINAL
Cells ::= (cells_50, 1) | (cells_51, 1) | (cells_52, 1) | (cells_53, 1) | (cells_54, 1) | (cells_55, 1) Symbolkind: TERMINAL

command: clean-sampling
command: clean-global
command: script ./learn_grammarBased_t3.a
command: log ./out_grammarBased_t3.log
