Current machine learning settings: epsilon:0 lossFunction:RELATIVE parallelization:True bagging:False baggingNumbers:3 considerEpsilonTube:False baggingTestDataFraction:50 useBackward:False abortError:1 limitFeatureSize:False featureSizeTreshold:4 quadraticFunctionSupport:True crossValidation:False crossValidation-k:5 learn-logFunction:False learn-accumulatedLogFunction:False learn-asymFunction:False learn-ratioFunction:False learn-mirrowedFunction:False learn-numeric-disabled:True numberOfRounds:70 backwardErrorDelta:1 minImprovementPerRound:0.1 withHierarchy:False bruteForceCandidates:False ignoreBadFeatures:False stopOnLongRound:True candidateSizePenalty:True learnTimeLimit:00:00:00 scoreMeasure:RELERROR outputRoundsToStdout:False debug:False pythonInfluenceAnalysis:False blacklisted: 
command: solver z3
command: vm /scratch/kallistos/Distance-Based_Data/SupplementaryWebsite/MeasuredPerformanceValues/Hipacc/FeatureModel.xml
Warning: Variability model contains outdated notation. Children nodes will no longer have effect on the model. Instead use the parent node to describe the parent of an configuration option. You can also use the converter providedby the Variability Model GUI in export>convert legacy model.
Warning: Default value nodes in models are no longer used and should be removed. You can also use the converter provided by the Variability Model GUI in export>convert legacy model to update your model.
command: all /scratch/kallistos/Distance-Based_Data/SupplementaryWebsite/MeasuredPerformanceValues/Hipacc/measurements.xml
Configs with too large deviation: 0
13485 configurations loaded.
command: binary grammar-based numConfigs:50 seed:42
command: printconfigs ./sampledConfigurations_grammarBased_t1.csv
invalid number: 16623 respective config: API, CUDA, TextureMemory, Linear1D, LocalMemory, Blocksize, bs_512x2, padding, padding_224, pixelPerThread, pixelPerThread_4, root
invalid number: 8654 respective config: API, OpenCL, TextureMemory, Ldg, Blocksize, bs_32x8, padding, padding_128, pixelPerThread, pixelPerThread_3, root
invalid number: 22751 respective config: API, CUDA, TextureMemory, Array2D, LocalMemory, Blocksize, bs_256x1, padding, padding_288, pixelPerThread, pixelPerThread_4, root
invalid number: 4846 respective config: API, OpenCL, TextureMemory, Linear2D, LocalMemory, Blocksize, bs_128x2, padding, padding_128, pixelPerThread, pixelPerThread_3, root
invalid number: 2295 respective config: API, OpenCL, TextureMemory, Linear1D, LocalMemory, Blocksize, bs_512x1, padding, padding_384, pixelPerThread, pixelPerThread_4, root
invalid number: 8554 respective config: API, OpenCL, TextureMemory, Array2D, LocalMemory, Blocksize, bs_256x2, padding, padding_416, pixelPerThread, pixelPerThread_3, root
invalid number: 4662 respective config: API, OpenCL, TextureMemory, Linear2D, LocalMemory, Blocksize, bs_64x4, padding, padding_288, pixelPerThread, pixelPerThread_3, root
invalid number: 6849 respective config: API, OpenCL, TextureMemory, Array2D, Blocksize, bs_32x4, padding, padding_384, pixelPerThread, pixelPerThread_2, root
invalid number: 9293 respective config: API, OpenCL, TextureMemory, Ldg, Blocksize, bs_128x8, padding, padding_352, pixelPerThread, pixelPerThread_2, root
invalid number: 8094 respective config: API, OpenCL, TextureMemory, Array2D, LocalMemory, Blocksize, bs_1024x1, padding, padding_0, pixelPerThread, pixelPerThread_3, root
invalid number: 22142 respective config: API, CUDA, TextureMemory, Array2D, LocalMemory, Blocksize, bs_128x8, padding, padding_320, pixelPerThread, pixelPerThread_3, root
invalid number: 11271 respective config: API, OpenCL, TextureMemory, Ldg, LocalMemory, Blocksize, bs_64x8, padding, padding_384, pixelPerThread, pixelPerThread_4, root
invalid number: 20836 respective config: API, CUDA, TextureMemory, Array2D, Blocksize, bs_512x1, padding, padding_224, pixelPerThread, pixelPerThread_1, root
invalid number: 8564 respective config: API, OpenCL, TextureMemory, Array2D, LocalMemory, Blocksize, bs_256x2, padding, padding_512, pixelPerThread, pixelPerThread_1, root
invalid number: 344 respective config: API, OpenCL, TextureMemory, Linear1D, Blocksize, bs_64x4, padding, padding_32, pixelPerThread, pixelPerThread_1, root
invalid number: 5642 respective config: API, OpenCL, TextureMemory, Linear2D, LocalMemory, Blocksize, bs_256x1, padding, padding_512, pixelPerThread, pixelPerThread_3, root
invalid number: 20388 respective config: API, CUDA, TextureMemory, Array2D, Blocksize, bs_64x4, padding, padding_448, pixelPerThread, pixelPerThread_1, root
invalid number: 3041 respective config: API, OpenCL, TextureMemory, Linear2D, Blocksize, bs_32x16, padding, padding_384, pixelPerThread, pixelPerThread_2, root
invalid number: 2893 respective config: API, OpenCL, TextureMemory, Linear2D, Blocksize, bs_32x1, padding, padding_288, pixelPerThread, pixelPerThread_2, root
invalid number: 21581 respective config: API, CUDA, TextureMemory, Array2D, LocalMemory, Blocksize, bs_32x16, padding, padding_192, pixelPerThread, pixelPerThread_2, root
invalid number: 9637 respective config: API, OpenCL, TextureMemory, Ldg, Blocksize, bs_32x2, padding, padding_384, pixelPerThread, pixelPerThread_2, root
invalid number: 2531 respective config: API, OpenCL, TextureMemory, Linear1D, LocalMemory, Blocksize, bs_32x4, padding, padding_96, pixelPerThread, pixelPerThread_4, root
invalid number: 21593 respective config: API, CUDA, TextureMemory, Array2D, LocalMemory, Blocksize, bs_32x16, padding, padding_288, pixelPerThread, pixelPerThread_2, root
invalid number: 9331 respective config: API, OpenCL, TextureMemory, Ldg, Blocksize, bs_256x4, padding, padding_96, pixelPerThread, pixelPerThread_4, root
invalid number: 21680 respective config: API, CUDA, TextureMemory, Array2D, LocalMemory, Blocksize, bs_32x32, padding, padding_448, pixelPerThread, pixelPerThread_1, root
invalid number: 590 respective config: API, OpenCL, TextureMemory, Linear1D, Blocksize, bs_128x2, padding, padding_352, pixelPerThread, pixelPerThread_3, root
invalid number: 7671 respective config: API, OpenCL, TextureMemory, Array2D, LocalMemory, Blocksize, bs_128x1, padding, padding_416, pixelPerThread, pixelPerThread_4, root
invalid number: 13079 respective config: API, OpenCL, LocalMemory, Blocksize, bs_32x32, padding, padding_160, pixelPerThread, pixelPerThread_4, root
invalid number: 9 respective config: API, OpenCL, TextureMemory, Linear1D, Blocksize, bs_32x1, padding, padding_64, pixelPerThread, pixelPerThread_2, root
invalid number: 506 respective config: API, OpenCL, TextureMemory, Linear1D, Blocksize, bs_128x1, padding, padding_224, pixelPerThread, pixelPerThread_3, root
invalid number: 100 respective config: API, OpenCL, TextureMemory, Linear1D, Blocksize, bs_32x8, padding, padding_256, pixelPerThread, pixelPerThread_1, root
invalid number: 22460 respective config: API, CUDA, TextureMemory, Array2D, LocalMemory, Blocksize, bs_32x2, padding, padding_160, pixelPerThread, pixelPerThread_1, root
invalid number: 21042 respective config: API, CUDA, TextureMemory, Array2D, Blocksize, bs_32x2, padding, padding_224, pixelPerThread, pixelPerThread_3, root
invalid number: 4867 respective config: API, OpenCL, TextureMemory, Linear2D, LocalMemory, Blocksize, bs_128x2, padding, padding_288, pixelPerThread, pixelPerThread_4, root
invalid number: 25246 respective config: API, CUDA, TextureMemory, Ldg, LocalMemory, Blocksize, bs_1024x1, padding, padding_128, pixelPerThread, pixelPerThread_3, root
invalid number: 2362 respective config: API, OpenCL, TextureMemory, Linear1D, LocalMemory, Blocksize, bs_512x2, padding, padding_384, pixelPerThread, pixelPerThread_3, root
invalid number: 25027 respective config: API, CUDA, TextureMemory, Ldg, LocalMemory, Blocksize, bs_256x4, padding, padding_0, pixelPerThread, pixelPerThread_4, root
invalid number: 22806 respective config: API, CUDA, TextureMemory, Array2D, LocalMemory, Blocksize, bs_256x2, padding, padding_192, pixelPerThread, pixelPerThread_3, root
invalid number: 6051 respective config: API, OpenCL, TextureMemory, Array2D, Blocksize, bs_64x1, padding, padding_512, pixelPerThread, pixelPerThread_4, root
invalid number: 5788 respective config: API, OpenCL, TextureMemory, Array2D, Blocksize, bs_32x8, padding, padding_64, pixelPerThread, pixelPerThread_1, root
invalid number: 5889 respective config: API, OpenCL, TextureMemory, Array2D, Blocksize, bs_32x16, padding, padding_320, pixelPerThread, pixelPerThread_2, root
invalid number: 7793 respective config: API, OpenCL, TextureMemory, Array2D, LocalMemory, Blocksize, bs_128x4, padding, padding_320, pixelPerThread, pixelPerThread_2, root
invalid number: 1698 respective config: API, OpenCL, TextureMemory, Linear1D, LocalMemory, Blocksize, bs_32x32, padding, padding_512, pixelPerThread, pixelPerThread_3, root
invalid number: 4986 respective config: API, OpenCL, TextureMemory, Linear2D, LocalMemory, Blocksize, bs_128x8, padding, padding_160, pixelPerThread, pixelPerThread_3, root
invalid number: 8762 respective config: API, OpenCL, TextureMemory, Ldg, Blocksize, bs_32x16, padding, padding_448, pixelPerThread, pixelPerThread_3, root
invalid number: 394 respective config: API, OpenCL, TextureMemory, Linear1D, Blocksize, bs_64x4, padding, padding_416, pixelPerThread, pixelPerThread_3, root
invalid number: 2967 respective config: API, OpenCL, TextureMemory, Linear2D, Blocksize, bs_32x8, padding, padding_320, pixelPerThread, pixelPerThread_4, root
invalid number: 2884 respective config: API, OpenCL, TextureMemory, Linear2D, Blocksize, bs_32x1, padding, padding_224, pixelPerThread, pixelPerThread_1, root
invalid number: 21946 respective config: API, CUDA, TextureMemory, Array2D, LocalMemory, Blocksize, bs_128x1, padding, padding_384, pixelPerThread, pixelPerThread_3, root
invalid number: 4892 respective config: API, OpenCL, TextureMemory, Linear2D, LocalMemory, Blocksize, bs_128x2, padding, padding_512, pixelPerThread, pixelPerThread_1, root
invalid number: 6719 respective config: API, OpenCL, TextureMemory, Array2D, Blocksize, bs_1024x1, padding, padding_416, pixelPerThread, pixelPerThread_4, root
invalid number: 9456 respective config: API, OpenCL, TextureMemory, Ldg, Blocksize, bs_512x2, padding, padding_32, pixelPerThread, pixelPerThread_1, root
invalid number: 347 respective config: API, OpenCL, TextureMemory, Linear1D, Blocksize, bs_64x4, padding, padding_32, pixelPerThread, pixelPerThread_4, root
invalid number: 8975 respective config: API, OpenCL, TextureMemory, Ldg, Blocksize, bs_64x4, padding, padding_512, pixelPerThread, pixelPerThread_4, root
invalid number: 28059 respective config: API, CUDA, LocalMemory, Blocksize, bs_512x2, padding, padding_320, pixelPerThread, pixelPerThread_4, root
invalid number: 3093 respective config: API, OpenCL, TextureMemory, Linear2D, Blocksize, bs_32x32, padding, padding_256, pixelPerThread, pixelPerThread_2, root
invalid number: 3612 respective config: API, OpenCL, TextureMemory, Linear2D, Blocksize, bs_256x4, padding, padding_64, pixelPerThread, pixelPerThread_1, root
invalid number: 4716 respective config: API, OpenCL, TextureMemory, Linear2D, LocalMemory, Blocksize, bs_64x16, padding, padding_192, pixelPerThread, pixelPerThread_1, root
invalid number: 7303 respective config: API, OpenCL, TextureMemory, Array2D, LocalMemory, Blocksize, bs_32x16, padding, padding_192, pixelPerThread, pixelPerThread_4, root
invalid number: 21245 respective config: API, CUDA, TextureMemory, Array2D, Blocksize, bs_64x8, padding, padding_224, pixelPerThread, pixelPerThread_2, root
invalid number: 20049 respective config: API, CUDA, TextureMemory, Array2D, Blocksize, bs_32x1, padding, padding_448, pixelPerThread, pixelPerThread_2, root
invalid number: 9620 respective config: API, OpenCL, TextureMemory, Ldg, Blocksize, bs_32x2, padding, padding_256, pixelPerThread, pixelPerThread_1, root
invalid number: 20920 respective config: API, CUDA, TextureMemory, Array2D, Blocksize, bs_512x2, padding, padding_352, pixelPerThread, pixelPerThread_1, root
invalid number: 28135 respective config: API, CUDA, LocalMemory, Blocksize, bs_1024x1, padding, padding_384, pixelPerThread, pixelPerThread_4, root
invalid number: 3737 respective config: API, OpenCL, TextureMemory, Linear2D, Blocksize, bs_512x1, padding, padding_512, pixelPerThread, pixelPerThread_2, root
invalid number: 3336 respective config: API, OpenCL, TextureMemory, Linear2D, Blocksize, bs_128x1, padding, padding_32, pixelPerThread, pixelPerThread_1, root
invalid number: 20324 respective config: API, CUDA, TextureMemory, Array2D, Blocksize, bs_64x1, padding, padding_480, pixelPerThread, pixelPerThread_1, root
invalid number: 16443 respective config: API, CUDA, TextureMemory, Linear1D, LocalMemory, Blocksize, bs_128x8, padding, padding_416, pixelPerThread, pixelPerThread_4, root
invalid number: 6322 respective config: API, OpenCL, TextureMemory, Array2D, Blocksize, bs_128x2, padding, padding_512, pixelPerThread, pixelPerThread_3, root
invalid number: 3801 respective config: API, OpenCL, TextureMemory, Linear2D, Blocksize, bs_512x2, padding, padding_480, pixelPerThread, pixelPerThread_2, root
invalid number: 66 respective config: API, OpenCL, TextureMemory, Linear1D, Blocksize, bs_32x1, padding, padding_512, pixelPerThread, pixelPerThread_3, root
invalid number: 5990 respective config: API, OpenCL, TextureMemory, Array2D, Blocksize, bs_64x1, padding, padding_32, pixelPerThread, pixelPerThread_3, root
invalid number: 21723 respective config: API, CUDA, TextureMemory, Array2D, LocalMemory, Blocksize, bs_64x1, padding, padding_224, pixelPerThread, pixelPerThread_4, root
invalid number: 5562 respective config: API, OpenCL, TextureMemory, Linear2D, LocalMemory, Blocksize, bs_64x8, padding, padding_416, pixelPerThread, pixelPerThread_3, root
invalid number: 3312 respective config: API, OpenCL, TextureMemory, Linear2D, Blocksize, bs_64x16, padding, padding_384, pixelPerThread, pixelPerThread_1, root
invalid number: 7266 respective config: API, OpenCL, TextureMemory, Array2D, LocalMemory, Blocksize, bs_32x8, padding, padding_448, pixelPerThread, pixelPerThread_3, root
ConfigurationSampling done in 1580 ms
28560
LocalMemory ::= (ε, 1) | (LocalMemory, 1) Symbolkind: TERMINAL
root ::= (API, 2)   (TextureMemory, 5)   (LocalMemory, 2)   (Blocksize, 21)   (padding, 17)   (pixelPerThread, 4) Symbolkind: NONTERMINAL
API ::= (OpenCL, 1) | (CUDA, 1) Symbolkind: TERMINAL
TextureMemoryInvis ::= (ε, 1) Symbolkind: TERMINAL
TextureMemory ::= (Linear1D, 1) | (Linear2D, 1) | (Array2D, 1) | (Ldg, 1) | (TextureMemoryInvis, 1) Symbolkind: TERMINAL
Blocksize ::= (bs_32x1, 1) | (bs_32x8, 1) | (bs_32x16, 1) | (bs_32x32, 1) | (bs_64x1, 1) | (bs_64x4, 1) | (bs_64x16, 1) | (bs_128x1, 1) | (bs_128x2, 1) | (bs_128x4, 1) | (bs_128x8, 1) | (bs_256x4, 1) | (bs_512x1, 1) | (bs_512x2, 1) | (bs_1024x1, 1) | (bs_32x2, 1) | (bs_32x4, 1) | (bs_64x2, 1) | (bs_64x8, 1) | (bs_256x1, 1) | (bs_256x2, 1) Symbolkind: TERMINAL
padding ::= (padding_0, 1) | (padding_32, 1) | (padding_64, 1) | (padding_96, 1) | (padding_128, 1) | (padding_160, 1) | (padding_192, 1) | (padding_224, 1) | (padding_256, 1) | (padding_288, 1) | (padding_320, 1) | (padding_352, 1) | (padding_384, 1) | (padding_416, 1) | (padding_448, 1) | (padding_480, 1) | (padding_512, 1) Symbolkind: TERMINAL
pixelPerThread ::= (pixelPerThread_1, 1) | (pixelPerThread_2, 1) | (pixelPerThread_3, 1) | (pixelPerThread_4, 1) Symbolkind: TERMINAL

command: clean-sampling
command: clean-global
command: script ./learn_grammarBased_t2.a
command: log ./out_grammarBased_t2.log
