Current machine learning settings: epsilon:0 lossFunction:RELATIVE parallelization:True bagging:False baggingNumbers:3 considerEpsilonTube:False baggingTestDataFraction:50 useBackward:False abortError:1 limitFeatureSize:False featureSizeTreshold:4 quadraticFunctionSupport:True crossValidation:False crossValidation-k:5 learn-logFunction:False learn-accumulatedLogFunction:False learn-asymFunction:False learn-ratioFunction:False learn-mirrowedFunction:False learn-numeric-disabled:True numberOfRounds:70 backwardErrorDelta:1 minImprovementPerRound:0.1 withHierarchy:False bruteForceCandidates:False ignoreBadFeatures:False stopOnLongRound:True candidateSizePenalty:True learnTimeLimit:00:00:00 scoreMeasure:RELERROR outputRoundsToStdout:False debug:False pythonInfluenceAnalysis:False blacklisted: 
command: solver z3
command: vm /scratch/kallistos/Distance-Based_Data/SupplementaryWebsite/MeasuredPerformanceValues/LLVM/FeatureModel.xml
Warning: Variability model contains outdated notation. Children nodes will no longer have effect on the model. Instead use the parent node to describe the parent of an configuration option. You can also use the converter providedby the Variability Model GUI in export>convert legacy model.
command: all /scratch/kallistos/Distance-Based_Data/SupplementaryWebsite/MeasuredPerformanceValues/LLVM/measurements.xml
Configs with too large deviation: 0
1024 configurations loaded.
command: nfp Performance
command: setsampleset /scratch/kallistos/Distance-Based_Data/Results/LLVM/LLVM_61/sampledConfigurations_divDistBased_t1.csv
command: learn-splconqueror-opt abortError=[1] minImprovementPerRound=[0.1,0.2,0.5] lossFunction=[RELATIVE] quadraticFunctionSupport=[True,False] learn_logFunction=[True,False] learn_asymFunction=[True,False] learn_ratioFunction=[True,False] withHierarchy=[False] useBackward=[False]
Learning: NumberOfConfigurationsLearning:11 NumberOfConfigurationsValidation:11
Learning progress:
1;225.94 * time_passes + 18.9473333333331 * inline;1.88245685100416;1.88245685100416;1.88245685100416;1.88245685100416;0.047583;2;18.9473333333331 * inline;1;4.83044900820288;
2;225.94 * time_passes + 17.8283333333331 * inline + 1.86500000000017 * ipsccp;1.79302495535946;1.79302495535946;1.79302495535946;1.79302495535946;0.051822;3;1.86500000000017 * ipsccp;1;0.0894318956446978;
Elapsed=00:00:00.0532071
Learning progress:
1;233.69 * time_passes + 11.1914285714282 * inline;6.74556998644444;6.74556998644444;6.74556998644444;6.74556998644444;0.000874;2;11.1914285714282 * inline;1;2.5493859084447;
2;233.69 * time_passes + 10.34 * inline + 0.993333333333024 * simplifycfg;6.71730360712101;6.71730360712101;6.71730360712101;6.71730360712101;0.003295;3;0.993333333333024 * simplifycfg;1;0.0282663793234343;
Elapsed=00:00:00.0033736
Learning progress:
1;236.043333333333 * time_passes + 8.33199999999982 * jump_threading;0.743352526445663;0.743352526445663;0.743352526445663;0.743352526445663;0.000953;2;8.33199999999982 * jump_threading;1;2.40782156193874;
Elapsed=00:00:00.0010229
Learning progress:
1;222.56 * time_passes + 21.6195238095235 * instcombine;0.421366347880742;0.421366347880742;0.421366347880742;0.421366347880742;0.000859;2;21.6195238095235 * instcombine;1;1.3759973829082;
Elapsed=00:00:00.0009379
Learning progress:
1;235.548333333333 * time_passes + 9.56899999999982 * jump_threading;1.13576793503508;1.13576793503508;1.13576793503508;1.13576793503508;0.001533;2;9.56899999999982 * jump_threading;1;4.88597200195175;
2;235.548333333333 * time_passes + 11.5999999999999 * jump_threading + -3.38500000000018 * jump_threading * sccp;0.854321764559907;0.854321764559907;0.854321764559907;0.854321764559907;0.004117;4;-3.38500000000018 * jump_threading * sccp;2;0.140723085237589;
Elapsed=00:00:00.0046953
Learning progress:
1;225.94 * time_passes + 18.9473333333331 * inline;1.88245685100416;1.88245685100416;1.88245685100416;1.88245685100416;0.000875;2;18.9473333333331 * inline;1;4.83044900820288;
2;225.94 * time_passes + 17.8283333333331 * inline + 1.86500000000017 * ipsccp;1.79302495535946;1.79302495535946;1.79302495535946;1.79302495535946;0.003491;3;1.86500000000017 * ipsccp;1;0.0894318956446978;
Elapsed=00:00:00.0035809
Learning progress:
1;233.69 * time_passes + 11.1914285714282 * inline;6.74556998644444;6.74556998644444;6.74556998644444;6.74556998644444;0.000742;2;11.1914285714282 * inline;1;2.5493859084447;
2;233.69 * time_passes + 10.34 * inline + 0.993333333333024 * simplifycfg;6.71730360712101;6.71730360712101;6.71730360712101;6.71730360712101;0.002955;3;0.993333333333024 * simplifycfg;1;0.0282663793234343;
Elapsed=00:00:00.0030313
Learning progress:
1;236.043333333333 * time_passes + 8.33199999999982 * jump_threading;0.743352526445663;0.743352526445663;0.743352526445663;0.743352526445663;0.001427;2;8.33199999999982 * jump_threading;1;2.40782156193874;
Elapsed=00:00:00.0014975
Learning progress:
1;222.56 * time_passes + 21.6195238095235 * instcombine;0.421366347880742;0.421366347880742;0.421366347880742;0.421366347880742;0.000764;2;21.6195238095235 * instcombine;1;1.3759973829082;
Elapsed=00:00:00.0008372
Learning progress:
1;235.548333333333 * time_passes + 9.56899999999982 * jump_threading;1.13576793503508;1.13576793503508;1.13576793503508;1.13576793503508;0.000807;2;9.56899999999982 * jump_threading;1;4.88597200195175;
2;235.548333333333 * time_passes + 11.5999999999999 * jump_threading + -3.38500000000018 * jump_threading * sccp;0.854321764559907;0.854321764559907;0.854321764559907;0.854321764559907;0.003308;4;-3.38500000000018 * jump_threading * sccp;2;0.140723085237589;
Elapsed=00:00:00.0033894
Learning progress:
1;225.94 * time_passes + 18.9473333333331 * inline;1.88245685100416;1.88245685100416;1.88245685100416;1.88245685100416;0.001133;2;18.9473333333331 * inline;1;4.83044900820288;
2;225.94 * time_passes + 17.8283333333331 * inline + 1.86500000000017 * ipsccp;1.79302495535946;1.79302495535946;1.79302495535946;1.79302495535946;0.003796;3;1.86500000000017 * ipsccp;1;0.0894318956446978;
Elapsed=00:00:00.0038780
Learning progress:
1;233.69 * time_passes + 11.1914285714282 * inline;6.74556998644444;6.74556998644444;6.74556998644444;6.74556998644444;0.001425;2;11.1914285714282 * inline;1;2.5493859084447;
2;233.69 * time_passes + 10.34 * inline + 0.993333333333024 * simplifycfg;6.71730360712101;6.71730360712101;6.71730360712101;6.71730360712101;0.003583;3;0.993333333333024 * simplifycfg;1;0.0282663793234343;
Elapsed=00:00:00.0036585
Learning progress:
1;236.043333333333 * time_passes + 8.33199999999982 * jump_threading;0.743352526445663;0.743352526445663;0.743352526445663;0.743352526445663;0.000951;2;8.33199999999982 * jump_threading;1;2.40782156193874;
Elapsed=00:00:00.0010193
Learning progress:
1;222.56 * time_passes + 21.6195238095235 * instcombine;0.421366347880742;0.421366347880742;0.421366347880742;0.421366347880742;0.000779;2;21.6195238095235 * instcombine;1;1.3759973829082;
Elapsed=00:00:00.0008516
Learning progress:
1;235.548333333333 * time_passes + 9.56899999999982 * jump_threading;1.13576793503508;1.13576793503508;1.13576793503508;1.13576793503508;0.001101;2;9.56899999999982 * jump_threading;1;4.88597200195175;
2;235.548333333333 * time_passes + 11.5999999999999 * jump_threading + -3.38500000000018 * jump_threading * sccp;0.854321764559907;0.854321764559907;0.854321764559907;0.854321764559907;0.00377;4;-3.38500000000018 * jump_threading * sccp;2;0.140723085237589;
Elapsed=00:00:00.0038514
Learning progress:
1;225.94 * time_passes + 18.9473333333331 * inline;1.88245685100416;1.88245685100416;1.88245685100416;1.88245685100416;0.00149;2;18.9473333333331 * inline;1;4.83044900820288;
2;225.94 * time_passes + 17.8283333333331 * inline + 1.86500000000017 * ipsccp;1.79302495535946;1.79302495535946;1.79302495535946;1.79302495535946;0.004211;3;1.86500000000017 * ipsccp;1;0.0894318956446978;
Elapsed=00:00:00.0042938
Learning progress:
1;233.69 * time_passes + 11.1914285714282 * inline;6.74556998644444;6.74556998644444;6.74556998644444;6.74556998644444;0.000972;2;11.1914285714282 * inline;1;2.5493859084447;
2;233.69 * time_passes + 10.34 * inline + 0.993333333333024 * simplifycfg;6.71730360712101;6.71730360712101;6.71730360712101;6.71730360712101;0.003136;3;0.993333333333024 * simplifycfg;1;0.0282663793234343;
Elapsed=00:00:00.0032157
Learning progress:
1;236.043333333333 * time_passes + 8.33199999999982 * jump_threading;0.743352526445663;0.743352526445663;0.743352526445663;0.743352526445663;0.001041;2;8.33199999999982 * jump_threading;1;2.40782156193874;
Elapsed=00:00:00.0011357
Learning progress:
1;222.56 * time_passes + 21.6195238095235 * instcombine;0.421366347880742;0.421366347880742;0.421366347880742;0.421366347880742;0.000964;2;21.6195238095235 * instcombine;1;1.3759973829082;
Elapsed=00:00:00.0010364
Learning progress:
1;235.548333333333 * time_passes + 9.56899999999982 * jump_threading;1.13576793503508;1.13576793503508;1.13576793503508;1.13576793503508;0.000822;2;9.56899999999982 * jump_threading;1;4.88597200195175;
2;235.548333333333 * time_passes + 11.5999999999999 * jump_threading + -3.38500000000018 * jump_threading * sccp;0.854321764559907;0.854321764559907;0.854321764559907;0.854321764559907;0.003885;4;-3.38500000000018 * jump_threading * sccp;2;0.140723085237589;
Elapsed=00:00:00.0039670
Learning progress:
1;225.94 * time_passes + 18.9473333333331 * inline;1.88245685100416;1.88245685100416;1.88245685100416;1.88245685100416;0.000987;2;18.9473333333331 * inline;1;4.83044900820288;
2;225.94 * time_passes + 17.8283333333331 * inline + 1.86500000000017 * ipsccp;1.79302495535946;1.79302495535946;1.79302495535946;1.79302495535946;0.003624;3;1.86500000000017 * ipsccp;1;0.0894318956446978;
Elapsed=00:00:00.0037059
Learning progress:
1;233.69 * time_passes + 11.1914285714282 * inline;6.74556998644444;6.74556998644444;6.74556998644444;6.74556998644444;0.000869;2;11.1914285714282 * inline;1;2.5493859084447;
2;233.69 * time_passes + 10.34 * inline + 0.993333333333024 * simplifycfg;6.71730360712101;6.71730360712101;6.71730360712101;6.71730360712101;0.0031;3;0.993333333333024 * simplifycfg;1;0.0282663793234343;
Elapsed=00:00:00.0031750
Learning progress:
1;236.043333333333 * time_passes + 8.33199999999982 * jump_threading;0.743352526445663;0.743352526445663;0.743352526445663;0.743352526445663;0.001346;2;8.33199999999982 * jump_threading;1;2.40782156193874;
Elapsed=00:00:00.0014157
Learning progress:
1;222.56 * time_passes + 21.6195238095235 * instcombine;0.421366347880742;0.421366347880742;0.421366347880742;0.421366347880742;0.000734;2;21.6195238095235 * instcombine;1;1.3759973829082;
Elapsed=00:00:00.0008062
Learning progress:
1;235.548333333333 * time_passes + 9.56899999999982 * jump_threading;1.13576793503508;1.13576793503508;1.13576793503508;1.13576793503508;0.000892;2;9.56899999999982 * jump_threading;1;4.88597200195175;
2;235.548333333333 * time_passes + 11.5999999999999 * jump_threading + -3.38500000000018 * jump_threading * sccp;0.854321764559907;0.854321764559907;0.854321764559907;0.854321764559907;0.003344;4;-3.38500000000018 * jump_threading * sccp;2;0.140723085237589;
Elapsed=00:00:00.0034235
Learning progress:
1;225.94 * time_passes + 18.9473333333331 * inline;1.88245685100416;1.88245685100416;1.88245685100416;1.88245685100416;0.000961;2;18.9473333333331 * inline;1;4.83044900820288;
2;225.94 * time_passes + 17.8283333333331 * inline + 1.86500000000017 * ipsccp;1.79302495535946;1.79302495535946;1.79302495535946;1.79302495535946;0.003653;3;1.86500000000017 * ipsccp;1;0.0894318956446978;
Elapsed=00:00:00.0037344
Learning progress:
1;233.69 * time_passes + 11.1914285714282 * inline;6.74556998644444;6.74556998644444;6.74556998644444;6.74556998644444;0.001285;2;11.1914285714282 * inline;1;2.5493859084447;
2;233.69 * time_passes + 10.34 * inline + 0.993333333333024 * simplifycfg;6.71730360712101;6.71730360712101;6.71730360712101;6.71730360712101;0.00375;3;0.993333333333024 * simplifycfg;1;0.0282663793234343;
Elapsed=00:00:00.0038274
Learning progress:
1;236.043333333333 * time_passes + 8.33199999999982 * jump_threading;0.743352526445663;0.743352526445663;0.743352526445663;0.743352526445663;0.001044;2;8.33199999999982 * jump_threading;1;2.40782156193874;
Elapsed=00:00:00.0011128
Learning progress:
1;222.56 * time_passes + 21.6195238095235 * instcombine;0.421366347880742;0.421366347880742;0.421366347880742;0.421366347880742;0.00076;2;21.6195238095235 * instcombine;1;1.3759973829082;
Elapsed=00:00:00.0008370
Learning progress:
1;235.548333333333 * time_passes + 9.56899999999982 * jump_threading;1.13576793503508;1.13576793503508;1.13576793503508;1.13576793503508;0.00081;2;9.56899999999982 * jump_threading;1;4.88597200195175;
2;235.548333333333 * time_passes + 11.5999999999999 * jump_threading + -3.38500000000018 * jump_threading * sccp;0.854321764559907;0.854321764559907;0.854321764559907;0.854321764559907;0.003306;4;-3.38500000000018 * jump_threading * sccp;2;0.140723085237589;
Elapsed=00:00:00.0033860
Learning progress:
1;225.94 * time_passes + 18.9473333333331 * inline;1.88245685100416;1.88245685100416;1.88245685100416;1.88245685100416;0.000871;2;18.9473333333331 * inline;1;4.83044900820288;
2;225.94 * time_passes + 17.8283333333331 * inline + 1.86500000000017 * ipsccp;1.79302495535946;1.79302495535946;1.79302495535946;1.79302495535946;0.00394;3;1.86500000000017 * ipsccp;1;0.0894318956446978;
Elapsed=00:00:00.0040222
Learning progress:
1;233.69 * time_passes + 11.1914285714282 * inline;6.74556998644444;6.74556998644444;6.74556998644444;6.74556998644444;0.000904;2;11.1914285714282 * inline;1;2.5493859084447;
2;233.69 * time_passes + 10.34 * inline + 0.993333333333024 * simplifycfg;6.71730360712101;6.71730360712101;6.71730360712101;6.71730360712101;0.003133;3;0.993333333333024 * simplifycfg;1;0.0282663793234343;
Elapsed=00:00:00.0032088
Learning progress:
1;236.043333333333 * time_passes + 8.33199999999982 * jump_threading;0.743352526445663;0.743352526445663;0.743352526445663;0.743352526445663;0.001046;2;8.33199999999982 * jump_threading;1;2.40782156193874;
Elapsed=00:00:00.0011244
Learning progress:
1;222.56 * time_passes + 21.6195238095235 * instcombine;0.421366347880742;0.421366347880742;0.421366347880742;0.421366347880742;0.000803;2;21.6195238095235 * instcombine;1;1.3759973829082;
Elapsed=00:00:00.0008751
Learning progress:
1;235.548333333333 * time_passes + 9.56899999999982 * jump_threading;1.13576793503508;1.13576793503508;1.13576793503508;1.13576793503508;0.000948;2;9.56899999999982 * jump_threading;1;4.88597200195175;
2;235.548333333333 * time_passes + 11.5999999999999 * jump_threading + -3.38500000000018 * jump_threading * sccp;0.854321764559907;0.854321764559907;0.854321764559907;0.854321764559907;0.00391;4;-3.38500000000018 * jump_threading * sccp;2;0.140723085237589;
Elapsed=00:00:00.0039928
Learning progress:
1;225.94 * time_passes + 18.9473333333331 * inline;1.88245685100416;1.88245685100416;1.88245685100416;1.88245685100416;0.001064;2;18.9473333333331 * inline;1;4.83044900820288;
2;225.94 * time_passes + 17.8283333333331 * inline + 1.86500000000017 * ipsccp;1.79302495535946;1.79302495535946;1.79302495535946;1.79302495535946;0.003717;3;1.86500000000017 * ipsccp;1;0.0894318956446978;
Elapsed=00:00:00.0037986
Learning progress:
1;233.69 * time_passes + 11.1914285714282 * inline;6.74556998644444;6.74556998644444;6.74556998644444;6.74556998644444;0.000948;2;11.1914285714282 * inline;1;2.5493859084447;
2;233.69 * time_passes + 10.34 * inline + 0.993333333333024 * simplifycfg;6.71730360712101;6.71730360712101;6.71730360712101;6.71730360712101;0.003081;3;0.993333333333024 * simplifycfg;1;0.0282663793234343;
Elapsed=00:00:00.0031561
Learning progress:
1;236.043333333333 * time_passes + 8.33199999999982 * jump_threading;0.743352526445663;0.743352526445663;0.743352526445663;0.743352526445663;0.001043;2;8.33199999999982 * jump_threading;1;2.40782156193874;
Elapsed=00:00:00.0011203
Learning progress:
1;222.56 * time_passes + 21.6195238095235 * instcombine;0.421366347880742;0.421366347880742;0.421366347880742;0.421366347880742;0.000963;2;21.6195238095235 * instcombine;1;1.3759973829082;
Elapsed=00:00:00.0010369
Learning progress:
1;235.548333333333 * time_passes + 9.56899999999982 * jump_threading;1.13576793503508;1.13576793503508;1.13576793503508;1.13576793503508;0.000892;2;9.56899999999982 * jump_threading;1;4.88597200195175;
2;235.548333333333 * time_passes + 11.5999999999999 * jump_threading + -3.38500000000018 * jump_threading * sccp;0.854321764559907;0.854321764559907;0.854321764559907;0.854321764559907;0.003342;4;-3.38500000000018 * jump_threading * sccp;2;0.140723085237589;
Elapsed=00:00:00.0034271
Learning progress:
1;225.94 * time_passes + 18.9473333333331 * inline;1.88245685100416;1.88245685100416;1.88245685100416;1.88245685100416;0.000972;2;18.9473333333331 * inline;1;4.83044900820288;
2;225.94 * time_passes + 17.8283333333331 * inline + 1.86500000000017 * ipsccp;1.79302495535946;1.79302495535946;1.79302495535946;1.79302495535946;0.003616;3;1.86500000000017 * ipsccp;1;0.0894318956446978;
Elapsed=00:00:00.0036969
Learning progress:
1;233.69 * time_passes + 11.1914285714282 * inline;6.74556998644444;6.74556998644444;6.74556998644444;6.74556998644444;0.001264;2;11.1914285714282 * inline;1;2.5493859084447;
2;233.69 * time_passes + 10.34 * inline + 0.993333333333024 * simplifycfg;6.71730360712101;6.71730360712101;6.71730360712101;6.71730360712101;0.003443;3;0.993333333333024 * simplifycfg;1;0.0282663793234343;
Elapsed=00:00:00.0035182
Learning progress:
1;236.043333333333 * time_passes + 8.33199999999982 * jump_threading;0.743352526445663;0.743352526445663;0.743352526445663;0.743352526445663;0.000815;2;8.33199999999982 * jump_threading;1;2.40782156193874;
Elapsed=00:00:00.0009276
Learning progress:
1;222.56 * time_passes + 21.6195238095235 * instcombine;0.421366347880742;0.421366347880742;0.421366347880742;0.421366347880742;0.000914;2;21.6195238095235 * instcombine;1;1.3759973829082;
Elapsed=00:00:00.0009872
Learning progress:
1;235.548333333333 * time_passes + 9.56899999999982 * jump_threading;1.13576793503508;1.13576793503508;1.13576793503508;1.13576793503508;0.000881;2;9.56899999999982 * jump_threading;1;4.88597200195175;
2;235.548333333333 * time_passes + 11.5999999999999 * jump_threading + -3.38500000000018 * jump_threading * sccp;0.854321764559907;0.854321764559907;0.854321764559907;0.854321764559907;0.003371;4;-3.38500000000018 * jump_threading * sccp;2;0.140723085237589;
Elapsed=00:00:00.0034514
Learning progress:
1;225.94 * time_passes + 18.9473333333331 * inline;1.88245685100416;1.88245685100416;1.88245685100416;1.88245685100416;0.000941;2;18.9473333333331 * inline;1;4.83044900820288;
2;225.94 * time_passes + 17.8283333333331 * inline + 1.86500000000017 * ipsccp;1.79302495535946;1.79302495535946;1.79302495535946;1.79302495535946;0.004027;3;1.86500000000017 * ipsccp;1;0.0894318956446978;
Elapsed=00:00:00.0041092
Learning progress:
1;233.69 * time_passes + 11.1914285714282 * inline;6.74556998644444;6.74556998644444;6.74556998644444;6.74556998644444;0.000745;2;11.1914285714282 * inline;1;2.5493859084447;
2;233.69 * time_passes + 10.34 * inline + 0.993333333333024 * simplifycfg;6.71730360712101;6.71730360712101;6.71730360712101;6.71730360712101;0.002899;3;0.993333333333024 * simplifycfg;1;0.0282663793234343;
Elapsed=00:00:00.0029745
Learning progress:
1;236.043333333333 * time_passes + 8.33199999999982 * jump_threading;0.743352526445663;0.743352526445663;0.743352526445663;0.743352526445663;0.000953;2;8.33199999999982 * jump_threading;1;2.40782156193874;
Elapsed=00:00:00.0010216
Learning progress:
1;222.56 * time_passes + 21.6195238095235 * instcombine;0.421366347880742;0.421366347880742;0.421366347880742;0.421366347880742;0.000764;2;21.6195238095235 * instcombine;1;1.3759973829082;
Elapsed=00:00:00.0008363
Learning progress:
1;235.548333333333 * time_passes + 9.56899999999982 * jump_threading;1.13576793503508;1.13576793503508;1.13576793503508;1.13576793503508;0.000952;2;9.56899999999982 * jump_threading;1;4.88597200195175;
2;235.548333333333 * time_passes + 11.5999999999999 * jump_threading + -3.38500000000018 * jump_threading * sccp;0.854321764559907;0.854321764559907;0.854321764559907;0.854321764559907;0.004062;4;-3.38500000000018 * jump_threading * sccp;2;0.140723085237589;
Elapsed=00:00:00.0041443
Learning progress:
1;225.94 * time_passes + 18.9473333333331 * inline;1.88245685100416;1.88245685100416;1.88245685100416;1.88245685100416;0.000868;2;18.9473333333331 * inline;1;4.83044900820288;
2;225.94 * time_passes + 17.8283333333331 * inline + 1.86500000000017 * ipsccp;1.79302495535946;1.79302495535946;1.79302495535946;1.79302495535946;0.003557;3;1.86500000000017 * ipsccp;1;0.0894318956446978;
Elapsed=00:00:00.0036388
Learning progress:
1;233.69 * time_passes + 11.1914285714282 * inline;6.74556998644444;6.74556998644444;6.74556998644444;6.74556998644444;0.000884;2;11.1914285714282 * inline;1;2.5493859084447;
2;233.69 * time_passes + 10.34 * inline + 0.993333333333024 * simplifycfg;6.71730360712101;6.71730360712101;6.71730360712101;6.71730360712101;0.003071;3;0.993333333333024 * simplifycfg;1;0.0282663793234343;
Elapsed=00:00:00.0031463
Learning progress:
1;236.043333333333 * time_passes + 8.33199999999982 * jump_threading;0.743352526445663;0.743352526445663;0.743352526445663;0.743352526445663;0.000828;2;8.33199999999982 * jump_threading;1;2.40782156193874;
Elapsed=00:00:00.0008957
Learning progress:
1;222.56 * time_passes + 21.6195238095235 * instcombine;0.421366347880742;0.421366347880742;0.421366347880742;0.421366347880742;0.00077;2;21.6195238095235 * instcombine;1;1.3759973829082;
Elapsed=00:00:00.0008437
Learning progress:
1;235.548333333333 * time_passes + 9.56899999999982 * jump_threading;1.13576793503508;1.13576793503508;1.13576793503508;1.13576793503508;0.000807;2;9.56899999999982 * jump_threading;1;4.88597200195175;
2;235.548333333333 * time_passes + 11.5999999999999 * jump_threading + -3.38500000000018 * jump_threading * sccp;0.854321764559907;0.854321764559907;0.854321764559907;0.854321764559907;0.003564;4;-3.38500000000018 * jump_threading * sccp;2;0.140723085237589;
Elapsed=00:00:00.0036457
Learning progress:
1;225.94 * time_passes + 18.9473333333331 * inline;1.88245685100416;1.88245685100416;1.88245685100416;1.88245685100416;0.000979;2;18.9473333333331 * inline;1;4.83044900820288;
2;225.94 * time_passes + 17.8283333333331 * inline + 1.86500000000017 * ipsccp;1.79302495535946;1.79302495535946;1.79302495535946;1.79302495535946;0.003608;3;1.86500000000017 * ipsccp;1;0.0894318956446978;
Elapsed=00:00:00.0036890
Learning progress:
1;233.69 * time_passes + 11.1914285714282 * inline;6.74556998644444;6.74556998644444;6.74556998644444;6.74556998644444;0.000716;2;11.1914285714282 * inline;1;2.5493859084447;
2;233.69 * time_passes + 10.34 * inline + 0.993333333333024 * simplifycfg;6.71730360712101;6.71730360712101;6.71730360712101;6.71730360712101;0.003751;3;0.993333333333024 * simplifycfg;1;0.0282663793234343;
Elapsed=00:00:00.0038271
Learning progress:
1;236.043333333333 * time_passes + 8.33199999999982 * jump_threading;0.743352526445663;0.743352526445663;0.743352526445663;0.743352526445663;0.000803;2;8.33199999999982 * jump_threading;1;2.40782156193874;
Elapsed=00:00:00.0008709
Learning progress:
1;222.56 * time_passes + 21.6195238095235 * instcombine;0.421366347880742;0.421366347880742;0.421366347880742;0.421366347880742;0.000738;2;21.6195238095235 * instcombine;1;1.3759973829082;
Elapsed=00:00:00.0008101
Learning progress:
1;235.548333333333 * time_passes + 9.56899999999982 * jump_threading;1.13576793503508;1.13576793503508;1.13576793503508;1.13576793503508;0.000912;2;9.56899999999982 * jump_threading;1;4.88597200195175;
2;235.548333333333 * time_passes + 11.5999999999999 * jump_threading + -3.38500000000018 * jump_threading * sccp;0.854321764559907;0.854321764559907;0.854321764559907;0.854321764559907;0.003405;4;-3.38500000000018 * jump_threading * sccp;2;0.140723085237589;
Elapsed=00:00:00.0034852
Learning progress:
1;225.94 * time_passes + 18.9473333333331 * inline;1.88245685100416;1.88245685100416;1.88245685100416;1.88245685100416;0.000972;2;18.9473333333331 * inline;1;4.83044900820288;
2;225.94 * time_passes + 17.8283333333331 * inline + 1.86500000000017 * ipsccp;1.79302495535946;1.79302495535946;1.79302495535946;1.79302495535946;0.004138;3;1.86500000000017 * ipsccp;1;0.0894318956446978;
Elapsed=00:00:00.0042208
Learning progress:
1;233.69 * time_passes + 11.1914285714282 * inline;6.74556998644444;6.74556998644444;6.74556998644444;6.74556998644444;0.000742;2;11.1914285714282 * inline;1;2.5493859084447;
2;233.69 * time_passes + 10.34 * inline + 0.993333333333024 * simplifycfg;6.71730360712101;6.71730360712101;6.71730360712101;6.71730360712101;0.002996;3;0.993333333333024 * simplifycfg;1;0.0282663793234343;
Elapsed=00:00:00.0030708
Learning progress:
1;236.043333333333 * time_passes + 8.33199999999982 * jump_threading;0.743352526445663;0.743352526445663;0.743352526445663;0.743352526445663;0.001103;2;8.33199999999982 * jump_threading;1;2.40782156193874;
Elapsed=00:00:00.0011725
Learning progress:
1;222.56 * time_passes + 21.6195238095235 * instcombine;0.421366347880742;0.421366347880742;0.421366347880742;0.421366347880742;0.000741;2;21.6195238095235 * instcombine;1;1.3759973829082;
Elapsed=00:00:00.0008136
Learning progress:
1;235.548333333333 * time_passes + 9.56899999999982 * jump_threading;1.13576793503508;1.13576793503508;1.13576793503508;1.13576793503508;0.000852;2;9.56899999999982 * jump_threading;1;4.88597200195175;
2;235.548333333333 * time_passes + 11.5999999999999 * jump_threading + -3.38500000000018 * jump_threading * sccp;0.854321764559907;0.854321764559907;0.854321764559907;0.854321764559907;0.004028;4;-3.38500000000018 * jump_threading * sccp;2;0.140723085237589;
Elapsed=00:00:00.0041098
Learning progress:
1;225.94 * time_passes + 18.9473333333331 * inline;1.88245685100416;1.88245685100416;1.88245685100416;1.88245685100416;0.000971;2;18.9473333333331 * inline;1;4.83044900820288;
2;225.94 * time_passes + 17.8283333333331 * inline + 1.86500000000017 * ipsccp;1.79302495535946;1.79302495535946;1.79302495535946;1.79302495535946;0.003737;3;1.86500000000017 * ipsccp;1;0.0894318956446978;
Elapsed=00:00:00.0038190
Learning progress:
1;233.69 * time_passes + 11.1914285714282 * inline;6.74556998644444;6.74556998644444;6.74556998644444;6.74556998644444;0.000853;2;11.1914285714282 * inline;1;2.5493859084447;
2;233.69 * time_passes + 10.34 * inline + 0.993333333333024 * simplifycfg;6.71730360712101;6.71730360712101;6.71730360712101;6.71730360712101;0.003139;3;0.993333333333024 * simplifycfg;1;0.0282663793234343;
Elapsed=00:00:00.0032141
Learning progress:
1;236.043333333333 * time_passes + 8.33199999999982 * jump_threading;0.743352526445663;0.743352526445663;0.743352526445663;0.743352526445663;0.00081;2;8.33199999999982 * jump_threading;1;2.40782156193874;
Elapsed=00:00:00.0008776
Learning progress:
1;222.56 * time_passes + 21.6195238095235 * instcombine;0.421366347880742;0.421366347880742;0.421366347880742;0.421366347880742;0.000774;2;21.6195238095235 * instcombine;1;1.3759973829082;
Elapsed=00:00:00.0008478
Learning progress:
1;235.548333333333 * time_passes + 9.56899999999982 * jump_threading;1.13576793503508;1.13576793503508;1.13576793503508;1.13576793503508;0.000809;2;9.56899999999982 * jump_threading;1;4.88597200195175;
2;235.548333333333 * time_passes + 11.5999999999999 * jump_threading + -3.38500000000018 * jump_threading * sccp;0.854321764559907;0.854321764559907;0.854321764559907;0.854321764559907;0.003316;4;-3.38500000000018 * jump_threading * sccp;2;0.140723085237589;
Elapsed=00:00:00.0033963
Learning progress:
1;225.94 * time_passes + 18.9473333333331 * inline;1.88245685100416;1.88245685100416;1.88245685100416;1.88245685100416;0.000866;2;18.9473333333331 * inline;1;4.83044900820288;
2;225.94 * time_passes + 17.8283333333331 * inline + 1.86500000000017 * ipsccp;1.79302495535946;1.79302495535946;1.79302495535946;1.79302495535946;0.003518;3;1.86500000000017 * ipsccp;1;0.0894318956446978;
Elapsed=00:00:00.0035985
Learning progress:
1;233.69 * time_passes + 11.1914285714282 * inline;6.74556998644444;6.74556998644444;6.74556998644444;6.74556998644444;0.000717;2;11.1914285714282 * inline;1;2.5493859084447;
2;233.69 * time_passes + 10.34 * inline + 0.993333333333024 * simplifycfg;6.71730360712101;6.71730360712101;6.71730360712101;6.71730360712101;0.003666;3;0.993333333333024 * simplifycfg;1;0.0282663793234343;
Elapsed=00:00:00.0037421
Learning progress:
1;236.043333333333 * time_passes + 8.33199999999982 * jump_threading;0.743352526445663;0.743352526445663;0.743352526445663;0.743352526445663;0.000942;2;8.33199999999982 * jump_threading;1;2.40782156193874;
Elapsed=00:00:00.0010155
Learning progress:
1;222.56 * time_passes + 21.6195238095235 * instcombine;0.421366347880742;0.421366347880742;0.421366347880742;0.421366347880742;0.000872;2;21.6195238095235 * instcombine;1;1.3759973829082;
Elapsed=00:00:00.0009453
Learning progress:
1;235.548333333333 * time_passes + 9.56899999999982 * jump_threading;1.13576793503508;1.13576793503508;1.13576793503508;1.13576793503508;0.000926;2;9.56899999999982 * jump_threading;1;4.88597200195175;
2;235.548333333333 * time_passes + 11.5999999999999 * jump_threading + -3.38500000000018 * jump_threading * sccp;0.854321764559907;0.854321764559907;0.854321764559907;0.854321764559907;0.003486;4;-3.38500000000018 * jump_threading * sccp;2;0.140723085237589;
Elapsed=00:00:00.0035671
Learning progress:
1;225.94 * time_passes + 18.9473333333331 * inline;1.88245685100416;1.88245685100416;1.88245685100416;1.88245685100416;0.000869;2;18.9473333333331 * inline;1;4.83044900820288;
2;225.94 * time_passes + 17.8283333333331 * inline + 1.86500000000017 * ipsccp;1.79302495535946;1.79302495535946;1.79302495535946;1.79302495535946;0.004221;3;1.86500000000017 * ipsccp;1;0.0894318956446978;
Elapsed=00:00:00.0043041
Learning progress:
1;233.69 * time_passes + 11.1914285714282 * inline;6.74556998644444;6.74556998644444;6.74556998644444;6.74556998644444;0.00075;2;11.1914285714282 * inline;1;2.5493859084447;
2;233.69 * time_passes + 10.34 * inline + 0.993333333333024 * simplifycfg;6.71730360712101;6.71730360712101;6.71730360712101;6.71730360712101;0.003019;3;0.993333333333024 * simplifycfg;1;0.0282663793234343;
Elapsed=00:00:00.0030946
Learning progress:
1;236.043333333333 * time_passes + 8.33199999999982 * jump_threading;0.743352526445663;0.743352526445663;0.743352526445663;0.743352526445663;0.000927;2;8.33199999999982 * jump_threading;1;2.40782156193874;
Elapsed=00:00:00.0010028
Learning progress:
1;222.56 * time_passes + 21.6195238095235 * instcombine;0.421366347880742;0.421366347880742;0.421366347880742;0.421366347880742;0.000764;2;21.6195238095235 * instcombine;1;1.3759973829082;
Elapsed=00:00:00.0008358
Learning progress:
1;235.548333333333 * time_passes + 9.56899999999982 * jump_threading;1.13576793503508;1.13576793503508;1.13576793503508;1.13576793503508;0.00081;2;9.56899999999982 * jump_threading;1;4.88597200195175;
2;235.548333333333 * time_passes + 11.5999999999999 * jump_threading + -3.38500000000018 * jump_threading * sccp;0.854321764559907;0.854321764559907;0.854321764559907;0.854321764559907;0.003981;4;-3.38500000000018 * jump_threading * sccp;2;0.140723085237589;
Elapsed=00:00:00.0040633
Learning progress:
1;225.94 * time_passes + 18.9473333333331 * inline;1.88245685100416;1.88245685100416;1.88245685100416;1.88245685100416;0.000866;2;18.9473333333331 * inline;1;4.83044900820288;
2;225.94 * time_passes + 17.8283333333331 * inline + 1.86500000000017 * ipsccp;1.79302495535946;1.79302495535946;1.79302495535946;1.79302495535946;0.003466;3;1.86500000000017 * ipsccp;1;0.0894318956446978;
Elapsed=00:00:00.0035485
Learning progress:
1;233.69 * time_passes + 11.1914285714282 * inline;6.74556998644444;6.74556998644444;6.74556998644444;6.74556998644444;0.000753;2;11.1914285714282 * inline;1;2.5493859084447;
2;233.69 * time_passes + 10.34 * inline + 0.993333333333024 * simplifycfg;6.71730360712101;6.71730360712101;6.71730360712101;6.71730360712101;0.002881;3;0.993333333333024 * simplifycfg;1;0.0282663793234343;
Elapsed=00:00:00.0029579
Learning progress:
1;236.043333333333 * time_passes + 8.33199999999982 * jump_threading;0.743352526445663;0.743352526445663;0.743352526445663;0.743352526445663;0.001076;2;8.33199999999982 * jump_threading;1;2.40782156193874;
Elapsed=00:00:00.0011447
Learning progress:
1;222.56 * time_passes + 21.6195238095235 * instcombine;0.421366347880742;0.421366347880742;0.421366347880742;0.421366347880742;0.001441;2;21.6195238095235 * instcombine;1;1.3759973829082;
Elapsed=00:00:00.0015151
Learning progress:
1;235.548333333333 * time_passes + 9.56899999999982 * jump_threading;1.13576793503508;1.13576793503508;1.13576793503508;1.13576793503508;0.001014;2;9.56899999999982 * jump_threading;1;4.88597200195175;
2;235.548333333333 * time_passes + 11.5999999999999 * jump_threading + -3.38500000000018 * jump_threading * sccp;0.854321764559907;0.854321764559907;0.854321764559907;0.854321764559907;0.003567;4;-3.38500000000018 * jump_threading * sccp;2;0.140723085237589;
Elapsed=00:00:00.0036487
Learning progress:
1;225.94 * time_passes + 18.9473333333331 * inline;1.88245685100416;1.88245685100416;1.88245685100416;1.88245685100416;0.001073;2;18.9473333333331 * inline;1;4.83044900820288;
2;225.94 * time_passes + 17.8283333333331 * inline + 1.86500000000017 * ipsccp;1.79302495535946;1.79302495535946;1.79302495535946;1.79302495535946;0.003648;3;1.86500000000017 * ipsccp;1;0.0894318956446978;
Elapsed=00:00:00.0037295
Learning progress:
1;233.69 * time_passes + 11.1914285714282 * inline;6.74556998644444;6.74556998644444;6.74556998644444;6.74556998644444;0.000728;2;11.1914285714282 * inline;1;2.5493859084447;
2;233.69 * time_passes + 10.34 * inline + 0.993333333333024 * simplifycfg;6.71730360712101;6.71730360712101;6.71730360712101;6.71730360712101;0.003588;3;0.993333333333024 * simplifycfg;1;0.0282663793234343;
Elapsed=00:00:00.0036652
Learning progress:
1;236.043333333333 * time_passes + 8.33199999999982 * jump_threading;0.743352526445663;0.743352526445663;0.743352526445663;0.743352526445663;0.000867;2;8.33199999999982 * jump_threading;1;2.40782156193874;
Elapsed=00:00:00.0009403
Learning progress:
1;222.56 * time_passes + 21.6195238095235 * instcombine;0.421366347880742;0.421366347880742;0.421366347880742;0.421366347880742;0.000869;2;21.6195238095235 * instcombine;1;1.3759973829082;
Elapsed=00:00:00.0009424
Learning progress:
1;235.548333333333 * time_passes + 9.56899999999982 * jump_threading;1.13576793503508;1.13576793503508;1.13576793503508;1.13576793503508;0.00102;2;9.56899999999982 * jump_threading;1;4.88597200195175;
2;235.548333333333 * time_passes + 11.5999999999999 * jump_threading + -3.38500000000018 * jump_threading * sccp;0.854321764559907;0.854321764559907;0.854321764559907;0.854321764559907;0.003538;4;-3.38500000000018 * jump_threading * sccp;2;0.140723085237589;
Elapsed=00:00:00.0036190
Learning progress:
1;225.94 * time_passes + 18.9473333333331 * inline;1.88245685100416;1.88245685100416;1.88245685100416;1.88245685100416;0.001012;2;18.9473333333331 * inline;1;4.83044900820288;
2;225.94 * time_passes + 17.8283333333331 * inline + 1.86500000000017 * ipsccp;1.79302495535946;1.79302495535946;1.79302495535946;1.79302495535946;0.004337;3;1.86500000000017 * ipsccp;1;0.0894318956446978;
Elapsed=00:00:00.0044194
Learning progress:
1;233.69 * time_passes + 11.1914285714282 * inline;6.74556998644444;6.74556998644444;6.74556998644444;6.74556998644444;0.000796;2;11.1914285714282 * inline;1;2.5493859084447;
2;233.69 * time_passes + 10.34 * inline + 0.993333333333024 * simplifycfg;6.71730360712101;6.71730360712101;6.71730360712101;6.71730360712101;0.002968;3;0.993333333333024 * simplifycfg;1;0.0282663793234343;
Elapsed=00:00:00.0030425
Learning progress:
1;236.043333333333 * time_passes + 8.33199999999982 * jump_threading;0.743352526445663;0.743352526445663;0.743352526445663;0.743352526445663;0.000894;2;8.33199999999982 * jump_threading;1;2.40782156193874;
Elapsed=00:00:00.0009626
Learning progress:
1;222.56 * time_passes + 21.6195238095235 * instcombine;0.421366347880742;0.421366347880742;0.421366347880742;0.421366347880742;0.000777;2;21.6195238095235 * instcombine;1;1.3759973829082;
Elapsed=00:00:00.0008486
Learning progress:
1;235.548333333333 * time_passes + 9.56899999999982 * jump_threading;1.13576793503508;1.13576793503508;1.13576793503508;1.13576793503508;0.000925;2;9.56899999999982 * jump_threading;1;4.88597200195175;
2;235.548333333333 * time_passes + 11.5999999999999 * jump_threading + -3.38500000000018 * jump_threading * sccp;0.854321764559907;0.854321764559907;0.854321764559907;0.854321764559907;0.004163;4;-3.38500000000018 * jump_threading * sccp;2;0.140723085237589;
Elapsed=00:00:00.0042449
Learning progress:
1;225.94 * time_passes + 18.9473333333331 * inline;1.88245685100416;1.88245685100416;1.88245685100416;1.88245685100416;0.001013;2;18.9473333333331 * inline;1;4.83044900820288;
2;225.94 * time_passes + 17.8283333333331 * inline + 1.86500000000017 * ipsccp;1.79302495535946;1.79302495535946;1.79302495535946;1.79302495535946;0.003703;3;1.86500000000017 * ipsccp;1;0.0894318956446978;
Elapsed=00:00:00.0037852
Learning progress:
1;233.69 * time_passes + 11.1914285714282 * inline;6.74556998644444;6.74556998644444;6.74556998644444;6.74556998644444;0.000859;2;11.1914285714282 * inline;1;2.5493859084447;
2;233.69 * time_passes + 10.34 * inline + 0.993333333333024 * simplifycfg;6.71730360712101;6.71730360712101;6.71730360712101;6.71730360712101;0.002994;3;0.993333333333024 * simplifycfg;1;0.0282663793234343;
Elapsed=00:00:00.0030697
Learning progress:
1;236.043333333333 * time_passes + 8.33199999999982 * jump_threading;0.743352526445663;0.743352526445663;0.743352526445663;0.743352526445663;0.001098;2;8.33199999999982 * jump_threading;1;2.40782156193874;
Elapsed=00:00:00.0011671
Learning progress:
1;222.56 * time_passes + 21.6195238095235 * instcombine;0.421366347880742;0.421366347880742;0.421366347880742;0.421366347880742;0.001476;2;21.6195238095235 * instcombine;1;1.3759973829082;
Elapsed=00:00:00.0015508
Learning progress:
1;235.548333333333 * time_passes + 9.56899999999982 * jump_threading;1.13576793503508;1.13576793503508;1.13576793503508;1.13576793503508;0.001014;2;9.56899999999982 * jump_threading;1;4.88597200195175;
2;235.548333333333 * time_passes + 11.5999999999999 * jump_threading + -3.38500000000018 * jump_threading * sccp;0.854321764559907;0.854321764559907;0.854321764559907;0.854321764559907;0.003474;4;-3.38500000000018 * jump_threading * sccp;2;0.140723085237589;
Elapsed=00:00:00.0035557
Learning progress:
1;225.94 * time_passes + 18.9473333333331 * inline;1.88245685100416;1.88245685100416;1.88245685100416;1.88245685100416;0.001036;2;18.9473333333331 * inline;1;4.83044900820288;
2;225.94 * time_passes + 17.8283333333331 * inline + 1.86500000000017 * ipsccp;1.79302495535946;1.79302495535946;1.79302495535946;1.79302495535946;0.00369;3;1.86500000000017 * ipsccp;1;0.0894318956446978;
Elapsed=00:00:00.0037716
Learning progress:
1;233.69 * time_passes + 11.1914285714282 * inline;6.74556998644444;6.74556998644444;6.74556998644444;6.74556998644444;0.000805;2;11.1914285714282 * inline;1;2.5493859084447;
2;233.69 * time_passes + 10.34 * inline + 0.993333333333024 * simplifycfg;6.71730360712101;6.71730360712101;6.71730360712101;6.71730360712101;0.003912;3;0.993333333333024 * simplifycfg;1;0.0282663793234343;
Elapsed=00:00:00.0039893
Learning progress:
1;236.043333333333 * time_passes + 8.33199999999982 * jump_threading;0.743352526445663;0.743352526445663;0.743352526445663;0.743352526445663;0.000975;2;8.33199999999982 * jump_threading;1;2.40782156193874;
Elapsed=00:00:00.0010439
Learning progress:
1;222.56 * time_passes + 21.6195238095235 * instcombine;0.421366347880742;0.421366347880742;0.421366347880742;0.421366347880742;0.00076;2;21.6195238095235 * instcombine;1;1.3759973829082;
Elapsed=00:00:00.0008325
Learning progress:
1;235.548333333333 * time_passes + 9.56899999999982 * jump_threading;1.13576793503508;1.13576793503508;1.13576793503508;1.13576793503508;0.000823;2;9.56899999999982 * jump_threading;1;4.88597200195175;
2;235.548333333333 * time_passes + 11.5999999999999 * jump_threading + -3.38500000000018 * jump_threading * sccp;0.854321764559907;0.854321764559907;0.854321764559907;0.854321764559907;0.003266;4;-3.38500000000018 * jump_threading * sccp;2;0.140723085237589;
Elapsed=00:00:00.0033466
Learning progress:
1;225.94 * time_passes + 18.9473333333331 * inline;1.88245685100416;1.88245685100416;1.88245685100416;1.88245685100416;0.000959;2;18.9473333333331 * inline;1;4.83044900820288;
2;225.94 * time_passes + 17.8283333333331 * inline + 1.86500000000017 * ipsccp;1.79302495535946;1.79302495535946;1.79302495535946;1.79302495535946;0.004208;3;1.86500000000017 * ipsccp;1;0.0894318956446978;
Elapsed=00:00:00.0042901
Learning progress:
1;233.69 * time_passes + 11.1914285714282 * inline;6.74556998644444;6.74556998644444;6.74556998644444;6.74556998644444;0.000743;2;11.1914285714282 * inline;1;2.5493859084447;
2;233.69 * time_passes + 10.34 * inline + 0.993333333333024 * simplifycfg;6.71730360712101;6.71730360712101;6.71730360712101;6.71730360712101;0.002885;3;0.993333333333024 * simplifycfg;1;0.0282663793234343;
Elapsed=00:00:00.0029610
Learning progress:
1;236.043333333333 * time_passes + 8.33199999999982 * jump_threading;0.743352526445663;0.743352526445663;0.743352526445663;0.743352526445663;0.001067;2;8.33199999999982 * jump_threading;1;2.40782156193874;
Elapsed=00:00:00.0011359
Learning progress:
1;222.56 * time_passes + 21.6195238095235 * instcombine;0.421366347880742;0.421366347880742;0.421366347880742;0.421366347880742;0.000757;2;21.6195238095235 * instcombine;1;1.3759973829082;
Elapsed=00:00:00.0008296
Learning progress:
1;235.548333333333 * time_passes + 9.56899999999982 * jump_threading;1.13576793503508;1.13576793503508;1.13576793503508;1.13576793503508;0.000965;2;9.56899999999982 * jump_threading;1;4.88597200195175;
2;235.548333333333 * time_passes + 11.5999999999999 * jump_threading + -3.38500000000018 * jump_threading * sccp;0.854321764559907;0.854321764559907;0.854321764559907;0.854321764559907;0.004279;4;-3.38500000000018 * jump_threading * sccp;2;0.140723085237589;
Elapsed=00:00:00.0043611
Learning progress:
1;225.94 * time_passes + 18.9473333333331 * inline;1.88245685100416;1.88245685100416;1.88245685100416;1.88245685100416;0.000907;2;18.9473333333331 * inline;1;4.83044900820288;
2;225.94 * time_passes + 17.8283333333331 * inline + 1.86500000000017 * ipsccp;1.79302495535946;1.79302495535946;1.79302495535946;1.79302495535946;0.00355;3;1.86500000000017 * ipsccp;1;0.0894318956446978;
Elapsed=00:00:00.0036310
Learning progress:
1;233.69 * time_passes + 11.1914285714282 * inline;6.74556998644444;6.74556998644444;6.74556998644444;6.74556998644444;0.000854;2;11.1914285714282 * inline;1;2.5493859084447;
2;233.69 * time_passes + 10.34 * inline + 0.993333333333024 * simplifycfg;6.71730360712101;6.71730360712101;6.71730360712101;6.71730360712101;0.003;3;0.993333333333024 * simplifycfg;1;0.0282663793234343;
Elapsed=00:00:00.0030747
Learning progress:
1;236.043333333333 * time_passes + 8.33199999999982 * jump_threading;0.743352526445663;0.743352526445663;0.743352526445663;0.743352526445663;0.000974;2;8.33199999999982 * jump_threading;1;2.40782156193874;
Elapsed=00:00:00.0010421
Learning progress:
1;222.56 * time_passes + 21.6195238095235 * instcombine;0.421366347880742;0.421366347880742;0.421366347880742;0.421366347880742;0.001448;2;21.6195238095235 * instcombine;1;1.3759973829082;
Elapsed=00:00:00.0015219
Learning progress:
1;235.548333333333 * time_passes + 9.56899999999982 * jump_threading;1.13576793503508;1.13576793503508;1.13576793503508;1.13576793503508;0.000929;2;9.56899999999982 * jump_threading;1;4.88597200195175;
2;235.548333333333 * time_passes + 11.5999999999999 * jump_threading + -3.38500000000018 * jump_threading * sccp;0.854321764559907;0.854321764559907;0.854321764559907;0.854321764559907;0.003381;4;-3.38500000000018 * jump_threading * sccp;2;0.140723085237589;
Elapsed=00:00:00.0034616
Learning progress:
1;225.94 * time_passes + 18.9473333333331 * inline;1.88245685100416;1.88245685100416;1.88245685100416;1.88245685100416;0.000974;2;18.9473333333331 * inline;1;4.83044900820288;
2;225.94 * time_passes + 17.8283333333331 * inline + 1.86500000000017 * ipsccp;1.79302495535946;1.79302495535946;1.79302495535946;1.79302495535946;0.00353;3;1.86500000000017 * ipsccp;1;0.0894318956446978;
Elapsed=00:00:00.0036113
Learning progress:
1;233.69 * time_passes + 11.1914285714282 * inline;6.74556998644444;6.74556998644444;6.74556998644444;6.74556998644444;0.000942;2;11.1914285714282 * inline;1;2.5493859084447;
2;233.69 * time_passes + 10.34 * inline + 0.993333333333024 * simplifycfg;6.71730360712101;6.71730360712101;6.71730360712101;6.71730360712101;0.003933;3;0.993333333333024 * simplifycfg;1;0.0282663793234343;
Elapsed=00:00:00.0040143
Learning progress:
1;236.043333333333 * time_passes + 8.33199999999982 * jump_threading;0.743352526445663;0.743352526445663;0.743352526445663;0.743352526445663;0.000952;2;8.33199999999982 * jump_threading;1;2.40782156193874;
Elapsed=00:00:00.0010201
Learning progress:
1;222.56 * time_passes + 21.6195238095235 * instcombine;0.421366347880742;0.421366347880742;0.421366347880742;0.421366347880742;0.000762;2;21.6195238095235 * instcombine;1;1.3759973829082;
Elapsed=00:00:00.0008345
Learning progress:
1;235.548333333333 * time_passes + 9.56899999999982 * jump_threading;1.13576793503508;1.13576793503508;1.13576793503508;1.13576793503508;0.000796;2;9.56899999999982 * jump_threading;1;4.88597200195175;
2;235.548333333333 * time_passes + 11.5999999999999 * jump_threading + -3.38500000000018 * jump_threading * sccp;0.854321764559907;0.854321764559907;0.854321764559907;0.854321764559907;0.003212;4;-3.38500000000018 * jump_threading * sccp;2;0.140723085237589;
Elapsed=00:00:00.0032929
Learning progress:
1;225.94 * time_passes + 18.9473333333331 * inline;1.88245685100416;1.88245685100416;1.88245685100416;1.88245685100416;0.000895;2;18.9473333333331 * inline;1;4.83044900820288;
2;225.94 * time_passes + 17.8283333333331 * inline + 1.86500000000017 * ipsccp;1.79302495535946;1.79302495535946;1.79302495535946;1.79302495535946;0.004188;3;1.86500000000017 * ipsccp;1;0.0894318956446978;
Elapsed=00:00:00.0042782
Learning progress:
1;233.69 * time_passes + 11.1914285714282 * inline;6.74556998644444;6.74556998644444;6.74556998644444;6.74556998644444;0.000852;2;11.1914285714282 * inline;1;2.5493859084447;
2;233.69 * time_passes + 10.34 * inline + 0.993333333333024 * simplifycfg;6.71730360712101;6.71730360712101;6.71730360712101;6.71730360712101;0.002989;3;0.993333333333024 * simplifycfg;1;0.0282663793234343;
Elapsed=00:00:00.0030870
Learning progress:
1;236.043333333333 * time_passes + 8.33199999999982 * jump_threading;0.743352526445663;0.743352526445663;0.743352526445663;0.743352526445663;0.000959;2;8.33199999999982 * jump_threading;1;2.40782156193874;
Elapsed=00:00:00.0010273
Learning progress:
1;222.56 * time_passes + 21.6195238095235 * instcombine;0.421366347880742;0.421366347880742;0.421366347880742;0.421366347880742;0.000758;2;21.6195238095235 * instcombine;1;1.3759973829082;
Elapsed=00:00:00.0008304
Learning progress:
1;235.548333333333 * time_passes + 9.56899999999982 * jump_threading;1.13576793503508;1.13576793503508;1.13576793503508;1.13576793503508;0.000869;2;9.56899999999982 * jump_threading;1;4.88597200195175;
2;235.548333333333 * time_passes + 11.5999999999999 * jump_threading + -3.38500000000018 * jump_threading * sccp;0.854321764559907;0.854321764559907;0.854321764559907;0.854321764559907;0.003927;4;-3.38500000000018 * jump_threading * sccp;2;0.140723085237589;
Elapsed=00:00:00.0040081
Learning progress:
1;225.94 * time_passes + 18.9473333333331 * inline;1.88245685100416;1.88245685100416;1.88245685100416;1.88245685100416;0.000997;2;18.9473333333331 * inline;1;4.83044900820288;
2;225.94 * time_passes + 17.8283333333331 * inline + 1.86500000000017 * ipsccp;1.79302495535946;1.79302495535946;1.79302495535946;1.79302495535946;0.003587;3;1.86500000000017 * ipsccp;1;0.0894318956446978;
Elapsed=00:00:00.0036689
Learning progress:
1;233.69 * time_passes + 11.1914285714282 * inline;6.74556998644444;6.74556998644444;6.74556998644444;6.74556998644444;0.000738;2;11.1914285714282 * inline;1;2.5493859084447;
2;233.69 * time_passes + 10.34 * inline + 0.993333333333024 * simplifycfg;6.71730360712101;6.71730360712101;6.71730360712101;6.71730360712101;0.003158;3;0.993333333333024 * simplifycfg;1;0.0282663793234343;
Elapsed=00:00:00.0032333
Learning progress:
1;236.043333333333 * time_passes + 8.33199999999982 * jump_threading;0.743352526445663;0.743352526445663;0.743352526445663;0.743352526445663;0.00082;2;8.33199999999982 * jump_threading;1;2.40782156193874;
Elapsed=00:00:00.0008876
Learning progress:
1;222.56 * time_passes + 21.6195238095235 * instcombine;0.421366347880742;0.421366347880742;0.421366347880742;0.421366347880742;0.000879;2;21.6195238095235 * instcombine;1;1.3759973829082;
Elapsed=00:00:00.0009584
Learning progress:
1;235.548333333333 * time_passes + 9.56899999999982 * jump_threading;1.13576793503508;1.13576793503508;1.13576793503508;1.13576793503508;0.00082;2;9.56899999999982 * jump_threading;1;4.88597200195175;
2;235.548333333333 * time_passes + 11.5999999999999 * jump_threading + -3.38500000000018 * jump_threading * sccp;0.854321764559907;0.854321764559907;0.854321764559907;0.854321764559907;0.003263;4;-3.38500000000018 * jump_threading * sccp;2;0.140723085237589;
Elapsed=00:00:00.0033434
Learning progress:
1;225.94 * time_passes + 18.9473333333331 * inline;1.88245685100416;1.88245685100416;1.88245685100416;1.88245685100416;0.001015;2;18.9473333333331 * inline;1;4.83044900820288;
2;225.94 * time_passes + 17.8283333333331 * inline + 1.86500000000017 * ipsccp;1.79302495535946;1.79302495535946;1.79302495535946;1.79302495535946;0.003597;3;1.86500000000017 * ipsccp;1;0.0894318956446978;
Elapsed=00:00:00.0036779
Learning progress:
1;233.69 * time_passes + 11.1914285714282 * inline;6.74556998644444;6.74556998644444;6.74556998644444;6.74556998644444;0.000859;2;11.1914285714282 * inline;1;2.5493859084447;
2;233.69 * time_passes + 10.34 * inline + 0.993333333333024 * simplifycfg;6.71730360712101;6.71730360712101;6.71730360712101;6.71730360712101;0.003801;3;0.993333333333024 * simplifycfg;1;0.0282663793234343;
Elapsed=00:00:00.0039041
Learning progress:
1;236.043333333333 * time_passes + 8.33199999999982 * jump_threading;0.743352526445663;0.743352526445663;0.743352526445663;0.743352526445663;0.000804;2;8.33199999999982 * jump_threading;1;2.40782156193874;
Elapsed=00:00:00.0008717
Learning progress:
1;222.56 * time_passes + 21.6195238095235 * instcombine;0.421366347880742;0.421366347880742;0.421366347880742;0.421366347880742;0.000758;2;21.6195238095235 * instcombine;1;1.3759973829082;
Elapsed=00:00:00.0008295
Learning progress:
1;235.548333333333 * time_passes + 9.56899999999982 * jump_threading;1.13576793503508;1.13576793503508;1.13576793503508;1.13576793503508;0.000867;2;9.56899999999982 * jump_threading;1;4.88597200195175;
2;235.548333333333 * time_passes + 11.5999999999999 * jump_threading + -3.38500000000018 * jump_threading * sccp;0.854321764559907;0.854321764559907;0.854321764559907;0.854321764559907;0.00331;4;-3.38500000000018 * jump_threading * sccp;2;0.140723085237589;
Elapsed=00:00:00.0033907
Learning progress:
1;225.94 * time_passes + 18.9473333333331 * inline;1.88245685100416;1.88245685100416;1.88245685100416;1.88245685100416;0.000949;2;18.9473333333331 * inline;1;4.83044900820288;
2;225.94 * time_passes + 17.8283333333331 * inline + 1.86500000000017 * ipsccp;1.79302495535946;1.79302495535946;1.79302495535946;1.79302495535946;0.004119;3;1.86500000000017 * ipsccp;1;0.0894318956446978;
Elapsed=00:00:00.0042018
Learning progress:
1;233.69 * time_passes + 11.1914285714282 * inline;6.74556998644444;6.74556998644444;6.74556998644444;6.74556998644444;0.000736;2;11.1914285714282 * inline;1;2.5493859084447;
2;233.69 * time_passes + 10.34 * inline + 0.993333333333024 * simplifycfg;6.71730360712101;6.71730360712101;6.71730360712101;6.71730360712101;0.003153;3;0.993333333333024 * simplifycfg;1;0.0282663793234343;
Elapsed=00:00:00.0032284
Learning progress:
1;236.043333333333 * time_passes + 8.33199999999982 * jump_threading;0.743352526445663;0.743352526445663;0.743352526445663;0.743352526445663;0.000809;2;8.33199999999982 * jump_threading;1;2.40782156193874;
Elapsed=00:00:00.0008768
Learning progress:
1;222.56 * time_passes + 21.6195238095235 * instcombine;0.421366347880742;0.421366347880742;0.421366347880742;0.421366347880742;0.000769;2;21.6195238095235 * instcombine;1;1.3759973829082;
Elapsed=00:00:00.0008418
Learning progress:
1;235.548333333333 * time_passes + 9.56899999999982 * jump_threading;1.13576793503508;1.13576793503508;1.13576793503508;1.13576793503508;0.001014;2;9.56899999999982 * jump_threading;1;4.88597200195175;
2;235.548333333333 * time_passes + 11.5999999999999 * jump_threading + -3.38500000000018 * jump_threading * sccp;0.854321764559907;0.854321764559907;0.854321764559907;0.854321764559907;0.003477;4;-3.38500000000018 * jump_threading * sccp;2;0.140723085237589;
Elapsed=00:00:00.0035650
Learning progress:
1;225.94 * time_passes + 18.9473333333331 * inline;1.88245685100416;1.88245685100416;1.88245685100416;1.88245685100416;0.000874;2;18.9473333333331 * inline;1;4.83044900820288;
2;225.94 * time_passes + 17.8283333333331 * inline + 1.86500000000017 * ipsccp;1.79302495535946;1.79302495535946;1.79302495535946;1.79302495535946;0.003424;3;1.86500000000017 * ipsccp;1;0.0894318956446978;
Elapsed=00:00:00.0035056
Learning progress:
1;233.69 * time_passes + 11.1914285714282 * inline;6.74556998644444;6.74556998644444;6.74556998644444;6.74556998644444;0.000744;2;11.1914285714282 * inline;1;2.5493859084447;
2;233.69 * time_passes + 10.34 * inline + 0.993333333333024 * simplifycfg;6.71730360712101;6.71730360712101;6.71730360712101;6.71730360712101;0.002952;3;0.993333333333024 * simplifycfg;1;0.0282663793234343;
Elapsed=00:00:00.0030274
Learning progress:
1;236.043333333333 * time_passes + 8.33199999999982 * jump_threading;0.743352526445663;0.743352526445663;0.743352526445663;0.743352526445663;0.000956;2;8.33199999999982 * jump_threading;1;2.40782156193874;
Elapsed=00:00:00.0010240
Learning progress:
1;222.56 * time_passes + 21.6195238095235 * instcombine;0.421366347880742;0.421366347880742;0.421366347880742;0.421366347880742;0.00085;2;21.6195238095235 * instcombine;1;1.3759973829082;
Elapsed=00:00:00.0009218
Learning progress:
1;235.548333333333 * time_passes + 9.56899999999982 * jump_threading;1.13576793503508;1.13576793503508;1.13576793503508;1.13576793503508;0.000839;2;9.56899999999982 * jump_threading;1;4.88597200195175;
2;235.548333333333 * time_passes + 11.5999999999999 * jump_threading + -3.38500000000018 * jump_threading * sccp;0.854321764559907;0.854321764559907;0.854321764559907;0.854321764559907;0.003257;4;-3.38500000000018 * jump_threading * sccp;2;0.140723085237589;
Elapsed=00:00:00.0033378
Learning progress:
1;225.94 * time_passes + 18.9473333333331 * inline;1.88245685100416;1.88245685100416;1.88245685100416;1.88245685100416;0.001091;2;18.9473333333331 * inline;1;4.83044900820288;
2;225.94 * time_passes + 17.8283333333331 * inline + 1.86500000000017 * ipsccp;1.79302495535946;1.79302495535946;1.79302495535946;1.79302495535946;0.003708;3;1.86500000000017 * ipsccp;1;0.0894318956446978;
Elapsed=00:00:00.0037898
Learning progress:
1;233.69 * time_passes + 11.1914285714282 * inline;6.74556998644444;6.74556998644444;6.74556998644444;6.74556998644444;0.000877;2;11.1914285714282 * inline;1;2.5493859084447;
2;233.69 * time_passes + 10.34 * inline + 0.993333333333024 * simplifycfg;6.71730360712101;6.71730360712101;6.71730360712101;6.71730360712101;0.003008;3;0.993333333333024 * simplifycfg;1;0.0282663793234343;
Elapsed=00:00:00.0030840
Learning progress:
1;236.043333333333 * time_passes + 8.33199999999982 * jump_threading;0.743352526445663;0.743352526445663;0.743352526445663;0.743352526445663;0.000895;2;8.33199999999982 * jump_threading;1;2.40782156193874;
Elapsed=00:00:00.0009640
Learning progress:
1;222.56 * time_passes + 21.6195238095235 * instcombine;0.421366347880742;0.421366347880742;0.421366347880742;0.421366347880742;0.00077;2;21.6195238095235 * instcombine;1;1.3759973829082;
Elapsed=00:00:00.0008422
Learning progress:
1;235.548333333333 * time_passes + 9.56899999999982 * jump_threading;1.13576793503508;1.13576793503508;1.13576793503508;1.13576793503508;0.000937;2;9.56899999999982 * jump_threading;1;4.88597200195175;
2;235.548333333333 * time_passes + 11.5999999999999 * jump_threading + -3.38500000000018 * jump_threading * sccp;0.854321764559907;0.854321764559907;0.854321764559907;0.854321764559907;0.00336;4;-3.38500000000018 * jump_threading * sccp;2;0.140723085237589;
Elapsed=00:00:00.0034402
Learning progress:
1;225.94 * time_passes + 18.9473333333331 * inline;1.88245685100416;1.88245685100416;1.88245685100416;1.88245685100416;0.00098;2;18.9473333333331 * inline;1;4.83044900820288;
2;225.94 * time_passes + 17.8283333333331 * inline + 1.86500000000017 * ipsccp;1.79302495535946;1.79302495535946;1.79302495535946;1.79302495535946;0.00356;3;1.86500000000017 * ipsccp;1;0.0894318956446978;
Elapsed=00:00:00.0036476
Learning progress:
1;233.69 * time_passes + 11.1914285714282 * inline;6.74556998644444;6.74556998644444;6.74556998644444;6.74556998644444;0.000769;2;11.1914285714282 * inline;1;2.5493859084447;
2;233.69 * time_passes + 10.34 * inline + 0.993333333333024 * simplifycfg;6.71730360712101;6.71730360712101;6.71730360712101;6.71730360712101;0.00292;3;0.993333333333024 * simplifycfg;1;0.0282663793234343;
Elapsed=00:00:00.0029955
Learning progress:
1;236.043333333333 * time_passes + 8.33199999999982 * jump_threading;0.743352526445663;0.743352526445663;0.743352526445663;0.743352526445663;0.001012;2;8.33199999999982 * jump_threading;1;2.40782156193874;
Elapsed=00:00:00.0010802
Learning progress:
1;222.56 * time_passes + 21.6195238095235 * instcombine;0.421366347880742;0.421366347880742;0.421366347880742;0.421366347880742;0.000763;2;21.6195238095235 * instcombine;1;1.3759973829082;
Elapsed=00:00:00.0008353
Learning progress:
1;235.548333333333 * time_passes + 9.56899999999982 * jump_threading;1.13576793503508;1.13576793503508;1.13576793503508;1.13576793503508;0.000824;2;9.56899999999982 * jump_threading;1;4.88597200195175;
2;235.548333333333 * time_passes + 11.5999999999999 * jump_threading + -3.38500000000018 * jump_threading * sccp;0.854321764559907;0.854321764559907;0.854321764559907;0.854321764559907;0.003424;4;-3.38500000000018 * jump_threading * sccp;2;0.140723085237589;
Elapsed=00:00:00.0035061
Learning progress:
1;225.94 * time_passes + 18.9473333333331 * inline;1.88245685100416;1.88245685100416;1.88245685100416;1.88245685100416;0.000911;2;18.9473333333331 * inline;1;4.83044900820288;
2;225.94 * time_passes + 17.8283333333331 * inline + 1.86500000000017 * ipsccp;1.79302495535946;1.79302495535946;1.79302495535946;1.79302495535946;0.003499;3;1.86500000000017 * ipsccp;1;0.0894318956446978;
Elapsed=00:00:00.0035804
Learning progress:
1;233.69 * time_passes + 11.1914285714282 * inline;6.74556998644444;6.74556998644444;6.74556998644444;6.74556998644444;0.000775;2;11.1914285714282 * inline;1;2.5493859084447;
2;233.69 * time_passes + 10.34 * inline + 0.993333333333024 * simplifycfg;6.71730360712101;6.71730360712101;6.71730360712101;6.71730360712101;0.003053;3;0.993333333333024 * simplifycfg;1;0.0282663793234343;
Elapsed=00:00:00.0031288
Learning progress:
1;236.043333333333 * time_passes + 8.33199999999982 * jump_threading;0.743352526445663;0.743352526445663;0.743352526445663;0.743352526445663;0.000833;2;8.33199999999982 * jump_threading;1;2.40782156193874;
Elapsed=00:00:00.0009302
Learning progress:
1;222.56 * time_passes + 21.6195238095235 * instcombine;0.421366347880742;0.421366347880742;0.421366347880742;0.421366347880742;0.00093;2;21.6195238095235 * instcombine;1;1.3759973829082;
Elapsed=00:00:00.0010033
Learning progress:
1;235.548333333333 * time_passes + 9.56899999999982 * jump_threading;1.13576793503508;1.13576793503508;1.13576793503508;1.13576793503508;0.000846;2;9.56899999999982 * jump_threading;1;4.88597200195175;
2;235.548333333333 * time_passes + 11.5999999999999 * jump_threading + -3.38500000000018 * jump_threading * sccp;0.854321764559907;0.854321764559907;0.854321764559907;0.854321764559907;0.003405;4;-3.38500000000018 * jump_threading * sccp;2;0.140723085237589;
Elapsed=00:00:00.0034861
Learning progress:
1;225.94 * time_passes + 18.9473333333331 * inline;1.88245685100416;1.88245685100416;1.88245685100416;1.88245685100416;0.000947;2;18.9473333333331 * inline;1;4.83044900820288;
2;225.94 * time_passes + 17.8283333333331 * inline + 1.86500000000017 * ipsccp;1.79302495535946;1.79302495535946;1.79302495535946;1.79302495535946;0.003566;3;1.86500000000017 * ipsccp;1;0.0894318956446978;
Elapsed=00:00:00.0036471
Learning progress:
1;233.69 * time_passes + 11.1914285714282 * inline;6.74556998644444;6.74556998644444;6.74556998644444;6.74556998644444;0.001034;2;11.1914285714282 * inline;1;2.5493859084447;
2;233.69 * time_passes + 10.34 * inline + 0.993333333333024 * simplifycfg;6.71730360712101;6.71730360712101;6.71730360712101;6.71730360712101;0.003269;3;0.993333333333024 * simplifycfg;1;0.0282663793234343;
Elapsed=00:00:00.0033495
Learning progress:
1;236.043333333333 * time_passes + 8.33199999999982 * jump_threading;0.743352526445663;0.743352526445663;0.743352526445663;0.743352526445663;0.000853;2;8.33199999999982 * jump_threading;1;2.40782156193874;
Elapsed=00:00:00.0009213
Learning progress:
1;222.56 * time_passes + 21.6195238095235 * instcombine;0.421366347880742;0.421366347880742;0.421366347880742;0.421366347880742;0.000867;2;21.6195238095235 * instcombine;1;1.3759973829082;
Elapsed=00:00:00.0009395
Learning progress:
1;235.548333333333 * time_passes + 9.56899999999982 * jump_threading;1.13576793503508;1.13576793503508;1.13576793503508;1.13576793503508;0.001028;2;9.56899999999982 * jump_threading;1;4.88597200195175;
2;235.548333333333 * time_passes + 11.5999999999999 * jump_threading + -3.38500000000018 * jump_threading * sccp;0.854321764559907;0.854321764559907;0.854321764559907;0.854321764559907;0.003549;4;-3.38500000000018 * jump_threading * sccp;2;0.140723085237589;
Elapsed=00:00:00.0036298
Learning progress:
1;225.94 * time_passes + 18.9473333333331 * inline;1.88245685100416;1.88245685100416;1.88245685100416;1.88245685100416;0.000884;2;18.9473333333331 * inline;1;4.83044900820288;
2;225.94 * time_passes + 17.8283333333331 * inline + 1.86500000000017 * ipsccp;1.79302495535946;1.79302495535946;1.79302495535946;1.79302495535946;0.003571;3;1.86500000000017 * ipsccp;1;0.0894318956446978;
Elapsed=00:00:00.0036528
Learning progress:
1;233.69 * time_passes + 11.1914285714282 * inline;6.74556998644444;6.74556998644444;6.74556998644444;6.74556998644444;0.000952;2;11.1914285714282 * inline;1;2.5493859084447;
2;233.69 * time_passes + 10.34 * inline + 0.993333333333024 * simplifycfg;6.71730360712101;6.71730360712101;6.71730360712101;6.71730360712101;0.003087;3;0.993333333333024 * simplifycfg;1;0.0282663793234343;
Elapsed=00:00:00.0031622
Learning progress:
1;236.043333333333 * time_passes + 8.33199999999982 * jump_threading;0.743352526445663;0.743352526445663;0.743352526445663;0.743352526445663;0.000969;2;8.33199999999982 * jump_threading;1;2.40782156193874;
Elapsed=00:00:00.0010380
Learning progress:
1;222.56 * time_passes + 21.6195238095235 * instcombine;0.421366347880742;0.421366347880742;0.421366347880742;0.421366347880742;0.000759;2;21.6195238095235 * instcombine;1;1.3759973829082;
Elapsed=00:00:00.0008308
Learning progress:
1;235.548333333333 * time_passes + 9.56899999999982 * jump_threading;1.13576793503508;1.13576793503508;1.13576793503508;1.13576793503508;0.000809;2;9.56899999999982 * jump_threading;1;4.88597200195175;
2;235.548333333333 * time_passes + 11.5999999999999 * jump_threading + -3.38500000000018 * jump_threading * sccp;0.854321764559907;0.854321764559907;0.854321764559907;0.854321764559907;0.003278;4;-3.38500000000018 * jump_threading * sccp;2;0.140723085237589;
Elapsed=00:00:00.0033589
Learning progress:
1;225.94 * time_passes + 18.9473333333331 * inline;1.88245685100416;1.88245685100416;1.88245685100416;1.88245685100416;0.000909;2;18.9473333333331 * inline;1;4.83044900820288;
2;225.94 * time_passes + 17.8283333333331 * inline + 1.86500000000017 * ipsccp;1.79302495535946;1.79302495535946;1.79302495535946;1.79302495535946;0.003503;3;1.86500000000017 * ipsccp;1;0.0894318956446978;
Elapsed=00:00:00.0035848
Learning progress:
1;233.69 * time_passes + 11.1914285714282 * inline;6.74556998644444;6.74556998644444;6.74556998644444;6.74556998644444;0.000849;2;11.1914285714282 * inline;1;2.5493859084447;
2;233.69 * time_passes + 10.34 * inline + 0.993333333333024 * simplifycfg;6.71730360712101;6.71730360712101;6.71730360712101;6.71730360712101;0.002999;3;0.993333333333024 * simplifycfg;1;0.0282663793234343;
Elapsed=00:00:00.0030751
Learning progress:
1;236.043333333333 * time_passes + 8.33199999999982 * jump_threading;0.743352526445663;0.743352526445663;0.743352526445663;0.743352526445663;0.001111;2;8.33199999999982 * jump_threading;1;2.40782156193874;
Elapsed=00:00:00.0012107
Learning progress:
1;222.56 * time_passes + 21.6195238095235 * instcombine;0.421366347880742;0.421366347880742;0.421366347880742;0.421366347880742;0.000845;2;21.6195238095235 * instcombine;1;1.3759973829082;
Elapsed=00:00:00.0009173
Learning progress:
1;235.548333333333 * time_passes + 9.56899999999982 * jump_threading;1.13576793503508;1.13576793503508;1.13576793503508;1.13576793503508;0.001442;2;9.56899999999982 * jump_threading;1;4.88597200195175;
2;235.548333333333 * time_passes + 11.5999999999999 * jump_threading + -3.38500000000018 * jump_threading * sccp;0.854321764559907;0.854321764559907;0.854321764559907;0.854321764559907;0.003886;4;-3.38500000000018 * jump_threading * sccp;2;0.140723085237589;
Elapsed=00:00:00.0039678
Learning progress:
1;225.94 * time_passes + 18.9473333333331 * inline;1.88245685100416;1.88245685100416;1.88245685100416;1.88245685100416;0.000975;2;18.9473333333331 * inline;1;4.83044900820288;
2;225.94 * time_passes + 17.8283333333331 * inline + 1.86500000000017 * ipsccp;1.79302495535946;1.79302495535946;1.79302495535946;1.79302495535946;0.00364;3;1.86500000000017 * ipsccp;1;0.0894318956446978;
Elapsed=00:00:00.0037217
Learning progress:
1;233.69 * time_passes + 11.1914285714282 * inline;6.74556998644444;6.74556998644444;6.74556998644444;6.74556998644444;0.00087;2;11.1914285714282 * inline;1;2.5493859084447;
2;233.69 * time_passes + 10.34 * inline + 0.993333333333024 * simplifycfg;6.71730360712101;6.71730360712101;6.71730360712101;6.71730360712101;0.003023;3;0.993333333333024 * simplifycfg;1;0.0282663793234343;
Elapsed=00:00:00.0030974
Learning progress:
1;236.043333333333 * time_passes + 8.33199999999982 * jump_threading;0.743352526445663;0.743352526445663;0.743352526445663;0.743352526445663;0.000859;2;8.33199999999982 * jump_threading;1;2.40782156193874;
Elapsed=00:00:00.0009319
Learning progress:
1;222.56 * time_passes + 21.6195238095235 * instcombine;0.421366347880742;0.421366347880742;0.421366347880742;0.421366347880742;0.000759;2;21.6195238095235 * instcombine;1;1.3759973829082;
Elapsed=00:00:00.0008318
Learning progress:
1;235.548333333333 * time_passes + 9.56899999999982 * jump_threading;1.13576793503508;1.13576793503508;1.13576793503508;1.13576793503508;0.000803;2;9.56899999999982 * jump_threading;1;4.88597200195175;
2;235.548333333333 * time_passes + 11.5999999999999 * jump_threading + -3.38500000000018 * jump_threading * sccp;0.854321764559907;0.854321764559907;0.854321764559907;0.854321764559907;0.00332;4;-3.38500000000018 * jump_threading * sccp;2;0.140723085237589;
Elapsed=00:00:00.0034004
Learning progress:
1;225.94 * time_passes + 18.9473333333331 * inline;1.88245685100416;1.88245685100416;1.88245685100416;1.88245685100416;0.000866;2;18.9473333333331 * inline;1;4.83044900820288;
2;225.94 * time_passes + 17.8283333333331 * inline + 1.86500000000017 * ipsccp;1.79302495535946;1.79302495535946;1.79302495535946;1.79302495535946;0.003495;3;1.86500000000017 * ipsccp;1;0.0894318956446978;
Elapsed=00:00:00.0035770
Learning progress:
1;233.69 * time_passes + 11.1914285714282 * inline;6.74556998644444;6.74556998644444;6.74556998644444;6.74556998644444;0.000752;2;11.1914285714282 * inline;1;2.5493859084447;
2;233.69 * time_passes + 10.34 * inline + 0.993333333333024 * simplifycfg;6.71730360712101;6.71730360712101;6.71730360712101;6.71730360712101;0.002924;3;0.993333333333024 * simplifycfg;1;0.0282663793234343;
Elapsed=00:00:00.0029996
Learning progress:
1;236.043333333333 * time_passes + 8.33199999999982 * jump_threading;0.743352526445663;0.743352526445663;0.743352526445663;0.743352526445663;0.000808;2;8.33199999999982 * jump_threading;1;2.40782156193874;
Elapsed=00:00:00.0008762
Learning progress:
1;222.56 * time_passes + 21.6195238095235 * instcombine;0.421366347880742;0.421366347880742;0.421366347880742;0.421366347880742;0.000751;2;21.6195238095235 * instcombine;1;1.3759973829082;
Elapsed=00:00:00.0008245
Learning progress:
1;235.548333333333 * time_passes + 9.56899999999982 * jump_threading;1.13576793503508;1.13576793503508;1.13576793503508;1.13576793503508;0.000942;2;9.56899999999982 * jump_threading;1;4.88597200195175;
2;235.548333333333 * time_passes + 11.5999999999999 * jump_threading + -3.38500000000018 * jump_threading * sccp;0.854321764559907;0.854321764559907;0.854321764559907;0.854321764559907;0.00344;4;-3.38500000000018 * jump_threading * sccp;2;0.140723085237589;
Elapsed=00:00:00.0035202
Learning progress:
1;225.94 * time_passes + 18.9473333333331 * inline;1.88245685100416;1.88245685100416;1.88245685100416;1.88245685100416;0.001518;2;18.9473333333331 * inline;1;4.83044900820288;
2;225.94 * time_passes + 17.8283333333331 * inline + 1.86500000000017 * ipsccp;1.79302495535946;1.79302495535946;1.79302495535946;1.79302495535946;0.004129;3;1.86500000000017 * ipsccp;1;0.0894318956446978;
Elapsed=00:00:00.0042107
Learning progress:
1;233.69 * time_passes + 11.1914285714282 * inline;6.74556998644444;6.74556998644444;6.74556998644444;6.74556998644444;0.000723;2;11.1914285714282 * inline;1;2.5493859084447;
2;233.69 * time_passes + 10.34 * inline + 0.993333333333024 * simplifycfg;6.71730360712101;6.71730360712101;6.71730360712101;6.71730360712101;0.002885;3;0.993333333333024 * simplifycfg;1;0.0282663793234343;
Elapsed=00:00:00.0029608
Learning progress:
1;236.043333333333 * time_passes + 8.33199999999982 * jump_threading;0.743352526445663;0.743352526445663;0.743352526445663;0.743352526445663;0.000973;2;8.33199999999982 * jump_threading;1;2.40782156193874;
Elapsed=00:00:00.0010417
Learning progress:
1;222.56 * time_passes + 21.6195238095235 * instcombine;0.421366347880742;0.421366347880742;0.421366347880742;0.421366347880742;0.000815;2;21.6195238095235 * instcombine;1;1.3759973829082;
Elapsed=00:00:00.0008882
Learning progress:
1;235.548333333333 * time_passes + 9.56899999999982 * jump_threading;1.13576793503508;1.13576793503508;1.13576793503508;1.13576793503508;0.001521;2;9.56899999999982 * jump_threading;1;4.88597200195175;
2;235.548333333333 * time_passes + 11.5999999999999 * jump_threading + -3.38500000000018 * jump_threading * sccp;0.854321764559907;0.854321764559907;0.854321764559907;0.854321764559907;0.004063;4;-3.38500000000018 * jump_threading * sccp;2;0.140723085237589;
Elapsed=00:00:00.0041436
Learning progress:
1;225.94 * time_passes + 18.9473333333331 * inline;1.88245685100416;1.88245685100416;1.88245685100416;1.88245685100416;0.000868;2;18.9473333333331 * inline;1;4.83044900820288;
2;225.94 * time_passes + 17.8283333333331 * inline + 1.86500000000017 * ipsccp;1.79302495535946;1.79302495535946;1.79302495535946;1.79302495535946;0.003437;3;1.86500000000017 * ipsccp;1;0.0894318956446978;
Elapsed=00:00:00.0035186
Learning progress:
1;233.69 * time_passes + 11.1914285714282 * inline;6.74556998644444;6.74556998644444;6.74556998644444;6.74556998644444;0.000766;2;11.1914285714282 * inline;1;2.5493859084447;
2;233.69 * time_passes + 10.34 * inline + 0.993333333333024 * simplifycfg;6.71730360712101;6.71730360712101;6.71730360712101;6.71730360712101;0.003049;3;0.993333333333024 * simplifycfg;1;0.0282663793234343;
Elapsed=00:00:00.0031254
Learning progress:
1;236.043333333333 * time_passes + 8.33199999999982 * jump_threading;0.743352526445663;0.743352526445663;0.743352526445663;0.743352526445663;0.001592;2;8.33199999999982 * jump_threading;1;2.40782156193874;
Elapsed=00:00:00.0016621
Learning progress:
1;222.56 * time_passes + 21.6195238095235 * instcombine;0.421366347880742;0.421366347880742;0.421366347880742;0.421366347880742;0.000871;2;21.6195238095235 * instcombine;1;1.3759973829082;
Elapsed=00:00:00.0009433
Learning progress:
1;235.548333333333 * time_passes + 9.56899999999982 * jump_threading;1.13576793503508;1.13576793503508;1.13576793503508;1.13576793503508;0.00097;2;9.56899999999982 * jump_threading;1;4.88597200195175;
2;235.548333333333 * time_passes + 11.5999999999999 * jump_threading + -3.38500000000018 * jump_threading * sccp;0.854321764559907;0.854321764559907;0.854321764559907;0.854321764559907;0.003478;4;-3.38500000000018 * jump_threading * sccp;2;0.140723085237589;
Elapsed=00:00:00.0035583
Learning progress:
1;225.94 * time_passes + 18.9473333333331 * inline;1.88245685100416;1.88245685100416;1.88245685100416;1.88245685100416;0.000866;2;18.9473333333331 * inline;1;4.83044900820288;
2;225.94 * time_passes + 17.8283333333331 * inline + 1.86500000000017 * ipsccp;1.79302495535946;1.79302495535946;1.79302495535946;1.79302495535946;0.003487;3;1.86500000000017 * ipsccp;1;0.0894318956446978;
Elapsed=00:00:00.0035681
Learning progress:
1;233.69 * time_passes + 11.1914285714282 * inline;6.74556998644444;6.74556998644444;6.74556998644444;6.74556998644444;0.001223;2;11.1914285714282 * inline;1;2.5493859084447;
2;233.69 * time_passes + 10.34 * inline + 0.993333333333024 * simplifycfg;6.71730360712101;6.71730360712101;6.71730360712101;6.71730360712101;0.003418;3;0.993333333333024 * simplifycfg;1;0.0282663793234343;
Elapsed=00:00:00.0034927
Learning progress:
1;236.043333333333 * time_passes + 8.33199999999982 * jump_threading;0.743352526445663;0.743352526445663;0.743352526445663;0.743352526445663;0.000877;2;8.33199999999982 * jump_threading;1;2.40782156193874;
Elapsed=00:00:00.0009458
Learning progress:
1;222.56 * time_passes + 21.6195238095235 * instcombine;0.421366347880742;0.421366347880742;0.421366347880742;0.421366347880742;0.000925;2;21.6195238095235 * instcombine;1;1.3759973829082;
Elapsed=00:00:00.0009974
Learning progress:
1;235.548333333333 * time_passes + 9.56899999999982 * jump_threading;1.13576793503508;1.13576793503508;1.13576793503508;1.13576793503508;0.000919;2;9.56899999999982 * jump_threading;1;4.88597200195175;
2;235.548333333333 * time_passes + 11.5999999999999 * jump_threading + -3.38500000000018 * jump_threading * sccp;0.854321764559907;0.854321764559907;0.854321764559907;0.854321764559907;0.003402;4;-3.38500000000018 * jump_threading * sccp;2;0.140723085237589;
Elapsed=00:00:00.0034823
Learning progress:
1;225.94 * time_passes + 18.9473333333331 * inline;1.88245685100416;1.88245685100416;1.88245685100416;1.88245685100416;0.001559;2;18.9473333333331 * inline;1;4.83044900820288;
2;225.94 * time_passes + 17.8283333333331 * inline + 1.86500000000017 * ipsccp;1.79302495535946;1.79302495535946;1.79302495535946;1.79302495535946;0.004235;3;1.86500000000017 * ipsccp;1;0.0894318956446978;
Elapsed=00:00:00.0043165
Learning progress:
1;233.69 * time_passes + 11.1914285714282 * inline;6.74556998644444;6.74556998644444;6.74556998644444;6.74556998644444;0.000854;2;11.1914285714282 * inline;1;2.5493859084447;
2;233.69 * time_passes + 10.34 * inline + 0.993333333333024 * simplifycfg;6.71730360712101;6.71730360712101;6.71730360712101;6.71730360712101;0.003049;3;0.993333333333024 * simplifycfg;1;0.0282663793234343;
Elapsed=00:00:00.0031231
Learning progress:
1;236.043333333333 * time_passes + 8.33199999999982 * jump_threading;0.743352526445663;0.743352526445663;0.743352526445663;0.743352526445663;0.000813;2;8.33199999999982 * jump_threading;1;2.40782156193874;
Elapsed=00:00:00.0008820
Learning progress:
1;222.56 * time_passes + 21.6195238095235 * instcombine;0.421366347880742;0.421366347880742;0.421366347880742;0.421366347880742;0.000923;2;21.6195238095235 * instcombine;1;1.3759973829082;
Elapsed=00:00:00.0009960
Learning progress:
1;235.548333333333 * time_passes + 9.56899999999982 * jump_threading;1.13576793503508;1.13576793503508;1.13576793503508;1.13576793503508;0.001466;2;9.56899999999982 * jump_threading;1;4.88597200195175;
2;235.548333333333 * time_passes + 11.5999999999999 * jump_threading + -3.38500000000018 * jump_threading * sccp;0.854321764559907;0.854321764559907;0.854321764559907;0.854321764559907;0.003943;4;-3.38500000000018 * jump_threading * sccp;2;0.140723085237589;
Elapsed=00:00:00.0040246
Learning progress:
1;225.94 * time_passes + 18.9473333333331 * inline;1.88245685100416;1.88245685100416;1.88245685100416;1.88245685100416;0.000864;2;18.9473333333331 * inline;1;4.83044900820288;
2;225.94 * time_passes + 17.8283333333331 * inline + 1.86500000000017 * ipsccp;1.79302495535946;1.79302495535946;1.79302495535946;1.79302495535946;0.003588;3;1.86500000000017 * ipsccp;1;0.0894318956446978;
Elapsed=00:00:00.0036694
Learning progress:
1;233.69 * time_passes + 11.1914285714282 * inline;6.74556998644444;6.74556998644444;6.74556998644444;6.74556998644444;0.000821;2;11.1914285714282 * inline;1;2.5493859084447;
2;233.69 * time_passes + 10.34 * inline + 0.993333333333024 * simplifycfg;6.71730360712101;6.71730360712101;6.71730360712101;6.71730360712101;0.003008;3;0.993333333333024 * simplifycfg;1;0.0282663793234343;
Elapsed=00:00:00.0030836
Learning progress:
1;236.043333333333 * time_passes + 8.33199999999982 * jump_threading;0.743352526445663;0.743352526445663;0.743352526445663;0.743352526445663;0.001508;2;8.33199999999982 * jump_threading;1;2.40782156193874;
Elapsed=00:00:00.0015778
Learning progress:
1;222.56 * time_passes + 21.6195238095235 * instcombine;0.421366347880742;0.421366347880742;0.421366347880742;0.421366347880742;0.000769;2;21.6195238095235 * instcombine;1;1.3759973829082;
Elapsed=00:00:00.0008418
Learning progress:
1;235.548333333333 * time_passes + 9.56899999999982 * jump_threading;1.13576793503508;1.13576793503508;1.13576793503508;1.13576793503508;0.000777;2;9.56899999999982 * jump_threading;1;4.88597200195175;
2;235.548333333333 * time_passes + 11.5999999999999 * jump_threading + -3.38500000000018 * jump_threading * sccp;0.854321764559907;0.854321764559907;0.854321764559907;0.854321764559907;0.003284;4;-3.38500000000018 * jump_threading * sccp;2;0.140723085237589;
Elapsed=00:00:00.0033655
Learning progress:
1;225.94 * time_passes + 18.9473333333331 * inline;1.88245685100416;1.88245685100416;1.88245685100416;1.88245685100416;0.000974;2;18.9473333333331 * inline;1;4.83044900820288;
2;225.94 * time_passes + 17.8283333333331 * inline + 1.86500000000017 * ipsccp;1.79302495535946;1.79302495535946;1.79302495535946;1.79302495535946;0.003674;3;1.86500000000017 * ipsccp;1;0.0894318956446978;
Elapsed=00:00:00.0037548
Learning progress:
1;233.69 * time_passes + 11.1914285714282 * inline;6.74556998644444;6.74556998644444;6.74556998644444;6.74556998644444;0.001428;2;11.1914285714282 * inline;1;2.5493859084447;
2;233.69 * time_passes + 10.34 * inline + 0.993333333333024 * simplifycfg;6.71730360712101;6.71730360712101;6.71730360712101;6.71730360712101;0.003591;3;0.993333333333024 * simplifycfg;1;0.0282663793234343;
Elapsed=00:00:00.0036677
Learning progress:
1;236.043333333333 * time_passes + 8.33199999999982 * jump_threading;0.743352526445663;0.743352526445663;0.743352526445663;0.743352526445663;0.000805;2;8.33199999999982 * jump_threading;1;2.40782156193874;
Elapsed=00:00:00.0008732
Learning progress:
1;222.56 * time_passes + 21.6195238095235 * instcombine;0.421366347880742;0.421366347880742;0.421366347880742;0.421366347880742;0.000895;2;21.6195238095235 * instcombine;1;1.3759973829082;
Elapsed=00:00:00.0009679
Learning progress:
1;235.548333333333 * time_passes + 9.56899999999982 * jump_threading;1.13576793503508;1.13576793503508;1.13576793503508;1.13576793503508;0.000892;2;9.56899999999982 * jump_threading;1;4.88597200195175;
2;235.548333333333 * time_passes + 11.5999999999999 * jump_threading + -3.38500000000018 * jump_threading * sccp;0.854321764559907;0.854321764559907;0.854321764559907;0.854321764559907;0.003346;4;-3.38500000000018 * jump_threading * sccp;2;0.140723085237589;
Elapsed=00:00:00.0034267
Learning progress:
1;225.94 * time_passes + 18.9473333333331 * inline;1.88245685100416;1.88245685100416;1.88245685100416;1.88245685100416;0.001501;2;18.9473333333331 * inline;1;4.83044900820288;
2;225.94 * time_passes + 17.8283333333331 * inline + 1.86500000000017 * ipsccp;1.79302495535946;1.79302495535946;1.79302495535946;1.79302495535946;0.004071;3;1.86500000000017 * ipsccp;1;0.0894318956446978;
Elapsed=00:00:00.0041530
Learning progress:
1;233.69 * time_passes + 11.1914285714282 * inline;6.74556998644444;6.74556998644444;6.74556998644444;6.74556998644444;0.00082;2;11.1914285714282 * inline;1;2.5493859084447;
2;233.69 * time_passes + 10.34 * inline + 0.993333333333024 * simplifycfg;6.71730360712101;6.71730360712101;6.71730360712101;6.71730360712101;0.00298;3;0.993333333333024 * simplifycfg;1;0.0282663793234343;
Elapsed=00:00:00.0030552
Learning progress:
1;236.043333333333 * time_passes + 8.33199999999982 * jump_threading;0.743352526445663;0.743352526445663;0.743352526445663;0.743352526445663;0.000818;2;8.33199999999982 * jump_threading;1;2.40782156193874;
Elapsed=00:00:00.0008901
Learning progress:
1;222.56 * time_passes + 21.6195238095235 * instcombine;0.421366347880742;0.421366347880742;0.421366347880742;0.421366347880742;0.000766;2;21.6195238095235 * instcombine;1;1.3759973829082;
Elapsed=00:00:00.0008384
Learning progress:
1;235.548333333333 * time_passes + 9.56899999999982 * jump_threading;1.13576793503508;1.13576793503508;1.13576793503508;1.13576793503508;0.000856;2;9.56899999999982 * jump_threading;1;4.88597200195175;
2;235.548333333333 * time_passes + 11.5999999999999 * jump_threading + -3.38500000000018 * jump_threading * sccp;0.854321764559907;0.854321764559907;0.854321764559907;0.854321764559907;0.003842;4;-3.38500000000018 * jump_threading * sccp;2;0.140723085237589;
Elapsed=00:00:00.0039246
Learning progress:
1;225.94 * time_passes + 18.9473333333331 * inline;1.88245685100416;1.88245685100416;1.88245685100416;1.88245685100416;0.000933;2;18.9473333333331 * inline;1;4.83044900820288;
2;225.94 * time_passes + 17.8283333333331 * inline + 1.86500000000017 * ipsccp;1.79302495535946;1.79302495535946;1.79302495535946;1.79302495535946;0.003585;3;1.86500000000017 * ipsccp;1;0.0894318956446978;
Elapsed=00:00:00.0036656
Learning progress:
1;233.69 * time_passes + 11.1914285714282 * inline;6.74556998644444;6.74556998644444;6.74556998644444;6.74556998644444;0.000741;2;11.1914285714282 * inline;1;2.5493859084447;
2;233.69 * time_passes + 10.34 * inline + 0.993333333333024 * simplifycfg;6.71730360712101;6.71730360712101;6.71730360712101;6.71730360712101;0.002988;3;0.993333333333024 * simplifycfg;1;0.0282663793234343;
Elapsed=00:00:00.0030624
Learning progress:
1;236.043333333333 * time_passes + 8.33199999999982 * jump_threading;0.743352526445663;0.743352526445663;0.743352526445663;0.743352526445663;0.00141;2;8.33199999999982 * jump_threading;1;2.40782156193874;
Elapsed=00:00:00.0014796
Learning progress:
1;222.56 * time_passes + 21.6195238095235 * instcombine;0.421366347880742;0.421366347880742;0.421366347880742;0.421366347880742;0.000879;2;21.6195238095235 * instcombine;1;1.3759973829082;
Elapsed=00:00:00.0009567
Learning progress:
1;235.548333333333 * time_passes + 9.56899999999982 * jump_threading;1.13576793503508;1.13576793503508;1.13576793503508;1.13576793503508;0.000894;2;9.56899999999982 * jump_threading;1;4.88597200195175;
2;235.548333333333 * time_passes + 11.5999999999999 * jump_threading + -3.38500000000018 * jump_threading * sccp;0.854321764559907;0.854321764559907;0.854321764559907;0.854321764559907;0.00339;4;-3.38500000000018 * jump_threading * sccp;2;0.140723085237589;
Elapsed=00:00:00.0034757
Learning progress:
1;225.94 * time_passes + 18.9473333333331 * inline;1.88245685100416;1.88245685100416;1.88245685100416;1.88245685100416;0.001029;2;18.9473333333331 * inline;1;4.83044900820288;
2;225.94 * time_passes + 17.8283333333331 * inline + 1.86500000000017 * ipsccp;1.79302495535946;1.79302495535946;1.79302495535946;1.79302495535946;0.003688;3;1.86500000000017 * ipsccp;1;0.0894318956446978;
Elapsed=00:00:00.0037702
Learning progress:
1;233.69 * time_passes + 11.1914285714282 * inline;6.74556998644444;6.74556998644444;6.74556998644444;6.74556998644444;0.00147;2;11.1914285714282 * inline;1;2.5493859084447;
2;233.69 * time_passes + 10.34 * inline + 0.993333333333024 * simplifycfg;6.71730360712101;6.71730360712101;6.71730360712101;6.71730360712101;0.003877;3;0.993333333333024 * simplifycfg;1;0.0282663793234343;
Elapsed=00:00:00.0039525
Learning progress:
1;236.043333333333 * time_passes + 8.33199999999982 * jump_threading;0.743352526445663;0.743352526445663;0.743352526445663;0.743352526445663;0.000804;2;8.33199999999982 * jump_threading;1;2.40782156193874;
Elapsed=00:00:00.0008718
Learning progress:
1;222.56 * time_passes + 21.6195238095235 * instcombine;0.421366347880742;0.421366347880742;0.421366347880742;0.421366347880742;0.000786;2;21.6195238095235 * instcombine;1;1.3759973829082;
Elapsed=00:00:00.0008592
Learning progress:
1;235.548333333333 * time_passes + 9.56899999999982 * jump_threading;1.13576793503508;1.13576793503508;1.13576793503508;1.13576793503508;0.000808;2;9.56899999999982 * jump_threading;1;4.88597200195175;
2;235.548333333333 * time_passes + 11.5999999999999 * jump_threading + -3.38500000000018 * jump_threading * sccp;0.854321764559907;0.854321764559907;0.854321764559907;0.854321764559907;0.003325;4;-3.38500000000018 * jump_threading * sccp;2;0.140723085237589;
Elapsed=00:00:00.0034065
Learning progress:
1;225.94 * time_passes + 18.9473333333331 * inline;1.88245685100416;1.88245685100416;1.88245685100416;1.88245685100416;0.00102;2;18.9473333333331 * inline;1;4.83044900820288;
2;225.94 * time_passes + 17.8283333333331 * inline + 1.86500000000017 * ipsccp;1.79302495535946;1.79302495535946;1.79302495535946;1.79302495535946;0.00421;3;1.86500000000017 * ipsccp;1;0.0894318956446978;
Elapsed=00:00:00.0042924
Learning progress:
1;233.69 * time_passes + 11.1914285714282 * inline;6.74556998644444;6.74556998644444;6.74556998644444;6.74556998644444;0.000773;2;11.1914285714282 * inline;1;2.5493859084447;
2;233.69 * time_passes + 10.34 * inline + 0.993333333333024 * simplifycfg;6.71730360712101;6.71730360712101;6.71730360712101;6.71730360712101;0.003044;3;0.993333333333024 * simplifycfg;1;0.0282663793234343;
Elapsed=00:00:00.0031185
Learning progress:
1;236.043333333333 * time_passes + 8.33199999999982 * jump_threading;0.743352526445663;0.743352526445663;0.743352526445663;0.743352526445663;0.000806;2;8.33199999999982 * jump_threading;1;2.40782156193874;
Elapsed=00:00:00.0008739
Learning progress:
1;222.56 * time_passes + 21.6195238095235 * instcombine;0.421366347880742;0.421366347880742;0.421366347880742;0.421366347880742;0.000867;2;21.6195238095235 * instcombine;1;1.3759973829082;
Elapsed=00:00:00.0009388
Learning progress:
1;235.548333333333 * time_passes + 9.56899999999982 * jump_threading;1.13576793503508;1.13576793503508;1.13576793503508;1.13576793503508;0.001015;2;9.56899999999982 * jump_threading;1;4.88597200195175;
2;235.548333333333 * time_passes + 11.5999999999999 * jump_threading + -3.38500000000018 * jump_threading * sccp;0.854321764559907;0.854321764559907;0.854321764559907;0.854321764559907;0.004122;4;-3.38500000000018 * jump_threading * sccp;2;0.140723085237589;
Elapsed=00:00:00.0042034
Learning progress:
1;225.94 * time_passes + 18.9473333333331 * inline;1.88245685100416;1.88245685100416;1.88245685100416;1.88245685100416;0.000868;2;18.9473333333331 * inline;1;4.83044900820288;
2;225.94 * time_passes + 17.8283333333331 * inline + 1.86500000000017 * ipsccp;1.79302495535946;1.79302495535946;1.79302495535946;1.79302495535946;0.003571;3;1.86500000000017 * ipsccp;1;0.0894318956446978;
Elapsed=00:00:00.0036526
Learning progress:
1;233.69 * time_passes + 11.1914285714282 * inline;6.74556998644444;6.74556998644444;6.74556998644444;6.74556998644444;0.00097;2;11.1914285714282 * inline;1;2.5493859084447;
2;233.69 * time_passes + 10.34 * inline + 0.993333333333024 * simplifycfg;6.71730360712101;6.71730360712101;6.71730360712101;6.71730360712101;0.00317;3;0.993333333333024 * simplifycfg;1;0.0282663793234343;
Elapsed=00:00:00.0032454
Learning progress:
1;236.043333333333 * time_passes + 8.33199999999982 * jump_threading;0.743352526445663;0.743352526445663;0.743352526445663;0.743352526445663;0.000827;2;8.33199999999982 * jump_threading;1;2.40782156193874;
Elapsed=00:00:00.0008974
Learning progress:
1;222.56 * time_passes + 21.6195238095235 * instcombine;0.421366347880742;0.421366347880742;0.421366347880742;0.421366347880742;0.00087;2;21.6195238095235 * instcombine;1;1.3759973829082;
Elapsed=00:00:00.0009442
Learning progress:
1;235.548333333333 * time_passes + 9.56899999999982 * jump_threading;1.13576793503508;1.13576793503508;1.13576793503508;1.13576793503508;0.000809;2;9.56899999999982 * jump_threading;1;4.88597200195175;
2;235.548333333333 * time_passes + 11.5999999999999 * jump_threading + -3.38500000000018 * jump_threading * sccp;0.854321764559907;0.854321764559907;0.854321764559907;0.854321764559907;0.003418;4;-3.38500000000018 * jump_threading * sccp;2;0.140723085237589;
Elapsed=00:00:00.0035041
Error of optimal parameters: 2.10587384027336
Optimal parameters abortError:1;minImprovementPerRound:0.1;lossFunction:RELATIVE;quadraticFunctionSupport:True;learn-logFunction:True;learn-asymFunction:True;learn-ratioFunction:True;withHierarchy:False;useBackward:False;
Learning progress:
1;210.44 * time_passes + 32.816333333333 * gvn;1.75061921309619;1.75061921309619;1.75061921309619;1.75061921309619;0.001357;2;32.816333333333 * gvn;1;1.56584393130799;
2;210.44 * time_passes + 23.2499999999999 * gvn + 11.9579166666665 * inline;1.15904044694106;1.15904044694106;1.15904044694106;1.15904044694106;0.005304;3;11.9579166666665 * inline;1;0.591578766155122;
3;210.44 * time_passes + 23.25 * gvn + 15.8366666666667 * inline + -5.17166666666677 * jump_threading;1.04350120984664;1.04350120984664;1.04350120984664;1.04350120984664;0.012315;4;-5.17166666666677 * jump_threading;1;0.115539237094422;
4;210.44 * time_passes + 23.25 * gvn + 10.3400000000003 * inline + -10.6683333333333 * jump_threading + 10.9933333333329 * simplifycfg;0.64279087962518;0.64279087962518;0.64279087962518;0.64279087962518;0.022282;5;10.9933333333329 * simplifycfg;1;0.400710330221462;
Elapsed=00:00:00.0225288
command: clean-sampling
command: clean-global
command: script ./learn_divDistBased_t2.a
command: log ./out_divDistBased_t2Predictions.log
