Current machine learning settings: epsilon:0 lossFunction:RELATIVE parallelization:True bagging:False baggingNumbers:3 considerEpsilonTube:False baggingTestDataFraction:50 useBackward:False abortError:1 limitFeatureSize:False featureSizeTreshold:4 quadraticFunctionSupport:True crossValidation:False crossValidation-k:5 learn-logFunction:False learn-accumulatedLogFunction:False learn-asymFunction:False learn-ratioFunction:False learn-mirrowedFunction:False learn-numeric-disabled:True numberOfRounds:70 backwardErrorDelta:1 minImprovementPerRound:0.1 withHierarchy:False bruteForceCandidates:False ignoreBadFeatures:False stopOnLongRound:True candidateSizePenalty:True learnTimeLimit:00:00:00 scoreMeasure:RELERROR outputRoundsToStdout:False debug:False pythonInfluenceAnalysis:False blacklisted: 
command: solver z3
command: vm /scratch/kallistos/Distance-Based_Data/SupplementaryWebsite/MeasuredPerformanceValues/Hipacc/FeatureModel.xml
Warning: Variability model contains outdated notation. Children nodes will no longer have effect on the model. Instead use the parent node to describe the parent of an configuration option. You can also use the converter providedby the Variability Model GUI in export>convert legacy model.
Warning: Default value nodes in models are no longer used and should be removed. You can also use the converter provided by the Variability Model GUI in export>convert legacy model to update your model.
command: all /scratch/kallistos/Distance-Based_Data/SupplementaryWebsite/MeasuredPerformanceValues/Hipacc/measurements.xml
Configs with too large deviation: 0
13485 configurations loaded.
command: binary grammar-based numConfigs:50 seed:96
command: printconfigs ./sampledConfigurations_grammarBased_t1.csv
invalid number: 44 respective config: API, OpenCL, TextureMemory, Linear1D, Blocksize, bs_32x1, padding, padding_352, pixelPerThread, pixelPerThread_1, root
invalid number: 11622 respective config: API, OpenCL, TextureMemory, Blocksize, bs_32x16, padding, padding_480, pixelPerThread, pixelPerThread_3, root
invalid number: 11838 respective config: API, OpenCL, TextureMemory, Blocksize, bs_64x16, padding, padding_32, pixelPerThread, pixelPerThread_3, root
invalid number: 494 respective config: API, OpenCL, TextureMemory, Linear1D, Blocksize, bs_128x1, padding, padding_128, pixelPerThread, pixelPerThread_3, root
invalid number: 12811 respective config: API, OpenCL, TextureMemory, Blocksize, bs_256x2, padding, padding_192, pixelPerThread, pixelPerThread_4, root
invalid number: 7456 respective config: API, OpenCL, TextureMemory, Array2D, LocalMemory, Blocksize, bs_64x1, padding, padding_352, pixelPerThread, pixelPerThread_1, root
invalid number: 13301 respective config: API, OpenCL, TextureMemory, LocalMemory, Blocksize, bs_64x16, padding, padding_320, pixelPerThread, pixelPerThread_2, root
invalid number: 1870 respective config: API, OpenCL, TextureMemory, Linear1D, LocalMemory, Blocksize, bs_64x16, padding, padding_256, pixelPerThread, pixelPerThread_3, root
invalid number: 12568 respective config: API, OpenCL, TextureMemory, Blocksize, bs_32x4, padding, padding_448, pixelPerThread, pixelPerThread_1, root
invalid number: 14122 respective config: API, OpenCL, TextureMemory, LocalMemory, Blocksize, bs_64x8, padding, padding_352, pixelPerThread, pixelPerThread_3, root
invalid number: 5132 respective config: API, OpenCL, TextureMemory, Linear2D, LocalMemory, Blocksize, bs_512x1, padding, padding_256, pixelPerThread, pixelPerThread_1, root
invalid number: 26765 respective config: API, CUDA, TextureMemory, Blocksize, bs_32x2, padding, padding_320, pixelPerThread, pixelPerThread_2, root
invalid number: 10729 respective config: API, OpenCL, TextureMemory, Ldg, LocalMemory, Blocksize, bs_128x8, padding, padding_416, pixelPerThread, pixelPerThread_2, root
invalid number: 10044 respective config: API, OpenCL, TextureMemory, Ldg, LocalMemory, Blocksize, bs_32x1, padding, padding_384, pixelPerThread, pixelPerThread_1, root
invalid number: 11780 respective config: API, OpenCL, TextureMemory, Blocksize, bs_64x4, padding, padding_128, pixelPerThread, pixelPerThread_1, root
invalid number: 20478 respective config: API, CUDA, TextureMemory, Array2D, Blocksize, bs_128x1, padding, padding_64, pixelPerThread, pixelPerThread_3, root
invalid number: 13302 respective config: API, OpenCL, TextureMemory, LocalMemory, Blocksize, bs_64x16, padding, padding_320, pixelPerThread, pixelPerThread_3, root
invalid number: 1283 respective config: API, OpenCL, TextureMemory, Linear1D, Blocksize, bs_64x8, padding, padding_448, pixelPerThread, pixelPerThread_4, root
invalid number: 10985 respective config: API, OpenCL, TextureMemory, Ldg, LocalMemory, Blocksize, bs_1024x1, padding, padding_288, pixelPerThread, pixelPerThread_2, root
invalid number: 25911 respective config: API, CUDA, TextureMemory, Blocksize, bs_32x32, padding, padding_0, pixelPerThread, pixelPerThread_4, root
invalid number: 5803 respective config: API, OpenCL, TextureMemory, Array2D, Blocksize, bs_32x8, padding, padding_160, pixelPerThread, pixelPerThread_4, root
invalid number: 5702 respective config: API, OpenCL, TextureMemory, Linear2D, LocalMemory, Blocksize, bs_256x2, padding, padding_448, pixelPerThread, pixelPerThread_3, root
invalid number: 10228 respective config: API, OpenCL, TextureMemory, Ldg, LocalMemory, Blocksize, bs_32x32, padding, padding_224, pixelPerThread, pixelPerThread_1, root
invalid number: 21562 respective config: API, CUDA, TextureMemory, Array2D, LocalMemory, Blocksize, bs_32x16, padding, padding_32, pixelPerThread, pixelPerThread_3, root
invalid number: 12327 respective config: API, OpenCL, TextureMemory, Blocksize, bs_512x2, padding, padding_128, pixelPerThread, pixelPerThread_4, root
invalid number: 13048 respective config: API, OpenCL, TextureMemory, LocalMemory, Blocksize, bs_32x16, padding, padding_480, pixelPerThread, pixelPerThread_1, root
invalid number: 13111 respective config: API, OpenCL, TextureMemory, LocalMemory, Blocksize, bs_32x32, padding, padding_416, pixelPerThread, pixelPerThread_4, root
invalid number: 3506 respective config: API, OpenCL, TextureMemory, Linear2D, Blocksize, bs_128x4, padding, padding_288, pixelPerThread, pixelPerThread_3, root
invalid number: 25790 respective config: API, CUDA, TextureMemory, Blocksize, bs_32x8, padding, padding_128, pixelPerThread, pixelPerThread_3, root
invalid number: 9076 respective config: API, OpenCL, TextureMemory, Ldg, Blocksize, bs_128x1, padding, padding_256, pixelPerThread, pixelPerThread_1, root
invalid number: 7970 respective config: API, OpenCL, TextureMemory, Array2D, LocalMemory, Blocksize, bs_512x1, padding, padding_96, pixelPerThread, pixelPerThread_3, root
invalid number: 8985 respective config: API, OpenCL, TextureMemory, Ldg, Blocksize, bs_64x16, padding, padding_64, pixelPerThread, pixelPerThread_2, root
invalid number: 2659 respective config: API, OpenCL, TextureMemory, Linear1D, LocalMemory, Blocksize, bs_64x8, padding, padding_32, pixelPerThread, pixelPerThread_4, root
invalid number: 27728 respective config: API, CUDA, TextureMemory, LocalMemory, Blocksize, bs_128x2, padding, padding_416, pixelPerThread, pixelPerThread_1, root
invalid number: 21346 respective config: API, CUDA, TextureMemory, Array2D, Blocksize, bs_256x1, padding, padding_480, pixelPerThread, pixelPerThread_3, root
invalid number: 21418 respective config: API, CUDA, TextureMemory, Array2D, Blocksize, bs_256x2, padding, padding_512, pixelPerThread, pixelPerThread_3, root
invalid number: 9519 respective config: API, OpenCL, TextureMemory, Ldg, Blocksize, bs_512x2, padding, padding_512, pixelPerThread, pixelPerThread_4, root
invalid number: 14129 respective config: API, OpenCL, TextureMemory, LocalMemory, Blocksize, bs_64x8, padding, padding_416, pixelPerThread, pixelPerThread_2, root
invalid number: 687 respective config: API, OpenCL, TextureMemory, Linear1D, Blocksize, bs_128x8, padding, padding_32, pixelPerThread, pixelPerThread_4, root
invalid number: 10509 respective config: API, OpenCL, TextureMemory, Ldg, LocalMemory, Blocksize, bs_128x1, padding, padding_288, pixelPerThread, pixelPerThread_2, root
invalid number: 13445 respective config: API, OpenCL, TextureMemory, LocalMemory, Blocksize, bs_128x2, padding, padding_384, pixelPerThread, pixelPerThread_2, root
invalid number: 4442 respective config: API, OpenCL, TextureMemory, Linear2D, LocalMemory, Blocksize, bs_32x16, padding, padding_160, pixelPerThread, pixelPerThread_3, root
invalid number: 16463 respective config: API, CUDA, TextureMemory, Linear1D, LocalMemory, Blocksize, bs_256x4, padding, padding_32, pixelPerThread, pixelPerThread_4, root
invalid number: 22141 respective config: API, CUDA, TextureMemory, Array2D, LocalMemory, Blocksize, bs_128x8, padding, padding_320, pixelPerThread, pixelPerThread_2, root
invalid number: 2377 respective config: API, OpenCL, TextureMemory, Linear1D, LocalMemory, Blocksize, bs_512x2, padding, padding_512, pixelPerThread, pixelPerThread_2, root
invalid number: 8517 respective config: API, OpenCL, TextureMemory, Array2D, LocalMemory, Blocksize, bs_256x2, padding, padding_128, pixelPerThread, pixelPerThread_2, root
invalid number: 26211 respective config: API, CUDA, TextureMemory, Blocksize, bs_128x1, padding, padding_224, pixelPerThread, pixelPerThread_4, root
invalid number: 21197 respective config: API, CUDA, TextureMemory, Array2D, Blocksize, bs_64x2, padding, padding_384, pixelPerThread, pixelPerThread_2, root
invalid number: 26046 respective config: API, CUDA, TextureMemory, Blocksize, bs_64x4, padding, padding_0, pixelPerThread, pixelPerThread_3, root
invalid number: 20840 respective config: API, CUDA, TextureMemory, Array2D, Blocksize, bs_512x1, padding, padding_256, pixelPerThread, pixelPerThread_1, root
invalid number: 21525 respective config: API, CUDA, TextureMemory, Array2D, LocalMemory, Blocksize, bs_32x8, padding, padding_288, pixelPerThread, pixelPerThread_2, root
invalid number: 7770 respective config: API, OpenCL, TextureMemory, Array2D, LocalMemory, Blocksize, bs_128x4, padding, padding_128, pixelPerThread, pixelPerThread_3, root
invalid number: 21905 respective config: API, CUDA, TextureMemory, Array2D, LocalMemory, Blocksize, bs_128x1, padding, padding_64, pixelPerThread, pixelPerThread_2, root
invalid number: 8381 respective config: API, OpenCL, TextureMemory, Array2D, LocalMemory, Blocksize, bs_64x8, padding, padding_128, pixelPerThread, pixelPerThread_2, root
invalid number: 21307 respective config: API, CUDA, TextureMemory, Array2D, Blocksize, bs_256x1, padding, padding_160, pixelPerThread, pixelPerThread_4, root
invalid number: 10419 respective config: API, OpenCL, TextureMemory, Ldg, LocalMemory, Blocksize, bs_64x16, padding, padding_96, pixelPerThread, pixelPerThread_4, root
invalid number: 11514 respective config: API, OpenCL, TextureMemory, Blocksize, bs_32x8, padding, padding_160, pixelPerThread, pixelPerThread_3, root
invalid number: 4315 respective config: API, OpenCL, TextureMemory, Linear2D, LocalMemory, Blocksize, bs_32x1, padding, padding_224, pixelPerThread, pixelPerThread_4, root
invalid number: 5299 respective config: API, OpenCL, TextureMemory, Linear2D, LocalMemory, Blocksize, bs_1024x1, padding, padding_480, pixelPerThread, pixelPerThread_4, root
invalid number: 58 respective config: API, OpenCL, TextureMemory, Linear1D, Blocksize, bs_32x1, padding, padding_448, pixelPerThread, pixelPerThread_3, root
invalid number: 8447 respective config: API, OpenCL, TextureMemory, Array2D, LocalMemory, Blocksize, bs_256x1, padding, padding_96, pixelPerThread, pixelPerThread_4, root
invalid number: 27709 respective config: API, CUDA, TextureMemory, LocalMemory, Blocksize, bs_128x2, padding, padding_256, pixelPerThread, pixelPerThread_2, root
invalid number: 3961 respective config: API, OpenCL, TextureMemory, Linear2D, Blocksize, bs_32x4, padding, padding_128, pixelPerThread, pixelPerThread_2, root
invalid number: 25859 respective config: API, CUDA, TextureMemory, Blocksize, bs_32x16, padding, padding_128, pixelPerThread, pixelPerThread_4, root
invalid number: 20014 respective config: API, CUDA, TextureMemory, Array2D, Blocksize, bs_32x1, padding, padding_160, pixelPerThread, pixelPerThread_3, root
invalid number: 3382 respective config: API, OpenCL, TextureMemory, Linear2D, Blocksize, bs_128x1, padding, padding_384, pixelPerThread, pixelPerThread_3, root
invalid number: 11329 respective config: API, OpenCL, TextureMemory, Ldg, LocalMemory, Blocksize, bs_256x1, padding, padding_320, pixelPerThread, pixelPerThread_2, root
invalid number: 7156 respective config: API, OpenCL, TextureMemory, Array2D, LocalMemory, Blocksize, bs_32x1, padding, padding_128, pixelPerThread, pixelPerThread_1, root
invalid number: 26910 respective config: API, CUDA, TextureMemory, Blocksize, bs_64x2, padding, padding_384, pixelPerThread, pixelPerThread_3, root
invalid number: 27243 respective config: API, CUDA, TextureMemory, LocalMemory, Blocksize, bs_32x8, padding, padding_320, pixelPerThread, pixelPerThread_4, root
invalid number: 845 respective config: API, OpenCL, TextureMemory, Linear1D, Blocksize, bs_512x1, padding, padding_224, pixelPerThread, pixelPerThread_2, root
invalid number: 3367 respective config: API, OpenCL, TextureMemory, Linear2D, Blocksize, bs_128x1, padding, padding_256, pixelPerThread, pixelPerThread_4, root
invalid number: 2693 respective config: API, OpenCL, TextureMemory, Linear1D, LocalMemory, Blocksize, bs_64x8, padding, padding_320, pixelPerThread, pixelPerThread_2, root
invalid number: 3929 respective config: API, OpenCL, TextureMemory, Linear2D, Blocksize, bs_32x2, padding, padding_416, pixelPerThread, pixelPerThread_2, root
invalid number: 19023 respective config: API, CUDA, TextureMemory, Linear2D, LocalMemory, Blocksize, bs_64x16, padding, padding_384, pixelPerThread, pixelPerThread_4, root
invalid number: 1512 respective config: API, OpenCL, TextureMemory, Linear1D, LocalMemory, Blocksize, bs_32x8, padding, padding_128, pixelPerThread, pixelPerThread_1, root
invalid number: 8800 respective config: API, OpenCL, TextureMemory, Ldg, Blocksize, bs_32x32, padding, padding_224, pixelPerThread, pixelPerThread_1, root
invalid number: 2307 respective config: API, OpenCL, TextureMemory, Linear1D, LocalMemory, Blocksize, bs_512x1, padding, padding_480, pixelPerThread, pixelPerThread_4, root
invalid number: 19259 respective config: API, CUDA, TextureMemory, Linear2D, LocalMemory, Blocksize, bs_128x8, padding, padding_96, pixelPerThread, pixelPerThread_4, root
invalid number: 21715 respective config: API, CUDA, TextureMemory, Array2D, LocalMemory, Blocksize, bs_64x1, padding, padding_160, pixelPerThread, pixelPerThread_4, root
invalid number: 20931 respective config: API, CUDA, TextureMemory, Array2D, Blocksize, bs_512x2, padding, padding_416, pixelPerThread, pixelPerThread_4, root
invalid number: 3765 respective config: API, OpenCL, TextureMemory, Linear2D, Blocksize, bs_512x2, padding, padding_192, pixelPerThread, pixelPerThread_2, root
invalid number: 11093 respective config: API, OpenCL, TextureMemory, Ldg, LocalMemory, Blocksize, bs_32x4, padding, padding_64, pixelPerThread, pixelPerThread_2, root
invalid number: 10665 respective config: API, OpenCL, TextureMemory, Ldg, LocalMemory, Blocksize, bs_128x4, padding, padding_448, pixelPerThread, pixelPerThread_2, root
invalid number: 2882 respective config: API, OpenCL, TextureMemory, Linear2D, Blocksize, bs_32x1, padding, padding_192, pixelPerThread, pixelPerThread_3, root
invalid number: 441 respective config: API, OpenCL, TextureMemory, Linear1D, Blocksize, bs_64x16, padding, padding_256, pixelPerThread, pixelPerThread_2, root
invalid number: 26886 respective config: API, CUDA, TextureMemory, Blocksize, bs_64x2, padding, padding_192, pixelPerThread, pixelPerThread_3, root
invalid number: 5932 respective config: API, OpenCL, TextureMemory, Array2D, Blocksize, bs_32x32, padding, padding_128, pixelPerThread, pixelPerThread_1, root
invalid number: 3799 respective config: API, OpenCL, TextureMemory, Linear2D, Blocksize, bs_512x2, padding, padding_448, pixelPerThread, pixelPerThread_4, root
invalid number: 7996 respective config: API, OpenCL, TextureMemory, Array2D, LocalMemory, Blocksize, bs_512x1, padding, padding_320, pixelPerThread, pixelPerThread_1, root
invalid number: 20189 respective config: API, CUDA, TextureMemory, Array2D, Blocksize, bs_32x16, padding, padding_480, pixelPerThread, pixelPerThread_2, root
invalid number: 5902 respective config: API, OpenCL, TextureMemory, Array2D, Blocksize, bs_32x16, padding, padding_416, pixelPerThread, pixelPerThread_3, root
invalid number: 13813 respective config: API, OpenCL, TextureMemory, LocalMemory, Blocksize, bs_1024x1, padding, padding_64, pixelPerThread, pixelPerThread_2, root
invalid number: 20584 respective config: API, CUDA, TextureMemory, Array2D, Blocksize, bs_128x2, padding, padding_384, pixelPerThread, pixelPerThread_1, root
invalid number: 5628 respective config: API, OpenCL, TextureMemory, Linear2D, LocalMemory, Blocksize, bs_256x1, padding, padding_416, pixelPerThread, pixelPerThread_1, root
invalid number: 7929 respective config: API, OpenCL, TextureMemory, Array2D, LocalMemory, Blocksize, bs_256x4, padding, padding_320, pixelPerThread, pixelPerThread_2, root
invalid number: 28319 respective config: API, CUDA, TextureMemory, LocalMemory, Blocksize, bs_64x2, padding, padding_224, pixelPerThread, pixelPerThread_4, root
invalid number: 3958 respective config: API, OpenCL, TextureMemory, Linear2D, Blocksize, bs_32x4, padding, padding_96, pixelPerThread, pixelPerThread_3, root
invalid number: 4292 respective config: API, OpenCL, TextureMemory, Linear2D, LocalMemory, Blocksize, bs_32x1, padding, padding_64, pixelPerThread, pixelPerThread_1, root
invalid number: 10272 respective config: API, OpenCL, TextureMemory, Ldg, LocalMemory, Blocksize, bs_64x1, padding, padding_32, pixelPerThread, pixelPerThread_1, root
invalid number: 20107 respective config: API, CUDA, TextureMemory, Array2D, Blocksize, bs_32x8, padding, padding_352, pixelPerThread, pixelPerThread_4, root
invalid number: 4945 respective config: API, OpenCL, TextureMemory, Linear2D, LocalMemory, Blocksize, bs_128x4, padding, padding_384, pixelPerThread, pixelPerThread_2, root
invalid number: 2346 respective config: API, OpenCL, TextureMemory, Linear1D, LocalMemory, Blocksize, bs_512x2, padding, padding_256, pixelPerThread, pixelPerThread_3, root
invalid number: 22341 respective config: API, CUDA, TextureMemory, Array2D, LocalMemory, Blocksize, bs_512x2, padding, padding_288, pixelPerThread, pixelPerThread_2, root
invalid number: 21540 respective config: API, CUDA, TextureMemory, Array2D, LocalMemory, Blocksize, bs_32x8, padding, padding_416, pixelPerThread, pixelPerThread_1, root
invalid number: 11739 respective config: API, OpenCL, TextureMemory, Blocksize, bs_64x1, padding, padding_320, pixelPerThread, pixelPerThread_4, root
invalid number: 20523 respective config: API, CUDA, TextureMemory, Array2D, Blocksize, bs_128x1, padding, padding_416, pixelPerThread, pixelPerThread_4, root
invalid number: 653 respective config: API, OpenCL, TextureMemory, Linear1D, Blocksize, bs_128x4, padding, padding_320, pixelPerThread, pixelPerThread_2, root
invalid number: 1189 respective config: API, OpenCL, TextureMemory, Linear1D, Blocksize, bs_64x2, padding, padding_256, pixelPerThread, pixelPerThread_2, root
invalid number: 27287 respective config: API, CUDA, TextureMemory, LocalMemory, Blocksize, bs_32x16, padding, padding_128, pixelPerThread, pixelPerThread_4, root
invalid number: 8745 respective config: API, OpenCL, TextureMemory, Ldg, Blocksize, bs_32x16, padding, padding_320, pixelPerThread, pixelPerThread_2, root
invalid number: 374 respective config: API, OpenCL, TextureMemory, Linear1D, Blocksize, bs_64x4, padding, padding_256, pixelPerThread, pixelPerThread_3, root
invalid number: 5270 respective config: API, OpenCL, TextureMemory, Linear2D, LocalMemory, Blocksize, bs_1024x1, padding, padding_256, pixelPerThread, pixelPerThread_3, root
invalid number: 21677 respective config: API, CUDA, TextureMemory, Array2D, LocalMemory, Blocksize, bs_32x32, padding, padding_416, pixelPerThread, pixelPerThread_2, root
invalid number: 26925 respective config: API, CUDA, TextureMemory, Blocksize, bs_64x2, padding, padding_512, pixelPerThread, pixelPerThread_2, root
invalid number: 25170 respective config: API, CUDA, TextureMemory, Ldg, LocalMemory, Blocksize, bs_512x2, padding, padding_64, pixelPerThread, pixelPerThread_3, root
invalid number: 26024 respective config: API, CUDA, TextureMemory, Blocksize, bs_64x1, padding, padding_384, pixelPerThread, pixelPerThread_1, root
invalid number: 8824 respective config: API, OpenCL, TextureMemory, Ldg, Blocksize, bs_32x32, padding, padding_416, pixelPerThread, pixelPerThread_1, root
invalid number: 7641 respective config: API, OpenCL, TextureMemory, Array2D, LocalMemory, Blocksize, bs_128x1, padding, padding_192, pixelPerThread, pixelPerThread_2, root
invalid number: 2090 respective config: API, OpenCL, TextureMemory, Linear1D, LocalMemory, Blocksize, bs_128x4, padding, padding_384, pixelPerThread, pixelPerThread_3, root
invalid number: 4563 respective config: API, OpenCL, TextureMemory, Linear2D, LocalMemory, Blocksize, bs_64x1, padding, padding_32, pixelPerThread, pixelPerThread_4, root
invalid number: 2086 respective config: API, OpenCL, TextureMemory, Linear1D, LocalMemory, Blocksize, bs_128x4, padding, padding_352, pixelPerThread, pixelPerThread_3, root
invalid number: 20657 respective config: API, CUDA, TextureMemory, Array2D, Blocksize, bs_128x4, padding, padding_416, pixelPerThread, pixelPerThread_2, root
invalid number: 5179 respective config: API, OpenCL, TextureMemory, Linear2D, LocalMemory, Blocksize, bs_512x2, padding, padding_64, pixelPerThread, pixelPerThread_4, root
invalid number: 3123 respective config: API, OpenCL, TextureMemory, Linear2D, Blocksize, bs_32x32, padding, padding_480, pixelPerThread, pixelPerThread_4, root
invalid number: 1013 respective config: API, OpenCL, TextureMemory, Linear1D, Blocksize, bs_1024x1, padding, padding_480, pixelPerThread, pixelPerThread_2, root
invalid number: 1165 respective config: API, OpenCL, TextureMemory, Linear1D, Blocksize, bs_64x2, padding, padding_64, pixelPerThread, pixelPerThread_2, root
ConfigurationSampling done in 1696 ms
28560
LocalMemory ::= (ε, 1) | (LocalMemory, 1) Symbolkind: TERMINAL
root ::= (API, 2)   (TextureMemory, 5)   (LocalMemory, 2)   (Blocksize, 21)   (padding, 17)   (pixelPerThread, 4) Symbolkind: NONTERMINAL
API ::= (OpenCL, 1) | (CUDA, 1) Symbolkind: TERMINAL
TextureMemoryInvis ::= (ε, 1) Symbolkind: TERMINAL
TextureMemory ::= (Linear1D, 1) | (Linear2D, 1) | (Array2D, 1) | (Ldg, 1) | (TextureMemoryInvis, 1) Symbolkind: TERMINAL
Blocksize ::= (bs_32x1, 1) | (bs_32x8, 1) | (bs_32x16, 1) | (bs_32x32, 1) | (bs_64x1, 1) | (bs_64x4, 1) | (bs_64x16, 1) | (bs_128x1, 1) | (bs_128x2, 1) | (bs_128x4, 1) | (bs_128x8, 1) | (bs_256x4, 1) | (bs_512x1, 1) | (bs_512x2, 1) | (bs_1024x1, 1) | (bs_32x2, 1) | (bs_32x4, 1) | (bs_64x2, 1) | (bs_64x8, 1) | (bs_256x1, 1) | (bs_256x2, 1) Symbolkind: TERMINAL
padding ::= (padding_0, 1) | (padding_32, 1) | (padding_64, 1) | (padding_96, 1) | (padding_128, 1) | (padding_160, 1) | (padding_192, 1) | (padding_224, 1) | (padding_256, 1) | (padding_288, 1) | (padding_320, 1) | (padding_352, 1) | (padding_384, 1) | (padding_416, 1) | (padding_448, 1) | (padding_480, 1) | (padding_512, 1) Symbolkind: TERMINAL
pixelPerThread ::= (pixelPerThread_1, 1) | (pixelPerThread_2, 1) | (pixelPerThread_3, 1) | (pixelPerThread_4, 1) Symbolkind: TERMINAL

command: clean-sampling
command: clean-global
command: script ./learn_grammarBased_t2.a
command: log ./out_grammarBased_t2.log
