Current machine learning settings: epsilon:0 lossFunction:RELATIVE parallelization:True bagging:False baggingNumbers:3 considerEpsilonTube:False baggingTestDataFraction:50 useBackward:False abortError:1 limitFeatureSize:False featureSizeTreshold:4 quadraticFunctionSupport:True crossValidation:False crossValidation-k:5 learn-logFunction:False learn-accumulatedLogFunction:False learn-asymFunction:False learn-ratioFunction:False learn-mirrowedFunction:False learn-numeric-disabled:True numberOfRounds:70 backwardErrorDelta:1 minImprovementPerRound:0.1 withHierarchy:False bruteForceCandidates:False ignoreBadFeatures:False stopOnLongRound:True candidateSizePenalty:True learnTimeLimit:00:00:00 scoreMeasure:RELERROR outputRoundsToStdout:False debug:False pythonInfluenceAnalysis:False blacklisted: 
command: solver z3
command: vm /scratch/kallistos/Distance-Based_Data/SupplementaryWebsite/MeasuredPerformanceValues/Hipacc/FeatureModel.xml
Warning: Variability model contains outdated notation. Children nodes will no longer have effect on the model. Instead use the parent node to describe the parent of an configuration option. You can also use the converter providedby the Variability Model GUI in export>convert legacy model.
Warning: Default value nodes in models are no longer used and should be removed. You can also use the converter provided by the Variability Model GUI in export>convert legacy model to update your model.
command: all /scratch/kallistos/Distance-Based_Data/SupplementaryWebsite/MeasuredPerformanceValues/Hipacc/measurements.xml
Configs with too large deviation: 0
13485 configurations loaded.
command: binary grammar-based numConfigs:50 seed:82
command: printconfigs ./sampledConfigurations_grammarBased_t1.csv
invalid number: 5494 respective config: API, OpenCL, TextureMemory, Linear2D, LocalMemory, Blocksize, bs_64x2, padding, padding_416, pixelPerThread, pixelPerThread_3, root
invalid number: 11480 respective config: API, OpenCL, TextureMemory, Blocksize, bs_32x1, padding, padding_448, pixelPerThread, pixelPerThread_1, root
invalid number: 5706 respective config: API, OpenCL, TextureMemory, Linear2D, LocalMemory, Blocksize, bs_256x2, padding, padding_480, pixelPerThread, pixelPerThread_3, root
invalid number: 9151 respective config: API, OpenCL, TextureMemory, Ldg, Blocksize, bs_128x2, padding, padding_288, pixelPerThread, pixelPerThread_4, root
invalid number: 14229 respective config: API, OpenCL, TextureMemory, LocalMemory, Blocksize, bs_256x2, padding, padding_128, pixelPerThread, pixelPerThread_2, root
invalid number: 12935 respective config: API, OpenCL, TextureMemory, LocalMemory, Blocksize, bs_32x8, padding, padding_96, pixelPerThread, pixelPerThread_4, root
invalid number: 886 respective config: API, OpenCL, TextureMemory, Linear1D, Blocksize, bs_512x2, padding, padding_0, pixelPerThread, pixelPerThread_3, root
invalid number: 9758 respective config: API, OpenCL, TextureMemory, Ldg, Blocksize, bs_64x2, padding, padding_256, pixelPerThread, pixelPerThread_3, root
invalid number: 3394 respective config: API, OpenCL, TextureMemory, Linear2D, Blocksize, bs_128x1, padding, padding_480, pixelPerThread, pixelPerThread_3, root
invalid number: 26610 respective config: API, CUDA, TextureMemory, Blocksize, bs_512x2, padding, padding_160, pixelPerThread, pixelPerThread_3, root
invalid number: 28555 respective config: API, CUDA, TextureMemory, LocalMemory, Blocksize, bs_256x2, padding, padding_480, pixelPerThread, pixelPerThread_4, root
invalid number: 21905 respective config: API, CUDA, TextureMemory, Array2D, LocalMemory, Blocksize, bs_128x1, padding, padding_64, pixelPerThread, pixelPerThread_2, root
invalid number: 7517 respective config: API, OpenCL, TextureMemory, Array2D, LocalMemory, Blocksize, bs_64x4, padding, padding_288, pixelPerThread, pixelPerThread_2, root
invalid number: 9227 respective config: API, OpenCL, TextureMemory, Ldg, Blocksize, bs_128x4, padding, padding_352, pixelPerThread, pixelPerThread_4, root
invalid number: 10026 respective config: API, OpenCL, TextureMemory, Ldg, LocalMemory, Blocksize, bs_32x1, padding, padding_224, pixelPerThread, pixelPerThread_3, root
invalid number: 13920 respective config: API, OpenCL, TextureMemory, LocalMemory, Blocksize, bs_32x2, padding, padding_384, pixelPerThread, pixelPerThread_1, root
invalid number: 47 respective config: API, OpenCL, TextureMemory, Linear1D, Blocksize, bs_32x1, padding, padding_352, pixelPerThread, pixelPerThread_4, root
invalid number: 12919 respective config: API, OpenCL, TextureMemory, LocalMemory, Blocksize, bs_32x1, padding, padding_512, pixelPerThread, pixelPerThread_4, root
invalid number: 12428 respective config: API, OpenCL, TextureMemory, Blocksize, bs_1024x1, padding, padding_416, pixelPerThread, pixelPerThread_1, root
invalid number: 5513 respective config: API, OpenCL, TextureMemory, Linear2D, LocalMemory, Blocksize, bs_64x8, padding, padding_32, pixelPerThread, pixelPerThread_2, root
invalid number: 4014 respective config: API, OpenCL, TextureMemory, Linear2D, Blocksize, bs_64x2, padding, padding_0, pixelPerThread, pixelPerThread_3, root
invalid number: 1155 respective config: API, OpenCL, TextureMemory, Linear1D, Blocksize, bs_32x4, padding, padding_512, pixelPerThread, pixelPerThread_4, root
invalid number: 26816 respective config: API, CUDA, TextureMemory, Blocksize, bs_32x4, padding, padding_192, pixelPerThread, pixelPerThread_1, root
invalid number: 10240 respective config: API, OpenCL, TextureMemory, Ldg, LocalMemory, Blocksize, bs_32x32, padding, padding_320, pixelPerThread, pixelPerThread_1, root
invalid number: 10878 respective config: API, OpenCL, TextureMemory, Ldg, LocalMemory, Blocksize, bs_512x1, padding, padding_512, pixelPerThread, pixelPerThread_3, root
invalid number: 13457 respective config: API, OpenCL, TextureMemory, LocalMemory, Blocksize, bs_128x2, padding, padding_480, pixelPerThread, pixelPerThread_2, root
invalid number: 13150 respective config: API, OpenCL, TextureMemory, LocalMemory, Blocksize, bs_64x1, padding, padding_192, pixelPerThread, pixelPerThread_3, root
invalid number: 4433 respective config: API, OpenCL, TextureMemory, Linear2D, LocalMemory, Blocksize, bs_32x16, padding, padding_96, pixelPerThread, pixelPerThread_2, root
invalid number: 22268 respective config: API, CUDA, TextureMemory, Array2D, LocalMemory, Blocksize, bs_512x1, padding, padding_256, pixelPerThread, pixelPerThread_1, root
invalid number: 22543 respective config: API, CUDA, TextureMemory, Array2D, LocalMemory, Blocksize, bs_32x4, padding, padding_256, pixelPerThread, pixelPerThread_4, root
invalid number: 7497 respective config: API, OpenCL, TextureMemory, Array2D, LocalMemory, Blocksize, bs_64x4, padding, padding_128, pixelPerThread, pixelPerThread_2, root
invalid number: 13394 respective config: API, OpenCL, TextureMemory, LocalMemory, Blocksize, bs_128x1, padding, padding_512, pixelPerThread, pixelPerThread_3, root
invalid number: 4145 respective config: API, OpenCL, TextureMemory, Linear2D, Blocksize, bs_64x8, padding, padding_512, pixelPerThread, pixelPerThread_2, root
invalid number: 27491 respective config: API, CUDA, TextureMemory, LocalMemory, Blocksize, bs_64x4, padding, padding_128, pixelPerThread, pixelPerThread_4, root
invalid number: 4885 respective config: API, OpenCL, TextureMemory, Linear2D, LocalMemory, Blocksize, bs_128x2, padding, padding_448, pixelPerThread, pixelPerThread_2, root
invalid number: 6566 respective config: API, OpenCL, TextureMemory, Array2D, Blocksize, bs_512x1, padding, padding_288, pixelPerThread, pixelPerThread_3, root
invalid number: 286 respective config: API, OpenCL, TextureMemory, Linear1D, Blocksize, bs_64x1, padding, padding_96, pixelPerThread, pixelPerThread_3, root
invalid number: 16454 respective config: API, CUDA, TextureMemory, Linear1D, LocalMemory, Blocksize, bs_128x8, padding, padding_512, pixelPerThread, pixelPerThread_3, root
invalid number: 22254 respective config: API, CUDA, TextureMemory, Array2D, LocalMemory, Blocksize, bs_512x1, padding, padding_128, pixelPerThread, pixelPerThread_3, root
invalid number: 7935 respective config: API, OpenCL, TextureMemory, Array2D, LocalMemory, Blocksize, bs_256x4, padding, padding_352, pixelPerThread, pixelPerThread_4, root
invalid number: 5104 respective config: API, OpenCL, TextureMemory, Linear2D, LocalMemory, Blocksize, bs_512x1, padding, padding_32, pixelPerThread, pixelPerThread_1, root
invalid number: 13570 respective config: API, OpenCL, TextureMemory, LocalMemory, Blocksize, bs_128x8, padding, padding_288, pixelPerThread, pixelPerThread_3, root
invalid number: 26748 respective config: API, CUDA, TextureMemory, Blocksize, bs_32x2, padding, padding_192, pixelPerThread, pixelPerThread_1, root
invalid number: 8214 respective config: API, OpenCL, TextureMemory, Array2D, LocalMemory, Blocksize, bs_32x2, padding, padding_416, pixelPerThread, pixelPerThread_3, root
invalid number: 1551 respective config: API, OpenCL, TextureMemory, Linear1D, LocalMemory, Blocksize, bs_32x8, padding, padding_416, pixelPerThread, pixelPerThread_4, root
invalid number: 397 respective config: API, OpenCL, TextureMemory, Linear1D, Blocksize, bs_64x4, padding, padding_448, pixelPerThread, pixelPerThread_2, root
invalid number: 6016 respective config: API, OpenCL, TextureMemory, Array2D, Blocksize, bs_64x1, padding, padding_256, pixelPerThread, pixelPerThread_1, root
invalid number: 9941 respective config: API, OpenCL, TextureMemory, Ldg, Blocksize, bs_256x2, padding, padding_96, pixelPerThread, pixelPerThread_2, root
invalid number: 6913 respective config: API, OpenCL, TextureMemory, Array2D, Blocksize, bs_64x2, padding, padding_352, pixelPerThread, pixelPerThread_2, root
invalid number: 7113 respective config: API, OpenCL, TextureMemory, Array2D, Blocksize, bs_256x2, padding, padding_320, pixelPerThread, pixelPerThread_2, root
invalid number: 20322 respective config: API, CUDA, TextureMemory, Array2D, Blocksize, bs_64x1, padding, padding_448, pixelPerThread, pixelPerThread_3, root
invalid number: 24986 respective config: API, CUDA, TextureMemory, Ldg, LocalMemory, Blocksize, bs_128x8, padding, padding_224, pixelPerThread, pixelPerThread_3, root
invalid number: 13506 respective config: API, OpenCL, TextureMemory, LocalMemory, Blocksize, bs_128x4, padding, padding_320, pixelPerThread, pixelPerThread_3, root
invalid number: 21134 respective config: API, CUDA, TextureMemory, Array2D, Blocksize, bs_32x4, padding, padding_416, pixelPerThread, pixelPerThread_3, root
invalid number: 18782 respective config: API, CUDA, TextureMemory, Linear2D, LocalMemory, Blocksize, bs_32x32, padding, padding_96, pixelPerThread, pixelPerThread_3, root
invalid number: 10734 respective config: API, OpenCL, TextureMemory, Ldg, LocalMemory, Blocksize, bs_128x8, padding, padding_448, pixelPerThread, pixelPerThread_3, root
invalid number: 5257 respective config: API, OpenCL, TextureMemory, Linear2D, LocalMemory, Blocksize, bs_1024x1, padding, padding_160, pixelPerThread, pixelPerThread_2, root
invalid number: 10472 respective config: API, OpenCL, TextureMemory, Ldg, LocalMemory, Blocksize, bs_128x1, padding, padding_0, pixelPerThread, pixelPerThread_1, root
invalid number: 20912 respective config: API, CUDA, TextureMemory, Array2D, Blocksize, bs_512x2, padding, padding_288, pixelPerThread, pixelPerThread_1, root
invalid number: 27596 respective config: API, CUDA, TextureMemory, LocalMemory, Blocksize, bs_64x16, padding, padding_448, pixelPerThread, pixelPerThread_1, root
invalid number: 22746 respective config: API, CUDA, TextureMemory, Array2D, LocalMemory, Blocksize, bs_256x1, padding, padding_256, pixelPerThread, pixelPerThread_3, root
invalid number: 1515 respective config: API, OpenCL, TextureMemory, Linear1D, LocalMemory, Blocksize, bs_32x8, padding, padding_128, pixelPerThread, pixelPerThread_4, root
invalid number: 27521 respective config: API, CUDA, TextureMemory, LocalMemory, Blocksize, bs_64x4, padding, padding_384, pixelPerThread, pixelPerThread_2, root
invalid number: 3478 respective config: API, OpenCL, TextureMemory, Linear2D, Blocksize, bs_128x4, padding, padding_64, pixelPerThread, pixelPerThread_3, root
invalid number: 3070 respective config: API, OpenCL, TextureMemory, Linear2D, Blocksize, bs_32x32, padding, padding_64, pixelPerThread, pixelPerThread_3, root
invalid number: 21730 respective config: API, CUDA, TextureMemory, Array2D, LocalMemory, Blocksize, bs_64x1, padding, padding_288, pixelPerThread, pixelPerThread_3, root
invalid number: 9924 respective config: API, OpenCL, TextureMemory, Ldg, Blocksize, bs_256x1, padding, padding_512, pixelPerThread, pixelPerThread_1, root
invalid number: 6288 respective config: API, OpenCL, TextureMemory, Array2D, Blocksize, bs_128x2, padding, padding_256, pixelPerThread, pixelPerThread_1, root
invalid number: 12249 respective config: API, OpenCL, TextureMemory, Blocksize, bs_512x1, padding, padding_64, pixelPerThread, pixelPerThread_2, root
invalid number: 5543 respective config: API, OpenCL, TextureMemory, Linear2D, LocalMemory, Blocksize, bs_64x8, padding, padding_256, pixelPerThread, pixelPerThread_4, root
invalid number: 2084 respective config: API, OpenCL, TextureMemory, Linear1D, LocalMemory, Blocksize, bs_128x4, padding, padding_352, pixelPerThread, pixelPerThread_1, root
invalid number: 26492 respective config: API, CUDA, TextureMemory, Blocksize, bs_256x4, padding, padding_320, pixelPerThread, pixelPerThread_1, root
invalid number: 10657 respective config: API, OpenCL, TextureMemory, Ldg, LocalMemory, Blocksize, bs_128x4, padding, padding_384, pixelPerThread, pixelPerThread_2, root
invalid number: 5508 respective config: API, OpenCL, TextureMemory, Linear2D, LocalMemory, Blocksize, bs_64x8, padding, padding_0, pixelPerThread, pixelPerThread_1, root
invalid number: 7714 respective config: API, OpenCL, TextureMemory, Array2D, LocalMemory, Blocksize, bs_128x2, padding, padding_224, pixelPerThread, pixelPerThread_3, root
invalid number: 12403 respective config: API, OpenCL, TextureMemory, Blocksize, bs_1024x1, padding, padding_192, pixelPerThread, pixelPerThread_4, root
invalid number: 9453 respective config: API, OpenCL, TextureMemory, Ldg, Blocksize, bs_512x2, padding, padding_0, pixelPerThread, pixelPerThread_2, root
invalid number: 21673 respective config: API, CUDA, TextureMemory, Array2D, LocalMemory, Blocksize, bs_32x32, padding, padding_384, pixelPerThread, pixelPerThread_2, root
invalid number: 8235 respective config: API, OpenCL, TextureMemory, Array2D, LocalMemory, Blocksize, bs_32x4, padding, padding_32, pixelPerThread, pixelPerThread_4, root
invalid number: 891 respective config: API, OpenCL, TextureMemory, Linear1D, Blocksize, bs_512x2, padding, padding_32, pixelPerThread, pixelPerThread_4, root
invalid number: 12784 respective config: API, OpenCL, TextureMemory, Blocksize, bs_256x2, padding, padding_0, pixelPerThread, pixelPerThread_1, root
invalid number: 11405 respective config: API, OpenCL, TextureMemory, Ldg, LocalMemory, Blocksize, bs_256x2, padding, padding_384, pixelPerThread, pixelPerThread_2, root
invalid number: 11819 respective config: API, OpenCL, TextureMemory, Blocksize, bs_64x4, padding, padding_416, pixelPerThread, pixelPerThread_4, root
invalid number: 4296 respective config: API, OpenCL, TextureMemory, Linear2D, LocalMemory, Blocksize, bs_32x1, padding, padding_96, pixelPerThread, pixelPerThread_1, root
invalid number: 4547 respective config: API, OpenCL, TextureMemory, Linear2D, LocalMemory, Blocksize, bs_32x32, padding, padding_448, pixelPerThread, pixelPerThread_4, root
invalid number: 9599 respective config: API, OpenCL, TextureMemory, Ldg, Blocksize, bs_32x2, padding, padding_64, pixelPerThread, pixelPerThread_4, root
invalid number: 5598 respective config: API, OpenCL, TextureMemory, Linear2D, LocalMemory, Blocksize, bs_256x1, padding, padding_160, pixelPerThread, pixelPerThread_3, root
invalid number: 12280 respective config: API, OpenCL, TextureMemory, Blocksize, bs_512x1, padding, padding_320, pixelPerThread, pixelPerThread_1, root
invalid number: 1907 respective config: API, OpenCL, TextureMemory, Linear1D, LocalMemory, Blocksize, bs_128x1, padding, padding_0, pixelPerThread, pixelPerThread_4, root
invalid number: 13498 respective config: API, OpenCL, TextureMemory, LocalMemory, Blocksize, bs_128x4, padding, padding_256, pixelPerThread, pixelPerThread_3, root
invalid number: 19571 respective config: API, CUDA, TextureMemory, Linear2D, LocalMemory, Blocksize, bs_1024x1, padding, padding_416, pixelPerThread, pixelPerThread_4, root
invalid number: 20651 respective config: API, CUDA, TextureMemory, Array2D, Blocksize, bs_128x4, padding, padding_352, pixelPerThread, pixelPerThread_4, root
invalid number: 791 respective config: API, OpenCL, TextureMemory, Linear1D, Blocksize, bs_256x4, padding, padding_320, pixelPerThread, pixelPerThread_4, root
invalid number: 21923 respective config: API, CUDA, TextureMemory, Array2D, LocalMemory, Blocksize, bs_128x1, padding, padding_192, pixelPerThread, pixelPerThread_4, root
ConfigurationSampling done in 1342 ms
28560
LocalMemory ::= (ε, 1) | (LocalMemory, 1) Symbolkind: TERMINAL
root ::= (API, 2)   (TextureMemory, 5)   (LocalMemory, 2)   (Blocksize, 21)   (padding, 17)   (pixelPerThread, 4) Symbolkind: NONTERMINAL
API ::= (OpenCL, 1) | (CUDA, 1) Symbolkind: TERMINAL
TextureMemoryInvis ::= (ε, 1) Symbolkind: TERMINAL
TextureMemory ::= (Linear1D, 1) | (Linear2D, 1) | (Array2D, 1) | (Ldg, 1) | (TextureMemoryInvis, 1) Symbolkind: TERMINAL
Blocksize ::= (bs_32x1, 1) | (bs_32x8, 1) | (bs_32x16, 1) | (bs_32x32, 1) | (bs_64x1, 1) | (bs_64x4, 1) | (bs_64x16, 1) | (bs_128x1, 1) | (bs_128x2, 1) | (bs_128x4, 1) | (bs_128x8, 1) | (bs_256x4, 1) | (bs_512x1, 1) | (bs_512x2, 1) | (bs_1024x1, 1) | (bs_32x2, 1) | (bs_32x4, 1) | (bs_64x2, 1) | (bs_64x8, 1) | (bs_256x1, 1) | (bs_256x2, 1) Symbolkind: TERMINAL
padding ::= (padding_0, 1) | (padding_32, 1) | (padding_64, 1) | (padding_96, 1) | (padding_128, 1) | (padding_160, 1) | (padding_192, 1) | (padding_224, 1) | (padding_256, 1) | (padding_288, 1) | (padding_320, 1) | (padding_352, 1) | (padding_384, 1) | (padding_416, 1) | (padding_448, 1) | (padding_480, 1) | (padding_512, 1) Symbolkind: TERMINAL
pixelPerThread ::= (pixelPerThread_1, 1) | (pixelPerThread_2, 1) | (pixelPerThread_3, 1) | (pixelPerThread_4, 1) Symbolkind: TERMINAL

command: clean-sampling
command: clean-global
command: script ./learn_grammarBased_t2.a
command: log ./out_grammarBased_t2.log
