Current machine learning settings: epsilon:0 lossFunction:RELATIVE parallelization:True bagging:False baggingNumbers:3 considerEpsilonTube:False baggingTestDataFraction:50 useBackward:False abortError:1 limitFeatureSize:False featureSizeTreshold:4 quadraticFunctionSupport:True crossValidation:False crossValidation-k:5 learn-logFunction:False learn-accumulatedLogFunction:False learn-asymFunction:False learn-ratioFunction:False learn-mirrowedFunction:False learn-numeric-disabled:True numberOfRounds:70 backwardErrorDelta:1 minImprovementPerRound:0.1 withHierarchy:False bruteForceCandidates:False ignoreBadFeatures:False stopOnLongRound:True candidateSizePenalty:True learnTimeLimit:00:00:00 scoreMeasure:RELERROR outputRoundsToStdout:False debug:False pythonInfluenceAnalysis:False blacklisted: 
command: solver z3
command: vm /scratch/kallistos/Distance-Based_Data/SupplementaryWebsite/MeasuredPerformanceValues/BerkeleyDBC/FeatureModel.xml
Warning: Variability model contains outdated notation. Children nodes will no longer have effect on the model. Instead use the parent node to describe the parent of an configuration option. You can also use the converter providedby the Variability Model GUI in export>convert legacy model.
command: all /scratch/kallistos/Distance-Based_Data/SupplementaryWebsite/MeasuredPerformanceValues/BerkeleyDBC/measurements.xml
Configs with too large deviation: 0
2560 configurations loaded.
command: nfp Performance
command: setsampleset /scratch/kallistos/Distance-Based_Data/Results/BerkeleyDBC/BerkeleyDBC_41/sampledConfigurations_solverBased_t1.csv
command: learn-splconqueror-opt abortError=[1] minImprovementPerRound=[0.1,0.2,0.5] lossFunction=[RELATIVE] quadraticFunctionSupport=[True,False] learn_logFunction=[True,False] learn_asymFunction=[True,False] learn_ratioFunction=[True,False] withHierarchy=[False] useBackward=[False]
Learning: NumberOfConfigurationsLearning:15 NumberOfConfigurationsValidation:15
Learning progress:
1;0.500263575091575 * PAGESIZE + 0.0211434915750917 * HAVE_STATISTICS;0.706564359957009;0.706564359957009;0.706564359957009;0.706564359957009;0.036544;2;0.0211434915750917 * HAVE_STATISTICS;1;2.20392715329798;
Elapsed=00:00:00.0390722
Learning progress:
1;0.500779668269231 * PAGESIZE + 0.0227829214743593 * HAVE_SEQUENCE;0.365779618116122;0.365779618116122;0.365779618116122;0.365779618116122;0.000859;2;0.0227829214743593 * HAVE_SEQUENCE;1;3.01890445669366;
Elapsed=00:00:00.0009423
Learning progress:
1;0.516560840659341 * PAGESIZE + 0.00620698498168538 * HAVE_SEQUENCE;14.6247053843483;14.6247053843483;14.6247053843483;14.6247053843483;0.000865;2;0.00620698498168538 * HAVE_SEQUENCE;1;0.408735499051499;
2;0.516560840659341 * PAGESIZE + 0.00834497985348054 * HAVE_SEQUENCE + -0.00267249358974368 * HAVE_SEQUENCE * CS16MB;14.4893221877875;14.4893221877875;14.4893221877875;14.4893221877875;0.003012;4;-0.00267249358974368 * HAVE_SEQUENCE * CS16MB;2;0.0676915982804012;
Elapsed=00:00:00.0035956
Learning progress:
1;0.520015141025641 * PAGESIZE + -0.154061833333333 * HAVE_HASH;1.1282744705817;1.1282744705817;1.1282744705817;1.1282744705817;0.00081;2;-0.154061833333333 * HAVE_HASH;1;1.58151659364669;
2;0.51862295054945 * PAGESIZE + -0.152669642857142 * HAVE_HASH + 0.00382852380952393 * HAVE_SEQUENCE;0.728535472118619;0.728535472118619;0.728535472118619;0.728535472118619;0.003131;3;0.00382852380952393 * HAVE_SEQUENCE;1;0.399738998463079;
Elapsed=00:00:00.0032127
Learning progress:
1;0.518755278554778 * PAGESIZE + -0.152801970862471 * HAVE_HASH;1.30490424505618;1.30490424505618;1.30490424505618;1.30490424505618;0.001009;2;-0.152801970862471 * HAVE_HASH;1;5.72394646270107;
2;0.518755278554779 * PAGESIZE + -0.0764009854312353 * HAVE_HASH + -0.0764009854312353 * HAVE_HASH * CS32MB;1.30490424505614;1.30490424505614;1.30490424505614;1.30490424505614;0.003328;4;-0.0764009854312353 * HAVE_HASH * CS32MB;2;2.12052597703405E-14;
Elapsed=00:00:00.0034180
Learning progress:
1;0.500263575091575 * PAGESIZE + 0.0211434915750917 * HAVE_STATISTICS;0.706564359957009;0.706564359957009;0.706564359957009;0.706564359957009;0.000893;2;0.0211434915750917 * HAVE_STATISTICS;1;2.20392715329798;
Elapsed=00:00:00.0010136
Learning progress:
1;0.500779668269231 * PAGESIZE + 0.0227829214743593 * HAVE_SEQUENCE;0.365779618116122;0.365779618116122;0.365779618116122;0.365779618116122;0.000868;2;0.0227829214743593 * HAVE_SEQUENCE;1;3.01890445669366;
Elapsed=00:00:00.0009437
Learning progress:
1;0.516560840659341 * PAGESIZE + 0.00620698498168538 * HAVE_SEQUENCE;14.6247053843483;14.6247053843483;14.6247053843483;14.6247053843483;0.000691;2;0.00620698498168538 * HAVE_SEQUENCE;1;0.408735499051499;
2;0.516560840659341 * PAGESIZE + 0.00834497985348054 * HAVE_SEQUENCE + -0.00267249358974368 * HAVE_SEQUENCE * CS16MB;14.4893221877875;14.4893221877875;14.4893221877875;14.4893221877875;0.002417;4;-0.00267249358974368 * HAVE_SEQUENCE * CS16MB;2;0.0676915982804012;
Elapsed=00:00:00.0025008
Learning progress:
1;0.520015141025641 * PAGESIZE + -0.154061833333333 * HAVE_HASH;1.1282744705817;1.1282744705817;1.1282744705817;1.1282744705817;0.001425;2;-0.154061833333333 * HAVE_HASH;1;1.58151659364669;
2;0.51862295054945 * PAGESIZE + -0.152669642857142 * HAVE_HASH + 0.00382852380952393 * HAVE_SEQUENCE;0.728535472118619;0.728535472118619;0.728535472118619;0.728535472118619;0.003461;3;0.00382852380952393 * HAVE_SEQUENCE;1;0.399738998463079;
Elapsed=00:00:00.0035407
Learning progress:
1;0.518755278554778 * PAGESIZE + -0.152801970862471 * HAVE_HASH;1.30490424505618;1.30490424505618;1.30490424505618;1.30490424505618;0.000747;2;-0.152801970862471 * HAVE_HASH;1;5.72394646270107;
2;0.518755278554779 * PAGESIZE + -0.0764009854312353 * HAVE_HASH + -0.0764009854312353 * HAVE_HASH * CS32MB;1.30490424505614;1.30490424505614;1.30490424505614;1.30490424505614;0.002736;4;-0.0764009854312353 * HAVE_HASH * CS32MB;2;2.12052597703405E-14;
Elapsed=00:00:00.0028105
Learning progress:
1;0.500263575091575 * PAGESIZE + 0.0211434915750917 * HAVE_STATISTICS;0.706564359957009;0.706564359957009;0.706564359957009;0.706564359957009;0.000762;2;0.0211434915750917 * HAVE_STATISTICS;1;2.20392715329798;
Elapsed=00:00:00.0008375
Learning progress:
1;0.500779668269231 * PAGESIZE + 0.0227829214743593 * HAVE_SEQUENCE;0.365779618116122;0.365779618116122;0.365779618116122;0.365779618116122;0.000965;2;0.0227829214743593 * HAVE_SEQUENCE;1;3.01890445669366;
Elapsed=00:00:00.0010417
Learning progress:
1;0.516560840659341 * PAGESIZE + 0.00620698498168538 * HAVE_SEQUENCE;14.6247053843483;14.6247053843483;14.6247053843483;14.6247053843483;0.000802;2;0.00620698498168538 * HAVE_SEQUENCE;1;0.408735499051499;
Elapsed=00:00:00.0008814
Learning progress:
1;0.520015141025641 * PAGESIZE + -0.154061833333333 * HAVE_HASH;1.1282744705817;1.1282744705817;1.1282744705817;1.1282744705817;0.000901;2;-0.154061833333333 * HAVE_HASH;1;1.58151659364669;
2;0.51862295054945 * PAGESIZE + -0.152669642857142 * HAVE_HASH + 0.00382852380952393 * HAVE_SEQUENCE;0.728535472118619;0.728535472118619;0.728535472118619;0.728535472118619;0.002937;3;0.00382852380952393 * HAVE_SEQUENCE;1;0.399738998463079;
Elapsed=00:00:00.0030167
Learning progress:
1;0.518755278554778 * PAGESIZE + -0.152801970862471 * HAVE_HASH;1.30490424505618;1.30490424505618;1.30490424505618;1.30490424505618;0.000994;2;-0.152801970862471 * HAVE_HASH;1;5.72394646270107;
2;0.518755278554779 * PAGESIZE + -0.0764009854312353 * HAVE_HASH + -0.0764009854312353 * HAVE_HASH * CS32MB;1.30490424505614;1.30490424505614;1.30490424505614;1.30490424505614;0.002985;4;-0.0764009854312353 * HAVE_HASH * CS32MB;2;2.12052597703405E-14;
Elapsed=00:00:00.0030586
Learning progress:
1;0.500263575091575 * PAGESIZE + 0.0211434915750917 * HAVE_STATISTICS;0.706564359957009;0.706564359957009;0.706564359957009;0.706564359957009;0.000913;2;0.0211434915750917 * HAVE_STATISTICS;1;2.20392715329798;
Elapsed=00:00:00.0009889
Learning progress:
1;0.500779668269231 * PAGESIZE + 0.0227829214743593 * HAVE_SEQUENCE;0.365779618116122;0.365779618116122;0.365779618116122;0.365779618116122;0.00086;2;0.0227829214743593 * HAVE_SEQUENCE;1;3.01890445669366;
Elapsed=00:00:00.0009349
Learning progress:
1;0.516560840659341 * PAGESIZE + 0.00620698498168538 * HAVE_SEQUENCE;14.6247053843483;14.6247053843483;14.6247053843483;14.6247053843483;0.000863;2;0.00620698498168538 * HAVE_SEQUENCE;1;0.408735499051499;
2;0.516560840659341 * PAGESIZE + 0.00834497985348054 * HAVE_SEQUENCE + -0.00267249358974368 * HAVE_SEQUENCE * CS16MB;14.4893221877875;14.4893221877875;14.4893221877875;14.4893221877875;0.002815;4;-0.00267249358974368 * HAVE_SEQUENCE * CS16MB;2;0.0676915982804012;
Elapsed=00:00:00.0028993
Learning progress:
1;0.520015141025641 * PAGESIZE + -0.154061833333333 * HAVE_HASH;1.1282744705817;1.1282744705817;1.1282744705817;1.1282744705817;0.000891;2;-0.154061833333333 * HAVE_HASH;1;1.58151659364669;
2;0.51862295054945 * PAGESIZE + -0.152669642857142 * HAVE_HASH + 0.00382852380952393 * HAVE_SEQUENCE;0.728535472118619;0.728535472118619;0.728535472118619;0.728535472118619;0.003394;3;0.00382852380952393 * HAVE_SEQUENCE;1;0.399738998463079;
Elapsed=00:00:00.0034742
Learning progress:
1;0.518755278554778 * PAGESIZE + -0.152801970862471 * HAVE_HASH;1.30490424505618;1.30490424505618;1.30490424505618;1.30490424505618;0.000929;2;-0.152801970862471 * HAVE_HASH;1;5.72394646270107;
2;0.518755278554779 * PAGESIZE + -0.0764009854312353 * HAVE_HASH + -0.0764009854312353 * HAVE_HASH * CS32MB;1.30490424505614;1.30490424505614;1.30490424505614;1.30490424505614;0.003014;4;-0.0764009854312353 * HAVE_HASH * CS32MB;2;2.12052597703405E-14;
Elapsed=00:00:00.0030994
Learning progress:
1;0.500263575091575 * PAGESIZE + 0.0211434915750917 * HAVE_STATISTICS;0.706564359957009;0.706564359957009;0.706564359957009;0.706564359957009;0.00095;2;0.0211434915750917 * HAVE_STATISTICS;1;2.20392715329798;
Elapsed=00:00:00.0010255
Learning progress:
1;0.500779668269231 * PAGESIZE + 0.0227829214743593 * HAVE_SEQUENCE;0.365779618116122;0.365779618116122;0.365779618116122;0.365779618116122;0.00091;2;0.0227829214743593 * HAVE_SEQUENCE;1;3.01890445669366;
Elapsed=00:00:00.0009905
Learning progress:
1;0.516560840659341 * PAGESIZE + 0.00620698498168538 * HAVE_SEQUENCE;14.6247053843483;14.6247053843483;14.6247053843483;14.6247053843483;0.00089;2;0.00620698498168538 * HAVE_SEQUENCE;1;0.408735499051499;
2;0.516560840659341 * PAGESIZE + 0.00834497985348054 * HAVE_SEQUENCE + -0.00267249358974368 * HAVE_SEQUENCE * CS16MB;14.4893221877875;14.4893221877875;14.4893221877875;14.4893221877875;0.002677;4;-0.00267249358974368 * HAVE_SEQUENCE * CS16MB;2;0.0676915982804012;
Elapsed=00:00:00.0027614
Learning progress:
1;0.520015141025641 * PAGESIZE + -0.154061833333333 * HAVE_HASH;1.1282744705817;1.1282744705817;1.1282744705817;1.1282744705817;0.000996;2;-0.154061833333333 * HAVE_HASH;1;1.58151659364669;
2;0.51862295054945 * PAGESIZE + -0.152669642857142 * HAVE_HASH + 0.00382852380952393 * HAVE_SEQUENCE;0.728535472118619;0.728535472118619;0.728535472118619;0.728535472118619;0.003064;3;0.00382852380952393 * HAVE_SEQUENCE;1;0.399738998463079;
Elapsed=00:00:00.0031442
Learning progress:
1;0.518755278554778 * PAGESIZE + -0.152801970862471 * HAVE_HASH;1.30490424505618;1.30490424505618;1.30490424505618;1.30490424505618;0.000865;2;-0.152801970862471 * HAVE_HASH;1;5.72394646270107;
2;0.518755278554779 * PAGESIZE + -0.0764009854312353 * HAVE_HASH + -0.0764009854312353 * HAVE_HASH * CS32MB;1.30490424505614;1.30490424505614;1.30490424505614;1.30490424505614;0.003289;4;-0.0764009854312353 * HAVE_HASH * CS32MB;2;2.12052597703405E-14;
Elapsed=00:00:00.0033641
Learning progress:
1;0.500263575091575 * PAGESIZE + 0.0211434915750917 * HAVE_STATISTICS;0.706564359957009;0.706564359957009;0.706564359957009;0.706564359957009;0.000755;2;0.0211434915750917 * HAVE_STATISTICS;1;2.20392715329798;
Elapsed=00:00:00.0008296
Learning progress:
1;0.500779668269231 * PAGESIZE + 0.0227829214743593 * HAVE_SEQUENCE;0.365779618116122;0.365779618116122;0.365779618116122;0.365779618116122;0.000778;2;0.0227829214743593 * HAVE_SEQUENCE;1;3.01890445669366;
Elapsed=00:00:00.0008544
Learning progress:
1;0.516560840659341 * PAGESIZE + 0.00620698498168538 * HAVE_SEQUENCE;14.6247053843483;14.6247053843483;14.6247053843483;14.6247053843483;0.000707;2;0.00620698498168538 * HAVE_SEQUENCE;1;0.408735499051499;
Elapsed=00:00:00.0007895
Learning progress:
1;0.520015141025641 * PAGESIZE + -0.154061833333333 * HAVE_HASH;1.1282744705817;1.1282744705817;1.1282744705817;1.1282744705817;0.000793;2;-0.154061833333333 * HAVE_HASH;1;1.58151659364669;
2;0.51862295054945 * PAGESIZE + -0.152669642857142 * HAVE_HASH + 0.00382852380952393 * HAVE_SEQUENCE;0.728535472118619;0.728535472118619;0.728535472118619;0.728535472118619;0.003188;3;0.00382852380952393 * HAVE_SEQUENCE;1;0.399738998463079;
Elapsed=00:00:00.0032676
Learning progress:
1;0.518755278554778 * PAGESIZE + -0.152801970862471 * HAVE_HASH;1.30490424505618;1.30490424505618;1.30490424505618;1.30490424505618;0.000744;2;-0.152801970862471 * HAVE_HASH;1;5.72394646270107;
2;0.518755278554779 * PAGESIZE + -0.0764009854312353 * HAVE_HASH + -0.0764009854312353 * HAVE_HASH * CS32MB;1.30490424505614;1.30490424505614;1.30490424505614;1.30490424505614;0.002731;4;-0.0764009854312353 * HAVE_HASH * CS32MB;2;2.12052597703405E-14;
Elapsed=00:00:00.0028054
Learning progress:
1;0.500263575091575 * PAGESIZE + 0.0211434915750917 * HAVE_STATISTICS;0.706564359957009;0.706564359957009;0.706564359957009;0.706564359957009;0.000775;2;0.0211434915750917 * HAVE_STATISTICS;1;2.20392715329798;
Elapsed=00:00:00.0008505
Learning progress:
1;0.500779668269231 * PAGESIZE + 0.0227829214743593 * HAVE_SEQUENCE;0.365779618116122;0.365779618116122;0.365779618116122;0.365779618116122;0.000774;2;0.0227829214743593 * HAVE_SEQUENCE;1;3.01890445669366;
Elapsed=00:00:00.0008505
Learning progress:
1;0.516560840659341 * PAGESIZE + 0.00620698498168538 * HAVE_SEQUENCE;14.6247053843483;14.6247053843483;14.6247053843483;14.6247053843483;0.000704;2;0.00620698498168538 * HAVE_SEQUENCE;1;0.408735499051499;
2;0.516560840659341 * PAGESIZE + 0.00834497985348054 * HAVE_SEQUENCE + -0.00267249358974368 * HAVE_SEQUENCE * CS16MB;14.4893221877875;14.4893221877875;14.4893221877875;14.4893221877875;0.002491;4;-0.00267249358974368 * HAVE_SEQUENCE * CS16MB;2;0.0676915982804012;
Elapsed=00:00:00.0025757
Learning progress:
1;0.520015141025641 * PAGESIZE + -0.154061833333333 * HAVE_HASH;1.1282744705817;1.1282744705817;1.1282744705817;1.1282744705817;0.00078;2;-0.154061833333333 * HAVE_HASH;1;1.58151659364669;
2;0.51862295054945 * PAGESIZE + -0.152669642857142 * HAVE_HASH + 0.00382852380952393 * HAVE_SEQUENCE;0.728535472118619;0.728535472118619;0.728535472118619;0.728535472118619;0.002778;3;0.00382852380952393 * HAVE_SEQUENCE;1;0.399738998463079;
Elapsed=00:00:00.0028834
Learning progress:
1;0.518755278554778 * PAGESIZE + -0.152801970862471 * HAVE_HASH;1.30490424505618;1.30490424505618;1.30490424505618;1.30490424505618;0.00076;2;-0.152801970862471 * HAVE_HASH;1;5.72394646270107;
2;0.518755278554779 * PAGESIZE + -0.0764009854312353 * HAVE_HASH + -0.0764009854312353 * HAVE_HASH * CS32MB;1.30490424505614;1.30490424505614;1.30490424505614;1.30490424505614;0.003159;4;-0.0764009854312353 * HAVE_HASH * CS32MB;2;2.12052597703405E-14;
Elapsed=00:00:00.0032327
Learning progress:
1;0.500263575091575 * PAGESIZE + 0.0211434915750917 * HAVE_STATISTICS;0.706564359957009;0.706564359957009;0.706564359957009;0.706564359957009;0.000776;2;0.0211434915750917 * HAVE_STATISTICS;1;2.20392715329798;
Elapsed=00:00:00.0008513
Learning progress:
1;0.500779668269231 * PAGESIZE + 0.0227829214743593 * HAVE_SEQUENCE;0.365779618116122;0.365779618116122;0.365779618116122;0.365779618116122;0.000838;2;0.0227829214743593 * HAVE_SEQUENCE;1;3.01890445669366;
Elapsed=00:00:00.0009146
Learning progress:
1;0.516560840659341 * PAGESIZE + 0.00620698498168538 * HAVE_SEQUENCE;14.6247053843483;14.6247053843483;14.6247053843483;14.6247053843483;0.000699;2;0.00620698498168538 * HAVE_SEQUENCE;1;0.408735499051499;
2;0.516560840659341 * PAGESIZE + 0.00834497985348054 * HAVE_SEQUENCE + -0.00267249358974368 * HAVE_SEQUENCE * CS16MB;14.4893221877875;14.4893221877875;14.4893221877875;14.4893221877875;0.002469;4;-0.00267249358974368 * HAVE_SEQUENCE * CS16MB;2;0.0676915982804012;
Elapsed=00:00:00.0025589
Learning progress:
1;0.520015141025641 * PAGESIZE + -0.154061833333333 * HAVE_HASH;1.1282744705817;1.1282744705817;1.1282744705817;1.1282744705817;0.000772;2;-0.154061833333333 * HAVE_HASH;1;1.58151659364669;
2;0.51862295054945 * PAGESIZE + -0.152669642857142 * HAVE_HASH + 0.00382852380952393 * HAVE_SEQUENCE;0.728535472118619;0.728535472118619;0.728535472118619;0.728535472118619;0.002817;3;0.00382852380952393 * HAVE_SEQUENCE;1;0.399738998463079;
Elapsed=00:00:00.0028964
Learning progress:
1;0.518755278554778 * PAGESIZE + -0.152801970862471 * HAVE_HASH;1.30490424505618;1.30490424505618;1.30490424505618;1.30490424505618;0.00076;2;-0.152801970862471 * HAVE_HASH;1;5.72394646270107;
2;0.518755278554779 * PAGESIZE + -0.0764009854312353 * HAVE_HASH + -0.0764009854312353 * HAVE_HASH * CS32MB;1.30490424505614;1.30490424505614;1.30490424505614;1.30490424505614;0.002836;4;-0.0764009854312353 * HAVE_HASH * CS32MB;2;2.12052597703405E-14;
Elapsed=00:00:00.0029089
Learning progress:
1;0.500263575091575 * PAGESIZE + 0.0211434915750917 * HAVE_STATISTICS;0.706564359957009;0.706564359957009;0.706564359957009;0.706564359957009;0.00077;2;0.0211434915750917 * HAVE_STATISTICS;1;2.20392715329798;
Elapsed=00:00:00.0008454
Learning progress:
1;0.500779668269231 * PAGESIZE + 0.0227829214743593 * HAVE_SEQUENCE;0.365779618116122;0.365779618116122;0.365779618116122;0.365779618116122;0.001415;2;0.0227829214743593 * HAVE_SEQUENCE;1;3.01890445669366;
Elapsed=00:00:00.0014927
Learning progress:
1;0.516560840659341 * PAGESIZE + 0.00620698498168538 * HAVE_SEQUENCE;14.6247053843483;14.6247053843483;14.6247053843483;14.6247053843483;0.000795;2;0.00620698498168538 * HAVE_SEQUENCE;1;0.408735499051499;
Elapsed=00:00:00.0008715
Learning progress:
1;0.520015141025641 * PAGESIZE + -0.154061833333333 * HAVE_HASH;1.1282744705817;1.1282744705817;1.1282744705817;1.1282744705817;0.000783;2;-0.154061833333333 * HAVE_HASH;1;1.58151659364669;
2;0.51862295054945 * PAGESIZE + -0.152669642857142 * HAVE_HASH + 0.00382852380952393 * HAVE_SEQUENCE;0.728535472118619;0.728535472118619;0.728535472118619;0.728535472118619;0.00273;3;0.00382852380952393 * HAVE_SEQUENCE;1;0.399738998463079;
Elapsed=00:00:00.0028104
Learning progress:
1;0.518755278554778 * PAGESIZE + -0.152801970862471 * HAVE_HASH;1.30490424505618;1.30490424505618;1.30490424505618;1.30490424505618;0.000861;2;-0.152801970862471 * HAVE_HASH;1;5.72394646270107;
2;0.518755278554779 * PAGESIZE + -0.0764009854312353 * HAVE_HASH + -0.0764009854312353 * HAVE_HASH * CS32MB;1.30490424505614;1.30490424505614;1.30490424505614;1.30490424505614;0.003303;4;-0.0764009854312353 * HAVE_HASH * CS32MB;2;2.12052597703405E-14;
Elapsed=00:00:00.0033775
Learning progress:
1;0.500263575091575 * PAGESIZE + 0.0211434915750917 * HAVE_STATISTICS;0.706564359957009;0.706564359957009;0.706564359957009;0.706564359957009;0.000874;2;0.0211434915750917 * HAVE_STATISTICS;1;2.20392715329798;
Elapsed=00:00:00.0009494
Learning progress:
1;0.500779668269231 * PAGESIZE + 0.0227829214743593 * HAVE_SEQUENCE;0.365779618116122;0.365779618116122;0.365779618116122;0.365779618116122;0.000775;2;0.0227829214743593 * HAVE_SEQUENCE;1;3.01890445669366;
Elapsed=00:00:00.0008505
Learning progress:
1;0.516560840659341 * PAGESIZE + 0.00620698498168538 * HAVE_SEQUENCE;14.6247053843483;14.6247053843483;14.6247053843483;14.6247053843483;0.000705;2;0.00620698498168538 * HAVE_SEQUENCE;1;0.408735499051499;
2;0.516560840659341 * PAGESIZE + 0.00834497985348054 * HAVE_SEQUENCE + -0.00267249358974368 * HAVE_SEQUENCE * CS16MB;14.4893221877875;14.4893221877875;14.4893221877875;14.4893221877875;0.002446;4;-0.00267249358974368 * HAVE_SEQUENCE * CS16MB;2;0.0676915982804012;
Elapsed=00:00:00.0025300
Learning progress:
1;0.520015141025641 * PAGESIZE + -0.154061833333333 * HAVE_HASH;1.1282744705817;1.1282744705817;1.1282744705817;1.1282744705817;0.000798;2;-0.154061833333333 * HAVE_HASH;1;1.58151659364669;
2;0.51862295054945 * PAGESIZE + -0.152669642857142 * HAVE_HASH + 0.00382852380952393 * HAVE_SEQUENCE;0.728535472118619;0.728535472118619;0.728535472118619;0.728535472118619;0.002726;3;0.00382852380952393 * HAVE_SEQUENCE;1;0.399738998463079;
Elapsed=00:00:00.0028051
Learning progress:
1;0.518755278554778 * PAGESIZE + -0.152801970862471 * HAVE_HASH;1.30490424505618;1.30490424505618;1.30490424505618;1.30490424505618;0.000762;2;-0.152801970862471 * HAVE_HASH;1;5.72394646270107;
2;0.518755278554779 * PAGESIZE + -0.0764009854312353 * HAVE_HASH + -0.0764009854312353 * HAVE_HASH * CS32MB;1.30490424505614;1.30490424505614;1.30490424505614;1.30490424505614;0.002807;4;-0.0764009854312353 * HAVE_HASH * CS32MB;2;2.12052597703405E-14;
Elapsed=00:00:00.0029138
Learning progress:
1;0.500263575091575 * PAGESIZE + 0.0211434915750917 * HAVE_STATISTICS;0.706564359957009;0.706564359957009;0.706564359957009;0.706564359957009;0.000845;2;0.0211434915750917 * HAVE_STATISTICS;1;2.20392715329798;
Elapsed=00:00:00.0009195
Learning progress:
1;0.500779668269231 * PAGESIZE + 0.0227829214743593 * HAVE_SEQUENCE;0.365779618116122;0.365779618116122;0.365779618116122;0.365779618116122;0.001452;2;0.0227829214743593 * HAVE_SEQUENCE;1;3.01890445669366;
Elapsed=00:00:00.0015289
Learning progress:
1;0.516560840659341 * PAGESIZE + 0.00620698498168538 * HAVE_SEQUENCE;14.6247053843483;14.6247053843483;14.6247053843483;14.6247053843483;0.000786;2;0.00620698498168538 * HAVE_SEQUENCE;1;0.408735499051499;
2;0.516560840659341 * PAGESIZE + 0.00834497985348054 * HAVE_SEQUENCE + -0.00267249358974368 * HAVE_SEQUENCE * CS16MB;14.4893221877875;14.4893221877875;14.4893221877875;14.4893221877875;0.002663;4;-0.00267249358974368 * HAVE_SEQUENCE * CS16MB;2;0.0676915982804012;
Elapsed=00:00:00.0027482
Learning progress:
1;0.520015141025641 * PAGESIZE + -0.154061833333333 * HAVE_HASH;1.1282744705817;1.1282744705817;1.1282744705817;1.1282744705817;0.000863;2;-0.154061833333333 * HAVE_HASH;1;1.58151659364669;
2;0.51862295054945 * PAGESIZE + -0.152669642857142 * HAVE_HASH + 0.00382852380952393 * HAVE_SEQUENCE;0.728535472118619;0.728535472118619;0.728535472118619;0.728535472118619;0.00289;3;0.00382852380952393 * HAVE_SEQUENCE;1;0.399738998463079;
Elapsed=00:00:00.0029697
Learning progress:
1;0.518755278554778 * PAGESIZE + -0.152801970862471 * HAVE_HASH;1.30490424505618;1.30490424505618;1.30490424505618;1.30490424505618;0.00077;2;-0.152801970862471 * HAVE_HASH;1;5.72394646270107;
2;0.518755278554779 * PAGESIZE + -0.0764009854312353 * HAVE_HASH + -0.0764009854312353 * HAVE_HASH * CS32MB;1.30490424505614;1.30490424505614;1.30490424505614;1.30490424505614;0.003171;4;-0.0764009854312353 * HAVE_HASH * CS32MB;2;2.12052597703405E-14;
Elapsed=00:00:00.0032458
Learning progress:
1;0.500263575091575 * PAGESIZE + 0.0211434915750917 * HAVE_STATISTICS;0.706564359957009;0.706564359957009;0.706564359957009;0.706564359957009;0.000758;2;0.0211434915750917 * HAVE_STATISTICS;1;2.20392715329798;
Elapsed=00:00:00.0008323
Learning progress:
1;0.500779668269231 * PAGESIZE + 0.0227829214743593 * HAVE_SEQUENCE;0.365779618116122;0.365779618116122;0.365779618116122;0.365779618116122;0.000801;2;0.0227829214743593 * HAVE_SEQUENCE;1;3.01890445669366;
Elapsed=00:00:00.0008765
Learning progress:
1;0.516560840659341 * PAGESIZE + 0.00620698498168538 * HAVE_SEQUENCE;14.6247053843483;14.6247053843483;14.6247053843483;14.6247053843483;0.000701;2;0.00620698498168538 * HAVE_SEQUENCE;1;0.408735499051499;
Elapsed=00:00:00.0007784
Learning progress:
1;0.520015141025641 * PAGESIZE + -0.154061833333333 * HAVE_HASH;1.1282744705817;1.1282744705817;1.1282744705817;1.1282744705817;0.001356;2;-0.154061833333333 * HAVE_HASH;1;1.58151659364669;
2;0.51862295054945 * PAGESIZE + -0.152669642857142 * HAVE_HASH + 0.00382852380952393 * HAVE_SEQUENCE;0.728535472118619;0.728535472118619;0.728535472118619;0.728535472118619;0.003344;3;0.00382852380952393 * HAVE_SEQUENCE;1;0.399738998463079;
Elapsed=00:00:00.0034236
Learning progress:
1;0.518755278554778 * PAGESIZE + -0.152801970862471 * HAVE_HASH;1.30490424505618;1.30490424505618;1.30490424505618;1.30490424505618;0.000741;2;-0.152801970862471 * HAVE_HASH;1;5.72394646270107;
2;0.518755278554779 * PAGESIZE + -0.0764009854312353 * HAVE_HASH + -0.0764009854312353 * HAVE_HASH * CS32MB;1.30490424505614;1.30490424505614;1.30490424505614;1.30490424505614;0.00278;4;-0.0764009854312353 * HAVE_HASH * CS32MB;2;2.12052597703405E-14;
Elapsed=00:00:00.0028584
Learning progress:
1;0.500263575091575 * PAGESIZE + 0.0211434915750917 * HAVE_STATISTICS;0.706564359957009;0.706564359957009;0.706564359957009;0.706564359957009;0.000752;2;0.0211434915750917 * HAVE_STATISTICS;1;2.20392715329798;
Elapsed=00:00:00.0008276
Learning progress:
1;0.500779668269231 * PAGESIZE + 0.0227829214743593 * HAVE_SEQUENCE;0.365779618116122;0.365779618116122;0.365779618116122;0.365779618116122;0.001288;2;0.0227829214743593 * HAVE_SEQUENCE;1;3.01890445669366;
Elapsed=00:00:00.0013697
Learning progress:
1;0.516560840659341 * PAGESIZE + 0.00620698498168538 * HAVE_SEQUENCE;14.6247053843483;14.6247053843483;14.6247053843483;14.6247053843483;0.00083;2;0.00620698498168538 * HAVE_SEQUENCE;1;0.408735499051499;
2;0.516560840659341 * PAGESIZE + 0.00834497985348054 * HAVE_SEQUENCE + -0.00267249358974368 * HAVE_SEQUENCE * CS16MB;14.4893221877875;14.4893221877875;14.4893221877875;14.4893221877875;0.002552;4;-0.00267249358974368 * HAVE_SEQUENCE * CS16MB;2;0.0676915982804012;
Elapsed=00:00:00.0026530
Learning progress:
1;0.520015141025641 * PAGESIZE + -0.154061833333333 * HAVE_HASH;1.1282744705817;1.1282744705817;1.1282744705817;1.1282744705817;0.00087;2;-0.154061833333333 * HAVE_HASH;1;1.58151659364669;
2;0.51862295054945 * PAGESIZE + -0.152669642857142 * HAVE_HASH + 0.00382852380952393 * HAVE_SEQUENCE;0.728535472118619;0.728535472118619;0.728535472118619;0.728535472118619;0.002894;3;0.00382852380952393 * HAVE_SEQUENCE;1;0.399738998463079;
Elapsed=00:00:00.0029733
Learning progress:
1;0.518755278554778 * PAGESIZE + -0.152801970862471 * HAVE_HASH;1.30490424505618;1.30490424505618;1.30490424505618;1.30490424505618;0.000746;2;-0.152801970862471 * HAVE_HASH;1;5.72394646270107;
2;0.518755278554779 * PAGESIZE + -0.0764009854312353 * HAVE_HASH + -0.0764009854312353 * HAVE_HASH * CS32MB;1.30490424505614;1.30490424505614;1.30490424505614;1.30490424505614;0.00311;4;-0.0764009854312353 * HAVE_HASH * CS32MB;2;2.12052597703405E-14;
Elapsed=00:00:00.0031838
Learning progress:
1;0.500263575091575 * PAGESIZE + 0.0211434915750917 * HAVE_STATISTICS;0.706564359957009;0.706564359957009;0.706564359957009;0.706564359957009;0.000756;2;0.0211434915750917 * HAVE_STATISTICS;1;2.20392715329798;
Elapsed=00:00:00.0008312
Learning progress:
1;0.500779668269231 * PAGESIZE + 0.0227829214743593 * HAVE_SEQUENCE;0.365779618116122;0.365779618116122;0.365779618116122;0.365779618116122;0.000839;2;0.0227829214743593 * HAVE_SEQUENCE;1;3.01890445669366;
Elapsed=00:00:00.0009151
Learning progress:
1;0.516560840659341 * PAGESIZE + 0.00620698498168538 * HAVE_SEQUENCE;14.6247053843483;14.6247053843483;14.6247053843483;14.6247053843483;0.000699;2;0.00620698498168538 * HAVE_SEQUENCE;1;0.408735499051499;
2;0.516560840659341 * PAGESIZE + 0.00834497985348054 * HAVE_SEQUENCE + -0.00267249358974368 * HAVE_SEQUENCE * CS16MB;14.4893221877875;14.4893221877875;14.4893221877875;14.4893221877875;0.00244;4;-0.00267249358974368 * HAVE_SEQUENCE * CS16MB;2;0.0676915982804012;
Elapsed=00:00:00.0025590
Learning progress:
1;0.520015141025641 * PAGESIZE + -0.154061833333333 * HAVE_HASH;1.1282744705817;1.1282744705817;1.1282744705817;1.1282744705817;0.00077;2;-0.154061833333333 * HAVE_HASH;1;1.58151659364669;
2;0.51862295054945 * PAGESIZE + -0.152669642857142 * HAVE_HASH + 0.00382852380952393 * HAVE_SEQUENCE;0.728535472118619;0.728535472118619;0.728535472118619;0.728535472118619;0.002762;3;0.00382852380952393 * HAVE_SEQUENCE;1;0.399738998463079;
Elapsed=00:00:00.0028426
Learning progress:
1;0.518755278554778 * PAGESIZE + -0.152801970862471 * HAVE_HASH;1.30490424505618;1.30490424505618;1.30490424505618;1.30490424505618;0.000739;2;-0.152801970862471 * HAVE_HASH;1;5.72394646270107;
2;0.518755278554779 * PAGESIZE + -0.0764009854312353 * HAVE_HASH + -0.0764009854312353 * HAVE_HASH * CS32MB;1.30490424505614;1.30490424505614;1.30490424505614;1.30490424505614;0.002717;4;-0.0764009854312353 * HAVE_HASH * CS32MB;2;2.12052597703405E-14;
Elapsed=00:00:00.0028098
Learning progress:
1;0.500263575091575 * PAGESIZE + 0.0211434915750917 * HAVE_STATISTICS;0.706564359957009;0.706564359957009;0.706564359957009;0.706564359957009;0.000756;2;0.0211434915750917 * HAVE_STATISTICS;1;2.20392715329798;
Elapsed=00:00:00.0008363
Learning progress:
1;0.500779668269231 * PAGESIZE + 0.0227829214743593 * HAVE_SEQUENCE;0.365779618116122;0.365779618116122;0.365779618116122;0.365779618116122;0.000832;2;0.0227829214743593 * HAVE_SEQUENCE;1;3.01890445669366;
Elapsed=00:00:00.0009087
Learning progress:
1;0.516560840659341 * PAGESIZE + 0.00620698498168538 * HAVE_SEQUENCE;14.6247053843483;14.6247053843483;14.6247053843483;14.6247053843483;0.000684;2;0.00620698498168538 * HAVE_SEQUENCE;1;0.408735499051499;
Elapsed=00:00:00.0007616
Learning progress:
1;0.520015141025641 * PAGESIZE + -0.154061833333333 * HAVE_HASH;1.1282744705817;1.1282744705817;1.1282744705817;1.1282744705817;0.000837;2;-0.154061833333333 * HAVE_HASH;1;1.58151659364669;
2;0.51862295054945 * PAGESIZE + -0.152669642857142 * HAVE_HASH + 0.00382852380952393 * HAVE_SEQUENCE;0.728535472118619;0.728535472118619;0.728535472118619;0.728535472118619;0.002779;3;0.00382852380952393 * HAVE_SEQUENCE;1;0.399738998463079;
Elapsed=00:00:00.0028584
Learning progress:
1;0.518755278554778 * PAGESIZE + -0.152801970862471 * HAVE_HASH;1.30490424505618;1.30490424505618;1.30490424505618;1.30490424505618;0.000817;2;-0.152801970862471 * HAVE_HASH;1;5.72394646270107;
2;0.518755278554779 * PAGESIZE + -0.0764009854312353 * HAVE_HASH + -0.0764009854312353 * HAVE_HASH * CS32MB;1.30490424505614;1.30490424505614;1.30490424505614;1.30490424505614;0.003231;4;-0.0764009854312353 * HAVE_HASH * CS32MB;2;2.12052597703405E-14;
Elapsed=00:00:00.0033057
Learning progress:
1;0.500263575091575 * PAGESIZE + 0.0211434915750917 * HAVE_STATISTICS;0.706564359957009;0.706564359957009;0.706564359957009;0.706564359957009;0.000775;2;0.0211434915750917 * HAVE_STATISTICS;1;2.20392715329798;
Elapsed=00:00:00.0008498
Learning progress:
1;0.500779668269231 * PAGESIZE + 0.0227829214743593 * HAVE_SEQUENCE;0.365779618116122;0.365779618116122;0.365779618116122;0.365779618116122;0.00076;2;0.0227829214743593 * HAVE_SEQUENCE;1;3.01890445669366;
Elapsed=00:00:00.0008345
Learning progress:
1;0.516560840659341 * PAGESIZE + 0.00620698498168538 * HAVE_SEQUENCE;14.6247053843483;14.6247053843483;14.6247053843483;14.6247053843483;0.000705;2;0.00620698498168538 * HAVE_SEQUENCE;1;0.408735499051499;
2;0.516560840659341 * PAGESIZE + 0.00834497985348054 * HAVE_SEQUENCE + -0.00267249358974368 * HAVE_SEQUENCE * CS16MB;14.4893221877875;14.4893221877875;14.4893221877875;14.4893221877875;0.002449;4;-0.00267249358974368 * HAVE_SEQUENCE * CS16MB;2;0.0676915982804012;
Elapsed=00:00:00.0025330
Learning progress:
1;0.520015141025641 * PAGESIZE + -0.154061833333333 * HAVE_HASH;1.1282744705817;1.1282744705817;1.1282744705817;1.1282744705817;0.000776;2;-0.154061833333333 * HAVE_HASH;1;1.58151659364669;
2;0.51862295054945 * PAGESIZE + -0.152669642857142 * HAVE_HASH + 0.00382852380952393 * HAVE_SEQUENCE;0.728535472118619;0.728535472118619;0.728535472118619;0.728535472118619;0.002721;3;0.00382852380952393 * HAVE_SEQUENCE;1;0.399738998463079;
Elapsed=00:00:00.0027996
Learning progress:
1;0.518755278554778 * PAGESIZE + -0.152801970862471 * HAVE_HASH;1.30490424505618;1.30490424505618;1.30490424505618;1.30490424505618;0.000793;2;-0.152801970862471 * HAVE_HASH;1;5.72394646270107;
2;0.518755278554779 * PAGESIZE + -0.0764009854312353 * HAVE_HASH + -0.0764009854312353 * HAVE_HASH * CS32MB;1.30490424505614;1.30490424505614;1.30490424505614;1.30490424505614;0.002745;4;-0.0764009854312353 * HAVE_HASH * CS32MB;2;2.12052597703405E-14;
Elapsed=00:00:00.0028198
Learning progress:
1;0.500263575091575 * PAGESIZE + 0.0211434915750917 * HAVE_STATISTICS;0.706564359957009;0.706564359957009;0.706564359957009;0.706564359957009;0.00076;2;0.0211434915750917 * HAVE_STATISTICS;1;2.20392715329798;
Elapsed=00:00:00.0008348
Learning progress:
1;0.500779668269231 * PAGESIZE + 0.0227829214743593 * HAVE_SEQUENCE;0.365779618116122;0.365779618116122;0.365779618116122;0.365779618116122;0.000776;2;0.0227829214743593 * HAVE_SEQUENCE;1;3.01890445669366;
Elapsed=00:00:00.0008581
Learning progress:
1;0.516560840659341 * PAGESIZE + 0.00620698498168538 * HAVE_SEQUENCE;14.6247053843483;14.6247053843483;14.6247053843483;14.6247053843483;0.000687;2;0.00620698498168538 * HAVE_SEQUENCE;1;0.408735499051499;
2;0.516560840659341 * PAGESIZE + 0.00834497985348054 * HAVE_SEQUENCE + -0.00267249358974368 * HAVE_SEQUENCE * CS16MB;14.4893221877875;14.4893221877875;14.4893221877875;14.4893221877875;0.002407;4;-0.00267249358974368 * HAVE_SEQUENCE * CS16MB;2;0.0676915982804012;
Elapsed=00:00:00.0024919
Learning progress:
1;0.520015141025641 * PAGESIZE + -0.154061833333333 * HAVE_HASH;1.1282744705817;1.1282744705817;1.1282744705817;1.1282744705817;0.000777;2;-0.154061833333333 * HAVE_HASH;1;1.58151659364669;
2;0.51862295054945 * PAGESIZE + -0.152669642857142 * HAVE_HASH + 0.00382852380952393 * HAVE_SEQUENCE;0.728535472118619;0.728535472118619;0.728535472118619;0.728535472118619;0.00271;3;0.00382852380952393 * HAVE_SEQUENCE;1;0.399738998463079;
Elapsed=00:00:00.0027895
Learning progress:
1;0.518755278554778 * PAGESIZE + -0.152801970862471 * HAVE_HASH;1.30490424505618;1.30490424505618;1.30490424505618;1.30490424505618;0.001266;2;-0.152801970862471 * HAVE_HASH;1;5.72394646270107;
2;0.518755278554779 * PAGESIZE + -0.0764009854312353 * HAVE_HASH + -0.0764009854312353 * HAVE_HASH * CS32MB;1.30490424505614;1.30490424505614;1.30490424505614;1.30490424505614;0.003215;4;-0.0764009854312353 * HAVE_HASH * CS32MB;2;2.12052597703405E-14;
Elapsed=00:00:00.0032896
Learning progress:
1;0.500263575091575 * PAGESIZE + 0.0211434915750917 * HAVE_STATISTICS;0.706564359957009;0.706564359957009;0.706564359957009;0.706564359957009;0.00076;2;0.0211434915750917 * HAVE_STATISTICS;1;2.20392715329798;
Elapsed=00:00:00.0008345
Learning progress:
1;0.500779668269231 * PAGESIZE + 0.0227829214743593 * HAVE_SEQUENCE;0.365779618116122;0.365779618116122;0.365779618116122;0.365779618116122;0.000775;2;0.0227829214743593 * HAVE_SEQUENCE;1;3.01890445669366;
Elapsed=00:00:00.0008502
Learning progress:
1;0.516560840659341 * PAGESIZE + 0.00620698498168538 * HAVE_SEQUENCE;14.6247053843483;14.6247053843483;14.6247053843483;14.6247053843483;0.000706;2;0.00620698498168538 * HAVE_SEQUENCE;1;0.408735499051499;
Elapsed=00:00:00.0007837
Learning progress:
1;0.520015141025641 * PAGESIZE + -0.154061833333333 * HAVE_HASH;1.1282744705817;1.1282744705817;1.1282744705817;1.1282744705817;0.000837;2;-0.154061833333333 * HAVE_HASH;1;1.58151659364669;
2;0.51862295054945 * PAGESIZE + -0.152669642857142 * HAVE_HASH + 0.00382852380952393 * HAVE_SEQUENCE;0.728535472118619;0.728535472118619;0.728535472118619;0.728535472118619;0.003127;3;0.00382852380952393 * HAVE_SEQUENCE;1;0.399738998463079;
Elapsed=00:00:00.0032074
Learning progress:
1;0.518755278554778 * PAGESIZE + -0.152801970862471 * HAVE_HASH;1.30490424505618;1.30490424505618;1.30490424505618;1.30490424505618;0.000774;2;-0.152801970862471 * HAVE_HASH;1;5.72394646270107;
2;0.518755278554779 * PAGESIZE + -0.0764009854312353 * HAVE_HASH + -0.0764009854312353 * HAVE_HASH * CS32MB;1.30490424505614;1.30490424505614;1.30490424505614;1.30490424505614;0.002774;4;-0.0764009854312353 * HAVE_HASH * CS32MB;2;2.12052597703405E-14;
Elapsed=00:00:00.0028486
Learning progress:
1;0.500263575091575 * PAGESIZE + 0.0211434915750917 * HAVE_STATISTICS;0.706564359957009;0.706564359957009;0.706564359957009;0.706564359957009;0.00086;2;0.0211434915750917 * HAVE_STATISTICS;1;2.20392715329798;
Elapsed=00:00:00.0009352
Learning progress:
1;0.500779668269231 * PAGESIZE + 0.0227829214743593 * HAVE_SEQUENCE;0.365779618116122;0.365779618116122;0.365779618116122;0.365779618116122;0.001416;2;0.0227829214743593 * HAVE_SEQUENCE;1;3.01890445669366;
Elapsed=00:00:00.0014939
Learning progress:
1;0.516560840659341 * PAGESIZE + 0.00620698498168538 * HAVE_SEQUENCE;14.6247053843483;14.6247053843483;14.6247053843483;14.6247053843483;0.000675;2;0.00620698498168538 * HAVE_SEQUENCE;1;0.408735499051499;
2;0.516560840659341 * PAGESIZE + 0.00834497985348054 * HAVE_SEQUENCE + -0.00267249358974368 * HAVE_SEQUENCE * CS16MB;14.4893221877875;14.4893221877875;14.4893221877875;14.4893221877875;0.002394;4;-0.00267249358974368 * HAVE_SEQUENCE * CS16MB;2;0.0676915982804012;
Elapsed=00:00:00.0024871
Learning progress:
1;0.520015141025641 * PAGESIZE + -0.154061833333333 * HAVE_HASH;1.1282744705817;1.1282744705817;1.1282744705817;1.1282744705817;0.000847;2;-0.154061833333333 * HAVE_HASH;1;1.58151659364669;
2;0.51862295054945 * PAGESIZE + -0.152669642857142 * HAVE_HASH + 0.00382852380952393 * HAVE_SEQUENCE;0.728535472118619;0.728535472118619;0.728535472118619;0.728535472118619;0.002804;3;0.00382852380952393 * HAVE_SEQUENCE;1;0.399738998463079;
Elapsed=00:00:00.0028833
Learning progress:
1;0.518755278554778 * PAGESIZE + -0.152801970862471 * HAVE_HASH;1.30490424505618;1.30490424505618;1.30490424505618;1.30490424505618;0.001082;2;-0.152801970862471 * HAVE_HASH;1;5.72394646270107;
2;0.518755278554779 * PAGESIZE + -0.0764009854312353 * HAVE_HASH + -0.0764009854312353 * HAVE_HASH * CS32MB;1.30490424505614;1.30490424505614;1.30490424505614;1.30490424505614;0.003622;4;-0.0764009854312353 * HAVE_HASH * CS32MB;2;2.12052597703405E-14;
Elapsed=00:00:00.0036976
Learning progress:
1;0.500263575091575 * PAGESIZE + 0.0211434915750917 * HAVE_STATISTICS;0.706564359957009;0.706564359957009;0.706564359957009;0.706564359957009;0.000757;2;0.0211434915750917 * HAVE_STATISTICS;1;2.20392715329798;
Elapsed=00:00:00.0008315
Learning progress:
1;0.500779668269231 * PAGESIZE + 0.0227829214743593 * HAVE_SEQUENCE;0.365779618116122;0.365779618116122;0.365779618116122;0.365779618116122;0.000877;2;0.0227829214743593 * HAVE_SEQUENCE;1;3.01890445669366;
Elapsed=00:00:00.0009535
Learning progress:
1;0.516560840659341 * PAGESIZE + 0.00620698498168538 * HAVE_SEQUENCE;14.6247053843483;14.6247053843483;14.6247053843483;14.6247053843483;0.000706;2;0.00620698498168538 * HAVE_SEQUENCE;1;0.408735499051499;
2;0.516560840659341 * PAGESIZE + 0.00834497985348054 * HAVE_SEQUENCE + -0.00267249358974368 * HAVE_SEQUENCE * CS16MB;14.4893221877875;14.4893221877875;14.4893221877875;14.4893221877875;0.002449;4;-0.00267249358974368 * HAVE_SEQUENCE * CS16MB;2;0.0676915982804012;
Elapsed=00:00:00.0025337
Learning progress:
1;0.520015141025641 * PAGESIZE + -0.154061833333333 * HAVE_HASH;1.1282744705817;1.1282744705817;1.1282744705817;1.1282744705817;0.00087;2;-0.154061833333333 * HAVE_HASH;1;1.58151659364669;
2;0.51862295054945 * PAGESIZE + -0.152669642857142 * HAVE_HASH + 0.00382852380952393 * HAVE_SEQUENCE;0.728535472118619;0.728535472118619;0.728535472118619;0.728535472118619;0.003097;3;0.00382852380952393 * HAVE_SEQUENCE;1;0.399738998463079;
Elapsed=00:00:00.0031765
Learning progress:
1;0.518755278554778 * PAGESIZE + -0.152801970862471 * HAVE_HASH;1.30490424505618;1.30490424505618;1.30490424505618;1.30490424505618;0.000866;2;-0.152801970862471 * HAVE_HASH;1;5.72394646270107;
2;0.518755278554779 * PAGESIZE + -0.0764009854312353 * HAVE_HASH + -0.0764009854312353 * HAVE_HASH * CS32MB;1.30490424505614;1.30490424505614;1.30490424505614;1.30490424505614;0.003007;4;-0.0764009854312353 * HAVE_HASH * CS32MB;2;2.12052597703405E-14;
Elapsed=00:00:00.0030809
Learning progress:
1;0.500263575091575 * PAGESIZE + 0.0211434915750917 * HAVE_STATISTICS;0.706564359957009;0.706564359957009;0.706564359957009;0.706564359957009;0.00089;2;0.0211434915750917 * HAVE_STATISTICS;1;2.20392715329798;
Elapsed=00:00:00.0009653
Learning progress:
1;0.500779668269231 * PAGESIZE + 0.0227829214743593 * HAVE_SEQUENCE;0.365779618116122;0.365779618116122;0.365779618116122;0.365779618116122;0.00079;2;0.0227829214743593 * HAVE_SEQUENCE;1;3.01890445669366;
Elapsed=00:00:00.0008671
Learning progress:
1;0.516560840659341 * PAGESIZE + 0.00620698498168538 * HAVE_SEQUENCE;14.6247053843483;14.6247053843483;14.6247053843483;14.6247053843483;0.000684;2;0.00620698498168538 * HAVE_SEQUENCE;1;0.408735499051499;
Elapsed=00:00:00.0007626
Learning progress:
1;0.520015141025641 * PAGESIZE + -0.154061833333333 * HAVE_HASH;1.1282744705817;1.1282744705817;1.1282744705817;1.1282744705817;0.000957;2;-0.154061833333333 * HAVE_HASH;1;1.58151659364669;
2;0.51862295054945 * PAGESIZE + -0.152669642857142 * HAVE_HASH + 0.00382852380952393 * HAVE_SEQUENCE;0.728535472118619;0.728535472118619;0.728535472118619;0.728535472118619;0.003009;3;0.00382852380952393 * HAVE_SEQUENCE;1;0.399738998463079;
Elapsed=00:00:00.0030939
Learning progress:
1;0.518755278554778 * PAGESIZE + -0.152801970862471 * HAVE_HASH;1.30490424505618;1.30490424505618;1.30490424505618;1.30490424505618;0.000747;2;-0.152801970862471 * HAVE_HASH;1;5.72394646270107;
2;0.518755278554779 * PAGESIZE + -0.0764009854312353 * HAVE_HASH + -0.0764009854312353 * HAVE_HASH * CS32MB;1.30490424505614;1.30490424505614;1.30490424505614;1.30490424505614;0.003283;4;-0.0764009854312353 * HAVE_HASH * CS32MB;2;2.12052597703405E-14;
Elapsed=00:00:00.0033567
Learning progress:
1;0.500263575091575 * PAGESIZE + 0.0211434915750917 * HAVE_STATISTICS;0.706564359957009;0.706564359957009;0.706564359957009;0.706564359957009;0.000758;2;0.0211434915750917 * HAVE_STATISTICS;1;2.20392715329798;
Elapsed=00:00:00.0008325
Learning progress:
1;0.500779668269231 * PAGESIZE + 0.0227829214743593 * HAVE_SEQUENCE;0.365779618116122;0.365779618116122;0.365779618116122;0.365779618116122;0.000758;2;0.0227829214743593 * HAVE_SEQUENCE;1;3.01890445669366;
Elapsed=00:00:00.0008326
Learning progress:
1;0.516560840659341 * PAGESIZE + 0.00620698498168538 * HAVE_SEQUENCE;14.6247053843483;14.6247053843483;14.6247053843483;14.6247053843483;0.000841;2;0.00620698498168538 * HAVE_SEQUENCE;1;0.408735499051499;
2;0.516560840659341 * PAGESIZE + 0.00834497985348054 * HAVE_SEQUENCE + -0.00267249358974368 * HAVE_SEQUENCE * CS16MB;14.4893221877875;14.4893221877875;14.4893221877875;14.4893221877875;0.002581;4;-0.00267249358974368 * HAVE_SEQUENCE * CS16MB;2;0.0676915982804012;
Elapsed=00:00:00.0026657
Learning progress:
1;0.520015141025641 * PAGESIZE + -0.154061833333333 * HAVE_HASH;1.1282744705817;1.1282744705817;1.1282744705817;1.1282744705817;0.000868;2;-0.154061833333333 * HAVE_HASH;1;1.58151659364669;
2;0.51862295054945 * PAGESIZE + -0.152669642857142 * HAVE_HASH + 0.00382852380952393 * HAVE_SEQUENCE;0.728535472118619;0.728535472118619;0.728535472118619;0.728535472118619;0.003113;3;0.00382852380952393 * HAVE_SEQUENCE;1;0.399738998463079;
Elapsed=00:00:00.0031977
Learning progress:
1;0.518755278554778 * PAGESIZE + -0.152801970862471 * HAVE_HASH;1.30490424505618;1.30490424505618;1.30490424505618;1.30490424505618;0.000744;2;-0.152801970862471 * HAVE_HASH;1;5.72394646270107;
2;0.518755278554779 * PAGESIZE + -0.0764009854312353 * HAVE_HASH + -0.0764009854312353 * HAVE_HASH * CS32MB;1.30490424505614;1.30490424505614;1.30490424505614;1.30490424505614;0.002882;4;-0.0764009854312353 * HAVE_HASH * CS32MB;2;2.12052597703405E-14;
Elapsed=00:00:00.0029728
Learning progress:
1;0.500263575091575 * PAGESIZE + 0.0211434915750917 * HAVE_STATISTICS;0.706564359957009;0.706564359957009;0.706564359957009;0.706564359957009;0.000761;2;0.0211434915750917 * HAVE_STATISTICS;1;2.20392715329798;
Elapsed=00:00:00.0008356
Learning progress:
1;0.500779668269231 * PAGESIZE + 0.0227829214743593 * HAVE_SEQUENCE;0.365779618116122;0.365779618116122;0.365779618116122;0.365779618116122;0.000826;2;0.0227829214743593 * HAVE_SEQUENCE;1;3.01890445669366;
Elapsed=00:00:00.0009031
Learning progress:
1;0.516560840659341 * PAGESIZE + 0.00620698498168538 * HAVE_SEQUENCE;14.6247053843483;14.6247053843483;14.6247053843483;14.6247053843483;0.000684;2;0.00620698498168538 * HAVE_SEQUENCE;1;0.408735499051499;
2;0.516560840659341 * PAGESIZE + 0.00834497985348054 * HAVE_SEQUENCE + -0.00267249358974368 * HAVE_SEQUENCE * CS16MB;14.4893221877875;14.4893221877875;14.4893221877875;14.4893221877875;0.002456;4;-0.00267249358974368 * HAVE_SEQUENCE * CS16MB;2;0.0676915982804012;
Elapsed=00:00:00.0025448
Learning progress:
1;0.520015141025641 * PAGESIZE + -0.154061833333333 * HAVE_HASH;1.1282744705817;1.1282744705817;1.1282744705817;1.1282744705817;0.000771;2;-0.154061833333333 * HAVE_HASH;1;1.58151659364669;
2;0.51862295054945 * PAGESIZE + -0.152669642857142 * HAVE_HASH + 0.00382852380952393 * HAVE_SEQUENCE;0.728535472118619;0.728535472118619;0.728535472118619;0.728535472118619;0.002779;3;0.00382852380952393 * HAVE_SEQUENCE;1;0.399738998463079;
Elapsed=00:00:00.0028638
Learning progress:
1;0.518755278554778 * PAGESIZE + -0.152801970862471 * HAVE_HASH;1.30490424505618;1.30490424505618;1.30490424505618;1.30490424505618;0.000752;2;-0.152801970862471 * HAVE_HASH;1;5.72394646270107;
2;0.518755278554779 * PAGESIZE + -0.0764009854312353 * HAVE_HASH + -0.0764009854312353 * HAVE_HASH * CS32MB;1.30490424505614;1.30490424505614;1.30490424505614;1.30490424505614;0.002772;4;-0.0764009854312353 * HAVE_HASH * CS32MB;2;2.12052597703405E-14;
Elapsed=00:00:00.0028464
Learning progress:
1;0.500263575091575 * PAGESIZE + 0.0211434915750917 * HAVE_STATISTICS;0.706564359957009;0.706564359957009;0.706564359957009;0.706564359957009;0.000756;2;0.0211434915750917 * HAVE_STATISTICS;1;2.20392715329798;
Elapsed=00:00:00.0008301
Learning progress:
1;0.500779668269231 * PAGESIZE + 0.0227829214743593 * HAVE_SEQUENCE;0.365779618116122;0.365779618116122;0.365779618116122;0.365779618116122;0.000842;2;0.0227829214743593 * HAVE_SEQUENCE;1;3.01890445669366;
Elapsed=00:00:00.0009169
Learning progress:
1;0.516560840659341 * PAGESIZE + 0.00620698498168538 * HAVE_SEQUENCE;14.6247053843483;14.6247053843483;14.6247053843483;14.6247053843483;0.0008;2;0.00620698498168538 * HAVE_SEQUENCE;1;0.408735499051499;
Elapsed=00:00:00.0008782
Learning progress:
1;0.520015141025641 * PAGESIZE + -0.154061833333333 * HAVE_HASH;1.1282744705817;1.1282744705817;1.1282744705817;1.1282744705817;0.00079;2;-0.154061833333333 * HAVE_HASH;1;1.58151659364669;
2;0.51862295054945 * PAGESIZE + -0.152669642857142 * HAVE_HASH + 0.00382852380952393 * HAVE_SEQUENCE;0.728535472118619;0.728535472118619;0.728535472118619;0.728535472118619;0.002779;3;0.00382852380952393 * HAVE_SEQUENCE;1;0.399738998463079;
Elapsed=00:00:00.0028582
Learning progress:
1;0.518755278554778 * PAGESIZE + -0.152801970862471 * HAVE_HASH;1.30490424505618;1.30490424505618;1.30490424505618;1.30490424505618;0.000767;2;-0.152801970862471 * HAVE_HASH;1;5.72394646270107;
2;0.518755278554779 * PAGESIZE + -0.0764009854312353 * HAVE_HASH + -0.0764009854312353 * HAVE_HASH * CS32MB;1.30490424505614;1.30490424505614;1.30490424505614;1.30490424505614;0.0027;4;-0.0764009854312353 * HAVE_HASH * CS32MB;2;2.12052597703405E-14;
Elapsed=00:00:00.0027747
Learning progress:
1;0.500263575091575 * PAGESIZE + 0.0211434915750917 * HAVE_STATISTICS;0.706564359957009;0.706564359957009;0.706564359957009;0.706564359957009;0.00078;2;0.0211434915750917 * HAVE_STATISTICS;1;2.20392715329798;
Elapsed=00:00:00.0008550
Learning progress:
1;0.500779668269231 * PAGESIZE + 0.0227829214743593 * HAVE_SEQUENCE;0.365779618116122;0.365779618116122;0.365779618116122;0.365779618116122;0.000784;2;0.0227829214743593 * HAVE_SEQUENCE;1;3.01890445669366;
Elapsed=00:00:00.0008608
Learning progress:
1;0.516560840659341 * PAGESIZE + 0.00620698498168538 * HAVE_SEQUENCE;14.6247053843483;14.6247053843483;14.6247053843483;14.6247053843483;0.000706;2;0.00620698498168538 * HAVE_SEQUENCE;1;0.408735499051499;
2;0.516560840659341 * PAGESIZE + 0.00834497985348054 * HAVE_SEQUENCE + -0.00267249358974368 * HAVE_SEQUENCE * CS16MB;14.4893221877875;14.4893221877875;14.4893221877875;14.4893221877875;0.002444;4;-0.00267249358974368 * HAVE_SEQUENCE * CS16MB;2;0.0676915982804012;
Elapsed=00:00:00.0025287
Learning progress:
1;0.520015141025641 * PAGESIZE + -0.154061833333333 * HAVE_HASH;1.1282744705817;1.1282744705817;1.1282744705817;1.1282744705817;0.000785;2;-0.154061833333333 * HAVE_HASH;1;1.58151659364669;
2;0.51862295054945 * PAGESIZE + -0.152669642857142 * HAVE_HASH + 0.00382852380952393 * HAVE_SEQUENCE;0.728535472118619;0.728535472118619;0.728535472118619;0.728535472118619;0.002722;3;0.00382852380952393 * HAVE_SEQUENCE;1;0.399738998463079;
Elapsed=00:00:00.0028008
Learning progress:
1;0.518755278554778 * PAGESIZE + -0.152801970862471 * HAVE_HASH;1.30490424505618;1.30490424505618;1.30490424505618;1.30490424505618;0.001321;2;-0.152801970862471 * HAVE_HASH;1;5.72394646270107;
2;0.518755278554779 * PAGESIZE + -0.0764009854312353 * HAVE_HASH + -0.0764009854312353 * HAVE_HASH * CS32MB;1.30490424505614;1.30490424505614;1.30490424505614;1.30490424505614;0.003293;4;-0.0764009854312353 * HAVE_HASH * CS32MB;2;2.12052597703405E-14;
Elapsed=00:00:00.0033720
Learning progress:
1;0.500263575091575 * PAGESIZE + 0.0211434915750917 * HAVE_STATISTICS;0.706564359957009;0.706564359957009;0.706564359957009;0.706564359957009;0.000757;2;0.0211434915750917 * HAVE_STATISTICS;1;2.20392715329798;
Elapsed=00:00:00.0008317
Learning progress:
1;0.500779668269231 * PAGESIZE + 0.0227829214743593 * HAVE_SEQUENCE;0.365779618116122;0.365779618116122;0.365779618116122;0.365779618116122;0.000781;2;0.0227829214743593 * HAVE_SEQUENCE;1;3.01890445669366;
Elapsed=00:00:00.0008568
Learning progress:
1;0.516560840659341 * PAGESIZE + 0.00620698498168538 * HAVE_SEQUENCE;14.6247053843483;14.6247053843483;14.6247053843483;14.6247053843483;0.00081;2;0.00620698498168538 * HAVE_SEQUENCE;1;0.408735499051499;
2;0.516560840659341 * PAGESIZE + 0.00834497985348054 * HAVE_SEQUENCE + -0.00267249358974368 * HAVE_SEQUENCE * CS16MB;14.4893221877875;14.4893221877875;14.4893221877875;14.4893221877875;0.003061;4;-0.00267249358974368 * HAVE_SEQUENCE * CS16MB;2;0.0676915982804012;
Elapsed=00:00:00.0031514
Learning progress:
1;0.520015141025641 * PAGESIZE + -0.154061833333333 * HAVE_HASH;1.1282744705817;1.1282744705817;1.1282744705817;1.1282744705817;0.000782;2;-0.154061833333333 * HAVE_HASH;1;1.58151659364669;
2;0.51862295054945 * PAGESIZE + -0.152669642857142 * HAVE_HASH + 0.00382852380952393 * HAVE_SEQUENCE;0.728535472118619;0.728535472118619;0.728535472118619;0.728535472118619;0.002744;3;0.00382852380952393 * HAVE_SEQUENCE;1;0.399738998463079;
Elapsed=00:00:00.0028280
Learning progress:
1;0.518755278554778 * PAGESIZE + -0.152801970862471 * HAVE_HASH;1.30490424505618;1.30490424505618;1.30490424505618;1.30490424505618;0.000864;2;-0.152801970862471 * HAVE_HASH;1;5.72394646270107;
2;0.518755278554779 * PAGESIZE + -0.0764009854312353 * HAVE_HASH + -0.0764009854312353 * HAVE_HASH * CS32MB;1.30490424505614;1.30490424505614;1.30490424505614;1.30490424505614;0.002874;4;-0.0764009854312353 * HAVE_HASH * CS32MB;2;2.12052597703405E-14;
Elapsed=00:00:00.0029525
Learning progress:
1;0.500263575091575 * PAGESIZE + 0.0211434915750917 * HAVE_STATISTICS;0.706564359957009;0.706564359957009;0.706564359957009;0.706564359957009;0.00076;2;0.0211434915750917 * HAVE_STATISTICS;1;2.20392715329798;
Elapsed=00:00:00.0008339
Learning progress:
1;0.500779668269231 * PAGESIZE + 0.0227829214743593 * HAVE_SEQUENCE;0.365779618116122;0.365779618116122;0.365779618116122;0.365779618116122;0.000822;2;0.0227829214743593 * HAVE_SEQUENCE;1;3.01890445669366;
Elapsed=00:00:00.0008983
Learning progress:
1;0.516560840659341 * PAGESIZE + 0.00620698498168538 * HAVE_SEQUENCE;14.6247053843483;14.6247053843483;14.6247053843483;14.6247053843483;0.000701;2;0.00620698498168538 * HAVE_SEQUENCE;1;0.408735499051499;
Elapsed=00:00:00.0007778
Learning progress:
1;0.520015141025641 * PAGESIZE + -0.154061833333333 * HAVE_HASH;1.1282744705817;1.1282744705817;1.1282744705817;1.1282744705817;0.000941;2;-0.154061833333333 * HAVE_HASH;1;1.58151659364669;
2;0.51862295054945 * PAGESIZE + -0.152669642857142 * HAVE_HASH + 0.00382852380952393 * HAVE_SEQUENCE;0.728535472118619;0.728535472118619;0.728535472118619;0.728535472118619;0.002897;3;0.00382852380952393 * HAVE_SEQUENCE;1;0.399738998463079;
Elapsed=00:00:00.0029759
Learning progress:
1;0.518755278554778 * PAGESIZE + -0.152801970862471 * HAVE_HASH;1.30490424505618;1.30490424505618;1.30490424505618;1.30490424505618;0.001483;2;-0.152801970862471 * HAVE_HASH;1;5.72394646270107;
2;0.518755278554779 * PAGESIZE + -0.0764009854312353 * HAVE_HASH + -0.0764009854312353 * HAVE_HASH * CS32MB;1.30490424505614;1.30490424505614;1.30490424505614;1.30490424505614;0.003485;4;-0.0764009854312353 * HAVE_HASH * CS32MB;2;2.12052597703405E-14;
Elapsed=00:00:00.0035592
Learning progress:
1;0.500263575091575 * PAGESIZE + 0.0211434915750917 * HAVE_STATISTICS;0.706564359957009;0.706564359957009;0.706564359957009;0.706564359957009;0.000881;2;0.0211434915750917 * HAVE_STATISTICS;1;2.20392715329798;
Elapsed=00:00:00.0009618
Learning progress:
1;0.500779668269231 * PAGESIZE + 0.0227829214743593 * HAVE_SEQUENCE;0.365779618116122;0.365779618116122;0.365779618116122;0.365779618116122;0.000781;2;0.0227829214743593 * HAVE_SEQUENCE;1;3.01890445669366;
Elapsed=00:00:00.0008564
Learning progress:
1;0.516560840659341 * PAGESIZE + 0.00620698498168538 * HAVE_SEQUENCE;14.6247053843483;14.6247053843483;14.6247053843483;14.6247053843483;0.000713;2;0.00620698498168538 * HAVE_SEQUENCE;1;0.408735499051499;
2;0.516560840659341 * PAGESIZE + 0.00834497985348054 * HAVE_SEQUENCE + -0.00267249358974368 * HAVE_SEQUENCE * CS16MB;14.4893221877875;14.4893221877875;14.4893221877875;14.4893221877875;0.002535;4;-0.00267249358974368 * HAVE_SEQUENCE * CS16MB;2;0.0676915982804012;
Elapsed=00:00:00.0026201
Learning progress:
1;0.520015141025641 * PAGESIZE + -0.154061833333333 * HAVE_HASH;1.1282744705817;1.1282744705817;1.1282744705817;1.1282744705817;0.000765;2;-0.154061833333333 * HAVE_HASH;1;1.58151659364669;
2;0.51862295054945 * PAGESIZE + -0.152669642857142 * HAVE_HASH + 0.00382852380952393 * HAVE_SEQUENCE;0.728535472118619;0.728535472118619;0.728535472118619;0.728535472118619;0.002728;3;0.00382852380952393 * HAVE_SEQUENCE;1;0.399738998463079;
Elapsed=00:00:00.0028080
Learning progress:
1;0.518755278554778 * PAGESIZE + -0.152801970862471 * HAVE_HASH;1.30490424505618;1.30490424505618;1.30490424505618;1.30490424505618;0.000769;2;-0.152801970862471 * HAVE_HASH;1;5.72394646270107;
2;0.518755278554779 * PAGESIZE + -0.0764009854312353 * HAVE_HASH + -0.0764009854312353 * HAVE_HASH * CS32MB;1.30490424505614;1.30490424505614;1.30490424505614;1.30490424505614;0.002694;4;-0.0764009854312353 * HAVE_HASH * CS32MB;2;2.12052597703405E-14;
Elapsed=00:00:00.0027687
Learning progress:
1;0.500263575091575 * PAGESIZE + 0.0211434915750917 * HAVE_STATISTICS;0.706564359957009;0.706564359957009;0.706564359957009;0.706564359957009;0.000781;2;0.0211434915750917 * HAVE_STATISTICS;1;2.20392715329798;
Elapsed=00:00:00.0008556
Learning progress:
1;0.500779668269231 * PAGESIZE + 0.0227829214743593 * HAVE_SEQUENCE;0.365779618116122;0.365779618116122;0.365779618116122;0.365779618116122;0.000788;2;0.0227829214743593 * HAVE_SEQUENCE;1;3.01890445669366;
Elapsed=00:00:00.0008648
Learning progress:
1;0.516560840659341 * PAGESIZE + 0.00620698498168538 * HAVE_SEQUENCE;14.6247053843483;14.6247053843483;14.6247053843483;14.6247053843483;0.000705;2;0.00620698498168538 * HAVE_SEQUENCE;1;0.408735499051499;
2;0.516560840659341 * PAGESIZE + 0.00834497985348054 * HAVE_SEQUENCE + -0.00267249358974368 * HAVE_SEQUENCE * CS16MB;14.4893221877875;14.4893221877875;14.4893221877875;14.4893221877875;0.002508;4;-0.00267249358974368 * HAVE_SEQUENCE * CS16MB;2;0.0676915982804012;
Elapsed=00:00:00.0025921
Learning progress:
1;0.520015141025641 * PAGESIZE + -0.154061833333333 * HAVE_HASH;1.1282744705817;1.1282744705817;1.1282744705817;1.1282744705817;0.000786;2;-0.154061833333333 * HAVE_HASH;1;1.58151659364669;
2;0.51862295054945 * PAGESIZE + -0.152669642857142 * HAVE_HASH + 0.00382852380952393 * HAVE_SEQUENCE;0.728535472118619;0.728535472118619;0.728535472118619;0.728535472118619;0.002712;3;0.00382852380952393 * HAVE_SEQUENCE;1;0.399738998463079;
Elapsed=00:00:00.0027910
Learning progress:
1;0.518755278554778 * PAGESIZE + -0.152801970862471 * HAVE_HASH;1.30490424505618;1.30490424505618;1.30490424505618;1.30490424505618;0.000754;2;-0.152801970862471 * HAVE_HASH;1;5.72394646270107;
2;0.518755278554779 * PAGESIZE + -0.0764009854312353 * HAVE_HASH + -0.0764009854312353 * HAVE_HASH * CS32MB;1.30490424505614;1.30490424505614;1.30490424505614;1.30490424505614;0.002723;4;-0.0764009854312353 * HAVE_HASH * CS32MB;2;2.12052597703405E-14;
Elapsed=00:00:00.0027976
Learning progress:
1;0.500263575091575 * PAGESIZE + 0.0211434915750917 * HAVE_STATISTICS;0.706564359957009;0.706564359957009;0.706564359957009;0.706564359957009;0.000756;2;0.0211434915750917 * HAVE_STATISTICS;1;2.20392715329798;
Elapsed=00:00:00.0008310
Learning progress:
1;0.500779668269231 * PAGESIZE + 0.0227829214743593 * HAVE_SEQUENCE;0.365779618116122;0.365779618116122;0.365779618116122;0.365779618116122;0.000795;2;0.0227829214743593 * HAVE_SEQUENCE;1;3.01890445669366;
Elapsed=00:00:00.0008763
Learning progress:
1;0.516560840659341 * PAGESIZE + 0.00620698498168538 * HAVE_SEQUENCE;14.6247053843483;14.6247053843483;14.6247053843483;14.6247053843483;0.00081;2;0.00620698498168538 * HAVE_SEQUENCE;1;0.408735499051499;
Elapsed=00:00:00.0008878
Learning progress:
1;0.520015141025641 * PAGESIZE + -0.154061833333333 * HAVE_HASH;1.1282744705817;1.1282744705817;1.1282744705817;1.1282744705817;0.00083;2;-0.154061833333333 * HAVE_HASH;1;1.58151659364669;
2;0.51862295054945 * PAGESIZE + -0.152669642857142 * HAVE_HASH + 0.00382852380952393 * HAVE_SEQUENCE;0.728535472118619;0.728535472118619;0.728535472118619;0.728535472118619;0.002807;3;0.00382852380952393 * HAVE_SEQUENCE;1;0.399738998463079;
Elapsed=00:00:00.0028858
Learning progress:
1;0.518755278554778 * PAGESIZE + -0.152801970862471 * HAVE_HASH;1.30490424505618;1.30490424505618;1.30490424505618;1.30490424505618;0.00082;2;-0.152801970862471 * HAVE_HASH;1;5.72394646270107;
2;0.518755278554779 * PAGESIZE + -0.0764009854312353 * HAVE_HASH + -0.0764009854312353 * HAVE_HASH * CS32MB;1.30490424505614;1.30490424505614;1.30490424505614;1.30490424505614;0.002753;4;-0.0764009854312353 * HAVE_HASH * CS32MB;2;2.12052597703405E-14;
Elapsed=00:00:00.0028282
Learning progress:
1;0.500263575091575 * PAGESIZE + 0.0211434915750917 * HAVE_STATISTICS;0.706564359957009;0.706564359957009;0.706564359957009;0.706564359957009;0.000932;2;0.0211434915750917 * HAVE_STATISTICS;1;2.20392715329798;
Elapsed=00:00:00.0010070
Learning progress:
1;0.500779668269231 * PAGESIZE + 0.0227829214743593 * HAVE_SEQUENCE;0.365779618116122;0.365779618116122;0.365779618116122;0.365779618116122;0.000769;2;0.0227829214743593 * HAVE_SEQUENCE;1;3.01890445669366;
Elapsed=00:00:00.0008464
Learning progress:
1;0.516560840659341 * PAGESIZE + 0.00620698498168538 * HAVE_SEQUENCE;14.6247053843483;14.6247053843483;14.6247053843483;14.6247053843483;0.000709;2;0.00620698498168538 * HAVE_SEQUENCE;1;0.408735499051499;
2;0.516560840659341 * PAGESIZE + 0.00834497985348054 * HAVE_SEQUENCE + -0.00267249358974368 * HAVE_SEQUENCE * CS16MB;14.4893221877875;14.4893221877875;14.4893221877875;14.4893221877875;0.002513;4;-0.00267249358974368 * HAVE_SEQUENCE * CS16MB;2;0.0676915982804012;
Elapsed=00:00:00.0025967
Learning progress:
1;0.520015141025641 * PAGESIZE + -0.154061833333333 * HAVE_HASH;1.1282744705817;1.1282744705817;1.1282744705817;1.1282744705817;0.0008;2;-0.154061833333333 * HAVE_HASH;1;1.58151659364669;
2;0.51862295054945 * PAGESIZE + -0.152669642857142 * HAVE_HASH + 0.00382852380952393 * HAVE_SEQUENCE;0.728535472118619;0.728535472118619;0.728535472118619;0.728535472118619;0.002732;3;0.00382852380952393 * HAVE_SEQUENCE;1;0.399738998463079;
Elapsed=00:00:00.0028111
Learning progress:
1;0.518755278554778 * PAGESIZE + -0.152801970862471 * HAVE_HASH;1.30490424505618;1.30490424505618;1.30490424505618;1.30490424505618;0.000752;2;-0.152801970862471 * HAVE_HASH;1;5.72394646270107;
2;0.518755278554779 * PAGESIZE + -0.0764009854312353 * HAVE_HASH + -0.0764009854312353 * HAVE_HASH * CS32MB;1.30490424505614;1.30490424505614;1.30490424505614;1.30490424505614;0.002717;4;-0.0764009854312353 * HAVE_HASH * CS32MB;2;2.12052597703405E-14;
Elapsed=00:00:00.0027917
Learning progress:
1;0.500263575091575 * PAGESIZE + 0.0211434915750917 * HAVE_STATISTICS;0.706564359957009;0.706564359957009;0.706564359957009;0.706564359957009;0.00076;2;0.0211434915750917 * HAVE_STATISTICS;1;2.20392715329798;
Elapsed=00:00:00.0008348
Learning progress:
1;0.500779668269231 * PAGESIZE + 0.0227829214743593 * HAVE_SEQUENCE;0.365779618116122;0.365779618116122;0.365779618116122;0.365779618116122;0.000778;2;0.0227829214743593 * HAVE_SEQUENCE;1;3.01890445669366;
Elapsed=00:00:00.0008543
Learning progress:
1;0.516560840659341 * PAGESIZE + 0.00620698498168538 * HAVE_SEQUENCE;14.6247053843483;14.6247053843483;14.6247053843483;14.6247053843483;0.000803;2;0.00620698498168538 * HAVE_SEQUENCE;1;0.408735499051499;
2;0.516560840659341 * PAGESIZE + 0.00834497985348054 * HAVE_SEQUENCE + -0.00267249358974368 * HAVE_SEQUENCE * CS16MB;14.4893221877875;14.4893221877875;14.4893221877875;14.4893221877875;0.0031;4;-0.00267249358974368 * HAVE_SEQUENCE * CS16MB;2;0.0676915982804012;
Elapsed=00:00:00.0031862
Learning progress:
1;0.520015141025641 * PAGESIZE + -0.154061833333333 * HAVE_HASH;1.1282744705817;1.1282744705817;1.1282744705817;1.1282744705817;0.000819;2;-0.154061833333333 * HAVE_HASH;1;1.58151659364669;
2;0.51862295054945 * PAGESIZE + -0.152669642857142 * HAVE_HASH + 0.00382852380952393 * HAVE_SEQUENCE;0.728535472118619;0.728535472118619;0.728535472118619;0.728535472118619;0.002791;3;0.00382852380952393 * HAVE_SEQUENCE;1;0.399738998463079;
Elapsed=00:00:00.0028707
Learning progress:
1;0.518755278554778 * PAGESIZE + -0.152801970862471 * HAVE_HASH;1.30490424505618;1.30490424505618;1.30490424505618;1.30490424505618;0.000761;2;-0.152801970862471 * HAVE_HASH;1;5.72394646270107;
2;0.518755278554779 * PAGESIZE + -0.0764009854312353 * HAVE_HASH + -0.0764009854312353 * HAVE_HASH * CS32MB;1.30490424505614;1.30490424505614;1.30490424505614;1.30490424505614;0.002739;4;-0.0764009854312353 * HAVE_HASH * CS32MB;2;2.12052597703405E-14;
Elapsed=00:00:00.0028128
Learning progress:
1;0.500263575091575 * PAGESIZE + 0.0211434915750917 * HAVE_STATISTICS;0.706564359957009;0.706564359957009;0.706564359957009;0.706564359957009;0.001386;2;0.0211434915750917 * HAVE_STATISTICS;1;2.20392715329798;
Elapsed=00:00:00.0014627
Learning progress:
1;0.500779668269231 * PAGESIZE + 0.0227829214743593 * HAVE_SEQUENCE;0.365779618116122;0.365779618116122;0.365779618116122;0.365779618116122;0.000922;2;0.0227829214743593 * HAVE_SEQUENCE;1;3.01890445669366;
Elapsed=00:00:00.0010041
Learning progress:
1;0.516560840659341 * PAGESIZE + 0.00620698498168538 * HAVE_SEQUENCE;14.6247053843483;14.6247053843483;14.6247053843483;14.6247053843483;0.0007;2;0.00620698498168538 * HAVE_SEQUENCE;1;0.408735499051499;
Elapsed=00:00:00.0007787
Learning progress:
1;0.520015141025641 * PAGESIZE + -0.154061833333333 * HAVE_HASH;1.1282744705817;1.1282744705817;1.1282744705817;1.1282744705817;0.000817;2;-0.154061833333333 * HAVE_HASH;1;1.58151659364669;
2;0.51862295054945 * PAGESIZE + -0.152669642857142 * HAVE_HASH + 0.00382852380952393 * HAVE_SEQUENCE;0.728535472118619;0.728535472118619;0.728535472118619;0.728535472118619;0.002803;3;0.00382852380952393 * HAVE_SEQUENCE;1;0.399738998463079;
Elapsed=00:00:00.0028830
Learning progress:
1;0.518755278554778 * PAGESIZE + -0.152801970862471 * HAVE_HASH;1.30490424505618;1.30490424505618;1.30490424505618;1.30490424505618;0.000817;2;-0.152801970862471 * HAVE_HASH;1;5.72394646270107;
2;0.518755278554779 * PAGESIZE + -0.0764009854312353 * HAVE_HASH + -0.0764009854312353 * HAVE_HASH * CS32MB;1.30490424505614;1.30490424505614;1.30490424505614;1.30490424505614;0.002799;4;-0.0764009854312353 * HAVE_HASH * CS32MB;2;2.12052597703405E-14;
Elapsed=00:00:00.0028718
Learning progress:
1;0.500263575091575 * PAGESIZE + 0.0211434915750917 * HAVE_STATISTICS;0.706564359957009;0.706564359957009;0.706564359957009;0.706564359957009;0.000838;2;0.0211434915750917 * HAVE_STATISTICS;1;2.20392715329798;
Elapsed=00:00:00.0009136
Learning progress:
1;0.500779668269231 * PAGESIZE + 0.0227829214743593 * HAVE_SEQUENCE;0.365779618116122;0.365779618116122;0.365779618116122;0.365779618116122;0.000777;2;0.0227829214743593 * HAVE_SEQUENCE;1;3.01890445669366;
Elapsed=00:00:00.0008522
Learning progress:
1;0.516560840659341 * PAGESIZE + 0.00620698498168538 * HAVE_SEQUENCE;14.6247053843483;14.6247053843483;14.6247053843483;14.6247053843483;0.000861;2;0.00620698498168538 * HAVE_SEQUENCE;1;0.408735499051499;
2;0.516560840659341 * PAGESIZE + 0.00834497985348054 * HAVE_SEQUENCE + -0.00267249358974368 * HAVE_SEQUENCE * CS16MB;14.4893221877875;14.4893221877875;14.4893221877875;14.4893221877875;0.003193;4;-0.00267249358974368 * HAVE_SEQUENCE * CS16MB;2;0.0676915982804012;
Elapsed=00:00:00.0032779
Learning progress:
1;0.520015141025641 * PAGESIZE + -0.154061833333333 * HAVE_HASH;1.1282744705817;1.1282744705817;1.1282744705817;1.1282744705817;0.000804;2;-0.154061833333333 * HAVE_HASH;1;1.58151659364669;
2;0.51862295054945 * PAGESIZE + -0.152669642857142 * HAVE_HASH + 0.00382852380952393 * HAVE_SEQUENCE;0.728535472118619;0.728535472118619;0.728535472118619;0.728535472118619;0.002776;3;0.00382852380952393 * HAVE_SEQUENCE;1;0.399738998463079;
Elapsed=00:00:00.0028555
Learning progress:
1;0.518755278554778 * PAGESIZE + -0.152801970862471 * HAVE_HASH;1.30490424505618;1.30490424505618;1.30490424505618;1.30490424505618;0.000763;2;-0.152801970862471 * HAVE_HASH;1;5.72394646270107;
2;0.518755278554779 * PAGESIZE + -0.0764009854312353 * HAVE_HASH + -0.0764009854312353 * HAVE_HASH * CS32MB;1.30490424505614;1.30490424505614;1.30490424505614;1.30490424505614;0.002698;4;-0.0764009854312353 * HAVE_HASH * CS32MB;2;2.12052597703405E-14;
Elapsed=00:00:00.0027723
Learning progress:
1;0.500263575091575 * PAGESIZE + 0.0211434915750917 * HAVE_STATISTICS;0.706564359957009;0.706564359957009;0.706564359957009;0.706564359957009;0.000805;2;0.0211434915750917 * HAVE_STATISTICS;1;2.20392715329798;
Elapsed=00:00:00.0013007
Learning progress:
1;0.500779668269231 * PAGESIZE + 0.0227829214743593 * HAVE_SEQUENCE;0.365779618116122;0.365779618116122;0.365779618116122;0.365779618116122;0.000762;2;0.0227829214743593 * HAVE_SEQUENCE;1;3.01890445669366;
Elapsed=00:00:00.0008381
Learning progress:
1;0.516560840659341 * PAGESIZE + 0.00620698498168538 * HAVE_SEQUENCE;14.6247053843483;14.6247053843483;14.6247053843483;14.6247053843483;0.000708;2;0.00620698498168538 * HAVE_SEQUENCE;1;0.408735499051499;
2;0.516560840659341 * PAGESIZE + 0.00834497985348054 * HAVE_SEQUENCE + -0.00267249358974368 * HAVE_SEQUENCE * CS16MB;14.4893221877875;14.4893221877875;14.4893221877875;14.4893221877875;0.002511;4;-0.00267249358974368 * HAVE_SEQUENCE * CS16MB;2;0.0676915982804012;
Elapsed=00:00:00.0025946
Learning progress:
1;0.520015141025641 * PAGESIZE + -0.154061833333333 * HAVE_HASH;1.1282744705817;1.1282744705817;1.1282744705817;1.1282744705817;0.000784;2;-0.154061833333333 * HAVE_HASH;1;1.58151659364669;
2;0.51862295054945 * PAGESIZE + -0.152669642857142 * HAVE_HASH + 0.00382852380952393 * HAVE_SEQUENCE;0.728535472118619;0.728535472118619;0.728535472118619;0.728535472118619;0.00275;3;0.00382852380952393 * HAVE_SEQUENCE;1;0.399738998463079;
Elapsed=00:00:00.0028304
Learning progress:
1;0.518755278554778 * PAGESIZE + -0.152801970862471 * HAVE_HASH;1.30490424505618;1.30490424505618;1.30490424505618;1.30490424505618;0.000752;2;-0.152801970862471 * HAVE_HASH;1;5.72394646270107;
2;0.518755278554779 * PAGESIZE + -0.0764009854312353 * HAVE_HASH + -0.0764009854312353 * HAVE_HASH * CS32MB;1.30490424505614;1.30490424505614;1.30490424505614;1.30490424505614;0.002699;4;-0.0764009854312353 * HAVE_HASH * CS32MB;2;2.12052597703405E-14;
Elapsed=00:00:00.0027721
Learning progress:
1;0.500263575091575 * PAGESIZE + 0.0211434915750917 * HAVE_STATISTICS;0.706564359957009;0.706564359957009;0.706564359957009;0.706564359957009;0.00076;2;0.0211434915750917 * HAVE_STATISTICS;1;2.20392715329798;
Elapsed=00:00:00.0008347
Learning progress:
1;0.500779668269231 * PAGESIZE + 0.0227829214743593 * HAVE_SEQUENCE;0.365779618116122;0.365779618116122;0.365779618116122;0.365779618116122;0.000781;2;0.0227829214743593 * HAVE_SEQUENCE;1;3.01890445669366;
Elapsed=00:00:00.0008572
Learning progress:
1;0.516560840659341 * PAGESIZE + 0.00620698498168538 * HAVE_SEQUENCE;14.6247053843483;14.6247053843483;14.6247053843483;14.6247053843483;0.000714;2;0.00620698498168538 * HAVE_SEQUENCE;1;0.408735499051499;
Elapsed=00:00:00.0007927
Learning progress:
1;0.520015141025641 * PAGESIZE + -0.154061833333333 * HAVE_HASH;1.1282744705817;1.1282744705817;1.1282744705817;1.1282744705817;0.000777;2;-0.154061833333333 * HAVE_HASH;1;1.58151659364669;
2;0.51862295054945 * PAGESIZE + -0.152669642857142 * HAVE_HASH + 0.00382852380952393 * HAVE_SEQUENCE;0.728535472118619;0.728535472118619;0.728535472118619;0.728535472118619;0.002741;3;0.00382852380952393 * HAVE_SEQUENCE;1;0.399738998463079;
Elapsed=00:00:00.0028212
Learning progress:
1;0.518755278554778 * PAGESIZE + -0.152801970862471 * HAVE_HASH;1.30490424505618;1.30490424505618;1.30490424505618;1.30490424505618;0.000756;2;-0.152801970862471 * HAVE_HASH;1;5.72394646270107;
2;0.518755278554779 * PAGESIZE + -0.0764009854312353 * HAVE_HASH + -0.0764009854312353 * HAVE_HASH * CS32MB;1.30490424505614;1.30490424505614;1.30490424505614;1.30490424505614;0.002712;4;-0.0764009854312353 * HAVE_HASH * CS32MB;2;2.12052597703405E-14;
Elapsed=00:00:00.0027863
Learning progress:
1;0.500263575091575 * PAGESIZE + 0.0211434915750917 * HAVE_STATISTICS;0.706564359957009;0.706564359957009;0.706564359957009;0.706564359957009;0.000778;2;0.0211434915750917 * HAVE_STATISTICS;1;2.20392715329798;
Elapsed=00:00:00.0008534
Learning progress:
1;0.500779668269231 * PAGESIZE + 0.0227829214743593 * HAVE_SEQUENCE;0.365779618116122;0.365779618116122;0.365779618116122;0.365779618116122;0.000766;2;0.0227829214743593 * HAVE_SEQUENCE;1;3.01890445669366;
Elapsed=00:00:00.0008432
Learning progress:
1;0.516560840659341 * PAGESIZE + 0.00620698498168538 * HAVE_SEQUENCE;14.6247053843483;14.6247053843483;14.6247053843483;14.6247053843483;0.000746;2;0.00620698498168538 * HAVE_SEQUENCE;1;0.408735499051499;
2;0.516560840659341 * PAGESIZE + 0.00834497985348054 * HAVE_SEQUENCE + -0.00267249358974368 * HAVE_SEQUENCE * CS16MB;14.4893221877875;14.4893221877875;14.4893221877875;14.4893221877875;0.002538;4;-0.00267249358974368 * HAVE_SEQUENCE * CS16MB;2;0.0676915982804012;
Elapsed=00:00:00.0026219
Learning progress:
1;0.520015141025641 * PAGESIZE + -0.154061833333333 * HAVE_HASH;1.1282744705817;1.1282744705817;1.1282744705817;1.1282744705817;0.000788;2;-0.154061833333333 * HAVE_HASH;1;1.58151659364669;
2;0.51862295054945 * PAGESIZE + -0.152669642857142 * HAVE_HASH + 0.00382852380952393 * HAVE_SEQUENCE;0.728535472118619;0.728535472118619;0.728535472118619;0.728535472118619;0.002774;3;0.00382852380952393 * HAVE_SEQUENCE;1;0.399738998463079;
Elapsed=00:00:00.0028531
Learning progress:
1;0.518755278554778 * PAGESIZE + -0.152801970862471 * HAVE_HASH;1.30490424505618;1.30490424505618;1.30490424505618;1.30490424505618;0.000815;2;-0.152801970862471 * HAVE_HASH;1;5.72394646270107;
2;0.518755278554779 * PAGESIZE + -0.0764009854312353 * HAVE_HASH + -0.0764009854312353 * HAVE_HASH * CS32MB;1.30490424505614;1.30490424505614;1.30490424505614;1.30490424505614;0.002768;4;-0.0764009854312353 * HAVE_HASH * CS32MB;2;2.12052597703405E-14;
Elapsed=00:00:00.0028420
Learning progress:
1;0.500263575091575 * PAGESIZE + 0.0211434915750917 * HAVE_STATISTICS;0.706564359957009;0.706564359957009;0.706564359957009;0.706564359957009;0.000909;2;0.0211434915750917 * HAVE_STATISTICS;1;2.20392715329798;
Elapsed=00:00:00.0009838
Learning progress:
1;0.500779668269231 * PAGESIZE + 0.0227829214743593 * HAVE_SEQUENCE;0.365779618116122;0.365779618116122;0.365779618116122;0.365779618116122;0.000781;2;0.0227829214743593 * HAVE_SEQUENCE;1;3.01890445669366;
Elapsed=00:00:00.0008561
Learning progress:
1;0.516560840659341 * PAGESIZE + 0.00620698498168538 * HAVE_SEQUENCE;14.6247053843483;14.6247053843483;14.6247053843483;14.6247053843483;0.000767;2;0.00620698498168538 * HAVE_SEQUENCE;1;0.408735499051499;
2;0.516560840659341 * PAGESIZE + 0.00834497985348054 * HAVE_SEQUENCE + -0.00267249358974368 * HAVE_SEQUENCE * CS16MB;14.4893221877875;14.4893221877875;14.4893221877875;14.4893221877875;0.00306;4;-0.00267249358974368 * HAVE_SEQUENCE * CS16MB;2;0.0676915982804012;
Elapsed=00:00:00.0031451
Learning progress:
1;0.520015141025641 * PAGESIZE + -0.154061833333333 * HAVE_HASH;1.1282744705817;1.1282744705817;1.1282744705817;1.1282744705817;0.000843;2;-0.154061833333333 * HAVE_HASH;1;1.58151659364669;
2;0.51862295054945 * PAGESIZE + -0.152669642857142 * HAVE_HASH + 0.00382852380952393 * HAVE_SEQUENCE;0.728535472118619;0.728535472118619;0.728535472118619;0.728535472118619;0.002762;3;0.00382852380952393 * HAVE_SEQUENCE;1;0.399738998463079;
Elapsed=00:00:00.0028407
Learning progress:
1;0.518755278554778 * PAGESIZE + -0.152801970862471 * HAVE_HASH;1.30490424505618;1.30490424505618;1.30490424505618;1.30490424505618;0.000818;2;-0.152801970862471 * HAVE_HASH;1;5.72394646270107;
2;0.518755278554779 * PAGESIZE + -0.0764009854312353 * HAVE_HASH + -0.0764009854312353 * HAVE_HASH * CS32MB;1.30490424505614;1.30490424505614;1.30490424505614;1.30490424505614;0.002808;4;-0.0764009854312353 * HAVE_HASH * CS32MB;2;2.12052597703405E-14;
Elapsed=00:00:00.0028817
Learning progress:
1;0.500263575091575 * PAGESIZE + 0.0211434915750917 * HAVE_STATISTICS;0.706564359957009;0.706564359957009;0.706564359957009;0.706564359957009;0.001253;2;0.0211434915750917 * HAVE_STATISTICS;1;2.20392715329798;
Elapsed=00:00:00.0013302
Learning progress:
1;0.500779668269231 * PAGESIZE + 0.0227829214743593 * HAVE_SEQUENCE;0.365779618116122;0.365779618116122;0.365779618116122;0.365779618116122;0.000774;2;0.0227829214743593 * HAVE_SEQUENCE;1;3.01890445669366;
Elapsed=00:00:00.0008507
Learning progress:
1;0.516560840659341 * PAGESIZE + 0.00620698498168538 * HAVE_SEQUENCE;14.6247053843483;14.6247053843483;14.6247053843483;14.6247053843483;0.000794;2;0.00620698498168538 * HAVE_SEQUENCE;1;0.408735499051499;
Elapsed=00:00:00.0008725
Learning progress:
1;0.520015141025641 * PAGESIZE + -0.154061833333333 * HAVE_HASH;1.1282744705817;1.1282744705817;1.1282744705817;1.1282744705817;0.000772;2;-0.154061833333333 * HAVE_HASH;1;1.58151659364669;
2;0.51862295054945 * PAGESIZE + -0.152669642857142 * HAVE_HASH + 0.00382852380952393 * HAVE_SEQUENCE;0.728535472118619;0.728535472118619;0.728535472118619;0.728535472118619;0.002787;3;0.00382852380952393 * HAVE_SEQUENCE;1;0.399738998463079;
Elapsed=00:00:00.0028670
Learning progress:
1;0.518755278554778 * PAGESIZE + -0.152801970862471 * HAVE_HASH;1.30490424505618;1.30490424505618;1.30490424505618;1.30490424505618;0.000755;2;-0.152801970862471 * HAVE_HASH;1;5.72394646270107;
2;0.518755278554779 * PAGESIZE + -0.0764009854312353 * HAVE_HASH + -0.0764009854312353 * HAVE_HASH * CS32MB;1.30490424505614;1.30490424505614;1.30490424505614;1.30490424505614;0.002785;4;-0.0764009854312353 * HAVE_HASH * CS32MB;2;2.12052597703405E-14;
Elapsed=00:00:00.0028591
Learning progress:
1;0.500263575091575 * PAGESIZE + 0.0211434915750917 * HAVE_STATISTICS;0.706564359957009;0.706564359957009;0.706564359957009;0.706564359957009;0.000759;2;0.0211434915750917 * HAVE_STATISTICS;1;2.20392715329798;
Elapsed=00:00:00.0008337
Learning progress:
1;0.500779668269231 * PAGESIZE + 0.0227829214743593 * HAVE_SEQUENCE;0.365779618116122;0.365779618116122;0.365779618116122;0.365779618116122;0.00078;2;0.0227829214743593 * HAVE_SEQUENCE;1;3.01890445669366;
Elapsed=00:00:00.0008564
Learning progress:
1;0.516560840659341 * PAGESIZE + 0.00620698498168538 * HAVE_SEQUENCE;14.6247053843483;14.6247053843483;14.6247053843483;14.6247053843483;0.000703;2;0.00620698498168538 * HAVE_SEQUENCE;1;0.408735499051499;
2;0.516560840659341 * PAGESIZE + 0.00834497985348054 * HAVE_SEQUENCE + -0.00267249358974368 * HAVE_SEQUENCE * CS16MB;14.4893221877875;14.4893221877875;14.4893221877875;14.4893221877875;0.003096;4;-0.00267249358974368 * HAVE_SEQUENCE * CS16MB;2;0.0676915982804012;
Elapsed=00:00:00.0031813
Learning progress:
1;0.520015141025641 * PAGESIZE + -0.154061833333333 * HAVE_HASH;1.1282744705817;1.1282744705817;1.1282744705817;1.1282744705817;0.00078;2;-0.154061833333333 * HAVE_HASH;1;1.58151659364669;
2;0.51862295054945 * PAGESIZE + -0.152669642857142 * HAVE_HASH + 0.00382852380952393 * HAVE_SEQUENCE;0.728535472118619;0.728535472118619;0.728535472118619;0.728535472118619;0.00275;3;0.00382852380952393 * HAVE_SEQUENCE;1;0.399738998463079;
Elapsed=00:00:00.0028309
Learning progress:
1;0.518755278554778 * PAGESIZE + -0.152801970862471 * HAVE_HASH;1.30490424505618;1.30490424505618;1.30490424505618;1.30490424505618;0.000857;2;-0.152801970862471 * HAVE_HASH;1;5.72394646270107;
2;0.518755278554779 * PAGESIZE + -0.0764009854312353 * HAVE_HASH + -0.0764009854312353 * HAVE_HASH * CS32MB;1.30490424505614;1.30490424505614;1.30490424505614;1.30490424505614;0.002834;4;-0.0764009854312353 * HAVE_HASH * CS32MB;2;2.12052597703405E-14;
Elapsed=00:00:00.0029077
Learning progress:
1;0.500263575091575 * PAGESIZE + 0.0211434915750917 * HAVE_STATISTICS;0.706564359957009;0.706564359957009;0.706564359957009;0.706564359957009;0.0014;2;0.0211434915750917 * HAVE_STATISTICS;1;2.20392715329798;
Elapsed=00:00:00.0014821
Learning progress:
1;0.500779668269231 * PAGESIZE + 0.0227829214743593 * HAVE_SEQUENCE;0.365779618116122;0.365779618116122;0.365779618116122;0.365779618116122;0.000777;2;0.0227829214743593 * HAVE_SEQUENCE;1;3.01890445669366;
Elapsed=00:00:00.0008528
Learning progress:
1;0.516560840659341 * PAGESIZE + 0.00620698498168538 * HAVE_SEQUENCE;14.6247053843483;14.6247053843483;14.6247053843483;14.6247053843483;0.000763;2;0.00620698498168538 * HAVE_SEQUENCE;1;0.408735499051499;
2;0.516560840659341 * PAGESIZE + 0.00834497985348054 * HAVE_SEQUENCE + -0.00267249358974368 * HAVE_SEQUENCE * CS16MB;14.4893221877875;14.4893221877875;14.4893221877875;14.4893221877875;0.002503;4;-0.00267249358974368 * HAVE_SEQUENCE * CS16MB;2;0.0676915982804012;
Elapsed=00:00:00.0025873
Learning progress:
1;0.520015141025641 * PAGESIZE + -0.154061833333333 * HAVE_HASH;1.1282744705817;1.1282744705817;1.1282744705817;1.1282744705817;0.00083;2;-0.154061833333333 * HAVE_HASH;1;1.58151659364669;
2;0.51862295054945 * PAGESIZE + -0.152669642857142 * HAVE_HASH + 0.00382852380952393 * HAVE_SEQUENCE;0.728535472118619;0.728535472118619;0.728535472118619;0.728535472118619;0.002831;3;0.00382852380952393 * HAVE_SEQUENCE;1;0.399738998463079;
Elapsed=00:00:00.0029114
Learning progress:
1;0.518755278554778 * PAGESIZE + -0.152801970862471 * HAVE_HASH;1.30490424505618;1.30490424505618;1.30490424505618;1.30490424505618;0.000803;2;-0.152801970862471 * HAVE_HASH;1;5.72394646270107;
2;0.518755278554779 * PAGESIZE + -0.0764009854312353 * HAVE_HASH + -0.0764009854312353 * HAVE_HASH * CS32MB;1.30490424505614;1.30490424505614;1.30490424505614;1.30490424505614;0.002757;4;-0.0764009854312353 * HAVE_HASH * CS32MB;2;2.12052597703405E-14;
Elapsed=00:00:00.0028320
Learning progress:
1;0.500263575091575 * PAGESIZE + 0.0211434915750917 * HAVE_STATISTICS;0.706564359957009;0.706564359957009;0.706564359957009;0.706564359957009;0.000813;2;0.0211434915750917 * HAVE_STATISTICS;1;2.20392715329798;
Elapsed=00:00:00.0008879
Learning progress:
1;0.500779668269231 * PAGESIZE + 0.0227829214743593 * HAVE_SEQUENCE;0.365779618116122;0.365779618116122;0.365779618116122;0.365779618116122;0.000776;2;0.0227829214743593 * HAVE_SEQUENCE;1;3.01890445669366;
Elapsed=00:00:00.0008514
Learning progress:
1;0.516560840659341 * PAGESIZE + 0.00620698498168538 * HAVE_SEQUENCE;14.6247053843483;14.6247053843483;14.6247053843483;14.6247053843483;0.00134;2;0.00620698498168538 * HAVE_SEQUENCE;1;0.408735499051499;
Elapsed=00:00:00.0014201
Learning progress:
1;0.520015141025641 * PAGESIZE + -0.154061833333333 * HAVE_HASH;1.1282744705817;1.1282744705817;1.1282744705817;1.1282744705817;0.000774;2;-0.154061833333333 * HAVE_HASH;1;1.58151659364669;
2;0.51862295054945 * PAGESIZE + -0.152669642857142 * HAVE_HASH + 0.00382852380952393 * HAVE_SEQUENCE;0.728535472118619;0.728535472118619;0.728535472118619;0.728535472118619;0.002761;3;0.00382852380952393 * HAVE_SEQUENCE;1;0.399738998463079;
Elapsed=00:00:00.0028404
Learning progress:
1;0.518755278554778 * PAGESIZE + -0.152801970862471 * HAVE_HASH;1.30490424505618;1.30490424505618;1.30490424505618;1.30490424505618;0.000761;2;-0.152801970862471 * HAVE_HASH;1;5.72394646270107;
2;0.518755278554779 * PAGESIZE + -0.0764009854312353 * HAVE_HASH + -0.0764009854312353 * HAVE_HASH * CS32MB;1.30490424505614;1.30490424505614;1.30490424505614;1.30490424505614;0.00277;4;-0.0764009854312353 * HAVE_HASH * CS32MB;2;2.12052597703405E-14;
Elapsed=00:00:00.0028440
Learning progress:
1;0.500263575091575 * PAGESIZE + 0.0211434915750917 * HAVE_STATISTICS;0.706564359957009;0.706564359957009;0.706564359957009;0.706564359957009;0.000772;2;0.0211434915750917 * HAVE_STATISTICS;1;2.20392715329798;
Elapsed=00:00:00.0008491
Learning progress:
1;0.500779668269231 * PAGESIZE + 0.0227829214743593 * HAVE_SEQUENCE;0.365779618116122;0.365779618116122;0.365779618116122;0.365779618116122;0.000764;2;0.0227829214743593 * HAVE_SEQUENCE;1;3.01890445669366;
Elapsed=00:00:00.0008460
Learning progress:
1;0.516560840659341 * PAGESIZE + 0.00620698498168538 * HAVE_SEQUENCE;14.6247053843483;14.6247053843483;14.6247053843483;14.6247053843483;0.000704;2;0.00620698498168538 * HAVE_SEQUENCE;1;0.408735499051499;
2;0.516560840659341 * PAGESIZE + 0.00834497985348054 * HAVE_SEQUENCE + -0.00267249358974368 * HAVE_SEQUENCE * CS16MB;14.4893221877875;14.4893221877875;14.4893221877875;14.4893221877875;0.002512;4;-0.00267249358974368 * HAVE_SEQUENCE * CS16MB;2;0.0676915982804012;
Elapsed=00:00:00.0025970
Learning progress:
1;0.520015141025641 * PAGESIZE + -0.154061833333333 * HAVE_HASH;1.1282744705817;1.1282744705817;1.1282744705817;1.1282744705817;0.000776;2;-0.154061833333333 * HAVE_HASH;1;1.58151659364669;
2;0.51862295054945 * PAGESIZE + -0.152669642857142 * HAVE_HASH + 0.00382852380952393 * HAVE_SEQUENCE;0.728535472118619;0.728535472118619;0.728535472118619;0.728535472118619;0.002812;3;0.00382852380952393 * HAVE_SEQUENCE;1;0.399738998463079;
Elapsed=00:00:00.0028907
Learning progress:
1;0.518755278554778 * PAGESIZE + -0.152801970862471 * HAVE_HASH;1.30490424505618;1.30490424505618;1.30490424505618;1.30490424505618;0.000753;2;-0.152801970862471 * HAVE_HASH;1;5.72394646270107;
2;0.518755278554779 * PAGESIZE + -0.0764009854312353 * HAVE_HASH + -0.0764009854312353 * HAVE_HASH * CS32MB;1.30490424505614;1.30490424505614;1.30490424505614;1.30490424505614;0.002793;4;-0.0764009854312353 * HAVE_HASH * CS32MB;2;2.12052597703405E-14;
Elapsed=00:00:00.0028674
Learning progress:
1;0.500263575091575 * PAGESIZE + 0.0211434915750917 * HAVE_STATISTICS;0.706564359957009;0.706564359957009;0.706564359957009;0.706564359957009;0.000759;2;0.0211434915750917 * HAVE_STATISTICS;1;2.20392715329798;
Elapsed=00:00:00.0008335
Learning progress:
1;0.500779668269231 * PAGESIZE + 0.0227829214743593 * HAVE_SEQUENCE;0.365779618116122;0.365779618116122;0.365779618116122;0.365779618116122;0.000774;2;0.0227829214743593 * HAVE_SEQUENCE;1;3.01890445669366;
Elapsed=00:00:00.0008501
Learning progress:
1;0.516560840659341 * PAGESIZE + 0.00620698498168538 * HAVE_SEQUENCE;14.6247053843483;14.6247053843483;14.6247053843483;14.6247053843483;0.000791;2;0.00620698498168538 * HAVE_SEQUENCE;1;0.408735499051499;
2;0.516560840659341 * PAGESIZE + 0.00834497985348054 * HAVE_SEQUENCE + -0.00267249358974368 * HAVE_SEQUENCE * CS16MB;14.4893221877875;14.4893221877875;14.4893221877875;14.4893221877875;0.003076;4;-0.00267249358974368 * HAVE_SEQUENCE * CS16MB;2;0.0676915982804012;
Elapsed=00:00:00.0031617
Learning progress:
1;0.520015141025641 * PAGESIZE + -0.154061833333333 * HAVE_HASH;1.1282744705817;1.1282744705817;1.1282744705817;1.1282744705817;0.000917;2;-0.154061833333333 * HAVE_HASH;1;1.58151659364669;
2;0.51862295054945 * PAGESIZE + -0.152669642857142 * HAVE_HASH + 0.00382852380952393 * HAVE_SEQUENCE;0.728535472118619;0.728535472118619;0.728535472118619;0.728535472118619;0.002873;3;0.00382852380952393 * HAVE_SEQUENCE;1;0.399738998463079;
Elapsed=00:00:00.0029530
Learning progress:
1;0.518755278554778 * PAGESIZE + -0.152801970862471 * HAVE_HASH;1.30490424505618;1.30490424505618;1.30490424505618;1.30490424505618;0.000782;2;-0.152801970862471 * HAVE_HASH;1;5.72394646270107;
2;0.518755278554779 * PAGESIZE + -0.0764009854312353 * HAVE_HASH + -0.0764009854312353 * HAVE_HASH * CS32MB;1.30490424505614;1.30490424505614;1.30490424505614;1.30490424505614;0.002771;4;-0.0764009854312353 * HAVE_HASH * CS32MB;2;2.12052597703405E-14;
Elapsed=00:00:00.0028448
Learning progress:
1;0.500263575091575 * PAGESIZE + 0.0211434915750917 * HAVE_STATISTICS;0.706564359957009;0.706564359957009;0.706564359957009;0.706564359957009;0.000828;2;0.0211434915750917 * HAVE_STATISTICS;1;2.20392715329798;
Elapsed=00:00:00.0009034
Learning progress:
1;0.500779668269231 * PAGESIZE + 0.0227829214743593 * HAVE_SEQUENCE;0.365779618116122;0.365779618116122;0.365779618116122;0.365779618116122;0.00076;2;0.0227829214743593 * HAVE_SEQUENCE;1;3.01890445669366;
Elapsed=00:00:00.0008355
Learning progress:
1;0.516560840659341 * PAGESIZE + 0.00620698498168538 * HAVE_SEQUENCE;14.6247053843483;14.6247053843483;14.6247053843483;14.6247053843483;0.000863;2;0.00620698498168538 * HAVE_SEQUENCE;1;0.408735499051499;
Elapsed=00:00:00.0009454
Learning progress:
1;0.520015141025641 * PAGESIZE + -0.154061833333333 * HAVE_HASH;1.1282744705817;1.1282744705817;1.1282744705817;1.1282744705817;0.000776;2;-0.154061833333333 * HAVE_HASH;1;1.58151659364669;
2;0.51862295054945 * PAGESIZE + -0.152669642857142 * HAVE_HASH + 0.00382852380952393 * HAVE_SEQUENCE;0.728535472118619;0.728535472118619;0.728535472118619;0.728535472118619;0.002787;3;0.00382852380952393 * HAVE_SEQUENCE;1;0.399738998463079;
Elapsed=00:00:00.0028660
Learning progress:
1;0.518755278554778 * PAGESIZE + -0.152801970862471 * HAVE_HASH;1.30490424505618;1.30490424505618;1.30490424505618;1.30490424505618;0.000758;2;-0.152801970862471 * HAVE_HASH;1;5.72394646270107;
2;0.518755278554779 * PAGESIZE + -0.0764009854312353 * HAVE_HASH + -0.0764009854312353 * HAVE_HASH * CS32MB;1.30490424505614;1.30490424505614;1.30490424505614;1.30490424505614;0.002758;4;-0.0764009854312353 * HAVE_HASH * CS32MB;2;2.12052597703405E-14;
Elapsed=00:00:00.0028315
Learning progress:
1;0.500263575091575 * PAGESIZE + 0.0211434915750917 * HAVE_STATISTICS;0.706564359957009;0.706564359957009;0.706564359957009;0.706564359957009;0.000757;2;0.0211434915750917 * HAVE_STATISTICS;1;2.20392715329798;
Elapsed=00:00:00.0008325
Learning progress:
1;0.500779668269231 * PAGESIZE + 0.0227829214743593 * HAVE_SEQUENCE;0.365779618116122;0.365779618116122;0.365779618116122;0.365779618116122;0.000778;2;0.0227829214743593 * HAVE_SEQUENCE;1;3.01890445669366;
Elapsed=00:00:00.0008536
Learning progress:
1;0.516560840659341 * PAGESIZE + 0.00620698498168538 * HAVE_SEQUENCE;14.6247053843483;14.6247053843483;14.6247053843483;14.6247053843483;0.000705;2;0.00620698498168538 * HAVE_SEQUENCE;1;0.408735499051499;
2;0.516560840659341 * PAGESIZE + 0.00834497985348054 * HAVE_SEQUENCE + -0.00267249358974368 * HAVE_SEQUENCE * CS16MB;14.4893221877875;14.4893221877875;14.4893221877875;14.4893221877875;0.003058;4;-0.00267249358974368 * HAVE_SEQUENCE * CS16MB;2;0.0676915982804012;
Elapsed=00:00:00.0031441
Learning progress:
1;0.520015141025641 * PAGESIZE + -0.154061833333333 * HAVE_HASH;1.1282744705817;1.1282744705817;1.1282744705817;1.1282744705817;0.00078;2;-0.154061833333333 * HAVE_HASH;1;1.58151659364669;
2;0.51862295054945 * PAGESIZE + -0.152669642857142 * HAVE_HASH + 0.00382852380952393 * HAVE_SEQUENCE;0.728535472118619;0.728535472118619;0.728535472118619;0.728535472118619;0.002783;3;0.00382852380952393 * HAVE_SEQUENCE;1;0.399738998463079;
Elapsed=00:00:00.0028627
Learning progress:
1;0.518755278554778 * PAGESIZE + -0.152801970862471 * HAVE_HASH;1.30490424505618;1.30490424505618;1.30490424505618;1.30490424505618;0.000757;2;-0.152801970862471 * HAVE_HASH;1;5.72394646270107;
2;0.518755278554779 * PAGESIZE + -0.0764009854312353 * HAVE_HASH + -0.0764009854312353 * HAVE_HASH * CS32MB;1.30490424505614;1.30490424505614;1.30490424505614;1.30490424505614;0.002777;4;-0.0764009854312353 * HAVE_HASH * CS32MB;2;2.12052597703405E-14;
Elapsed=00:00:00.0028507
Learning progress:
1;0.500263575091575 * PAGESIZE + 0.0211434915750917 * HAVE_STATISTICS;0.706564359957009;0.706564359957009;0.706564359957009;0.706564359957009;0.000776;2;0.0211434915750917 * HAVE_STATISTICS;1;2.20392715329798;
Elapsed=00:00:00.0008513
Learning progress:
1;0.500779668269231 * PAGESIZE + 0.0227829214743593 * HAVE_SEQUENCE;0.365779618116122;0.365779618116122;0.365779618116122;0.365779618116122;0.000759;2;0.0227829214743593 * HAVE_SEQUENCE;1;3.01890445669366;
Elapsed=00:00:00.0008350
Learning progress:
1;0.516560840659341 * PAGESIZE + 0.00620698498168538 * HAVE_SEQUENCE;14.6247053843483;14.6247053843483;14.6247053843483;14.6247053843483;0.000794;2;0.00620698498168538 * HAVE_SEQUENCE;1;0.408735499051499;
2;0.516560840659341 * PAGESIZE + 0.00834497985348054 * HAVE_SEQUENCE + -0.00267249358974368 * HAVE_SEQUENCE * CS16MB;14.4893221877875;14.4893221877875;14.4893221877875;14.4893221877875;0.002579;4;-0.00267249358974368 * HAVE_SEQUENCE * CS16MB;2;0.0676915982804012;
Elapsed=00:00:00.0026637
Learning progress:
1;0.520015141025641 * PAGESIZE + -0.154061833333333 * HAVE_HASH;1.1282744705817;1.1282744705817;1.1282744705817;1.1282744705817;0.000783;2;-0.154061833333333 * HAVE_HASH;1;1.58151659364669;
2;0.51862295054945 * PAGESIZE + -0.152669642857142 * HAVE_HASH + 0.00382852380952393 * HAVE_SEQUENCE;0.728535472118619;0.728535472118619;0.728535472118619;0.728535472118619;0.003408;3;0.00382852380952393 * HAVE_SEQUENCE;1;0.399738998463079;
Elapsed=00:00:00.0034880
Learning progress:
1;0.518755278554778 * PAGESIZE + -0.152801970862471 * HAVE_HASH;1.30490424505618;1.30490424505618;1.30490424505618;1.30490424505618;0.00077;2;-0.152801970862471 * HAVE_HASH;1;5.72394646270107;
2;0.518755278554779 * PAGESIZE + -0.0764009854312353 * HAVE_HASH + -0.0764009854312353 * HAVE_HASH * CS32MB;1.30490424505614;1.30490424505614;1.30490424505614;1.30490424505614;0.002754;4;-0.0764009854312353 * HAVE_HASH * CS32MB;2;2.12052597703405E-14;
Elapsed=00:00:00.0028271
Learning progress:
1;0.500263575091575 * PAGESIZE + 0.0211434915750917 * HAVE_STATISTICS;0.706564359957009;0.706564359957009;0.706564359957009;0.706564359957009;0.000787;2;0.0211434915750917 * HAVE_STATISTICS;1;2.20392715329798;
Elapsed=00:00:00.0008624
Learning progress:
1;0.500779668269231 * PAGESIZE + 0.0227829214743593 * HAVE_SEQUENCE;0.365779618116122;0.365779618116122;0.365779618116122;0.365779618116122;0.000786;2;0.0227829214743593 * HAVE_SEQUENCE;1;3.01890445669366;
Elapsed=00:00:00.0008612
Learning progress:
1;0.516560840659341 * PAGESIZE + 0.00620698498168538 * HAVE_SEQUENCE;14.6247053843483;14.6247053843483;14.6247053843483;14.6247053843483;0.000754;2;0.00620698498168538 * HAVE_SEQUENCE;1;0.408735499051499;
Elapsed=00:00:00.0008369
Learning progress:
1;0.520015141025641 * PAGESIZE + -0.154061833333333 * HAVE_HASH;1.1282744705817;1.1282744705817;1.1282744705817;1.1282744705817;0.000777;2;-0.154061833333333 * HAVE_HASH;1;1.58151659364669;
2;0.51862295054945 * PAGESIZE + -0.152669642857142 * HAVE_HASH + 0.00382852380952393 * HAVE_SEQUENCE;0.728535472118619;0.728535472118619;0.728535472118619;0.728535472118619;0.0028;3;0.00382852380952393 * HAVE_SEQUENCE;1;0.399738998463079;
Elapsed=00:00:00.0028800
Learning progress:
1;0.518755278554778 * PAGESIZE + -0.152801970862471 * HAVE_HASH;1.30490424505618;1.30490424505618;1.30490424505618;1.30490424505618;0.000895;2;-0.152801970862471 * HAVE_HASH;1;5.72394646270107;
2;0.518755278554779 * PAGESIZE + -0.0764009854312353 * HAVE_HASH + -0.0764009854312353 * HAVE_HASH * CS32MB;1.30490424505614;1.30490424505614;1.30490424505614;1.30490424505614;0.00293;4;-0.0764009854312353 * HAVE_HASH * CS32MB;2;2.12052597703405E-14;
Elapsed=00:00:00.0030036
Error of optimal parameters: 3.51902117660708
Optimal parameters abortError:1;minImprovementPerRound:0.1;lossFunction:RELATIVE;quadraticFunctionSupport:True;learn-logFunction:True;learn-asymFunction:True;learn-ratioFunction:True;withHierarchy:False;useBackward:False;
Learning progress:
1;0.520244662087912 * PAGESIZE + -0.154291354395604 * HAVE_HASH;1.15972636479808;1.15972636479808;1.15972636479808;1.15972636479808;0.001394;2;-0.154291354395604 * HAVE_HASH;1;3.779890876021;
2;0.517897546474358 * PAGESIZE + -0.151944238782051 * HAVE_HASH + 0.00547660309829114 * HAVE_SEQUENCE;1.07244231735784;1.07244231735784;1.07244231735784;1.07244231735784;0.004052;3;0.00547660309829114 * HAVE_SEQUENCE;1;0.0872840474402388;
Elapsed=00:00:00.0042014
command: clean-sampling
command: clean-global
command: script ./learn_solverBased_t2.a
command: log ./out_solverBased_t2Predictions.log
