Current machine learning settings: epsilon:0 lossFunction:RELATIVE parallelization:True bagging:False baggingNumbers:3 considerEpsilonTube:False baggingTestDataFraction:50 useBackward:False abortError:1 limitFeatureSize:False featureSizeTreshold:4 quadraticFunctionSupport:True crossValidation:False crossValidation-k:5 learn-logFunction:False learn-accumulatedLogFunction:False learn-asymFunction:False learn-ratioFunction:False learn-mirrowedFunction:False learn-numeric-disabled:True numberOfRounds:70 backwardErrorDelta:1 minImprovementPerRound:0.1 withHierarchy:False bruteForceCandidates:False ignoreBadFeatures:False stopOnLongRound:True candidateSizePenalty:True learnTimeLimit:00:00:00 scoreMeasure:RELERROR outputRoundsToStdout:False debug:False pythonInfluenceAnalysis:False blacklisted: 
command: solver z3
command: vm /scratch/kallistos/Distance-Based_Data/SupplementaryWebsite/MeasuredPerformanceValues/Hipacc/FeatureModel.xml
Warning: Variability model contains outdated notation. Children nodes will no longer have effect on the model. Instead use the parent node to describe the parent of an configuration option. You can also use the converter providedby the Variability Model GUI in export>convert legacy model.
Warning: Default value nodes in models are no longer used and should be removed. You can also use the converter provided by the Variability Model GUI in export>convert legacy model to update your model.
command: all /scratch/kallistos/Distance-Based_Data/SupplementaryWebsite/MeasuredPerformanceValues/Hipacc/measurements.xml
Configs with too large deviation: 0
13485 configurations loaded.
command: binary grammar-based numConfigs:50 seed:91
command: printconfigs ./sampledConfigurations_grammarBased_t1.csv
invalid number: 4547 respective config: API, OpenCL, TextureMemory, Linear2D, LocalMemory, Blocksize, bs_32x32, padding, padding_448, pixelPerThread, pixelPerThread_4, root
invalid number: 20009 respective config: API, CUDA, TextureMemory, Array2D, Blocksize, bs_32x1, padding, padding_128, pixelPerThread, pixelPerThread_2, root
invalid number: 7814 respective config: API, OpenCL, TextureMemory, Array2D, LocalMemory, Blocksize, bs_128x4, padding, padding_480, pixelPerThread, pixelPerThread_3, root
invalid number: 5924 respective config: API, OpenCL, TextureMemory, Array2D, Blocksize, bs_32x32, padding, padding_64, pixelPerThread, pixelPerThread_1, root
invalid number: 25805 respective config: API, CUDA, TextureMemory, Blocksize, bs_32x8, padding, padding_256, pixelPerThread, pixelPerThread_2, root
invalid number: 3255 respective config: API, OpenCL, TextureMemory, Linear2D, Blocksize, bs_64x4, padding, padding_448, pixelPerThread, pixelPerThread_4, root
invalid number: 12059 respective config: API, OpenCL, TextureMemory, Blocksize, bs_128x4, padding, padding_160, pixelPerThread, pixelPerThread_4, root
invalid number: 26067 respective config: API, CUDA, TextureMemory, Blocksize, bs_64x4, padding, padding_160, pixelPerThread, pixelPerThread_4, root
invalid number: 11843 respective config: API, OpenCL, TextureMemory, Blocksize, bs_64x16, padding, padding_64, pixelPerThread, pixelPerThread_4, root
invalid number: 7405 respective config: API, OpenCL, TextureMemory, Array2D, LocalMemory, Blocksize, bs_32x32, padding, padding_480, pixelPerThread, pixelPerThread_2, root
invalid number: 7663 respective config: API, OpenCL, TextureMemory, Array2D, LocalMemory, Blocksize, bs_128x1, padding, padding_352, pixelPerThread, pixelPerThread_4, root
invalid number: 4181 respective config: API, OpenCL, TextureMemory, Linear2D, Blocksize, bs_256x1, padding, padding_256, pixelPerThread, pixelPerThread_2, root
invalid number: 22289 respective config: API, CUDA, TextureMemory, Array2D, LocalMemory, Blocksize, bs_512x1, padding, padding_416, pixelPerThread, pixelPerThread_2, root
invalid number: 12008 respective config: API, OpenCL, TextureMemory, Blocksize, bs_128x2, padding, padding_320, pixelPerThread, pixelPerThread_1, root
invalid number: 9316 respective config: API, OpenCL, TextureMemory, Ldg, Blocksize, bs_256x4, padding, padding_0, pixelPerThread, pixelPerThread_1, root
invalid number: 21203 respective config: API, CUDA, TextureMemory, Array2D, Blocksize, bs_64x2, padding, padding_416, pixelPerThread, pixelPerThread_4, root
invalid number: 12399 respective config: API, OpenCL, TextureMemory, Blocksize, bs_1024x1, padding, padding_160, pixelPerThread, pixelPerThread_4, root
invalid number: 10723 respective config: API, OpenCL, TextureMemory, Ldg, LocalMemory, Blocksize, bs_128x8, padding, padding_352, pixelPerThread, pixelPerThread_4, root
invalid number: 21005 respective config: API, CUDA, TextureMemory, Array2D, Blocksize, bs_1024x1, padding, padding_480, pixelPerThread, pixelPerThread_2, root
invalid number: 20296 respective config: API, CUDA, TextureMemory, Array2D, Blocksize, bs_64x1, padding, padding_256, pixelPerThread, pixelPerThread_1, root
invalid number: 3727 respective config: API, OpenCL, TextureMemory, Linear2D, Blocksize, bs_512x1, padding, padding_416, pixelPerThread, pixelPerThread_4, root
invalid number: 16395 respective config: API, CUDA, TextureMemory, Linear1D, LocalMemory, Blocksize, bs_128x8, padding, padding_32, pixelPerThread, pixelPerThread_4, root
invalid number: 7797 respective config: API, OpenCL, TextureMemory, Array2D, LocalMemory, Blocksize, bs_128x4, padding, padding_352, pixelPerThread, pixelPerThread_2, root
invalid number: 7886 respective config: API, OpenCL, TextureMemory, Array2D, LocalMemory, Blocksize, bs_128x8, padding, padding_512, pixelPerThread, pixelPerThread_3, root
invalid number: 26594 respective config: API, CUDA, TextureMemory, Blocksize, bs_512x2, padding, padding_32, pixelPerThread, pixelPerThread_3, root
invalid number: 20653 respective config: API, CUDA, TextureMemory, Array2D, Blocksize, bs_128x4, padding, padding_384, pixelPerThread, pixelPerThread_2, root
invalid number: 13494 respective config: API, OpenCL, TextureMemory, LocalMemory, Blocksize, bs_128x4, padding, padding_224, pixelPerThread, pixelPerThread_3, root
invalid number: 14205 respective config: API, OpenCL, TextureMemory, LocalMemory, Blocksize, bs_256x1, padding, padding_480, pixelPerThread, pixelPerThread_2, root
invalid number: 8312 respective config: API, OpenCL, TextureMemory, Array2D, LocalMemory, Blocksize, bs_64x2, padding, padding_128, pixelPerThread, pixelPerThread_1, root
invalid number: 2335 respective config: API, OpenCL, TextureMemory, Linear1D, LocalMemory, Blocksize, bs_512x2, padding, padding_160, pixelPerThread, pixelPerThread_4, root
invalid number: 5064 respective config: API, OpenCL, TextureMemory, Linear2D, LocalMemory, Blocksize, bs_256x4, padding, padding_256, pixelPerThread, pixelPerThread_1, root
invalid number: 1623 respective config: API, OpenCL, TextureMemory, Linear1D, LocalMemory, Blocksize, bs_32x16, padding, padding_448, pixelPerThread, pixelPerThread_4, root
invalid number: 4505 respective config: API, OpenCL, TextureMemory, Linear2D, LocalMemory, Blocksize, bs_32x32, padding, padding_128, pixelPerThread, pixelPerThread_2, root
invalid number: 4476 respective config: API, OpenCL, TextureMemory, Linear2D, LocalMemory, Blocksize, bs_32x16, padding, padding_448, pixelPerThread, pixelPerThread_1, root
invalid number: 4205 respective config: API, OpenCL, TextureMemory, Linear2D, Blocksize, bs_256x1, padding, padding_448, pixelPerThread, pixelPerThread_2, root
invalid number: 28542 respective config: API, CUDA, TextureMemory, LocalMemory, Blocksize, bs_256x2, padding, padding_384, pixelPerThread, pixelPerThread_3, root
invalid number: 20779 respective config: API, CUDA, TextureMemory, Array2D, Blocksize, bs_256x4, padding, padding_288, pixelPerThread, pixelPerThread_4, root
invalid number: 3904 respective config: API, OpenCL, TextureMemory, Linear2D, Blocksize, bs_32x2, padding, padding_224, pixelPerThread, pixelPerThread_1, root
invalid number: 9267 respective config: API, OpenCL, TextureMemory, Ldg, Blocksize, bs_128x8, padding, padding_128, pixelPerThread, pixelPerThread_4, root
invalid number: 27019 respective config: API, CUDA, TextureMemory, Blocksize, bs_256x1, padding, padding_160, pixelPerThread, pixelPerThread_4, root
invalid number: 601 respective config: API, OpenCL, TextureMemory, Linear1D, Blocksize, bs_128x2, padding, padding_448, pixelPerThread, pixelPerThread_2, root
invalid number: 2083 respective config: API, OpenCL, TextureMemory, Linear1D, LocalMemory, Blocksize, bs_128x4, padding, padding_320, pixelPerThread, pixelPerThread_4, root
invalid number: 21212 respective config: API, CUDA, TextureMemory, Array2D, Blocksize, bs_64x2, padding, padding_512, pixelPerThread, pixelPerThread_1, root
invalid number: 25003 respective config: API, CUDA, TextureMemory, Ldg, LocalMemory, Blocksize, bs_128x8, padding, padding_352, pixelPerThread, pixelPerThread_4, root
invalid number: 4179 respective config: API, OpenCL, TextureMemory, Linear2D, Blocksize, bs_256x1, padding, padding_224, pixelPerThread, pixelPerThread_4, root
invalid number: 12237 respective config: API, OpenCL, TextureMemory, Blocksize, bs_256x4, padding, padding_512, pixelPerThread, pixelPerThread_2, root
invalid number: 10820 respective config: API, OpenCL, TextureMemory, Ldg, LocalMemory, Blocksize, bs_512x1, padding, padding_64, pixelPerThread, pixelPerThread_1, root
invalid number: 122 respective config: API, OpenCL, TextureMemory, Linear1D, Blocksize, bs_32x8, padding, padding_416, pixelPerThread, pixelPerThread_3, root
invalid number: 780 respective config: API, OpenCL, TextureMemory, Linear1D, Blocksize, bs_256x4, padding, padding_256, pixelPerThread, pixelPerThread_1, root
invalid number: 10003 respective config: API, OpenCL, TextureMemory, Ldg, LocalMemory, Blocksize, bs_32x1, padding, padding_32, pixelPerThread, pixelPerThread_4, root
invalid number: 11590 respective config: API, OpenCL, TextureMemory, Blocksize, bs_32x16, padding, padding_224, pixelPerThread, pixelPerThread_3, root
invalid number: 13272 respective config: API, OpenCL, TextureMemory, LocalMemory, Blocksize, bs_64x16, padding, padding_96, pixelPerThread, pixelPerThread_1, root
invalid number: 1737 respective config: API, OpenCL, TextureMemory, Linear1D, LocalMemory, Blocksize, bs_64x1, padding, padding_288, pixelPerThread, pixelPerThread_2, root
invalid number: 9086 respective config: API, OpenCL, TextureMemory, Ldg, Blocksize, bs_128x1, padding, padding_320, pixelPerThread, pixelPerThread_3, root
invalid number: 12743 respective config: API, OpenCL, TextureMemory, Blocksize, bs_256x1, padding, padding_192, pixelPerThread, pixelPerThread_4, root
invalid number: 6449 respective config: API, OpenCL, TextureMemory, Array2D, Blocksize, bs_128x8, padding, padding_448, pixelPerThread, pixelPerThread_2, root
invalid number: 10577 respective config: API, OpenCL, TextureMemory, Ldg, LocalMemory, Blocksize, bs_128x2, padding, padding_288, pixelPerThread, pixelPerThread_2, root
invalid number: 4618 respective config: API, OpenCL, TextureMemory, Linear2D, LocalMemory, Blocksize, bs_64x1, padding, padding_480, pixelPerThread, pixelPerThread_3, root
invalid number: 28059 respective config: API, CUDA, TextureMemory, LocalMemory, Blocksize, bs_512x2, padding, padding_320, pixelPerThread, pixelPerThread_4, root
invalid number: 25902 respective config: API, CUDA, TextureMemory, Blocksize, bs_32x16, padding, padding_480, pixelPerThread, pixelPerThread_3, root
invalid number: 11199 respective config: API, OpenCL, TextureMemory, Ldg, LocalMemory, Blocksize, bs_64x2, padding, padding_352, pixelPerThread, pixelPerThread_4, root
invalid number: 20763 respective config: API, CUDA, TextureMemory, Array2D, Blocksize, bs_256x4, padding, padding_160, pixelPerThread, pixelPerThread_4, root
invalid number: 3378 respective config: API, OpenCL, TextureMemory, Linear2D, Blocksize, bs_128x1, padding, padding_352, pixelPerThread, pixelPerThread_3, root
invalid number: 2687 respective config: API, OpenCL, TextureMemory, Linear1D, LocalMemory, Blocksize, bs_64x8, padding, padding_256, pixelPerThread, pixelPerThread_4, root
invalid number: 27509 respective config: API, CUDA, TextureMemory, LocalMemory, Blocksize, bs_64x4, padding, padding_288, pixelPerThread, pixelPerThread_2, root
invalid number: 26118 respective config: API, CUDA, TextureMemory, Blocksize, bs_64x16, padding, padding_32, pixelPerThread, pixelPerThread_3, root
invalid number: 2391 respective config: API, OpenCL, TextureMemory, Linear1D, LocalMemory, Blocksize, bs_1024x1, padding, padding_64, pixelPerThread, pixelPerThread_4, root
invalid number: 9230 respective config: API, OpenCL, TextureMemory, Ldg, Blocksize, bs_128x4, padding, padding_384, pixelPerThread, pixelPerThread_3, root
invalid number: 7138 respective config: API, OpenCL, TextureMemory, Array2D, Blocksize, bs_256x2, padding, padding_512, pixelPerThread, pixelPerThread_3, root
invalid number: 27763 respective config: API, CUDA, TextureMemory, LocalMemory, Blocksize, bs_128x4, padding, padding_128, pixelPerThread, pixelPerThread_4, root
invalid number: 12879 respective config: API, OpenCL, TextureMemory, LocalMemory, Blocksize, bs_32x1, padding, padding_192, pixelPerThread, pixelPerThread_4, root
invalid number: 729 respective config: API, OpenCL, TextureMemory, Linear1D, Blocksize, bs_128x8, padding, padding_384, pixelPerThread, pixelPerThread_2, root
invalid number: 10054 respective config: API, OpenCL, TextureMemory, Ldg, LocalMemory, Blocksize, bs_32x1, padding, padding_448, pixelPerThread, pixelPerThread_3, root
invalid number: 27207 respective config: API, CUDA, TextureMemory, LocalMemory, Blocksize, bs_32x8, padding, padding_32, pixelPerThread, pixelPerThread_4, root
invalid number: 7459 respective config: API, OpenCL, TextureMemory, Array2D, LocalMemory, Blocksize, bs_64x1, padding, padding_352, pixelPerThread, pixelPerThread_4, root
invalid number: 21680 respective config: API, CUDA, TextureMemory, Array2D, LocalMemory, Blocksize, bs_32x32, padding, padding_448, pixelPerThread, pixelPerThread_1, root
invalid number: 3907 respective config: API, OpenCL, TextureMemory, Linear2D, Blocksize, bs_32x2, padding, padding_224, pixelPerThread, pixelPerThread_4, root
invalid number: 4124 respective config: API, OpenCL, TextureMemory, Linear2D, Blocksize, bs_64x8, padding, padding_352, pixelPerThread, pixelPerThread_1, root
invalid number: 7866 respective config: API, OpenCL, TextureMemory, Array2D, LocalMemory, Blocksize, bs_128x8, padding, padding_352, pixelPerThread, pixelPerThread_3, root
invalid number: 2975 respective config: API, OpenCL, TextureMemory, Linear2D, Blocksize, bs_32x8, padding, padding_384, pixelPerThread, pixelPerThread_4, root
invalid number: 22348 respective config: API, CUDA, TextureMemory, Array2D, LocalMemory, Blocksize, bs_512x2, padding, padding_352, pixelPerThread, pixelPerThread_1, root
invalid number: 752 respective config: API, OpenCL, TextureMemory, Linear1D, Blocksize, bs_256x4, padding, padding_32, pixelPerThread, pixelPerThread_1, root
invalid number: 13920 respective config: API, OpenCL, TextureMemory, LocalMemory, Blocksize, bs_32x2, padding, padding_384, pixelPerThread, pixelPerThread_1, root
invalid number: 10770 respective config: API, OpenCL, TextureMemory, Ldg, LocalMemory, Blocksize, bs_256x4, padding, padding_192, pixelPerThread, pixelPerThread_3, root
invalid number: 4506 respective config: API, OpenCL, TextureMemory, Linear2D, LocalMemory, Blocksize, bs_32x32, padding, padding_128, pixelPerThread, pixelPerThread_3, root
invalid number: 10052 respective config: API, OpenCL, TextureMemory, Ldg, LocalMemory, Blocksize, bs_32x1, padding, padding_448, pixelPerThread, pixelPerThread_1, root
invalid number: 4703 respective config: API, OpenCL, TextureMemory, Linear2D, LocalMemory, Blocksize, bs_64x16, padding, padding_64, pixelPerThread, pixelPerThread_4, root
invalid number: 26830 respective config: API, CUDA, TextureMemory, Blocksize, bs_32x4, padding, padding_288, pixelPerThread, pixelPerThread_3, root
invalid number: 21386 respective config: API, CUDA, TextureMemory, Array2D, Blocksize, bs_256x2, padding, padding_256, pixelPerThread, pixelPerThread_3, root
invalid number: 24750 respective config: API, CUDA, TextureMemory, Ldg, LocalMemory, Blocksize, bs_64x16, padding, padding_512, pixelPerThread, pixelPerThread_3, root
invalid number: 12368 respective config: API, OpenCL, TextureMemory, Blocksize, bs_512x2, padding, padding_480, pixelPerThread, pixelPerThread_1, root
invalid number: 8145 respective config: API, OpenCL, TextureMemory, Array2D, LocalMemory, Blocksize, bs_1024x1, padding, padding_416, pixelPerThread, pixelPerThread_2, root
invalid number: 25042 respective config: API, CUDA, TextureMemory, Ldg, LocalMemory, Blocksize, bs_256x4, padding, padding_128, pixelPerThread, pixelPerThread_3, root
invalid number: 773 respective config: API, OpenCL, TextureMemory, Linear1D, Blocksize, bs_256x4, padding, padding_192, pixelPerThread, pixelPerThread_2, root
invalid number: 20451 respective config: API, CUDA, TextureMemory, Array2D, Blocksize, bs_64x16, padding, padding_384, pixelPerThread, pixelPerThread_4, root
invalid number: 1584 respective config: API, OpenCL, TextureMemory, Linear1D, LocalMemory, Blocksize, bs_32x16, padding, padding_160, pixelPerThread, pixelPerThread_1, root
invalid number: 6499 respective config: API, OpenCL, TextureMemory, Array2D, Blocksize, bs_256x4, padding, padding_288, pixelPerThread, pixelPerThread_4, root
invalid number: 9945 respective config: API, OpenCL, TextureMemory, Ldg, Blocksize, bs_256x2, padding, padding_128, pixelPerThread, pixelPerThread_2, root
invalid number: 20241 respective config: API, CUDA, TextureMemory, Array2D, Blocksize, bs_32x32, padding, padding_352, pixelPerThread, pixelPerThread_2, root
invalid number: 9181 respective config: API, OpenCL, TextureMemory, Ldg, Blocksize, bs_128x4, padding, padding_0, pixelPerThread, pixelPerThread_2, root
invalid number: 21189 respective config: API, CUDA, TextureMemory, Array2D, Blocksize, bs_64x2, padding, padding_320, pixelPerThread, pixelPerThread_2, root
invalid number: 21276 respective config: API, CUDA, TextureMemory, Array2D, Blocksize, bs_64x8, padding, padding_480, pixelPerThread, pixelPerThread_1, root
invalid number: 22049 respective config: API, CUDA, TextureMemory, Array2D, LocalMemory, Blocksize, bs_128x4, padding, padding_128, pixelPerThread, pixelPerThread_2, root
invalid number: 7941 respective config: API, OpenCL, TextureMemory, Array2D, LocalMemory, Blocksize, bs_256x4, padding, padding_416, pixelPerThread, pixelPerThread_2, root
invalid number: 9106 respective config: API, OpenCL, TextureMemory, Ldg, Blocksize, bs_128x1, padding, padding_480, pixelPerThread, pixelPerThread_3, root
invalid number: 8629 respective config: API, OpenCL, TextureMemory, Ldg, Blocksize, bs_32x1, padding, padding_480, pixelPerThread, pixelPerThread_2, root
invalid number: 22432 respective config: API, CUDA, TextureMemory, Array2D, LocalMemory, Blocksize, bs_1024x1, padding, padding_480, pixelPerThread, pixelPerThread_1, root
invalid number: 13302 respective config: API, OpenCL, TextureMemory, LocalMemory, Blocksize, bs_64x16, padding, padding_320, pixelPerThread, pixelPerThread_3, root
invalid number: 1504 respective config: API, OpenCL, TextureMemory, Linear1D, LocalMemory, Blocksize, bs_32x8, padding, padding_64, pixelPerThread, pixelPerThread_1, root
invalid number: 26940 respective config: API, CUDA, TextureMemory, Blocksize, bs_64x8, padding, padding_96, pixelPerThread, pixelPerThread_1, root
invalid number: 5152 respective config: API, OpenCL, TextureMemory, Linear2D, LocalMemory, Blocksize, bs_512x1, padding, padding_416, pixelPerThread, pixelPerThread_1, root
invalid number: 9169 respective config: API, OpenCL, TextureMemory, Ldg, Blocksize, bs_128x2, padding, padding_448, pixelPerThread, pixelPerThread_2, root
invalid number: 21640 respective config: API, CUDA, TextureMemory, Array2D, LocalMemory, Blocksize, bs_32x32, padding, padding_128, pixelPerThread, pixelPerThread_1, root
invalid number: 27760 respective config: API, CUDA, TextureMemory, LocalMemory, Blocksize, bs_128x4, padding, padding_128, pixelPerThread, pixelPerThread_1, root
invalid number: 9723 respective config: API, OpenCL, TextureMemory, Ldg, Blocksize, bs_32x4, padding, padding_512, pixelPerThread, pixelPerThread_4, root
invalid number: 3394 respective config: API, OpenCL, TextureMemory, Linear2D, Blocksize, bs_128x1, padding, padding_480, pixelPerThread, pixelPerThread_3, root
invalid number: 24750 respective config: API, CUDA, TextureMemory, Ldg, LocalMemory, Blocksize, bs_64x16, padding, padding_512, pixelPerThread, pixelPerThread_3, root
invalid number: 28007 respective config: API, CUDA, TextureMemory, LocalMemory, Blocksize, bs_512x1, padding, padding_448, pixelPerThread, pixelPerThread_4, root
invalid number: 12562 respective config: API, OpenCL, TextureMemory, Blocksize, bs_32x4, padding, padding_384, pixelPerThread, pixelPerThread_3, root
invalid number: 19034 respective config: API, CUDA, TextureMemory, Linear2D, LocalMemory, Blocksize, bs_64x16, padding, padding_480, pixelPerThread, pixelPerThread_3, root
invalid number: 5690 respective config: API, OpenCL, TextureMemory, Linear2D, LocalMemory, Blocksize, bs_256x2, padding, padding_352, pixelPerThread, pixelPerThread_3, root
invalid number: 8726 respective config: API, OpenCL, TextureMemory, Ldg, Blocksize, bs_32x16, padding, padding_160, pixelPerThread, pixelPerThread_3, root
invalid number: 13527 respective config: API, OpenCL, TextureMemory, LocalMemory, Blocksize, bs_128x4, padding, padding_480, pixelPerThread, pixelPerThread_4, root
invalid number: 11162 respective config: API, OpenCL, TextureMemory, Ldg, LocalMemory, Blocksize, bs_64x2, padding, padding_64, pixelPerThread, pixelPerThread_3, root
invalid number: 4189 respective config: API, OpenCL, TextureMemory, Linear2D, Blocksize, bs_256x1, padding, padding_320, pixelPerThread, pixelPerThread_2, root
invalid number: 2829 respective config: API, OpenCL, TextureMemory, Linear1D, LocalMemory, Blocksize, bs_256x2, padding, padding_320, pixelPerThread, pixelPerThread_2, root
invalid number: 19531 respective config: API, CUDA, TextureMemory, Linear2D, LocalMemory, Blocksize, bs_1024x1, padding, padding_96, pixelPerThread, pixelPerThread_4, root
invalid number: 13322 respective config: API, OpenCL, TextureMemory, LocalMemory, Blocksize, bs_64x16, padding, padding_480, pixelPerThread, pixelPerThread_3, root
invalid number: 9036 respective config: API, OpenCL, TextureMemory, Ldg, Blocksize, bs_64x16, padding, padding_480, pixelPerThread, pixelPerThread_1, root
invalid number: 7534 respective config: API, OpenCL, TextureMemory, Array2D, LocalMemory, Blocksize, bs_64x4, padding, padding_416, pixelPerThread, pixelPerThread_3, root
invalid number: 22681 respective config: API, CUDA, TextureMemory, Array2D, LocalMemory, Blocksize, bs_64x8, padding, padding_288, pixelPerThread, pixelPerThread_2, root
invalid number: 10462 respective config: API, OpenCL, TextureMemory, Ldg, LocalMemory, Blocksize, bs_64x16, padding, padding_448, pixelPerThread, pixelPerThread_3, root
invalid number: 10485 respective config: API, OpenCL, TextureMemory, Ldg, LocalMemory, Blocksize, bs_128x1, padding, padding_96, pixelPerThread, pixelPerThread_2, root
invalid number: 9122 respective config: API, OpenCL, TextureMemory, Ldg, Blocksize, bs_128x2, padding, padding_64, pixelPerThread, pixelPerThread_3, root
invalid number: 14117 respective config: API, OpenCL, TextureMemory, LocalMemory, Blocksize, bs_64x8, padding, padding_320, pixelPerThread, pixelPerThread_2, root
invalid number: 6373 respective config: API, OpenCL, TextureMemory, Array2D, Blocksize, bs_128x4, padding, padding_384, pixelPerThread, pixelPerThread_2, root
invalid number: 2571 respective config: API, OpenCL, TextureMemory, Linear1D, LocalMemory, Blocksize, bs_32x4, padding, padding_416, pixelPerThread, pixelPerThread_4, root
invalid number: 955 respective config: API, OpenCL, TextureMemory, Linear1D, Blocksize, bs_1024x1, padding, padding_0, pixelPerThread, pixelPerThread_4, root
invalid number: 6873 respective config: API, OpenCL, TextureMemory, Array2D, Blocksize, bs_64x2, padding, padding_32, pixelPerThread, pixelPerThread_2, root
invalid number: 21348 respective config: API, CUDA, TextureMemory, Array2D, Blocksize, bs_256x1, padding, padding_512, pixelPerThread, pixelPerThread_1, root
invalid number: 5533 respective config: API, OpenCL, TextureMemory, Linear2D, LocalMemory, Blocksize, bs_64x8, padding, padding_192, pixelPerThread, pixelPerThread_2, root
invalid number: 6995 respective config: API, OpenCL, TextureMemory, Array2D, Blocksize, bs_64x8, padding, padding_448, pixelPerThread, pixelPerThread_4, root
invalid number: 5001 respective config: API, OpenCL, TextureMemory, Linear2D, LocalMemory, Blocksize, bs_128x8, padding, padding_288, pixelPerThread, pixelPerThread_2, root
invalid number: 27052 respective config: API, CUDA, TextureMemory, Blocksize, bs_256x1, padding, padding_448, pixelPerThread, pixelPerThread_1, root
invalid number: 3655 respective config: API, OpenCL, TextureMemory, Linear2D, Blocksize, bs_256x4, padding, padding_384, pixelPerThread, pixelPerThread_4, root
invalid number: 2394 respective config: API, OpenCL, TextureMemory, Linear1D, LocalMemory, Blocksize, bs_1024x1, padding, padding_96, pixelPerThread, pixelPerThread_3, root
invalid number: 11738 respective config: API, OpenCL, TextureMemory, Blocksize, bs_64x1, padding, padding_320, pixelPerThread, pixelPerThread_3, root
invalid number: 3960 respective config: API, OpenCL, TextureMemory, Linear2D, Blocksize, bs_32x4, padding, padding_128, pixelPerThread, pixelPerThread_1, root
invalid number: 10006 respective config: API, OpenCL, TextureMemory, Ldg, LocalMemory, Blocksize, bs_32x1, padding, padding_64, pixelPerThread, pixelPerThread_3, root
invalid number: 7678 respective config: API, OpenCL, TextureMemory, Array2D, LocalMemory, Blocksize, bs_128x1, padding, padding_480, pixelPerThread, pixelPerThread_3, root
invalid number: 12685 respective config: API, OpenCL, TextureMemory, Blocksize, bs_64x8, padding, padding_288, pixelPerThread, pixelPerThread_2, root
invalid number: 1949 respective config: API, OpenCL, TextureMemory, Linear1D, LocalMemory, Blocksize, bs_128x1, padding, padding_352, pixelPerThread, pixelPerThread_2, root
invalid number: 670 respective config: API, OpenCL, TextureMemory, Linear1D, Blocksize, bs_128x4, padding, padding_448, pixelPerThread, pixelPerThread_3, root
invalid number: 5395 respective config: API, OpenCL, TextureMemory, Linear2D, LocalMemory, Blocksize, bs_32x4, padding, padding_160, pixelPerThread, pixelPerThread_4, root
invalid number: 11425 respective config: API, OpenCL, TextureMemory, Blocksize, bs_32x1, padding, padding_0, pixelPerThread, pixelPerThread_2, root
invalid number: 7035 respective config: API, OpenCL, TextureMemory, Array2D, Blocksize, bs_256x1, padding, padding_224, pixelPerThread, pixelPerThread_4, root
invalid number: 428 respective config: API, OpenCL, TextureMemory, Linear1D, Blocksize, bs_64x16, padding, padding_160, pixelPerThread, pixelPerThread_1, root
invalid number: 28176 respective config: API, CUDA, TextureMemory, LocalMemory, Blocksize, bs_32x2, padding, padding_192, pixelPerThread, pixelPerThread_1, root
invalid number: 9679 respective config: API, OpenCL, TextureMemory, Ldg, Blocksize, bs_32x4, padding, padding_160, pixelPerThread, pixelPerThread_4, root
invalid number: 11211 respective config: API, OpenCL, TextureMemory, Ldg, LocalMemory, Blocksize, bs_64x2, padding, padding_448, pixelPerThread, pixelPerThread_4, root
invalid number: 20745 respective config: API, CUDA, TextureMemory, Array2D, Blocksize, bs_256x4, padding, padding_32, pixelPerThread, pixelPerThread_2, root
invalid number: 11466 respective config: API, OpenCL, TextureMemory, Blocksize, bs_32x1, padding, padding_320, pixelPerThread, pixelPerThread_3, root
invalid number: 4003 respective config: API, OpenCL, TextureMemory, Linear2D, Blocksize, bs_32x4, padding, padding_448, pixelPerThread, pixelPerThread_4, root
invalid number: 7438 respective config: API, OpenCL, TextureMemory, Array2D, LocalMemory, Blocksize, bs_64x1, padding, padding_192, pixelPerThread, pixelPerThread_3, root
invalid number: 26250 respective config: API, CUDA, TextureMemory, Blocksize, bs_128x2, padding, padding_0, pixelPerThread, pixelPerThread_3, root
invalid number: 9484 respective config: API, OpenCL, TextureMemory, Ldg, Blocksize, bs_512x2, padding, padding_256, pixelPerThread, pixelPerThread_1, root
invalid number: 8322 respective config: API, OpenCL, TextureMemory, Array2D, LocalMemory, Blocksize, bs_64x2, padding, padding_192, pixelPerThread, pixelPerThread_3, root
invalid number: 22366 respective config: API, CUDA, TextureMemory, Array2D, LocalMemory, Blocksize, bs_512x2, padding, padding_480, pixelPerThread, pixelPerThread_3, root
invalid number: 26769 respective config: API, CUDA, TextureMemory, Blocksize, bs_32x2, padding, padding_352, pixelPerThread, pixelPerThread_2, root
invalid number: 26538 respective config: API, CUDA, TextureMemory, Blocksize, bs_512x1, padding, padding_128, pixelPerThread, pixelPerThread_3, root
invalid number: 21672 respective config: API, CUDA, TextureMemory, Array2D, LocalMemory, Blocksize, bs_32x32, padding, padding_384, pixelPerThread, pixelPerThread_1, root
invalid number: 20520 respective config: API, CUDA, TextureMemory, Array2D, Blocksize, bs_128x1, padding, padding_416, pixelPerThread, pixelPerThread_1, root
invalid number: 2241 respective config: API, OpenCL, TextureMemory, Linear1D, LocalMemory, Blocksize, bs_256x4, padding, padding_512, pixelPerThread, pixelPerThread_2, root
invalid number: 11175 respective config: API, OpenCL, TextureMemory, Ldg, LocalMemory, Blocksize, bs_64x2, padding, padding_160, pixelPerThread, pixelPerThread_4, root
ConfigurationSampling done in 2177 ms
28560
LocalMemory ::= (ε, 1) | (LocalMemory, 1) Symbolkind: TERMINAL
root ::= (API, 2)   (TextureMemory, 5)   (LocalMemory, 2)   (Blocksize, 21)   (padding, 17)   (pixelPerThread, 4) Symbolkind: NONTERMINAL
API ::= (OpenCL, 1) | (CUDA, 1) Symbolkind: TERMINAL
TextureMemoryInvis ::= (ε, 1) Symbolkind: TERMINAL
TextureMemory ::= (Linear1D, 1) | (Linear2D, 1) | (Array2D, 1) | (Ldg, 1) | (TextureMemoryInvis, 1) Symbolkind: TERMINAL
Blocksize ::= (bs_32x1, 1) | (bs_32x8, 1) | (bs_32x16, 1) | (bs_32x32, 1) | (bs_64x1, 1) | (bs_64x4, 1) | (bs_64x16, 1) | (bs_128x1, 1) | (bs_128x2, 1) | (bs_128x4, 1) | (bs_128x8, 1) | (bs_256x4, 1) | (bs_512x1, 1) | (bs_512x2, 1) | (bs_1024x1, 1) | (bs_32x2, 1) | (bs_32x4, 1) | (bs_64x2, 1) | (bs_64x8, 1) | (bs_256x1, 1) | (bs_256x2, 1) Symbolkind: TERMINAL
padding ::= (padding_0, 1) | (padding_32, 1) | (padding_64, 1) | (padding_96, 1) | (padding_128, 1) | (padding_160, 1) | (padding_192, 1) | (padding_224, 1) | (padding_256, 1) | (padding_288, 1) | (padding_320, 1) | (padding_352, 1) | (padding_384, 1) | (padding_416, 1) | (padding_448, 1) | (padding_480, 1) | (padding_512, 1) Symbolkind: TERMINAL
pixelPerThread ::= (pixelPerThread_1, 1) | (pixelPerThread_2, 1) | (pixelPerThread_3, 1) | (pixelPerThread_4, 1) Symbolkind: TERMINAL

command: clean-sampling
command: clean-global
command: script ./learn_grammarBased_t2.a
command: log ./out_grammarBased_t2.log
