Current machine learning settings: epsilon:0 lossFunction:RELATIVE parallelization:True bagging:False baggingNumbers:3 considerEpsilonTube:False baggingTestDataFraction:50 useBackward:False abortError:1 limitFeatureSize:False featureSizeTreshold:4 quadraticFunctionSupport:True crossValidation:False crossValidation-k:5 learn-logFunction:False learn-accumulatedLogFunction:False learn-asymFunction:False learn-ratioFunction:False learn-mirrowedFunction:False learn-numeric-disabled:True numberOfRounds:70 backwardErrorDelta:1 minImprovementPerRound:0.1 withHierarchy:False bruteForceCandidates:False ignoreBadFeatures:False stopOnLongRound:True candidateSizePenalty:True learnTimeLimit:00:00:00 scoreMeasure:RELERROR outputRoundsToStdout:False debug:False pythonInfluenceAnalysis:False blacklisted: 
command: solver z3
command: vm /scratch/kallistos/Distance-Based_Data/SupplementaryWebsite/MeasuredPerformanceValues/LLVM/FeatureModel.xml
Warning: Variability model contains outdated notation. Children nodes will no longer have effect on the model. Instead use the parent node to describe the parent of an configuration option. You can also use the converter providedby the Variability Model GUI in export>convert legacy model.
command: all /scratch/kallistos/Distance-Based_Data/SupplementaryWebsite/MeasuredPerformanceValues/LLVM/measurements.xml
Configs with too large deviation: 0
1024 configurations loaded.
command: nfp Performance
command: setsampleset /scratch/kallistos/Distance-Based_Data/Results/LLVM/LLVM_78/sampledConfigurations_divDistBased_t1.csv
command: learn-splconqueror-opt abortError=[1] minImprovementPerRound=[0.1,0.2,0.5] lossFunction=[RELATIVE] quadraticFunctionSupport=[True,False] learn_logFunction=[True,False] learn_asymFunction=[True,False] learn_ratioFunction=[True,False] withHierarchy=[False] useBackward=[False]
Learning: NumberOfConfigurationsLearning:11 NumberOfConfigurationsValidation:11
Learning progress:
1;234.68 * time_passes + 7.18380952380932 * instcombine;0.581865733666668;0.581865733666668;0.581865733666668;0.581865733666668;0.043036;2;7.18380952380932 * instcombine;1;2.44477549437336;
Elapsed=00:00:00.0454642
Learning progress:
1;233.69 * time_passes + 9.58571428571398 * inline;2.01179492014272;2.01179492014272;2.01179492014272;2.01179492014272;0.000799;2;9.58571428571398 * inline;1;1.08900642760463;
2;233.69 * time_passes + 10.0088888888888 * inline + -0.740555555555652 * sccp;1.9275016681559;1.9275016681559;1.9275016681559;1.9275016681559;0.003268;3;-0.740555555555652 * sccp;1;0.0842932519868247;
Elapsed=00:00:00.0033420
Learning progress:
1;235.295 * time_passes + 8.94642857142824 * inline;0.560021843430009;0.560021843430009;0.560021843430009;0.560021843430009;0.001026;2;8.94642857142824 * inline;1;1.91172504460652;
Elapsed=00:00:00.0010967
Learning progress:
1;234.43 * time_passes + 9.78944444444421 * inline;0.421435236589669;0.421435236589669;0.421435236589669;0.421435236589669;0.000863;2;9.78944444444421 * inline;1;0.828928882090471;
Elapsed=00:00:00.0009357
Learning progress:
1;234.305 * time_passes + 10.4664285714282 * inline;0.958759553868277;0.958759553868277;0.958759553868277;0.958759553868277;0.000886;2;10.4664285714282 * inline;1;1.93379905342384;
Elapsed=00:00:00.0009573
Learning progress:
1;234.68 * time_passes + 7.18380952380932 * instcombine;0.581865733666668;0.581865733666668;0.581865733666668;0.581865733666668;0.000938;2;7.18380952380932 * instcombine;1;2.44477549437336;
Elapsed=00:00:00.0010185
Learning progress:
1;233.69 * time_passes + 9.58571428571398 * inline;2.01179492014272;2.01179492014272;2.01179492014272;2.01179492014272;0.000785;2;9.58571428571398 * inline;1;1.08900642760463;
2;233.69 * time_passes + 10.0088888888888 * inline + -0.740555555555652 * sccp;1.9275016681559;1.9275016681559;1.9275016681559;1.9275016681559;0.003174;3;-0.740555555555652 * sccp;1;0.0842932519868247;
Elapsed=00:00:00.0032481
Learning progress:
1;235.295 * time_passes + 8.94642857142824 * inline;0.560021843430009;0.560021843430009;0.560021843430009;0.560021843430009;0.001142;2;8.94642857142824 * inline;1;1.91172504460652;
Elapsed=00:00:00.0012186
Learning progress:
1;234.43 * time_passes + 9.78944444444421 * inline;0.421435236589669;0.421435236589669;0.421435236589669;0.421435236589669;0.001043;2;9.78944444444421 * inline;1;0.828928882090471;
Elapsed=00:00:00.0011127
Learning progress:
1;234.305 * time_passes + 10.4664285714282 * inline;0.958759553868277;0.958759553868277;0.958759553868277;0.958759553868277;0.00116;2;10.4664285714282 * inline;1;1.93379905342384;
Elapsed=00:00:00.0012343
Learning progress:
1;234.68 * time_passes + 7.18380952380932 * instcombine;0.581865733666668;0.581865733666668;0.581865733666668;0.581865733666668;0.001226;2;7.18380952380932 * instcombine;1;2.44477549437336;
Elapsed=00:00:00.0013060
Learning progress:
1;233.69 * time_passes + 9.58571428571398 * inline;2.01179492014272;2.01179492014272;2.01179492014272;2.01179492014272;0.000885;2;9.58571428571398 * inline;1;1.08900642760463;
2;233.69 * time_passes + 10.0088888888888 * inline + -0.740555555555652 * sccp;1.9275016681559;1.9275016681559;1.9275016681559;1.9275016681559;0.003066;3;-0.740555555555652 * sccp;1;0.0842932519868247;
Elapsed=00:00:00.0031382
Learning progress:
1;235.295 * time_passes + 8.94642857142824 * inline;0.560021843430009;0.560021843430009;0.560021843430009;0.560021843430009;0.001026;2;8.94642857142824 * inline;1;1.91172504460652;
Elapsed=00:00:00.0010932
Learning progress:
1;234.43 * time_passes + 9.78944444444421 * inline;0.421435236589669;0.421435236589669;0.421435236589669;0.421435236589669;0.000925;2;9.78944444444421 * inline;1;0.828928882090471;
Elapsed=00:00:00.0009953
Learning progress:
1;234.305 * time_passes + 10.4664285714282 * inline;0.958759553868277;0.958759553868277;0.958759553868277;0.958759553868277;0.000804;2;10.4664285714282 * inline;1;1.93379905342384;
Elapsed=00:00:00.0008723
Learning progress:
1;234.68 * time_passes + 7.18380952380932 * instcombine;0.581865733666668;0.581865733666668;0.581865733666668;0.581865733666668;0.001362;2;7.18380952380932 * instcombine;1;2.44477549437336;
Elapsed=00:00:00.0014410
Learning progress:
1;233.69 * time_passes + 9.58571428571398 * inline;2.01179492014272;2.01179492014272;2.01179492014272;2.01179492014272;0.001415;2;9.58571428571398 * inline;1;1.08900642760463;
2;233.69 * time_passes + 10.0088888888888 * inline + -0.740555555555652 * sccp;1.9275016681559;1.9275016681559;1.9275016681559;1.9275016681559;0.003788;3;-0.740555555555652 * sccp;1;0.0842932519868247;
Elapsed=00:00:00.0038616
Learning progress:
1;235.295 * time_passes + 8.94642857142824 * inline;0.560021843430009;0.560021843430009;0.560021843430009;0.560021843430009;0.001021;2;8.94642857142824 * inline;1;1.91172504460652;
Elapsed=00:00:00.0010887
Learning progress:
1;234.43 * time_passes + 9.78944444444421 * inline;0.421435236589669;0.421435236589669;0.421435236589669;0.421435236589669;0.000956;2;9.78944444444421 * inline;1;0.828928882090471;
Elapsed=00:00:00.0010258
Learning progress:
1;234.305 * time_passes + 10.4664285714282 * inline;0.958759553868277;0.958759553868277;0.958759553868277;0.958759553868277;0.001119;2;10.4664285714282 * inline;1;1.93379905342384;
Elapsed=00:00:00.0011883
Learning progress:
1;234.68 * time_passes + 7.18380952380932 * instcombine;0.581865733666668;0.581865733666668;0.581865733666668;0.581865733666668;0.00098;2;7.18380952380932 * instcombine;1;2.44477549437336;
Elapsed=00:00:00.0010756
Learning progress:
1;233.69 * time_passes + 9.58571428571398 * inline;2.01179492014272;2.01179492014272;2.01179492014272;2.01179492014272;0.000843;2;9.58571428571398 * inline;1;1.08900642760463;
2;233.69 * time_passes + 10.0088888888888 * inline + -0.740555555555652 * sccp;1.9275016681559;1.9275016681559;1.9275016681559;1.9275016681559;0.003517;3;-0.740555555555652 * sccp;1;0.0842932519868247;
Elapsed=00:00:00.0035916
Learning progress:
1;235.295 * time_passes + 8.94642857142824 * inline;0.560021843430009;0.560021843430009;0.560021843430009;0.560021843430009;0.000866;2;8.94642857142824 * inline;1;1.91172504460652;
Elapsed=00:00:00.0009324
Learning progress:
1;234.43 * time_passes + 9.78944444444421 * inline;0.421435236589669;0.421435236589669;0.421435236589669;0.421435236589669;0.000823;2;9.78944444444421 * inline;1;0.828928882090471;
Elapsed=00:00:00.0008964
Learning progress:
1;234.305 * time_passes + 10.4664285714282 * inline;0.958759553868277;0.958759553868277;0.958759553868277;0.958759553868277;0.000807;2;10.4664285714282 * inline;1;1.93379905342384;
Elapsed=00:00:00.0008750
Learning progress:
1;234.68 * time_passes + 7.18380952380932 * instcombine;0.581865733666668;0.581865733666668;0.581865733666668;0.581865733666668;0.000933;2;7.18380952380932 * instcombine;1;2.44477549437336;
Elapsed=00:00:00.0010120
Learning progress:
1;233.69 * time_passes + 9.58571428571398 * inline;2.01179492014272;2.01179492014272;2.01179492014272;2.01179492014272;0.000875;2;9.58571428571398 * inline;1;1.08900642760463;
2;233.69 * time_passes + 10.0088888888888 * inline + -0.740555555555652 * sccp;1.9275016681559;1.9275016681559;1.9275016681559;1.9275016681559;0.00352;3;-0.740555555555652 * sccp;1;0.0842932519868247;
Elapsed=00:00:00.0035925
Learning progress:
1;235.295 * time_passes + 8.94642857142824 * inline;0.560021843430009;0.560021843430009;0.560021843430009;0.560021843430009;0.000881;2;8.94642857142824 * inline;1;1.91172504460652;
Elapsed=00:00:00.0009484
Learning progress:
1;234.43 * time_passes + 9.78944444444421 * inline;0.421435236589669;0.421435236589669;0.421435236589669;0.421435236589669;0.000922;2;9.78944444444421 * inline;1;0.828928882090471;
Elapsed=00:00:00.0009926
Learning progress:
1;234.305 * time_passes + 10.4664285714282 * inline;0.958759553868277;0.958759553868277;0.958759553868277;0.958759553868277;0.000806;2;10.4664285714282 * inline;1;1.93379905342384;
Elapsed=00:00:00.0008751
Learning progress:
1;234.68 * time_passes + 7.18380952380932 * instcombine;0.581865733666668;0.581865733666668;0.581865733666668;0.581865733666668;0.000944;2;7.18380952380932 * instcombine;1;2.44477549437336;
Elapsed=00:00:00.0010219
Learning progress:
1;233.69 * time_passes + 9.58571428571398 * inline;2.01179492014272;2.01179492014272;2.01179492014272;2.01179492014272;0.000872;2;9.58571428571398 * inline;1;1.08900642760463;
2;233.69 * time_passes + 10.0088888888888 * inline + -0.740555555555652 * sccp;1.9275016681559;1.9275016681559;1.9275016681559;1.9275016681559;0.003488;3;-0.740555555555652 * sccp;1;0.0842932519868247;
Elapsed=00:00:00.0035808
Learning progress:
1;235.295 * time_passes + 8.94642857142824 * inline;0.560021843430009;0.560021843430009;0.560021843430009;0.560021843430009;0.000838;2;8.94642857142824 * inline;1;1.91172504460652;
Elapsed=00:00:00.0009048
Learning progress:
1;234.43 * time_passes + 9.78944444444421 * inline;0.421435236589669;0.421435236589669;0.421435236589669;0.421435236589669;0.000881;2;9.78944444444421 * inline;1;0.828928882090471;
Elapsed=00:00:00.0009510
Learning progress:
1;234.305 * time_passes + 10.4664285714282 * inline;0.958759553868277;0.958759553868277;0.958759553868277;0.958759553868277;0.000805;2;10.4664285714282 * inline;1;1.93379905342384;
Elapsed=00:00:00.0008744
Learning progress:
1;234.68 * time_passes + 7.18380952380932 * instcombine;0.581865733666668;0.581865733666668;0.581865733666668;0.581865733666668;0.001049;2;7.18380952380932 * instcombine;1;2.44477549437336;
Elapsed=00:00:00.0011392
Learning progress:
1;233.69 * time_passes + 9.58571428571398 * inline;2.01179492014272;2.01179492014272;2.01179492014272;2.01179492014272;0.000762;2;9.58571428571398 * inline;1;1.08900642760463;
2;233.69 * time_passes + 10.0088888888888 * inline + -0.740555555555652 * sccp;1.9275016681559;1.9275016681559;1.9275016681559;1.9275016681559;0.002896;3;-0.740555555555652 * sccp;1;0.0842932519868247;
Elapsed=00:00:00.0029677
Learning progress:
1;235.295 * time_passes + 8.94642857142824 * inline;0.560021843430009;0.560021843430009;0.560021843430009;0.560021843430009;0.000881;2;8.94642857142824 * inline;1;1.91172504460652;
Elapsed=00:00:00.0009483
Learning progress:
1;234.43 * time_passes + 9.78944444444421 * inline;0.421435236589669;0.421435236589669;0.421435236589669;0.421435236589669;0.000894;2;9.78944444444421 * inline;1;0.828928882090471;
Elapsed=00:00:00.0009678
Learning progress:
1;234.305 * time_passes + 10.4664285714282 * inline;0.958759553868277;0.958759553868277;0.958759553868277;0.958759553868277;0.00088;2;10.4664285714282 * inline;1;1.93379905342384;
Elapsed=00:00:00.0009493
Learning progress:
1;234.68 * time_passes + 7.18380952380932 * instcombine;0.581865733666668;0.581865733666668;0.581865733666668;0.581865733666668;0.000907;2;7.18380952380932 * instcombine;1;2.44477549437336;
Elapsed=00:00:00.0009850
Learning progress:
1;233.69 * time_passes + 9.58571428571398 * inline;2.01179492014272;2.01179492014272;2.01179492014272;2.01179492014272;0.000837;2;9.58571428571398 * inline;1;1.08900642760463;
2;233.69 * time_passes + 10.0088888888888 * inline + -0.740555555555652 * sccp;1.9275016681559;1.9275016681559;1.9275016681559;1.9275016681559;0.00301;3;-0.740555555555652 * sccp;1;0.0842932519868247;
Elapsed=00:00:00.0030832
Learning progress:
1;235.295 * time_passes + 8.94642857142824 * inline;0.560021843430009;0.560021843430009;0.560021843430009;0.560021843430009;0.00148;2;8.94642857142824 * inline;1;1.91172504460652;
Elapsed=00:00:00.0015527
Learning progress:
1;234.43 * time_passes + 9.78944444444421 * inline;0.421435236589669;0.421435236589669;0.421435236589669;0.421435236589669;0.000821;2;9.78944444444421 * inline;1;0.828928882090471;
Elapsed=00:00:00.0008913
Learning progress:
1;234.305 * time_passes + 10.4664285714282 * inline;0.958759553868277;0.958759553868277;0.958759553868277;0.958759553868277;0.000819;2;10.4664285714282 * inline;1;1.93379905342384;
Elapsed=00:00:00.0008879
Learning progress:
1;234.68 * time_passes + 7.18380952380932 * instcombine;0.581865733666668;0.581865733666668;0.581865733666668;0.581865733666668;0.001001;2;7.18380952380932 * instcombine;1;2.44477549437336;
Elapsed=00:00:00.0010798
Learning progress:
1;233.69 * time_passes + 9.58571428571398 * inline;2.01179492014272;2.01179492014272;2.01179492014272;2.01179492014272;0.000757;2;9.58571428571398 * inline;1;1.08900642760463;
2;233.69 * time_passes + 10.0088888888888 * inline + -0.740555555555652 * sccp;1.9275016681559;1.9275016681559;1.9275016681559;1.9275016681559;0.002949;3;-0.740555555555652 * sccp;1;0.0842932519868247;
Elapsed=00:00:00.0030208
Learning progress:
1;235.295 * time_passes + 8.94642857142824 * inline;0.560021843430009;0.560021843430009;0.560021843430009;0.560021843430009;0.00085;2;8.94642857142824 * inline;1;1.91172504460652;
Elapsed=00:00:00.0009166
Learning progress:
1;234.43 * time_passes + 9.78944444444421 * inline;0.421435236589669;0.421435236589669;0.421435236589669;0.421435236589669;0.000999;2;9.78944444444421 * inline;1;0.828928882090471;
Elapsed=00:00:00.0010770
Learning progress:
1;234.305 * time_passes + 10.4664285714282 * inline;0.958759553868277;0.958759553868277;0.958759553868277;0.958759553868277;0.000807;2;10.4664285714282 * inline;1;1.93379905342384;
Elapsed=00:00:00.0008760
Learning progress:
1;234.68 * time_passes + 7.18380952380932 * instcombine;0.581865733666668;0.581865733666668;0.581865733666668;0.581865733666668;0.000927;2;7.18380952380932 * instcombine;1;2.44477549437336;
Elapsed=00:00:00.0010063
Learning progress:
1;233.69 * time_passes + 9.58571428571398 * inline;2.01179492014272;2.01179492014272;2.01179492014272;2.01179492014272;0.000738;2;9.58571428571398 * inline;1;1.08900642760463;
2;233.69 * time_passes + 10.0088888888888 * inline + -0.740555555555652 * sccp;1.9275016681559;1.9275016681559;1.9275016681559;1.9275016681559;0.002858;3;-0.740555555555652 * sccp;1;0.0842932519868247;
Elapsed=00:00:00.0029300
Learning progress:
1;235.295 * time_passes + 8.94642857142824 * inline;0.560021843430009;0.560021843430009;0.560021843430009;0.560021843430009;0.000944;2;8.94642857142824 * inline;1;1.91172504460652;
Elapsed=00:00:00.0010102
Learning progress:
1;234.43 * time_passes + 9.78944444444421 * inline;0.421435236589669;0.421435236589669;0.421435236589669;0.421435236589669;0.001365;2;9.78944444444421 * inline;1;0.828928882090471;
Elapsed=00:00:00.0014362
Learning progress:
1;234.305 * time_passes + 10.4664285714282 * inline;0.958759553868277;0.958759553868277;0.958759553868277;0.958759553868277;0.000817;2;10.4664285714282 * inline;1;1.93379905342384;
Elapsed=00:00:00.0008951
Learning progress:
1;234.68 * time_passes + 7.18380952380932 * instcombine;0.581865733666668;0.581865733666668;0.581865733666668;0.581865733666668;0.000943;2;7.18380952380932 * instcombine;1;2.44477549437336;
Elapsed=00:00:00.0010221
Learning progress:
1;233.69 * time_passes + 9.58571428571398 * inline;2.01179492014272;2.01179492014272;2.01179492014272;2.01179492014272;0.000764;2;9.58571428571398 * inline;1;1.08900642760463;
2;233.69 * time_passes + 10.0088888888888 * inline + -0.740555555555652 * sccp;1.9275016681559;1.9275016681559;1.9275016681559;1.9275016681559;0.00297;3;-0.740555555555652 * sccp;1;0.0842932519868247;
Elapsed=00:00:00.0030427
Learning progress:
1;235.295 * time_passes + 8.94642857142824 * inline;0.560021843430009;0.560021843430009;0.560021843430009;0.560021843430009;0.000926;2;8.94642857142824 * inline;1;1.91172504460652;
Elapsed=00:00:00.0009938
Learning progress:
1;234.43 * time_passes + 9.78944444444421 * inline;0.421435236589669;0.421435236589669;0.421435236589669;0.421435236589669;0.000908;2;9.78944444444421 * inline;1;0.828928882090471;
Elapsed=00:00:00.0009786
Learning progress:
1;234.305 * time_passes + 10.4664285714282 * inline;0.958759553868277;0.958759553868277;0.958759553868277;0.958759553868277;0.000776;2;10.4664285714282 * inline;1;1.93379905342384;
Elapsed=00:00:00.0008466
Learning progress:
1;234.68 * time_passes + 7.18380952380932 * instcombine;0.581865733666668;0.581865733666668;0.581865733666668;0.581865733666668;0.000972;2;7.18380952380932 * instcombine;1;2.44477549437336;
Elapsed=00:00:00.0010674
Learning progress:
1;233.69 * time_passes + 9.58571428571398 * inline;2.01179492014272;2.01179492014272;2.01179492014272;2.01179492014272;0.000747;2;9.58571428571398 * inline;1;1.08900642760463;
2;233.69 * time_passes + 10.0088888888888 * inline + -0.740555555555652 * sccp;1.9275016681559;1.9275016681559;1.9275016681559;1.9275016681559;0.00287;3;-0.740555555555652 * sccp;1;0.0842932519868247;
Elapsed=00:00:00.0029420
Learning progress:
1;235.295 * time_passes + 8.94642857142824 * inline;0.560021843430009;0.560021843430009;0.560021843430009;0.560021843430009;0.000872;2;8.94642857142824 * inline;1;1.91172504460652;
Elapsed=00:00:00.0009394
Learning progress:
1;234.43 * time_passes + 9.78944444444421 * inline;0.421435236589669;0.421435236589669;0.421435236589669;0.421435236589669;0.000838;2;9.78944444444421 * inline;1;0.828928882090471;
Elapsed=00:00:00.0009071
Learning progress:
1;234.305 * time_passes + 10.4664285714282 * inline;0.958759553868277;0.958759553868277;0.958759553868277;0.958759553868277;0.001486;2;10.4664285714282 * inline;1;1.93379905342384;
Elapsed=00:00:00.0015574
Learning progress:
1;234.68 * time_passes + 7.18380952380932 * instcombine;0.581865733666668;0.581865733666668;0.581865733666668;0.581865733666668;0.001032;2;7.18380952380932 * instcombine;1;2.44477549437336;
Elapsed=00:00:00.0011105
Learning progress:
1;233.69 * time_passes + 9.58571428571398 * inline;2.01179492014272;2.01179492014272;2.01179492014272;2.01179492014272;0.000806;2;9.58571428571398 * inline;1;1.08900642760463;
2;233.69 * time_passes + 10.0088888888888 * inline + -0.740555555555652 * sccp;1.9275016681559;1.9275016681559;1.9275016681559;1.9275016681559;0.002922;3;-0.740555555555652 * sccp;1;0.0842932519868247;
Elapsed=00:00:00.0029944
Learning progress:
1;235.295 * time_passes + 8.94642857142824 * inline;0.560021843430009;0.560021843430009;0.560021843430009;0.560021843430009;0.000951;2;8.94642857142824 * inline;1;1.91172504460652;
Elapsed=00:00:00.0010219
Learning progress:
1;234.43 * time_passes + 9.78944444444421 * inline;0.421435236589669;0.421435236589669;0.421435236589669;0.421435236589669;0.001059;2;9.78944444444421 * inline;1;0.828928882090471;
Elapsed=00:00:00.0011288
Learning progress:
1;234.305 * time_passes + 10.4664285714282 * inline;0.958759553868277;0.958759553868277;0.958759553868277;0.958759553868277;0.00125;2;10.4664285714282 * inline;1;1.93379905342384;
Elapsed=00:00:00.0013630
Learning progress:
1;234.68 * time_passes + 7.18380952380932 * instcombine;0.581865733666668;0.581865733666668;0.581865733666668;0.581865733666668;0.001165;2;7.18380952380932 * instcombine;1;2.44477549437336;
Elapsed=00:00:00.0012445
Learning progress:
1;233.69 * time_passes + 9.58571428571398 * inline;2.01179492014272;2.01179492014272;2.01179492014272;2.01179492014272;0.000974;2;9.58571428571398 * inline;1;1.08900642760463;
2;233.69 * time_passes + 10.0088888888888 * inline + -0.740555555555652 * sccp;1.9275016681559;1.9275016681559;1.9275016681559;1.9275016681559;0.003148;3;-0.740555555555652 * sccp;1;0.0842932519868247;
Elapsed=00:00:00.0032204
Learning progress:
1;235.295 * time_passes + 8.94642857142824 * inline;0.560021843430009;0.560021843430009;0.560021843430009;0.560021843430009;0.000867;2;8.94642857142824 * inline;1;1.91172504460652;
Elapsed=00:00:00.0009331
Learning progress:
1;234.43 * time_passes + 9.78944444444421 * inline;0.421435236589669;0.421435236589669;0.421435236589669;0.421435236589669;0.001002;2;9.78944444444421 * inline;1;0.828928882090471;
Elapsed=00:00:00.0010727
Learning progress:
1;234.305 * time_passes + 10.4664285714282 * inline;0.958759553868277;0.958759553868277;0.958759553868277;0.958759553868277;0.000997;2;10.4664285714282 * inline;1;1.93379905342384;
Elapsed=00:00:00.0010667
Learning progress:
1;234.68 * time_passes + 7.18380952380932 * instcombine;0.581865733666668;0.581865733666668;0.581865733666668;0.581865733666668;0.001007;2;7.18380952380932 * instcombine;1;2.44477549437336;
Elapsed=00:00:00.0010867
Learning progress:
1;233.69 * time_passes + 9.58571428571398 * inline;2.01179492014272;2.01179492014272;2.01179492014272;2.01179492014272;0.000858;2;9.58571428571398 * inline;1;1.08900642760463;
2;233.69 * time_passes + 10.0088888888888 * inline + -0.740555555555652 * sccp;1.9275016681559;1.9275016681559;1.9275016681559;1.9275016681559;0.003033;3;-0.740555555555652 * sccp;1;0.0842932519868247;
Elapsed=00:00:00.0031046
Learning progress:
1;235.295 * time_passes + 8.94642857142824 * inline;0.560021843430009;0.560021843430009;0.560021843430009;0.560021843430009;0.001126;2;8.94642857142824 * inline;1;1.91172504460652;
Elapsed=00:00:00.0011939
Learning progress:
1;234.43 * time_passes + 9.78944444444421 * inline;0.421435236589669;0.421435236589669;0.421435236589669;0.421435236589669;0.000833;2;9.78944444444421 * inline;1;0.828928882090471;
Elapsed=00:00:00.0009032
Learning progress:
1;234.305 * time_passes + 10.4664285714282 * inline;0.958759553868277;0.958759553868277;0.958759553868277;0.958759553868277;0.000843;2;10.4664285714282 * inline;1;1.93379905342384;
Elapsed=00:00:00.0009124
Learning progress:
1;234.68 * time_passes + 7.18380952380932 * instcombine;0.581865733666668;0.581865733666668;0.581865733666668;0.581865733666668;0.00155;2;7.18380952380932 * instcombine;1;2.44477549437336;
Elapsed=00:00:00.0016302
Learning progress:
1;233.69 * time_passes + 9.58571428571398 * inline;2.01179492014272;2.01179492014272;2.01179492014272;2.01179492014272;0.000932;2;9.58571428571398 * inline;1;1.08900642760463;
2;233.69 * time_passes + 10.0088888888888 * inline + -0.740555555555652 * sccp;1.9275016681559;1.9275016681559;1.9275016681559;1.9275016681559;0.00307;3;-0.740555555555652 * sccp;1;0.0842932519868247;
Elapsed=00:00:00.0031428
Learning progress:
1;235.295 * time_passes + 8.94642857142824 * inline;0.560021843430009;0.560021843430009;0.560021843430009;0.560021843430009;0.000869;2;8.94642857142824 * inline;1;1.91172504460652;
Elapsed=00:00:00.0009359
Learning progress:
1;234.43 * time_passes + 9.78944444444421 * inline;0.421435236589669;0.421435236589669;0.421435236589669;0.421435236589669;0.00101;2;9.78944444444421 * inline;1;0.828928882090471;
Elapsed=00:00:00.0010793
Learning progress:
1;234.305 * time_passes + 10.4664285714282 * inline;0.958759553868277;0.958759553868277;0.958759553868277;0.958759553868277;0.000947;2;10.4664285714282 * inline;1;1.93379905342384;
Elapsed=00:00:00.0010162
Learning progress:
1;234.68 * time_passes + 7.18380952380932 * instcombine;0.581865733666668;0.581865733666668;0.581865733666668;0.581865733666668;0.001118;2;7.18380952380932 * instcombine;1;2.44477549437336;
Elapsed=00:00:00.0012035
Learning progress:
1;233.69 * time_passes + 9.58571428571398 * inline;2.01179492014272;2.01179492014272;2.01179492014272;2.01179492014272;0.000764;2;9.58571428571398 * inline;1;1.08900642760463;
2;233.69 * time_passes + 10.0088888888888 * inline + -0.740555555555652 * sccp;1.9275016681559;1.9275016681559;1.9275016681559;1.9275016681559;0.002967;3;-0.740555555555652 * sccp;1;0.0842932519868247;
Elapsed=00:00:00.0030407
Learning progress:
1;235.295 * time_passes + 8.94642857142824 * inline;0.560021843430009;0.560021843430009;0.560021843430009;0.560021843430009;0.000951;2;8.94642857142824 * inline;1;1.91172504460652;
Elapsed=00:00:00.0010191
Learning progress:
1;234.43 * time_passes + 9.78944444444421 * inline;0.421435236589669;0.421435236589669;0.421435236589669;0.421435236589669;0.00101;2;9.78944444444421 * inline;1;0.828928882090471;
Elapsed=00:00:00.0010805
Learning progress:
1;234.305 * time_passes + 10.4664285714282 * inline;0.958759553868277;0.958759553868277;0.958759553868277;0.958759553868277;0.000883;2;10.4664285714282 * inline;1;1.93379905342384;
Elapsed=00:00:00.0009518
Learning progress:
1;234.68 * time_passes + 7.18380952380932 * instcombine;0.581865733666668;0.581865733666668;0.581865733666668;0.581865733666668;0.001165;2;7.18380952380932 * instcombine;1;2.44477549437336;
Elapsed=00:00:00.0012441
Learning progress:
1;233.69 * time_passes + 9.58571428571398 * inline;2.01179492014272;2.01179492014272;2.01179492014272;2.01179492014272;0.000768;2;9.58571428571398 * inline;1;1.08900642760463;
2;233.69 * time_passes + 10.0088888888888 * inline + -0.740555555555652 * sccp;1.9275016681559;1.9275016681559;1.9275016681559;1.9275016681559;0.003353;3;-0.740555555555652 * sccp;1;0.0842932519868247;
Elapsed=00:00:00.0034251
Learning progress:
1;235.295 * time_passes + 8.94642857142824 * inline;0.560021843430009;0.560021843430009;0.560021843430009;0.560021843430009;0.001026;2;8.94642857142824 * inline;1;1.91172504460652;
Elapsed=00:00:00.0010934
Learning progress:
1;234.43 * time_passes + 9.78944444444421 * inline;0.421435236589669;0.421435236589669;0.421435236589669;0.421435236589669;0.000882;2;9.78944444444421 * inline;1;0.828928882090471;
Elapsed=00:00:00.0009520
Learning progress:
1;234.305 * time_passes + 10.4664285714282 * inline;0.958759553868277;0.958759553868277;0.958759553868277;0.958759553868277;0.000987;2;10.4664285714282 * inline;1;1.93379905342384;
Elapsed=00:00:00.0010566
Learning progress:
1;234.68 * time_passes + 7.18380952380932 * instcombine;0.581865733666668;0.581865733666668;0.581865733666668;0.581865733666668;0.000954;2;7.18380952380932 * instcombine;1;2.44477549437336;
Elapsed=00:00:00.0010371
Learning progress:
1;233.69 * time_passes + 9.58571428571398 * inline;2.01179492014272;2.01179492014272;2.01179492014272;2.01179492014272;0.001474;2;9.58571428571398 * inline;1;1.08900642760463;
2;233.69 * time_passes + 10.0088888888888 * inline + -0.740555555555652 * sccp;1.9275016681559;1.9275016681559;1.9275016681559;1.9275016681559;0.003786;3;-0.740555555555652 * sccp;1;0.0842932519868247;
Elapsed=00:00:00.0038587
Learning progress:
1;235.295 * time_passes + 8.94642857142824 * inline;0.560021843430009;0.560021843430009;0.560021843430009;0.560021843430009;0.000964;2;8.94642857142824 * inline;1;1.91172504460652;
Elapsed=00:00:00.0010313
Learning progress:
1;234.43 * time_passes + 9.78944444444421 * inline;0.421435236589669;0.421435236589669;0.421435236589669;0.421435236589669;0.000822;2;9.78944444444421 * inline;1;0.828928882090471;
Elapsed=00:00:00.0008917
Learning progress:
1;234.305 * time_passes + 10.4664285714282 * inline;0.958759553868277;0.958759553868277;0.958759553868277;0.958759553868277;0.000874;2;10.4664285714282 * inline;1;1.93379905342384;
Elapsed=00:00:00.0009432
Learning progress:
1;234.68 * time_passes + 7.18380952380932 * instcombine;0.581865733666668;0.581865733666668;0.581865733666668;0.581865733666668;0.000994;2;7.18380952380932 * instcombine;1;2.44477549437336;
Elapsed=00:00:00.0010767
Learning progress:
1;233.69 * time_passes + 9.58571428571398 * inline;2.01179492014272;2.01179492014272;2.01179492014272;2.01179492014272;0.000808;2;9.58571428571398 * inline;1;1.08900642760463;
2;233.69 * time_passes + 10.0088888888888 * inline + -0.740555555555652 * sccp;1.9275016681559;1.9275016681559;1.9275016681559;1.9275016681559;0.003683;3;-0.740555555555652 * sccp;1;0.0842932519868247;
Elapsed=00:00:00.0037565
Learning progress:
1;235.295 * time_passes + 8.94642857142824 * inline;0.560021843430009;0.560021843430009;0.560021843430009;0.560021843430009;0.000957;2;8.94642857142824 * inline;1;1.91172504460652;
Elapsed=00:00:00.0010249
Learning progress:
1;234.43 * time_passes + 9.78944444444421 * inline;0.421435236589669;0.421435236589669;0.421435236589669;0.421435236589669;0.000824;2;9.78944444444421 * inline;1;0.828928882090471;
Elapsed=00:00:00.0008935
Learning progress:
1;234.305 * time_passes + 10.4664285714282 * inline;0.958759553868277;0.958759553868277;0.958759553868277;0.958759553868277;0.000858;2;10.4664285714282 * inline;1;1.93379905342384;
Elapsed=00:00:00.0009314
Learning progress:
1;234.68 * time_passes + 7.18380952380932 * instcombine;0.581865733666668;0.581865733666668;0.581865733666668;0.581865733666668;0.001032;2;7.18380952380932 * instcombine;1;2.44477549437336;
Elapsed=00:00:00.0011111
Learning progress:
1;233.69 * time_passes + 9.58571428571398 * inline;2.01179492014272;2.01179492014272;2.01179492014272;2.01179492014272;0.000745;2;9.58571428571398 * inline;1;1.08900642760463;
2;233.69 * time_passes + 10.0088888888888 * inline + -0.740555555555652 * sccp;1.9275016681559;1.9275016681559;1.9275016681559;1.9275016681559;0.003533;3;-0.740555555555652 * sccp;1;0.0842932519868247;
Elapsed=00:00:00.0036068
Learning progress:
1;235.295 * time_passes + 8.94642857142824 * inline;0.560021843430009;0.560021843430009;0.560021843430009;0.560021843430009;0.000865;2;8.94642857142824 * inline;1;1.91172504460652;
Elapsed=00:00:00.0009313
Learning progress:
1;234.43 * time_passes + 9.78944444444421 * inline;0.421435236589669;0.421435236589669;0.421435236589669;0.421435236589669;0.000952;2;9.78944444444421 * inline;1;0.828928882090471;
Elapsed=00:00:00.0010221
Learning progress:
1;234.305 * time_passes + 10.4664285714282 * inline;0.958759553868277;0.958759553868277;0.958759553868277;0.958759553868277;0.000807;2;10.4664285714282 * inline;1;1.93379905342384;
Elapsed=00:00:00.0008755
Learning progress:
1;234.68 * time_passes + 7.18380952380932 * instcombine;0.581865733666668;0.581865733666668;0.581865733666668;0.581865733666668;0.000993;2;7.18380952380932 * instcombine;1;2.44477549437336;
Elapsed=00:00:00.0010718
Learning progress:
1;233.69 * time_passes + 9.58571428571398 * inline;2.01179492014272;2.01179492014272;2.01179492014272;2.01179492014272;0.000762;2;9.58571428571398 * inline;1;1.08900642760463;
2;233.69 * time_passes + 10.0088888888888 * inline + -0.740555555555652 * sccp;1.9275016681559;1.9275016681559;1.9275016681559;1.9275016681559;0.003511;3;-0.740555555555652 * sccp;1;0.0842932519868247;
Elapsed=00:00:00.0035845
Learning progress:
1;235.295 * time_passes + 8.94642857142824 * inline;0.560021843430009;0.560021843430009;0.560021843430009;0.560021843430009;0.001003;2;8.94642857142824 * inline;1;1.91172504460652;
Elapsed=00:00:00.0010700
Learning progress:
1;234.43 * time_passes + 9.78944444444421 * inline;0.421435236589669;0.421435236589669;0.421435236589669;0.421435236589669;0.000822;2;9.78944444444421 * inline;1;0.828928882090471;
Elapsed=00:00:00.0009117
Learning progress:
1;234.305 * time_passes + 10.4664285714282 * inline;0.958759553868277;0.958759553868277;0.958759553868277;0.958759553868277;0.000938;2;10.4664285714282 * inline;1;1.93379905342384;
Elapsed=00:00:00.0010074
Learning progress:
1;234.68 * time_passes + 7.18380952380932 * instcombine;0.581865733666668;0.581865733666668;0.581865733666668;0.581865733666668;0.000926;2;7.18380952380932 * instcombine;1;2.44477549437336;
Elapsed=00:00:00.0010045
Learning progress:
1;233.69 * time_passes + 9.58571428571398 * inline;2.01179492014272;2.01179492014272;2.01179492014272;2.01179492014272;0.000816;2;9.58571428571398 * inline;1;1.08900642760463;
2;233.69 * time_passes + 10.0088888888888 * inline + -0.740555555555652 * sccp;1.9275016681559;1.9275016681559;1.9275016681559;1.9275016681559;0.002949;3;-0.740555555555652 * sccp;1;0.0842932519868247;
Elapsed=00:00:00.0030220
Learning progress:
1;235.295 * time_passes + 8.94642857142824 * inline;0.560021843430009;0.560021843430009;0.560021843430009;0.560021843430009;0.000878;2;8.94642857142824 * inline;1;1.91172504460652;
Elapsed=00:00:00.0009468
Learning progress:
1;234.43 * time_passes + 9.78944444444421 * inline;0.421435236589669;0.421435236589669;0.421435236589669;0.421435236589669;0.000894;2;9.78944444444421 * inline;1;0.828928882090471;
Elapsed=00:00:00.0009653
Learning progress:
1;234.305 * time_passes + 10.4664285714282 * inline;0.958759553868277;0.958759553868277;0.958759553868277;0.958759553868277;0.000948;2;10.4664285714282 * inline;1;1.93379905342384;
Elapsed=00:00:00.0010225
Learning progress:
1;234.68 * time_passes + 7.18380952380932 * instcombine;0.581865733666668;0.581865733666668;0.581865733666668;0.581865733666668;0.000925;2;7.18380952380932 * instcombine;1;2.44477549437336;
Elapsed=00:00:00.0010033
Learning progress:
1;233.69 * time_passes + 9.58571428571398 * inline;2.01179492014272;2.01179492014272;2.01179492014272;2.01179492014272;0.000762;2;9.58571428571398 * inline;1;1.08900642760463;
2;233.69 * time_passes + 10.0088888888888 * inline + -0.740555555555652 * sccp;1.9275016681559;1.9275016681559;1.9275016681559;1.9275016681559;0.002954;3;-0.740555555555652 * sccp;1;0.0842932519868247;
Elapsed=00:00:00.0030268
Learning progress:
1;235.295 * time_passes + 8.94642857142824 * inline;0.560021843430009;0.560021843430009;0.560021843430009;0.560021843430009;0.001499;2;8.94642857142824 * inline;1;1.91172504460652;
Elapsed=00:00:00.0015667
Learning progress:
1;234.43 * time_passes + 9.78944444444421 * inline;0.421435236589669;0.421435236589669;0.421435236589669;0.421435236589669;0.000824;2;9.78944444444421 * inline;1;0.828928882090471;
Elapsed=00:00:00.0008934
Learning progress:
1;234.305 * time_passes + 10.4664285714282 * inline;0.958759553868277;0.958759553868277;0.958759553868277;0.958759553868277;0.000802;2;10.4664285714282 * inline;1;1.93379905342384;
Elapsed=00:00:00.0008704
Learning progress:
1;234.68 * time_passes + 7.18380952380932 * instcombine;0.581865733666668;0.581865733666668;0.581865733666668;0.581865733666668;0.000928;2;7.18380952380932 * instcombine;1;2.44477549437336;
Elapsed=00:00:00.0010110
Learning progress:
1;233.69 * time_passes + 9.58571428571398 * inline;2.01179492014272;2.01179492014272;2.01179492014272;2.01179492014272;0.000749;2;9.58571428571398 * inline;1;1.08900642760463;
2;233.69 * time_passes + 10.0088888888888 * inline + -0.740555555555652 * sccp;1.9275016681559;1.9275016681559;1.9275016681559;1.9275016681559;0.002905;3;-0.740555555555652 * sccp;1;0.0842932519868247;
Elapsed=00:00:00.0029781
Learning progress:
1;235.295 * time_passes + 8.94642857142824 * inline;0.560021843430009;0.560021843430009;0.560021843430009;0.560021843430009;0.000889;2;8.94642857142824 * inline;1;1.91172504460652;
Elapsed=00:00:00.0009564
Learning progress:
1;234.43 * time_passes + 9.78944444444421 * inline;0.421435236589669;0.421435236589669;0.421435236589669;0.421435236589669;0.00087;2;9.78944444444421 * inline;1;0.828928882090471;
Elapsed=00:00:00.0009416
Learning progress:
1;234.305 * time_passes + 10.4664285714282 * inline;0.958759553868277;0.958759553868277;0.958759553868277;0.958759553868277;0.000777;2;10.4664285714282 * inline;1;1.93379905342384;
Elapsed=00:00:00.0008462
Learning progress:
1;234.68 * time_passes + 7.18380952380932 * instcombine;0.581865733666668;0.581865733666668;0.581865733666668;0.581865733666668;0.000891;2;7.18380952380932 * instcombine;1;2.44477549437336;
Elapsed=00:00:00.0009689
Learning progress:
1;233.69 * time_passes + 9.58571428571398 * inline;2.01179492014272;2.01179492014272;2.01179492014272;2.01179492014272;0.000789;2;9.58571428571398 * inline;1;1.08900642760463;
2;233.69 * time_passes + 10.0088888888888 * inline + -0.740555555555652 * sccp;1.9275016681559;1.9275016681559;1.9275016681559;1.9275016681559;0.002961;3;-0.740555555555652 * sccp;1;0.0842932519868247;
Elapsed=00:00:00.0030337
Learning progress:
1;235.295 * time_passes + 8.94642857142824 * inline;0.560021843430009;0.560021843430009;0.560021843430009;0.560021843430009;0.000951;2;8.94642857142824 * inline;1;1.91172504460652;
Elapsed=00:00:00.0010180
Learning progress:
1;234.43 * time_passes + 9.78944444444421 * inline;0.421435236589669;0.421435236589669;0.421435236589669;0.421435236589669;0.000881;2;9.78944444444421 * inline;1;0.828928882090471;
Elapsed=00:00:00.0009532
Learning progress:
1;234.305 * time_passes + 10.4664285714282 * inline;0.958759553868277;0.958759553868277;0.958759553868277;0.958759553868277;0.000802;2;10.4664285714282 * inline;1;1.93379905342384;
Elapsed=00:00:00.0008705
Learning progress:
1;234.68 * time_passes + 7.18380952380932 * instcombine;0.581865733666668;0.581865733666668;0.581865733666668;0.581865733666668;0.000889;2;7.18380952380932 * instcombine;1;2.44477549437336;
Elapsed=00:00:00.0009673
Learning progress:
1;233.69 * time_passes + 9.58571428571398 * inline;2.01179492014272;2.01179492014272;2.01179492014272;2.01179492014272;0.000865;2;9.58571428571398 * inline;1;1.08900642760463;
2;233.69 * time_passes + 10.0088888888888 * inline + -0.740555555555652 * sccp;1.9275016681559;1.9275016681559;1.9275016681559;1.9275016681559;0.003045;3;-0.740555555555652 * sccp;1;0.0842932519868247;
Elapsed=00:00:00.0031172
Learning progress:
1;235.295 * time_passes + 8.94642857142824 * inline;0.560021843430009;0.560021843430009;0.560021843430009;0.560021843430009;0.000868;2;8.94642857142824 * inline;1;1.91172504460652;
Elapsed=00:00:00.0009349
Learning progress:
1;234.43 * time_passes + 9.78944444444421 * inline;0.421435236589669;0.421435236589669;0.421435236589669;0.421435236589669;0.001341;2;9.78944444444421 * inline;1;0.828928882090471;
Elapsed=00:00:00.0014121
Learning progress:
1;234.305 * time_passes + 10.4664285714282 * inline;0.958759553868277;0.958759553868277;0.958759553868277;0.958759553868277;0.000918;2;10.4664285714282 * inline;1;1.93379905342384;
Elapsed=00:00:00.0009888
Learning progress:
1;234.68 * time_passes + 7.18380952380932 * instcombine;0.581865733666668;0.581865733666668;0.581865733666668;0.581865733666668;0.00093;2;7.18380952380932 * instcombine;1;2.44477549437336;
Elapsed=00:00:00.0010085
Learning progress:
1;233.69 * time_passes + 9.58571428571398 * inline;2.01179492014272;2.01179492014272;2.01179492014272;2.01179492014272;0.000754;2;9.58571428571398 * inline;1;1.08900642760463;
2;233.69 * time_passes + 10.0088888888888 * inline + -0.740555555555652 * sccp;1.9275016681559;1.9275016681559;1.9275016681559;1.9275016681559;0.002852;3;-0.740555555555652 * sccp;1;0.0842932519868247;
Elapsed=00:00:00.0029236
Learning progress:
1;235.295 * time_passes + 8.94642857142824 * inline;0.560021843430009;0.560021843430009;0.560021843430009;0.560021843430009;0.000938;2;8.94642857142824 * inline;1;1.91172504460652;
Elapsed=00:00:00.0010042
Learning progress:
1;234.43 * time_passes + 9.78944444444421 * inline;0.421435236589669;0.421435236589669;0.421435236589669;0.421435236589669;0.000838;2;9.78944444444421 * inline;1;0.828928882090471;
Elapsed=00:00:00.0009114
Learning progress:
1;234.305 * time_passes + 10.4664285714282 * inline;0.958759553868277;0.958759553868277;0.958759553868277;0.958759553868277;0.000927;2;10.4664285714282 * inline;1;1.93379905342384;
Elapsed=00:00:00.0009966
Learning progress:
1;234.68 * time_passes + 7.18380952380932 * instcombine;0.581865733666668;0.581865733666668;0.581865733666668;0.581865733666668;0.000941;2;7.18380952380932 * instcombine;1;2.44477549437336;
Elapsed=00:00:00.0010193
Learning progress:
1;233.69 * time_passes + 9.58571428571398 * inline;2.01179492014272;2.01179492014272;2.01179492014272;2.01179492014272;0.000784;2;9.58571428571398 * inline;1;1.08900642760463;
2;233.69 * time_passes + 10.0088888888888 * inline + -0.740555555555652 * sccp;1.9275016681559;1.9275016681559;1.9275016681559;1.9275016681559;0.002956;3;-0.740555555555652 * sccp;1;0.0842932519868247;
Elapsed=00:00:00.0030327
Learning progress:
1;235.295 * time_passes + 8.94642857142824 * inline;0.560021843430009;0.560021843430009;0.560021843430009;0.560021843430009;0.000843;2;8.94642857142824 * inline;1;1.91172504460652;
Elapsed=00:00:00.0009098
Learning progress:
1;234.43 * time_passes + 9.78944444444421 * inline;0.421435236589669;0.421435236589669;0.421435236589669;0.421435236589669;0.000893;2;9.78944444444421 * inline;1;0.828928882090471;
Elapsed=00:00:00.0009638
Learning progress:
1;234.305 * time_passes + 10.4664285714282 * inline;0.958759553868277;0.958759553868277;0.958759553868277;0.958759553868277;0.001419;2;10.4664285714282 * inline;1;1.93379905342384;
Elapsed=00:00:00.0014898
Learning progress:
1;234.68 * time_passes + 7.18380952380932 * instcombine;0.581865733666668;0.581865733666668;0.581865733666668;0.581865733666668;0.000942;2;7.18380952380932 * instcombine;1;2.44477549437336;
Elapsed=00:00:00.0010202
Learning progress:
1;233.69 * time_passes + 9.58571428571398 * inline;2.01179492014272;2.01179492014272;2.01179492014272;2.01179492014272;0.000744;2;9.58571428571398 * inline;1;1.08900642760463;
2;233.69 * time_passes + 10.0088888888888 * inline + -0.740555555555652 * sccp;1.9275016681559;1.9275016681559;1.9275016681559;1.9275016681559;0.002898;3;-0.740555555555652 * sccp;1;0.0842932519868247;
Elapsed=00:00:00.0029699
Learning progress:
1;235.295 * time_passes + 8.94642857142824 * inline;0.560021843430009;0.560021843430009;0.560021843430009;0.560021843430009;0.000844;2;8.94642857142824 * inline;1;1.91172504460652;
Elapsed=00:00:00.0009106
Learning progress:
1;234.43 * time_passes + 9.78944444444421 * inline;0.421435236589669;0.421435236589669;0.421435236589669;0.421435236589669;0.000823;2;9.78944444444421 * inline;1;0.828928882090471;
Elapsed=00:00:00.0008928
Learning progress:
1;234.305 * time_passes + 10.4664285714282 * inline;0.958759553868277;0.958759553868277;0.958759553868277;0.958759553868277;0.000819;2;10.4664285714282 * inline;1;1.93379905342384;
Elapsed=00:00:00.0008881
Learning progress:
1;234.68 * time_passes + 7.18380952380932 * instcombine;0.581865733666668;0.581865733666668;0.581865733666668;0.581865733666668;0.000968;2;7.18380952380932 * instcombine;1;2.44477549437336;
Elapsed=00:00:00.0010476
Learning progress:
1;233.69 * time_passes + 9.58571428571398 * inline;2.01179492014272;2.01179492014272;2.01179492014272;2.01179492014272;0.000892;2;9.58571428571398 * inline;1;1.08900642760463;
2;233.69 * time_passes + 10.0088888888888 * inline + -0.740555555555652 * sccp;1.9275016681559;1.9275016681559;1.9275016681559;1.9275016681559;0.003029;3;-0.740555555555652 * sccp;1;0.0842932519868247;
Elapsed=00:00:00.0031023
Learning progress:
1;235.295 * time_passes + 8.94642857142824 * inline;0.560021843430009;0.560021843430009;0.560021843430009;0.560021843430009;0.000896;2;8.94642857142824 * inline;1;1.91172504460652;
Elapsed=00:00:00.0009673
Learning progress:
1;234.43 * time_passes + 9.78944444444421 * inline;0.421435236589669;0.421435236589669;0.421435236589669;0.421435236589669;0.000824;2;9.78944444444421 * inline;1;0.828928882090471;
Elapsed=00:00:00.0008939
Learning progress:
1;234.305 * time_passes + 10.4664285714282 * inline;0.958759553868277;0.958759553868277;0.958759553868277;0.958759553868277;0.000822;2;10.4664285714282 * inline;1;1.93379905342384;
Elapsed=00:00:00.0008904
Learning progress:
1;234.68 * time_passes + 7.18380952380932 * instcombine;0.581865733666668;0.581865733666668;0.581865733666668;0.581865733666668;0.001554;2;7.18380952380932 * instcombine;1;2.44477549437336;
Elapsed=00:00:00.0016347
Learning progress:
1;233.69 * time_passes + 9.58571428571398 * inline;2.01179492014272;2.01179492014272;2.01179492014272;2.01179492014272;0.000817;2;9.58571428571398 * inline;1;1.08900642760463;
2;233.69 * time_passes + 10.0088888888888 * inline + -0.740555555555652 * sccp;1.9275016681559;1.9275016681559;1.9275016681559;1.9275016681559;0.003004;3;-0.740555555555652 * sccp;1;0.0842932519868247;
Elapsed=00:00:00.0030806
Learning progress:
1;235.295 * time_passes + 8.94642857142824 * inline;0.560021843430009;0.560021843430009;0.560021843430009;0.560021843430009;0.001103;2;8.94642857142824 * inline;1;1.91172504460652;
Elapsed=00:00:00.0011698
Learning progress:
1;234.43 * time_passes + 9.78944444444421 * inline;0.421435236589669;0.421435236589669;0.421435236589669;0.421435236589669;0.001038;2;9.78944444444421 * inline;1;0.828928882090471;
Elapsed=00:00:00.0011082
Learning progress:
1;234.305 * time_passes + 10.4664285714282 * inline;0.958759553868277;0.958759553868277;0.958759553868277;0.958759553868277;0.000913;2;10.4664285714282 * inline;1;1.93379905342384;
Elapsed=00:00:00.0009815
Learning progress:
1;234.68 * time_passes + 7.18380952380932 * instcombine;0.581865733666668;0.581865733666668;0.581865733666668;0.581865733666668;0.000938;2;7.18380952380932 * instcombine;1;2.44477549437336;
Elapsed=00:00:00.0010180
Learning progress:
1;233.69 * time_passes + 9.58571428571398 * inline;2.01179492014272;2.01179492014272;2.01179492014272;2.01179492014272;0.000751;2;9.58571428571398 * inline;1;1.08900642760463;
2;233.69 * time_passes + 10.0088888888888 * inline + -0.740555555555652 * sccp;1.9275016681559;1.9275016681559;1.9275016681559;1.9275016681559;0.002866;3;-0.740555555555652 * sccp;1;0.0842932519868247;
Elapsed=00:00:00.0029377
Learning progress:
1;235.295 * time_passes + 8.94642857142824 * inline;0.560021843430009;0.560021843430009;0.560021843430009;0.560021843430009;0.000988;2;8.94642857142824 * inline;1;1.91172504460652;
Elapsed=00:00:00.0010553
Learning progress:
1;234.43 * time_passes + 9.78944444444421 * inline;0.421435236589669;0.421435236589669;0.421435236589669;0.421435236589669;0.000821;2;9.78944444444421 * inline;1;0.828928882090471;
Elapsed=00:00:00.0008909
Learning progress:
1;234.305 * time_passes + 10.4664285714282 * inline;0.958759553868277;0.958759553868277;0.958759553868277;0.958759553868277;0.000865;2;10.4664285714282 * inline;1;1.93379905342384;
Elapsed=00:00:00.0009335
Learning progress:
1;234.68 * time_passes + 7.18380952380932 * instcombine;0.581865733666668;0.581865733666668;0.581865733666668;0.581865733666668;0.001098;2;7.18380952380932 * instcombine;1;2.44477549437336;
Elapsed=00:00:00.0011762
Learning progress:
1;233.69 * time_passes + 9.58571428571398 * inline;2.01179492014272;2.01179492014272;2.01179492014272;2.01179492014272;0.000956;2;9.58571428571398 * inline;1;1.08900642760463;
2;233.69 * time_passes + 10.0088888888888 * inline + -0.740555555555652 * sccp;1.9275016681559;1.9275016681559;1.9275016681559;1.9275016681559;0.003099;3;-0.740555555555652 * sccp;1;0.0842932519868247;
Elapsed=00:00:00.0031716
Learning progress:
1;235.295 * time_passes + 8.94642857142824 * inline;0.560021843430009;0.560021843430009;0.560021843430009;0.560021843430009;0.001293;2;8.94642857142824 * inline;1;1.91172504460652;
Elapsed=00:00:00.0013603
Learning progress:
1;234.43 * time_passes + 9.78944444444421 * inline;0.421435236589669;0.421435236589669;0.421435236589669;0.421435236589669;0.000824;2;9.78944444444421 * inline;1;0.828928882090471;
Elapsed=00:00:00.0008932
Learning progress:
1;234.305 * time_passes + 10.4664285714282 * inline;0.958759553868277;0.958759553868277;0.958759553868277;0.958759553868277;0.000912;2;10.4664285714282 * inline;1;1.93379905342384;
Elapsed=00:00:00.0009808
Learning progress:
1;234.68 * time_passes + 7.18380952380932 * instcombine;0.581865733666668;0.581865733666668;0.581865733666668;0.581865733666668;0.000999;2;7.18380952380932 * instcombine;1;2.44477549437336;
Elapsed=00:00:00.0010770
Learning progress:
1;233.69 * time_passes + 9.58571428571398 * inline;2.01179492014272;2.01179492014272;2.01179492014272;2.01179492014272;0.001353;2;9.58571428571398 * inline;1;1.08900642760463;
2;233.69 * time_passes + 10.0088888888888 * inline + -0.740555555555652 * sccp;1.9275016681559;1.9275016681559;1.9275016681559;1.9275016681559;0.003531;3;-0.740555555555652 * sccp;1;0.0842932519868247;
Elapsed=00:00:00.0036042
Learning progress:
1;235.295 * time_passes + 8.94642857142824 * inline;0.560021843430009;0.560021843430009;0.560021843430009;0.560021843430009;0.000866;2;8.94642857142824 * inline;1;1.91172504460652;
Elapsed=00:00:00.0009326
Learning progress:
1;234.43 * time_passes + 9.78944444444421 * inline;0.421435236589669;0.421435236589669;0.421435236589669;0.421435236589669;0.001096;2;9.78944444444421 * inline;1;0.828928882090471;
Elapsed=00:00:00.0011658
Learning progress:
1;234.305 * time_passes + 10.4664285714282 * inline;0.958759553868277;0.958759553868277;0.958759553868277;0.958759553868277;0.000914;2;10.4664285714282 * inline;1;1.93379905342384;
Elapsed=00:00:00.0009839
Learning progress:
1;234.68 * time_passes + 7.18380952380932 * instcombine;0.581865733666668;0.581865733666668;0.581865733666668;0.581865733666668;0.000989;2;7.18380952380932 * instcombine;1;2.44477549437336;
Elapsed=00:00:00.0010682
Learning progress:
1;233.69 * time_passes + 9.58571428571398 * inline;2.01179492014272;2.01179492014272;2.01179492014272;2.01179492014272;0.000747;2;9.58571428571398 * inline;1;1.08900642760463;
2;233.69 * time_passes + 10.0088888888888 * inline + -0.740555555555652 * sccp;1.9275016681559;1.9275016681559;1.9275016681559;1.9275016681559;0.00361;3;-0.740555555555652 * sccp;1;0.0842932519868247;
Elapsed=00:00:00.0036839
Learning progress:
1;235.295 * time_passes + 8.94642857142824 * inline;0.560021843430009;0.560021843430009;0.560021843430009;0.560021843430009;0.000988;2;8.94642857142824 * inline;1;1.91172504460652;
Elapsed=00:00:00.0010557
Learning progress:
1;234.43 * time_passes + 9.78944444444421 * inline;0.421435236589669;0.421435236589669;0.421435236589669;0.421435236589669;0.000824;2;9.78944444444421 * inline;1;0.828928882090471;
Elapsed=00:00:00.0009237
Learning progress:
1;234.305 * time_passes + 10.4664285714282 * inline;0.958759553868277;0.958759553868277;0.958759553868277;0.958759553868277;0.000923;2;10.4664285714282 * inline;1;1.93379905342384;
Elapsed=00:00:00.0009919
Learning progress:
1;234.68 * time_passes + 7.18380952380932 * instcombine;0.581865733666668;0.581865733666668;0.581865733666668;0.581865733666668;0.001064;2;7.18380952380932 * instcombine;1;2.44477549437336;
Elapsed=00:00:00.0011429
Learning progress:
1;233.69 * time_passes + 9.58571428571398 * inline;2.01179492014272;2.01179492014272;2.01179492014272;2.01179492014272;0.000782;2;9.58571428571398 * inline;1;1.08900642760463;
2;233.69 * time_passes + 10.0088888888888 * inline + -0.740555555555652 * sccp;1.9275016681559;1.9275016681559;1.9275016681559;1.9275016681559;0.003578;3;-0.740555555555652 * sccp;1;0.0842932519868247;
Elapsed=00:00:00.0036511
Learning progress:
1;235.295 * time_passes + 8.94642857142824 * inline;0.560021843430009;0.560021843430009;0.560021843430009;0.560021843430009;0.000865;2;8.94642857142824 * inline;1;1.91172504460652;
Elapsed=00:00:00.0009322
Learning progress:
1;234.43 * time_passes + 9.78944444444421 * inline;0.421435236589669;0.421435236589669;0.421435236589669;0.421435236589669;0.000819;2;9.78944444444421 * inline;1;0.828928882090471;
Elapsed=00:00:00.0008893
Learning progress:
1;234.305 * time_passes + 10.4664285714282 * inline;0.958759553868277;0.958759553868277;0.958759553868277;0.958759553868277;0.000991;2;10.4664285714282 * inline;1;1.93379905342384;
Elapsed=00:00:00.0010617
Learning progress:
1;234.68 * time_passes + 7.18380952380932 * instcombine;0.581865733666668;0.581865733666668;0.581865733666668;0.581865733666668;0.000944;2;7.18380952380932 * instcombine;1;2.44477549437336;
Elapsed=00:00:00.0010229
Learning progress:
1;233.69 * time_passes + 9.58571428571398 * inline;2.01179492014272;2.01179492014272;2.01179492014272;2.01179492014272;0.000878;2;9.58571428571398 * inline;1;1.08900642760463;
2;233.69 * time_passes + 10.0088888888888 * inline + -0.740555555555652 * sccp;1.9275016681559;1.9275016681559;1.9275016681559;1.9275016681559;0.003717;3;-0.740555555555652 * sccp;1;0.0842932519868247;
Elapsed=00:00:00.0037903
Learning progress:
1;235.295 * time_passes + 8.94642857142824 * inline;0.560021843430009;0.560021843430009;0.560021843430009;0.560021843430009;0.000902;2;8.94642857142824 * inline;1;1.91172504460652;
Elapsed=00:00:00.0009790
Learning progress:
1;234.43 * time_passes + 9.78944444444421 * inline;0.421435236589669;0.421435236589669;0.421435236589669;0.421435236589669;0.000927;2;9.78944444444421 * inline;1;0.828928882090471;
Elapsed=00:00:00.0009964
Learning progress:
1;234.305 * time_passes + 10.4664285714282 * inline;0.958759553868277;0.958759553868277;0.958759553868277;0.958759553868277;0.000999;2;10.4664285714282 * inline;1;1.93379905342384;
Elapsed=00:00:00.0010686
Learning progress:
1;234.68 * time_passes + 7.18380952380932 * instcombine;0.581865733666668;0.581865733666668;0.581865733666668;0.581865733666668;0.00104;2;7.18380952380932 * instcombine;1;2.44477549437336;
Elapsed=00:00:00.0011191
Learning progress:
1;233.69 * time_passes + 9.58571428571398 * inline;2.01179492014272;2.01179492014272;2.01179492014272;2.01179492014272;0.000817;2;9.58571428571398 * inline;1;1.08900642760463;
2;233.69 * time_passes + 10.0088888888888 * inline + -0.740555555555652 * sccp;1.9275016681559;1.9275016681559;1.9275016681559;1.9275016681559;0.003024;3;-0.740555555555652 * sccp;1;0.0842932519868247;
Elapsed=00:00:00.0030969
Learning progress:
1;235.295 * time_passes + 8.94642857142824 * inline;0.560021843430009;0.560021843430009;0.560021843430009;0.560021843430009;0.000875;2;8.94642857142824 * inline;1;1.91172504460652;
Elapsed=00:00:00.0009433
Learning progress:
1;234.43 * time_passes + 9.78944444444421 * inline;0.421435236589669;0.421435236589669;0.421435236589669;0.421435236589669;0.000883;2;9.78944444444421 * inline;1;0.828928882090471;
Elapsed=00:00:00.0009539
Learning progress:
1;234.305 * time_passes + 10.4664285714282 * inline;0.958759553868277;0.958759553868277;0.958759553868277;0.958759553868277;0.000805;2;10.4664285714282 * inline;1;1.93379905342384;
Elapsed=00:00:00.0008744
Learning progress:
1;234.68 * time_passes + 7.18380952380932 * instcombine;0.581865733666668;0.581865733666668;0.581865733666668;0.581865733666668;0.001037;2;7.18380952380932 * instcombine;1;2.44477549437336;
Elapsed=00:00:00.0011164
Learning progress:
1;233.69 * time_passes + 9.58571428571398 * inline;2.01179492014272;2.01179492014272;2.01179492014272;2.01179492014272;0.000848;2;9.58571428571398 * inline;1;1.08900642760463;
2;233.69 * time_passes + 10.0088888888888 * inline + -0.740555555555652 * sccp;1.9275016681559;1.9275016681559;1.9275016681559;1.9275016681559;0.002984;3;-0.740555555555652 * sccp;1;0.0842932519868247;
Elapsed=00:00:00.0030567
Learning progress:
1;235.295 * time_passes + 8.94642857142824 * inline;0.560021843430009;0.560021843430009;0.560021843430009;0.560021843430009;0.001433;2;8.94642857142824 * inline;1;1.91172504460652;
Elapsed=00:00:00.0015012
Learning progress:
1;234.43 * time_passes + 9.78944444444421 * inline;0.421435236589669;0.421435236589669;0.421435236589669;0.421435236589669;0.000822;2;9.78944444444421 * inline;1;0.828928882090471;
Elapsed=00:00:00.0008922
Learning progress:
1;234.305 * time_passes + 10.4664285714282 * inline;0.958759553868277;0.958759553868277;0.958759553868277;0.958759553868277;0.000875;2;10.4664285714282 * inline;1;1.93379905342384;
Elapsed=00:00:00.0009444
Learning progress:
1;234.68 * time_passes + 7.18380952380932 * instcombine;0.581865733666668;0.581865733666668;0.581865733666668;0.581865733666668;0.00094;2;7.18380952380932 * instcombine;1;2.44477549437336;
Elapsed=00:00:00.0010181
Learning progress:
1;233.69 * time_passes + 9.58571428571398 * inline;2.01179492014272;2.01179492014272;2.01179492014272;2.01179492014272;0.000759;2;9.58571428571398 * inline;1;1.08900642760463;
2;233.69 * time_passes + 10.0088888888888 * inline + -0.740555555555652 * sccp;1.9275016681559;1.9275016681559;1.9275016681559;1.9275016681559;0.002954;3;-0.740555555555652 * sccp;1;0.0842932519868247;
Elapsed=00:00:00.0030263
Learning progress:
1;235.295 * time_passes + 8.94642857142824 * inline;0.560021843430009;0.560021843430009;0.560021843430009;0.560021843430009;0.000883;2;8.94642857142824 * inline;1;1.91172504460652;
Elapsed=00:00:00.0009508
Learning progress:
1;234.43 * time_passes + 9.78944444444421 * inline;0.421435236589669;0.421435236589669;0.421435236589669;0.421435236589669;0.000826;2;9.78944444444421 * inline;1;0.828928882090471;
Elapsed=00:00:00.0008975
Learning progress:
1;234.305 * time_passes + 10.4664285714282 * inline;0.958759553868277;0.958759553868277;0.958759553868277;0.958759553868277;0.00093;2;10.4664285714282 * inline;1;1.93379905342384;
Elapsed=00:00:00.0010000
Learning progress:
1;234.68 * time_passes + 7.18380952380932 * instcombine;0.581865733666668;0.581865733666668;0.581865733666668;0.581865733666668;0.001027;2;7.18380952380932 * instcombine;1;2.44477549437336;
Elapsed=00:00:00.0011056
Learning progress:
1;233.69 * time_passes + 9.58571428571398 * inline;2.01179492014272;2.01179492014272;2.01179492014272;2.01179492014272;0.000885;2;9.58571428571398 * inline;1;1.08900642760463;
2;233.69 * time_passes + 10.0088888888888 * inline + -0.740555555555652 * sccp;1.9275016681559;1.9275016681559;1.9275016681559;1.9275016681559;0.003088;3;-0.740555555555652 * sccp;1;0.0842932519868247;
Elapsed=00:00:00.0031598
Learning progress:
1;235.295 * time_passes + 8.94642857142824 * inline;0.560021843430009;0.560021843430009;0.560021843430009;0.560021843430009;0.001026;2;8.94642857142824 * inline;1;1.91172504460652;
Elapsed=00:00:00.0010939
Learning progress:
1;234.43 * time_passes + 9.78944444444421 * inline;0.421435236589669;0.421435236589669;0.421435236589669;0.421435236589669;0.000992;2;9.78944444444421 * inline;1;0.828928882090471;
Elapsed=00:00:00.0010640
Learning progress:
1;234.305 * time_passes + 10.4664285714282 * inline;0.958759553868277;0.958759553868277;0.958759553868277;0.958759553868277;0.000922;2;10.4664285714282 * inline;1;1.93379905342384;
Elapsed=00:00:00.0009915
Learning progress:
1;234.68 * time_passes + 7.18380952380932 * instcombine;0.581865733666668;0.581865733666668;0.581865733666668;0.581865733666668;0.00094;2;7.18380952380932 * instcombine;1;2.44477549437336;
Elapsed=00:00:00.0010178
Learning progress:
1;233.69 * time_passes + 9.58571428571398 * inline;2.01179492014272;2.01179492014272;2.01179492014272;2.01179492014272;0.000848;2;9.58571428571398 * inline;1;1.08900642760463;
2;233.69 * time_passes + 10.0088888888888 * inline + -0.740555555555652 * sccp;1.9275016681559;1.9275016681559;1.9275016681559;1.9275016681559;0.002988;3;-0.740555555555652 * sccp;1;0.0842932519868247;
Elapsed=00:00:00.0030608
Learning progress:
1;235.295 * time_passes + 8.94642857142824 * inline;0.560021843430009;0.560021843430009;0.560021843430009;0.560021843430009;0.000868;2;8.94642857142824 * inline;1;1.91172504460652;
Elapsed=00:00:00.0009352
Learning progress:
1;234.43 * time_passes + 9.78944444444421 * inline;0.421435236589669;0.421435236589669;0.421435236589669;0.421435236589669;0.00149;2;9.78944444444421 * inline;1;0.828928882090471;
Elapsed=00:00:00.0015615
Learning progress:
1;234.305 * time_passes + 10.4664285714282 * inline;0.958759553868277;0.958759553868277;0.958759553868277;0.958759553868277;0.000842;2;10.4664285714282 * inline;1;1.93379905342384;
Elapsed=00:00:00.0009113
Learning progress:
1;234.68 * time_passes + 7.18380952380932 * instcombine;0.581865733666668;0.581865733666668;0.581865733666668;0.581865733666668;0.00103;2;7.18380952380932 * instcombine;1;2.44477549437336;
Elapsed=00:00:00.0011084
Learning progress:
1;233.69 * time_passes + 9.58571428571398 * inline;2.01179492014272;2.01179492014272;2.01179492014272;2.01179492014272;0.000913;2;9.58571428571398 * inline;1;1.08900642760463;
2;233.69 * time_passes + 10.0088888888888 * inline + -0.740555555555652 * sccp;1.9275016681559;1.9275016681559;1.9275016681559;1.9275016681559;0.003056;3;-0.740555555555652 * sccp;1;0.0842932519868247;
Elapsed=00:00:00.0031279
Learning progress:
1;235.295 * time_passes + 8.94642857142824 * inline;0.560021843430009;0.560021843430009;0.560021843430009;0.560021843430009;0.001062;2;8.94642857142824 * inline;1;1.91172504460652;
Elapsed=00:00:00.0011334
Learning progress:
1;234.43 * time_passes + 9.78944444444421 * inline;0.421435236589669;0.421435236589669;0.421435236589669;0.421435236589669;0.00083;2;9.78944444444421 * inline;1;0.828928882090471;
Elapsed=00:00:00.0009059
Learning progress:
1;234.305 * time_passes + 10.4664285714282 * inline;0.958759553868277;0.958759553868277;0.958759553868277;0.958759553868277;0.00092;2;10.4664285714282 * inline;1;1.93379905342384;
Elapsed=00:00:00.0009908
Learning progress:
1;234.68 * time_passes + 7.18380952380932 * instcombine;0.581865733666668;0.581865733666668;0.581865733666668;0.581865733666668;0.001016;2;7.18380952380932 * instcombine;1;2.44477549437336;
Elapsed=00:00:00.0010952
Learning progress:
1;233.69 * time_passes + 9.58571428571398 * inline;2.01179492014272;2.01179492014272;2.01179492014272;2.01179492014272;0.0008;2;9.58571428571398 * inline;1;1.08900642760463;
2;233.69 * time_passes + 10.0088888888888 * inline + -0.740555555555652 * sccp;1.9275016681559;1.9275016681559;1.9275016681559;1.9275016681559;0.002982;3;-0.740555555555652 * sccp;1;0.0842932519868247;
Elapsed=00:00:00.0030533
Learning progress:
1;235.295 * time_passes + 8.94642857142824 * inline;0.560021843430009;0.560021843430009;0.560021843430009;0.560021843430009;0.000993;2;8.94642857142824 * inline;1;1.91172504460652;
Elapsed=00:00:00.0010609
Learning progress:
1;234.43 * time_passes + 9.78944444444421 * inline;0.421435236589669;0.421435236589669;0.421435236589669;0.421435236589669;0.000987;2;9.78944444444421 * inline;1;0.828928882090471;
Elapsed=00:00:00.0010581
Learning progress:
1;234.305 * time_passes + 10.4664285714282 * inline;0.958759553868277;0.958759553868277;0.958759553868277;0.958759553868277;0.000817;2;10.4664285714282 * inline;1;1.93379905342384;
Elapsed=00:00:00.0008880
Learning progress:
1;234.68 * time_passes + 7.18380952380932 * instcombine;0.581865733666668;0.581865733666668;0.581865733666668;0.581865733666668;0.00095;2;7.18380952380932 * instcombine;1;2.44477549437336;
Elapsed=00:00:00.0010285
Learning progress:
1;233.69 * time_passes + 9.58571428571398 * inline;2.01179492014272;2.01179492014272;2.01179492014272;2.01179492014272;0.000747;2;9.58571428571398 * inline;1;1.08900642760463;
2;233.69 * time_passes + 10.0088888888888 * inline + -0.740555555555652 * sccp;1.9275016681559;1.9275016681559;1.9275016681559;1.9275016681559;0.002871;3;-0.740555555555652 * sccp;1;0.0842932519868247;
Elapsed=00:00:00.0029429
Learning progress:
1;235.295 * time_passes + 8.94642857142824 * inline;0.560021843430009;0.560021843430009;0.560021843430009;0.560021843430009;0.000988;2;8.94642857142824 * inline;1;1.91172504460652;
Elapsed=00:00:00.0010548
Learning progress:
1;234.43 * time_passes + 9.78944444444421 * inline;0.421435236589669;0.421435236589669;0.421435236589669;0.421435236589669;0.000863;2;9.78944444444421 * inline;1;0.828928882090471;
Elapsed=00:00:00.0009322
Learning progress:
1;234.305 * time_passes + 10.4664285714282 * inline;0.958759553868277;0.958759553868277;0.958759553868277;0.958759553868277;0.001465;2;10.4664285714282 * inline;1;1.93379905342384;
Elapsed=00:00:00.0015366
Learning progress:
1;234.68 * time_passes + 7.18380952380932 * instcombine;0.581865733666668;0.581865733666668;0.581865733666668;0.581865733666668;0.001028;2;7.18380952380932 * instcombine;1;2.44477549437336;
Elapsed=00:00:00.0011067
Learning progress:
1;233.69 * time_passes + 9.58571428571398 * inline;2.01179492014272;2.01179492014272;2.01179492014272;2.01179492014272;0.000903;2;9.58571428571398 * inline;1;1.08900642760463;
2;233.69 * time_passes + 10.0088888888888 * inline + -0.740555555555652 * sccp;1.9275016681559;1.9275016681559;1.9275016681559;1.9275016681559;0.003038;3;-0.740555555555652 * sccp;1;0.0842932519868247;
Elapsed=00:00:00.0031095
Learning progress:
1;235.295 * time_passes + 8.94642857142824 * inline;0.560021843430009;0.560021843430009;0.560021843430009;0.560021843430009;0.000906;2;8.94642857142824 * inline;1;1.91172504460652;
Elapsed=00:00:00.0009776
Learning progress:
1;234.43 * time_passes + 9.78944444444421 * inline;0.421435236589669;0.421435236589669;0.421435236589669;0.421435236589669;0.00082;2;9.78944444444421 * inline;1;0.828928882090471;
Elapsed=00:00:00.0008893
Learning progress:
1;234.305 * time_passes + 10.4664285714282 * inline;0.958759553868277;0.958759553868277;0.958759553868277;0.958759553868277;0.000824;2;10.4664285714282 * inline;1;1.93379905342384;
Elapsed=00:00:00.0008939
Error of optimal parameters: 0.889916807142104
Optimal parameters abortError:1;minImprovementPerRound:0.1;lossFunction:RELATIVE;quadraticFunctionSupport:True;learn-logFunction:True;learn-asymFunction:True;learn-ratioFunction:True;withHierarchy:False;useBackward:False;
Learning progress:
1;234.43 * time_passes + 9.81291666666641 * inline;0.717313516644589;0.717313516644589;0.717313516644589;0.717313516644589;0.001677;2;9.81291666666641 * inline;1;1.03271228379723;
Elapsed=00:00:00.0018043
command: clean-sampling
command: clean-global
command: script ./learn_divDistBased_t2.a
command: log ./out_divDistBased_t2Predictions.log
