Current machine learning settings: epsilon:0 lossFunction:RELATIVE parallelization:True bagging:False baggingNumbers:3 considerEpsilonTube:False baggingTestDataFraction:50 useBackward:False abortError:1 limitFeatureSize:False featureSizeTreshold:4 quadraticFunctionSupport:True crossValidation:False crossValidation-k:5 learn-logFunction:False learn-accumulatedLogFunction:False learn-asymFunction:False learn-ratioFunction:False learn-mirrowedFunction:False learn-numeric-disabled:True numberOfRounds:70 backwardErrorDelta:1 minImprovementPerRound:0.1 withHierarchy:False bruteForceCandidates:False ignoreBadFeatures:False stopOnLongRound:True candidateSizePenalty:True learnTimeLimit:00:00:00 scoreMeasure:RELERROR outputRoundsToStdout:False debug:False pythonInfluenceAnalysis:False blacklisted: 
command: solver z3
command: vm /scratch/kallistos/Distance-Based_Data/SupplementaryWebsite/MeasuredPerformanceValues/LLVM/FeatureModel.xml
Warning: Variability model contains outdated notation. Children nodes will no longer have effect on the model. Instead use the parent node to describe the parent of an configuration option. You can also use the converter providedby the Variability Model GUI in export>convert legacy model.
command: all /scratch/kallistos/Distance-Based_Data/SupplementaryWebsite/MeasuredPerformanceValues/LLVM/measurements.xml
Configs with too large deviation: 0
1024 configurations loaded.
command: nfp Performance
command: setsampleset /scratch/kallistos/Distance-Based_Data/Results/LLVM/LLVM_78/sampledConfigurations_divDistBased_t1.csv
command: learn-splconqueror-opt abortError=[1] minImprovementPerRound=[0.1,0.2,0.5] lossFunction=[RELATIVE] quadraticFunctionSupport=[True,False] learn_logFunction=[True,False] learn_asymFunction=[True,False] learn_ratioFunction=[True,False] withHierarchy=[False] useBackward=[False]
Learning: NumberOfConfigurationsLearning:11 NumberOfConfigurationsValidation:11
Learning progress:
1;242.706666666666 * time_passes + 0.236666666666494 * ipsccp;0.388977913296654;0.388977913296654;0.388977913296654;0.388977913296654;0.04586;2;0.236666666666494 * ipsccp;1;1.91003317743695;
Elapsed=00:00:00.0490795
Learning progress:
1;238.071666666667 * time_passes + 7.24071428571414 * inline;1.139628472934;1.139628472934;1.139628472934;1.139628472934;0.001551;2;7.24071428571414 * inline;1;3.99998120272931;
2;235.620175438596 * time_passes + 5.48964912280718 * inline + 4.90298245614006 * jump_threading;0.761276114057523;0.761276114057523;0.761276114057523;0.761276114057523;0.00496;3;4.90298245614006 * jump_threading;1;0.378352358876476;
Elapsed=00:00:00.0050632
Learning progress:
1;239.061666666667 * time_passes + 6.11214285714271 * inline;1.55535104545366;1.55535104545366;1.55535104545366;1.55535104545366;0.001359;2;6.11214285714271 * inline;1;1.32174406834232;
2;242.003333333333 * time_passes + 8.21333333333344 * inline + -5.88333333333362 * instcombine;0.75122818020026;0.75122818020026;0.75122818020026;0.75122818020026;0.005015;3;-5.88333333333362 * instcombine;1;0.804122865253404;
Elapsed=00:00:00.0051211
Learning progress:
1;236.941111111111 * time_passes + 5.98999999999986 * inline;3.32783821238155;3.32783821238155;3.32783821238155;3.32783821238155;0.00098;2;5.98999999999986 * inline;1;1.84949254183813;
2;236.026790123457 * time_passes + 6.44716049382684 * inline + 2.74296296296279 * ipsccp;2.95075595954717;2.95075595954717;2.95075595954717;2.95075595954717;0.005194;3;2.74296296296279 * ipsccp;1;0.377082252834376;
3;235.720555555555 * time_passes + 7.97833333333327 * inline + 3.66166666666654 * ipsccp + -2.75611111111121 * inline * sccp;2.83775959519612;2.83775959519612;2.83775959519612;2.83775959519612;0.009849;5;-2.75611111111121 * inline * sccp;2;0.0564981821755277;
Elapsed=00:00:00.0107693
Learning progress:
1;246.11 * time_passes + -4.00333333333361 * instcombine;0.668843370865083;0.668843370865083;0.668843370865083;0.668843370865083;0.001085;2;-4.00333333333361 * instcombine;1;1.81326802687035;
Elapsed=00:00:00.0011870
Learning progress:
1;242.706666666666 * time_passes + 0.236666666666494 * ipsccp;0.388977913296654;0.388977913296654;0.388977913296654;0.388977913296654;0.002741;2;0.236666666666494 * ipsccp;1;1.91003317743695;
Elapsed=00:00:00.0028931
Learning progress:
1;238.071666666667 * time_passes + 7.24071428571414 * inline;1.139628472934;1.139628472934;1.139628472934;1.139628472934;0.001074;2;7.24071428571414 * inline;1;3.99998120272931;
2;235.620175438596 * time_passes + 5.48964912280718 * inline + 4.90298245614006 * jump_threading;0.761276114057523;0.761276114057523;0.761276114057523;0.761276114057523;0.004161;3;4.90298245614006 * jump_threading;1;0.378352358876476;
Elapsed=00:00:00.0042630
Learning progress:
1;239.061666666667 * time_passes + 6.11214285714271 * inline;1.55535104545366;1.55535104545366;1.55535104545366;1.55535104545366;0.001201;2;6.11214285714271 * inline;1;1.32174406834232;
2;242.003333333333 * time_passes + 8.21333333333344 * inline + -5.88333333333362 * instcombine;0.75122818020026;0.75122818020026;0.75122818020026;0.75122818020026;0.004716;3;-5.88333333333362 * instcombine;1;0.804122865253404;
Elapsed=00:00:00.0048224
Learning progress:
1;236.941111111111 * time_passes + 5.98999999999986 * inline;3.32783821238155;3.32783821238155;3.32783821238155;3.32783821238155;0.001266;2;5.98999999999986 * inline;1;1.84949254183813;
2;236.026790123457 * time_passes + 6.44716049382684 * inline + 2.74296296296279 * ipsccp;2.95075595954717;2.95075595954717;2.95075595954717;2.95075595954717;0.004049;3;2.74296296296279 * ipsccp;1;0.377082252834376;
3;235.720555555555 * time_passes + 7.97833333333327 * inline + 3.66166666666654 * ipsccp + -2.75611111111121 * inline * sccp;2.83775959519612;2.83775959519612;2.83775959519612;2.83775959519612;0.009012;5;-2.75611111111121 * inline * sccp;2;0.0564981821755277;
Elapsed=00:00:00.0091316
Learning progress:
1;246.11 * time_passes + -4.00333333333361 * instcombine;0.668843370865083;0.668843370865083;0.668843370865083;0.668843370865083;0.001356;2;-4.00333333333361 * instcombine;1;1.81326802687035;
Elapsed=00:00:00.0014522
Learning progress:
1;242.706666666666 * time_passes + 0.236666666666494 * ipsccp;0.388977913296654;0.388977913296654;0.388977913296654;0.388977913296654;0.001134;2;0.236666666666494 * ipsccp;1;1.91003317743695;
Elapsed=00:00:00.0012323
Learning progress:
1;238.071666666667 * time_passes + 7.24071428571414 * inline;1.139628472934;1.139628472934;1.139628472934;1.139628472934;0.001335;2;7.24071428571414 * inline;1;3.99998120272931;
2;235.620175438596 * time_passes + 5.48964912280718 * inline + 4.90298245614006 * jump_threading;0.761276114057523;0.761276114057523;0.761276114057523;0.761276114057523;0.004349;3;4.90298245614006 * jump_threading;1;0.378352358876476;
Elapsed=00:00:00.0044576
Learning progress:
1;239.061666666667 * time_passes + 6.11214285714271 * inline;1.55535104545366;1.55535104545366;1.55535104545366;1.55535104545366;0.001283;2;6.11214285714271 * inline;1;1.32174406834232;
2;242.003333333333 * time_passes + 8.21333333333344 * inline + -5.88333333333362 * instcombine;0.75122818020026;0.75122818020026;0.75122818020026;0.75122818020026;0.004776;3;-5.88333333333362 * instcombine;1;0.804122865253404;
Elapsed=00:00:00.0048828
Learning progress:
1;236.941111111111 * time_passes + 5.98999999999986 * inline;3.32783821238155;3.32783821238155;3.32783821238155;3.32783821238155;0.001275;2;5.98999999999986 * inline;1;1.84949254183813;
2;236.026790123457 * time_passes + 6.44716049382684 * inline + 2.74296296296279 * ipsccp;2.95075595954717;2.95075595954717;2.95075595954717;2.95075595954717;0.004901;3;2.74296296296279 * ipsccp;1;0.377082252834376;
Elapsed=00:00:00.0050055
Learning progress:
1;246.11 * time_passes + -4.00333333333361 * instcombine;0.668843370865083;0.668843370865083;0.668843370865083;0.668843370865083;0.00118;2;-4.00333333333361 * instcombine;1;1.81326802687035;
Elapsed=00:00:00.0012771
Learning progress:
1;242.706666666666 * time_passes + 0.236666666666494 * ipsccp;0.388977913296654;0.388977913296654;0.388977913296654;0.388977913296654;0.001157;2;0.236666666666494 * ipsccp;1;1.91003317743695;
Elapsed=00:00:00.0012749
Learning progress:
1;238.071666666667 * time_passes + 7.24071428571414 * inline;1.139628472934;1.139628472934;1.139628472934;1.139628472934;0.001242;2;7.24071428571414 * inline;1;3.99998120272931;
2;235.620175438596 * time_passes + 5.48964912280718 * inline + 4.90298245614006 * jump_threading;0.761276114057523;0.761276114057523;0.761276114057523;0.761276114057523;0.004387;3;4.90298245614006 * jump_threading;1;0.378352358876476;
Elapsed=00:00:00.0044894
Learning progress:
1;239.061666666667 * time_passes + 6.11214285714271 * inline;1.55535104545366;1.55535104545366;1.55535104545366;1.55535104545366;0.001364;2;6.11214285714271 * inline;1;1.32174406834232;
2;242.003333333333 * time_passes + 8.21333333333344 * inline + -5.88333333333362 * instcombine;0.75122818020026;0.75122818020026;0.75122818020026;0.75122818020026;0.004369;3;-5.88333333333362 * instcombine;1;0.804122865253404;
Elapsed=00:00:00.0044780
Learning progress:
1;236.941111111111 * time_passes + 5.98999999999986 * inline;3.32783821238155;3.32783821238155;3.32783821238155;3.32783821238155;0.000975;2;5.98999999999986 * inline;1;1.84949254183813;
2;236.026790123457 * time_passes + 6.44716049382684 * inline + 2.74296296296279 * ipsccp;2.95075595954717;2.95075595954717;2.95075595954717;2.95075595954717;0.003698;3;2.74296296296279 * ipsccp;1;0.377082252834376;
3;235.720555555555 * time_passes + 7.97833333333327 * inline + 3.66166666666654 * ipsccp + -2.75611111111121 * inline * sccp;2.83775959519612;2.83775959519612;2.83775959519612;2.83775959519612;0.00832;5;-2.75611111111121 * inline * sccp;2;0.0564981821755277;
Elapsed=00:00:00.0084417
Learning progress:
1;246.11 * time_passes + -4.00333333333361 * instcombine;0.668843370865083;0.668843370865083;0.668843370865083;0.668843370865083;0.001071;2;-4.00333333333361 * instcombine;1;1.81326802687035;
Elapsed=00:00:00.0011680
Learning progress:
1;242.706666666666 * time_passes + 0.236666666666494 * ipsccp;0.388977913296654;0.388977913296654;0.388977913296654;0.388977913296654;0.00113;2;0.236666666666494 * ipsccp;1;1.91003317743695;
Elapsed=00:00:00.0012240
Learning progress:
1;238.071666666667 * time_passes + 7.24071428571414 * inline;1.139628472934;1.139628472934;1.139628472934;1.139628472934;0.001056;2;7.24071428571414 * inline;1;3.99998120272931;
2;235.620175438596 * time_passes + 5.48964912280718 * inline + 4.90298245614006 * jump_threading;0.761276114057523;0.761276114057523;0.761276114057523;0.761276114057523;0.005214;3;4.90298245614006 * jump_threading;1;0.378352358876476;
Elapsed=00:00:00.0053192
Learning progress:
1;239.061666666667 * time_passes + 6.11214285714271 * inline;1.55535104545366;1.55535104545366;1.55535104545366;1.55535104545366;0.001358;2;6.11214285714271 * inline;1;1.32174406834232;
2;242.003333333333 * time_passes + 8.21333333333344 * inline + -5.88333333333362 * instcombine;0.75122818020026;0.75122818020026;0.75122818020026;0.75122818020026;0.004407;3;-5.88333333333362 * instcombine;1;0.804122865253404;
Elapsed=00:00:00.0045127
Learning progress:
1;236.941111111111 * time_passes + 5.98999999999986 * inline;3.32783821238155;3.32783821238155;3.32783821238155;3.32783821238155;0.001229;2;5.98999999999986 * inline;1;1.84949254183813;
2;236.026790123457 * time_passes + 6.44716049382684 * inline + 2.74296296296279 * ipsccp;2.95075595954717;2.95075595954717;2.95075595954717;2.95075595954717;0.004011;3;2.74296296296279 * ipsccp;1;0.377082252834376;
3;235.720555555555 * time_passes + 7.97833333333327 * inline + 3.66166666666654 * ipsccp + -2.75611111111121 * inline * sccp;2.83775959519612;2.83775959519612;2.83775959519612;2.83775959519612;0.008644;5;-2.75611111111121 * inline * sccp;2;0.0564981821755277;
Elapsed=00:00:00.0087678
Learning progress:
1;246.11 * time_passes + -4.00333333333361 * instcombine;0.668843370865083;0.668843370865083;0.668843370865083;0.668843370865083;0.001319;2;-4.00333333333361 * instcombine;1;1.81326802687035;
Elapsed=00:00:00.0014162
Learning progress:
1;242.706666666666 * time_passes + 0.236666666666494 * ipsccp;0.388977913296654;0.388977913296654;0.388977913296654;0.388977913296654;0.001281;2;0.236666666666494 * ipsccp;1;1.91003317743695;
Elapsed=00:00:00.0013909
Learning progress:
1;238.071666666667 * time_passes + 7.24071428571414 * inline;1.139628472934;1.139628472934;1.139628472934;1.139628472934;0.001233;2;7.24071428571414 * inline;1;3.99998120272931;
2;235.620175438596 * time_passes + 5.48964912280718 * inline + 4.90298245614006 * jump_threading;0.761276114057523;0.761276114057523;0.761276114057523;0.761276114057523;0.004267;3;4.90298245614006 * jump_threading;1;0.378352358876476;
Elapsed=00:00:00.0043682
Learning progress:
1;239.061666666667 * time_passes + 6.11214285714271 * inline;1.55535104545366;1.55535104545366;1.55535104545366;1.55535104545366;0.001017;2;6.11214285714271 * inline;1;1.32174406834232;
2;242.003333333333 * time_passes + 8.21333333333344 * inline + -5.88333333333362 * instcombine;0.75122818020026;0.75122818020026;0.75122818020026;0.75122818020026;0.00434;3;-5.88333333333362 * instcombine;1;0.804122865253404;
Elapsed=00:00:00.0044467
Learning progress:
1;236.941111111111 * time_passes + 5.98999999999986 * inline;3.32783821238155;3.32783821238155;3.32783821238155;3.32783821238155;0.000995;2;5.98999999999986 * inline;1;1.84949254183813;
2;236.026790123457 * time_passes + 6.44716049382684 * inline + 2.74296296296279 * ipsccp;2.95075595954717;2.95075595954717;2.95075595954717;2.95075595954717;0.003721;3;2.74296296296279 * ipsccp;1;0.377082252834376;
Elapsed=00:00:00.0038280
Learning progress:
1;246.11 * time_passes + -4.00333333333361 * instcombine;0.668843370865083;0.668843370865083;0.668843370865083;0.668843370865083;0.001064;2;-4.00333333333361 * instcombine;1;1.81326802687035;
Elapsed=00:00:00.0011599
Learning progress:
1;242.706666666666 * time_passes + 0.236666666666494 * ipsccp;0.388977913296654;0.388977913296654;0.388977913296654;0.388977913296654;0.001427;2;0.236666666666494 * ipsccp;1;1.91003317743695;
Elapsed=00:00:00.0015243
Learning progress:
1;238.071666666667 * time_passes + 7.24071428571414 * inline;1.139628472934;1.139628472934;1.139628472934;1.139628472934;0.001162;2;7.24071428571414 * inline;1;3.99998120272931;
2;235.620175438596 * time_passes + 5.48964912280718 * inline + 4.90298245614006 * jump_threading;0.761276114057523;0.761276114057523;0.761276114057523;0.761276114057523;0.0042;3;4.90298245614006 * jump_threading;1;0.378352358876476;
Elapsed=00:00:00.0043013
Learning progress:
1;239.061666666667 * time_passes + 6.11214285714271 * inline;1.55535104545366;1.55535104545366;1.55535104545366;1.55535104545366;0.001113;2;6.11214285714271 * inline;1;1.32174406834232;
2;242.003333333333 * time_passes + 8.21333333333344 * inline + -5.88333333333362 * instcombine;0.75122818020026;0.75122818020026;0.75122818020026;0.75122818020026;0.005243;3;-5.88333333333362 * instcombine;1;0.804122865253404;
Elapsed=00:00:00.0053510
Learning progress:
1;236.941111111111 * time_passes + 5.98999999999986 * inline;3.32783821238155;3.32783821238155;3.32783821238155;3.32783821238155;0.000974;2;5.98999999999986 * inline;1;1.84949254183813;
2;236.026790123457 * time_passes + 6.44716049382684 * inline + 2.74296296296279 * ipsccp;2.95075595954717;2.95075595954717;2.95075595954717;2.95075595954717;0.003692;3;2.74296296296279 * ipsccp;1;0.377082252834376;
3;235.720555555555 * time_passes + 7.97833333333327 * inline + 3.66166666666654 * ipsccp + -2.75611111111121 * inline * sccp;2.83775959519612;2.83775959519612;2.83775959519612;2.83775959519612;0.008287;5;-2.75611111111121 * inline * sccp;2;0.0564981821755277;
Elapsed=00:00:00.0084103
Learning progress:
1;246.11 * time_passes + -4.00333333333361 * instcombine;0.668843370865083;0.668843370865083;0.668843370865083;0.668843370865083;0.001177;2;-4.00333333333361 * instcombine;1;1.81326802687035;
Elapsed=00:00:00.0012781
Learning progress:
1;242.706666666666 * time_passes + 0.236666666666494 * ipsccp;0.388977913296654;0.388977913296654;0.388977913296654;0.388977913296654;0.001263;2;0.236666666666494 * ipsccp;1;1.91003317743695;
Elapsed=00:00:00.0013570
Learning progress:
1;238.071666666667 * time_passes + 7.24071428571414 * inline;1.139628472934;1.139628472934;1.139628472934;1.139628472934;0.001284;2;7.24071428571414 * inline;1;3.99998120272931;
2;235.620175438596 * time_passes + 5.48964912280718 * inline + 4.90298245614006 * jump_threading;0.761276114057523;0.761276114057523;0.761276114057523;0.761276114057523;0.004764;3;4.90298245614006 * jump_threading;1;0.378352358876476;
Elapsed=00:00:00.0048690
Learning progress:
1;239.061666666667 * time_passes + 6.11214285714271 * inline;1.55535104545366;1.55535104545366;1.55535104545366;1.55535104545366;0.001033;2;6.11214285714271 * inline;1;1.32174406834232;
2;242.003333333333 * time_passes + 8.21333333333344 * inline + -5.88333333333362 * instcombine;0.75122818020026;0.75122818020026;0.75122818020026;0.75122818020026;0.004061;3;-5.88333333333362 * instcombine;1;0.804122865253404;
Elapsed=00:00:00.0041670
Learning progress:
1;236.941111111111 * time_passes + 5.98999999999986 * inline;3.32783821238155;3.32783821238155;3.32783821238155;3.32783821238155;0.001022;2;5.98999999999986 * inline;1;1.84949254183813;
2;236.026790123457 * time_passes + 6.44716049382684 * inline + 2.74296296296279 * ipsccp;2.95075595954717;2.95075595954717;2.95075595954717;2.95075595954717;0.003743;3;2.74296296296279 * ipsccp;1;0.377082252834376;
3;235.720555555555 * time_passes + 7.97833333333327 * inline + 3.66166666666654 * ipsccp + -2.75611111111121 * inline * sccp;2.83775959519612;2.83775959519612;2.83775959519612;2.83775959519612;0.009173;5;-2.75611111111121 * inline * sccp;2;0.0564981821755277;
Elapsed=00:00:00.0093154
Learning progress:
1;246.11 * time_passes + -4.00333333333361 * instcombine;0.668843370865083;0.668843370865083;0.668843370865083;0.668843370865083;0.0011;2;-4.00333333333361 * instcombine;1;1.81326802687035;
Elapsed=00:00:00.0011969
Learning progress:
1;242.706666666666 * time_passes + 0.236666666666494 * ipsccp;0.388977913296654;0.388977913296654;0.388977913296654;0.388977913296654;0.001201;2;0.236666666666494 * ipsccp;1;1.91003317743695;
Elapsed=00:00:00.0012983
Learning progress:
1;238.071666666667 * time_passes + 7.24071428571414 * inline;1.139628472934;1.139628472934;1.139628472934;1.139628472934;0.001154;2;7.24071428571414 * inline;1;3.99998120272931;
2;235.620175438596 * time_passes + 5.48964912280718 * inline + 4.90298245614006 * jump_threading;0.761276114057523;0.761276114057523;0.761276114057523;0.761276114057523;0.004211;3;4.90298245614006 * jump_threading;1;0.378352358876476;
Elapsed=00:00:00.0043137
Learning progress:
1;239.061666666667 * time_passes + 6.11214285714271 * inline;1.55535104545366;1.55535104545366;1.55535104545366;1.55535104545366;0.001086;2;6.11214285714271 * inline;1;1.32174406834232;
2;242.003333333333 * time_passes + 8.21333333333344 * inline + -5.88333333333362 * instcombine;0.75122818020026;0.75122818020026;0.75122818020026;0.75122818020026;0.005066;3;-5.88333333333362 * instcombine;1;0.804122865253404;
Elapsed=00:00:00.0051797
Learning progress:
1;236.941111111111 * time_passes + 5.98999999999986 * inline;3.32783821238155;3.32783821238155;3.32783821238155;3.32783821238155;0.001108;2;5.98999999999986 * inline;1;1.84949254183813;
2;236.026790123457 * time_passes + 6.44716049382684 * inline + 2.74296296296279 * ipsccp;2.95075595954717;2.95075595954717;2.95075595954717;2.95075595954717;0.003874;3;2.74296296296279 * ipsccp;1;0.377082252834376;
Elapsed=00:00:00.0039761
Learning progress:
1;246.11 * time_passes + -4.00333333333361 * instcombine;0.668843370865083;0.668843370865083;0.668843370865083;0.668843370865083;0.001211;2;-4.00333333333361 * instcombine;1;1.81326802687035;
Elapsed=00:00:00.0013063
Learning progress:
1;242.706666666666 * time_passes + 0.236666666666494 * ipsccp;0.388977913296654;0.388977913296654;0.388977913296654;0.388977913296654;0.001166;2;0.236666666666494 * ipsccp;1;1.91003317743695;
Elapsed=00:00:00.0012610
Learning progress:
1;238.071666666667 * time_passes + 7.24071428571414 * inline;1.139628472934;1.139628472934;1.139628472934;1.139628472934;0.00103;2;7.24071428571414 * inline;1;3.99998120272931;
2;235.620175438596 * time_passes + 5.48964912280718 * inline + 4.90298245614006 * jump_threading;0.761276114057523;0.761276114057523;0.761276114057523;0.761276114057523;0.004058;3;4.90298245614006 * jump_threading;1;0.378352358876476;
Elapsed=00:00:00.0041746
Learning progress:
1;239.061666666667 * time_passes + 6.11214285714271 * inline;1.55535104545366;1.55535104545366;1.55535104545366;1.55535104545366;0.001033;2;6.11214285714271 * inline;1;1.32174406834232;
2;242.003333333333 * time_passes + 8.21333333333344 * inline + -5.88333333333362 * instcombine;0.75122818020026;0.75122818020026;0.75122818020026;0.75122818020026;0.004079;3;-5.88333333333362 * instcombine;1;0.804122865253404;
Elapsed=00:00:00.0041871
Learning progress:
1;236.941111111111 * time_passes + 5.98999999999986 * inline;3.32783821238155;3.32783821238155;3.32783821238155;3.32783821238155;0.000975;2;5.98999999999986 * inline;1;1.84949254183813;
2;236.026790123457 * time_passes + 6.44716049382684 * inline + 2.74296296296279 * ipsccp;2.95075595954717;2.95075595954717;2.95075595954717;2.95075595954717;0.003736;3;2.74296296296279 * ipsccp;1;0.377082252834376;
3;235.720555555555 * time_passes + 7.97833333333327 * inline + 3.66166666666654 * ipsccp + -2.75611111111121 * inline * sccp;2.83775959519612;2.83775959519612;2.83775959519612;2.83775959519612;0.008335;5;-2.75611111111121 * inline * sccp;2;0.0564981821755277;
Elapsed=00:00:00.0084550
Learning progress:
1;246.11 * time_passes + -4.00333333333361 * instcombine;0.668843370865083;0.668843370865083;0.668843370865083;0.668843370865083;0.001063;2;-4.00333333333361 * instcombine;1;1.81326802687035;
Elapsed=00:00:00.0011606
Learning progress:
1;242.706666666666 * time_passes + 0.236666666666494 * ipsccp;0.388977913296654;0.388977913296654;0.388977913296654;0.388977913296654;0.00113;2;0.236666666666494 * ipsccp;1;1.91003317743695;
Elapsed=00:00:00.0012304
Learning progress:
1;238.071666666667 * time_passes + 7.24071428571414 * inline;1.139628472934;1.139628472934;1.139628472934;1.139628472934;0.00105;2;7.24071428571414 * inline;1;3.99998120272931;
2;235.620175438596 * time_passes + 5.48964912280718 * inline + 4.90298245614006 * jump_threading;0.761276114057523;0.761276114057523;0.761276114057523;0.761276114057523;0.004037;3;4.90298245614006 * jump_threading;1;0.378352358876476;
Elapsed=00:00:00.0041372
Learning progress:
1;239.061666666667 * time_passes + 6.11214285714271 * inline;1.55535104545366;1.55535104545366;1.55535104545366;1.55535104545366;0.001058;2;6.11214285714271 * inline;1;1.32174406834232;
2;242.003333333333 * time_passes + 8.21333333333344 * inline + -5.88333333333362 * instcombine;0.75122818020026;0.75122818020026;0.75122818020026;0.75122818020026;0.004102;3;-5.88333333333362 * instcombine;1;0.804122865253404;
Elapsed=00:00:00.0042072
Learning progress:
1;236.941111111111 * time_passes + 5.98999999999986 * inline;3.32783821238155;3.32783821238155;3.32783821238155;3.32783821238155;0.000995;2;5.98999999999986 * inline;1;1.84949254183813;
2;236.026790123457 * time_passes + 6.44716049382684 * inline + 2.74296296296279 * ipsccp;2.95075595954717;2.95075595954717;2.95075595954717;2.95075595954717;0.004566;3;2.74296296296279 * ipsccp;1;0.377082252834376;
3;235.720555555555 * time_passes + 7.97833333333327 * inline + 3.66166666666654 * ipsccp + -2.75611111111121 * inline * sccp;2.83775959519612;2.83775959519612;2.83775959519612;2.83775959519612;0.009181;5;-2.75611111111121 * inline * sccp;2;0.0564981821755277;
Elapsed=00:00:00.0093033
Learning progress:
1;246.11 * time_passes + -4.00333333333361 * instcombine;0.668843370865083;0.668843370865083;0.668843370865083;0.668843370865083;0.001088;2;-4.00333333333361 * instcombine;1;1.81326802687035;
Elapsed=00:00:00.0011854
Learning progress:
1;242.706666666666 * time_passes + 0.236666666666494 * ipsccp;0.388977913296654;0.388977913296654;0.388977913296654;0.388977913296654;0.001123;2;0.236666666666494 * ipsccp;1;1.91003317743695;
Elapsed=00:00:00.0012186
Learning progress:
1;238.071666666667 * time_passes + 7.24071428571414 * inline;1.139628472934;1.139628472934;1.139628472934;1.139628472934;0.001051;2;7.24071428571414 * inline;1;3.99998120272931;
2;235.620175438596 * time_passes + 5.48964912280718 * inline + 4.90298245614006 * jump_threading;0.761276114057523;0.761276114057523;0.761276114057523;0.761276114057523;0.004061;3;4.90298245614006 * jump_threading;1;0.378352358876476;
Elapsed=00:00:00.0041763
Learning progress:
1;239.061666666667 * time_passes + 6.11214285714271 * inline;1.55535104545366;1.55535104545366;1.55535104545366;1.55535104545366;0.001726;2;6.11214285714271 * inline;1;1.32174406834232;
2;242.003333333333 * time_passes + 8.21333333333344 * inline + -5.88333333333362 * instcombine;0.75122818020026;0.75122818020026;0.75122818020026;0.75122818020026;0.004745;3;-5.88333333333362 * instcombine;1;0.804122865253404;
Elapsed=00:00:00.0048503
Learning progress:
1;236.941111111111 * time_passes + 5.98999999999986 * inline;3.32783821238155;3.32783821238155;3.32783821238155;3.32783821238155;0.000984;2;5.98999999999986 * inline;1;1.84949254183813;
2;236.026790123457 * time_passes + 6.44716049382684 * inline + 2.74296296296279 * ipsccp;2.95075595954717;2.95075595954717;2.95075595954717;2.95075595954717;0.003677;3;2.74296296296279 * ipsccp;1;0.377082252834376;
Elapsed=00:00:00.0037808
Learning progress:
1;246.11 * time_passes + -4.00333333333361 * instcombine;0.668843370865083;0.668843370865083;0.668843370865083;0.668843370865083;0.001098;2;-4.00333333333361 * instcombine;1;1.81326802687035;
Elapsed=00:00:00.0011953
Learning progress:
1;242.706666666666 * time_passes + 0.236666666666494 * ipsccp;0.388977913296654;0.388977913296654;0.388977913296654;0.388977913296654;0.001133;2;0.236666666666494 * ipsccp;1;1.91003317743695;
Elapsed=00:00:00.0012293
Learning progress:
1;238.071666666667 * time_passes + 7.24071428571414 * inline;1.139628472934;1.139628472934;1.139628472934;1.139628472934;0.001044;2;7.24071428571414 * inline;1;3.99998120272931;
2;235.620175438596 * time_passes + 5.48964912280718 * inline + 4.90298245614006 * jump_threading;0.761276114057523;0.761276114057523;0.761276114057523;0.761276114057523;0.00489;3;4.90298245614006 * jump_threading;1;0.378352358876476;
Elapsed=00:00:00.0049955
Learning progress:
1;239.061666666667 * time_passes + 6.11214285714271 * inline;1.55535104545366;1.55535104545366;1.55535104545366;1.55535104545366;0.001061;2;6.11214285714271 * inline;1;1.32174406834232;
2;242.003333333333 * time_passes + 8.21333333333344 * inline + -5.88333333333362 * instcombine;0.75122818020026;0.75122818020026;0.75122818020026;0.75122818020026;0.004083;3;-5.88333333333362 * instcombine;1;0.804122865253404;
Elapsed=00:00:00.0041890
Learning progress:
1;236.941111111111 * time_passes + 5.98999999999986 * inline;3.32783821238155;3.32783821238155;3.32783821238155;3.32783821238155;0.001043;2;5.98999999999986 * inline;1;1.84949254183813;
2;236.026790123457 * time_passes + 6.44716049382684 * inline + 2.74296296296279 * ipsccp;2.95075595954717;2.95075595954717;2.95075595954717;2.95075595954717;0.003759;3;2.74296296296279 * ipsccp;1;0.377082252834376;
3;235.720555555555 * time_passes + 7.97833333333327 * inline + 3.66166666666654 * ipsccp + -2.75611111111121 * inline * sccp;2.83775959519612;2.83775959519612;2.83775959519612;2.83775959519612;0.008341;5;-2.75611111111121 * inline * sccp;2;0.0564981821755277;
Elapsed=00:00:00.0084858
Learning progress:
1;246.11 * time_passes + -4.00333333333361 * instcombine;0.668843370865083;0.668843370865083;0.668843370865083;0.668843370865083;0.001014;2;-4.00333333333361 * instcombine;1;1.81326802687035;
Elapsed=00:00:00.0011124
Learning progress:
1;242.706666666666 * time_passes + 0.236666666666494 * ipsccp;0.388977913296654;0.388977913296654;0.388977913296654;0.388977913296654;0.001319;2;0.236666666666494 * ipsccp;1;1.91003317743695;
Elapsed=00:00:00.0014135
Learning progress:
1;238.071666666667 * time_passes + 7.24071428571414 * inline;1.139628472934;1.139628472934;1.139628472934;1.139628472934;0.001022;2;7.24071428571414 * inline;1;3.99998120272931;
2;235.620175438596 * time_passes + 5.48964912280718 * inline + 4.90298245614006 * jump_threading;0.761276114057523;0.761276114057523;0.761276114057523;0.761276114057523;0.004555;3;4.90298245614006 * jump_threading;1;0.378352358876476;
Elapsed=00:00:00.0046699
Learning progress:
1;239.061666666667 * time_passes + 6.11214285714271 * inline;1.55535104545366;1.55535104545366;1.55535104545366;1.55535104545366;0.001092;2;6.11214285714271 * inline;1;1.32174406834232;
2;242.003333333333 * time_passes + 8.21333333333344 * inline + -5.88333333333362 * instcombine;0.75122818020026;0.75122818020026;0.75122818020026;0.75122818020026;0.00441;3;-5.88333333333362 * instcombine;1;0.804122865253404;
Elapsed=00:00:00.0045172
Learning progress:
1;236.941111111111 * time_passes + 5.98999999999986 * inline;3.32783821238155;3.32783821238155;3.32783821238155;3.32783821238155;0.001717;2;5.98999999999986 * inline;1;1.84949254183813;
2;236.026790123457 * time_passes + 6.44716049382684 * inline + 2.74296296296279 * ipsccp;2.95075595954717;2.95075595954717;2.95075595954717;2.95075595954717;0.004554;3;2.74296296296279 * ipsccp;1;0.377082252834376;
3;235.720555555555 * time_passes + 7.97833333333327 * inline + 3.66166666666654 * ipsccp + -2.75611111111121 * inline * sccp;2.83775959519612;2.83775959519612;2.83775959519612;2.83775959519612;0.009116;5;-2.75611111111121 * inline * sccp;2;0.0564981821755277;
Elapsed=00:00:00.0092380
Learning progress:
1;246.11 * time_passes + -4.00333333333361 * instcombine;0.668843370865083;0.668843370865083;0.668843370865083;0.668843370865083;0.001227;2;-4.00333333333361 * instcombine;1;1.81326802687035;
Elapsed=00:00:00.0013246
Learning progress:
1;242.706666666666 * time_passes + 0.236666666666494 * ipsccp;0.388977913296654;0.388977913296654;0.388977913296654;0.388977913296654;0.001127;2;0.236666666666494 * ipsccp;1;1.91003317743695;
Elapsed=00:00:00.0012215
Learning progress:
1;238.071666666667 * time_passes + 7.24071428571414 * inline;1.139628472934;1.139628472934;1.139628472934;1.139628472934;0.001305;2;7.24071428571414 * inline;1;3.99998120272931;
2;235.620175438596 * time_passes + 5.48964912280718 * inline + 4.90298245614006 * jump_threading;0.761276114057523;0.761276114057523;0.761276114057523;0.761276114057523;0.005268;3;4.90298245614006 * jump_threading;1;0.378352358876476;
Elapsed=00:00:00.0053733
Learning progress:
1;239.061666666667 * time_passes + 6.11214285714271 * inline;1.55535104545366;1.55535104545366;1.55535104545366;1.55535104545366;0.001032;2;6.11214285714271 * inline;1;1.32174406834232;
2;242.003333333333 * time_passes + 8.21333333333344 * inline + -5.88333333333362 * instcombine;0.75122818020026;0.75122818020026;0.75122818020026;0.75122818020026;0.004055;3;-5.88333333333362 * instcombine;1;0.804122865253404;
Elapsed=00:00:00.0041599
Learning progress:
1;236.941111111111 * time_passes + 5.98999999999986 * inline;3.32783821238155;3.32783821238155;3.32783821238155;3.32783821238155;0.000959;2;5.98999999999986 * inline;1;1.84949254183813;
2;236.026790123457 * time_passes + 6.44716049382684 * inline + 2.74296296296279 * ipsccp;2.95075595954717;2.95075595954717;2.95075595954717;2.95075595954717;0.003697;3;2.74296296296279 * ipsccp;1;0.377082252834376;
Elapsed=00:00:00.0038003
Learning progress:
1;246.11 * time_passes + -4.00333333333361 * instcombine;0.668843370865083;0.668843370865083;0.668843370865083;0.668843370865083;0.001113;2;-4.00333333333361 * instcombine;1;1.81326802687035;
Elapsed=00:00:00.0012102
Learning progress:
1;242.706666666666 * time_passes + 0.236666666666494 * ipsccp;0.388977913296654;0.388977913296654;0.388977913296654;0.388977913296654;0.001298;2;0.236666666666494 * ipsccp;1;1.91003317743695;
Elapsed=00:00:00.0013950
Learning progress:
1;238.071666666667 * time_passes + 7.24071428571414 * inline;1.139628472934;1.139628472934;1.139628472934;1.139628472934;0.001154;2;7.24071428571414 * inline;1;3.99998120272931;
2;235.620175438596 * time_passes + 5.48964912280718 * inline + 4.90298245614006 * jump_threading;0.761276114057523;0.761276114057523;0.761276114057523;0.761276114057523;0.004169;3;4.90298245614006 * jump_threading;1;0.378352358876476;
Elapsed=00:00:00.0042716
Learning progress:
1;239.061666666667 * time_passes + 6.11214285714271 * inline;1.55535104545366;1.55535104545366;1.55535104545366;1.55535104545366;0.00103;2;6.11214285714271 * inline;1;1.32174406834232;
2;242.003333333333 * time_passes + 8.21333333333344 * inline + -5.88333333333362 * instcombine;0.75122818020026;0.75122818020026;0.75122818020026;0.75122818020026;0.00407;3;-5.88333333333362 * instcombine;1;0.804122865253404;
Elapsed=00:00:00.0041757
Learning progress:
1;236.941111111111 * time_passes + 5.98999999999986 * inline;3.32783821238155;3.32783821238155;3.32783821238155;3.32783821238155;0.001194;2;5.98999999999986 * inline;1;1.84949254183813;
2;236.026790123457 * time_passes + 6.44716049382684 * inline + 2.74296296296279 * ipsccp;2.95075595954717;2.95075595954717;2.95075595954717;2.95075595954717;0.003896;3;2.74296296296279 * ipsccp;1;0.377082252834376;
3;235.720555555555 * time_passes + 7.97833333333327 * inline + 3.66166666666654 * ipsccp + -2.75611111111121 * inline * sccp;2.83775959519612;2.83775959519612;2.83775959519612;2.83775959519612;0.009298;5;-2.75611111111121 * inline * sccp;2;0.0564981821755277;
Elapsed=00:00:00.0094214
Learning progress:
1;246.11 * time_passes + -4.00333333333361 * instcombine;0.668843370865083;0.668843370865083;0.668843370865083;0.668843370865083;0.001219;2;-4.00333333333361 * instcombine;1;1.81326802687035;
Elapsed=00:00:00.0013148
Learning progress:
1;242.706666666666 * time_passes + 0.236666666666494 * ipsccp;0.388977913296654;0.388977913296654;0.388977913296654;0.388977913296654;0.001244;2;0.236666666666494 * ipsccp;1;1.91003317743695;
Elapsed=00:00:00.0013401
Learning progress:
1;238.071666666667 * time_passes + 7.24071428571414 * inline;1.139628472934;1.139628472934;1.139628472934;1.139628472934;0.001024;2;7.24071428571414 * inline;1;3.99998120272931;
2;235.620175438596 * time_passes + 5.48964912280718 * inline + 4.90298245614006 * jump_threading;0.761276114057523;0.761276114057523;0.761276114057523;0.761276114057523;0.004069;3;4.90298245614006 * jump_threading;1;0.378352358876476;
Elapsed=00:00:00.0041706
Learning progress:
1;239.061666666667 * time_passes + 6.11214285714271 * inline;1.55535104545366;1.55535104545366;1.55535104545366;1.55535104545366;0.001215;2;6.11214285714271 * inline;1;1.32174406834232;
2;242.003333333333 * time_passes + 8.21333333333344 * inline + -5.88333333333362 * instcombine;0.75122818020026;0.75122818020026;0.75122818020026;0.75122818020026;0.005107;3;-5.88333333333362 * instcombine;1;0.804122865253404;
Elapsed=00:00:00.0052141
Learning progress:
1;236.941111111111 * time_passes + 5.98999999999986 * inline;3.32783821238155;3.32783821238155;3.32783821238155;3.32783821238155;0.001141;2;5.98999999999986 * inline;1;1.84949254183813;
2;236.026790123457 * time_passes + 6.44716049382684 * inline + 2.74296296296279 * ipsccp;2.95075595954717;2.95075595954717;2.95075595954717;2.95075595954717;0.003902;3;2.74296296296279 * ipsccp;1;0.377082252834376;
3;235.720555555555 * time_passes + 7.97833333333327 * inline + 3.66166666666654 * ipsccp + -2.75611111111121 * inline * sccp;2.83775959519612;2.83775959519612;2.83775959519612;2.83775959519612;0.008511;5;-2.75611111111121 * inline * sccp;2;0.0564981821755277;
Elapsed=00:00:00.0086292
Learning progress:
1;246.11 * time_passes + -4.00333333333361 * instcombine;0.668843370865083;0.668843370865083;0.668843370865083;0.668843370865083;0.001325;2;-4.00333333333361 * instcombine;1;1.81326802687035;
Elapsed=00:00:00.0014209
Learning progress:
1;242.706666666666 * time_passes + 0.236666666666494 * ipsccp;0.388977913296654;0.388977913296654;0.388977913296654;0.388977913296654;0.00112;2;0.236666666666494 * ipsccp;1;1.91003317743695;
Elapsed=00:00:00.0012170
Learning progress:
1;238.071666666667 * time_passes + 7.24071428571414 * inline;1.139628472934;1.139628472934;1.139628472934;1.139628472934;0.001954;2;7.24071428571414 * inline;1;3.99998120272931;
2;235.620175438596 * time_passes + 5.48964912280718 * inline + 4.90298245614006 * jump_threading;0.761276114057523;0.761276114057523;0.761276114057523;0.761276114057523;0.004993;3;4.90298245614006 * jump_threading;1;0.378352358876476;
Elapsed=00:00:00.0050940
Learning progress:
1;239.061666666667 * time_passes + 6.11214285714271 * inline;1.55535104545366;1.55535104545366;1.55535104545366;1.55535104545366;0.00103;2;6.11214285714271 * inline;1;1.32174406834232;
2;242.003333333333 * time_passes + 8.21333333333344 * inline + -5.88333333333362 * instcombine;0.75122818020026;0.75122818020026;0.75122818020026;0.75122818020026;0.00405;3;-5.88333333333362 * instcombine;1;0.804122865253404;
Elapsed=00:00:00.0041560
Learning progress:
1;236.941111111111 * time_passes + 5.98999999999986 * inline;3.32783821238155;3.32783821238155;3.32783821238155;3.32783821238155;0.000973;2;5.98999999999986 * inline;1;1.84949254183813;
2;236.026790123457 * time_passes + 6.44716049382684 * inline + 2.74296296296279 * ipsccp;2.95075595954717;2.95075595954717;2.95075595954717;2.95075595954717;0.003765;3;2.74296296296279 * ipsccp;1;0.377082252834376;
Elapsed=00:00:00.0038699
Learning progress:
1;246.11 * time_passes + -4.00333333333361 * instcombine;0.668843370865083;0.668843370865083;0.668843370865083;0.668843370865083;0.001148;2;-4.00333333333361 * instcombine;1;1.81326802687035;
Elapsed=00:00:00.0012448
Learning progress:
1;242.706666666666 * time_passes + 0.236666666666494 * ipsccp;0.388977913296654;0.388977913296654;0.388977913296654;0.388977913296654;0.001129;2;0.236666666666494 * ipsccp;1;1.91003317743695;
Elapsed=00:00:00.0012277
Learning progress:
1;238.071666666667 * time_passes + 7.24071428571414 * inline;1.139628472934;1.139628472934;1.139628472934;1.139628472934;0.001349;2;7.24071428571414 * inline;1;3.99998120272931;
2;235.620175438596 * time_passes + 5.48964912280718 * inline + 4.90298245614006 * jump_threading;0.761276114057523;0.761276114057523;0.761276114057523;0.761276114057523;0.004404;3;4.90298245614006 * jump_threading;1;0.378352358876476;
Elapsed=00:00:00.0045094
Learning progress:
1;239.061666666667 * time_passes + 6.11214285714271 * inline;1.55535104545366;1.55535104545366;1.55535104545366;1.55535104545366;0.001012;2;6.11214285714271 * inline;1;1.32174406834232;
2;242.003333333333 * time_passes + 8.21333333333344 * inline + -5.88333333333362 * instcombine;0.75122818020026;0.75122818020026;0.75122818020026;0.75122818020026;0.004046;3;-5.88333333333362 * instcombine;1;0.804122865253404;
Elapsed=00:00:00.0041518
Learning progress:
1;236.941111111111 * time_passes + 5.98999999999986 * inline;3.32783821238155;3.32783821238155;3.32783821238155;3.32783821238155;0.001052;2;5.98999999999986 * inline;1;1.84949254183813;
2;236.026790123457 * time_passes + 6.44716049382684 * inline + 2.74296296296279 * ipsccp;2.95075595954717;2.95075595954717;2.95075595954717;2.95075595954717;0.004508;3;2.74296296296279 * ipsccp;1;0.377082252834376;
3;235.720555555555 * time_passes + 7.97833333333327 * inline + 3.66166666666654 * ipsccp + -2.75611111111121 * inline * sccp;2.83775959519612;2.83775959519612;2.83775959519612;2.83775959519612;0.009135;5;-2.75611111111121 * inline * sccp;2;0.0564981821755277;
Elapsed=00:00:00.0092563
Learning progress:
1;246.11 * time_passes + -4.00333333333361 * instcombine;0.668843370865083;0.668843370865083;0.668843370865083;0.668843370865083;0.001218;2;-4.00333333333361 * instcombine;1;1.81326802687035;
Elapsed=00:00:00.0013157
Learning progress:
1;242.706666666666 * time_passes + 0.236666666666494 * ipsccp;0.388977913296654;0.388977913296654;0.388977913296654;0.388977913296654;0.001185;2;0.236666666666494 * ipsccp;1;1.91003317743695;
Elapsed=00:00:00.0012809
Learning progress:
1;238.071666666667 * time_passes + 7.24071428571414 * inline;1.139628472934;1.139628472934;1.139628472934;1.139628472934;0.001019;2;7.24071428571414 * inline;1;3.99998120272931;
2;235.620175438596 * time_passes + 5.48964912280718 * inline + 4.90298245614006 * jump_threading;0.761276114057523;0.761276114057523;0.761276114057523;0.761276114057523;0.004;3;4.90298245614006 * jump_threading;1;0.378352358876476;
Elapsed=00:00:00.0041028
Learning progress:
1;239.061666666667 * time_passes + 6.11214285714271 * inline;1.55535104545366;1.55535104545366;1.55535104545366;1.55535104545366;0.002251;2;6.11214285714271 * inline;1;1.32174406834232;
2;242.003333333333 * time_passes + 8.21333333333344 * inline + -5.88333333333362 * instcombine;0.75122818020026;0.75122818020026;0.75122818020026;0.75122818020026;0.005288;3;-5.88333333333362 * instcombine;1;0.804122865253404;
Elapsed=00:00:00.0054166
Learning progress:
1;236.941111111111 * time_passes + 5.98999999999986 * inline;3.32783821238155;3.32783821238155;3.32783821238155;3.32783821238155;0.001149;2;5.98999999999986 * inline;1;1.84949254183813;
2;236.026790123457 * time_passes + 6.44716049382684 * inline + 2.74296296296279 * ipsccp;2.95075595954717;2.95075595954717;2.95075595954717;2.95075595954717;0.003917;3;2.74296296296279 * ipsccp;1;0.377082252834376;
3;235.720555555555 * time_passes + 7.97833333333327 * inline + 3.66166666666654 * ipsccp + -2.75611111111121 * inline * sccp;2.83775959519612;2.83775959519612;2.83775959519612;2.83775959519612;0.008363;5;-2.75611111111121 * inline * sccp;2;0.0564981821755277;
Elapsed=00:00:00.0084836
Learning progress:
1;246.11 * time_passes + -4.00333333333361 * instcombine;0.668843370865083;0.668843370865083;0.668843370865083;0.668843370865083;0.001072;2;-4.00333333333361 * instcombine;1;1.81326802687035;
Elapsed=00:00:00.0011680
Learning progress:
1;242.706666666666 * time_passes + 0.236666666666494 * ipsccp;0.388977913296654;0.388977913296654;0.388977913296654;0.388977913296654;0.001953;2;0.236666666666494 * ipsccp;1;1.91003317743695;
Elapsed=00:00:00.0020508
Learning progress:
1;238.071666666667 * time_passes + 7.24071428571414 * inline;1.139628472934;1.139628472934;1.139628472934;1.139628472934;0.00109;2;7.24071428571414 * inline;1;3.99998120272931;
2;235.620175438596 * time_passes + 5.48964912280718 * inline + 4.90298245614006 * jump_threading;0.761276114057523;0.761276114057523;0.761276114057523;0.761276114057523;0.004106;3;4.90298245614006 * jump_threading;1;0.378352358876476;
Elapsed=00:00:00.0042143
Learning progress:
1;239.061666666667 * time_passes + 6.11214285714271 * inline;1.55535104545366;1.55535104545366;1.55535104545366;1.55535104545366;0.001068;2;6.11214285714271 * inline;1;1.32174406834232;
2;242.003333333333 * time_passes + 8.21333333333344 * inline + -5.88333333333362 * instcombine;0.75122818020026;0.75122818020026;0.75122818020026;0.75122818020026;0.00425;3;-5.88333333333362 * instcombine;1;0.804122865253404;
Elapsed=00:00:00.0043571
Learning progress:
1;236.941111111111 * time_passes + 5.98999999999986 * inline;3.32783821238155;3.32783821238155;3.32783821238155;3.32783821238155;0.000942;2;5.98999999999986 * inline;1;1.84949254183813;
2;236.026790123457 * time_passes + 6.44716049382684 * inline + 2.74296296296279 * ipsccp;2.95075595954717;2.95075595954717;2.95075595954717;2.95075595954717;0.003758;3;2.74296296296279 * ipsccp;1;0.377082252834376;
Elapsed=00:00:00.0038627
Learning progress:
1;246.11 * time_passes + -4.00333333333361 * instcombine;0.668843370865083;0.668843370865083;0.668843370865083;0.668843370865083;0.001305;2;-4.00333333333361 * instcombine;1;1.81326802687035;
Elapsed=00:00:00.0014037
Learning progress:
1;242.706666666666 * time_passes + 0.236666666666494 * ipsccp;0.388977913296654;0.388977913296654;0.388977913296654;0.388977913296654;0.001149;2;0.236666666666494 * ipsccp;1;1.91003317743695;
Elapsed=00:00:00.0012446
Learning progress:
1;238.071666666667 * time_passes + 7.24071428571414 * inline;1.139628472934;1.139628472934;1.139628472934;1.139628472934;0.001292;2;7.24071428571414 * inline;1;3.99998120272931;
2;235.620175438596 * time_passes + 5.48964912280718 * inline + 4.90298245614006 * jump_threading;0.761276114057523;0.761276114057523;0.761276114057523;0.761276114057523;0.004352;3;4.90298245614006 * jump_threading;1;0.378352358876476;
Elapsed=00:00:00.0044523
Learning progress:
1;239.061666666667 * time_passes + 6.11214285714271 * inline;1.55535104545366;1.55535104545366;1.55535104545366;1.55535104545366;0.001095;2;6.11214285714271 * inline;1;1.32174406834232;
2;242.003333333333 * time_passes + 8.21333333333344 * inline + -5.88333333333362 * instcombine;0.75122818020026;0.75122818020026;0.75122818020026;0.75122818020026;0.004087;3;-5.88333333333362 * instcombine;1;0.804122865253404;
Elapsed=00:00:00.0042056
Learning progress:
1;236.941111111111 * time_passes + 5.98999999999986 * inline;3.32783821238155;3.32783821238155;3.32783821238155;3.32783821238155;0.001977;2;5.98999999999986 * inline;1;1.84949254183813;
2;236.026790123457 * time_passes + 6.44716049382684 * inline + 2.74296296296279 * ipsccp;2.95075595954717;2.95075595954717;2.95075595954717;2.95075595954717;0.004691;3;2.74296296296279 * ipsccp;1;0.377082252834376;
3;235.720555555555 * time_passes + 7.97833333333327 * inline + 3.66166666666654 * ipsccp + -2.75611111111121 * inline * sccp;2.83775959519612;2.83775959519612;2.83775959519612;2.83775959519612;0.009484;5;-2.75611111111121 * inline * sccp;2;0.0564981821755277;
Elapsed=00:00:00.0096055
Learning progress:
1;246.11 * time_passes + -4.00333333333361 * instcombine;0.668843370865083;0.668843370865083;0.668843370865083;0.668843370865083;0.001222;2;-4.00333333333361 * instcombine;1;1.81326802687035;
Elapsed=00:00:00.0013191
Learning progress:
1;242.706666666666 * time_passes + 0.236666666666494 * ipsccp;0.388977913296654;0.388977913296654;0.388977913296654;0.388977913296654;0.001188;2;0.236666666666494 * ipsccp;1;1.91003317743695;
Elapsed=00:00:00.0012830
Learning progress:
1;238.071666666667 * time_passes + 7.24071428571414 * inline;1.139628472934;1.139628472934;1.139628472934;1.139628472934;0.001002;2;7.24071428571414 * inline;1;3.99998120272931;
2;235.620175438596 * time_passes + 5.48964912280718 * inline + 4.90298245614006 * jump_threading;0.761276114057523;0.761276114057523;0.761276114057523;0.761276114057523;0.005316;3;4.90298245614006 * jump_threading;1;0.378352358876476;
Elapsed=00:00:00.0054250
Learning progress:
1;239.061666666667 * time_passes + 6.11214285714271 * inline;1.55535104545366;1.55535104545366;1.55535104545366;1.55535104545366;0.001038;2;6.11214285714271 * inline;1;1.32174406834232;
2;242.003333333333 * time_passes + 8.21333333333344 * inline + -5.88333333333362 * instcombine;0.75122818020026;0.75122818020026;0.75122818020026;0.75122818020026;0.004517;3;-5.88333333333362 * instcombine;1;0.804122865253404;
Elapsed=00:00:00.0046227
Learning progress:
1;236.941111111111 * time_passes + 5.98999999999986 * inline;3.32783821238155;3.32783821238155;3.32783821238155;3.32783821238155;0.000971;2;5.98999999999986 * inline;1;1.84949254183813;
2;236.026790123457 * time_passes + 6.44716049382684 * inline + 2.74296296296279 * ipsccp;2.95075595954717;2.95075595954717;2.95075595954717;2.95075595954717;0.003869;3;2.74296296296279 * ipsccp;1;0.377082252834376;
3;235.720555555555 * time_passes + 7.97833333333327 * inline + 3.66166666666654 * ipsccp + -2.75611111111121 * inline * sccp;2.83775959519612;2.83775959519612;2.83775959519612;2.83775959519612;0.008572;5;-2.75611111111121 * inline * sccp;2;0.0564981821755277;
Elapsed=00:00:00.0086928
Learning progress:
1;246.11 * time_passes + -4.00333333333361 * instcombine;0.668843370865083;0.668843370865083;0.668843370865083;0.668843370865083;0.001045;2;-4.00333333333361 * instcombine;1;1.81326802687035;
Elapsed=00:00:00.0011426
Learning progress:
1;242.706666666666 * time_passes + 0.236666666666494 * ipsccp;0.388977913296654;0.388977913296654;0.388977913296654;0.388977913296654;0.001134;2;0.236666666666494 * ipsccp;1;1.91003317743695;
Elapsed=00:00:00.0012304
Learning progress:
1;238.071666666667 * time_passes + 7.24071428571414 * inline;1.139628472934;1.139628472934;1.139628472934;1.139628472934;0.001044;2;7.24071428571414 * inline;1;3.99998120272931;
2;235.620175438596 * time_passes + 5.48964912280718 * inline + 4.90298245614006 * jump_threading;0.761276114057523;0.761276114057523;0.761276114057523;0.761276114057523;0.004077;3;4.90298245614006 * jump_threading;1;0.378352358876476;
Elapsed=00:00:00.0041781
Learning progress:
1;239.061666666667 * time_passes + 6.11214285714271 * inline;1.55535104545366;1.55535104545366;1.55535104545366;1.55535104545366;0.001028;2;6.11214285714271 * inline;1;1.32174406834232;
2;242.003333333333 * time_passes + 8.21333333333344 * inline + -5.88333333333362 * instcombine;0.75122818020026;0.75122818020026;0.75122818020026;0.75122818020026;0.004092;3;-5.88333333333362 * instcombine;1;0.804122865253404;
Elapsed=00:00:00.0042101
Learning progress:
1;236.941111111111 * time_passes + 5.98999999999986 * inline;3.32783821238155;3.32783821238155;3.32783821238155;3.32783821238155;0.001004;2;5.98999999999986 * inline;1;1.84949254183813;
2;236.026790123457 * time_passes + 6.44716049382684 * inline + 2.74296296296279 * ipsccp;2.95075595954717;2.95075595954717;2.95075595954717;2.95075595954717;0.00442;3;2.74296296296279 * ipsccp;1;0.377082252834376;
Elapsed=00:00:00.0045253
Learning progress:
1;246.11 * time_passes + -4.00333333333361 * instcombine;0.668843370865083;0.668843370865083;0.668843370865083;0.668843370865083;0.001204;2;-4.00333333333361 * instcombine;1;1.81326802687035;
Elapsed=00:00:00.0012997
Learning progress:
1;242.706666666666 * time_passes + 0.236666666666494 * ipsccp;0.388977913296654;0.388977913296654;0.388977913296654;0.388977913296654;0.001255;2;0.236666666666494 * ipsccp;1;1.91003317743695;
Elapsed=00:00:00.0013511
Learning progress:
1;238.071666666667 * time_passes + 7.24071428571414 * inline;1.139628472934;1.139628472934;1.139628472934;1.139628472934;0.001244;2;7.24071428571414 * inline;1;3.99998120272931;
2;235.620175438596 * time_passes + 5.48964912280718 * inline + 4.90298245614006 * jump_threading;0.761276114057523;0.761276114057523;0.761276114057523;0.761276114057523;0.004285;3;4.90298245614006 * jump_threading;1;0.378352358876476;
Elapsed=00:00:00.0043859
Learning progress:
1;239.061666666667 * time_passes + 6.11214285714271 * inline;1.55535104545366;1.55535104545366;1.55535104545366;1.55535104545366;0.001159;2;6.11214285714271 * inline;1;1.32174406834232;
2;242.003333333333 * time_passes + 8.21333333333344 * inline + -5.88333333333362 * instcombine;0.75122818020026;0.75122818020026;0.75122818020026;0.75122818020026;0.005101;3;-5.88333333333362 * instcombine;1;0.804122865253404;
Elapsed=00:00:00.0052099
Learning progress:
1;236.941111111111 * time_passes + 5.98999999999986 * inline;3.32783821238155;3.32783821238155;3.32783821238155;3.32783821238155;0.001118;2;5.98999999999986 * inline;1;1.84949254183813;
2;236.026790123457 * time_passes + 6.44716049382684 * inline + 2.74296296296279 * ipsccp;2.95075595954717;2.95075595954717;2.95075595954717;2.95075595954717;0.003855;3;2.74296296296279 * ipsccp;1;0.377082252834376;
3;235.720555555555 * time_passes + 7.97833333333327 * inline + 3.66166666666654 * ipsccp + -2.75611111111121 * inline * sccp;2.83775959519612;2.83775959519612;2.83775959519612;2.83775959519612;0.008478;5;-2.75611111111121 * inline * sccp;2;0.0564981821755277;
Elapsed=00:00:00.0085965
Learning progress:
1;246.11 * time_passes + -4.00333333333361 * instcombine;0.668843370865083;0.668843370865083;0.668843370865083;0.668843370865083;0.001066;2;-4.00333333333361 * instcombine;1;1.81326802687035;
Elapsed=00:00:00.0011612
Learning progress:
1;242.706666666666 * time_passes + 0.236666666666494 * ipsccp;0.388977913296654;0.388977913296654;0.388977913296654;0.388977913296654;0.001303;2;0.236666666666494 * ipsccp;1;1.91003317743695;
Elapsed=00:00:00.0013989
Learning progress:
1;238.071666666667 * time_passes + 7.24071428571414 * inline;1.139628472934;1.139628472934;1.139628472934;1.139628472934;0.00189;2;7.24071428571414 * inline;1;3.99998120272931;
2;235.620175438596 * time_passes + 5.48964912280718 * inline + 4.90298245614006 * jump_threading;0.761276114057523;0.761276114057523;0.761276114057523;0.761276114057523;0.004889;3;4.90298245614006 * jump_threading;1;0.378352358876476;
Elapsed=00:00:00.0049894
Learning progress:
1;239.061666666667 * time_passes + 6.11214285714271 * inline;1.55535104545366;1.55535104545366;1.55535104545366;1.55535104545366;0.001053;2;6.11214285714271 * inline;1;1.32174406834232;
2;242.003333333333 * time_passes + 8.21333333333344 * inline + -5.88333333333362 * instcombine;0.75122818020026;0.75122818020026;0.75122818020026;0.75122818020026;0.004068;3;-5.88333333333362 * instcombine;1;0.804122865253404;
Elapsed=00:00:00.0041730
Learning progress:
1;236.941111111111 * time_passes + 5.98999999999986 * inline;3.32783821238155;3.32783821238155;3.32783821238155;3.32783821238155;0.000971;2;5.98999999999986 * inline;1;1.84949254183813;
2;236.026790123457 * time_passes + 6.44716049382684 * inline + 2.74296296296279 * ipsccp;2.95075595954717;2.95075595954717;2.95075595954717;2.95075595954717;0.003738;3;2.74296296296279 * ipsccp;1;0.377082252834376;
3;235.720555555555 * time_passes + 7.97833333333327 * inline + 3.66166666666654 * ipsccp + -2.75611111111121 * inline * sccp;2.83775959519612;2.83775959519612;2.83775959519612;2.83775959519612;0.009289;5;-2.75611111111121 * inline * sccp;2;0.0564981821755277;
Elapsed=00:00:00.0094209
Learning progress:
1;246.11 * time_passes + -4.00333333333361 * instcombine;0.668843370865083;0.668843370865083;0.668843370865083;0.668843370865083;0.001139;2;-4.00333333333361 * instcombine;1;1.81326802687035;
Elapsed=00:00:00.0012372
Learning progress:
1;242.706666666666 * time_passes + 0.236666666666494 * ipsccp;0.388977913296654;0.388977913296654;0.388977913296654;0.388977913296654;0.001124;2;0.236666666666494 * ipsccp;1;1.91003317743695;
Elapsed=00:00:00.0012198
Learning progress:
1;238.071666666667 * time_passes + 7.24071428571414 * inline;1.139628472934;1.139628472934;1.139628472934;1.139628472934;0.001279;2;7.24071428571414 * inline;1;3.99998120272931;
2;235.620175438596 * time_passes + 5.48964912280718 * inline + 4.90298245614006 * jump_threading;0.761276114057523;0.761276114057523;0.761276114057523;0.761276114057523;0.004344;3;4.90298245614006 * jump_threading;1;0.378352358876476;
Elapsed=00:00:00.0044461
Learning progress:
1;239.061666666667 * time_passes + 6.11214285714271 * inline;1.55535104545366;1.55535104545366;1.55535104545366;1.55535104545366;0.001163;2;6.11214285714271 * inline;1;1.32174406834232;
2;242.003333333333 * time_passes + 8.21333333333344 * inline + -5.88333333333362 * instcombine;0.75122818020026;0.75122818020026;0.75122818020026;0.75122818020026;0.005101;3;-5.88333333333362 * instcombine;1;0.804122865253404;
Elapsed=00:00:00.0052113
Learning progress:
1;236.941111111111 * time_passes + 5.98999999999986 * inline;3.32783821238155;3.32783821238155;3.32783821238155;3.32783821238155;0.001007;2;5.98999999999986 * inline;1;1.84949254183813;
2;236.026790123457 * time_passes + 6.44716049382684 * inline + 2.74296296296279 * ipsccp;2.95075595954717;2.95075595954717;2.95075595954717;2.95075595954717;0.00372;3;2.74296296296279 * ipsccp;1;0.377082252834376;
Elapsed=00:00:00.0038226
Learning progress:
1;246.11 * time_passes + -4.00333333333361 * instcombine;0.668843370865083;0.668843370865083;0.668843370865083;0.668843370865083;0.001095;2;-4.00333333333361 * instcombine;1;1.81326802687035;
Elapsed=00:00:00.0011913
Learning progress:
1;242.706666666666 * time_passes + 0.236666666666494 * ipsccp;0.388977913296654;0.388977913296654;0.388977913296654;0.388977913296654;0.001137;2;0.236666666666494 * ipsccp;1;1.91003317743695;
Elapsed=00:00:00.0012322
Learning progress:
1;238.071666666667 * time_passes + 7.24071428571414 * inline;1.139628472934;1.139628472934;1.139628472934;1.139628472934;0.001102;2;7.24071428571414 * inline;1;3.99998120272931;
2;235.620175438596 * time_passes + 5.48964912280718 * inline + 4.90298245614006 * jump_threading;0.761276114057523;0.761276114057523;0.761276114057523;0.761276114057523;0.004146;3;4.90298245614006 * jump_threading;1;0.378352358876476;
Elapsed=00:00:00.0042477
Learning progress:
1;239.061666666667 * time_passes + 6.11214285714271 * inline;1.55535104545366;1.55535104545366;1.55535104545366;1.55535104545366;0.001879;2;6.11214285714271 * inline;1;1.32174406834232;
2;242.003333333333 * time_passes + 8.21333333333344 * inline + -5.88333333333362 * instcombine;0.75122818020026;0.75122818020026;0.75122818020026;0.75122818020026;0.004898;3;-5.88333333333362 * instcombine;1;0.804122865253404;
Elapsed=00:00:00.0050064
Learning progress:
1;236.941111111111 * time_passes + 5.98999999999986 * inline;3.32783821238155;3.32783821238155;3.32783821238155;3.32783821238155;0.000985;2;5.98999999999986 * inline;1;1.84949254183813;
2;236.026790123457 * time_passes + 6.44716049382684 * inline + 2.74296296296279 * ipsccp;2.95075595954717;2.95075595954717;2.95075595954717;2.95075595954717;0.003688;3;2.74296296296279 * ipsccp;1;0.377082252834376;
3;235.720555555555 * time_passes + 7.97833333333327 * inline + 3.66166666666654 * ipsccp + -2.75611111111121 * inline * sccp;2.83775959519612;2.83775959519612;2.83775959519612;2.83775959519612;0.008268;5;-2.75611111111121 * inline * sccp;2;0.0564981821755277;
Elapsed=00:00:00.0083890
Learning progress:
1;246.11 * time_passes + -4.00333333333361 * instcombine;0.668843370865083;0.668843370865083;0.668843370865083;0.668843370865083;0.001061;2;-4.00333333333361 * instcombine;1;1.81326802687035;
Elapsed=00:00:00.0011576
Learning progress:
1;242.706666666666 * time_passes + 0.236666666666494 * ipsccp;0.388977913296654;0.388977913296654;0.388977913296654;0.388977913296654;0.001867;2;0.236666666666494 * ipsccp;1;1.91003317743695;
Elapsed=00:00:00.0019659
Learning progress:
1;238.071666666667 * time_passes + 7.24071428571414 * inline;1.139628472934;1.139628472934;1.139628472934;1.139628472934;0.001251;2;7.24071428571414 * inline;1;3.99998120272931;
2;235.620175438596 * time_passes + 5.48964912280718 * inline + 4.90298245614006 * jump_threading;0.761276114057523;0.761276114057523;0.761276114057523;0.761276114057523;0.004235;3;4.90298245614006 * jump_threading;1;0.378352358876476;
Elapsed=00:00:00.0043365
Learning progress:
1;239.061666666667 * time_passes + 6.11214285714271 * inline;1.55535104545366;1.55535104545366;1.55535104545366;1.55535104545366;0.001095;2;6.11214285714271 * inline;1;1.32174406834232;
2;242.003333333333 * time_passes + 8.21333333333344 * inline + -5.88333333333362 * instcombine;0.75122818020026;0.75122818020026;0.75122818020026;0.75122818020026;0.004055;3;-5.88333333333362 * instcombine;1;0.804122865253404;
Elapsed=00:00:00.0041616
Learning progress:
1;236.941111111111 * time_passes + 5.98999999999986 * inline;3.32783821238155;3.32783821238155;3.32783821238155;3.32783821238155;0.000957;2;5.98999999999986 * inline;1;1.84949254183813;
2;236.026790123457 * time_passes + 6.44716049382684 * inline + 2.74296296296279 * ipsccp;2.95075595954717;2.95075595954717;2.95075595954717;2.95075595954717;0.003723;3;2.74296296296279 * ipsccp;1;0.377082252834376;
3;235.720555555555 * time_passes + 7.97833333333327 * inline + 3.66166666666654 * ipsccp + -2.75611111111121 * inline * sccp;2.83775959519612;2.83775959519612;2.83775959519612;2.83775959519612;0.00905;5;-2.75611111111121 * inline * sccp;2;0.0564981821755277;
Elapsed=00:00:00.0091713
Learning progress:
1;246.11 * time_passes + -4.00333333333361 * instcombine;0.668843370865083;0.668843370865083;0.668843370865083;0.668843370865083;0.001061;2;-4.00333333333361 * instcombine;1;1.81326802687035;
Elapsed=00:00:00.0011945
Learning progress:
1;242.706666666666 * time_passes + 0.236666666666494 * ipsccp;0.388977913296654;0.388977913296654;0.388977913296654;0.388977913296654;0.00129;2;0.236666666666494 * ipsccp;1;1.91003317743695;
Elapsed=00:00:00.0013851
Learning progress:
1;238.071666666667 * time_passes + 7.24071428571414 * inline;1.139628472934;1.139628472934;1.139628472934;1.139628472934;0.001211;2;7.24071428571414 * inline;1;3.99998120272931;
2;235.620175438596 * time_passes + 5.48964912280718 * inline + 4.90298245614006 * jump_threading;0.761276114057523;0.761276114057523;0.761276114057523;0.761276114057523;0.004182;3;4.90298245614006 * jump_threading;1;0.378352358876476;
Elapsed=00:00:00.0042830
Learning progress:
1;239.061666666667 * time_passes + 6.11214285714271 * inline;1.55535104545366;1.55535104545366;1.55535104545366;1.55535104545366;0.00125;2;6.11214285714271 * inline;1;1.32174406834232;
2;242.003333333333 * time_passes + 8.21333333333344 * inline + -5.88333333333362 * instcombine;0.75122818020026;0.75122818020026;0.75122818020026;0.75122818020026;0.004915;3;-5.88333333333362 * instcombine;1;0.804122865253404;
Elapsed=00:00:00.0050253
Learning progress:
1;236.941111111111 * time_passes + 5.98999999999986 * inline;3.32783821238155;3.32783821238155;3.32783821238155;3.32783821238155;0.001114;2;5.98999999999986 * inline;1;1.84949254183813;
2;236.026790123457 * time_passes + 6.44716049382684 * inline + 2.74296296296279 * ipsccp;2.95075595954717;2.95075595954717;2.95075595954717;2.95075595954717;0.003909;3;2.74296296296279 * ipsccp;1;0.377082252834376;
Elapsed=00:00:00.0040116
Learning progress:
1;246.11 * time_passes + -4.00333333333361 * instcombine;0.668843370865083;0.668843370865083;0.668843370865083;0.668843370865083;0.001243;2;-4.00333333333361 * instcombine;1;1.81326802687035;
Elapsed=00:00:00.0013404
Learning progress:
1;242.706666666666 * time_passes + 0.236666666666494 * ipsccp;0.388977913296654;0.388977913296654;0.388977913296654;0.388977913296654;0.001191;2;0.236666666666494 * ipsccp;1;1.91003317743695;
Elapsed=00:00:00.0012861
Learning progress:
1;238.071666666667 * time_passes + 7.24071428571414 * inline;1.139628472934;1.139628472934;1.139628472934;1.139628472934;0.001023;2;7.24071428571414 * inline;1;3.99998120272931;
2;235.620175438596 * time_passes + 5.48964912280718 * inline + 4.90298245614006 * jump_threading;0.761276114057523;0.761276114057523;0.761276114057523;0.761276114057523;0.005058;3;4.90298245614006 * jump_threading;1;0.378352358876476;
Elapsed=00:00:00.0051625
Learning progress:
1;239.061666666667 * time_passes + 6.11214285714271 * inline;1.55535104545366;1.55535104545366;1.55535104545366;1.55535104545366;0.001169;2;6.11214285714271 * inline;1;1.32174406834232;
2;242.003333333333 * time_passes + 8.21333333333344 * inline + -5.88333333333362 * instcombine;0.75122818020026;0.75122818020026;0.75122818020026;0.75122818020026;0.00419;3;-5.88333333333362 * instcombine;1;0.804122865253404;
Elapsed=00:00:00.0042952
Learning progress:
1;236.941111111111 * time_passes + 5.98999999999986 * inline;3.32783821238155;3.32783821238155;3.32783821238155;3.32783821238155;0.001124;2;5.98999999999986 * inline;1;1.84949254183813;
2;236.026790123457 * time_passes + 6.44716049382684 * inline + 2.74296296296279 * ipsccp;2.95075595954717;2.95075595954717;2.95075595954717;2.95075595954717;0.003921;3;2.74296296296279 * ipsccp;1;0.377082252834376;
3;235.720555555555 * time_passes + 7.97833333333327 * inline + 3.66166666666654 * ipsccp + -2.75611111111121 * inline * sccp;2.83775959519612;2.83775959519612;2.83775959519612;2.83775959519612;0.008561;5;-2.75611111111121 * inline * sccp;2;0.0564981821755277;
Elapsed=00:00:00.0087003
Learning progress:
1;246.11 * time_passes + -4.00333333333361 * instcombine;0.668843370865083;0.668843370865083;0.668843370865083;0.668843370865083;0.001023;2;-4.00333333333361 * instcombine;1;1.81326802687035;
Elapsed=00:00:00.0011206
Learning progress:
1;242.706666666666 * time_passes + 0.236666666666494 * ipsccp;0.388977913296654;0.388977913296654;0.388977913296654;0.388977913296654;0.001316;2;0.236666666666494 * ipsccp;1;1.91003317743695;
Elapsed=00:00:00.0014118
Learning progress:
1;238.071666666667 * time_passes + 7.24071428571414 * inline;1.139628472934;1.139628472934;1.139628472934;1.139628472934;0.001291;2;7.24071428571414 * inline;1;3.99998120272931;
2;235.620175438596 * time_passes + 5.48964912280718 * inline + 4.90298245614006 * jump_threading;0.761276114057523;0.761276114057523;0.761276114057523;0.761276114057523;0.004448;3;4.90298245614006 * jump_threading;1;0.378352358876476;
Elapsed=00:00:00.0045483
Learning progress:
1;239.061666666667 * time_passes + 6.11214285714271 * inline;1.55535104545366;1.55535104545366;1.55535104545366;1.55535104545366;0.00109;2;6.11214285714271 * inline;1;1.32174406834232;
2;242.003333333333 * time_passes + 8.21333333333344 * inline + -5.88333333333362 * instcombine;0.75122818020026;0.75122818020026;0.75122818020026;0.75122818020026;0.00424;3;-5.88333333333362 * instcombine;1;0.804122865253404;
Elapsed=00:00:00.0043638
Learning progress:
1;236.941111111111 * time_passes + 5.98999999999986 * inline;3.32783821238155;3.32783821238155;3.32783821238155;3.32783821238155;0.00187;2;5.98999999999986 * inline;1;1.84949254183813;
2;236.026790123457 * time_passes + 6.44716049382684 * inline + 2.74296296296279 * ipsccp;2.95075595954717;2.95075595954717;2.95075595954717;2.95075595954717;0.004583;3;2.74296296296279 * ipsccp;1;0.377082252834376;
3;235.720555555555 * time_passes + 7.97833333333327 * inline + 3.66166666666654 * ipsccp + -2.75611111111121 * inline * sccp;2.83775959519612;2.83775959519612;2.83775959519612;2.83775959519612;0.009191;5;-2.75611111111121 * inline * sccp;2;0.0564981821755277;
Elapsed=00:00:00.0093095
Learning progress:
1;246.11 * time_passes + -4.00333333333361 * instcombine;0.668843370865083;0.668843370865083;0.668843370865083;0.668843370865083;0.001095;2;-4.00333333333361 * instcombine;1;1.81326802687035;
Elapsed=00:00:00.0012155
Learning progress:
1;242.706666666666 * time_passes + 0.236666666666494 * ipsccp;0.388977913296654;0.388977913296654;0.388977913296654;0.388977913296654;0.00112;2;0.236666666666494 * ipsccp;1;1.91003317743695;
Elapsed=00:00:00.0012160
Learning progress:
1;238.071666666667 * time_passes + 7.24071428571414 * inline;1.139628472934;1.139628472934;1.139628472934;1.139628472934;0.001102;2;7.24071428571414 * inline;1;3.99998120272931;
2;235.620175438596 * time_passes + 5.48964912280718 * inline + 4.90298245614006 * jump_threading;0.761276114057523;0.761276114057523;0.761276114057523;0.761276114057523;0.004951;3;4.90298245614006 * jump_threading;1;0.378352358876476;
Elapsed=00:00:00.0050574
Learning progress:
1;239.061666666667 * time_passes + 6.11214285714271 * inline;1.55535104545366;1.55535104545366;1.55535104545366;1.55535104545366;0.001033;2;6.11214285714271 * inline;1;1.32174406834232;
2;242.003333333333 * time_passes + 8.21333333333344 * inline + -5.88333333333362 * instcombine;0.75122818020026;0.75122818020026;0.75122818020026;0.75122818020026;0.004064;3;-5.88333333333362 * instcombine;1;0.804122865253404;
Elapsed=00:00:00.0041695
Learning progress:
1;236.941111111111 * time_passes + 5.98999999999986 * inline;3.32783821238155;3.32783821238155;3.32783821238155;3.32783821238155;0.000994;2;5.98999999999986 * inline;1;1.84949254183813;
2;236.026790123457 * time_passes + 6.44716049382684 * inline + 2.74296296296279 * ipsccp;2.95075595954717;2.95075595954717;2.95075595954717;2.95075595954717;0.003804;3;2.74296296296279 * ipsccp;1;0.377082252834376;
Elapsed=00:00:00.0039079
Learning progress:
1;246.11 * time_passes + -4.00333333333361 * instcombine;0.668843370865083;0.668843370865083;0.668843370865083;0.668843370865083;0.001143;2;-4.00333333333361 * instcombine;1;1.81326802687035;
Elapsed=00:00:00.0012396
Learning progress:
1;242.706666666666 * time_passes + 0.236666666666494 * ipsccp;0.388977913296654;0.388977913296654;0.388977913296654;0.388977913296654;0.001141;2;0.236666666666494 * ipsccp;1;1.91003317743695;
Elapsed=00:00:00.0012369
Learning progress:
1;238.071666666667 * time_passes + 7.24071428571414 * inline;1.139628472934;1.139628472934;1.139628472934;1.139628472934;0.001918;2;7.24071428571414 * inline;1;3.99998120272931;
2;235.620175438596 * time_passes + 5.48964912280718 * inline + 4.90298245614006 * jump_threading;0.761276114057523;0.761276114057523;0.761276114057523;0.761276114057523;0.004893;3;4.90298245614006 * jump_threading;1;0.378352358876476;
Elapsed=00:00:00.0049941
Learning progress:
1;239.061666666667 * time_passes + 6.11214285714271 * inline;1.55535104545366;1.55535104545366;1.55535104545366;1.55535104545366;0.001256;2;6.11214285714271 * inline;1;1.32174406834232;
2;242.003333333333 * time_passes + 8.21333333333344 * inline + -5.88333333333362 * instcombine;0.75122818020026;0.75122818020026;0.75122818020026;0.75122818020026;0.004502;3;-5.88333333333362 * instcombine;1;0.804122865253404;
Elapsed=00:00:00.0046073
Learning progress:
1;236.941111111111 * time_passes + 5.98999999999986 * inline;3.32783821238155;3.32783821238155;3.32783821238155;3.32783821238155;0.00099;2;5.98999999999986 * inline;1;1.84949254183813;
2;236.026790123457 * time_passes + 6.44716049382684 * inline + 2.74296296296279 * ipsccp;2.95075595954717;2.95075595954717;2.95075595954717;2.95075595954717;0.003915;3;2.74296296296279 * ipsccp;1;0.377082252834376;
3;235.720555555555 * time_passes + 7.97833333333327 * inline + 3.66166666666654 * ipsccp + -2.75611111111121 * inline * sccp;2.83775959519612;2.83775959519612;2.83775959519612;2.83775959519612;0.009309;5;-2.75611111111121 * inline * sccp;2;0.0564981821755277;
Elapsed=00:00:00.0094410
Learning progress:
1;246.11 * time_passes + -4.00333333333361 * instcombine;0.668843370865083;0.668843370865083;0.668843370865083;0.668843370865083;0.00101;2;-4.00333333333361 * instcombine;1;1.81326802687035;
Elapsed=00:00:00.0011044
Learning progress:
1;242.706666666666 * time_passes + 0.236666666666494 * ipsccp;0.388977913296654;0.388977913296654;0.388977913296654;0.388977913296654;0.001217;2;0.236666666666494 * ipsccp;1;1.91003317743695;
Elapsed=00:00:00.0013170
Learning progress:
1;238.071666666667 * time_passes + 7.24071428571414 * inline;1.139628472934;1.139628472934;1.139628472934;1.139628472934;0.001033;2;7.24071428571414 * inline;1;3.99998120272931;
2;235.620175438596 * time_passes + 5.48964912280718 * inline + 4.90298245614006 * jump_threading;0.761276114057523;0.761276114057523;0.761276114057523;0.761276114057523;0.004295;3;4.90298245614006 * jump_threading;1;0.378352358876476;
Elapsed=00:00:00.0043965
Learning progress:
1;239.061666666667 * time_passes + 6.11214285714271 * inline;1.55535104545366;1.55535104545366;1.55535104545366;1.55535104545366;0.001071;2;6.11214285714271 * inline;1;1.32174406834232;
2;242.003333333333 * time_passes + 8.21333333333344 * inline + -5.88333333333362 * instcombine;0.75122818020026;0.75122818020026;0.75122818020026;0.75122818020026;0.004996;3;-5.88333333333362 * instcombine;1;0.804122865253404;
Elapsed=00:00:00.0051074
Learning progress:
1;236.941111111111 * time_passes + 5.98999999999986 * inline;3.32783821238155;3.32783821238155;3.32783821238155;3.32783821238155;0.000973;2;5.98999999999986 * inline;1;1.84949254183813;
2;236.026790123457 * time_passes + 6.44716049382684 * inline + 2.74296296296279 * ipsccp;2.95075595954717;2.95075595954717;2.95075595954717;2.95075595954717;0.003704;3;2.74296296296279 * ipsccp;1;0.377082252834376;
3;235.720555555555 * time_passes + 7.97833333333327 * inline + 3.66166666666654 * ipsccp + -2.75611111111121 * inline * sccp;2.83775959519612;2.83775959519612;2.83775959519612;2.83775959519612;0.00832;5;-2.75611111111121 * inline * sccp;2;0.0564981821755277;
Elapsed=00:00:00.0084418
Learning progress:
1;246.11 * time_passes + -4.00333333333361 * instcombine;0.668843370865083;0.668843370865083;0.668843370865083;0.668843370865083;0.001063;2;-4.00333333333361 * instcombine;1;1.81326802687035;
Elapsed=00:00:00.0011585
Learning progress:
1;242.706666666666 * time_passes + 0.236666666666494 * ipsccp;0.388977913296654;0.388977913296654;0.388977913296654;0.388977913296654;0.001266;2;0.236666666666494 * ipsccp;1;1.91003317743695;
Elapsed=00:00:00.0013631
Learning progress:
1;238.071666666667 * time_passes + 7.24071428571414 * inline;1.139628472934;1.139628472934;1.139628472934;1.139628472934;0.002081;2;7.24071428571414 * inline;1;3.99998120272931;
2;235.620175438596 * time_passes + 5.48964912280718 * inline + 4.90298245614006 * jump_threading;0.761276114057523;0.761276114057523;0.761276114057523;0.761276114057523;0.005149;3;4.90298245614006 * jump_threading;1;0.378352358876476;
Elapsed=00:00:00.0052518
Learning progress:
1;239.061666666667 * time_passes + 6.11214285714271 * inline;1.55535104545366;1.55535104545366;1.55535104545366;1.55535104545366;0.001073;2;6.11214285714271 * inline;1;1.32174406834232;
2;242.003333333333 * time_passes + 8.21333333333344 * inline + -5.88333333333362 * instcombine;0.75122818020026;0.75122818020026;0.75122818020026;0.75122818020026;0.004109;3;-5.88333333333362 * instcombine;1;0.804122865253404;
Elapsed=00:00:00.0042155
Learning progress:
1;236.941111111111 * time_passes + 5.98999999999986 * inline;3.32783821238155;3.32783821238155;3.32783821238155;3.32783821238155;0.000952;2;5.98999999999986 * inline;1;1.84949254183813;
2;236.026790123457 * time_passes + 6.44716049382684 * inline + 2.74296296296279 * ipsccp;2.95075595954717;2.95075595954717;2.95075595954717;2.95075595954717;0.003711;3;2.74296296296279 * ipsccp;1;0.377082252834376;
Elapsed=00:00:00.0038321
Learning progress:
1;246.11 * time_passes + -4.00333333333361 * instcombine;0.668843370865083;0.668843370865083;0.668843370865083;0.668843370865083;0.001146;2;-4.00333333333361 * instcombine;1;1.81326802687035;
Elapsed=00:00:00.0012421
Learning progress:
1;242.706666666666 * time_passes + 0.236666666666494 * ipsccp;0.388977913296654;0.388977913296654;0.388977913296654;0.388977913296654;0.001187;2;0.236666666666494 * ipsccp;1;1.91003317743695;
Elapsed=00:00:00.0012847
Learning progress:
1;238.071666666667 * time_passes + 7.24071428571414 * inline;1.139628472934;1.139628472934;1.139628472934;1.139628472934;0.000999;2;7.24071428571414 * inline;1;3.99998120272931;
2;235.620175438596 * time_passes + 5.48964912280718 * inline + 4.90298245614006 * jump_threading;0.761276114057523;0.761276114057523;0.761276114057523;0.761276114057523;0.004061;3;4.90298245614006 * jump_threading;1;0.378352358876476;
Elapsed=00:00:00.0041638
Learning progress:
1;239.061666666667 * time_passes + 6.11214285714271 * inline;1.55535104545366;1.55535104545366;1.55535104545366;1.55535104545366;0.001234;2;6.11214285714271 * inline;1;1.32174406834232;
2;242.003333333333 * time_passes + 8.21333333333344 * inline + -5.88333333333362 * instcombine;0.75122818020026;0.75122818020026;0.75122818020026;0.75122818020026;0.004254;3;-5.88333333333362 * instcombine;1;0.804122865253404;
Elapsed=00:00:00.0043597
Learning progress:
1;236.941111111111 * time_passes + 5.98999999999986 * inline;3.32783821238155;3.32783821238155;3.32783821238155;3.32783821238155;0.000986;2;5.98999999999986 * inline;1;1.84949254183813;
2;236.026790123457 * time_passes + 6.44716049382684 * inline + 2.74296296296279 * ipsccp;2.95075595954717;2.95075595954717;2.95075595954717;2.95075595954717;0.003927;3;2.74296296296279 * ipsccp;1;0.377082252834376;
3;235.720555555555 * time_passes + 7.97833333333327 * inline + 3.66166666666654 * ipsccp + -2.75611111111121 * inline * sccp;2.83775959519612;2.83775959519612;2.83775959519612;2.83775959519612;0.009341;5;-2.75611111111121 * inline * sccp;2;0.0564981821755277;
Elapsed=00:00:00.0094642
Learning progress:
1;246.11 * time_passes + -4.00333333333361 * instcombine;0.668843370865083;0.668843370865083;0.668843370865083;0.668843370865083;0.001216;2;-4.00333333333361 * instcombine;1;1.81326802687035;
Elapsed=00:00:00.0013134
Learning progress:
1;242.706666666666 * time_passes + 0.236666666666494 * ipsccp;0.388977913296654;0.388977913296654;0.388977913296654;0.388977913296654;0.001138;2;0.236666666666494 * ipsccp;1;1.91003317743695;
Elapsed=00:00:00.0012325
Learning progress:
1;238.071666666667 * time_passes + 7.24071428571414 * inline;1.139628472934;1.139628472934;1.139628472934;1.139628472934;0.001044;2;7.24071428571414 * inline;1;3.99998120272931;
2;235.620175438596 * time_passes + 5.48964912280718 * inline + 4.90298245614006 * jump_threading;0.761276114057523;0.761276114057523;0.761276114057523;0.761276114057523;0.004069;3;4.90298245614006 * jump_threading;1;0.378352358876476;
Elapsed=00:00:00.0041703
Learning progress:
1;239.061666666667 * time_passes + 6.11214285714271 * inline;1.55535104545366;1.55535104545366;1.55535104545366;1.55535104545366;0.001779;2;6.11214285714271 * inline;1;1.32174406834232;
2;242.003333333333 * time_passes + 8.21333333333344 * inline + -5.88333333333362 * instcombine;0.75122818020026;0.75122818020026;0.75122818020026;0.75122818020026;0.004772;3;-5.88333333333362 * instcombine;1;0.804122865253404;
Elapsed=00:00:00.0048764
Learning progress:
1;236.941111111111 * time_passes + 5.98999999999986 * inline;3.32783821238155;3.32783821238155;3.32783821238155;3.32783821238155;0.001172;2;5.98999999999986 * inline;1;1.84949254183813;
2;236.026790123457 * time_passes + 6.44716049382684 * inline + 2.74296296296279 * ipsccp;2.95075595954717;2.95075595954717;2.95075595954717;2.95075595954717;0.003945;3;2.74296296296279 * ipsccp;1;0.377082252834376;
3;235.720555555555 * time_passes + 7.97833333333327 * inline + 3.66166666666654 * ipsccp + -2.75611111111121 * inline * sccp;2.83775959519612;2.83775959519612;2.83775959519612;2.83775959519612;0.008723;5;-2.75611111111121 * inline * sccp;2;0.0564981821755277;
Elapsed=00:00:00.0088562
Learning progress:
1;246.11 * time_passes + -4.00333333333361 * instcombine;0.668843370865083;0.668843370865083;0.668843370865083;0.668843370865083;0.001215;2;-4.00333333333361 * instcombine;1;1.81326802687035;
Elapsed=00:00:00.0013112
Learning progress:
1;242.706666666666 * time_passes + 0.236666666666494 * ipsccp;0.388977913296654;0.388977913296654;0.388977913296654;0.388977913296654;0.001837;2;0.236666666666494 * ipsccp;1;1.91003317743695;
Elapsed=00:00:00.0019394
Learning progress:
1;238.071666666667 * time_passes + 7.24071428571414 * inline;1.139628472934;1.139628472934;1.139628472934;1.139628472934;0.001108;2;7.24071428571414 * inline;1;3.99998120272931;
2;235.620175438596 * time_passes + 5.48964912280718 * inline + 4.90298245614006 * jump_threading;0.761276114057523;0.761276114057523;0.761276114057523;0.761276114057523;0.004078;3;4.90298245614006 * jump_threading;1;0.378352358876476;
Elapsed=00:00:00.0041790
Learning progress:
1;239.061666666667 * time_passes + 6.11214285714271 * inline;1.55535104545366;1.55535104545366;1.55535104545366;1.55535104545366;0.001235;2;6.11214285714271 * inline;1;1.32174406834232;
2;242.003333333333 * time_passes + 8.21333333333344 * inline + -5.88333333333362 * instcombine;0.75122818020026;0.75122818020026;0.75122818020026;0.75122818020026;0.00428;3;-5.88333333333362 * instcombine;1;0.804122865253404;
Elapsed=00:00:00.0043878
Learning progress:
1;236.941111111111 * time_passes + 5.98999999999986 * inline;3.32783821238155;3.32783821238155;3.32783821238155;3.32783821238155;0.001121;2;5.98999999999986 * inline;1;1.84949254183813;
2;236.026790123457 * time_passes + 6.44716049382684 * inline + 2.74296296296279 * ipsccp;2.95075595954717;2.95075595954717;2.95075595954717;2.95075595954717;0.003912;3;2.74296296296279 * ipsccp;1;0.377082252834376;
Elapsed=00:00:00.0040187
Learning progress:
1;246.11 * time_passes + -4.00333333333361 * instcombine;0.668843370865083;0.668843370865083;0.668843370865083;0.668843370865083;0.001292;2;-4.00333333333361 * instcombine;1;1.81326802687035;
Elapsed=00:00:00.0013927
Learning progress:
1;242.706666666666 * time_passes + 0.236666666666494 * ipsccp;0.388977913296654;0.388977913296654;0.388977913296654;0.388977913296654;0.001235;2;0.236666666666494 * ipsccp;1;1.91003317743695;
Elapsed=00:00:00.0013312
Learning progress:
1;238.071666666667 * time_passes + 7.24071428571414 * inline;1.139628472934;1.139628472934;1.139628472934;1.139628472934;0.001275;2;7.24071428571414 * inline;1;3.99998120272931;
2;235.620175438596 * time_passes + 5.48964912280718 * inline + 4.90298245614006 * jump_threading;0.761276114057523;0.761276114057523;0.761276114057523;0.761276114057523;0.00432;3;4.90298245614006 * jump_threading;1;0.378352358876476;
Elapsed=00:00:00.0044218
Learning progress:
1;239.061666666667 * time_passes + 6.11214285714271 * inline;1.55535104545366;1.55535104545366;1.55535104545366;1.55535104545366;0.00105;2;6.11214285714271 * inline;1;1.32174406834232;
2;242.003333333333 * time_passes + 8.21333333333344 * inline + -5.88333333333362 * instcombine;0.75122818020026;0.75122818020026;0.75122818020026;0.75122818020026;0.004134;3;-5.88333333333362 * instcombine;1;0.804122865253404;
Elapsed=00:00:00.0042398
Learning progress:
1;236.941111111111 * time_passes + 5.98999999999986 * inline;3.32783821238155;3.32783821238155;3.32783821238155;3.32783821238155;0.001761;2;5.98999999999986 * inline;1;1.84949254183813;
2;236.026790123457 * time_passes + 6.44716049382684 * inline + 2.74296296296279 * ipsccp;2.95075595954717;2.95075595954717;2.95075595954717;2.95075595954717;0.004555;3;2.74296296296279 * ipsccp;1;0.377082252834376;
3;235.720555555555 * time_passes + 7.97833333333327 * inline + 3.66166666666654 * ipsccp + -2.75611111111121 * inline * sccp;2.83775959519612;2.83775959519612;2.83775959519612;2.83775959519612;0.009386;5;-2.75611111111121 * inline * sccp;2;0.0564981821755277;
Elapsed=00:00:00.0095308
Learning progress:
1;246.11 * time_passes + -4.00333333333361 * instcombine;0.668843370865083;0.668843370865083;0.668843370865083;0.668843370865083;0.00117;2;-4.00333333333361 * instcombine;1;1.81326802687035;
Elapsed=00:00:00.0012660
Learning progress:
1;242.706666666666 * time_passes + 0.236666666666494 * ipsccp;0.388977913296654;0.388977913296654;0.388977913296654;0.388977913296654;0.001348;2;0.236666666666494 * ipsccp;1;1.91003317743695;
Elapsed=00:00:00.0014436
Learning progress:
1;238.071666666667 * time_passes + 7.24071428571414 * inline;1.139628472934;1.139628472934;1.139628472934;1.139628472934;0.001039;2;7.24071428571414 * inline;1;3.99998120272931;
2;235.620175438596 * time_passes + 5.48964912280718 * inline + 4.90298245614006 * jump_threading;0.761276114057523;0.761276114057523;0.761276114057523;0.761276114057523;0.004998;3;4.90298245614006 * jump_threading;1;0.378352358876476;
Elapsed=00:00:00.0051020
Learning progress:
1;239.061666666667 * time_passes + 6.11214285714271 * inline;1.55535104545366;1.55535104545366;1.55535104545366;1.55535104545366;0.001099;2;6.11214285714271 * inline;1;1.32174406834232;
2;242.003333333333 * time_passes + 8.21333333333344 * inline + -5.88333333333362 * instcombine;0.75122818020026;0.75122818020026;0.75122818020026;0.75122818020026;0.004089;3;-5.88333333333362 * instcombine;1;0.804122865253404;
Elapsed=00:00:00.0042008
Learning progress:
1;236.941111111111 * time_passes + 5.98999999999986 * inline;3.32783821238155;3.32783821238155;3.32783821238155;3.32783821238155;0.000989;2;5.98999999999986 * inline;1;1.84949254183813;
2;236.026790123457 * time_passes + 6.44716049382684 * inline + 2.74296296296279 * ipsccp;2.95075595954717;2.95075595954717;2.95075595954717;2.95075595954717;0.003906;3;2.74296296296279 * ipsccp;1;0.377082252834376;
3;235.720555555555 * time_passes + 7.97833333333327 * inline + 3.66166666666654 * ipsccp + -2.75611111111121 * inline * sccp;2.83775959519612;2.83775959519612;2.83775959519612;2.83775959519612;0.00848;5;-2.75611111111121 * inline * sccp;2;0.0564981821755277;
Elapsed=00:00:00.0086009
Learning progress:
1;246.11 * time_passes + -4.00333333333361 * instcombine;0.668843370865083;0.668843370865083;0.668843370865083;0.668843370865083;0.002176;2;-4.00333333333361 * instcombine;1;1.81326802687035;
Elapsed=00:00:00.0022799
Learning progress:
1;242.706666666666 * time_passes + 0.236666666666494 * ipsccp;0.388977913296654;0.388977913296654;0.388977913296654;0.388977913296654;0.001242;2;0.236666666666494 * ipsccp;1;1.91003317743695;
Elapsed=00:00:00.0013388
Learning progress:
1;238.071666666667 * time_passes + 7.24071428571414 * inline;1.139628472934;1.139628472934;1.139628472934;1.139628472934;0.001279;2;7.24071428571414 * inline;1;3.99998120272931;
2;235.620175438596 * time_passes + 5.48964912280718 * inline + 4.90298245614006 * jump_threading;0.761276114057523;0.761276114057523;0.761276114057523;0.761276114057523;0.00459;3;4.90298245614006 * jump_threading;1;0.378352358876476;
Elapsed=00:00:00.0046940
Learning progress:
1;239.061666666667 * time_passes + 6.11214285714271 * inline;1.55535104545366;1.55535104545366;1.55535104545366;1.55535104545366;0.001036;2;6.11214285714271 * inline;1;1.32174406834232;
2;242.003333333333 * time_passes + 8.21333333333344 * inline + -5.88333333333362 * instcombine;0.75122818020026;0.75122818020026;0.75122818020026;0.75122818020026;0.004082;3;-5.88333333333362 * instcombine;1;0.804122865253404;
Elapsed=00:00:00.0041869
Learning progress:
1;236.941111111111 * time_passes + 5.98999999999986 * inline;3.32783821238155;3.32783821238155;3.32783821238155;3.32783821238155;0.000979;2;5.98999999999986 * inline;1;1.84949254183813;
2;236.026790123457 * time_passes + 6.44716049382684 * inline + 2.74296296296279 * ipsccp;2.95075595954717;2.95075595954717;2.95075595954717;2.95075595954717;0.004749;3;2.74296296296279 * ipsccp;1;0.377082252834376;
Elapsed=00:00:00.0048546
Learning progress:
1;246.11 * time_passes + -4.00333333333361 * instcombine;0.668843370865083;0.668843370865083;0.668843370865083;0.668843370865083;0.001064;2;-4.00333333333361 * instcombine;1;1.81326802687035;
Elapsed=00:00:00.0011723
Learning progress:
1;242.706666666666 * time_passes + 0.236666666666494 * ipsccp;0.388977913296654;0.388977913296654;0.388977913296654;0.388977913296654;0.001169;2;0.236666666666494 * ipsccp;1;1.91003317743695;
Elapsed=00:00:00.0012688
Learning progress:
1;238.071666666667 * time_passes + 7.24071428571414 * inline;1.139628472934;1.139628472934;1.139628472934;1.139628472934;0.001034;2;7.24071428571414 * inline;1;3.99998120272931;
2;235.620175438596 * time_passes + 5.48964912280718 * inline + 4.90298245614006 * jump_threading;0.761276114057523;0.761276114057523;0.761276114057523;0.761276114057523;0.004111;3;4.90298245614006 * jump_threading;1;0.378352358876476;
Elapsed=00:00:00.0042127
Learning progress:
1;239.061666666667 * time_passes + 6.11214285714271 * inline;1.55535104545366;1.55535104545366;1.55535104545366;1.55535104545366;0.001049;2;6.11214285714271 * inline;1;1.32174406834232;
2;242.003333333333 * time_passes + 8.21333333333344 * inline + -5.88333333333362 * instcombine;0.75122818020026;0.75122818020026;0.75122818020026;0.75122818020026;0.005073;3;-5.88333333333362 * instcombine;1;0.804122865253404;
Elapsed=00:00:00.0051822
Learning progress:
1;236.941111111111 * time_passes + 5.98999999999986 * inline;3.32783821238155;3.32783821238155;3.32783821238155;3.32783821238155;0.000988;2;5.98999999999986 * inline;1;1.84949254183813;
2;236.026790123457 * time_passes + 6.44716049382684 * inline + 2.74296296296279 * ipsccp;2.95075595954717;2.95075595954717;2.95075595954717;2.95075595954717;0.003768;3;2.74296296296279 * ipsccp;1;0.377082252834376;
3;235.720555555555 * time_passes + 7.97833333333327 * inline + 3.66166666666654 * ipsccp + -2.75611111111121 * inline * sccp;2.83775959519612;2.83775959519612;2.83775959519612;2.83775959519612;0.008526;5;-2.75611111111121 * inline * sccp;2;0.0564981821755277;
Elapsed=00:00:00.0086464
Learning progress:
1;246.11 * time_passes + -4.00333333333361 * instcombine;0.668843370865083;0.668843370865083;0.668843370865083;0.668843370865083;0.001063;2;-4.00333333333361 * instcombine;1;1.81326802687035;
Elapsed=00:00:00.0011602
Learning progress:
1;242.706666666666 * time_passes + 0.236666666666494 * ipsccp;0.388977913296654;0.388977913296654;0.388977913296654;0.388977913296654;0.001286;2;0.236666666666494 * ipsccp;1;1.91003317743695;
Elapsed=00:00:00.0013837
Learning progress:
1;238.071666666667 * time_passes + 7.24071428571414 * inline;1.139628472934;1.139628472934;1.139628472934;1.139628472934;0.002161;2;7.24071428571414 * inline;1;3.99998120272931;
2;235.620175438596 * time_passes + 5.48964912280718 * inline + 4.90298245614006 * jump_threading;0.761276114057523;0.761276114057523;0.761276114057523;0.761276114057523;0.005209;3;4.90298245614006 * jump_threading;1;0.378352358876476;
Elapsed=00:00:00.0053101
Learning progress:
1;239.061666666667 * time_passes + 6.11214285714271 * inline;1.55535104545366;1.55535104545366;1.55535104545366;1.55535104545366;0.001252;2;6.11214285714271 * inline;1;1.32174406834232;
2;242.003333333333 * time_passes + 8.21333333333344 * inline + -5.88333333333362 * instcombine;0.75122818020026;0.75122818020026;0.75122818020026;0.75122818020026;0.004272;3;-5.88333333333362 * instcombine;1;0.804122865253404;
Elapsed=00:00:00.0043840
Learning progress:
1;236.941111111111 * time_passes + 5.98999999999986 * inline;3.32783821238155;3.32783821238155;3.32783821238155;3.32783821238155;0.001104;2;5.98999999999986 * inline;1;1.84949254183813;
2;236.026790123457 * time_passes + 6.44716049382684 * inline + 2.74296296296279 * ipsccp;2.95075595954717;2.95075595954717;2.95075595954717;2.95075595954717;0.003833;3;2.74296296296279 * ipsccp;1;0.377082252834376;
3;235.720555555555 * time_passes + 7.97833333333327 * inline + 3.66166666666654 * ipsccp + -2.75611111111121 * inline * sccp;2.83775959519612;2.83775959519612;2.83775959519612;2.83775959519612;0.009156;5;-2.75611111111121 * inline * sccp;2;0.0564981821755277;
Elapsed=00:00:00.0092785
Learning progress:
1;246.11 * time_passes + -4.00333333333361 * instcombine;0.668843370865083;0.668843370865083;0.668843370865083;0.668843370865083;0.001066;2;-4.00333333333361 * instcombine;1;1.81326802687035;
Elapsed=00:00:00.0011735
Learning progress:
1;242.706666666666 * time_passes + 0.236666666666494 * ipsccp;0.388977913296654;0.388977913296654;0.388977913296654;0.388977913296654;0.001267;2;0.236666666666494 * ipsccp;1;1.91003317743695;
Elapsed=00:00:00.0013637
Learning progress:
1;238.071666666667 * time_passes + 7.24071428571414 * inline;1.139628472934;1.139628472934;1.139628472934;1.139628472934;0.001255;2;7.24071428571414 * inline;1;3.99998120272931;
2;235.620175438596 * time_passes + 5.48964912280718 * inline + 4.90298245614006 * jump_threading;0.761276114057523;0.761276114057523;0.761276114057523;0.761276114057523;0.004263;3;4.90298245614006 * jump_threading;1;0.378352358876476;
Elapsed=00:00:00.0043652
Learning progress:
1;239.061666666667 * time_passes + 6.11214285714271 * inline;1.55535104545366;1.55535104545366;1.55535104545366;1.55535104545366;0.001094;2;6.11214285714271 * inline;1;1.32174406834232;
2;242.003333333333 * time_passes + 8.21333333333344 * inline + -5.88333333333362 * instcombine;0.75122818020026;0.75122818020026;0.75122818020026;0.75122818020026;0.004163;3;-5.88333333333362 * instcombine;1;0.804122865253404;
Elapsed=00:00:00.0042682
Learning progress:
1;236.941111111111 * time_passes + 5.98999999999986 * inline;3.32783821238155;3.32783821238155;3.32783821238155;3.32783821238155;0.000999;2;5.98999999999986 * inline;1;1.84949254183813;
2;236.026790123457 * time_passes + 6.44716049382684 * inline + 2.74296296296279 * ipsccp;2.95075595954717;2.95075595954717;2.95075595954717;2.95075595954717;0.003803;3;2.74296296296279 * ipsccp;1;0.377082252834376;
Elapsed=00:00:00.0039070
Learning progress:
1;246.11 * time_passes + -4.00333333333361 * instcombine;0.668843370865083;0.668843370865083;0.668843370865083;0.668843370865083;0.001241;2;-4.00333333333361 * instcombine;1;1.81326802687035;
Elapsed=00:00:00.0013391
Learning progress:
1;242.706666666666 * time_passes + 0.236666666666494 * ipsccp;0.388977913296654;0.388977913296654;0.388977913296654;0.388977913296654;0.001237;2;0.236666666666494 * ipsccp;1;1.91003317743695;
Elapsed=00:00:00.0013322
Learning progress:
1;238.071666666667 * time_passes + 7.24071428571414 * inline;1.139628472934;1.139628472934;1.139628472934;1.139628472934;0.001004;2;7.24071428571414 * inline;1;3.99998120272931;
2;235.620175438596 * time_passes + 5.48964912280718 * inline + 4.90298245614006 * jump_threading;0.761276114057523;0.761276114057523;0.761276114057523;0.761276114057523;0.004091;3;4.90298245614006 * jump_threading;1;0.378352358876476;
Elapsed=00:00:00.0041928
Learning progress:
1;239.061666666667 * time_passes + 6.11214285714271 * inline;1.55535104545366;1.55535104545366;1.55535104545366;1.55535104545366;0.002236;2;6.11214285714271 * inline;1;1.32174406834232;
2;242.003333333333 * time_passes + 8.21333333333344 * inline + -5.88333333333362 * instcombine;0.75122818020026;0.75122818020026;0.75122818020026;0.75122818020026;0.005336;3;-5.88333333333362 * instcombine;1;0.804122865253404;
Elapsed=00:00:00.0054474
Learning progress:
1;236.941111111111 * time_passes + 5.98999999999986 * inline;3.32783821238155;3.32783821238155;3.32783821238155;3.32783821238155;0.000925;2;5.98999999999986 * inline;1;1.84949254183813;
2;236.026790123457 * time_passes + 6.44716049382684 * inline + 2.74296296296279 * ipsccp;2.95075595954717;2.95075595954717;2.95075595954717;2.95075595954717;0.003658;3;2.74296296296279 * ipsccp;1;0.377082252834376;
3;235.720555555555 * time_passes + 7.97833333333327 * inline + 3.66166666666654 * ipsccp + -2.75611111111121 * inline * sccp;2.83775959519612;2.83775959519612;2.83775959519612;2.83775959519612;0.008285;5;-2.75611111111121 * inline * sccp;2;0.0564981821755277;
Elapsed=00:00:00.0084084
Learning progress:
1;246.11 * time_passes + -4.00333333333361 * instcombine;0.668843370865083;0.668843370865083;0.668843370865083;0.668843370865083;0.001063;2;-4.00333333333361 * instcombine;1;1.81326802687035;
Elapsed=00:00:00.0011588
Learning progress:
1;242.706666666666 * time_passes + 0.236666666666494 * ipsccp;0.388977913296654;0.388977913296654;0.388977913296654;0.388977913296654;0.001916;2;0.236666666666494 * ipsccp;1;1.91003317743695;
Elapsed=00:00:00.0020243
Learning progress:
1;238.071666666667 * time_passes + 7.24071428571414 * inline;1.139628472934;1.139628472934;1.139628472934;1.139628472934;0.001087;2;7.24071428571414 * inline;1;3.99998120272931;
2;235.620175438596 * time_passes + 5.48964912280718 * inline + 4.90298245614006 * jump_threading;0.761276114057523;0.761276114057523;0.761276114057523;0.761276114057523;0.004062;3;4.90298245614006 * jump_threading;1;0.378352358876476;
Elapsed=00:00:00.0041637
Learning progress:
1;239.061666666667 * time_passes + 6.11214285714271 * inline;1.55535104545366;1.55535104545366;1.55535104545366;1.55535104545366;0.00128;2;6.11214285714271 * inline;1;1.32174406834232;
2;242.003333333333 * time_passes + 8.21333333333344 * inline + -5.88333333333362 * instcombine;0.75122818020026;0.75122818020026;0.75122818020026;0.75122818020026;0.004326;3;-5.88333333333362 * instcombine;1;0.804122865253404;
Elapsed=00:00:00.0044302
Learning progress:
1;236.941111111111 * time_passes + 5.98999999999986 * inline;3.32783821238155;3.32783821238155;3.32783821238155;3.32783821238155;0.000987;2;5.98999999999986 * inline;1;1.84949254183813;
2;236.026790123457 * time_passes + 6.44716049382684 * inline + 2.74296296296279 * ipsccp;2.95075595954717;2.95075595954717;2.95075595954717;2.95075595954717;0.003711;3;2.74296296296279 * ipsccp;1;0.377082252834376;
3;235.720555555555 * time_passes + 7.97833333333327 * inline + 3.66166666666654 * ipsccp + -2.75611111111121 * inline * sccp;2.83775959519612;2.83775959519612;2.83775959519612;2.83775959519612;0.009166;5;-2.75611111111121 * inline * sccp;2;0.0564981821755277;
Elapsed=00:00:00.0092945
Learning progress:
1;246.11 * time_passes + -4.00333333333361 * instcombine;0.668843370865083;0.668843370865083;0.668843370865083;0.668843370865083;0.001069;2;-4.00333333333361 * instcombine;1;1.81326802687035;
Elapsed=00:00:00.0011684
Learning progress:
1;242.706666666666 * time_passes + 0.236666666666494 * ipsccp;0.388977913296654;0.388977913296654;0.388977913296654;0.388977913296654;0.001166;2;0.236666666666494 * ipsccp;1;1.91003317743695;
Elapsed=00:00:00.0012614
Learning progress:
1;238.071666666667 * time_passes + 7.24071428571414 * inline;1.139628472934;1.139628472934;1.139628472934;1.139628472934;0.001242;2;7.24071428571414 * inline;1;3.99998120272931;
2;235.620175438596 * time_passes + 5.48964912280718 * inline + 4.90298245614006 * jump_threading;0.761276114057523;0.761276114057523;0.761276114057523;0.761276114057523;0.004236;3;4.90298245614006 * jump_threading;1;0.378352358876476;
Elapsed=00:00:00.0043364
Learning progress:
1;239.061666666667 * time_passes + 6.11214285714271 * inline;1.55535104545366;1.55535104545366;1.55535104545366;1.55535104545366;0.001176;2;6.11214285714271 * inline;1;1.32174406834232;
2;242.003333333333 * time_passes + 8.21333333333344 * inline + -5.88333333333362 * instcombine;0.75122818020026;0.75122818020026;0.75122818020026;0.75122818020026;0.005113;3;-5.88333333333362 * instcombine;1;0.804122865253404;
Elapsed=00:00:00.0052224
Learning progress:
1;236.941111111111 * time_passes + 5.98999999999986 * inline;3.32783821238155;3.32783821238155;3.32783821238155;3.32783821238155;0.001001;2;5.98999999999986 * inline;1;1.84949254183813;
2;236.026790123457 * time_passes + 6.44716049382684 * inline + 2.74296296296279 * ipsccp;2.95075595954717;2.95075595954717;2.95075595954717;2.95075595954717;0.00369;3;2.74296296296279 * ipsccp;1;0.377082252834376;
Elapsed=00:00:00.0038147
Learning progress:
1;246.11 * time_passes + -4.00333333333361 * instcombine;0.668843370865083;0.668843370865083;0.668843370865083;0.668843370865083;0.001245;2;-4.00333333333361 * instcombine;1;1.81326802687035;
Elapsed=00:00:00.0013420
Error of optimal parameters: 1.08161703472313
Optimal parameters abortError:1;minImprovementPerRound:0.1;lossFunction:RELATIVE;quadraticFunctionSupport:True;learn-logFunction:True;learn-asymFunction:True;learn-ratioFunction:True;withHierarchy:False;useBackward:False;
Learning progress:
1;236.941111111111 * time_passes + 8.11763888888885 * inline;1.42665359831849;1.42665359831849;1.42665359831849;1.42665359831849;0.001962;2;8.11763888888885 * inline;1;0.288218726269343;
2;236.941111111111 * time_passes + 20.598888888889 * inline + -14.2642857142861 * inline * instcombine;0.819187642469976;0.819187642469976;0.819187642469976;0.819187642469976;0.007839;4;-14.2642857142861 * inline * instcombine;2;0.303732977924257;
Elapsed=00:00:00.0081148
command: clean-global
command: script ./learn_divDistBased_t2MLR.a
command: log ./out_divDistBased_t2PredictionsMLR.log
