Current machine learning settings: epsilon:0 lossFunction:RELATIVE parallelization:True bagging:False baggingNumbers:3 considerEpsilonTube:False baggingTestDataFraction:50 useBackward:False abortError:1 limitFeatureSize:False featureSizeTreshold:4 quadraticFunctionSupport:True crossValidation:False crossValidation-k:5 learn-logFunction:False learn-accumulatedLogFunction:False learn-asymFunction:False learn-ratioFunction:False learn-mirrowedFunction:False learn-numeric-disabled:True numberOfRounds:70 backwardErrorDelta:1 minImprovementPerRound:0.1 withHierarchy:False bruteForceCandidates:False ignoreBadFeatures:False stopOnLongRound:True candidateSizePenalty:True learnTimeLimit:00:00:00 scoreMeasure:RELERROR outputRoundsToStdout:False debug:False pythonInfluenceAnalysis:False blacklisted: 
command: solver z3
command: vm /scratch/kallistos/Distance-Based_Data/SupplementaryWebsite/MeasuredPerformanceValues/Hipacc/FeatureModel.xml
Warning: Variability model contains outdated notation. Children nodes will no longer have effect on the model. Instead use the parent node to describe the parent of an configuration option. You can also use the converter providedby the Variability Model GUI in export>convert legacy model.
Warning: Default value nodes in models are no longer used and should be removed. You can also use the converter provided by the Variability Model GUI in export>convert legacy model to update your model.
command: all /scratch/kallistos/Distance-Based_Data/SupplementaryWebsite/MeasuredPerformanceValues/Hipacc/measurements.xml
Configs with too large deviation: 0
13485 configurations loaded.
command: binary grammar-based numConfigs:50 seed:50
command: printconfigs ./sampledConfigurations_grammarBased_t1.csv
invalid number: 2026 respective config: API, OpenCL, TextureMemory, Linear1D, LocalMemory, Blocksize, bs_128x2, padding, padding_416, pixelPerThread, pixelPerThread_3, root
invalid number: 3506 respective config: API, OpenCL, TextureMemory, Linear2D, Blocksize, bs_128x4, padding, padding_288, pixelPerThread, pixelPerThread_3, root
invalid number: 10272 respective config: API, OpenCL, TextureMemory, Ldg, LocalMemory, Blocksize, bs_64x1, padding, padding_32, pixelPerThread, pixelPerThread_1, root
invalid number: 4478 respective config: API, OpenCL, TextureMemory, Linear2D, LocalMemory, Blocksize, bs_32x16, padding, padding_448, pixelPerThread, pixelPerThread_3, root
invalid number: 1932 respective config: API, OpenCL, TextureMemory, Linear1D, LocalMemory, Blocksize, bs_128x1, padding, padding_224, pixelPerThread, pixelPerThread_1, root
invalid number: 10916 respective config: API, OpenCL, TextureMemory, Ldg, LocalMemory, Blocksize, bs_512x2, padding, padding_288, pixelPerThread, pixelPerThread_1, root
invalid number: 25233 respective config: API, CUDA, TextureMemory, Ldg, LocalMemory, Blocksize, bs_1024x1, padding, padding_32, pixelPerThread, pixelPerThread_2, root
invalid number: 8941 respective config: API, OpenCL, TextureMemory, Ldg, Blocksize, bs_64x4, padding, padding_256, pixelPerThread, pixelPerThread_2, root
invalid number: 5441 respective config: API, OpenCL, TextureMemory, Linear2D, LocalMemory, Blocksize, bs_64x2, padding, padding_0, pixelPerThread, pixelPerThread_2, root
invalid number: 20636 respective config: API, CUDA, TextureMemory, Array2D, Blocksize, bs_128x4, padding, padding_256, pixelPerThread, pixelPerThread_1, root
invalid number: 8151 respective config: API, OpenCL, TextureMemory, Array2D, LocalMemory, Blocksize, bs_1024x1, padding, padding_448, pixelPerThread, pixelPerThread_4, root
invalid number: 10440 respective config: API, OpenCL, TextureMemory, Ldg, LocalMemory, Blocksize, bs_64x16, padding, padding_288, pixelPerThread, pixelPerThread_1, root
invalid number: 8447 respective config: API, OpenCL, TextureMemory, Array2D, LocalMemory, Blocksize, bs_256x1, padding, padding_96, pixelPerThread, pixelPerThread_4, root
invalid number: 10251 respective config: API, OpenCL, TextureMemory, Ldg, LocalMemory, Blocksize, bs_32x32, padding, padding_384, pixelPerThread, pixelPerThread_4, root
invalid number: 21499 respective config: API, CUDA, TextureMemory, Array2D, LocalMemory, Blocksize, bs_32x8, padding, padding_64, pixelPerThread, pixelPerThread_4, root
invalid number: 8742 respective config: API, OpenCL, TextureMemory, Ldg, Blocksize, bs_32x16, padding, padding_288, pixelPerThread, pixelPerThread_3, root
invalid number: 3878 respective config: API, OpenCL, TextureMemory, Linear2D, Blocksize, bs_32x2, padding, padding_0, pixelPerThread, pixelPerThread_3, root
invalid number: 4449 respective config: API, OpenCL, TextureMemory, Linear2D, LocalMemory, Blocksize, bs_32x16, padding, padding_224, pixelPerThread, pixelPerThread_2, root
invalid number: 18830 respective config: API, CUDA, TextureMemory, Linear2D, LocalMemory, Blocksize, bs_32x32, padding, padding_480, pixelPerThread, pixelPerThread_3, root
invalid number: 8187 respective config: API, OpenCL, TextureMemory, Array2D, LocalMemory, Blocksize, bs_32x2, padding, padding_192, pixelPerThread, pixelPerThread_4, root
invalid number: 10061 respective config: API, OpenCL, TextureMemory, Ldg, LocalMemory, Blocksize, bs_32x1, padding, padding_512, pixelPerThread, pixelPerThread_2, root
invalid number: 4187 respective config: API, OpenCL, TextureMemory, Linear2D, Blocksize, bs_256x1, padding, padding_288, pixelPerThread, pixelPerThread_4, root
invalid number: 7716 respective config: API, OpenCL, TextureMemory, Array2D, LocalMemory, Blocksize, bs_128x2, padding, padding_256, pixelPerThread, pixelPerThread_1, root
invalid number: 4472 respective config: API, OpenCL, TextureMemory, Linear2D, LocalMemory, Blocksize, bs_32x16, padding, padding_416, pixelPerThread, pixelPerThread_1, root
invalid number: 27843 respective config: API, CUDA, LocalMemory, Blocksize, bs_128x8, padding, padding_224, pixelPerThread, pixelPerThread_4, root
invalid number: 20572 respective config: API, CUDA, TextureMemory, Array2D, Blocksize, bs_128x2, padding, padding_288, pixelPerThread, pixelPerThread_1, root
invalid number: 3922 respective config: API, OpenCL, TextureMemory, Linear2D, Blocksize, bs_32x2, padding, padding_352, pixelPerThread, pixelPerThread_3, root
invalid number: 8581 respective config: API, OpenCL, TextureMemory, Ldg, Blocksize, bs_32x1, padding, padding_96, pixelPerThread, pixelPerThread_2, root
invalid number: 21112 respective config: API, CUDA, TextureMemory, Array2D, Blocksize, bs_32x4, padding, padding_256, pixelPerThread, pixelPerThread_1, root
invalid number: 4631 respective config: API, OpenCL, TextureMemory, Linear2D, LocalMemory, Blocksize, bs_64x4, padding, padding_32, pixelPerThread, pixelPerThread_4, root
invalid number: 20765 respective config: API, CUDA, TextureMemory, Array2D, Blocksize, bs_256x4, padding, padding_192, pixelPerThread, pixelPerThread_2, root
invalid number: 20873 respective config: API, CUDA, TextureMemory, Array2D, Blocksize, bs_512x1, padding, padding_512, pixelPerThread, pixelPerThread_2, root
invalid number: 4474 respective config: API, OpenCL, TextureMemory, Linear2D, LocalMemory, Blocksize, bs_32x16, padding, padding_416, pixelPerThread, pixelPerThread_3, root
invalid number: 22295 respective config: API, CUDA, TextureMemory, Array2D, LocalMemory, Blocksize, bs_512x1, padding, padding_448, pixelPerThread, pixelPerThread_4, root
invalid number: 4885 respective config: API, OpenCL, TextureMemory, Linear2D, LocalMemory, Blocksize, bs_128x2, padding, padding_448, pixelPerThread, pixelPerThread_2, root
invalid number: 6642 respective config: API, OpenCL, TextureMemory, Array2D, Blocksize, bs_512x2, padding, padding_352, pixelPerThread, pixelPerThread_3, root
invalid number: 20156 respective config: API, CUDA, TextureMemory, Array2D, Blocksize, bs_32x16, padding, padding_224, pixelPerThread, pixelPerThread_1, root
invalid number: 7013 respective config: API, OpenCL, TextureMemory, Array2D, Blocksize, bs_256x1, padding, padding_64, pixelPerThread, pixelPerThread_2, root
invalid number: 4959 respective config: API, OpenCL, TextureMemory, Linear2D, LocalMemory, Blocksize, bs_128x4, padding, padding_480, pixelPerThread, pixelPerThread_4, root
invalid number: 10617 respective config: API, OpenCL, TextureMemory, Ldg, LocalMemory, Blocksize, bs_128x4, padding, padding_64, pixelPerThread, pixelPerThread_2, root
invalid number: 710 respective config: API, OpenCL, TextureMemory, Linear1D, Blocksize, bs_128x8, padding, padding_224, pixelPerThread, pixelPerThread_3, root
invalid number: 3332 respective config: API, OpenCL, TextureMemory, Linear2D, Blocksize, bs_128x1, padding, padding_0, pixelPerThread, pixelPerThread_1, root
invalid number: 2219 respective config: API, OpenCL, TextureMemory, Linear1D, LocalMemory, Blocksize, bs_256x4, padding, padding_320, pixelPerThread, pixelPerThread_4, root
invalid number: 5708 respective config: API, OpenCL, TextureMemory, Linear2D, LocalMemory, Blocksize, bs_256x2, padding, padding_512, pixelPerThread, pixelPerThread_1, root
invalid number: 871 respective config: API, OpenCL, TextureMemory, Linear1D, Blocksize, bs_512x1, padding, padding_416, pixelPerThread, pixelPerThread_4, root
invalid number: 3445 respective config: API, OpenCL, TextureMemory, Linear2D, Blocksize, bs_128x2, padding, padding_352, pixelPerThread, pixelPerThread_2, root
invalid number: 952 respective config: API, OpenCL, TextureMemory, Linear1D, Blocksize, bs_1024x1, padding, padding_0, pixelPerThread, pixelPerThread_1, root
invalid number: 19530 respective config: API, CUDA, TextureMemory, Linear2D, LocalMemory, Blocksize, bs_1024x1, padding, padding_96, pixelPerThread, pixelPerThread_3, root
invalid number: 385 respective config: API, OpenCL, TextureMemory, Linear1D, Blocksize, bs_64x4, padding, padding_352, pixelPerThread, pixelPerThread_2, root
invalid number: 4690 respective config: API, OpenCL, TextureMemory, Linear2D, LocalMemory, Blocksize, bs_64x4, padding, padding_512, pixelPerThread, pixelPerThread_3, root
invalid number: 1290 respective config: API, OpenCL, TextureMemory, Linear1D, Blocksize, bs_64x8, padding, padding_512, pixelPerThread, pixelPerThread_3, root
invalid number: 6149 respective config: API, OpenCL, TextureMemory, Array2D, Blocksize, bs_64x16, padding, padding_224, pixelPerThread, pixelPerThread_2, root
invalid number: 6140 respective config: API, OpenCL, TextureMemory, Array2D, Blocksize, bs_64x16, padding, padding_160, pixelPerThread, pixelPerThread_1, root
invalid number: 7657 respective config: API, OpenCL, TextureMemory, Array2D, LocalMemory, Blocksize, bs_128x1, padding, padding_320, pixelPerThread, pixelPerThread_2, root
invalid number: 8690 respective config: API, OpenCL, TextureMemory, Ldg, Blocksize, bs_32x8, padding, padding_416, pixelPerThread, pixelPerThread_3, root
invalid number: 9265 respective config: API, OpenCL, TextureMemory, Ldg, Blocksize, bs_128x8, padding, padding_128, pixelPerThread, pixelPerThread_2, root
invalid number: 3772 respective config: API, OpenCL, TextureMemory, Linear2D, Blocksize, bs_512x2, padding, padding_256, pixelPerThread, pixelPerThread_1, root
invalid number: 3561 respective config: API, OpenCL, TextureMemory, Linear2D, Blocksize, bs_128x8, padding, padding_192, pixelPerThread, pixelPerThread_2, root
invalid number: 23 respective config: API, OpenCL, TextureMemory, Linear1D, Blocksize, bs_32x1, padding, padding_160, pixelPerThread, pixelPerThread_4, root
invalid number: 4047 respective config: API, OpenCL, TextureMemory, Linear2D, Blocksize, bs_64x2, padding, padding_256, pixelPerThread, pixelPerThread_4, root
invalid number: 19347 respective config: API, CUDA, TextureMemory, Linear2D, LocalMemory, Blocksize, bs_256x4, padding, padding_256, pixelPerThread, pixelPerThread_4, root
invalid number: 2081 respective config: API, OpenCL, TextureMemory, Linear1D, LocalMemory, Blocksize, bs_128x4, padding, padding_320, pixelPerThread, pixelPerThread_2, root
invalid number: 42 respective config: API, OpenCL, TextureMemory, Linear1D, Blocksize, bs_32x1, padding, padding_320, pixelPerThread, pixelPerThread_3, root
invalid number: 22102 respective config: API, CUDA, TextureMemory, Array2D, LocalMemory, Blocksize, bs_128x8, padding, padding_0, pixelPerThread, pixelPerThread_3, root
invalid number: 4513 respective config: API, OpenCL, TextureMemory, Linear2D, LocalMemory, Blocksize, bs_32x32, padding, padding_192, pixelPerThread, pixelPerThread_2, root
invalid number: 9116 respective config: API, OpenCL, TextureMemory, Ldg, Blocksize, bs_128x2, padding, padding_32, pixelPerThread, pixelPerThread_1, root
ConfigurationSampling done in 1448 ms
28560
LocalMemory ::= (ε, 1) | (LocalMemory, 1) Symbolkind: TERMINAL
root ::= (API, 2)   (TextureMemory, 5)   (LocalMemory, 2)   (Blocksize, 21)   (padding, 17)   (pixelPerThread, 4) Symbolkind: NONTERMINAL
API ::= (OpenCL, 1) | (CUDA, 1) Symbolkind: TERMINAL
TextureMemoryInvis ::= (ε, 1) Symbolkind: TERMINAL
TextureMemory ::= (Linear1D, 1) | (Linear2D, 1) | (Array2D, 1) | (Ldg, 1) | (TextureMemoryInvis, 1) Symbolkind: TERMINAL
Blocksize ::= (bs_32x1, 1) | (bs_32x8, 1) | (bs_32x16, 1) | (bs_32x32, 1) | (bs_64x1, 1) | (bs_64x4, 1) | (bs_64x16, 1) | (bs_128x1, 1) | (bs_128x2, 1) | (bs_128x4, 1) | (bs_128x8, 1) | (bs_256x4, 1) | (bs_512x1, 1) | (bs_512x2, 1) | (bs_1024x1, 1) | (bs_32x2, 1) | (bs_32x4, 1) | (bs_64x2, 1) | (bs_64x8, 1) | (bs_256x1, 1) | (bs_256x2, 1) Symbolkind: TERMINAL
padding ::= (padding_0, 1) | (padding_32, 1) | (padding_64, 1) | (padding_96, 1) | (padding_128, 1) | (padding_160, 1) | (padding_192, 1) | (padding_224, 1) | (padding_256, 1) | (padding_288, 1) | (padding_320, 1) | (padding_352, 1) | (padding_384, 1) | (padding_416, 1) | (padding_448, 1) | (padding_480, 1) | (padding_512, 1) Symbolkind: TERMINAL
pixelPerThread ::= (pixelPerThread_1, 1) | (pixelPerThread_2, 1) | (pixelPerThread_3, 1) | (pixelPerThread_4, 1) Symbolkind: TERMINAL

command: clean-sampling
command: clean-global
command: script ./learn_grammarBased_t2.a
command: log ./out_grammarBased_t2.log
