Current machine learning settings: epsilon:0 lossFunction:RELATIVE parallelization:True bagging:False baggingNumbers:3 considerEpsilonTube:False baggingTestDataFraction:50 useBackward:False abortError:1 limitFeatureSize:False featureSizeTreshold:4 quadraticFunctionSupport:True crossValidation:False crossValidation-k:5 learn-logFunction:False learn-accumulatedLogFunction:False learn-asymFunction:False learn-ratioFunction:False learn-mirrowedFunction:False learn-numeric-disabled:True numberOfRounds:70 backwardErrorDelta:1 minImprovementPerRound:0.1 withHierarchy:False bruteForceCandidates:False ignoreBadFeatures:False stopOnLongRound:True candidateSizePenalty:True learnTimeLimit:00:00:00 scoreMeasure:RELERROR outputRoundsToStdout:False debug:False pythonInfluenceAnalysis:False blacklisted: 
command: solver z3
command: vm /scratch/kallistos/Distance-Based_Data/SupplementaryWebsite/MeasuredPerformanceValues/Hipacc/FeatureModel.xml
Warning: Variability model contains outdated notation. Children nodes will no longer have effect on the model. Instead use the parent node to describe the parent of an configuration option. You can also use the converter providedby the Variability Model GUI in export>convert legacy model.
Warning: Default value nodes in models are no longer used and should be removed. You can also use the converter provided by the Variability Model GUI in export>convert legacy model to update your model.
command: all /scratch/kallistos/Distance-Based_Data/SupplementaryWebsite/MeasuredPerformanceValues/Hipacc/measurements.xml
Configs with too large deviation: 0
13485 configurations loaded.
command: binary grammar-based numConfigs:50 seed:63
command: printconfigs ./sampledConfigurations_grammarBased_t1.csv
invalid number: 16702 respective config: API, CUDA, TextureMemory, Linear1D, LocalMemory, Blocksize, bs_1024x1, padding, padding_320, pixelPerThread, pixelPerThread_3, root
invalid number: 20369 respective config: API, CUDA, TextureMemory, Array2D, Blocksize, bs_64x4, padding, padding_288, pixelPerThread, pixelPerThread_2, root
invalid number: 3631 respective config: API, OpenCL, TextureMemory, Linear2D, Blocksize, bs_256x4, padding, padding_192, pixelPerThread, pixelPerThread_4, root
invalid number: 3409 respective config: API, OpenCL, TextureMemory, Linear2D, Blocksize, bs_128x2, padding, padding_64, pixelPerThread, pixelPerThread_2, root
invalid number: 9675 respective config: API, OpenCL, TextureMemory, Ldg, Blocksize, bs_32x4, padding, padding_128, pixelPerThread, pixelPerThread_4, root
invalid number: 4016 respective config: API, OpenCL, TextureMemory, Linear2D, Blocksize, bs_64x2, padding, padding_32, pixelPerThread, pixelPerThread_1, root
invalid number: 2259 respective config: API, OpenCL, TextureMemory, Linear1D, LocalMemory, Blocksize, bs_512x1, padding, padding_96, pixelPerThread, pixelPerThread_4, root
invalid number: 11287 respective config: API, OpenCL, TextureMemory, Ldg, LocalMemory, Blocksize, bs_64x8, padding, padding_512, pixelPerThread, pixelPerThread_4, root
invalid number: 4350 respective config: API, OpenCL, TextureMemory, Linear2D, LocalMemory, Blocksize, bs_32x1, padding, padding_512, pixelPerThread, pixelPerThread_3, root
invalid number: 2169 respective config: API, OpenCL, TextureMemory, Linear1D, LocalMemory, Blocksize, bs_128x8, padding, padding_480, pixelPerThread, pixelPerThread_2, root
invalid number: 1856 respective config: API, OpenCL, TextureMemory, Linear1D, LocalMemory, Blocksize, bs_64x16, padding, padding_160, pixelPerThread, pixelPerThread_1, root
invalid number: 5688 respective config: API, OpenCL, TextureMemory, Linear2D, LocalMemory, Blocksize, bs_256x2, padding, padding_352, pixelPerThread, pixelPerThread_1, root
invalid number: 27256 respective config: API, CUDA, TextureMemory, LocalMemory, Blocksize, bs_32x8, padding, padding_448, pixelPerThread, pixelPerThread_1, root
invalid number: 4397 respective config: API, OpenCL, TextureMemory, Linear2D, LocalMemory, Blocksize, bs_32x8, padding, padding_352, pixelPerThread, pixelPerThread_2, root
invalid number: 2021 respective config: API, OpenCL, TextureMemory, Linear1D, LocalMemory, Blocksize, bs_128x2, padding, padding_384, pixelPerThread, pixelPerThread_2, root
invalid number: 3682 respective config: API, OpenCL, TextureMemory, Linear2D, Blocksize, bs_512x1, padding, padding_64, pixelPerThread, pixelPerThread_3, root
invalid number: 1018 respective config: API, OpenCL, TextureMemory, Linear1D, Blocksize, bs_1024x1, padding, padding_512, pixelPerThread, pixelPerThread_3, root
invalid number: 27384 respective config: API, CUDA, TextureMemory, LocalMemory, Blocksize, bs_32x32, padding, padding_384, pixelPerThread, pixelPerThread_1, root
invalid number: 13101 respective config: API, OpenCL, TextureMemory, LocalMemory, Blocksize, bs_32x32, padding, padding_352, pixelPerThread, pixelPerThread_2, root
invalid number: 13198 respective config: API, OpenCL, TextureMemory, LocalMemory, Blocksize, bs_64x4, padding, padding_32, pixelPerThread, pixelPerThread_3, root
invalid number: 6403 respective config: API, OpenCL, TextureMemory, Array2D, Blocksize, bs_128x8, padding, padding_64, pixelPerThread, pixelPerThread_4, root
invalid number: 6014 respective config: API, OpenCL, TextureMemory, Array2D, Blocksize, bs_64x1, padding, padding_224, pixelPerThread, pixelPerThread_3, root
invalid number: 5362 respective config: API, OpenCL, TextureMemory, Linear2D, LocalMemory, Blocksize, bs_32x2, padding, padding_448, pixelPerThread, pixelPerThread_3, root
invalid number: 2345 respective config: API, OpenCL, TextureMemory, Linear1D, LocalMemory, Blocksize, bs_512x2, padding, padding_256, pixelPerThread, pixelPerThread_2, root
invalid number: 26407 respective config: API, CUDA, TextureMemory, Blocksize, bs_128x8, padding, padding_160, pixelPerThread, pixelPerThread_4, root
invalid number: 7885 respective config: API, OpenCL, TextureMemory, Array2D, LocalMemory, Blocksize, bs_128x8, padding, padding_512, pixelPerThread, pixelPerThread_2, root
invalid number: 3289 respective config: API, OpenCL, TextureMemory, Linear2D, Blocksize, bs_64x16, padding, padding_192, pixelPerThread, pixelPerThread_2, root
invalid number: 2845 respective config: API, OpenCL, TextureMemory, Linear1D, LocalMemory, Blocksize, bs_256x2, padding, padding_448, pixelPerThread, pixelPerThread_2, root
invalid number: 27626 respective config: API, CUDA, TextureMemory, LocalMemory, Blocksize, bs_128x1, padding, padding_128, pixelPerThread, pixelPerThread_3, root
invalid number: 12111 respective config: API, OpenCL, TextureMemory, Blocksize, bs_128x8, padding, padding_32, pixelPerThread, pixelPerThread_4, root
invalid number: 21713 respective config: API, CUDA, TextureMemory, Array2D, LocalMemory, Blocksize, bs_64x1, padding, padding_160, pixelPerThread, pixelPerThread_2, root
invalid number: 28110 respective config: API, CUDA, TextureMemory, LocalMemory, Blocksize, bs_1024x1, padding, padding_192, pixelPerThread, pixelPerThread_3, root
invalid number: 526 respective config: API, OpenCL, TextureMemory, Linear1D, Blocksize, bs_128x1, padding, padding_384, pixelPerThread, pixelPerThread_3, root
invalid number: 6812 respective config: API, OpenCL, TextureMemory, Array2D, Blocksize, bs_32x4, padding, padding_96, pixelPerThread, pixelPerThread_1, root
invalid number: 22764 respective config: API, CUDA, TextureMemory, Array2D, LocalMemory, Blocksize, bs_256x1, padding, padding_416, pixelPerThread, pixelPerThread_1, root
invalid number: 6951 respective config: API, OpenCL, TextureMemory, Array2D, Blocksize, bs_64x8, padding, padding_96, pixelPerThread, pixelPerThread_4, root
invalid number: 1028 respective config: API, OpenCL, TextureMemory, Linear1D, Blocksize, bs_32x2, padding, padding_64, pixelPerThread, pixelPerThread_1, root
invalid number: 5045 respective config: API, OpenCL, TextureMemory, Linear2D, LocalMemory, Blocksize, bs_256x4, padding, padding_96, pixelPerThread, pixelPerThread_2, root
invalid number: 4772 respective config: API, OpenCL, TextureMemory, Linear2D, LocalMemory, Blocksize, bs_128x1, padding, padding_96, pixelPerThread, pixelPerThread_1, root
invalid number: 22053 respective config: API, CUDA, TextureMemory, Array2D, LocalMemory, Blocksize, bs_128x4, padding, padding_160, pixelPerThread, pixelPerThread_2, root
invalid number: 22417 respective config: API, CUDA, TextureMemory, Array2D, LocalMemory, Blocksize, bs_1024x1, padding, padding_352, pixelPerThread, pixelPerThread_2, root
invalid number: 3637 respective config: API, OpenCL, TextureMemory, Linear2D, Blocksize, bs_256x4, padding, padding_256, pixelPerThread, pixelPerThread_2, root
invalid number: 25720 respective config: API, CUDA, TextureMemory, Blocksize, bs_32x1, padding, padding_128, pixelPerThread, pixelPerThread_1, root
invalid number: 26477 respective config: API, CUDA, TextureMemory, Blocksize, bs_256x4, padding, padding_192, pixelPerThread, pixelPerThread_2, root
invalid number: 8907 respective config: API, OpenCL, TextureMemory, Ldg, Blocksize, bs_64x1, padding, padding_512, pixelPerThread, pixelPerThread_4, root
invalid number: 22830 respective config: API, CUDA, TextureMemory, Array2D, LocalMemory, Blocksize, bs_256x2, padding, padding_384, pixelPerThread, pixelPerThread_3, root
invalid number: 5203 respective config: API, OpenCL, TextureMemory, Linear2D, LocalMemory, Blocksize, bs_512x2, padding, padding_256, pixelPerThread, pixelPerThread_4, root
invalid number: 535 respective config: API, OpenCL, TextureMemory, Linear1D, Blocksize, bs_128x1, padding, padding_448, pixelPerThread, pixelPerThread_4, root
invalid number: 21448 respective config: API, CUDA, TextureMemory, Array2D, LocalMemory, Blocksize, bs_32x1, padding, padding_224, pixelPerThread, pixelPerThread_1, root
invalid number: 8580 respective config: API, OpenCL, TextureMemory, Ldg, Blocksize, bs_32x1, padding, padding_96, pixelPerThread, pixelPerThread_1, root
invalid number: 27089 respective config: API, CUDA, TextureMemory, Blocksize, bs_256x2, padding, padding_192, pixelPerThread, pixelPerThread_2, root
invalid number: 409 respective config: API, OpenCL, TextureMemory, Linear1D, Blocksize, bs_64x16, padding, padding_0, pixelPerThread, pixelPerThread_2, root
invalid number: 7465 respective config: API, OpenCL, TextureMemory, Array2D, LocalMemory, Blocksize, bs_64x1, padding, padding_416, pixelPerThread, pixelPerThread_2, root
invalid number: 9891 respective config: API, OpenCL, TextureMemory, Ldg, Blocksize, bs_256x1, padding, padding_224, pixelPerThread, pixelPerThread_4, root
invalid number: 26269 respective config: API, CUDA, TextureMemory, Blocksize, bs_128x2, padding, padding_160, pixelPerThread, pixelPerThread_2, root
invalid number: 5855 respective config: API, OpenCL, TextureMemory, Array2D, Blocksize, bs_32x16, padding, padding_32, pixelPerThread, pixelPerThread_4, root
invalid number: 8881 respective config: API, OpenCL, TextureMemory, Ldg, Blocksize, bs_64x1, padding, padding_320, pixelPerThread, pixelPerThread_2, root
invalid number: 20113 respective config: API, CUDA, TextureMemory, Array2D, Blocksize, bs_32x8, padding, padding_416, pixelPerThread, pixelPerThread_2, root
invalid number: 8138 respective config: API, OpenCL, TextureMemory, Array2D, LocalMemory, Blocksize, bs_1024x1, padding, padding_352, pixelPerThread, pixelPerThread_3, root
invalid number: 9446 respective config: API, OpenCL, TextureMemory, Ldg, Blocksize, bs_512x1, padding, padding_480, pixelPerThread, pixelPerThread_3, root
invalid number: 21902 respective config: API, CUDA, TextureMemory, Array2D, LocalMemory, Blocksize, bs_128x1, padding, padding_32, pixelPerThread, pixelPerThread_3, root
invalid number: 8370 respective config: API, OpenCL, TextureMemory, Array2D, LocalMemory, Blocksize, bs_64x8, padding, padding_32, pixelPerThread, pixelPerThread_3, root
invalid number: 20889 respective config: API, CUDA, TextureMemory, Array2D, Blocksize, bs_512x2, padding, padding_96, pixelPerThread, pixelPerThread_2, root
invalid number: 20903 respective config: API, CUDA, TextureMemory, Array2D, Blocksize, bs_512x2, padding, padding_192, pixelPerThread, pixelPerThread_4, root
invalid number: 9251 respective config: API, OpenCL, TextureMemory, Ldg, Blocksize, bs_128x8, padding, padding_0, pixelPerThread, pixelPerThread_4, root
invalid number: 989 respective config: API, OpenCL, TextureMemory, Linear1D, Blocksize, bs_1024x1, padding, padding_288, pixelPerThread, pixelPerThread_2, root
invalid number: 11633 respective config: API, OpenCL, TextureMemory, Blocksize, bs_32x32, padding, padding_32, pixelPerThread, pixelPerThread_2, root
invalid number: 1021 respective config: API, OpenCL, TextureMemory, Linear1D, Blocksize, bs_32x2, padding, padding_0, pixelPerThread, pixelPerThread_2, root
invalid number: 13268 respective config: API, OpenCL, TextureMemory, LocalMemory, Blocksize, bs_64x16, padding, padding_64, pixelPerThread, pixelPerThread_1, root
invalid number: 10807 respective config: API, OpenCL, TextureMemory, Ldg, LocalMemory, Blocksize, bs_256x4, padding, padding_480, pixelPerThread, pixelPerThread_4, root
invalid number: 4943 respective config: API, OpenCL, TextureMemory, Linear2D, LocalMemory, Blocksize, bs_128x4, padding, padding_352, pixelPerThread, pixelPerThread_4, root
invalid number: 10851 respective config: API, OpenCL, TextureMemory, Ldg, LocalMemory, Blocksize, bs_512x1, padding, padding_288, pixelPerThread, pixelPerThread_4, root
invalid number: 21492 respective config: API, CUDA, TextureMemory, Array2D, LocalMemory, Blocksize, bs_32x8, padding, padding_32, pixelPerThread, pixelPerThread_1, root
invalid number: 3764 respective config: API, OpenCL, TextureMemory, Linear2D, Blocksize, bs_512x2, padding, padding_192, pixelPerThread, pixelPerThread_1, root
invalid number: 20942 respective config: API, CUDA, TextureMemory, Array2D, Blocksize, bs_512x2, padding, padding_512, pixelPerThread, pixelPerThread_3, root
invalid number: 14150 respective config: API, OpenCL, TextureMemory, LocalMemory, Blocksize, bs_256x1, padding, padding_32, pixelPerThread, pixelPerThread_3, root
invalid number: 2915 respective config: API, OpenCL, TextureMemory, Linear2D, Blocksize, bs_32x1, padding, padding_448, pixelPerThread, pixelPerThread_4, root
invalid number: 3588 respective config: API, OpenCL, TextureMemory, Linear2D, Blocksize, bs_128x8, padding, padding_416, pixelPerThread, pixelPerThread_1, root
invalid number: 22619 respective config: API, CUDA, TextureMemory, Array2D, LocalMemory, Blocksize, bs_64x2, padding, padding_320, pixelPerThread, pixelPerThread_4, root
invalid number: 4699 respective config: API, OpenCL, TextureMemory, Linear2D, LocalMemory, Blocksize, bs_64x16, padding, padding_32, pixelPerThread, pixelPerThread_4, root
invalid number: 1604 respective config: API, OpenCL, TextureMemory, Linear1D, LocalMemory, Blocksize, bs_32x16, padding, padding_320, pixelPerThread, pixelPerThread_1, root
invalid number: 12097 respective config: API, OpenCL, TextureMemory, Blocksize, bs_128x4, padding, padding_480, pixelPerThread, pixelPerThread_2, root
invalid number: 7996 respective config: API, OpenCL, TextureMemory, Array2D, LocalMemory, Blocksize, bs_512x1, padding, padding_320, pixelPerThread, pixelPerThread_1, root
invalid number: 6129 respective config: API, OpenCL, TextureMemory, Array2D, Blocksize, bs_64x16, padding, padding_64, pixelPerThread, pixelPerThread_2, root
invalid number: 25866 respective config: API, CUDA, TextureMemory, Blocksize, bs_32x16, padding, padding_192, pixelPerThread, pixelPerThread_3, root
invalid number: 25742 respective config: API, CUDA, TextureMemory, Blocksize, bs_32x1, padding, padding_288, pixelPerThread, pixelPerThread_3, root
invalid number: 4642 respective config: API, OpenCL, TextureMemory, Linear2D, LocalMemory, Blocksize, bs_64x4, padding, padding_128, pixelPerThread, pixelPerThread_3, root
invalid number: 4402 respective config: API, OpenCL, TextureMemory, Linear2D, LocalMemory, Blocksize, bs_32x8, padding, padding_384, pixelPerThread, pixelPerThread_3, root
invalid number: 5472 respective config: API, OpenCL, TextureMemory, Linear2D, LocalMemory, Blocksize, bs_64x2, padding, padding_256, pixelPerThread, pixelPerThread_1, root
invalid number: 4787 respective config: API, OpenCL, TextureMemory, Linear2D, LocalMemory, Blocksize, bs_128x1, padding, padding_192, pixelPerThread, pixelPerThread_4, root
invalid number: 708 respective config: API, OpenCL, TextureMemory, Linear1D, Blocksize, bs_128x8, padding, padding_224, pixelPerThread, pixelPerThread_1, root
invalid number: 9588 respective config: API, OpenCL, TextureMemory, Ldg, Blocksize, bs_32x2, padding, padding_0, pixelPerThread, pixelPerThread_1, root
invalid number: 22383 respective config: API, CUDA, TextureMemory, Array2D, LocalMemory, Blocksize, bs_1024x1, padding, padding_64, pixelPerThread, pixelPerThread_4, root
invalid number: 3883 respective config: API, OpenCL, TextureMemory, Linear2D, Blocksize, bs_32x2, padding, padding_32, pixelPerThread, pixelPerThread_4, root
invalid number: 16131 respective config: API, CUDA, TextureMemory, Linear1D, LocalMemory, Blocksize, bs_64x16, padding, padding_96, pixelPerThread, pixelPerThread_4, root
invalid number: 212 respective config: API, OpenCL, TextureMemory, Linear1D, Blocksize, bs_32x32, padding, padding_64, pixelPerThread, pixelPerThread_1, root
invalid number: 3037 respective config: API, OpenCL, TextureMemory, Linear2D, Blocksize, bs_32x16, padding, padding_352, pixelPerThread, pixelPerThread_2, root
invalid number: 22613 respective config: API, CUDA, TextureMemory, Array2D, LocalMemory, Blocksize, bs_64x2, padding, padding_288, pixelPerThread, pixelPerThread_2, root
invalid number: 27517 respective config: API, CUDA, TextureMemory, LocalMemory, Blocksize, bs_64x4, padding, padding_352, pixelPerThread, pixelPerThread_2, root
invalid number: 2140 respective config: API, OpenCL, TextureMemory, Linear1D, LocalMemory, Blocksize, bs_128x8, padding, padding_256, pixelPerThread, pixelPerThread_1, root
invalid number: 4681 respective config: API, OpenCL, TextureMemory, Linear2D, LocalMemory, Blocksize, bs_64x4, padding, padding_448, pixelPerThread, pixelPerThread_2, root
invalid number: 5455 respective config: API, OpenCL, TextureMemory, Linear2D, LocalMemory, Blocksize, bs_64x2, padding, padding_96, pixelPerThread, pixelPerThread_4, root
invalid number: 12331 respective config: API, OpenCL, TextureMemory, Blocksize, bs_512x2, padding, padding_160, pixelPerThread, pixelPerThread_4, root
invalid number: 690 respective config: API, OpenCL, TextureMemory, Linear1D, Blocksize, bs_128x8, padding, padding_64, pixelPerThread, pixelPerThread_3, root
invalid number: 13992 respective config: API, OpenCL, TextureMemory, LocalMemory, Blocksize, bs_32x4, padding, padding_416, pixelPerThread, pixelPerThread_1, root
invalid number: 1224 respective config: API, OpenCL, TextureMemory, Linear1D, Blocksize, bs_64x8, padding, padding_0, pixelPerThread, pixelPerThread_1, root
invalid number: 12 respective config: API, OpenCL, TextureMemory, Linear1D, Blocksize, bs_32x1, padding, padding_96, pixelPerThread, pixelPerThread_1, root
invalid number: 7756 respective config: API, OpenCL, TextureMemory, Array2D, LocalMemory, Blocksize, bs_128x4, padding, padding_32, pixelPerThread, pixelPerThread_1, root
invalid number: 22226 respective config: API, CUDA, TextureMemory, Array2D, LocalMemory, Blocksize, bs_256x4, padding, padding_448, pixelPerThread, pixelPerThread_3, root
invalid number: 2352 respective config: API, OpenCL, TextureMemory, Linear1D, LocalMemory, Blocksize, bs_512x2, padding, padding_320, pixelPerThread, pixelPerThread_1, root
invalid number: 12547 respective config: API, OpenCL, TextureMemory, Blocksize, bs_32x4, padding, padding_256, pixelPerThread, pixelPerThread_4, root
invalid number: 25058 respective config: API, CUDA, TextureMemory, Ldg, LocalMemory, Blocksize, bs_256x4, padding, padding_256, pixelPerThread, pixelPerThread_3, root
invalid number: 11705 respective config: API, OpenCL, TextureMemory, Blocksize, bs_64x1, padding, padding_64, pixelPerThread, pixelPerThread_2, root
invalid number: 1340 respective config: API, OpenCL, TextureMemory, Linear1D, Blocksize, bs_256x1, padding, padding_384, pixelPerThread, pixelPerThread_1, root
invalid number: 5665 respective config: API, OpenCL, TextureMemory, Linear2D, LocalMemory, Blocksize, bs_256x2, padding, padding_160, pixelPerThread, pixelPerThread_2, root
invalid number: 75 respective config: API, OpenCL, TextureMemory, Linear1D, Blocksize, bs_32x8, padding, padding_32, pixelPerThread, pixelPerThread_4, root
invalid number: 28076 respective config: API, CUDA, TextureMemory, LocalMemory, Blocksize, bs_512x2, padding, padding_480, pixelPerThread, pixelPerThread_1, root
invalid number: 9763 respective config: API, OpenCL, TextureMemory, Ldg, Blocksize, bs_64x2, padding, padding_288, pixelPerThread, pixelPerThread_4, root
invalid number: 24971 respective config: API, CUDA, TextureMemory, Ldg, LocalMemory, Blocksize, bs_128x8, padding, padding_96, pixelPerThread, pixelPerThread_4, root
invalid number: 7783 respective config: API, OpenCL, TextureMemory, Array2D, LocalMemory, Blocksize, bs_128x4, padding, padding_224, pixelPerThread, pixelPerThread_4, root
ConfigurationSampling done in 1657 ms
28560
LocalMemory ::= (ε, 1) | (LocalMemory, 1) Symbolkind: TERMINAL
root ::= (API, 2)   (TextureMemory, 5)   (LocalMemory, 2)   (Blocksize, 21)   (padding, 17)   (pixelPerThread, 4) Symbolkind: NONTERMINAL
API ::= (OpenCL, 1) | (CUDA, 1) Symbolkind: TERMINAL
TextureMemoryInvis ::= (ε, 1) Symbolkind: TERMINAL
TextureMemory ::= (Linear1D, 1) | (Linear2D, 1) | (Array2D, 1) | (Ldg, 1) | (TextureMemoryInvis, 1) Symbolkind: TERMINAL
Blocksize ::= (bs_32x1, 1) | (bs_32x8, 1) | (bs_32x16, 1) | (bs_32x32, 1) | (bs_64x1, 1) | (bs_64x4, 1) | (bs_64x16, 1) | (bs_128x1, 1) | (bs_128x2, 1) | (bs_128x4, 1) | (bs_128x8, 1) | (bs_256x4, 1) | (bs_512x1, 1) | (bs_512x2, 1) | (bs_1024x1, 1) | (bs_32x2, 1) | (bs_32x4, 1) | (bs_64x2, 1) | (bs_64x8, 1) | (bs_256x1, 1) | (bs_256x2, 1) Symbolkind: TERMINAL
padding ::= (padding_0, 1) | (padding_32, 1) | (padding_64, 1) | (padding_96, 1) | (padding_128, 1) | (padding_160, 1) | (padding_192, 1) | (padding_224, 1) | (padding_256, 1) | (padding_288, 1) | (padding_320, 1) | (padding_352, 1) | (padding_384, 1) | (padding_416, 1) | (padding_448, 1) | (padding_480, 1) | (padding_512, 1) Symbolkind: TERMINAL
pixelPerThread ::= (pixelPerThread_1, 1) | (pixelPerThread_2, 1) | (pixelPerThread_3, 1) | (pixelPerThread_4, 1) Symbolkind: TERMINAL

command: clean-sampling
command: clean-global
command: script ./learn_grammarBased_t2.a
command: log ./out_grammarBased_t2.log
