Current machine learning settings: epsilon:0 lossFunction:RELATIVE parallelization:True bagging:False baggingNumbers:3 considerEpsilonTube:False baggingTestDataFraction:50 useBackward:False abortError:1 limitFeatureSize:False featureSizeTreshold:4 quadraticFunctionSupport:True crossValidation:False crossValidation-k:5 learn-logFunction:False learn-accumulatedLogFunction:False learn-asymFunction:False learn-ratioFunction:False learn-mirrowedFunction:False learn-numeric-disabled:True numberOfRounds:70 backwardErrorDelta:1 minImprovementPerRound:0.1 withHierarchy:False bruteForceCandidates:False ignoreBadFeatures:False stopOnLongRound:True candidateSizePenalty:True learnTimeLimit:00:00:00 scoreMeasure:RELERROR outputRoundsToStdout:False debug:False pythonInfluenceAnalysis:False blacklisted: 
command: solver z3
command: vm /scratch/kallistos/Distance-Based_Data/SupplementaryWebsite/MeasuredPerformanceValues/BerkeleyDBC/FeatureModel.xml
Warning: Variability model contains outdated notation. Children nodes will no longer have effect on the model. Instead use the parent node to describe the parent of an configuration option. You can also use the converter providedby the Variability Model GUI in export>convert legacy model.
command: all /scratch/kallistos/Distance-Based_Data/SupplementaryWebsite/MeasuredPerformanceValues/BerkeleyDBC/measurements.xml
Configs with too large deviation: 0
2560 configurations loaded.
command: nfp Performance
command: setsampleset /scratch/kallistos/Distance-Based_Data/Results/BerkeleyDBC/BerkeleyDBC_30/sampledConfigurations_solverBased_t1.csv
command: learn-splconqueror-opt abortError=[1] minImprovementPerRound=[0.1,0.2,0.5] lossFunction=[RELATIVE] quadraticFunctionSupport=[True,False] learn_logFunction=[True,False] learn_asymFunction=[True,False] learn_ratioFunction=[True,False] withHierarchy=[False] useBackward=[False]
Learning: NumberOfConfigurationsLearning:15 NumberOfConfigurationsValidation:15
Learning progress:
1;0.500263575091575 * PAGESIZE + 0.0211434915750917 * HAVE_STATISTICS;0.706564359957009;0.706564359957009;0.706564359957009;0.706564359957009;0.047516;2;0.0211434915750917 * HAVE_STATISTICS;1;2.20392715329798;
Elapsed=00:00:00.0508200
Learning progress:
1;0.500779668269231 * PAGESIZE + 0.0227829214743593 * HAVE_SEQUENCE;0.365779618116122;0.365779618116122;0.365779618116122;0.365779618116122;0.001809;2;0.0227829214743593 * HAVE_SEQUENCE;1;3.01890445669366;
Elapsed=00:00:00.0019215
Learning progress:
1;0.516560840659341 * PAGESIZE + 0.00620698498168538 * HAVE_SEQUENCE;14.6247053843483;14.6247053843483;14.6247053843483;14.6247053843483;0.001097;2;0.00620698498168538 * HAVE_SEQUENCE;1;0.408735499051499;
2;0.516560840659341 * PAGESIZE + 0.00834497985348054 * HAVE_SEQUENCE + -0.00267249358974368 * HAVE_SEQUENCE * CS16MB;14.4893221877875;14.4893221877875;14.4893221877875;14.4893221877875;0.003909;4;-0.00267249358974368 * HAVE_SEQUENCE * CS16MB;2;0.0676915982804012;
Elapsed=00:00:00.0047871
Learning progress:
1;0.520015141025641 * PAGESIZE + -0.154061833333333 * HAVE_HASH;1.1282744705817;1.1282744705817;1.1282744705817;1.1282744705817;0.001303;2;-0.154061833333333 * HAVE_HASH;1;1.58151659364669;
2;0.51862295054945 * PAGESIZE + -0.152669642857142 * HAVE_HASH + 0.00382852380952393 * HAVE_SEQUENCE;0.728535472118619;0.728535472118619;0.728535472118619;0.728535472118619;0.003913;3;0.00382852380952393 * HAVE_SEQUENCE;1;0.399738998463079;
Elapsed=00:00:00.0040219
Learning progress:
1;0.518755278554778 * PAGESIZE + -0.152801970862471 * HAVE_HASH;1.30490424505618;1.30490424505618;1.30490424505618;1.30490424505618;0.001263;2;-0.152801970862471 * HAVE_HASH;1;5.72394646270107;
2;0.518755278554779 * PAGESIZE + -0.0764009854312353 * HAVE_HASH + -0.0764009854312353 * HAVE_HASH * CS32MB;1.30490424505614;1.30490424505614;1.30490424505614;1.30490424505614;0.004055;4;-0.0764009854312353 * HAVE_HASH * CS32MB;2;2.12052597703405E-14;
Elapsed=00:00:00.0041869
Learning progress:
1;0.500263575091575 * PAGESIZE + 0.0211434915750917 * HAVE_STATISTICS;0.706564359957009;0.706564359957009;0.706564359957009;0.706564359957009;0.000997;2;0.0211434915750917 * HAVE_STATISTICS;1;2.20392715329798;
Elapsed=00:00:00.0011096
Learning progress:
1;0.500779668269231 * PAGESIZE + 0.0227829214743593 * HAVE_SEQUENCE;0.365779618116122;0.365779618116122;0.365779618116122;0.365779618116122;0.001039;2;0.0227829214743593 * HAVE_SEQUENCE;1;3.01890445669366;
Elapsed=00:00:00.0011458
Learning progress:
1;0.516560840659341 * PAGESIZE + 0.00620698498168538 * HAVE_SEQUENCE;14.6247053843483;14.6247053843483;14.6247053843483;14.6247053843483;0.000938;2;0.00620698498168538 * HAVE_SEQUENCE;1;0.408735499051499;
2;0.516560840659341 * PAGESIZE + 0.00834497985348054 * HAVE_SEQUENCE + -0.00267249358974368 * HAVE_SEQUENCE * CS16MB;14.4893221877875;14.4893221877875;14.4893221877875;14.4893221877875;0.003347;4;-0.00267249358974368 * HAVE_SEQUENCE * CS16MB;2;0.0676915982804012;
Elapsed=00:00:00.0034616
Learning progress:
1;0.520015141025641 * PAGESIZE + -0.154061833333333 * HAVE_HASH;1.1282744705817;1.1282744705817;1.1282744705817;1.1282744705817;0.001266;2;-0.154061833333333 * HAVE_HASH;1;1.58151659364669;
2;0.51862295054945 * PAGESIZE + -0.152669642857142 * HAVE_HASH + 0.00382852380952393 * HAVE_SEQUENCE;0.728535472118619;0.728535472118619;0.728535472118619;0.728535472118619;0.004034;3;0.00382852380952393 * HAVE_SEQUENCE;1;0.399738998463079;
Elapsed=00:00:00.0041399
Learning progress:
1;0.518755278554778 * PAGESIZE + -0.152801970862471 * HAVE_HASH;1.30490424505618;1.30490424505618;1.30490424505618;1.30490424505618;0.001212;2;-0.152801970862471 * HAVE_HASH;1;5.72394646270107;
2;0.518755278554779 * PAGESIZE + -0.0764009854312353 * HAVE_HASH + -0.0764009854312353 * HAVE_HASH * CS32MB;1.30490424505614;1.30490424505614;1.30490424505614;1.30490424505614;0.00397;4;-0.0764009854312353 * HAVE_HASH * CS32MB;2;2.12052597703405E-14;
Elapsed=00:00:00.0040819
Learning progress:
1;0.500263575091575 * PAGESIZE + 0.0211434915750917 * HAVE_STATISTICS;0.706564359957009;0.706564359957009;0.706564359957009;0.706564359957009;0.001259;2;0.0211434915750917 * HAVE_STATISTICS;1;2.20392715329798;
Elapsed=00:00:00.0013658
Learning progress:
1;0.500779668269231 * PAGESIZE + 0.0227829214743593 * HAVE_SEQUENCE;0.365779618116122;0.365779618116122;0.365779618116122;0.365779618116122;0.001166;2;0.0227829214743593 * HAVE_SEQUENCE;1;3.01890445669366;
Elapsed=00:00:00.0012709
Learning progress:
1;0.516560840659341 * PAGESIZE + 0.00620698498168538 * HAVE_SEQUENCE;14.6247053843483;14.6247053843483;14.6247053843483;14.6247053843483;0.001031;2;0.00620698498168538 * HAVE_SEQUENCE;1;0.408735499051499;
Elapsed=00:00:00.0011419
Learning progress:
1;0.520015141025641 * PAGESIZE + -0.154061833333333 * HAVE_HASH;1.1282744705817;1.1282744705817;1.1282744705817;1.1282744705817;0.000985;2;-0.154061833333333 * HAVE_HASH;1;1.58151659364669;
2;0.51862295054945 * PAGESIZE + -0.152669642857142 * HAVE_HASH + 0.00382852380952393 * HAVE_SEQUENCE;0.728535472118619;0.728535472118619;0.728535472118619;0.728535472118619;0.003719;3;0.00382852380952393 * HAVE_SEQUENCE;1;0.399738998463079;
Elapsed=00:00:00.0038340
Learning progress:
1;0.518755278554778 * PAGESIZE + -0.152801970862471 * HAVE_HASH;1.30490424505618;1.30490424505618;1.30490424505618;1.30490424505618;0.001217;2;-0.152801970862471 * HAVE_HASH;1;5.72394646270107;
2;0.518755278554779 * PAGESIZE + -0.0764009854312353 * HAVE_HASH + -0.0764009854312353 * HAVE_HASH * CS32MB;1.30490424505614;1.30490424505614;1.30490424505614;1.30490424505614;0.00383;4;-0.0764009854312353 * HAVE_HASH * CS32MB;2;2.12052597703405E-14;
Elapsed=00:00:00.0039382
Learning progress:
1;0.500263575091575 * PAGESIZE + 0.0211434915750917 * HAVE_STATISTICS;0.706564359957009;0.706564359957009;0.706564359957009;0.706564359957009;0.001135;2;0.0211434915750917 * HAVE_STATISTICS;1;2.20392715329798;
Elapsed=00:00:00.0012420
Learning progress:
1;0.500779668269231 * PAGESIZE + 0.0227829214743593 * HAVE_SEQUENCE;0.365779618116122;0.365779618116122;0.365779618116122;0.365779618116122;0.001144;2;0.0227829214743593 * HAVE_SEQUENCE;1;3.01890445669366;
Elapsed=00:00:00.0012553
Learning progress:
1;0.516560840659341 * PAGESIZE + 0.00620698498168538 * HAVE_SEQUENCE;14.6247053843483;14.6247053843483;14.6247053843483;14.6247053843483;0.001071;2;0.00620698498168538 * HAVE_SEQUENCE;1;0.408735499051499;
2;0.516560840659341 * PAGESIZE + 0.00834497985348054 * HAVE_SEQUENCE + -0.00267249358974368 * HAVE_SEQUENCE * CS16MB;14.4893221877875;14.4893221877875;14.4893221877875;14.4893221877875;0.00335;4;-0.00267249358974368 * HAVE_SEQUENCE * CS16MB;2;0.0676915982804012;
Elapsed=00:00:00.0034705
Learning progress:
1;0.520015141025641 * PAGESIZE + -0.154061833333333 * HAVE_HASH;1.1282744705817;1.1282744705817;1.1282744705817;1.1282744705817;0.00113;2;-0.154061833333333 * HAVE_HASH;1;1.58151659364669;
2;0.51862295054945 * PAGESIZE + -0.152669642857142 * HAVE_HASH + 0.00382852380952393 * HAVE_SEQUENCE;0.728535472118619;0.728535472118619;0.728535472118619;0.728535472118619;0.003825;3;0.00382852380952393 * HAVE_SEQUENCE;1;0.399738998463079;
Elapsed=00:00:00.0039410
Learning progress:
1;0.518755278554778 * PAGESIZE + -0.152801970862471 * HAVE_HASH;1.30490424505618;1.30490424505618;1.30490424505618;1.30490424505618;0.001012;2;-0.152801970862471 * HAVE_HASH;1;5.72394646270107;
2;0.518755278554779 * PAGESIZE + -0.0764009854312353 * HAVE_HASH + -0.0764009854312353 * HAVE_HASH * CS32MB;1.30490424505614;1.30490424505614;1.30490424505614;1.30490424505614;0.003764;4;-0.0764009854312353 * HAVE_HASH * CS32MB;2;2.12052597703405E-14;
Elapsed=00:00:00.0038853
Learning progress:
1;0.500263575091575 * PAGESIZE + 0.0211434915750917 * HAVE_STATISTICS;0.706564359957009;0.706564359957009;0.706564359957009;0.706564359957009;0.001258;2;0.0211434915750917 * HAVE_STATISTICS;1;2.20392715329798;
Elapsed=00:00:00.0013793
Learning progress:
1;0.500779668269231 * PAGESIZE + 0.0227829214743593 * HAVE_SEQUENCE;0.365779618116122;0.365779618116122;0.365779618116122;0.365779618116122;0.001291;2;0.0227829214743593 * HAVE_SEQUENCE;1;3.01890445669366;
Elapsed=00:00:00.0014227
Learning progress:
1;0.516560840659341 * PAGESIZE + 0.00620698498168538 * HAVE_SEQUENCE;14.6247053843483;14.6247053843483;14.6247053843483;14.6247053843483;0.000908;2;0.00620698498168538 * HAVE_SEQUENCE;1;0.408735499051499;
2;0.516560840659341 * PAGESIZE + 0.00834497985348054 * HAVE_SEQUENCE + -0.00267249358974368 * HAVE_SEQUENCE * CS16MB;14.4893221877875;14.4893221877875;14.4893221877875;14.4893221877875;0.004275;4;-0.00267249358974368 * HAVE_SEQUENCE * CS16MB;2;0.0676915982804012;
Elapsed=00:00:00.0044081
Learning progress:
1;0.520015141025641 * PAGESIZE + -0.154061833333333 * HAVE_HASH;1.1282744705817;1.1282744705817;1.1282744705817;1.1282744705817;0.001031;2;-0.154061833333333 * HAVE_HASH;1;1.58151659364669;
2;0.51862295054945 * PAGESIZE + -0.152669642857142 * HAVE_HASH + 0.00382852380952393 * HAVE_SEQUENCE;0.728535472118619;0.728535472118619;0.728535472118619;0.728535472118619;0.003631;3;0.00382852380952393 * HAVE_SEQUENCE;1;0.399738998463079;
Elapsed=00:00:00.0037415
Learning progress:
1;0.518755278554778 * PAGESIZE + -0.152801970862471 * HAVE_HASH;1.30490424505618;1.30490424505618;1.30490424505618;1.30490424505618;0.001084;2;-0.152801970862471 * HAVE_HASH;1;5.72394646270107;
2;0.518755278554779 * PAGESIZE + -0.0764009854312353 * HAVE_HASH + -0.0764009854312353 * HAVE_HASH * CS32MB;1.30490424505614;1.30490424505614;1.30490424505614;1.30490424505614;0.003781;4;-0.0764009854312353 * HAVE_HASH * CS32MB;2;2.12052597703405E-14;
Elapsed=00:00:00.0038949
Learning progress:
1;0.500263575091575 * PAGESIZE + 0.0211434915750917 * HAVE_STATISTICS;0.706564359957009;0.706564359957009;0.706564359957009;0.706564359957009;0.001902;2;0.0211434915750917 * HAVE_STATISTICS;1;2.20392715329798;
Elapsed=00:00:00.0020253
Learning progress:
1;0.500779668269231 * PAGESIZE + 0.0227829214743593 * HAVE_SEQUENCE;0.365779618116122;0.365779618116122;0.365779618116122;0.365779618116122;0.001098;2;0.0227829214743593 * HAVE_SEQUENCE;1;3.01890445669366;
Elapsed=00:00:00.0012057
Learning progress:
1;0.516560840659341 * PAGESIZE + 0.00620698498168538 * HAVE_SEQUENCE;14.6247053843483;14.6247053843483;14.6247053843483;14.6247053843483;0.000894;2;0.00620698498168538 * HAVE_SEQUENCE;1;0.408735499051499;
Elapsed=00:00:00.0010153
Learning progress:
1;0.520015141025641 * PAGESIZE + -0.154061833333333 * HAVE_HASH;1.1282744705817;1.1282744705817;1.1282744705817;1.1282744705817;0.000984;2;-0.154061833333333 * HAVE_HASH;1;1.58151659364669;
2;0.51862295054945 * PAGESIZE + -0.152669642857142 * HAVE_HASH + 0.00382852380952393 * HAVE_SEQUENCE;0.728535472118619;0.728535472118619;0.728535472118619;0.728535472118619;0.003591;3;0.00382852380952393 * HAVE_SEQUENCE;1;0.399738998463079;
Elapsed=00:00:00.0037119
Learning progress:
1;0.518755278554778 * PAGESIZE + -0.152801970862471 * HAVE_HASH;1.30490424505618;1.30490424505618;1.30490424505618;1.30490424505618;0.000976;2;-0.152801970862471 * HAVE_HASH;1;5.72394646270107;
2;0.518755278554779 * PAGESIZE + -0.0764009854312353 * HAVE_HASH + -0.0764009854312353 * HAVE_HASH * CS32MB;1.30490424505614;1.30490424505614;1.30490424505614;1.30490424505614;0.003531;4;-0.0764009854312353 * HAVE_HASH * CS32MB;2;2.12052597703405E-14;
Elapsed=00:00:00.0036331
Learning progress:
1;0.500263575091575 * PAGESIZE + 0.0211434915750917 * HAVE_STATISTICS;0.706564359957009;0.706564359957009;0.706564359957009;0.706564359957009;0.001095;2;0.0211434915750917 * HAVE_STATISTICS;1;2.20392715329798;
Elapsed=00:00:00.0012013
Learning progress:
1;0.500779668269231 * PAGESIZE + 0.0227829214743593 * HAVE_SEQUENCE;0.365779618116122;0.365779618116122;0.365779618116122;0.365779618116122;0.001003;2;0.0227829214743593 * HAVE_SEQUENCE;1;3.01890445669366;
Elapsed=00:00:00.0011158
Learning progress:
1;0.516560840659341 * PAGESIZE + 0.00620698498168538 * HAVE_SEQUENCE;14.6247053843483;14.6247053843483;14.6247053843483;14.6247053843483;0.000925;2;0.00620698498168538 * HAVE_SEQUENCE;1;0.408735499051499;
2;0.516560840659341 * PAGESIZE + 0.00834497985348054 * HAVE_SEQUENCE + -0.00267249358974368 * HAVE_SEQUENCE * CS16MB;14.4893221877875;14.4893221877875;14.4893221877875;14.4893221877875;0.004123;4;-0.00267249358974368 * HAVE_SEQUENCE * CS16MB;2;0.0676915982804012;
Elapsed=00:00:00.0042411
Learning progress:
1;0.520015141025641 * PAGESIZE + -0.154061833333333 * HAVE_HASH;1.1282744705817;1.1282744705817;1.1282744705817;1.1282744705817;0.001105;2;-0.154061833333333 * HAVE_HASH;1;1.58151659364669;
2;0.51862295054945 * PAGESIZE + -0.152669642857142 * HAVE_HASH + 0.00382852380952393 * HAVE_SEQUENCE;0.728535472118619;0.728535472118619;0.728535472118619;0.728535472118619;0.003656;3;0.00382852380952393 * HAVE_SEQUENCE;1;0.399738998463079;
Elapsed=00:00:00.0037699
Learning progress:
1;0.518755278554778 * PAGESIZE + -0.152801970862471 * HAVE_HASH;1.30490424505618;1.30490424505618;1.30490424505618;1.30490424505618;0.000965;2;-0.152801970862471 * HAVE_HASH;1;5.72394646270107;
2;0.518755278554779 * PAGESIZE + -0.0764009854312353 * HAVE_HASH + -0.0764009854312353 * HAVE_HASH * CS32MB;1.30490424505614;1.30490424505614;1.30490424505614;1.30490424505614;0.00352;4;-0.0764009854312353 * HAVE_HASH * CS32MB;2;2.12052597703405E-14;
Elapsed=00:00:00.0036244
Learning progress:
1;0.500263575091575 * PAGESIZE + 0.0211434915750917 * HAVE_STATISTICS;0.706564359957009;0.706564359957009;0.706564359957009;0.706564359957009;0.00183;2;0.0211434915750917 * HAVE_STATISTICS;1;2.20392715329798;
Elapsed=00:00:00.0019368
Learning progress:
1;0.500779668269231 * PAGESIZE + 0.0227829214743593 * HAVE_SEQUENCE;0.365779618116122;0.365779618116122;0.365779618116122;0.365779618116122;0.001144;2;0.0227829214743593 * HAVE_SEQUENCE;1;3.01890445669366;
Elapsed=00:00:00.0012452
Learning progress:
1;0.516560840659341 * PAGESIZE + 0.00620698498168538 * HAVE_SEQUENCE;14.6247053843483;14.6247053843483;14.6247053843483;14.6247053843483;0.001148;2;0.00620698498168538 * HAVE_SEQUENCE;1;0.408735499051499;
2;0.516560840659341 * PAGESIZE + 0.00834497985348054 * HAVE_SEQUENCE + -0.00267249358974368 * HAVE_SEQUENCE * CS16MB;14.4893221877875;14.4893221877875;14.4893221877875;14.4893221877875;0.003407;4;-0.00267249358974368 * HAVE_SEQUENCE * CS16MB;2;0.0676915982804012;
Elapsed=00:00:00.0035195
Learning progress:
1;0.520015141025641 * PAGESIZE + -0.154061833333333 * HAVE_HASH;1.1282744705817;1.1282744705817;1.1282744705817;1.1282744705817;0.000988;2;-0.154061833333333 * HAVE_HASH;1;1.58151659364669;
2;0.51862295054945 * PAGESIZE + -0.152669642857142 * HAVE_HASH + 0.00382852380952393 * HAVE_SEQUENCE;0.728535472118619;0.728535472118619;0.728535472118619;0.728535472118619;0.003579;3;0.00382852380952393 * HAVE_SEQUENCE;1;0.399738998463079;
Elapsed=00:00:00.0036940
Learning progress:
1;0.518755278554778 * PAGESIZE + -0.152801970862471 * HAVE_HASH;1.30490424505618;1.30490424505618;1.30490424505618;1.30490424505618;0.000974;2;-0.152801970862471 * HAVE_HASH;1;5.72394646270107;
2;0.518755278554779 * PAGESIZE + -0.0764009854312353 * HAVE_HASH + -0.0764009854312353 * HAVE_HASH * CS32MB;1.30490424505614;1.30490424505614;1.30490424505614;1.30490424505614;0.003533;4;-0.0764009854312353 * HAVE_HASH * CS32MB;2;2.12052597703405E-14;
Elapsed=00:00:00.0036377
Learning progress:
1;0.500263575091575 * PAGESIZE + 0.0211434915750917 * HAVE_STATISTICS;0.706564359957009;0.706564359957009;0.706564359957009;0.706564359957009;0.000975;2;0.0211434915750917 * HAVE_STATISTICS;1;2.20392715329798;
Elapsed=00:00:00.0010700
Learning progress:
1;0.500779668269231 * PAGESIZE + 0.0227829214743593 * HAVE_SEQUENCE;0.365779618116122;0.365779618116122;0.365779618116122;0.365779618116122;0.001099;2;0.0227829214743593 * HAVE_SEQUENCE;1;3.01890445669366;
Elapsed=00:00:00.0012006
Learning progress:
1;0.516560840659341 * PAGESIZE + 0.00620698498168538 * HAVE_SEQUENCE;14.6247053843483;14.6247053843483;14.6247053843483;14.6247053843483;0.001897;2;0.00620698498168538 * HAVE_SEQUENCE;1;0.408735499051499;
Elapsed=00:00:00.0020189
Learning progress:
1;0.520015141025641 * PAGESIZE + -0.154061833333333 * HAVE_HASH;1.1282744705817;1.1282744705817;1.1282744705817;1.1282744705817;0.000982;2;-0.154061833333333 * HAVE_HASH;1;1.58151659364669;
2;0.51862295054945 * PAGESIZE + -0.152669642857142 * HAVE_HASH + 0.00382852380952393 * HAVE_SEQUENCE;0.728535472118619;0.728535472118619;0.728535472118619;0.728535472118619;0.003527;3;0.00382852380952393 * HAVE_SEQUENCE;1;0.399738998463079;
Elapsed=00:00:00.0036335
Learning progress:
1;0.518755278554778 * PAGESIZE + -0.152801970862471 * HAVE_HASH;1.30490424505618;1.30490424505618;1.30490424505618;1.30490424505618;0.000984;2;-0.152801970862471 * HAVE_HASH;1;5.72394646270107;
2;0.518755278554779 * PAGESIZE + -0.0764009854312353 * HAVE_HASH + -0.0764009854312353 * HAVE_HASH * CS32MB;1.30490424505614;1.30490424505614;1.30490424505614;1.30490424505614;0.003534;4;-0.0764009854312353 * HAVE_HASH * CS32MB;2;2.12052597703405E-14;
Elapsed=00:00:00.0036347
Learning progress:
1;0.500263575091575 * PAGESIZE + 0.0211434915750917 * HAVE_STATISTICS;0.706564359957009;0.706564359957009;0.706564359957009;0.706564359957009;0.000999;2;0.0211434915750917 * HAVE_STATISTICS;1;2.20392715329798;
Elapsed=00:00:00.0011088
Learning progress:
1;0.500779668269231 * PAGESIZE + 0.0227829214743593 * HAVE_SEQUENCE;0.365779618116122;0.365779618116122;0.365779618116122;0.365779618116122;0.000989;2;0.0227829214743593 * HAVE_SEQUENCE;1;3.01890445669366;
Elapsed=00:00:00.0010953
Learning progress:
1;0.516560840659341 * PAGESIZE + 0.00620698498168538 * HAVE_SEQUENCE;14.6247053843483;14.6247053843483;14.6247053843483;14.6247053843483;0.000894;2;0.00620698498168538 * HAVE_SEQUENCE;1;0.408735499051499;
2;0.516560840659341 * PAGESIZE + 0.00834497985348054 * HAVE_SEQUENCE + -0.00267249358974368 * HAVE_SEQUENCE * CS16MB;14.4893221877875;14.4893221877875;14.4893221877875;14.4893221877875;0.003178;4;-0.00267249358974368 * HAVE_SEQUENCE * CS16MB;2;0.0676915982804012;
Elapsed=00:00:00.0033017
Learning progress:
1;0.520015141025641 * PAGESIZE + -0.154061833333333 * HAVE_HASH;1.1282744705817;1.1282744705817;1.1282744705817;1.1282744705817;0.001006;2;-0.154061833333333 * HAVE_HASH;1;1.58151659364669;
2;0.51862295054945 * PAGESIZE + -0.152669642857142 * HAVE_HASH + 0.00382852380952393 * HAVE_SEQUENCE;0.728535472118619;0.728535472118619;0.728535472118619;0.728535472118619;0.003514;3;0.00382852380952393 * HAVE_SEQUENCE;1;0.399738998463079;
Elapsed=00:00:00.0036208
Learning progress:
1;0.518755278554778 * PAGESIZE + -0.152801970862471 * HAVE_HASH;1.30490424505618;1.30490424505618;1.30490424505618;1.30490424505618;0.001001;2;-0.152801970862471 * HAVE_HASH;1;5.72394646270107;
2;0.518755278554779 * PAGESIZE + -0.0764009854312353 * HAVE_HASH + -0.0764009854312353 * HAVE_HASH * CS32MB;1.30490424505614;1.30490424505614;1.30490424505614;1.30490424505614;0.003579;4;-0.0764009854312353 * HAVE_HASH * CS32MB;2;2.12052597703405E-14;
Elapsed=00:00:00.0036859
Learning progress:
1;0.500263575091575 * PAGESIZE + 0.0211434915750917 * HAVE_STATISTICS;0.706564359957009;0.706564359957009;0.706564359957009;0.706564359957009;0.000982;2;0.0211434915750917 * HAVE_STATISTICS;1;2.20392715329798;
Elapsed=00:00:00.0010814
Learning progress:
1;0.500779668269231 * PAGESIZE + 0.0227829214743593 * HAVE_SEQUENCE;0.365779618116122;0.365779618116122;0.365779618116122;0.365779618116122;0.00098;2;0.0227829214743593 * HAVE_SEQUENCE;1;3.01890445669366;
Elapsed=00:00:00.0010824
Learning progress:
1;0.516560840659341 * PAGESIZE + 0.00620698498168538 * HAVE_SEQUENCE;14.6247053843483;14.6247053843483;14.6247053843483;14.6247053843483;0.000911;2;0.00620698498168538 * HAVE_SEQUENCE;1;0.408735499051499;
2;0.516560840659341 * PAGESIZE + 0.00834497985348054 * HAVE_SEQUENCE + -0.00267249358974368 * HAVE_SEQUENCE * CS16MB;14.4893221877875;14.4893221877875;14.4893221877875;14.4893221877875;0.003969;4;-0.00267249358974368 * HAVE_SEQUENCE * CS16MB;2;0.0676915982804012;
Elapsed=00:00:00.0041046
Learning progress:
1;0.520015141025641 * PAGESIZE + -0.154061833333333 * HAVE_HASH;1.1282744705817;1.1282744705817;1.1282744705817;1.1282744705817;0.000981;2;-0.154061833333333 * HAVE_HASH;1;1.58151659364669;
2;0.51862295054945 * PAGESIZE + -0.152669642857142 * HAVE_HASH + 0.00382852380952393 * HAVE_SEQUENCE;0.728535472118619;0.728535472118619;0.728535472118619;0.728535472118619;0.003497;3;0.00382852380952393 * HAVE_SEQUENCE;1;0.399738998463079;
Elapsed=00:00:00.0036056
Learning progress:
1;0.518755278554778 * PAGESIZE + -0.152801970862471 * HAVE_HASH;1.30490424505618;1.30490424505618;1.30490424505618;1.30490424505618;0.001072;2;-0.152801970862471 * HAVE_HASH;1;5.72394646270107;
2;0.518755278554779 * PAGESIZE + -0.0764009854312353 * HAVE_HASH + -0.0764009854312353 * HAVE_HASH * CS32MB;1.30490424505614;1.30490424505614;1.30490424505614;1.30490424505614;0.003655;4;-0.0764009854312353 * HAVE_HASH * CS32MB;2;2.12052597703405E-14;
Elapsed=00:00:00.0037524
Learning progress:
1;0.500263575091575 * PAGESIZE + 0.0211434915750917 * HAVE_STATISTICS;0.706564359957009;0.706564359957009;0.706564359957009;0.706564359957009;0.000985;2;0.0211434915750917 * HAVE_STATISTICS;1;2.20392715329798;
Elapsed=00:00:00.0011009
Learning progress:
1;0.500779668269231 * PAGESIZE + 0.0227829214743593 * HAVE_SEQUENCE;0.365779618116122;0.365779618116122;0.365779618116122;0.365779618116122;0.001005;2;0.0227829214743593 * HAVE_SEQUENCE;1;3.01890445669366;
Elapsed=00:00:00.0011090
Learning progress:
1;0.516560840659341 * PAGESIZE + 0.00620698498168538 * HAVE_SEQUENCE;14.6247053843483;14.6247053843483;14.6247053843483;14.6247053843483;0.000883;2;0.00620698498168538 * HAVE_SEQUENCE;1;0.408735499051499;
Elapsed=00:00:00.0009832
Learning progress:
1;0.520015141025641 * PAGESIZE + -0.154061833333333 * HAVE_HASH;1.1282744705817;1.1282744705817;1.1282744705817;1.1282744705817;0.000983;2;-0.154061833333333 * HAVE_HASH;1;1.58151659364669;
2;0.51862295054945 * PAGESIZE + -0.152669642857142 * HAVE_HASH + 0.00382852380952393 * HAVE_SEQUENCE;0.728535472118619;0.728535472118619;0.728535472118619;0.728535472118619;0.003517;3;0.00382852380952393 * HAVE_SEQUENCE;1;0.399738998463079;
Elapsed=00:00:00.0036415
Learning progress:
1;0.518755278554778 * PAGESIZE + -0.152801970862471 * HAVE_HASH;1.30490424505618;1.30490424505618;1.30490424505618;1.30490424505618;0.00099;2;-0.152801970862471 * HAVE_HASH;1;5.72394646270107;
2;0.518755278554779 * PAGESIZE + -0.0764009854312353 * HAVE_HASH + -0.0764009854312353 * HAVE_HASH * CS32MB;1.30490424505614;1.30490424505614;1.30490424505614;1.30490424505614;0.003535;4;-0.0764009854312353 * HAVE_HASH * CS32MB;2;2.12052597703405E-14;
Elapsed=00:00:00.0036440
Learning progress:
1;0.500263575091575 * PAGESIZE + 0.0211434915750917 * HAVE_STATISTICS;0.706564359957009;0.706564359957009;0.706564359957009;0.706564359957009;0.00099;2;0.0211434915750917 * HAVE_STATISTICS;1;2.20392715329798;
Elapsed=00:00:00.0010892
Learning progress:
1;0.500779668269231 * PAGESIZE + 0.0227829214743593 * HAVE_SEQUENCE;0.365779618116122;0.365779618116122;0.365779618116122;0.365779618116122;0.000991;2;0.0227829214743593 * HAVE_SEQUENCE;1;3.01890445669366;
Elapsed=00:00:00.0010969
Learning progress:
1;0.516560840659341 * PAGESIZE + 0.00620698498168538 * HAVE_SEQUENCE;14.6247053843483;14.6247053843483;14.6247053843483;14.6247053843483;0.000898;2;0.00620698498168538 * HAVE_SEQUENCE;1;0.408735499051499;
2;0.516560840659341 * PAGESIZE + 0.00834497985348054 * HAVE_SEQUENCE + -0.00267249358974368 * HAVE_SEQUENCE * CS16MB;14.4893221877875;14.4893221877875;14.4893221877875;14.4893221877875;0.004066;4;-0.00267249358974368 * HAVE_SEQUENCE * CS16MB;2;0.0676915982804012;
Elapsed=00:00:00.0041833
Learning progress:
1;0.520015141025641 * PAGESIZE + -0.154061833333333 * HAVE_HASH;1.1282744705817;1.1282744705817;1.1282744705817;1.1282744705817;0.00098;2;-0.154061833333333 * HAVE_HASH;1;1.58151659364669;
2;0.51862295054945 * PAGESIZE + -0.152669642857142 * HAVE_HASH + 0.00382852380952393 * HAVE_SEQUENCE;0.728535472118619;0.728535472118619;0.728535472118619;0.728535472118619;0.003501;3;0.00382852380952393 * HAVE_SEQUENCE;1;0.399738998463079;
Elapsed=00:00:00.0036080
Learning progress:
1;0.518755278554778 * PAGESIZE + -0.152801970862471 * HAVE_HASH;1.30490424505618;1.30490424505618;1.30490424505618;1.30490424505618;0.00098;2;-0.152801970862471 * HAVE_HASH;1;5.72394646270107;
2;0.518755278554779 * PAGESIZE + -0.0764009854312353 * HAVE_HASH + -0.0764009854312353 * HAVE_HASH * CS32MB;1.30490424505614;1.30490424505614;1.30490424505614;1.30490424505614;0.00352;4;-0.0764009854312353 * HAVE_HASH * CS32MB;2;2.12052597703405E-14;
Elapsed=00:00:00.0036201
Learning progress:
1;0.500263575091575 * PAGESIZE + 0.0211434915750917 * HAVE_STATISTICS;0.706564359957009;0.706564359957009;0.706564359957009;0.706564359957009;0.001837;2;0.0211434915750917 * HAVE_STATISTICS;1;2.20392715329798;
Elapsed=00:00:00.0019507
Learning progress:
1;0.500779668269231 * PAGESIZE + 0.0227829214743593 * HAVE_SEQUENCE;0.365779618116122;0.365779618116122;0.365779618116122;0.365779618116122;0.000996;2;0.0227829214743593 * HAVE_SEQUENCE;1;3.01890445669366;
Elapsed=00:00:00.0011057
Learning progress:
1;0.516560840659341 * PAGESIZE + 0.00620698498168538 * HAVE_SEQUENCE;14.6247053843483;14.6247053843483;14.6247053843483;14.6247053843483;0.001063;2;0.00620698498168538 * HAVE_SEQUENCE;1;0.408735499051499;
2;0.516560840659341 * PAGESIZE + 0.00834497985348054 * HAVE_SEQUENCE + -0.00267249358974368 * HAVE_SEQUENCE * CS16MB;14.4893221877875;14.4893221877875;14.4893221877875;14.4893221877875;0.003346;4;-0.00267249358974368 * HAVE_SEQUENCE * CS16MB;2;0.0676915982804012;
Elapsed=00:00:00.0034708
Learning progress:
1;0.520015141025641 * PAGESIZE + -0.154061833333333 * HAVE_HASH;1.1282744705817;1.1282744705817;1.1282744705817;1.1282744705817;0.001014;2;-0.154061833333333 * HAVE_HASH;1;1.58151659364669;
2;0.51862295054945 * PAGESIZE + -0.152669642857142 * HAVE_HASH + 0.00382852380952393 * HAVE_SEQUENCE;0.728535472118619;0.728535472118619;0.728535472118619;0.728535472118619;0.004359;3;0.00382852380952393 * HAVE_SEQUENCE;1;0.399738998463079;
Elapsed=00:00:00.0044869
Learning progress:
1;0.518755278554778 * PAGESIZE + -0.152801970862471 * HAVE_HASH;1.30490424505618;1.30490424505618;1.30490424505618;1.30490424505618;0.00096;2;-0.152801970862471 * HAVE_HASH;1;5.72394646270107;
2;0.518755278554779 * PAGESIZE + -0.0764009854312353 * HAVE_HASH + -0.0764009854312353 * HAVE_HASH * CS32MB;1.30490424505614;1.30490424505614;1.30490424505614;1.30490424505614;0.003513;4;-0.0764009854312353 * HAVE_HASH * CS32MB;2;2.12052597703405E-14;
Elapsed=00:00:00.0036207
Learning progress:
1;0.500263575091575 * PAGESIZE + 0.0211434915750917 * HAVE_STATISTICS;0.706564359957009;0.706564359957009;0.706564359957009;0.706564359957009;0.000988;2;0.0211434915750917 * HAVE_STATISTICS;1;2.20392715329798;
Elapsed=00:00:00.0011026
Learning progress:
1;0.500779668269231 * PAGESIZE + 0.0227829214743593 * HAVE_SEQUENCE;0.365779618116122;0.365779618116122;0.365779618116122;0.365779618116122;0.000987;2;0.0227829214743593 * HAVE_SEQUENCE;1;3.01890445669366;
Elapsed=00:00:00.0010892
Learning progress:
1;0.516560840659341 * PAGESIZE + 0.00620698498168538 * HAVE_SEQUENCE;14.6247053843483;14.6247053843483;14.6247053843483;14.6247053843483;0.001608;2;0.00620698498168538 * HAVE_SEQUENCE;1;0.408735499051499;
Elapsed=00:00:00.0017199
Learning progress:
1;0.520015141025641 * PAGESIZE + -0.154061833333333 * HAVE_HASH;1.1282744705817;1.1282744705817;1.1282744705817;1.1282744705817;0.001027;2;-0.154061833333333 * HAVE_HASH;1;1.58151659364669;
2;0.51862295054945 * PAGESIZE + -0.152669642857142 * HAVE_HASH + 0.00382852380952393 * HAVE_SEQUENCE;0.728535472118619;0.728535472118619;0.728535472118619;0.728535472118619;0.003597;3;0.00382852380952393 * HAVE_SEQUENCE;1;0.399738998463079;
Elapsed=00:00:00.0037093
Learning progress:
1;0.518755278554778 * PAGESIZE + -0.152801970862471 * HAVE_HASH;1.30490424505618;1.30490424505618;1.30490424505618;1.30490424505618;0.00097;2;-0.152801970862471 * HAVE_HASH;1;5.72394646270107;
2;0.518755278554779 * PAGESIZE + -0.0764009854312353 * HAVE_HASH + -0.0764009854312353 * HAVE_HASH * CS32MB;1.30490424505614;1.30490424505614;1.30490424505614;1.30490424505614;0.003549;4;-0.0764009854312353 * HAVE_HASH * CS32MB;2;2.12052597703405E-14;
Elapsed=00:00:00.0036590
Learning progress:
1;0.500263575091575 * PAGESIZE + 0.0211434915750917 * HAVE_STATISTICS;0.706564359957009;0.706564359957009;0.706564359957009;0.706564359957009;0.001894;2;0.0211434915750917 * HAVE_STATISTICS;1;2.20392715329798;
Elapsed=00:00:00.0020146
Learning progress:
1;0.500779668269231 * PAGESIZE + 0.0227829214743593 * HAVE_SEQUENCE;0.365779618116122;0.365779618116122;0.365779618116122;0.365779618116122;0.000998;2;0.0227829214743593 * HAVE_SEQUENCE;1;3.01890445669366;
Elapsed=00:00:00.0011113
Learning progress:
1;0.516560840659341 * PAGESIZE + 0.00620698498168538 * HAVE_SEQUENCE;14.6247053843483;14.6247053843483;14.6247053843483;14.6247053843483;0.000919;2;0.00620698498168538 * HAVE_SEQUENCE;1;0.408735499051499;
2;0.516560840659341 * PAGESIZE + 0.00834497985348054 * HAVE_SEQUENCE + -0.00267249358974368 * HAVE_SEQUENCE * CS16MB;14.4893221877875;14.4893221877875;14.4893221877875;14.4893221877875;0.003183;4;-0.00267249358974368 * HAVE_SEQUENCE * CS16MB;2;0.0676915982804012;
Elapsed=00:00:00.0032928
Learning progress:
1;0.520015141025641 * PAGESIZE + -0.154061833333333 * HAVE_HASH;1.1282744705817;1.1282744705817;1.1282744705817;1.1282744705817;0.001001;2;-0.154061833333333 * HAVE_HASH;1;1.58151659364669;
2;0.51862295054945 * PAGESIZE + -0.152669642857142 * HAVE_HASH + 0.00382852380952393 * HAVE_SEQUENCE;0.728535472118619;0.728535472118619;0.728535472118619;0.728535472118619;0.003558;3;0.00382852380952393 * HAVE_SEQUENCE;1;0.399738998463079;
Elapsed=00:00:00.0036738
Learning progress:
1;0.518755278554778 * PAGESIZE + -0.152801970862471 * HAVE_HASH;1.30490424505618;1.30490424505618;1.30490424505618;1.30490424505618;0.000966;2;-0.152801970862471 * HAVE_HASH;1;5.72394646270107;
2;0.518755278554779 * PAGESIZE + -0.0764009854312353 * HAVE_HASH + -0.0764009854312353 * HAVE_HASH * CS32MB;1.30490424505614;1.30490424505614;1.30490424505614;1.30490424505614;0.003505;4;-0.0764009854312353 * HAVE_HASH * CS32MB;2;2.12052597703405E-14;
Elapsed=00:00:00.0036102
Learning progress:
1;0.500263575091575 * PAGESIZE + 0.0211434915750917 * HAVE_STATISTICS;0.706564359957009;0.706564359957009;0.706564359957009;0.706564359957009;0.001001;2;0.0211434915750917 * HAVE_STATISTICS;1;2.20392715329798;
Elapsed=00:00:00.0011075
Learning progress:
1;0.500779668269231 * PAGESIZE + 0.0227829214743593 * HAVE_SEQUENCE;0.365779618116122;0.365779618116122;0.365779618116122;0.365779618116122;0.00111;2;0.0227829214743593 * HAVE_SEQUENCE;1;3.01890445669366;
Elapsed=00:00:00.0012252
Learning progress:
1;0.516560840659341 * PAGESIZE + 0.00620698498168538 * HAVE_SEQUENCE;14.6247053843483;14.6247053843483;14.6247053843483;14.6247053843483;0.001768;2;0.00620698498168538 * HAVE_SEQUENCE;1;0.408735499051499;
2;0.516560840659341 * PAGESIZE + 0.00834497985348054 * HAVE_SEQUENCE + -0.00267249358974368 * HAVE_SEQUENCE * CS16MB;14.4893221877875;14.4893221877875;14.4893221877875;14.4893221877875;0.004047;4;-0.00267249358974368 * HAVE_SEQUENCE * CS16MB;2;0.0676915982804012;
Elapsed=00:00:00.0041628
Learning progress:
1;0.520015141025641 * PAGESIZE + -0.154061833333333 * HAVE_HASH;1.1282744705817;1.1282744705817;1.1282744705817;1.1282744705817;0.000993;2;-0.154061833333333 * HAVE_HASH;1;1.58151659364669;
2;0.51862295054945 * PAGESIZE + -0.152669642857142 * HAVE_HASH + 0.00382852380952393 * HAVE_SEQUENCE;0.728535472118619;0.728535472118619;0.728535472118619;0.728535472118619;0.003527;3;0.00382852380952393 * HAVE_SEQUENCE;1;0.399738998463079;
Elapsed=00:00:00.0036390
Learning progress:
1;0.518755278554778 * PAGESIZE + -0.152801970862471 * HAVE_HASH;1.30490424505618;1.30490424505618;1.30490424505618;1.30490424505618;0.001052;2;-0.152801970862471 * HAVE_HASH;1;5.72394646270107;
2;0.518755278554779 * PAGESIZE + -0.0764009854312353 * HAVE_HASH + -0.0764009854312353 * HAVE_HASH * CS32MB;1.30490424505614;1.30490424505614;1.30490424505614;1.30490424505614;0.003583;4;-0.0764009854312353 * HAVE_HASH * CS32MB;2;2.12052597703405E-14;
Elapsed=00:00:00.0036833
Learning progress:
1;0.500263575091575 * PAGESIZE + 0.0211434915750917 * HAVE_STATISTICS;0.706564359957009;0.706564359957009;0.706564359957009;0.706564359957009;0.00099;2;0.0211434915750917 * HAVE_STATISTICS;1;2.20392715329798;
Elapsed=00:00:00.0011021
Learning progress:
1;0.500779668269231 * PAGESIZE + 0.0227829214743593 * HAVE_SEQUENCE;0.365779618116122;0.365779618116122;0.365779618116122;0.365779618116122;0.000986;2;0.0227829214743593 * HAVE_SEQUENCE;1;3.01890445669366;
Elapsed=00:00:00.0010956
Learning progress:
1;0.516560840659341 * PAGESIZE + 0.00620698498168538 * HAVE_SEQUENCE;14.6247053843483;14.6247053843483;14.6247053843483;14.6247053843483;0.00091;2;0.00620698498168538 * HAVE_SEQUENCE;1;0.408735499051499;
Elapsed=00:00:00.0010186
Learning progress:
1;0.520015141025641 * PAGESIZE + -0.154061833333333 * HAVE_HASH;1.1282744705817;1.1282744705817;1.1282744705817;1.1282744705817;0.000989;2;-0.154061833333333 * HAVE_HASH;1;1.58151659364669;
2;0.51862295054945 * PAGESIZE + -0.152669642857142 * HAVE_HASH + 0.00382852380952393 * HAVE_SEQUENCE;0.728535472118619;0.728535472118619;0.728535472118619;0.728535472118619;0.003544;3;0.00382852380952393 * HAVE_SEQUENCE;1;0.399738998463079;
Elapsed=00:00:00.0036566
Learning progress:
1;0.518755278554778 * PAGESIZE + -0.152801970862471 * HAVE_HASH;1.30490424505618;1.30490424505618;1.30490424505618;1.30490424505618;0.001013;2;-0.152801970862471 * HAVE_HASH;1;5.72394646270107;
2;0.518755278554779 * PAGESIZE + -0.0764009854312353 * HAVE_HASH + -0.0764009854312353 * HAVE_HASH * CS32MB;1.30490424505614;1.30490424505614;1.30490424505614;1.30490424505614;0.00355;4;-0.0764009854312353 * HAVE_HASH * CS32MB;2;2.12052597703405E-14;
Elapsed=00:00:00.0036702
Learning progress:
1;0.500263575091575 * PAGESIZE + 0.0211434915750917 * HAVE_STATISTICS;0.706564359957009;0.706564359957009;0.706564359957009;0.706564359957009;0.000998;2;0.0211434915750917 * HAVE_STATISTICS;1;2.20392715329798;
Elapsed=00:00:00.0011144
Learning progress:
1;0.500779668269231 * PAGESIZE + 0.0227829214743593 * HAVE_SEQUENCE;0.365779618116122;0.365779618116122;0.365779618116122;0.365779618116122;0.00101;2;0.0227829214743593 * HAVE_SEQUENCE;1;3.01890445669366;
Elapsed=00:00:00.0011227
Learning progress:
1;0.516560840659341 * PAGESIZE + 0.00620698498168538 * HAVE_SEQUENCE;14.6247053843483;14.6247053843483;14.6247053843483;14.6247053843483;0.000893;2;0.00620698498168538 * HAVE_SEQUENCE;1;0.408735499051499;
2;0.516560840659341 * PAGESIZE + 0.00834497985348054 * HAVE_SEQUENCE + -0.00267249358974368 * HAVE_SEQUENCE * CS16MB;14.4893221877875;14.4893221877875;14.4893221877875;14.4893221877875;0.00395;4;-0.00267249358974368 * HAVE_SEQUENCE * CS16MB;2;0.0676915982804012;
Elapsed=00:00:00.0040847
Learning progress:
1;0.520015141025641 * PAGESIZE + -0.154061833333333 * HAVE_HASH;1.1282744705817;1.1282744705817;1.1282744705817;1.1282744705817;0.001014;2;-0.154061833333333 * HAVE_HASH;1;1.58151659364669;
2;0.51862295054945 * PAGESIZE + -0.152669642857142 * HAVE_HASH + 0.00382852380952393 * HAVE_SEQUENCE;0.728535472118619;0.728535472118619;0.728535472118619;0.728535472118619;0.003535;3;0.00382852380952393 * HAVE_SEQUENCE;1;0.399738998463079;
Elapsed=00:00:00.0036485
Learning progress:
1;0.518755278554778 * PAGESIZE + -0.152801970862471 * HAVE_HASH;1.30490424505618;1.30490424505618;1.30490424505618;1.30490424505618;0.00097;2;-0.152801970862471 * HAVE_HASH;1;5.72394646270107;
2;0.518755278554779 * PAGESIZE + -0.0764009854312353 * HAVE_HASH + -0.0764009854312353 * HAVE_HASH * CS32MB;1.30490424505614;1.30490424505614;1.30490424505614;1.30490424505614;0.003525;4;-0.0764009854312353 * HAVE_HASH * CS32MB;2;2.12052597703405E-14;
Elapsed=00:00:00.0036336
Learning progress:
1;0.500263575091575 * PAGESIZE + 0.0211434915750917 * HAVE_STATISTICS;0.706564359957009;0.706564359957009;0.706564359957009;0.706564359957009;0.001018;2;0.0211434915750917 * HAVE_STATISTICS;1;2.20392715329798;
Elapsed=00:00:00.0011382
Learning progress:
1;0.500779668269231 * PAGESIZE + 0.0227829214743593 * HAVE_SEQUENCE;0.365779618116122;0.365779618116122;0.365779618116122;0.365779618116122;0.000994;2;0.0227829214743593 * HAVE_SEQUENCE;1;3.01890445669366;
Elapsed=00:00:00.0011080
Learning progress:
1;0.516560840659341 * PAGESIZE + 0.00620698498168538 * HAVE_SEQUENCE;14.6247053843483;14.6247053843483;14.6247053843483;14.6247053843483;0.000894;2;0.00620698498168538 * HAVE_SEQUENCE;1;0.408735499051499;
2;0.516560840659341 * PAGESIZE + 0.00834497985348054 * HAVE_SEQUENCE + -0.00267249358974368 * HAVE_SEQUENCE * CS16MB;14.4893221877875;14.4893221877875;14.4893221877875;14.4893221877875;0.003136;4;-0.00267249358974368 * HAVE_SEQUENCE * CS16MB;2;0.0676915982804012;
Elapsed=00:00:00.0032490
Learning progress:
1;0.520015141025641 * PAGESIZE + -0.154061833333333 * HAVE_HASH;1.1282744705817;1.1282744705817;1.1282744705817;1.1282744705817;0.001;2;-0.154061833333333 * HAVE_HASH;1;1.58151659364669;
2;0.51862295054945 * PAGESIZE + -0.152669642857142 * HAVE_HASH + 0.00382852380952393 * HAVE_SEQUENCE;0.728535472118619;0.728535472118619;0.728535472118619;0.728535472118619;0.004496;3;0.00382852380952393 * HAVE_SEQUENCE;1;0.399738998463079;
Elapsed=00:00:00.0046345
Learning progress:
1;0.518755278554778 * PAGESIZE + -0.152801970862471 * HAVE_HASH;1.30490424505618;1.30490424505618;1.30490424505618;1.30490424505618;0.000966;2;-0.152801970862471 * HAVE_HASH;1;5.72394646270107;
2;0.518755278554779 * PAGESIZE + -0.0764009854312353 * HAVE_HASH + -0.0764009854312353 * HAVE_HASH * CS32MB;1.30490424505614;1.30490424505614;1.30490424505614;1.30490424505614;0.003532;4;-0.0764009854312353 * HAVE_HASH * CS32MB;2;2.12052597703405E-14;
Elapsed=00:00:00.0036435
Learning progress:
1;0.500263575091575 * PAGESIZE + 0.0211434915750917 * HAVE_STATISTICS;0.706564359957009;0.706564359957009;0.706564359957009;0.706564359957009;0.00098;2;0.0211434915750917 * HAVE_STATISTICS;1;2.20392715329798;
Elapsed=00:00:00.0010931
Learning progress:
1;0.500779668269231 * PAGESIZE + 0.0227829214743593 * HAVE_SEQUENCE;0.365779618116122;0.365779618116122;0.365779618116122;0.365779618116122;0.000989;2;0.0227829214743593 * HAVE_SEQUENCE;1;3.01890445669366;
Elapsed=00:00:00.0010970
Learning progress:
1;0.516560840659341 * PAGESIZE + 0.00620698498168538 * HAVE_SEQUENCE;14.6247053843483;14.6247053843483;14.6247053843483;14.6247053843483;0.000901;2;0.00620698498168538 * HAVE_SEQUENCE;1;0.408735499051499;
Elapsed=00:00:00.0010173
Learning progress:
1;0.520015141025641 * PAGESIZE + -0.154061833333333 * HAVE_HASH;1.1282744705817;1.1282744705817;1.1282744705817;1.1282744705817;0.000987;2;-0.154061833333333 * HAVE_HASH;1;1.58151659364669;
2;0.51862295054945 * PAGESIZE + -0.152669642857142 * HAVE_HASH + 0.00382852380952393 * HAVE_SEQUENCE;0.728535472118619;0.728535472118619;0.728535472118619;0.728535472118619;0.003561;3;0.00382852380952393 * HAVE_SEQUENCE;1;0.399738998463079;
Elapsed=00:00:00.0036876
Learning progress:
1;0.518755278554778 * PAGESIZE + -0.152801970862471 * HAVE_HASH;1.30490424505618;1.30490424505618;1.30490424505618;1.30490424505618;0.000972;2;-0.152801970862471 * HAVE_HASH;1;5.72394646270107;
2;0.518755278554779 * PAGESIZE + -0.0764009854312353 * HAVE_HASH + -0.0764009854312353 * HAVE_HASH * CS32MB;1.30490424505614;1.30490424505614;1.30490424505614;1.30490424505614;0.003537;4;-0.0764009854312353 * HAVE_HASH * CS32MB;2;2.12052597703405E-14;
Elapsed=00:00:00.0036472
Learning progress:
1;0.500263575091575 * PAGESIZE + 0.0211434915750917 * HAVE_STATISTICS;0.706564359957009;0.706564359957009;0.706564359957009;0.706564359957009;0.001919;2;0.0211434915750917 * HAVE_STATISTICS;1;2.20392715329798;
Elapsed=00:00:00.0020299
Learning progress:
1;0.500779668269231 * PAGESIZE + 0.0227829214743593 * HAVE_SEQUENCE;0.365779618116122;0.365779618116122;0.365779618116122;0.365779618116122;0.00115;2;0.0227829214743593 * HAVE_SEQUENCE;1;3.01890445669366;
Elapsed=00:00:00.0012600
Learning progress:
1;0.516560840659341 * PAGESIZE + 0.00620698498168538 * HAVE_SEQUENCE;14.6247053843483;14.6247053843483;14.6247053843483;14.6247053843483;0.001061;2;0.00620698498168538 * HAVE_SEQUENCE;1;0.408735499051499;
2;0.516560840659341 * PAGESIZE + 0.00834497985348054 * HAVE_SEQUENCE + -0.00267249358974368 * HAVE_SEQUENCE * CS16MB;14.4893221877875;14.4893221877875;14.4893221877875;14.4893221877875;0.003374;4;-0.00267249358974368 * HAVE_SEQUENCE * CS16MB;2;0.0676915982804012;
Elapsed=00:00:00.0034997
Learning progress:
1;0.520015141025641 * PAGESIZE + -0.154061833333333 * HAVE_HASH;1.1282744705817;1.1282744705817;1.1282744705817;1.1282744705817;0.001007;2;-0.154061833333333 * HAVE_HASH;1;1.58151659364669;
2;0.51862295054945 * PAGESIZE + -0.152669642857142 * HAVE_HASH + 0.00382852380952393 * HAVE_SEQUENCE;0.728535472118619;0.728535472118619;0.728535472118619;0.728535472118619;0.004369;3;0.00382852380952393 * HAVE_SEQUENCE;1;0.399738998463079;
Elapsed=00:00:00.0044843
Learning progress:
1;0.518755278554778 * PAGESIZE + -0.152801970862471 * HAVE_HASH;1.30490424505618;1.30490424505618;1.30490424505618;1.30490424505618;0.000971;2;-0.152801970862471 * HAVE_HASH;1;5.72394646270107;
2;0.518755278554779 * PAGESIZE + -0.0764009854312353 * HAVE_HASH + -0.0764009854312353 * HAVE_HASH * CS32MB;1.30490424505614;1.30490424505614;1.30490424505614;1.30490424505614;0.003536;4;-0.0764009854312353 * HAVE_HASH * CS32MB;2;2.12052597703405E-14;
Elapsed=00:00:00.0036519
Learning progress:
1;0.500263575091575 * PAGESIZE + 0.0211434915750917 * HAVE_STATISTICS;0.706564359957009;0.706564359957009;0.706564359957009;0.706564359957009;0.001028;2;0.0211434915750917 * HAVE_STATISTICS;1;2.20392715329798;
Elapsed=00:00:00.0011397
Learning progress:
1;0.500779668269231 * PAGESIZE + 0.0227829214743593 * HAVE_SEQUENCE;0.365779618116122;0.365779618116122;0.365779618116122;0.365779618116122;0.001101;2;0.0227829214743593 * HAVE_SEQUENCE;1;3.01890445669366;
Elapsed=00:00:00.0012116
Learning progress:
1;0.516560840659341 * PAGESIZE + 0.00620698498168538 * HAVE_SEQUENCE;14.6247053843483;14.6247053843483;14.6247053843483;14.6247053843483;0.00095;2;0.00620698498168538 * HAVE_SEQUENCE;1;0.408735499051499;
2;0.516560840659341 * PAGESIZE + 0.00834497985348054 * HAVE_SEQUENCE + -0.00267249358974368 * HAVE_SEQUENCE * CS16MB;14.4893221877875;14.4893221877875;14.4893221877875;14.4893221877875;0.00323;4;-0.00267249358974368 * HAVE_SEQUENCE * CS16MB;2;0.0676915982804012;
Elapsed=00:00:00.0033455
Learning progress:
1;0.520015141025641 * PAGESIZE + -0.154061833333333 * HAVE_HASH;1.1282744705817;1.1282744705817;1.1282744705817;1.1282744705817;0.001004;2;-0.154061833333333 * HAVE_HASH;1;1.58151659364669;
2;0.51862295054945 * PAGESIZE + -0.152669642857142 * HAVE_HASH + 0.00382852380952393 * HAVE_SEQUENCE;0.728535472118619;0.728535472118619;0.728535472118619;0.728535472118619;0.003577;3;0.00382852380952393 * HAVE_SEQUENCE;1;0.399738998463079;
Elapsed=00:00:00.0037068
Learning progress:
1;0.518755278554778 * PAGESIZE + -0.152801970862471 * HAVE_HASH;1.30490424505618;1.30490424505618;1.30490424505618;1.30490424505618;0.000961;2;-0.152801970862471 * HAVE_HASH;1;5.72394646270107;
2;0.518755278554779 * PAGESIZE + -0.0764009854312353 * HAVE_HASH + -0.0764009854312353 * HAVE_HASH * CS32MB;1.30490424505614;1.30490424505614;1.30490424505614;1.30490424505614;0.003508;4;-0.0764009854312353 * HAVE_HASH * CS32MB;2;2.12052597703405E-14;
Elapsed=00:00:00.0036136
Learning progress:
1;0.500263575091575 * PAGESIZE + 0.0211434915750917 * HAVE_STATISTICS;0.706564359957009;0.706564359957009;0.706564359957009;0.706564359957009;0.001023;2;0.0211434915750917 * HAVE_STATISTICS;1;2.20392715329798;
Elapsed=00:00:00.0011486
Learning progress:
1;0.500779668269231 * PAGESIZE + 0.0227829214743593 * HAVE_SEQUENCE;0.365779618116122;0.365779618116122;0.365779618116122;0.365779618116122;0.000988;2;0.0227829214743593 * HAVE_SEQUENCE;1;3.01890445669366;
Elapsed=00:00:00.0011003
Learning progress:
1;0.516560840659341 * PAGESIZE + 0.00620698498168538 * HAVE_SEQUENCE;14.6247053843483;14.6247053843483;14.6247053843483;14.6247053843483;0.000913;2;0.00620698498168538 * HAVE_SEQUENCE;1;0.408735499051499;
Elapsed=00:00:00.0010280
Learning progress:
1;0.520015141025641 * PAGESIZE + -0.154061833333333 * HAVE_HASH;1.1282744705817;1.1282744705817;1.1282744705817;1.1282744705817;0.001124;2;-0.154061833333333 * HAVE_HASH;1;1.58151659364669;
2;0.51862295054945 * PAGESIZE + -0.152669642857142 * HAVE_HASH + 0.00382852380952393 * HAVE_SEQUENCE;0.728535472118619;0.728535472118619;0.728535472118619;0.728535472118619;0.003682;3;0.00382852380952393 * HAVE_SEQUENCE;1;0.399738998463079;
Elapsed=00:00:00.0038023
Learning progress:
1;0.518755278554778 * PAGESIZE + -0.152801970862471 * HAVE_HASH;1.30490424505618;1.30490424505618;1.30490424505618;1.30490424505618;0.000992;2;-0.152801970862471 * HAVE_HASH;1;5.72394646270107;
2;0.518755278554779 * PAGESIZE + -0.0764009854312353 * HAVE_HASH + -0.0764009854312353 * HAVE_HASH * CS32MB;1.30490424505614;1.30490424505614;1.30490424505614;1.30490424505614;0.00354;4;-0.0764009854312353 * HAVE_HASH * CS32MB;2;2.12052597703405E-14;
Elapsed=00:00:00.0036464
Learning progress:
1;0.500263575091575 * PAGESIZE + 0.0211434915750917 * HAVE_STATISTICS;0.706564359957009;0.706564359957009;0.706564359957009;0.706564359957009;0.000974;2;0.0211434915750917 * HAVE_STATISTICS;1;2.20392715329798;
Elapsed=00:00:00.0010725
Learning progress:
1;0.500779668269231 * PAGESIZE + 0.0227829214743593 * HAVE_SEQUENCE;0.365779618116122;0.365779618116122;0.365779618116122;0.365779618116122;0.000985;2;0.0227829214743593 * HAVE_SEQUENCE;1;3.01890445669366;
Elapsed=00:00:00.0010916
Learning progress:
1;0.516560840659341 * PAGESIZE + 0.00620698498168538 * HAVE_SEQUENCE;14.6247053843483;14.6247053843483;14.6247053843483;14.6247053843483;0.001845;2;0.00620698498168538 * HAVE_SEQUENCE;1;0.408735499051499;
2;0.516560840659341 * PAGESIZE + 0.00834497985348054 * HAVE_SEQUENCE + -0.00267249358974368 * HAVE_SEQUENCE * CS16MB;14.4893221877875;14.4893221877875;14.4893221877875;14.4893221877875;0.0041;4;-0.00267249358974368 * HAVE_SEQUENCE * CS16MB;2;0.0676915982804012;
Elapsed=00:00:00.0042274
Learning progress:
1;0.520015141025641 * PAGESIZE + -0.154061833333333 * HAVE_HASH;1.1282744705817;1.1282744705817;1.1282744705817;1.1282744705817;0.000985;2;-0.154061833333333 * HAVE_HASH;1;1.58151659364669;
2;0.51862295054945 * PAGESIZE + -0.152669642857142 * HAVE_HASH + 0.00382852380952393 * HAVE_SEQUENCE;0.728535472118619;0.728535472118619;0.728535472118619;0.728535472118619;0.003531;3;0.00382852380952393 * HAVE_SEQUENCE;1;0.399738998463079;
Elapsed=00:00:00.0036553
Learning progress:
1;0.518755278554778 * PAGESIZE + -0.152801970862471 * HAVE_HASH;1.30490424505618;1.30490424505618;1.30490424505618;1.30490424505618;0.000975;2;-0.152801970862471 * HAVE_HASH;1;5.72394646270107;
2;0.518755278554779 * PAGESIZE + -0.0764009854312353 * HAVE_HASH + -0.0764009854312353 * HAVE_HASH * CS32MB;1.30490424505614;1.30490424505614;1.30490424505614;1.30490424505614;0.003567;4;-0.0764009854312353 * HAVE_HASH * CS32MB;2;2.12052597703405E-14;
Elapsed=00:00:00.0037006
Learning progress:
1;0.500263575091575 * PAGESIZE + 0.0211434915750917 * HAVE_STATISTICS;0.706564359957009;0.706564359957009;0.706564359957009;0.706564359957009;0.001002;2;0.0211434915750917 * HAVE_STATISTICS;1;2.20392715329798;
Elapsed=00:00:00.0011204
Learning progress:
1;0.500779668269231 * PAGESIZE + 0.0227829214743593 * HAVE_SEQUENCE;0.365779618116122;0.365779618116122;0.365779618116122;0.365779618116122;0.001005;2;0.0227829214743593 * HAVE_SEQUENCE;1;3.01890445669366;
Elapsed=00:00:00.0011078
Learning progress:
1;0.516560840659341 * PAGESIZE + 0.00620698498168538 * HAVE_SEQUENCE;14.6247053843483;14.6247053843483;14.6247053843483;14.6247053843483;0.000896;2;0.00620698498168538 * HAVE_SEQUENCE;1;0.408735499051499;
2;0.516560840659341 * PAGESIZE + 0.00834497985348054 * HAVE_SEQUENCE + -0.00267249358974368 * HAVE_SEQUENCE * CS16MB;14.4893221877875;14.4893221877875;14.4893221877875;14.4893221877875;0.003176;4;-0.00267249358974368 * HAVE_SEQUENCE * CS16MB;2;0.0676915982804012;
Elapsed=00:00:00.0032921
Learning progress:
1;0.520015141025641 * PAGESIZE + -0.154061833333333 * HAVE_HASH;1.1282744705817;1.1282744705817;1.1282744705817;1.1282744705817;0.000989;2;-0.154061833333333 * HAVE_HASH;1;1.58151659364669;
2;0.51862295054945 * PAGESIZE + -0.152669642857142 * HAVE_HASH + 0.00382852380952393 * HAVE_SEQUENCE;0.728535472118619;0.728535472118619;0.728535472118619;0.728535472118619;0.004428;3;0.00382852380952393 * HAVE_SEQUENCE;1;0.399738998463079;
Elapsed=00:00:00.0045465
Learning progress:
1;0.518755278554778 * PAGESIZE + -0.152801970862471 * HAVE_HASH;1.30490424505618;1.30490424505618;1.30490424505618;1.30490424505618;0.001139;2;-0.152801970862471 * HAVE_HASH;1;5.72394646270107;
2;0.518755278554779 * PAGESIZE + -0.0764009854312353 * HAVE_HASH + -0.0764009854312353 * HAVE_HASH * CS32MB;1.30490424505614;1.30490424505614;1.30490424505614;1.30490424505614;0.003821;4;-0.0764009854312353 * HAVE_HASH * CS32MB;2;2.12052597703405E-14;
Elapsed=00:00:00.0039237
Learning progress:
1;0.500263575091575 * PAGESIZE + 0.0211434915750917 * HAVE_STATISTICS;0.706564359957009;0.706564359957009;0.706564359957009;0.706564359957009;0.001002;2;0.0211434915750917 * HAVE_STATISTICS;1;2.20392715329798;
Elapsed=00:00:00.0011049
Learning progress:
1;0.500779668269231 * PAGESIZE + 0.0227829214743593 * HAVE_SEQUENCE;0.365779618116122;0.365779618116122;0.365779618116122;0.365779618116122;0.001163;2;0.0227829214743593 * HAVE_SEQUENCE;1;3.01890445669366;
Elapsed=00:00:00.0012690
Learning progress:
1;0.516560840659341 * PAGESIZE + 0.00620698498168538 * HAVE_SEQUENCE;14.6247053843483;14.6247053843483;14.6247053843483;14.6247053843483;0.000911;2;0.00620698498168538 * HAVE_SEQUENCE;1;0.408735499051499;
Elapsed=00:00:00.0010214
Learning progress:
1;0.520015141025641 * PAGESIZE + -0.154061833333333 * HAVE_HASH;1.1282744705817;1.1282744705817;1.1282744705817;1.1282744705817;0.000985;2;-0.154061833333333 * HAVE_HASH;1;1.58151659364669;
2;0.51862295054945 * PAGESIZE + -0.152669642857142 * HAVE_HASH + 0.00382852380952393 * HAVE_SEQUENCE;0.728535472118619;0.728535472118619;0.728535472118619;0.728535472118619;0.003562;3;0.00382852380952393 * HAVE_SEQUENCE;1;0.399738998463079;
Elapsed=00:00:00.0036733
Learning progress:
1;0.518755278554778 * PAGESIZE + -0.152801970862471 * HAVE_HASH;1.30490424505618;1.30490424505618;1.30490424505618;1.30490424505618;0.001114;2;-0.152801970862471 * HAVE_HASH;1;5.72394646270107;
2;0.518755278554779 * PAGESIZE + -0.0764009854312353 * HAVE_HASH + -0.0764009854312353 * HAVE_HASH * CS32MB;1.30490424505614;1.30490424505614;1.30490424505614;1.30490424505614;0.003706;4;-0.0764009854312353 * HAVE_HASH * CS32MB;2;2.12052597703405E-14;
Elapsed=00:00:00.0038175
Learning progress:
1;0.500263575091575 * PAGESIZE + 0.0211434915750917 * HAVE_STATISTICS;0.706564359957009;0.706564359957009;0.706564359957009;0.706564359957009;0.001002;2;0.0211434915750917 * HAVE_STATISTICS;1;2.20392715329798;
Elapsed=00:00:00.0011295
Learning progress:
1;0.500779668269231 * PAGESIZE + 0.0227829214743593 * HAVE_SEQUENCE;0.365779618116122;0.365779618116122;0.365779618116122;0.365779618116122;0.000991;2;0.0227829214743593 * HAVE_SEQUENCE;1;3.01890445669366;
Elapsed=00:00:00.0011034
Learning progress:
1;0.516560840659341 * PAGESIZE + 0.00620698498168538 * HAVE_SEQUENCE;14.6247053843483;14.6247053843483;14.6247053843483;14.6247053843483;0.000929;2;0.00620698498168538 * HAVE_SEQUENCE;1;0.408735499051499;
2;0.516560840659341 * PAGESIZE + 0.00834497985348054 * HAVE_SEQUENCE + -0.00267249358974368 * HAVE_SEQUENCE * CS16MB;14.4893221877875;14.4893221877875;14.4893221877875;14.4893221877875;0.003183;4;-0.00267249358974368 * HAVE_SEQUENCE * CS16MB;2;0.0676915982804012;
Elapsed=00:00:00.0033007
Learning progress:
1;0.520015141025641 * PAGESIZE + -0.154061833333333 * HAVE_HASH;1.1282744705817;1.1282744705817;1.1282744705817;1.1282744705817;0.00099;2;-0.154061833333333 * HAVE_HASH;1;1.58151659364669;
2;0.51862295054945 * PAGESIZE + -0.152669642857142 * HAVE_HASH + 0.00382852380952393 * HAVE_SEQUENCE;0.728535472118619;0.728535472118619;0.728535472118619;0.728535472118619;0.004527;3;0.00382852380952393 * HAVE_SEQUENCE;1;0.399738998463079;
Elapsed=00:00:00.0046528
Learning progress:
1;0.518755278554778 * PAGESIZE + -0.152801970862471 * HAVE_HASH;1.30490424505618;1.30490424505618;1.30490424505618;1.30490424505618;0.001118;2;-0.152801970862471 * HAVE_HASH;1;5.72394646270107;
2;0.518755278554779 * PAGESIZE + -0.0764009854312353 * HAVE_HASH + -0.0764009854312353 * HAVE_HASH * CS32MB;1.30490424505614;1.30490424505614;1.30490424505614;1.30490424505614;0.00373;4;-0.0764009854312353 * HAVE_HASH * CS32MB;2;2.12052597703405E-14;
Elapsed=00:00:00.0038479
Learning progress:
1;0.500263575091575 * PAGESIZE + 0.0211434915750917 * HAVE_STATISTICS;0.706564359957009;0.706564359957009;0.706564359957009;0.706564359957009;0.001175;2;0.0211434915750917 * HAVE_STATISTICS;1;2.20392715329798;
Elapsed=00:00:00.0012896
Learning progress:
1;0.500779668269231 * PAGESIZE + 0.0227829214743593 * HAVE_SEQUENCE;0.365779618116122;0.365779618116122;0.365779618116122;0.365779618116122;0.000993;2;0.0227829214743593 * HAVE_SEQUENCE;1;3.01890445669366;
Elapsed=00:00:00.0011058
Learning progress:
1;0.516560840659341 * PAGESIZE + 0.00620698498168538 * HAVE_SEQUENCE;14.6247053843483;14.6247053843483;14.6247053843483;14.6247053843483;0.000928;2;0.00620698498168538 * HAVE_SEQUENCE;1;0.408735499051499;
2;0.516560840659341 * PAGESIZE + 0.00834497985348054 * HAVE_SEQUENCE + -0.00267249358974368 * HAVE_SEQUENCE * CS16MB;14.4893221877875;14.4893221877875;14.4893221877875;14.4893221877875;0.003222;4;-0.00267249358974368 * HAVE_SEQUENCE * CS16MB;2;0.0676915982804012;
Elapsed=00:00:00.0033506
Learning progress:
1;0.520015141025641 * PAGESIZE + -0.154061833333333 * HAVE_HASH;1.1282744705817;1.1282744705817;1.1282744705817;1.1282744705817;0.000981;2;-0.154061833333333 * HAVE_HASH;1;1.58151659364669;
2;0.51862295054945 * PAGESIZE + -0.152669642857142 * HAVE_HASH + 0.00382852380952393 * HAVE_SEQUENCE;0.728535472118619;0.728535472118619;0.728535472118619;0.728535472118619;0.003477;3;0.00382852380952393 * HAVE_SEQUENCE;1;0.399738998463079;
Elapsed=00:00:00.0035836
Learning progress:
1;0.518755278554778 * PAGESIZE + -0.152801970862471 * HAVE_HASH;1.30490424505618;1.30490424505618;1.30490424505618;1.30490424505618;0.001113;2;-0.152801970862471 * HAVE_HASH;1;5.72394646270107;
2;0.518755278554779 * PAGESIZE + -0.0764009854312353 * HAVE_HASH + -0.0764009854312353 * HAVE_HASH * CS32MB;1.30490424505614;1.30490424505614;1.30490424505614;1.30490424505614;0.0037;4;-0.0764009854312353 * HAVE_HASH * CS32MB;2;2.12052597703405E-14;
Elapsed=00:00:00.0038062
Learning progress:
1;0.500263575091575 * PAGESIZE + 0.0211434915750917 * HAVE_STATISTICS;0.706564359957009;0.706564359957009;0.706564359957009;0.706564359957009;0.000978;2;0.0211434915750917 * HAVE_STATISTICS;1;2.20392715329798;
Elapsed=00:00:00.0010836
Learning progress:
1;0.500779668269231 * PAGESIZE + 0.0227829214743593 * HAVE_SEQUENCE;0.365779618116122;0.365779618116122;0.365779618116122;0.365779618116122;0.000984;2;0.0227829214743593 * HAVE_SEQUENCE;1;3.01890445669366;
Elapsed=00:00:00.0010986
Learning progress:
1;0.516560840659341 * PAGESIZE + 0.00620698498168538 * HAVE_SEQUENCE;14.6247053843483;14.6247053843483;14.6247053843483;14.6247053843483;0.000919;2;0.00620698498168538 * HAVE_SEQUENCE;1;0.408735499051499;
Elapsed=00:00:00.0010287
Learning progress:
1;0.520015141025641 * PAGESIZE + -0.154061833333333 * HAVE_HASH;1.1282744705817;1.1282744705817;1.1282744705817;1.1282744705817;0.000993;2;-0.154061833333333 * HAVE_HASH;1;1.58151659364669;
2;0.51862295054945 * PAGESIZE + -0.152669642857142 * HAVE_HASH + 0.00382852380952393 * HAVE_SEQUENCE;0.728535472118619;0.728535472118619;0.728535472118619;0.728535472118619;0.004435;3;0.00382852380952393 * HAVE_SEQUENCE;1;0.399738998463079;
Elapsed=00:00:00.0045546
Learning progress:
1;0.518755278554778 * PAGESIZE + -0.152801970862471 * HAVE_HASH;1.30490424505618;1.30490424505618;1.30490424505618;1.30490424505618;0.001163;2;-0.152801970862471 * HAVE_HASH;1;5.72394646270107;
2;0.518755278554779 * PAGESIZE + -0.0764009854312353 * HAVE_HASH + -0.0764009854312353 * HAVE_HASH * CS32MB;1.30490424505614;1.30490424505614;1.30490424505614;1.30490424505614;0.003899;4;-0.0764009854312353 * HAVE_HASH * CS32MB;2;2.12052597703405E-14;
Elapsed=00:00:00.0040046
Learning progress:
1;0.500263575091575 * PAGESIZE + 0.0211434915750917 * HAVE_STATISTICS;0.706564359957009;0.706564359957009;0.706564359957009;0.706564359957009;0.000985;2;0.0211434915750917 * HAVE_STATISTICS;1;2.20392715329798;
Elapsed=00:00:00.0010898
Learning progress:
1;0.500779668269231 * PAGESIZE + 0.0227829214743593 * HAVE_SEQUENCE;0.365779618116122;0.365779618116122;0.365779618116122;0.365779618116122;0.000997;2;0.0227829214743593 * HAVE_SEQUENCE;1;3.01890445669366;
Elapsed=00:00:00.0011038
Learning progress:
1;0.516560840659341 * PAGESIZE + 0.00620698498168538 * HAVE_SEQUENCE;14.6247053843483;14.6247053843483;14.6247053843483;14.6247053843483;0.001114;2;0.00620698498168538 * HAVE_SEQUENCE;1;0.408735499051499;
2;0.516560840659341 * PAGESIZE + 0.00834497985348054 * HAVE_SEQUENCE + -0.00267249358974368 * HAVE_SEQUENCE * CS16MB;14.4893221877875;14.4893221877875;14.4893221877875;14.4893221877875;0.003352;4;-0.00267249358974368 * HAVE_SEQUENCE * CS16MB;2;0.0676915982804012;
Elapsed=00:00:00.0034675
Learning progress:
1;0.520015141025641 * PAGESIZE + -0.154061833333333 * HAVE_HASH;1.1282744705817;1.1282744705817;1.1282744705817;1.1282744705817;0.001005;2;-0.154061833333333 * HAVE_HASH;1;1.58151659364669;
2;0.51862295054945 * PAGESIZE + -0.152669642857142 * HAVE_HASH + 0.00382852380952393 * HAVE_SEQUENCE;0.728535472118619;0.728535472118619;0.728535472118619;0.728535472118619;0.003534;3;0.00382852380952393 * HAVE_SEQUENCE;1;0.399738998463079;
Elapsed=00:00:00.0036651
Learning progress:
1;0.518755278554778 * PAGESIZE + -0.152801970862471 * HAVE_HASH;1.30490424505618;1.30490424505618;1.30490424505618;1.30490424505618;0.001094;2;-0.152801970862471 * HAVE_HASH;1;5.72394646270107;
2;0.518755278554779 * PAGESIZE + -0.0764009854312353 * HAVE_HASH + -0.0764009854312353 * HAVE_HASH * CS32MB;1.30490424505614;1.30490424505614;1.30490424505614;1.30490424505614;0.003805;4;-0.0764009854312353 * HAVE_HASH * CS32MB;2;2.12052597703405E-14;
Elapsed=00:00:00.0039160
Learning progress:
1;0.500263575091575 * PAGESIZE + 0.0211434915750917 * HAVE_STATISTICS;0.706564359957009;0.706564359957009;0.706564359957009;0.706564359957009;0.001014;2;0.0211434915750917 * HAVE_STATISTICS;1;2.20392715329798;
Elapsed=00:00:00.0011261
Learning progress:
1;0.500779668269231 * PAGESIZE + 0.0227829214743593 * HAVE_SEQUENCE;0.365779618116122;0.365779618116122;0.365779618116122;0.365779618116122;0.001098;2;0.0227829214743593 * HAVE_SEQUENCE;1;3.01890445669366;
Elapsed=00:00:00.0012040
Learning progress:
1;0.516560840659341 * PAGESIZE + 0.00620698498168538 * HAVE_SEQUENCE;14.6247053843483;14.6247053843483;14.6247053843483;14.6247053843483;0.000902;2;0.00620698498168538 * HAVE_SEQUENCE;1;0.408735499051499;
2;0.516560840659341 * PAGESIZE + 0.00834497985348054 * HAVE_SEQUENCE + -0.00267249358974368 * HAVE_SEQUENCE * CS16MB;14.4893221877875;14.4893221877875;14.4893221877875;14.4893221877875;0.003216;4;-0.00267249358974368 * HAVE_SEQUENCE * CS16MB;2;0.0676915982804012;
Elapsed=00:00:00.0033440
Learning progress:
1;0.520015141025641 * PAGESIZE + -0.154061833333333 * HAVE_HASH;1.1282744705817;1.1282744705817;1.1282744705817;1.1282744705817;0.001001;2;-0.154061833333333 * HAVE_HASH;1;1.58151659364669;
2;0.51862295054945 * PAGESIZE + -0.152669642857142 * HAVE_HASH + 0.00382852380952393 * HAVE_SEQUENCE;0.728535472118619;0.728535472118619;0.728535472118619;0.728535472118619;0.004456;3;0.00382852380952393 * HAVE_SEQUENCE;1;0.399738998463079;
Elapsed=00:00:00.0045868
Learning progress:
1;0.518755278554778 * PAGESIZE + -0.152801970862471 * HAVE_HASH;1.30490424505618;1.30490424505618;1.30490424505618;1.30490424505618;0.001009;2;-0.152801970862471 * HAVE_HASH;1;5.72394646270107;
2;0.518755278554779 * PAGESIZE + -0.0764009854312353 * HAVE_HASH + -0.0764009854312353 * HAVE_HASH * CS32MB;1.30490424505614;1.30490424505614;1.30490424505614;1.30490424505614;0.003647;4;-0.0764009854312353 * HAVE_HASH * CS32MB;2;2.12052597703405E-14;
Elapsed=00:00:00.0037661
Learning progress:
1;0.500263575091575 * PAGESIZE + 0.0211434915750917 * HAVE_STATISTICS;0.706564359957009;0.706564359957009;0.706564359957009;0.706564359957009;0.001111;2;0.0211434915750917 * HAVE_STATISTICS;1;2.20392715329798;
Elapsed=00:00:00.0012328
Learning progress:
1;0.500779668269231 * PAGESIZE + 0.0227829214743593 * HAVE_SEQUENCE;0.365779618116122;0.365779618116122;0.365779618116122;0.365779618116122;0.001117;2;0.0227829214743593 * HAVE_SEQUENCE;1;3.01890445669366;
Elapsed=00:00:00.0012378
Learning progress:
1;0.516560840659341 * PAGESIZE + 0.00620698498168538 * HAVE_SEQUENCE;14.6247053843483;14.6247053843483;14.6247053843483;14.6247053843483;0.000926;2;0.00620698498168538 * HAVE_SEQUENCE;1;0.408735499051499;
Elapsed=00:00:00.0010565
Learning progress:
1;0.520015141025641 * PAGESIZE + -0.154061833333333 * HAVE_HASH;1.1282744705817;1.1282744705817;1.1282744705817;1.1282744705817;0.001001;2;-0.154061833333333 * HAVE_HASH;1;1.58151659364669;
2;0.51862295054945 * PAGESIZE + -0.152669642857142 * HAVE_HASH + 0.00382852380952393 * HAVE_SEQUENCE;0.728535472118619;0.728535472118619;0.728535472118619;0.728535472118619;0.003566;3;0.00382852380952393 * HAVE_SEQUENCE;1;0.399738998463079;
Elapsed=00:00:00.0036894
Learning progress:
1;0.518755278554778 * PAGESIZE + -0.152801970862471 * HAVE_HASH;1.30490424505618;1.30490424505618;1.30490424505618;1.30490424505618;0.001106;2;-0.152801970862471 * HAVE_HASH;1;5.72394646270107;
2;0.518755278554779 * PAGESIZE + -0.0764009854312353 * HAVE_HASH + -0.0764009854312353 * HAVE_HASH * CS32MB;1.30490424505614;1.30490424505614;1.30490424505614;1.30490424505614;0.003649;4;-0.0764009854312353 * HAVE_HASH * CS32MB;2;2.12052597703405E-14;
Elapsed=00:00:00.0037664
Learning progress:
1;0.500263575091575 * PAGESIZE + 0.0211434915750917 * HAVE_STATISTICS;0.706564359957009;0.706564359957009;0.706564359957009;0.706564359957009;0.001015;2;0.0211434915750917 * HAVE_STATISTICS;1;2.20392715329798;
Elapsed=00:00:00.0011354
Learning progress:
1;0.500779668269231 * PAGESIZE + 0.0227829214743593 * HAVE_SEQUENCE;0.365779618116122;0.365779618116122;0.365779618116122;0.365779618116122;0.00099;2;0.0227829214743593 * HAVE_SEQUENCE;1;3.01890445669366;
Elapsed=00:00:00.0011077
Learning progress:
1;0.516560840659341 * PAGESIZE + 0.00620698498168538 * HAVE_SEQUENCE;14.6247053843483;14.6247053843483;14.6247053843483;14.6247053843483;0.000899;2;0.00620698498168538 * HAVE_SEQUENCE;1;0.408735499051499;
2;0.516560840659341 * PAGESIZE + 0.00834497985348054 * HAVE_SEQUENCE + -0.00267249358974368 * HAVE_SEQUENCE * CS16MB;14.4893221877875;14.4893221877875;14.4893221877875;14.4893221877875;0.003176;4;-0.00267249358974368 * HAVE_SEQUENCE * CS16MB;2;0.0676915982804012;
Elapsed=00:00:00.0033002
Learning progress:
1;0.520015141025641 * PAGESIZE + -0.154061833333333 * HAVE_HASH;1.1282744705817;1.1282744705817;1.1282744705817;1.1282744705817;0.001018;2;-0.154061833333333 * HAVE_HASH;1;1.58151659364669;
2;0.51862295054945 * PAGESIZE + -0.152669642857142 * HAVE_HASH + 0.00382852380952393 * HAVE_SEQUENCE;0.728535472118619;0.728535472118619;0.728535472118619;0.728535472118619;0.00458;3;0.00382852380952393 * HAVE_SEQUENCE;1;0.399738998463079;
Elapsed=00:00:00.0047041
Learning progress:
1;0.518755278554778 * PAGESIZE + -0.152801970862471 * HAVE_HASH;1.30490424505618;1.30490424505618;1.30490424505618;1.30490424505618;0.001084;2;-0.152801970862471 * HAVE_HASH;1;5.72394646270107;
2;0.518755278554779 * PAGESIZE + -0.0764009854312353 * HAVE_HASH + -0.0764009854312353 * HAVE_HASH * CS32MB;1.30490424505614;1.30490424505614;1.30490424505614;1.30490424505614;0.003734;4;-0.0764009854312353 * HAVE_HASH * CS32MB;2;2.12052597703405E-14;
Elapsed=00:00:00.0038521
Learning progress:
1;0.500263575091575 * PAGESIZE + 0.0211434915750917 * HAVE_STATISTICS;0.706564359957009;0.706564359957009;0.706564359957009;0.706564359957009;0.001036;2;0.0211434915750917 * HAVE_STATISTICS;1;2.20392715329798;
Elapsed=00:00:00.0011518
Learning progress:
1;0.500779668269231 * PAGESIZE + 0.0227829214743593 * HAVE_SEQUENCE;0.365779618116122;0.365779618116122;0.365779618116122;0.365779618116122;0.001001;2;0.0227829214743593 * HAVE_SEQUENCE;1;3.01890445669366;
Elapsed=00:00:00.0011145
Learning progress:
1;0.516560840659341 * PAGESIZE + 0.00620698498168538 * HAVE_SEQUENCE;14.6247053843483;14.6247053843483;14.6247053843483;14.6247053843483;0.00091;2;0.00620698498168538 * HAVE_SEQUENCE;1;0.408735499051499;
2;0.516560840659341 * PAGESIZE + 0.00834497985348054 * HAVE_SEQUENCE + -0.00267249358974368 * HAVE_SEQUENCE * CS16MB;14.4893221877875;14.4893221877875;14.4893221877875;14.4893221877875;0.003175;4;-0.00267249358974368 * HAVE_SEQUENCE * CS16MB;2;0.0676915982804012;
Elapsed=00:00:00.0033020
Learning progress:
1;0.520015141025641 * PAGESIZE + -0.154061833333333 * HAVE_HASH;1.1282744705817;1.1282744705817;1.1282744705817;1.1282744705817;0.001003;2;-0.154061833333333 * HAVE_HASH;1;1.58151659364669;
2;0.51862295054945 * PAGESIZE + -0.152669642857142 * HAVE_HASH + 0.00382852380952393 * HAVE_SEQUENCE;0.728535472118619;0.728535472118619;0.728535472118619;0.728535472118619;0.003701;3;0.00382852380952393 * HAVE_SEQUENCE;1;0.399738998463079;
Elapsed=00:00:00.0038223
Learning progress:
1;0.518755278554778 * PAGESIZE + -0.152801970862471 * HAVE_HASH;1.30490424505618;1.30490424505618;1.30490424505618;1.30490424505618;0.001131;2;-0.152801970862471 * HAVE_HASH;1;5.72394646270107;
2;0.518755278554779 * PAGESIZE + -0.0764009854312353 * HAVE_HASH + -0.0764009854312353 * HAVE_HASH * CS32MB;1.30490424505614;1.30490424505614;1.30490424505614;1.30490424505614;0.004676;4;-0.0764009854312353 * HAVE_HASH * CS32MB;2;2.12052597703405E-14;
Elapsed=00:00:00.0047912
Learning progress:
1;0.500263575091575 * PAGESIZE + 0.0211434915750917 * HAVE_STATISTICS;0.706564359957009;0.706564359957009;0.706564359957009;0.706564359957009;0.001167;2;0.0211434915750917 * HAVE_STATISTICS;1;2.20392715329798;
Elapsed=00:00:00.0012785
Learning progress:
1;0.500779668269231 * PAGESIZE + 0.0227829214743593 * HAVE_SEQUENCE;0.365779618116122;0.365779618116122;0.365779618116122;0.365779618116122;0.001044;2;0.0227829214743593 * HAVE_SEQUENCE;1;3.01890445669366;
Elapsed=00:00:00.0011554
Learning progress:
1;0.516560840659341 * PAGESIZE + 0.00620698498168538 * HAVE_SEQUENCE;14.6247053843483;14.6247053843483;14.6247053843483;14.6247053843483;0.001078;2;0.00620698498168538 * HAVE_SEQUENCE;1;0.408735499051499;
Elapsed=00:00:00.0011918
Learning progress:
1;0.520015141025641 * PAGESIZE + -0.154061833333333 * HAVE_HASH;1.1282744705817;1.1282744705817;1.1282744705817;1.1282744705817;0.000995;2;-0.154061833333333 * HAVE_HASH;1;1.58151659364669;
2;0.51862295054945 * PAGESIZE + -0.152669642857142 * HAVE_HASH + 0.00382852380952393 * HAVE_SEQUENCE;0.728535472118619;0.728535472118619;0.728535472118619;0.728535472118619;0.004583;3;0.00382852380952393 * HAVE_SEQUENCE;1;0.399738998463079;
Elapsed=00:00:00.0047092
Learning progress:
1;0.518755278554778 * PAGESIZE + -0.152801970862471 * HAVE_HASH;1.30490424505618;1.30490424505618;1.30490424505618;1.30490424505618;0.000956;2;-0.152801970862471 * HAVE_HASH;1;5.72394646270107;
2;0.518755278554779 * PAGESIZE + -0.0764009854312353 * HAVE_HASH + -0.0764009854312353 * HAVE_HASH * CS32MB;1.30490424505614;1.30490424505614;1.30490424505614;1.30490424505614;0.003542;4;-0.0764009854312353 * HAVE_HASH * CS32MB;2;2.12052597703405E-14;
Elapsed=00:00:00.0036532
Learning progress:
1;0.500263575091575 * PAGESIZE + 0.0211434915750917 * HAVE_STATISTICS;0.706564359957009;0.706564359957009;0.706564359957009;0.706564359957009;0.001184;2;0.0211434915750917 * HAVE_STATISTICS;1;2.20392715329798;
Elapsed=00:00:00.0013021
Learning progress:
1;0.500779668269231 * PAGESIZE + 0.0227829214743593 * HAVE_SEQUENCE;0.365779618116122;0.365779618116122;0.365779618116122;0.365779618116122;0.001005;2;0.0227829214743593 * HAVE_SEQUENCE;1;3.01890445669366;
Elapsed=00:00:00.0011174
Learning progress:
1;0.516560840659341 * PAGESIZE + 0.00620698498168538 * HAVE_SEQUENCE;14.6247053843483;14.6247053843483;14.6247053843483;14.6247053843483;0.000933;2;0.00620698498168538 * HAVE_SEQUENCE;1;0.408735499051499;
2;0.516560840659341 * PAGESIZE + 0.00834497985348054 * HAVE_SEQUENCE + -0.00267249358974368 * HAVE_SEQUENCE * CS16MB;14.4893221877875;14.4893221877875;14.4893221877875;14.4893221877875;0.003223;4;-0.00267249358974368 * HAVE_SEQUENCE * CS16MB;2;0.0676915982804012;
Elapsed=00:00:00.0033457
Learning progress:
1;0.520015141025641 * PAGESIZE + -0.154061833333333 * HAVE_HASH;1.1282744705817;1.1282744705817;1.1282744705817;1.1282744705817;0.000998;2;-0.154061833333333 * HAVE_HASH;1;1.58151659364669;
2;0.51862295054945 * PAGESIZE + -0.152669642857142 * HAVE_HASH + 0.00382852380952393 * HAVE_SEQUENCE;0.728535472118619;0.728535472118619;0.728535472118619;0.728535472118619;0.003542;3;0.00382852380952393 * HAVE_SEQUENCE;1;0.399738998463079;
Elapsed=00:00:00.0036627
Learning progress:
1;0.518755278554778 * PAGESIZE + -0.152801970862471 * HAVE_HASH;1.30490424505618;1.30490424505618;1.30490424505618;1.30490424505618;0.001138;2;-0.152801970862471 * HAVE_HASH;1;5.72394646270107;
2;0.518755278554779 * PAGESIZE + -0.0764009854312353 * HAVE_HASH + -0.0764009854312353 * HAVE_HASH * CS32MB;1.30490424505614;1.30490424505614;1.30490424505614;1.30490424505614;0.004618;4;-0.0764009854312353 * HAVE_HASH * CS32MB;2;2.12052597703405E-14;
Elapsed=00:00:00.0047342
Learning progress:
1;0.500263575091575 * PAGESIZE + 0.0211434915750917 * HAVE_STATISTICS;0.706564359957009;0.706564359957009;0.706564359957009;0.706564359957009;0.001005;2;0.0211434915750917 * HAVE_STATISTICS;1;2.20392715329798;
Elapsed=00:00:00.0011176
Learning progress:
1;0.500779668269231 * PAGESIZE + 0.0227829214743593 * HAVE_SEQUENCE;0.365779618116122;0.365779618116122;0.365779618116122;0.365779618116122;0.000991;2;0.0227829214743593 * HAVE_SEQUENCE;1;3.01890445669366;
Elapsed=00:00:00.0010977
Learning progress:
1;0.516560840659341 * PAGESIZE + 0.00620698498168538 * HAVE_SEQUENCE;14.6247053843483;14.6247053843483;14.6247053843483;14.6247053843483;0.000895;2;0.00620698498168538 * HAVE_SEQUENCE;1;0.408735499051499;
2;0.516560840659341 * PAGESIZE + 0.00834497985348054 * HAVE_SEQUENCE + -0.00267249358974368 * HAVE_SEQUENCE * CS16MB;14.4893221877875;14.4893221877875;14.4893221877875;14.4893221877875;0.003165;4;-0.00267249358974368 * HAVE_SEQUENCE * CS16MB;2;0.0676915982804012;
Elapsed=00:00:00.0032800
Learning progress:
1;0.520015141025641 * PAGESIZE + -0.154061833333333 * HAVE_HASH;1.1282744705817;1.1282744705817;1.1282744705817;1.1282744705817;0.001967;2;-0.154061833333333 * HAVE_HASH;1;1.58151659364669;
2;0.51862295054945 * PAGESIZE + -0.152669642857142 * HAVE_HASH + 0.00382852380952393 * HAVE_SEQUENCE;0.728535472118619;0.728535472118619;0.728535472118619;0.728535472118619;0.004527;3;0.00382852380952393 * HAVE_SEQUENCE;1;0.399738998463079;
Elapsed=00:00:00.0046454
Learning progress:
1;0.518755278554778 * PAGESIZE + -0.152801970862471 * HAVE_HASH;1.30490424505618;1.30490424505618;1.30490424505618;1.30490424505618;0.000973;2;-0.152801970862471 * HAVE_HASH;1;5.72394646270107;
2;0.518755278554779 * PAGESIZE + -0.0764009854312353 * HAVE_HASH + -0.0764009854312353 * HAVE_HASH * CS32MB;1.30490424505614;1.30490424505614;1.30490424505614;1.30490424505614;0.003566;4;-0.0764009854312353 * HAVE_HASH * CS32MB;2;2.12052597703405E-14;
Elapsed=00:00:00.0036722
Learning progress:
1;0.500263575091575 * PAGESIZE + 0.0211434915750917 * HAVE_STATISTICS;0.706564359957009;0.706564359957009;0.706564359957009;0.706564359957009;0.000986;2;0.0211434915750917 * HAVE_STATISTICS;1;2.20392715329798;
Elapsed=00:00:00.0010944
Learning progress:
1;0.500779668269231 * PAGESIZE + 0.0227829214743593 * HAVE_SEQUENCE;0.365779618116122;0.365779618116122;0.365779618116122;0.365779618116122;0.002049;2;0.0227829214743593 * HAVE_SEQUENCE;1;3.01890445669366;
Elapsed=00:00:00.0021675
Learning progress:
1;0.516560840659341 * PAGESIZE + 0.00620698498168538 * HAVE_SEQUENCE;14.6247053843483;14.6247053843483;14.6247053843483;14.6247053843483;0.000993;2;0.00620698498168538 * HAVE_SEQUENCE;1;0.408735499051499;
Elapsed=00:00:00.0011041
Learning progress:
1;0.520015141025641 * PAGESIZE + -0.154061833333333 * HAVE_HASH;1.1282744705817;1.1282744705817;1.1282744705817;1.1282744705817;0.001329;2;-0.154061833333333 * HAVE_HASH;1;1.58151659364669;
2;0.51862295054945 * PAGESIZE + -0.152669642857142 * HAVE_HASH + 0.00382852380952393 * HAVE_SEQUENCE;0.728535472118619;0.728535472118619;0.728535472118619;0.728535472118619;0.004111;3;0.00382852380952393 * HAVE_SEQUENCE;1;0.399738998463079;
Elapsed=00:00:00.0042378
Learning progress:
1;0.518755278554778 * PAGESIZE + -0.152801970862471 * HAVE_HASH;1.30490424505618;1.30490424505618;1.30490424505618;1.30490424505618;0.001188;2;-0.152801970862471 * HAVE_HASH;1;5.72394646270107;
2;0.518755278554779 * PAGESIZE + -0.0764009854312353 * HAVE_HASH + -0.0764009854312353 * HAVE_HASH * CS32MB;1.30490424505614;1.30490424505614;1.30490424505614;1.30490424505614;0.003759;4;-0.0764009854312353 * HAVE_HASH * CS32MB;2;2.12052597703405E-14;
Elapsed=00:00:00.0038624
Learning progress:
1;0.500263575091575 * PAGESIZE + 0.0211434915750917 * HAVE_STATISTICS;0.706564359957009;0.706564359957009;0.706564359957009;0.706564359957009;0.000978;2;0.0211434915750917 * HAVE_STATISTICS;1;2.20392715329798;
Elapsed=00:00:00.0010808
Learning progress:
1;0.500779668269231 * PAGESIZE + 0.0227829214743593 * HAVE_SEQUENCE;0.365779618116122;0.365779618116122;0.365779618116122;0.365779618116122;0.000987;2;0.0227829214743593 * HAVE_SEQUENCE;1;3.01890445669366;
Elapsed=00:00:00.0010938
Learning progress:
1;0.516560840659341 * PAGESIZE + 0.00620698498168538 * HAVE_SEQUENCE;14.6247053843483;14.6247053843483;14.6247053843483;14.6247053843483;0.001045;2;0.00620698498168538 * HAVE_SEQUENCE;1;0.408735499051499;
2;0.516560840659341 * PAGESIZE + 0.00834497985348054 * HAVE_SEQUENCE + -0.00267249358974368 * HAVE_SEQUENCE * CS16MB;14.4893221877875;14.4893221877875;14.4893221877875;14.4893221877875;0.003322;4;-0.00267249358974368 * HAVE_SEQUENCE * CS16MB;2;0.0676915982804012;
Elapsed=00:00:00.0034354
Learning progress:
1;0.520015141025641 * PAGESIZE + -0.154061833333333 * HAVE_HASH;1.1282744705817;1.1282744705817;1.1282744705817;1.1282744705817;0.002031;2;-0.154061833333333 * HAVE_HASH;1;1.58151659364669;
2;0.51862295054945 * PAGESIZE + -0.152669642857142 * HAVE_HASH + 0.00382852380952393 * HAVE_SEQUENCE;0.728535472118619;0.728535472118619;0.728535472118619;0.728535472118619;0.004664;3;0.00382852380952393 * HAVE_SEQUENCE;1;0.399738998463079;
Elapsed=00:00:00.0047887
Learning progress:
1;0.518755278554778 * PAGESIZE + -0.152801970862471 * HAVE_HASH;1.30490424505618;1.30490424505618;1.30490424505618;1.30490424505618;0.00113;2;-0.152801970862471 * HAVE_HASH;1;5.72394646270107;
2;0.518755278554779 * PAGESIZE + -0.0764009854312353 * HAVE_HASH + -0.0764009854312353 * HAVE_HASH * CS32MB;1.30490424505614;1.30490424505614;1.30490424505614;1.30490424505614;0.003797;4;-0.0764009854312353 * HAVE_HASH * CS32MB;2;2.12052597703405E-14;
Elapsed=00:00:00.0039134
Learning progress:
1;0.500263575091575 * PAGESIZE + 0.0211434915750917 * HAVE_STATISTICS;0.706564359957009;0.706564359957009;0.706564359957009;0.706564359957009;0.000999;2;0.0211434915750917 * HAVE_STATISTICS;1;2.20392715329798;
Elapsed=00:00:00.0011104
Learning progress:
1;0.500779668269231 * PAGESIZE + 0.0227829214743593 * HAVE_SEQUENCE;0.365779618116122;0.365779618116122;0.365779618116122;0.365779618116122;0.001861;2;0.0227829214743593 * HAVE_SEQUENCE;1;3.01890445669366;
Elapsed=00:00:00.0019727
Learning progress:
1;0.516560840659341 * PAGESIZE + 0.00620698498168538 * HAVE_SEQUENCE;14.6247053843483;14.6247053843483;14.6247053843483;14.6247053843483;0.000902;2;0.00620698498168538 * HAVE_SEQUENCE;1;0.408735499051499;
2;0.516560840659341 * PAGESIZE + 0.00834497985348054 * HAVE_SEQUENCE + -0.00267249358974368 * HAVE_SEQUENCE * CS16MB;14.4893221877875;14.4893221877875;14.4893221877875;14.4893221877875;0.003172;4;-0.00267249358974368 * HAVE_SEQUENCE * CS16MB;2;0.0676915982804012;
Elapsed=00:00:00.0032866
Learning progress:
1;0.520015141025641 * PAGESIZE + -0.154061833333333 * HAVE_HASH;1.1282744705817;1.1282744705817;1.1282744705817;1.1282744705817;0.000978;2;-0.154061833333333 * HAVE_HASH;1;1.58151659364669;
2;0.51862295054945 * PAGESIZE + -0.152669642857142 * HAVE_HASH + 0.00382852380952393 * HAVE_SEQUENCE;0.728535472118619;0.728535472118619;0.728535472118619;0.728535472118619;0.003475;3;0.00382852380952393 * HAVE_SEQUENCE;1;0.399738998463079;
Elapsed=00:00:00.0035876
Learning progress:
1;0.518755278554778 * PAGESIZE + -0.152801970862471 * HAVE_HASH;1.30490424505618;1.30490424505618;1.30490424505618;1.30490424505618;0.000992;2;-0.152801970862471 * HAVE_HASH;1;5.72394646270107;
2;0.518755278554779 * PAGESIZE + -0.0764009854312353 * HAVE_HASH + -0.0764009854312353 * HAVE_HASH * CS32MB;1.30490424505614;1.30490424505614;1.30490424505614;1.30490424505614;0.004541;4;-0.0764009854312353 * HAVE_HASH * CS32MB;2;2.12052597703405E-14;
Elapsed=00:00:00.0046508
Learning progress:
1;0.500263575091575 * PAGESIZE + 0.0211434915750917 * HAVE_STATISTICS;0.706564359957009;0.706564359957009;0.706564359957009;0.706564359957009;0.000975;2;0.0211434915750917 * HAVE_STATISTICS;1;2.20392715329798;
Elapsed=00:00:00.0010749
Learning progress:
1;0.500779668269231 * PAGESIZE + 0.0227829214743593 * HAVE_SEQUENCE;0.365779618116122;0.365779618116122;0.365779618116122;0.365779618116122;0.00095;2;0.0227829214743593 * HAVE_SEQUENCE;1;3.01890445669366;
Elapsed=00:00:00.0010514
Learning progress:
1;0.516560840659341 * PAGESIZE + 0.00620698498168538 * HAVE_SEQUENCE;14.6247053843483;14.6247053843483;14.6247053843483;14.6247053843483;0.000933;2;0.00620698498168538 * HAVE_SEQUENCE;1;0.408735499051499;
Elapsed=00:00:00.0010485
Learning progress:
1;0.520015141025641 * PAGESIZE + -0.154061833333333 * HAVE_HASH;1.1282744705817;1.1282744705817;1.1282744705817;1.1282744705817;0.001838;2;-0.154061833333333 * HAVE_HASH;1;1.58151659364669;
2;0.51862295054945 * PAGESIZE + -0.152669642857142 * HAVE_HASH + 0.00382852380952393 * HAVE_SEQUENCE;0.728535472118619;0.728535472118619;0.728535472118619;0.728535472118619;0.004458;3;0.00382852380952393 * HAVE_SEQUENCE;1;0.399738998463079;
Elapsed=00:00:00.0045677
Learning progress:
1;0.518755278554778 * PAGESIZE + -0.152801970862471 * HAVE_HASH;1.30490424505618;1.30490424505618;1.30490424505618;1.30490424505618;0.000983;2;-0.152801970862471 * HAVE_HASH;1;5.72394646270107;
2;0.518755278554779 * PAGESIZE + -0.0764009854312353 * HAVE_HASH + -0.0764009854312353 * HAVE_HASH * CS32MB;1.30490424505614;1.30490424505614;1.30490424505614;1.30490424505614;0.003532;4;-0.0764009854312353 * HAVE_HASH * CS32MB;2;2.12052597703405E-14;
Elapsed=00:00:00.0036524
Learning progress:
1;0.500263575091575 * PAGESIZE + 0.0211434915750917 * HAVE_STATISTICS;0.706564359957009;0.706564359957009;0.706564359957009;0.706564359957009;0.001;2;0.0211434915750917 * HAVE_STATISTICS;1;2.20392715329798;
Elapsed=00:00:00.0011064
Learning progress:
1;0.500779668269231 * PAGESIZE + 0.0227829214743593 * HAVE_SEQUENCE;0.365779618116122;0.365779618116122;0.365779618116122;0.365779618116122;0.001012;2;0.0227829214743593 * HAVE_SEQUENCE;1;3.01890445669366;
Elapsed=00:00:00.0011300
Learning progress:
1;0.516560840659341 * PAGESIZE + 0.00620698498168538 * HAVE_SEQUENCE;14.6247053843483;14.6247053843483;14.6247053843483;14.6247053843483;0.000886;2;0.00620698498168538 * HAVE_SEQUENCE;1;0.408735499051499;
2;0.516560840659341 * PAGESIZE + 0.00834497985348054 * HAVE_SEQUENCE + -0.00267249358974368 * HAVE_SEQUENCE * CS16MB;14.4893221877875;14.4893221877875;14.4893221877875;14.4893221877875;0.00316;4;-0.00267249358974368 * HAVE_SEQUENCE * CS16MB;2;0.0676915982804012;
Elapsed=00:00:00.0032779
Learning progress:
1;0.520015141025641 * PAGESIZE + -0.154061833333333 * HAVE_HASH;1.1282744705817;1.1282744705817;1.1282744705817;1.1282744705817;0.001128;2;-0.154061833333333 * HAVE_HASH;1;1.58151659364669;
2;0.51862295054945 * PAGESIZE + -0.152669642857142 * HAVE_HASH + 0.00382852380952393 * HAVE_SEQUENCE;0.728535472118619;0.728535472118619;0.728535472118619;0.728535472118619;0.003647;3;0.00382852380952393 * HAVE_SEQUENCE;1;0.399738998463079;
Elapsed=00:00:00.0037510
Learning progress:
1;0.518755278554778 * PAGESIZE + -0.152801970862471 * HAVE_HASH;1.30490424505618;1.30490424505618;1.30490424505618;1.30490424505618;0.000959;2;-0.152801970862471 * HAVE_HASH;1;5.72394646270107;
2;0.518755278554779 * PAGESIZE + -0.0764009854312353 * HAVE_HASH + -0.0764009854312353 * HAVE_HASH * CS32MB;1.30490424505614;1.30490424505614;1.30490424505614;1.30490424505614;0.004495;4;-0.0764009854312353 * HAVE_HASH * CS32MB;2;2.12052597703405E-14;
Elapsed=00:00:00.0046064
Learning progress:
1;0.500263575091575 * PAGESIZE + 0.0211434915750917 * HAVE_STATISTICS;0.706564359957009;0.706564359957009;0.706564359957009;0.706564359957009;0.000992;2;0.0211434915750917 * HAVE_STATISTICS;1;2.20392715329798;
Elapsed=00:00:00.0010941
Learning progress:
1;0.500779668269231 * PAGESIZE + 0.0227829214743593 * HAVE_SEQUENCE;0.365779618116122;0.365779618116122;0.365779618116122;0.365779618116122;0.000976;2;0.0227829214743593 * HAVE_SEQUENCE;1;3.01890445669366;
Elapsed=00:00:00.0010747
Learning progress:
1;0.516560840659341 * PAGESIZE + 0.00620698498168538 * HAVE_SEQUENCE;14.6247053843483;14.6247053843483;14.6247053843483;14.6247053843483;0.000891;2;0.00620698498168538 * HAVE_SEQUENCE;1;0.408735499051499;
2;0.516560840659341 * PAGESIZE + 0.00834497985348054 * HAVE_SEQUENCE + -0.00267249358974368 * HAVE_SEQUENCE * CS16MB;14.4893221877875;14.4893221877875;14.4893221877875;14.4893221877875;0.003134;4;-0.00267249358974368 * HAVE_SEQUENCE * CS16MB;2;0.0676915982804012;
Elapsed=00:00:00.0032546
Learning progress:
1;0.520015141025641 * PAGESIZE + -0.154061833333333 * HAVE_HASH;1.1282744705817;1.1282744705817;1.1282744705817;1.1282744705817;0.001033;2;-0.154061833333333 * HAVE_HASH;1;1.58151659364669;
2;0.51862295054945 * PAGESIZE + -0.152669642857142 * HAVE_HASH + 0.00382852380952393 * HAVE_SEQUENCE;0.728535472118619;0.728535472118619;0.728535472118619;0.728535472118619;0.003594;3;0.00382852380952393 * HAVE_SEQUENCE;1;0.399738998463079;
Elapsed=00:00:00.0037039
Learning progress:
1;0.518755278554778 * PAGESIZE + -0.152801970862471 * HAVE_HASH;1.30490424505618;1.30490424505618;1.30490424505618;1.30490424505618;0.000976;2;-0.152801970862471 * HAVE_HASH;1;5.72394646270107;
2;0.518755278554779 * PAGESIZE + -0.0764009854312353 * HAVE_HASH + -0.0764009854312353 * HAVE_HASH * CS32MB;1.30490424505614;1.30490424505614;1.30490424505614;1.30490424505614;0.003503;4;-0.0764009854312353 * HAVE_HASH * CS32MB;2;2.12052597703405E-14;
Elapsed=00:00:00.0035999
Learning progress:
1;0.500263575091575 * PAGESIZE + 0.0211434915750917 * HAVE_STATISTICS;0.706564359957009;0.706564359957009;0.706564359957009;0.706564359957009;0.00099;2;0.0211434915750917 * HAVE_STATISTICS;1;2.20392715329798;
Elapsed=00:00:00.0010922
Learning progress:
1;0.500779668269231 * PAGESIZE + 0.0227829214743593 * HAVE_SEQUENCE;0.365779618116122;0.365779618116122;0.365779618116122;0.365779618116122;0.001058;2;0.0227829214743593 * HAVE_SEQUENCE;1;3.01890445669366;
Elapsed=00:00:00.0011647
Learning progress:
1;0.516560840659341 * PAGESIZE + 0.00620698498168538 * HAVE_SEQUENCE;14.6247053843483;14.6247053843483;14.6247053843483;14.6247053843483;0.000884;2;0.00620698498168538 * HAVE_SEQUENCE;1;0.408735499051499;
Elapsed=00:00:00.0009956
Learning progress:
1;0.520015141025641 * PAGESIZE + -0.154061833333333 * HAVE_HASH;1.1282744705817;1.1282744705817;1.1282744705817;1.1282744705817;0.000989;2;-0.154061833333333 * HAVE_HASH;1;1.58151659364669;
2;0.51862295054945 * PAGESIZE + -0.152669642857142 * HAVE_HASH + 0.00382852380952393 * HAVE_SEQUENCE;0.728535472118619;0.728535472118619;0.728535472118619;0.728535472118619;0.003543;3;0.00382852380952393 * HAVE_SEQUENCE;1;0.399738998463079;
Elapsed=00:00:00.0036538
Learning progress:
1;0.518755278554778 * PAGESIZE + -0.152801970862471 * HAVE_HASH;1.30490424505618;1.30490424505618;1.30490424505618;1.30490424505618;0.00097;2;-0.152801970862471 * HAVE_HASH;1;5.72394646270107;
2;0.518755278554779 * PAGESIZE + -0.0764009854312353 * HAVE_HASH + -0.0764009854312353 * HAVE_HASH * CS32MB;1.30490424505614;1.30490424505614;1.30490424505614;1.30490424505614;0.004461;4;-0.0764009854312353 * HAVE_HASH * CS32MB;2;2.12052597703405E-14;
Elapsed=00:00:00.0045745
Learning progress:
1;0.500263575091575 * PAGESIZE + 0.0211434915750917 * HAVE_STATISTICS;0.706564359957009;0.706564359957009;0.706564359957009;0.706564359957009;0.000979;2;0.0211434915750917 * HAVE_STATISTICS;1;2.20392715329798;
Elapsed=00:00:00.0010784
Learning progress:
1;0.500779668269231 * PAGESIZE + 0.0227829214743593 * HAVE_SEQUENCE;0.365779618116122;0.365779618116122;0.365779618116122;0.365779618116122;0.000982;2;0.0227829214743593 * HAVE_SEQUENCE;1;3.01890445669366;
Elapsed=00:00:00.0010832
Learning progress:
1;0.516560840659341 * PAGESIZE + 0.00620698498168538 * HAVE_SEQUENCE;14.6247053843483;14.6247053843483;14.6247053843483;14.6247053843483;0.000907;2;0.00620698498168538 * HAVE_SEQUENCE;1;0.408735499051499;
2;0.516560840659341 * PAGESIZE + 0.00834497985348054 * HAVE_SEQUENCE + -0.00267249358974368 * HAVE_SEQUENCE * CS16MB;14.4893221877875;14.4893221877875;14.4893221877875;14.4893221877875;0.0032;4;-0.00267249358974368 * HAVE_SEQUENCE * CS16MB;2;0.0676915982804012;
Elapsed=00:00:00.0033194
Learning progress:
1;0.520015141025641 * PAGESIZE + -0.154061833333333 * HAVE_HASH;1.1282744705817;1.1282744705817;1.1282744705817;1.1282744705817;0.001955;2;-0.154061833333333 * HAVE_HASH;1;1.58151659364669;
2;0.51862295054945 * PAGESIZE + -0.152669642857142 * HAVE_HASH + 0.00382852380952393 * HAVE_SEQUENCE;0.728535472118619;0.728535472118619;0.728535472118619;0.728535472118619;0.004484;3;0.00382852380952393 * HAVE_SEQUENCE;1;0.399738998463079;
Elapsed=00:00:00.0045930
Learning progress:
1;0.518755278554778 * PAGESIZE + -0.152801970862471 * HAVE_HASH;1.30490424505618;1.30490424505618;1.30490424505618;1.30490424505618;0.000973;2;-0.152801970862471 * HAVE_HASH;1;5.72394646270107;
2;0.518755278554779 * PAGESIZE + -0.0764009854312353 * HAVE_HASH + -0.0764009854312353 * HAVE_HASH * CS32MB;1.30490424505614;1.30490424505614;1.30490424505614;1.30490424505614;0.003507;4;-0.0764009854312353 * HAVE_HASH * CS32MB;2;2.12052597703405E-14;
Elapsed=00:00:00.0036336
Learning progress:
1;0.500263575091575 * PAGESIZE + 0.0211434915750917 * HAVE_STATISTICS;0.706564359957009;0.706564359957009;0.706564359957009;0.706564359957009;0.000982;2;0.0211434915750917 * HAVE_STATISTICS;1;2.20392715329798;
Elapsed=00:00:00.0010832
Learning progress:
1;0.500779668269231 * PAGESIZE + 0.0227829214743593 * HAVE_SEQUENCE;0.365779618116122;0.365779618116122;0.365779618116122;0.365779618116122;0.002036;2;0.0227829214743593 * HAVE_SEQUENCE;1;3.01890445669366;
Elapsed=00:00:00.0021601
Learning progress:
1;0.516560840659341 * PAGESIZE + 0.00620698498168538 * HAVE_SEQUENCE;14.6247053843483;14.6247053843483;14.6247053843483;14.6247053843483;0.000917;2;0.00620698498168538 * HAVE_SEQUENCE;1;0.408735499051499;
2;0.516560840659341 * PAGESIZE + 0.00834497985348054 * HAVE_SEQUENCE + -0.00267249358974368 * HAVE_SEQUENCE * CS16MB;14.4893221877875;14.4893221877875;14.4893221877875;14.4893221877875;0.0032;4;-0.00267249358974368 * HAVE_SEQUENCE * CS16MB;2;0.0676915982804012;
Elapsed=00:00:00.0033144
Learning progress:
1;0.520015141025641 * PAGESIZE + -0.154061833333333 * HAVE_HASH;1.1282744705817;1.1282744705817;1.1282744705817;1.1282744705817;0.001014;2;-0.154061833333333 * HAVE_HASH;1;1.58151659364669;
2;0.51862295054945 * PAGESIZE + -0.152669642857142 * HAVE_HASH + 0.00382852380952393 * HAVE_SEQUENCE;0.728535472118619;0.728535472118619;0.728535472118619;0.728535472118619;0.003588;3;0.00382852380952393 * HAVE_SEQUENCE;1;0.399738998463079;
Elapsed=00:00:00.0037088
Learning progress:
1;0.518755278554778 * PAGESIZE + -0.152801970862471 * HAVE_HASH;1.30490424505618;1.30490424505618;1.30490424505618;1.30490424505618;0.000982;2;-0.152801970862471 * HAVE_HASH;1;5.72394646270107;
2;0.518755278554779 * PAGESIZE + -0.0764009854312353 * HAVE_HASH + -0.0764009854312353 * HAVE_HASH * CS32MB;1.30490424505614;1.30490424505614;1.30490424505614;1.30490424505614;0.004461;4;-0.0764009854312353 * HAVE_HASH * CS32MB;2;2.12052597703405E-14;
Elapsed=00:00:00.0045949
Learning progress:
1;0.500263575091575 * PAGESIZE + 0.0211434915750917 * HAVE_STATISTICS;0.706564359957009;0.706564359957009;0.706564359957009;0.706564359957009;0.001011;2;0.0211434915750917 * HAVE_STATISTICS;1;2.20392715329798;
Elapsed=00:00:00.0011294
Learning progress:
1;0.500779668269231 * PAGESIZE + 0.0227829214743593 * HAVE_SEQUENCE;0.365779618116122;0.365779618116122;0.365779618116122;0.365779618116122;0.001004;2;0.0227829214743593 * HAVE_SEQUENCE;1;3.01890445669366;
Elapsed=00:00:00.0011193
Learning progress:
1;0.516560840659341 * PAGESIZE + 0.00620698498168538 * HAVE_SEQUENCE;14.6247053843483;14.6247053843483;14.6247053843483;14.6247053843483;0.000903;2;0.00620698498168538 * HAVE_SEQUENCE;1;0.408735499051499;
Elapsed=00:00:00.0010204
Learning progress:
1;0.520015141025641 * PAGESIZE + -0.154061833333333 * HAVE_HASH;1.1282744705817;1.1282744705817;1.1282744705817;1.1282744705817;0.002093;2;-0.154061833333333 * HAVE_HASH;1;1.58151659364669;
2;0.51862295054945 * PAGESIZE + -0.152669642857142 * HAVE_HASH + 0.00382852380952393 * HAVE_SEQUENCE;0.728535472118619;0.728535472118619;0.728535472118619;0.728535472118619;0.004669;3;0.00382852380952393 * HAVE_SEQUENCE;1;0.399738998463079;
Elapsed=00:00:00.0047864
Learning progress:
1;0.518755278554778 * PAGESIZE + -0.152801970862471 * HAVE_HASH;1.30490424505618;1.30490424505618;1.30490424505618;1.30490424505618;0.000965;2;-0.152801970862471 * HAVE_HASH;1;5.72394646270107;
2;0.518755278554779 * PAGESIZE + -0.0764009854312353 * HAVE_HASH + -0.0764009854312353 * HAVE_HASH * CS32MB;1.30490424505614;1.30490424505614;1.30490424505614;1.30490424505614;0.003549;4;-0.0764009854312353 * HAVE_HASH * CS32MB;2;2.12052597703405E-14;
Elapsed=00:00:00.0036633
Error of optimal parameters: 3.51902117660708
Optimal parameters abortError:1;minImprovementPerRound:0.1;lossFunction:RELATIVE;quadraticFunctionSupport:True;learn-logFunction:True;learn-asymFunction:True;learn-ratioFunction:True;withHierarchy:False;useBackward:False;
Learning progress:
1;0.520244662087912 * PAGESIZE + -0.154291354395604 * HAVE_HASH;1.15972636479808;1.15972636479808;1.15972636479808;1.15972636479808;0.001761;2;-0.154291354395604 * HAVE_HASH;1;3.779890876021;
2;0.517897546474358 * PAGESIZE + -0.151944238782051 * HAVE_HASH + 0.00547660309829114 * HAVE_SEQUENCE;1.07244231735784;1.07244231735784;1.07244231735784;1.07244231735784;0.006306;3;0.00547660309829114 * HAVE_SEQUENCE;1;0.0872840474402388;
Elapsed=00:00:00.0065365
command: clean-sampling
command: clean-global
command: script ./learn_solverBased_t2.a
command: log ./out_solverBased_t2Predictions.log
