Current machine learning settings: epsilon:0 lossFunction:RELATIVE parallelization:True bagging:False baggingNumbers:3 considerEpsilonTube:False baggingTestDataFraction:50 useBackward:False abortError:1 limitFeatureSize:False featureSizeTreshold:4 quadraticFunctionSupport:True crossValidation:False crossValidation-k:5 learn-logFunction:False learn-accumulatedLogFunction:False learn-asymFunction:False learn-ratioFunction:False learn-mirrowedFunction:False learn-numeric-disabled:True numberOfRounds:70 backwardErrorDelta:1 minImprovementPerRound:0.1 withHierarchy:False bruteForceCandidates:False ignoreBadFeatures:False stopOnLongRound:True candidateSizePenalty:True learnTimeLimit:00:00:00 scoreMeasure:RELERROR outputRoundsToStdout:False debug:False pythonInfluenceAnalysis:False blacklisted: 
command: solver z3
command: vm /scratch/kallistos/Distance-Based_Data/SupplementaryWebsite/MeasuredPerformanceValues/BerkeleyDBC/FeatureModel.xml
Warning: Variability model contains outdated notation. Children nodes will no longer have effect on the model. Instead use the parent node to describe the parent of an configuration option. You can also use the converter providedby the Variability Model GUI in export>convert legacy model.
command: all /scratch/kallistos/Distance-Based_Data/SupplementaryWebsite/MeasuredPerformanceValues/BerkeleyDBC/measurements.xml
Configs with too large deviation: 0
2560 configurations loaded.
command: nfp Performance
command: setsampleset /scratch/kallistos/Distance-Based_Data/Results/BerkeleyDBC/BerkeleyDBC_3/sampledConfigurations_solverBased_t1.csv
command: learn-splconqueror-opt abortError=[1] minImprovementPerRound=[0.1,0.2,0.5] lossFunction=[RELATIVE] quadraticFunctionSupport=[True,False] learn_logFunction=[True,False] learn_asymFunction=[True,False] learn_ratioFunction=[True,False] withHierarchy=[False] useBackward=[False]
Learning: NumberOfConfigurationsLearning:15 NumberOfConfigurationsValidation:15
Learning progress:
1;0.515836703188259 * PAGESIZE + 2.71252366860661 * HAVE_CRYPTO;0.944092663383908;0.944092663383908;0.944092663383908;0.944092663383908;0.045572;2;2.71252366860661 * HAVE_CRYPTO;1;122.614420445328;
Elapsed=00:00:00.0488810
Learning progress:
1;0.518470269230768 * PAGESIZE + 2.7113720940171 * HAVE_CRYPTO;1.14293161190869;1.14293161190869;1.14293161190869;1.14293161190869;0.001529;2;2.7113720940171 * HAVE_CRYPTO;1;353.449701064442;
2;0.5142166546003 * PAGESIZE + 2.70995422247361 * HAVE_CRYPTO + 0.00850722926093643 * HAVE_SEQUENCE;0.979815573880709;0.979815573880709;0.979815573880709;0.979815573880709;0.005008;3;0.00850722926093643 * HAVE_SEQUENCE;1;0.163116038027984;
Elapsed=00:00:00.0051264
Learning progress:
1;0.518070038075958 * PAGESIZE + 2.70993834653943 * HAVE_CRYPTO;1.71943591386275;1.71943591386275;1.71943591386275;1.71943591386275;0.001152;2;2.70993834653943 * HAVE_CRYPTO;1;191.078217951387;
2;0.514729882445553 * PAGESIZE + 2.70977133875791 * HAVE_CRYPTO + 0.0058452723532073 * HAVE_SEQUENCE;1.31516845641467;1.31516845641467;1.31516845641467;1.31516845641467;0.004131;3;0.0058452723532073 * HAVE_SEQUENCE;1;0.404267457448079;
3;0.512967151767879 * PAGESIZE + 2.70956794675664 * HAVE_CRYPTO + 0.00604866435447836 * HAVE_SEQUENCE + 0.00230510934772821 * HAVE_VERIFY;1.16912276166248;1.16912276166248;1.16912276166248;1.16912276166248;0.010184;4;0.00230510934772821 * HAVE_VERIFY;1;0.14604569475219;
4;0.5044075 * PAGESIZE + 2.70766580191933 * HAVE_CRYPTO + 0.0198392144249525 * HAVE_SEQUENCE + 0.0139557464762327 * HAVE_VERIFY + -0.0178326078497529 * HAVE_SEQUENCE * HAVE_VERIFY;0.626907853858511;0.626907853858511;0.626907853858511;0.626907853858511;0.018015;6;-0.0178326078497529 * HAVE_SEQUENCE * HAVE_VERIFY;2;0.271107453901986;
Elapsed=00:00:00.0189306
Learning progress:
1;0.517468065367746 * PAGESIZE + 2.71740399873482 * HAVE_CRYPTO;0.423702384162224;0.423702384162224;0.423702384162224;0.423702384162224;0.001147;2;2.71740399873482 * HAVE_CRYPTO;1;160.143887651327;
Elapsed=00:00:00.0012477
Learning progress:
1;0.516899847599769 * PAGESIZE + 2.71193832675921 * HAVE_CRYPTO;0.281036131909114;0.281036131909114;0.281036131909114;0.281036131909114;0.001126;2;2.71193832675921 * HAVE_CRYPTO;1;188.4598192624;
Elapsed=00:00:00.0012407
Learning progress:
1;0.515836703188259 * PAGESIZE + 2.71252366860661 * HAVE_CRYPTO;0.944092663383908;0.944092663383908;0.944092663383908;0.944092663383908;0.001135;2;2.71252366860661 * HAVE_CRYPTO;1;122.614420445328;
Elapsed=00:00:00.0012398
Learning progress:
1;0.518470269230768 * PAGESIZE + 2.7113720940171 * HAVE_CRYPTO;1.14293161190869;1.14293161190869;1.14293161190869;1.14293161190869;0.001171;2;2.7113720940171 * HAVE_CRYPTO;1;353.449701064442;
2;0.5142166546003 * PAGESIZE + 2.70995422247361 * HAVE_CRYPTO + 0.00850722926093643 * HAVE_SEQUENCE;0.979815573880709;0.979815573880709;0.979815573880709;0.979815573880709;0.004099;3;0.00850722926093643 * HAVE_SEQUENCE;1;0.163116038027984;
Elapsed=00:00:00.0042037
Learning progress:
1;0.518070038075958 * PAGESIZE + 2.70993834653943 * HAVE_CRYPTO;1.71943591386275;1.71943591386275;1.71943591386275;1.71943591386275;0.001079;2;2.70993834653943 * HAVE_CRYPTO;1;191.078217951387;
2;0.514729882445553 * PAGESIZE + 2.70977133875791 * HAVE_CRYPTO + 0.0058452723532073 * HAVE_SEQUENCE;1.31516845641467;1.31516845641467;1.31516845641467;1.31516845641467;0.004935;3;0.0058452723532073 * HAVE_SEQUENCE;1;0.404267457448079;
3;0.512967151767879 * PAGESIZE + 2.70956794675664 * HAVE_CRYPTO + 0.00604866435447836 * HAVE_SEQUENCE + 0.00230510934772821 * HAVE_VERIFY;1.16912276166248;1.16912276166248;1.16912276166248;1.16912276166248;0.009921;4;0.00230510934772821 * HAVE_VERIFY;1;0.14604569475219;
Elapsed=00:00:00.0100478
Learning progress:
1;0.517468065367746 * PAGESIZE + 2.71740399873482 * HAVE_CRYPTO;0.423702384162224;0.423702384162224;0.423702384162224;0.423702384162224;0.001388;2;2.71740399873482 * HAVE_CRYPTO;1;160.143887651327;
Elapsed=00:00:00.0014897
Learning progress:
1;0.516899847599769 * PAGESIZE + 2.71193832675921 * HAVE_CRYPTO;0.281036131909114;0.281036131909114;0.281036131909114;0.281036131909114;0.001258;2;2.71193832675921 * HAVE_CRYPTO;1;188.4598192624;
Elapsed=00:00:00.0013535
Learning progress:
1;0.515836703188259 * PAGESIZE + 2.71252366860661 * HAVE_CRYPTO;0.944092663383908;0.944092663383908;0.944092663383908;0.944092663383908;0.001289;2;2.71252366860661 * HAVE_CRYPTO;1;122.614420445328;
Elapsed=00:00:00.0013928
Learning progress:
1;0.518470269230768 * PAGESIZE + 2.7113720940171 * HAVE_CRYPTO;1.14293161190869;1.14293161190869;1.14293161190869;1.14293161190869;0.001123;2;2.7113720940171 * HAVE_CRYPTO;1;353.449701064442;
2;0.5142166546003 * PAGESIZE + 2.70995422247361 * HAVE_CRYPTO + 0.00850722926093643 * HAVE_SEQUENCE;0.979815573880709;0.979815573880709;0.979815573880709;0.979815573880709;0.004081;3;0.00850722926093643 * HAVE_SEQUENCE;1;0.163116038027984;
Elapsed=00:00:00.0041906
Learning progress:
1;0.518070038075958 * PAGESIZE + 2.70993834653943 * HAVE_CRYPTO;1.71943591386275;1.71943591386275;1.71943591386275;1.71943591386275;0.001127;2;2.70993834653943 * HAVE_CRYPTO;1;191.078217951387;
2;0.514729882445553 * PAGESIZE + 2.70977133875791 * HAVE_CRYPTO + 0.0058452723532073 * HAVE_SEQUENCE;1.31516845641467;1.31516845641467;1.31516845641467;1.31516845641467;0.004066;3;0.0058452723532073 * HAVE_SEQUENCE;1;0.404267457448079;
Elapsed=00:00:00.0041741
Learning progress:
1;0.517468065367746 * PAGESIZE + 2.71740399873482 * HAVE_CRYPTO;0.423702384162224;0.423702384162224;0.423702384162224;0.423702384162224;0.001199;2;2.71740399873482 * HAVE_CRYPTO;1;160.143887651327;
Elapsed=00:00:00.0013021
Learning progress:
1;0.516899847599769 * PAGESIZE + 2.71193832675921 * HAVE_CRYPTO;0.281036131909114;0.281036131909114;0.281036131909114;0.281036131909114;0.001102;2;2.71193832675921 * HAVE_CRYPTO;1;188.4598192624;
Elapsed=00:00:00.0011982
Learning progress:
1;0.515836703188259 * PAGESIZE + 2.71252366860661 * HAVE_CRYPTO;0.944092663383908;0.944092663383908;0.944092663383908;0.944092663383908;0.001303;2;2.71252366860661 * HAVE_CRYPTO;1;122.614420445328;
Elapsed=00:00:00.0014034
Learning progress:
1;0.518470269230768 * PAGESIZE + 2.7113720940171 * HAVE_CRYPTO;1.14293161190869;1.14293161190869;1.14293161190869;1.14293161190869;0.000995;2;2.7113720940171 * HAVE_CRYPTO;1;353.449701064442;
2;0.5142166546003 * PAGESIZE + 2.70995422247361 * HAVE_CRYPTO + 0.00850722926093643 * HAVE_SEQUENCE;0.979815573880709;0.979815573880709;0.979815573880709;0.979815573880709;0.004332;3;0.00850722926093643 * HAVE_SEQUENCE;1;0.163116038027984;
Elapsed=00:00:00.0044401
Learning progress:
1;0.518070038075958 * PAGESIZE + 2.70993834653943 * HAVE_CRYPTO;1.71943591386275;1.71943591386275;1.71943591386275;1.71943591386275;0.001247;2;2.70993834653943 * HAVE_CRYPTO;1;191.078217951387;
2;0.514729882445553 * PAGESIZE + 2.70977133875791 * HAVE_CRYPTO + 0.0058452723532073 * HAVE_SEQUENCE;1.31516845641467;1.31516845641467;1.31516845641467;1.31516845641467;0.004166;3;0.0058452723532073 * HAVE_SEQUENCE;1;0.404267457448079;
3;0.512967151767879 * PAGESIZE + 2.70956794675664 * HAVE_CRYPTO + 0.00604866435447836 * HAVE_SEQUENCE + 0.00230510934772821 * HAVE_VERIFY;1.16912276166248;1.16912276166248;1.16912276166248;1.16912276166248;0.009294;4;0.00230510934772821 * HAVE_VERIFY;1;0.14604569475219;
4;0.5044075 * PAGESIZE + 2.70766580191933 * HAVE_CRYPTO + 0.0198392144249525 * HAVE_SEQUENCE + 0.0139557464762327 * HAVE_VERIFY + -0.0178326078497529 * HAVE_SEQUENCE * HAVE_VERIFY;0.626907853858511;0.626907853858511;0.626907853858511;0.626907853858511;0.017371;6;-0.0178326078497529 * HAVE_SEQUENCE * HAVE_VERIFY;2;0.271107453901986;
Elapsed=00:00:00.0175396
Learning progress:
1;0.517468065367746 * PAGESIZE + 2.71740399873482 * HAVE_CRYPTO;0.423702384162224;0.423702384162224;0.423702384162224;0.423702384162224;0.00115;2;2.71740399873482 * HAVE_CRYPTO;1;160.143887651327;
Elapsed=00:00:00.0012505
Learning progress:
1;0.516899847599769 * PAGESIZE + 2.71193832675921 * HAVE_CRYPTO;0.281036131909114;0.281036131909114;0.281036131909114;0.281036131909114;0.001098;2;2.71193832675921 * HAVE_CRYPTO;1;188.4598192624;
Elapsed=00:00:00.0011920
Learning progress:
1;0.515836703188259 * PAGESIZE + 2.71252366860661 * HAVE_CRYPTO;0.944092663383908;0.944092663383908;0.944092663383908;0.944092663383908;0.00106;2;2.71252366860661 * HAVE_CRYPTO;1;122.614420445328;
Elapsed=00:00:00.0011606
Learning progress:
1;0.518470269230768 * PAGESIZE + 2.7113720940171 * HAVE_CRYPTO;1.14293161190869;1.14293161190869;1.14293161190869;1.14293161190869;0.001006;2;2.7113720940171 * HAVE_CRYPTO;1;353.449701064442;
2;0.5142166546003 * PAGESIZE + 2.70995422247361 * HAVE_CRYPTO + 0.00850722926093643 * HAVE_SEQUENCE;0.979815573880709;0.979815573880709;0.979815573880709;0.979815573880709;0.003575;3;0.00850722926093643 * HAVE_SEQUENCE;1;0.163116038027984;
Elapsed=00:00:00.0036939
Learning progress:
1;0.518070038075958 * PAGESIZE + 2.70993834653943 * HAVE_CRYPTO;1.71943591386275;1.71943591386275;1.71943591386275;1.71943591386275;0.001094;2;2.70993834653943 * HAVE_CRYPTO;1;191.078217951387;
2;0.514729882445553 * PAGESIZE + 2.70977133875791 * HAVE_CRYPTO + 0.0058452723532073 * HAVE_SEQUENCE;1.31516845641467;1.31516845641467;1.31516845641467;1.31516845641467;0.004009;3;0.0058452723532073 * HAVE_SEQUENCE;1;0.404267457448079;
3;0.512967151767879 * PAGESIZE + 2.70956794675664 * HAVE_CRYPTO + 0.00604866435447836 * HAVE_SEQUENCE + 0.00230510934772821 * HAVE_VERIFY;1.16912276166248;1.16912276166248;1.16912276166248;1.16912276166248;0.009843;4;0.00230510934772821 * HAVE_VERIFY;1;0.14604569475219;
Elapsed=00:00:00.0099672
Learning progress:
1;0.517468065367746 * PAGESIZE + 2.71740399873482 * HAVE_CRYPTO;0.423702384162224;0.423702384162224;0.423702384162224;0.423702384162224;0.001116;2;2.71740399873482 * HAVE_CRYPTO;1;160.143887651327;
Elapsed=00:00:00.0012187
Learning progress:
1;0.516899847599769 * PAGESIZE + 2.71193832675921 * HAVE_CRYPTO;0.281036131909114;0.281036131909114;0.281036131909114;0.281036131909114;0.001087;2;2.71193832675921 * HAVE_CRYPTO;1;188.4598192624;
Elapsed=00:00:00.0011822
Learning progress:
1;0.515836703188259 * PAGESIZE + 2.71252366860661 * HAVE_CRYPTO;0.944092663383908;0.944092663383908;0.944092663383908;0.944092663383908;0.001096;2;2.71252366860661 * HAVE_CRYPTO;1;122.614420445328;
Elapsed=00:00:00.0012069
Learning progress:
1;0.518470269230768 * PAGESIZE + 2.7113720940171 * HAVE_CRYPTO;1.14293161190869;1.14293161190869;1.14293161190869;1.14293161190869;0.001001;2;2.7113720940171 * HAVE_CRYPTO;1;353.449701064442;
2;0.5142166546003 * PAGESIZE + 2.70995422247361 * HAVE_CRYPTO + 0.00850722926093643 * HAVE_SEQUENCE;0.979815573880709;0.979815573880709;0.979815573880709;0.979815573880709;0.003614;3;0.00850722926093643 * HAVE_SEQUENCE;1;0.163116038027984;
Elapsed=00:00:00.0037250
Learning progress:
1;0.518070038075958 * PAGESIZE + 2.70993834653943 * HAVE_CRYPTO;1.71943591386275;1.71943591386275;1.71943591386275;1.71943591386275;0.001339;2;2.70993834653943 * HAVE_CRYPTO;1;191.078217951387;
2;0.514729882445553 * PAGESIZE + 2.70977133875791 * HAVE_CRYPTO + 0.0058452723532073 * HAVE_SEQUENCE;1.31516845641467;1.31516845641467;1.31516845641467;1.31516845641467;0.004299;3;0.0058452723532073 * HAVE_SEQUENCE;1;0.404267457448079;
Elapsed=00:00:00.0044138
Learning progress:
1;0.517468065367746 * PAGESIZE + 2.71740399873482 * HAVE_CRYPTO;0.423702384162224;0.423702384162224;0.423702384162224;0.423702384162224;0.001288;2;2.71740399873482 * HAVE_CRYPTO;1;160.143887651327;
Elapsed=00:00:00.0013914
Learning progress:
1;0.516899847599769 * PAGESIZE + 2.71193832675921 * HAVE_CRYPTO;0.281036131909114;0.281036131909114;0.281036131909114;0.281036131909114;0.001416;2;2.71193832675921 * HAVE_CRYPTO;1;188.4598192624;
Elapsed=00:00:00.0015184
Learning progress:
1;0.515836703188259 * PAGESIZE + 2.71252366860661 * HAVE_CRYPTO;0.944092663383908;0.944092663383908;0.944092663383908;0.944092663383908;0.001266;2;2.71252366860661 * HAVE_CRYPTO;1;122.614420445328;
Elapsed=00:00:00.0013721
Learning progress:
1;0.518470269230768 * PAGESIZE + 2.7113720940171 * HAVE_CRYPTO;1.14293161190869;1.14293161190869;1.14293161190869;1.14293161190869;0.001192;2;2.7113720940171 * HAVE_CRYPTO;1;353.449701064442;
2;0.5142166546003 * PAGESIZE + 2.70995422247361 * HAVE_CRYPTO + 0.00850722926093643 * HAVE_SEQUENCE;0.979815573880709;0.979815573880709;0.979815573880709;0.979815573880709;0.003947;3;0.00850722926093643 * HAVE_SEQUENCE;1;0.163116038027984;
Elapsed=00:00:00.0040490
Learning progress:
1;0.518070038075958 * PAGESIZE + 2.70993834653943 * HAVE_CRYPTO;1.71943591386275;1.71943591386275;1.71943591386275;1.71943591386275;0.001091;2;2.70993834653943 * HAVE_CRYPTO;1;191.078217951387;
2;0.514729882445553 * PAGESIZE + 2.70977133875791 * HAVE_CRYPTO + 0.0058452723532073 * HAVE_SEQUENCE;1.31516845641467;1.31516845641467;1.31516845641467;1.31516845641467;0.004021;3;0.0058452723532073 * HAVE_SEQUENCE;1;0.404267457448079;
3;0.512967151767879 * PAGESIZE + 2.70956794675664 * HAVE_CRYPTO + 0.00604866435447836 * HAVE_SEQUENCE + 0.00230510934772821 * HAVE_VERIFY;1.16912276166248;1.16912276166248;1.16912276166248;1.16912276166248;0.010427;4;0.00230510934772821 * HAVE_VERIFY;1;0.14604569475219;
4;0.5044075 * PAGESIZE + 2.70766580191933 * HAVE_CRYPTO + 0.0198392144249525 * HAVE_SEQUENCE + 0.0139557464762327 * HAVE_VERIFY + -0.0178326078497529 * HAVE_SEQUENCE * HAVE_VERIFY;0.626907853858511;0.626907853858511;0.626907853858511;0.626907853858511;0.018131;6;-0.0178326078497529 * HAVE_SEQUENCE * HAVE_VERIFY;2;0.271107453901986;
Elapsed=00:00:00.0182915
Learning progress:
1;0.517468065367746 * PAGESIZE + 2.71740399873482 * HAVE_CRYPTO;0.423702384162224;0.423702384162224;0.423702384162224;0.423702384162224;0.001274;2;2.71740399873482 * HAVE_CRYPTO;1;160.143887651327;
Elapsed=00:00:00.0013869
Learning progress:
1;0.516899847599769 * PAGESIZE + 2.71193832675921 * HAVE_CRYPTO;0.281036131909114;0.281036131909114;0.281036131909114;0.281036131909114;0.001311;2;2.71193832675921 * HAVE_CRYPTO;1;188.4598192624;
Elapsed=00:00:00.0014179
Learning progress:
1;0.515836703188259 * PAGESIZE + 2.71252366860661 * HAVE_CRYPTO;0.944092663383908;0.944092663383908;0.944092663383908;0.944092663383908;0.001265;2;2.71252366860661 * HAVE_CRYPTO;1;122.614420445328;
Elapsed=00:00:00.0013681
Learning progress:
1;0.518470269230768 * PAGESIZE + 2.7113720940171 * HAVE_CRYPTO;1.14293161190869;1.14293161190869;1.14293161190869;1.14293161190869;0.001156;2;2.7113720940171 * HAVE_CRYPTO;1;353.449701064442;
2;0.5142166546003 * PAGESIZE + 2.70995422247361 * HAVE_CRYPTO + 0.00850722926093643 * HAVE_SEQUENCE;0.979815573880709;0.979815573880709;0.979815573880709;0.979815573880709;0.003936;3;0.00850722926093643 * HAVE_SEQUENCE;1;0.163116038027984;
Elapsed=00:00:00.0040393
Learning progress:
1;0.518070038075958 * PAGESIZE + 2.70993834653943 * HAVE_CRYPTO;1.71943591386275;1.71943591386275;1.71943591386275;1.71943591386275;0.001106;2;2.70993834653943 * HAVE_CRYPTO;1;191.078217951387;
2;0.514729882445553 * PAGESIZE + 2.70977133875791 * HAVE_CRYPTO + 0.0058452723532073 * HAVE_SEQUENCE;1.31516845641467;1.31516845641467;1.31516845641467;1.31516845641467;0.004926;3;0.0058452723532073 * HAVE_SEQUENCE;1;0.404267457448079;
3;0.512967151767879 * PAGESIZE + 2.70956794675664 * HAVE_CRYPTO + 0.00604866435447836 * HAVE_SEQUENCE + 0.00230510934772821 * HAVE_VERIFY;1.16912276166248;1.16912276166248;1.16912276166248;1.16912276166248;0.010284;4;0.00230510934772821 * HAVE_VERIFY;1;0.14604569475219;
Elapsed=00:00:00.0104133
Learning progress:
1;0.517468065367746 * PAGESIZE + 2.71740399873482 * HAVE_CRYPTO;0.423702384162224;0.423702384162224;0.423702384162224;0.423702384162224;0.001262;2;2.71740399873482 * HAVE_CRYPTO;1;160.143887651327;
Elapsed=00:00:00.0013629
Learning progress:
1;0.516899847599769 * PAGESIZE + 2.71193832675921 * HAVE_CRYPTO;0.281036131909114;0.281036131909114;0.281036131909114;0.281036131909114;0.001143;2;2.71193832675921 * HAVE_CRYPTO;1;188.4598192624;
Elapsed=00:00:00.0012378
Learning progress:
1;0.515836703188259 * PAGESIZE + 2.71252366860661 * HAVE_CRYPTO;0.944092663383908;0.944092663383908;0.944092663383908;0.944092663383908;0.001448;2;2.71252366860661 * HAVE_CRYPTO;1;122.614420445328;
Elapsed=00:00:00.0015558
Learning progress:
1;0.518470269230768 * PAGESIZE + 2.7113720940171 * HAVE_CRYPTO;1.14293161190869;1.14293161190869;1.14293161190869;1.14293161190869;0.001286;2;2.7113720940171 * HAVE_CRYPTO;1;353.449701064442;
2;0.5142166546003 * PAGESIZE + 2.70995422247361 * HAVE_CRYPTO + 0.00850722926093643 * HAVE_SEQUENCE;0.979815573880709;0.979815573880709;0.979815573880709;0.979815573880709;0.003857;3;0.00850722926093643 * HAVE_SEQUENCE;1;0.163116038027984;
Elapsed=00:00:00.0039594
Learning progress:
1;0.518070038075958 * PAGESIZE + 2.70993834653943 * HAVE_CRYPTO;1.71943591386275;1.71943591386275;1.71943591386275;1.71943591386275;0.001264;2;2.70993834653943 * HAVE_CRYPTO;1;191.078217951387;
2;0.514729882445553 * PAGESIZE + 2.70977133875791 * HAVE_CRYPTO + 0.0058452723532073 * HAVE_SEQUENCE;1.31516845641467;1.31516845641467;1.31516845641467;1.31516845641467;0.004395;3;0.0058452723532073 * HAVE_SEQUENCE;1;0.404267457448079;
Elapsed=00:00:00.0045032
Learning progress:
1;0.517468065367746 * PAGESIZE + 2.71740399873482 * HAVE_CRYPTO;0.423702384162224;0.423702384162224;0.423702384162224;0.423702384162224;0.00125;2;2.71740399873482 * HAVE_CRYPTO;1;160.143887651327;
Elapsed=00:00:00.0013521
Learning progress:
1;0.516899847599769 * PAGESIZE + 2.71193832675921 * HAVE_CRYPTO;0.281036131909114;0.281036131909114;0.281036131909114;0.281036131909114;0.001237;2;2.71193832675921 * HAVE_CRYPTO;1;188.4598192624;
Elapsed=00:00:00.0013372
Learning progress:
1;0.515836703188259 * PAGESIZE + 2.71252366860661 * HAVE_CRYPTO;0.944092663383908;0.944092663383908;0.944092663383908;0.944092663383908;0.001276;2;2.71252366860661 * HAVE_CRYPTO;1;122.614420445328;
Elapsed=00:00:00.0013755
Learning progress:
1;0.518470269230768 * PAGESIZE + 2.7113720940171 * HAVE_CRYPTO;1.14293161190869;1.14293161190869;1.14293161190869;1.14293161190869;0.001039;2;2.7113720940171 * HAVE_CRYPTO;1;353.449701064442;
2;0.5142166546003 * PAGESIZE + 2.70995422247361 * HAVE_CRYPTO + 0.00850722926093643 * HAVE_SEQUENCE;0.979815573880709;0.979815573880709;0.979815573880709;0.979815573880709;0.00371;3;0.00850722926093643 * HAVE_SEQUENCE;1;0.163116038027984;
Elapsed=00:00:00.0038136
Learning progress:
1;0.518070038075958 * PAGESIZE + 2.70993834653943 * HAVE_CRYPTO;1.71943591386275;1.71943591386275;1.71943591386275;1.71943591386275;0.00111;2;2.70993834653943 * HAVE_CRYPTO;1;191.078217951387;
2;0.514729882445553 * PAGESIZE + 2.70977133875791 * HAVE_CRYPTO + 0.0058452723532073 * HAVE_SEQUENCE;1.31516845641467;1.31516845641467;1.31516845641467;1.31516845641467;0.004136;3;0.0058452723532073 * HAVE_SEQUENCE;1;0.404267457448079;
3;0.512967151767879 * PAGESIZE + 2.70956794675664 * HAVE_CRYPTO + 0.00604866435447836 * HAVE_SEQUENCE + 0.00230510934772821 * HAVE_VERIFY;1.16912276166248;1.16912276166248;1.16912276166248;1.16912276166248;0.009141;4;0.00230510934772821 * HAVE_VERIFY;1;0.14604569475219;
4;0.5044075 * PAGESIZE + 2.70766580191933 * HAVE_CRYPTO + 0.0198392144249525 * HAVE_SEQUENCE + 0.0139557464762327 * HAVE_VERIFY + -0.0178326078497529 * HAVE_SEQUENCE * HAVE_VERIFY;0.626907853858511;0.626907853858511;0.626907853858511;0.626907853858511;0.017463;6;-0.0178326078497529 * HAVE_SEQUENCE * HAVE_VERIFY;2;0.271107453901986;
Elapsed=00:00:00.0176222
Learning progress:
1;0.517468065367746 * PAGESIZE + 2.71740399873482 * HAVE_CRYPTO;0.423702384162224;0.423702384162224;0.423702384162224;0.423702384162224;0.001136;2;2.71740399873482 * HAVE_CRYPTO;1;160.143887651327;
Elapsed=00:00:00.0012367
Learning progress:
1;0.516899847599769 * PAGESIZE + 2.71193832675921 * HAVE_CRYPTO;0.281036131909114;0.281036131909114;0.281036131909114;0.281036131909114;0.001099;2;2.71193832675921 * HAVE_CRYPTO;1;188.4598192624;
Elapsed=00:00:00.0011919
Learning progress:
1;0.515836703188259 * PAGESIZE + 2.71252366860661 * HAVE_CRYPTO;0.944092663383908;0.944092663383908;0.944092663383908;0.944092663383908;0.001319;2;2.71252366860661 * HAVE_CRYPTO;1;122.614420445328;
Elapsed=00:00:00.0014224
Learning progress:
1;0.518470269230768 * PAGESIZE + 2.7113720940171 * HAVE_CRYPTO;1.14293161190869;1.14293161190869;1.14293161190869;1.14293161190869;0.002073;2;2.7113720940171 * HAVE_CRYPTO;1;353.449701064442;
2;0.5142166546003 * PAGESIZE + 2.70995422247361 * HAVE_CRYPTO + 0.00850722926093643 * HAVE_SEQUENCE;0.979815573880709;0.979815573880709;0.979815573880709;0.979815573880709;0.004633;3;0.00850722926093643 * HAVE_SEQUENCE;1;0.163116038027984;
Elapsed=00:00:00.0047348
Learning progress:
1;0.518070038075958 * PAGESIZE + 2.70993834653943 * HAVE_CRYPTO;1.71943591386275;1.71943591386275;1.71943591386275;1.71943591386275;0.00108;2;2.70993834653943 * HAVE_CRYPTO;1;191.078217951387;
2;0.514729882445553 * PAGESIZE + 2.70977133875791 * HAVE_CRYPTO + 0.0058452723532073 * HAVE_SEQUENCE;1.31516845641467;1.31516845641467;1.31516845641467;1.31516845641467;0.00414;3;0.0058452723532073 * HAVE_SEQUENCE;1;0.404267457448079;
3;0.512967151767879 * PAGESIZE + 2.70956794675664 * HAVE_CRYPTO + 0.00604866435447836 * HAVE_SEQUENCE + 0.00230510934772821 * HAVE_VERIFY;1.16912276166248;1.16912276166248;1.16912276166248;1.16912276166248;0.009137;4;0.00230510934772821 * HAVE_VERIFY;1;0.14604569475219;
Elapsed=00:00:00.0092587
Learning progress:
1;0.517468065367746 * PAGESIZE + 2.71740399873482 * HAVE_CRYPTO;0.423702384162224;0.423702384162224;0.423702384162224;0.423702384162224;0.001073;2;2.71740399873482 * HAVE_CRYPTO;1;160.143887651327;
Elapsed=00:00:00.0011745
Learning progress:
1;0.516899847599769 * PAGESIZE + 2.71193832675921 * HAVE_CRYPTO;0.281036131909114;0.281036131909114;0.281036131909114;0.281036131909114;0.001098;2;2.71193832675921 * HAVE_CRYPTO;1;188.4598192624;
Elapsed=00:00:00.0011937
Learning progress:
1;0.515836703188259 * PAGESIZE + 2.71252366860661 * HAVE_CRYPTO;0.944092663383908;0.944092663383908;0.944092663383908;0.944092663383908;0.001306;2;2.71252366860661 * HAVE_CRYPTO;1;122.614420445328;
Elapsed=00:00:00.0014053
Learning progress:
1;0.518470269230768 * PAGESIZE + 2.7113720940171 * HAVE_CRYPTO;1.14293161190869;1.14293161190869;1.14293161190869;1.14293161190869;0.001165;2;2.7113720940171 * HAVE_CRYPTO;1;353.449701064442;
2;0.5142166546003 * PAGESIZE + 2.70995422247361 * HAVE_CRYPTO + 0.00850722926093643 * HAVE_SEQUENCE;0.979815573880709;0.979815573880709;0.979815573880709;0.979815573880709;0.003878;3;0.00850722926093643 * HAVE_SEQUENCE;1;0.163116038027984;
Elapsed=00:00:00.0039829
Learning progress:
1;0.518070038075958 * PAGESIZE + 2.70993834653943 * HAVE_CRYPTO;1.71943591386275;1.71943591386275;1.71943591386275;1.71943591386275;0.001099;2;2.70993834653943 * HAVE_CRYPTO;1;191.078217951387;
2;0.514729882445553 * PAGESIZE + 2.70977133875791 * HAVE_CRYPTO + 0.0058452723532073 * HAVE_SEQUENCE;1.31516845641467;1.31516845641467;1.31516845641467;1.31516845641467;0.004237;3;0.0058452723532073 * HAVE_SEQUENCE;1;0.404267457448079;
Elapsed=00:00:00.0043441
Learning progress:
1;0.517468065367746 * PAGESIZE + 2.71740399873482 * HAVE_CRYPTO;0.423702384162224;0.423702384162224;0.423702384162224;0.423702384162224;0.001122;2;2.71740399873482 * HAVE_CRYPTO;1;160.143887651327;
Elapsed=00:00:00.0012236
Learning progress:
1;0.516899847599769 * PAGESIZE + 2.71193832675921 * HAVE_CRYPTO;0.281036131909114;0.281036131909114;0.281036131909114;0.281036131909114;0.001105;2;2.71193832675921 * HAVE_CRYPTO;1;188.4598192624;
Elapsed=00:00:00.0012022
Learning progress:
1;0.515836703188259 * PAGESIZE + 2.71252366860661 * HAVE_CRYPTO;0.944092663383908;0.944092663383908;0.944092663383908;0.944092663383908;0.001954;2;2.71252366860661 * HAVE_CRYPTO;1;122.614420445328;
Elapsed=00:00:00.0020572
Learning progress:
1;0.518470269230768 * PAGESIZE + 2.7113720940171 * HAVE_CRYPTO;1.14293161190869;1.14293161190869;1.14293161190869;1.14293161190869;0.001166;2;2.7113720940171 * HAVE_CRYPTO;1;353.449701064442;
2;0.5142166546003 * PAGESIZE + 2.70995422247361 * HAVE_CRYPTO + 0.00850722926093643 * HAVE_SEQUENCE;0.979815573880709;0.979815573880709;0.979815573880709;0.979815573880709;0.003733;3;0.00850722926093643 * HAVE_SEQUENCE;1;0.163116038027984;
Elapsed=00:00:00.0038357
Learning progress:
1;0.518070038075958 * PAGESIZE + 2.70993834653943 * HAVE_CRYPTO;1.71943591386275;1.71943591386275;1.71943591386275;1.71943591386275;0.001245;2;2.70993834653943 * HAVE_CRYPTO;1;191.078217951387;
2;0.514729882445553 * PAGESIZE + 2.70977133875791 * HAVE_CRYPTO + 0.0058452723532073 * HAVE_SEQUENCE;1.31516845641467;1.31516845641467;1.31516845641467;1.31516845641467;0.004217;3;0.0058452723532073 * HAVE_SEQUENCE;1;0.404267457448079;
3;0.512967151767879 * PAGESIZE + 2.70956794675664 * HAVE_CRYPTO + 0.00604866435447836 * HAVE_SEQUENCE + 0.00230510934772821 * HAVE_VERIFY;1.16912276166248;1.16912276166248;1.16912276166248;1.16912276166248;0.010424;4;0.00230510934772821 * HAVE_VERIFY;1;0.14604569475219;
4;0.5044075 * PAGESIZE + 2.70766580191933 * HAVE_CRYPTO + 0.0198392144249525 * HAVE_SEQUENCE + 0.0139557464762327 * HAVE_VERIFY + -0.0178326078497529 * HAVE_SEQUENCE * HAVE_VERIFY;0.626907853858511;0.626907853858511;0.626907853858511;0.626907853858511;0.018029;6;-0.0178326078497529 * HAVE_SEQUENCE * HAVE_VERIFY;2;0.271107453901986;
Elapsed=00:00:00.0181816
Learning progress:
1;0.517468065367746 * PAGESIZE + 2.71740399873482 * HAVE_CRYPTO;0.423702384162224;0.423702384162224;0.423702384162224;0.423702384162224;0.001319;2;2.71740399873482 * HAVE_CRYPTO;1;160.143887651327;
Elapsed=00:00:00.0014206
Learning progress:
1;0.516899847599769 * PAGESIZE + 2.71193832675921 * HAVE_CRYPTO;0.281036131909114;0.281036131909114;0.281036131909114;0.281036131909114;0.002075;2;2.71193832675921 * HAVE_CRYPTO;1;188.4598192624;
Elapsed=00:00:00.0021740
Learning progress:
1;0.515836703188259 * PAGESIZE + 2.71252366860661 * HAVE_CRYPTO;0.944092663383908;0.944092663383908;0.944092663383908;0.944092663383908;0.0011;2;2.71252366860661 * HAVE_CRYPTO;1;122.614420445328;
Elapsed=00:00:00.0012234
Learning progress:
1;0.518470269230768 * PAGESIZE + 2.7113720940171 * HAVE_CRYPTO;1.14293161190869;1.14293161190869;1.14293161190869;1.14293161190869;0.000996;2;2.7113720940171 * HAVE_CRYPTO;1;353.449701064442;
2;0.5142166546003 * PAGESIZE + 2.70995422247361 * HAVE_CRYPTO + 0.00850722926093643 * HAVE_SEQUENCE;0.979815573880709;0.979815573880709;0.979815573880709;0.979815573880709;0.003588;3;0.00850722926093643 * HAVE_SEQUENCE;1;0.163116038027984;
Elapsed=00:00:00.0036917
Learning progress:
1;0.518070038075958 * PAGESIZE + 2.70993834653943 * HAVE_CRYPTO;1.71943591386275;1.71943591386275;1.71943591386275;1.71943591386275;0.001234;2;2.70993834653943 * HAVE_CRYPTO;1;191.078217951387;
2;0.514729882445553 * PAGESIZE + 2.70977133875791 * HAVE_CRYPTO + 0.0058452723532073 * HAVE_SEQUENCE;1.31516845641467;1.31516845641467;1.31516845641467;1.31516845641467;0.005119;3;0.0058452723532073 * HAVE_SEQUENCE;1;0.404267457448079;
3;0.512967151767879 * PAGESIZE + 2.70956794675664 * HAVE_CRYPTO + 0.00604866435447836 * HAVE_SEQUENCE + 0.00230510934772821 * HAVE_VERIFY;1.16912276166248;1.16912276166248;1.16912276166248;1.16912276166248;0.010231;4;0.00230510934772821 * HAVE_VERIFY;1;0.14604569475219;
Elapsed=00:00:00.0103616
Learning progress:
1;0.517468065367746 * PAGESIZE + 2.71740399873482 * HAVE_CRYPTO;0.423702384162224;0.423702384162224;0.423702384162224;0.423702384162224;0.001062;2;2.71740399873482 * HAVE_CRYPTO;1;160.143887651327;
Elapsed=00:00:00.0011615
Learning progress:
1;0.516899847599769 * PAGESIZE + 2.71193832675921 * HAVE_CRYPTO;0.281036131909114;0.281036131909114;0.281036131909114;0.281036131909114;0.001214;2;2.71193832675921 * HAVE_CRYPTO;1;188.4598192624;
Elapsed=00:00:00.0013094
Learning progress:
1;0.515836703188259 * PAGESIZE + 2.71252366860661 * HAVE_CRYPTO;0.944092663383908;0.944092663383908;0.944092663383908;0.944092663383908;0.002007;2;2.71252366860661 * HAVE_CRYPTO;1;122.614420445328;
Elapsed=00:00:00.0021171
Learning progress:
1;0.518470269230768 * PAGESIZE + 2.7113720940171 * HAVE_CRYPTO;1.14293161190869;1.14293161190869;1.14293161190869;1.14293161190869;0.001045;2;2.7113720940171 * HAVE_CRYPTO;1;353.449701064442;
2;0.5142166546003 * PAGESIZE + 2.70995422247361 * HAVE_CRYPTO + 0.00850722926093643 * HAVE_SEQUENCE;0.979815573880709;0.979815573880709;0.979815573880709;0.979815573880709;0.003747;3;0.00850722926093643 * HAVE_SEQUENCE;1;0.163116038027984;
Elapsed=00:00:00.0038497
Learning progress:
1;0.518070038075958 * PAGESIZE + 2.70993834653943 * HAVE_CRYPTO;1.71943591386275;1.71943591386275;1.71943591386275;1.71943591386275;0.001286;2;2.70993834653943 * HAVE_CRYPTO;1;191.078217951387;
2;0.514729882445553 * PAGESIZE + 2.70977133875791 * HAVE_CRYPTO + 0.0058452723532073 * HAVE_SEQUENCE;1.31516845641467;1.31516845641467;1.31516845641467;1.31516845641467;0.004233;3;0.0058452723532073 * HAVE_SEQUENCE;1;0.404267457448079;
Elapsed=00:00:00.0043412
Learning progress:
1;0.517468065367746 * PAGESIZE + 2.71740399873482 * HAVE_CRYPTO;0.423702384162224;0.423702384162224;0.423702384162224;0.423702384162224;0.002052;2;2.71740399873482 * HAVE_CRYPTO;1;160.143887651327;
Elapsed=00:00:00.0021617
Learning progress:
1;0.516899847599769 * PAGESIZE + 2.71193832675921 * HAVE_CRYPTO;0.281036131909114;0.281036131909114;0.281036131909114;0.281036131909114;0.001231;2;2.71193832675921 * HAVE_CRYPTO;1;188.4598192624;
Elapsed=00:00:00.0013446
Learning progress:
1;0.515836703188259 * PAGESIZE + 2.71252366860661 * HAVE_CRYPTO;0.944092663383908;0.944092663383908;0.944092663383908;0.944092663383908;0.001285;2;2.71252366860661 * HAVE_CRYPTO;1;122.614420445328;
Elapsed=00:00:00.0013850
Learning progress:
1;0.518470269230768 * PAGESIZE + 2.7113720940171 * HAVE_CRYPTO;1.14293161190869;1.14293161190869;1.14293161190869;1.14293161190869;0.001155;2;2.7113720940171 * HAVE_CRYPTO;1;353.449701064442;
2;0.5142166546003 * PAGESIZE + 2.70995422247361 * HAVE_CRYPTO + 0.00850722926093643 * HAVE_SEQUENCE;0.979815573880709;0.979815573880709;0.979815573880709;0.979815573880709;0.003931;3;0.00850722926093643 * HAVE_SEQUENCE;1;0.163116038027984;
Elapsed=00:00:00.0040327
Learning progress:
1;0.518070038075958 * PAGESIZE + 2.70993834653943 * HAVE_CRYPTO;1.71943591386275;1.71943591386275;1.71943591386275;1.71943591386275;0.001091;2;2.70993834653943 * HAVE_CRYPTO;1;191.078217951387;
2;0.514729882445553 * PAGESIZE + 2.70977133875791 * HAVE_CRYPTO + 0.0058452723532073 * HAVE_SEQUENCE;1.31516845641467;1.31516845641467;1.31516845641467;1.31516845641467;0.004028;3;0.0058452723532073 * HAVE_SEQUENCE;1;0.404267457448079;
3;0.512967151767879 * PAGESIZE + 2.70956794675664 * HAVE_CRYPTO + 0.00604866435447836 * HAVE_SEQUENCE + 0.00230510934772821 * HAVE_VERIFY;1.16912276166248;1.16912276166248;1.16912276166248;1.16912276166248;0.009082;4;0.00230510934772821 * HAVE_VERIFY;1;0.14604569475219;
4;0.5044075 * PAGESIZE + 2.70766580191933 * HAVE_CRYPTO + 0.0198392144249525 * HAVE_SEQUENCE + 0.0139557464762327 * HAVE_VERIFY + -0.0178326078497529 * HAVE_SEQUENCE * HAVE_VERIFY;0.626907853858511;0.626907853858511;0.626907853858511;0.626907853858511;0.017522;6;-0.0178326078497529 * HAVE_SEQUENCE * HAVE_VERIFY;2;0.271107453901986;
Elapsed=00:00:00.0176744
Learning progress:
1;0.517468065367746 * PAGESIZE + 2.71740399873482 * HAVE_CRYPTO;0.423702384162224;0.423702384162224;0.423702384162224;0.423702384162224;0.001231;2;2.71740399873482 * HAVE_CRYPTO;1;160.143887651327;
Elapsed=00:00:00.0013318
Learning progress:
1;0.516899847599769 * PAGESIZE + 2.71193832675921 * HAVE_CRYPTO;0.281036131909114;0.281036131909114;0.281036131909114;0.281036131909114;0.00123;2;2.71193832675921 * HAVE_CRYPTO;1;188.4598192624;
Elapsed=00:00:00.0013243
Learning progress:
1;0.515836703188259 * PAGESIZE + 2.71252366860661 * HAVE_CRYPTO;0.944092663383908;0.944092663383908;0.944092663383908;0.944092663383908;0.001266;2;2.71252366860661 * HAVE_CRYPTO;1;122.614420445328;
Elapsed=00:00:00.0013664
Learning progress:
1;0.518470269230768 * PAGESIZE + 2.7113720940171 * HAVE_CRYPTO;1.14293161190869;1.14293161190869;1.14293161190869;1.14293161190869;0.00114;2;2.7113720940171 * HAVE_CRYPTO;1;353.449701064442;
2;0.5142166546003 * PAGESIZE + 2.70995422247361 * HAVE_CRYPTO + 0.00850722926093643 * HAVE_SEQUENCE;0.979815573880709;0.979815573880709;0.979815573880709;0.979815573880709;0.004539;3;0.00850722926093643 * HAVE_SEQUENCE;1;0.163116038027984;
Elapsed=00:00:00.0046472
Learning progress:
1;0.518070038075958 * PAGESIZE + 2.70993834653943 * HAVE_CRYPTO;1.71943591386275;1.71943591386275;1.71943591386275;1.71943591386275;0.001058;2;2.70993834653943 * HAVE_CRYPTO;1;191.078217951387;
2;0.514729882445553 * PAGESIZE + 2.70977133875791 * HAVE_CRYPTO + 0.0058452723532073 * HAVE_SEQUENCE;1.31516845641467;1.31516845641467;1.31516845641467;1.31516845641467;0.004233;3;0.0058452723532073 * HAVE_SEQUENCE;1;0.404267457448079;
3;0.512967151767879 * PAGESIZE + 2.70956794675664 * HAVE_CRYPTO + 0.00604866435447836 * HAVE_SEQUENCE + 0.00230510934772821 * HAVE_VERIFY;1.16912276166248;1.16912276166248;1.16912276166248;1.16912276166248;0.009234;4;0.00230510934772821 * HAVE_VERIFY;1;0.14604569475219;
Elapsed=00:00:00.0093571
Learning progress:
1;0.517468065367746 * PAGESIZE + 2.71740399873482 * HAVE_CRYPTO;0.423702384162224;0.423702384162224;0.423702384162224;0.423702384162224;0.002181;2;2.71740399873482 * HAVE_CRYPTO;1;160.143887651327;
Elapsed=00:00:00.0022848
Learning progress:
1;0.516899847599769 * PAGESIZE + 2.71193832675921 * HAVE_CRYPTO;0.281036131909114;0.281036131909114;0.281036131909114;0.281036131909114;0.001112;2;2.71193832675921 * HAVE_CRYPTO;1;188.4598192624;
Elapsed=00:00:00.0012061
Learning progress:
1;0.515836703188259 * PAGESIZE + 2.71252366860661 * HAVE_CRYPTO;0.944092663383908;0.944092663383908;0.944092663383908;0.944092663383908;0.00111;2;2.71252366860661 * HAVE_CRYPTO;1;122.614420445328;
Elapsed=00:00:00.0012109
Learning progress:
1;0.518470269230768 * PAGESIZE + 2.7113720940171 * HAVE_CRYPTO;1.14293161190869;1.14293161190869;1.14293161190869;1.14293161190869;0.001195;2;2.7113720940171 * HAVE_CRYPTO;1;353.449701064442;
2;0.5142166546003 * PAGESIZE + 2.70995422247361 * HAVE_CRYPTO + 0.00850722926093643 * HAVE_SEQUENCE;0.979815573880709;0.979815573880709;0.979815573880709;0.979815573880709;0.003807;3;0.00850722926093643 * HAVE_SEQUENCE;1;0.163116038027984;
Elapsed=00:00:00.0039103
Learning progress:
1;0.518070038075958 * PAGESIZE + 2.70993834653943 * HAVE_CRYPTO;1.71943591386275;1.71943591386275;1.71943591386275;1.71943591386275;0.00114;2;2.70993834653943 * HAVE_CRYPTO;1;191.078217951387;
2;0.514729882445553 * PAGESIZE + 2.70977133875791 * HAVE_CRYPTO + 0.0058452723532073 * HAVE_SEQUENCE;1.31516845641467;1.31516845641467;1.31516845641467;1.31516845641467;0.004229;3;0.0058452723532073 * HAVE_SEQUENCE;1;0.404267457448079;
Elapsed=00:00:00.0043371
Learning progress:
1;0.517468065367746 * PAGESIZE + 2.71740399873482 * HAVE_CRYPTO;0.423702384162224;0.423702384162224;0.423702384162224;0.423702384162224;0.001117;2;2.71740399873482 * HAVE_CRYPTO;1;160.143887651327;
Elapsed=00:00:00.0012155
Learning progress:
1;0.516899847599769 * PAGESIZE + 2.71193832675921 * HAVE_CRYPTO;0.281036131909114;0.281036131909114;0.281036131909114;0.281036131909114;0.001131;2;2.71193832675921 * HAVE_CRYPTO;1;188.4598192624;
Elapsed=00:00:00.0012257
Learning progress:
1;0.515836703188259 * PAGESIZE + 2.71252366860661 * HAVE_CRYPTO;0.944092663383908;0.944092663383908;0.944092663383908;0.944092663383908;0.001112;2;2.71252366860661 * HAVE_CRYPTO;1;122.614420445328;
Elapsed=00:00:00.0012115
Learning progress:
1;0.518470269230768 * PAGESIZE + 2.7113720940171 * HAVE_CRYPTO;1.14293161190869;1.14293161190869;1.14293161190869;1.14293161190869;0.00101;2;2.7113720940171 * HAVE_CRYPTO;1;353.449701064442;
2;0.5142166546003 * PAGESIZE + 2.70995422247361 * HAVE_CRYPTO + 0.00850722926093643 * HAVE_SEQUENCE;0.979815573880709;0.979815573880709;0.979815573880709;0.979815573880709;0.003586;3;0.00850722926093643 * HAVE_SEQUENCE;1;0.163116038027984;
Elapsed=00:00:00.0036900
Learning progress:
1;0.518070038075958 * PAGESIZE + 2.70993834653943 * HAVE_CRYPTO;1.71943591386275;1.71943591386275;1.71943591386275;1.71943591386275;0.001298;2;2.70993834653943 * HAVE_CRYPTO;1;191.078217951387;
2;0.514729882445553 * PAGESIZE + 2.70977133875791 * HAVE_CRYPTO + 0.0058452723532073 * HAVE_SEQUENCE;1.31516845641467;1.31516845641467;1.31516845641467;1.31516845641467;0.004237;3;0.0058452723532073 * HAVE_SEQUENCE;1;0.404267457448079;
3;0.512967151767879 * PAGESIZE + 2.70956794675664 * HAVE_CRYPTO + 0.00604866435447836 * HAVE_SEQUENCE + 0.00230510934772821 * HAVE_VERIFY;1.16912276166248;1.16912276166248;1.16912276166248;1.16912276166248;0.010366;4;0.00230510934772821 * HAVE_VERIFY;1;0.14604569475219;
4;0.5044075 * PAGESIZE + 2.70766580191933 * HAVE_CRYPTO + 0.0198392144249525 * HAVE_SEQUENCE + 0.0139557464762327 * HAVE_VERIFY + -0.0178326078497529 * HAVE_SEQUENCE * HAVE_VERIFY;0.626907853858511;0.626907853858511;0.626907853858511;0.626907853858511;0.017664;6;-0.0178326078497529 * HAVE_SEQUENCE * HAVE_VERIFY;2;0.271107453901986;
Elapsed=00:00:00.0178324
Learning progress:
1;0.517468065367746 * PAGESIZE + 2.71740399873482 * HAVE_CRYPTO;0.423702384162224;0.423702384162224;0.423702384162224;0.423702384162224;0.00107;2;2.71740399873482 * HAVE_CRYPTO;1;160.143887651327;
Elapsed=00:00:00.0011702
Learning progress:
1;0.516899847599769 * PAGESIZE + 2.71193832675921 * HAVE_CRYPTO;0.281036131909114;0.281036131909114;0.281036131909114;0.281036131909114;0.00123;2;2.71193832675921 * HAVE_CRYPTO;1;188.4598192624;
Elapsed=00:00:00.0013251
Learning progress:
1;0.515836703188259 * PAGESIZE + 2.71252366860661 * HAVE_CRYPTO;0.944092663383908;0.944092663383908;0.944092663383908;0.944092663383908;0.001316;2;2.71252366860661 * HAVE_CRYPTO;1;122.614420445328;
Elapsed=00:00:00.0014234
Learning progress:
1;0.518470269230768 * PAGESIZE + 2.7113720940171 * HAVE_CRYPTO;1.14293161190869;1.14293161190869;1.14293161190869;1.14293161190869;0.001139;2;2.7113720940171 * HAVE_CRYPTO;1;353.449701064442;
2;0.5142166546003 * PAGESIZE + 2.70995422247361 * HAVE_CRYPTO + 0.00850722926093643 * HAVE_SEQUENCE;0.979815573880709;0.979815573880709;0.979815573880709;0.979815573880709;0.003723;3;0.00850722926093643 * HAVE_SEQUENCE;1;0.163116038027984;
Elapsed=00:00:00.0038253
Learning progress:
1;0.518070038075958 * PAGESIZE + 2.70993834653943 * HAVE_CRYPTO;1.71943591386275;1.71943591386275;1.71943591386275;1.71943591386275;0.001286;2;2.70993834653943 * HAVE_CRYPTO;1;191.078217951387;
2;0.514729882445553 * PAGESIZE + 2.70977133875791 * HAVE_CRYPTO + 0.0058452723532073 * HAVE_SEQUENCE;1.31516845641467;1.31516845641467;1.31516845641467;1.31516845641467;0.004339;3;0.0058452723532073 * HAVE_SEQUENCE;1;0.404267457448079;
3;0.512967151767879 * PAGESIZE + 2.70956794675664 * HAVE_CRYPTO + 0.00604866435447836 * HAVE_SEQUENCE + 0.00230510934772821 * HAVE_VERIFY;1.16912276166248;1.16912276166248;1.16912276166248;1.16912276166248;0.010023;4;0.00230510934772821 * HAVE_VERIFY;1;0.14604569475219;
Elapsed=00:00:00.0101703
Learning progress:
1;0.517468065367746 * PAGESIZE + 2.71740399873482 * HAVE_CRYPTO;0.423702384162224;0.423702384162224;0.423702384162224;0.423702384162224;0.001318;2;2.71740399873482 * HAVE_CRYPTO;1;160.143887651327;
Elapsed=00:00:00.0014196
Learning progress:
1;0.516899847599769 * PAGESIZE + 2.71193832675921 * HAVE_CRYPTO;0.281036131909114;0.281036131909114;0.281036131909114;0.281036131909114;0.001247;2;2.71193832675921 * HAVE_CRYPTO;1;188.4598192624;
Elapsed=00:00:00.0013421
Learning progress:
1;0.515836703188259 * PAGESIZE + 2.71252366860661 * HAVE_CRYPTO;0.944092663383908;0.944092663383908;0.944092663383908;0.944092663383908;0.002095;2;2.71252366860661 * HAVE_CRYPTO;1;122.614420445328;
Elapsed=00:00:00.0022190
Learning progress:
1;0.518470269230768 * PAGESIZE + 2.7113720940171 * HAVE_CRYPTO;1.14293161190869;1.14293161190869;1.14293161190869;1.14293161190869;0.001184;2;2.7113720940171 * HAVE_CRYPTO;1;353.449701064442;
2;0.5142166546003 * PAGESIZE + 2.70995422247361 * HAVE_CRYPTO + 0.00850722926093643 * HAVE_SEQUENCE;0.979815573880709;0.979815573880709;0.979815573880709;0.979815573880709;0.003786;3;0.00850722926093643 * HAVE_SEQUENCE;1;0.163116038027984;
Elapsed=00:00:00.0038896
Learning progress:
1;0.518070038075958 * PAGESIZE + 2.70993834653943 * HAVE_CRYPTO;1.71943591386275;1.71943591386275;1.71943591386275;1.71943591386275;0.001104;2;2.70993834653943 * HAVE_CRYPTO;1;191.078217951387;
2;0.514729882445553 * PAGESIZE + 2.70977133875791 * HAVE_CRYPTO + 0.0058452723532073 * HAVE_SEQUENCE;1.31516845641467;1.31516845641467;1.31516845641467;1.31516845641467;0.004119;3;0.0058452723532073 * HAVE_SEQUENCE;1;0.404267457448079;
Elapsed=00:00:00.0042267
Learning progress:
1;0.517468065367746 * PAGESIZE + 2.71740399873482 * HAVE_CRYPTO;0.423702384162224;0.423702384162224;0.423702384162224;0.423702384162224;0.002139;2;2.71740399873482 * HAVE_CRYPTO;1;160.143887651327;
Elapsed=00:00:00.0022412
Learning progress:
1;0.516899847599769 * PAGESIZE + 2.71193832675921 * HAVE_CRYPTO;0.281036131909114;0.281036131909114;0.281036131909114;0.281036131909114;0.001263;2;2.71193832675921 * HAVE_CRYPTO;1;188.4598192624;
Elapsed=00:00:00.0013590
Learning progress:
1;0.515836703188259 * PAGESIZE + 2.71252366860661 * HAVE_CRYPTO;0.944092663383908;0.944092663383908;0.944092663383908;0.944092663383908;0.001289;2;2.71252366860661 * HAVE_CRYPTO;1;122.614420445328;
Elapsed=00:00:00.0013881
Learning progress:
1;0.518470269230768 * PAGESIZE + 2.7113720940171 * HAVE_CRYPTO;1.14293161190869;1.14293161190869;1.14293161190869;1.14293161190869;0.001156;2;2.7113720940171 * HAVE_CRYPTO;1;353.449701064442;
2;0.5142166546003 * PAGESIZE + 2.70995422247361 * HAVE_CRYPTO + 0.00850722926093643 * HAVE_SEQUENCE;0.979815573880709;0.979815573880709;0.979815573880709;0.979815573880709;0.004084;3;0.00850722926093643 * HAVE_SEQUENCE;1;0.163116038027984;
Elapsed=00:00:00.0041877
Learning progress:
1;0.518070038075958 * PAGESIZE + 2.70993834653943 * HAVE_CRYPTO;1.71943591386275;1.71943591386275;1.71943591386275;1.71943591386275;0.001108;2;2.70993834653943 * HAVE_CRYPTO;1;191.078217951387;
2;0.514729882445553 * PAGESIZE + 2.70977133875791 * HAVE_CRYPTO + 0.0058452723532073 * HAVE_SEQUENCE;1.31516845641467;1.31516845641467;1.31516845641467;1.31516845641467;0.004126;3;0.0058452723532073 * HAVE_SEQUENCE;1;0.404267457448079;
3;0.512967151767879 * PAGESIZE + 2.70956794675664 * HAVE_CRYPTO + 0.00604866435447836 * HAVE_SEQUENCE + 0.00230510934772821 * HAVE_VERIFY;1.16912276166248;1.16912276166248;1.16912276166248;1.16912276166248;0.009083;4;0.00230510934772821 * HAVE_VERIFY;1;0.14604569475219;
4;0.5044075 * PAGESIZE + 2.70766580191933 * HAVE_CRYPTO + 0.0198392144249525 * HAVE_SEQUENCE + 0.0139557464762327 * HAVE_VERIFY + -0.0178326078497529 * HAVE_SEQUENCE * HAVE_VERIFY;0.626907853858511;0.626907853858511;0.626907853858511;0.626907853858511;0.01733;6;-0.0178326078497529 * HAVE_SEQUENCE * HAVE_VERIFY;2;0.271107453901986;
Elapsed=00:00:00.0174903
Learning progress:
1;0.517468065367746 * PAGESIZE + 2.71740399873482 * HAVE_CRYPTO;0.423702384162224;0.423702384162224;0.423702384162224;0.423702384162224;0.001138;2;2.71740399873482 * HAVE_CRYPTO;1;160.143887651327;
Elapsed=00:00:00.0012494
Learning progress:
1;0.516899847599769 * PAGESIZE + 2.71193832675921 * HAVE_CRYPTO;0.281036131909114;0.281036131909114;0.281036131909114;0.281036131909114;0.001258;2;2.71193832675921 * HAVE_CRYPTO;1;188.4598192624;
Elapsed=00:00:00.0013524
Learning progress:
1;0.515836703188259 * PAGESIZE + 2.71252366860661 * HAVE_CRYPTO;0.944092663383908;0.944092663383908;0.944092663383908;0.944092663383908;0.001248;2;2.71252366860661 * HAVE_CRYPTO;1;122.614420445328;
Elapsed=00:00:00.0013464
Learning progress:
1;0.518470269230768 * PAGESIZE + 2.7113720940171 * HAVE_CRYPTO;1.14293161190869;1.14293161190869;1.14293161190869;1.14293161190869;0.001135;2;2.7113720940171 * HAVE_CRYPTO;1;353.449701064442;
2;0.5142166546003 * PAGESIZE + 2.70995422247361 * HAVE_CRYPTO + 0.00850722926093643 * HAVE_SEQUENCE;0.979815573880709;0.979815573880709;0.979815573880709;0.979815573880709;0.004754;3;0.00850722926093643 * HAVE_SEQUENCE;1;0.163116038027984;
Elapsed=00:00:00.0048641
Learning progress:
1;0.518070038075958 * PAGESIZE + 2.70993834653943 * HAVE_CRYPTO;1.71943591386275;1.71943591386275;1.71943591386275;1.71943591386275;0.001149;2;2.70993834653943 * HAVE_CRYPTO;1;191.078217951387;
2;0.514729882445553 * PAGESIZE + 2.70977133875791 * HAVE_CRYPTO + 0.0058452723532073 * HAVE_SEQUENCE;1.31516845641467;1.31516845641467;1.31516845641467;1.31516845641467;0.004433;3;0.0058452723532073 * HAVE_SEQUENCE;1;0.404267457448079;
3;0.512967151767879 * PAGESIZE + 2.70956794675664 * HAVE_CRYPTO + 0.00604866435447836 * HAVE_SEQUENCE + 0.00230510934772821 * HAVE_VERIFY;1.16912276166248;1.16912276166248;1.16912276166248;1.16912276166248;0.009489;4;0.00230510934772821 * HAVE_VERIFY;1;0.14604569475219;
Elapsed=00:00:00.0096251
Learning progress:
1;0.517468065367746 * PAGESIZE + 2.71740399873482 * HAVE_CRYPTO;0.423702384162224;0.423702384162224;0.423702384162224;0.423702384162224;0.002266;2;2.71740399873482 * HAVE_CRYPTO;1;160.143887651327;
Elapsed=00:00:00.0023692
Learning progress:
1;0.516899847599769 * PAGESIZE + 2.71193832675921 * HAVE_CRYPTO;0.281036131909114;0.281036131909114;0.281036131909114;0.281036131909114;0.001114;2;2.71193832675921 * HAVE_CRYPTO;1;188.4598192624;
Elapsed=00:00:00.0012079
Learning progress:
1;0.515836703188259 * PAGESIZE + 2.71252366860661 * HAVE_CRYPTO;0.944092663383908;0.944092663383908;0.944092663383908;0.944092663383908;0.001283;2;2.71252366860661 * HAVE_CRYPTO;1;122.614420445328;
Elapsed=00:00:00.0013833
Learning progress:
1;0.518470269230768 * PAGESIZE + 2.7113720940171 * HAVE_CRYPTO;1.14293161190869;1.14293161190869;1.14293161190869;1.14293161190869;0.001185;2;2.7113720940171 * HAVE_CRYPTO;1;353.449701064442;
2;0.5142166546003 * PAGESIZE + 2.70995422247361 * HAVE_CRYPTO + 0.00850722926093643 * HAVE_SEQUENCE;0.979815573880709;0.979815573880709;0.979815573880709;0.979815573880709;0.003849;3;0.00850722926093643 * HAVE_SEQUENCE;1;0.163116038027984;
Elapsed=00:00:00.0039519
Learning progress:
1;0.518070038075958 * PAGESIZE + 2.70993834653943 * HAVE_CRYPTO;1.71943591386275;1.71943591386275;1.71943591386275;1.71943591386275;0.001093;2;2.70993834653943 * HAVE_CRYPTO;1;191.078217951387;
2;0.514729882445553 * PAGESIZE + 2.70977133875791 * HAVE_CRYPTO + 0.0058452723532073 * HAVE_SEQUENCE;1.31516845641467;1.31516845641467;1.31516845641467;1.31516845641467;0.004205;3;0.0058452723532073 * HAVE_SEQUENCE;1;0.404267457448079;
Elapsed=00:00:00.0043179
Learning progress:
1;0.517468065367746 * PAGESIZE + 2.71740399873482 * HAVE_CRYPTO;0.423702384162224;0.423702384162224;0.423702384162224;0.423702384162224;0.001304;2;2.71740399873482 * HAVE_CRYPTO;1;160.143887651327;
Elapsed=00:00:00.0014088
Learning progress:
1;0.516899847599769 * PAGESIZE + 2.71193832675921 * HAVE_CRYPTO;0.281036131909114;0.281036131909114;0.281036131909114;0.281036131909114;0.001295;2;2.71193832675921 * HAVE_CRYPTO;1;188.4598192624;
Elapsed=00:00:00.0013978
Learning progress:
1;0.515836703188259 * PAGESIZE + 2.71252366860661 * HAVE_CRYPTO;0.944092663383908;0.944092663383908;0.944092663383908;0.944092663383908;0.00127;2;2.71252366860661 * HAVE_CRYPTO;1;122.614420445328;
Elapsed=00:00:00.0013815
Learning progress:
1;0.518470269230768 * PAGESIZE + 2.7113720940171 * HAVE_CRYPTO;1.14293161190869;1.14293161190869;1.14293161190869;1.14293161190869;0.001005;2;2.7113720940171 * HAVE_CRYPTO;1;353.449701064442;
2;0.5142166546003 * PAGESIZE + 2.70995422247361 * HAVE_CRYPTO + 0.00850722926093643 * HAVE_SEQUENCE;0.979815573880709;0.979815573880709;0.979815573880709;0.979815573880709;0.003667;3;0.00850722926093643 * HAVE_SEQUENCE;1;0.163116038027984;
Elapsed=00:00:00.0037759
Learning progress:
1;0.518070038075958 * PAGESIZE + 2.70993834653943 * HAVE_CRYPTO;1.71943591386275;1.71943591386275;1.71943591386275;1.71943591386275;0.001097;2;2.70993834653943 * HAVE_CRYPTO;1;191.078217951387;
2;0.514729882445553 * PAGESIZE + 2.70977133875791 * HAVE_CRYPTO + 0.0058452723532073 * HAVE_SEQUENCE;1.31516845641467;1.31516845641467;1.31516845641467;1.31516845641467;0.00411;3;0.0058452723532073 * HAVE_SEQUENCE;1;0.404267457448079;
3;0.512967151767879 * PAGESIZE + 2.70956794675664 * HAVE_CRYPTO + 0.00604866435447836 * HAVE_SEQUENCE + 0.00230510934772821 * HAVE_VERIFY;1.16912276166248;1.16912276166248;1.16912276166248;1.16912276166248;0.010034;4;0.00230510934772821 * HAVE_VERIFY;1;0.14604569475219;
4;0.5044075 * PAGESIZE + 2.70766580191933 * HAVE_CRYPTO + 0.0198392144249525 * HAVE_SEQUENCE + 0.0139557464762327 * HAVE_VERIFY + -0.0178326078497529 * HAVE_SEQUENCE * HAVE_VERIFY;0.626907853858511;0.626907853858511;0.626907853858511;0.626907853858511;0.017447;6;-0.0178326078497529 * HAVE_SEQUENCE * HAVE_VERIFY;2;0.271107453901986;
Elapsed=00:00:00.0176067
Learning progress:
1;0.517468065367746 * PAGESIZE + 2.71740399873482 * HAVE_CRYPTO;0.423702384162224;0.423702384162224;0.423702384162224;0.423702384162224;0.001315;2;2.71740399873482 * HAVE_CRYPTO;1;160.143887651327;
Elapsed=00:00:00.0014152
Learning progress:
1;0.516899847599769 * PAGESIZE + 2.71193832675921 * HAVE_CRYPTO;0.281036131909114;0.281036131909114;0.281036131909114;0.281036131909114;0.001234;2;2.71193832675921 * HAVE_CRYPTO;1;188.4598192624;
Elapsed=00:00:00.0013282
Learning progress:
1;0.515836703188259 * PAGESIZE + 2.71252366860661 * HAVE_CRYPTO;0.944092663383908;0.944092663383908;0.944092663383908;0.944092663383908;0.001123;2;2.71252366860661 * HAVE_CRYPTO;1;122.614420445328;
Elapsed=00:00:00.0012252
Learning progress:
1;0.518470269230768 * PAGESIZE + 2.7113720940171 * HAVE_CRYPTO;1.14293161190869;1.14293161190869;1.14293161190869;1.14293161190869;0.001234;2;2.7113720940171 * HAVE_CRYPTO;1;353.449701064442;
2;0.5142166546003 * PAGESIZE + 2.70995422247361 * HAVE_CRYPTO + 0.00850722926093643 * HAVE_SEQUENCE;0.979815573880709;0.979815573880709;0.979815573880709;0.979815573880709;0.003783;3;0.00850722926093643 * HAVE_SEQUENCE;1;0.163116038027984;
Elapsed=00:00:00.0038856
Learning progress:
1;0.518070038075958 * PAGESIZE + 2.70993834653943 * HAVE_CRYPTO;1.71943591386275;1.71943591386275;1.71943591386275;1.71943591386275;0.001281;2;2.70993834653943 * HAVE_CRYPTO;1;191.078217951387;
2;0.514729882445553 * PAGESIZE + 2.70977133875791 * HAVE_CRYPTO + 0.0058452723532073 * HAVE_SEQUENCE;1.31516845641467;1.31516845641467;1.31516845641467;1.31516845641467;0.004214;3;0.0058452723532073 * HAVE_SEQUENCE;1;0.404267457448079;
3;0.512967151767879 * PAGESIZE + 2.70956794675664 * HAVE_CRYPTO + 0.00604866435447836 * HAVE_SEQUENCE + 0.00230510934772821 * HAVE_VERIFY;1.16912276166248;1.16912276166248;1.16912276166248;1.16912276166248;0.010207;4;0.00230510934772821 * HAVE_VERIFY;1;0.14604569475219;
Elapsed=00:00:00.0103370
Learning progress:
1;0.517468065367746 * PAGESIZE + 2.71740399873482 * HAVE_CRYPTO;0.423702384162224;0.423702384162224;0.423702384162224;0.423702384162224;0.001122;2;2.71740399873482 * HAVE_CRYPTO;1;160.143887651327;
Elapsed=00:00:00.0012232
Learning progress:
1;0.516899847599769 * PAGESIZE + 2.71193832675921 * HAVE_CRYPTO;0.281036131909114;0.281036131909114;0.281036131909114;0.281036131909114;0.001095;2;2.71193832675921 * HAVE_CRYPTO;1;188.4598192624;
Elapsed=00:00:00.0011989
Learning progress:
1;0.515836703188259 * PAGESIZE + 2.71252366860661 * HAVE_CRYPTO;0.944092663383908;0.944092663383908;0.944092663383908;0.944092663383908;0.001243;2;2.71252366860661 * HAVE_CRYPTO;1;122.614420445328;
Elapsed=00:00:00.0013439
Learning progress:
1;0.518470269230768 * PAGESIZE + 2.7113720940171 * HAVE_CRYPTO;1.14293161190869;1.14293161190869;1.14293161190869;1.14293161190869;0.001017;2;2.7113720940171 * HAVE_CRYPTO;1;353.449701064442;
2;0.5142166546003 * PAGESIZE + 2.70995422247361 * HAVE_CRYPTO + 0.00850722926093643 * HAVE_SEQUENCE;0.979815573880709;0.979815573880709;0.979815573880709;0.979815573880709;0.003687;3;0.00850722926093643 * HAVE_SEQUENCE;1;0.163116038027984;
Elapsed=00:00:00.0037914
Learning progress:
1;0.518070038075958 * PAGESIZE + 2.70993834653943 * HAVE_CRYPTO;1.71943591386275;1.71943591386275;1.71943591386275;1.71943591386275;0.001279;2;2.70993834653943 * HAVE_CRYPTO;1;191.078217951387;
2;0.514729882445553 * PAGESIZE + 2.70977133875791 * HAVE_CRYPTO + 0.0058452723532073 * HAVE_SEQUENCE;1.31516845641467;1.31516845641467;1.31516845641467;1.31516845641467;0.004396;3;0.0058452723532073 * HAVE_SEQUENCE;1;0.404267457448079;
Elapsed=00:00:00.0045031
Learning progress:
1;0.517468065367746 * PAGESIZE + 2.71740399873482 * HAVE_CRYPTO;0.423702384162224;0.423702384162224;0.423702384162224;0.423702384162224;0.001126;2;2.71740399873482 * HAVE_CRYPTO;1;160.143887651327;
Elapsed=00:00:00.0012259
Learning progress:
1;0.516899847599769 * PAGESIZE + 2.71193832675921 * HAVE_CRYPTO;0.281036131909114;0.281036131909114;0.281036131909114;0.281036131909114;0.001221;2;2.71193832675921 * HAVE_CRYPTO;1;188.4598192624;
Elapsed=00:00:00.0013211
Learning progress:
1;0.515836703188259 * PAGESIZE + 2.71252366860661 * HAVE_CRYPTO;0.944092663383908;0.944092663383908;0.944092663383908;0.944092663383908;0.00113;2;2.71252366860661 * HAVE_CRYPTO;1;122.614420445328;
Elapsed=00:00:00.0012302
Learning progress:
1;0.518470269230768 * PAGESIZE + 2.7113720940171 * HAVE_CRYPTO;1.14293161190869;1.14293161190869;1.14293161190869;1.14293161190869;0.000993;2;2.7113720940171 * HAVE_CRYPTO;1;353.449701064442;
2;0.5142166546003 * PAGESIZE + 2.70995422247361 * HAVE_CRYPTO + 0.00850722926093643 * HAVE_SEQUENCE;0.979815573880709;0.979815573880709;0.979815573880709;0.979815573880709;0.003574;3;0.00850722926093643 * HAVE_SEQUENCE;1;0.163116038027984;
Elapsed=00:00:00.0036769
Learning progress:
1;0.518070038075958 * PAGESIZE + 2.70993834653943 * HAVE_CRYPTO;1.71943591386275;1.71943591386275;1.71943591386275;1.71943591386275;0.002075;2;2.70993834653943 * HAVE_CRYPTO;1;191.078217951387;
2;0.514729882445553 * PAGESIZE + 2.70977133875791 * HAVE_CRYPTO + 0.0058452723532073 * HAVE_SEQUENCE;1.31516845641467;1.31516845641467;1.31516845641467;1.31516845641467;0.005237;3;0.0058452723532073 * HAVE_SEQUENCE;1;0.404267457448079;
3;0.512967151767879 * PAGESIZE + 2.70956794675664 * HAVE_CRYPTO + 0.00604866435447836 * HAVE_SEQUENCE + 0.00230510934772821 * HAVE_VERIFY;1.16912276166248;1.16912276166248;1.16912276166248;1.16912276166248;0.010255;4;0.00230510934772821 * HAVE_VERIFY;1;0.14604569475219;
4;0.5044075 * PAGESIZE + 2.70766580191933 * HAVE_CRYPTO + 0.0198392144249525 * HAVE_SEQUENCE + 0.0139557464762327 * HAVE_VERIFY + -0.0178326078497529 * HAVE_SEQUENCE * HAVE_VERIFY;0.626907853858511;0.626907853858511;0.626907853858511;0.626907853858511;0.017952;6;-0.0178326078497529 * HAVE_SEQUENCE * HAVE_VERIFY;2;0.271107453901986;
Elapsed=00:00:00.0181082
Learning progress:
1;0.517468065367746 * PAGESIZE + 2.71740399873482 * HAVE_CRYPTO;0.423702384162224;0.423702384162224;0.423702384162224;0.423702384162224;0.001265;2;2.71740399873482 * HAVE_CRYPTO;1;160.143887651327;
Elapsed=00:00:00.0013676
Learning progress:
1;0.516899847599769 * PAGESIZE + 2.71193832675921 * HAVE_CRYPTO;0.281036131909114;0.281036131909114;0.281036131909114;0.281036131909114;0.001309;2;2.71193832675921 * HAVE_CRYPTO;1;188.4598192624;
Elapsed=00:00:00.0014047
Learning progress:
1;0.515836703188259 * PAGESIZE + 2.71252366860661 * HAVE_CRYPTO;0.944092663383908;0.944092663383908;0.944092663383908;0.944092663383908;0.001236;2;2.71252366860661 * HAVE_CRYPTO;1;122.614420445328;
Elapsed=00:00:00.0013441
Learning progress:
1;0.518470269230768 * PAGESIZE + 2.7113720940171 * HAVE_CRYPTO;1.14293161190869;1.14293161190869;1.14293161190869;1.14293161190869;0.001193;2;2.7113720940171 * HAVE_CRYPTO;1;353.449701064442;
2;0.5142166546003 * PAGESIZE + 2.70995422247361 * HAVE_CRYPTO + 0.00850722926093643 * HAVE_SEQUENCE;0.979815573880709;0.979815573880709;0.979815573880709;0.979815573880709;0.004647;3;0.00850722926093643 * HAVE_SEQUENCE;1;0.163116038027984;
Elapsed=00:00:00.0047521
Learning progress:
1;0.518070038075958 * PAGESIZE + 2.70993834653943 * HAVE_CRYPTO;1.71943591386275;1.71943591386275;1.71943591386275;1.71943591386275;0.001079;2;2.70993834653943 * HAVE_CRYPTO;1;191.078217951387;
2;0.514729882445553 * PAGESIZE + 2.70977133875791 * HAVE_CRYPTO + 0.0058452723532073 * HAVE_SEQUENCE;1.31516845641467;1.31516845641467;1.31516845641467;1.31516845641467;0.003994;3;0.0058452723532073 * HAVE_SEQUENCE;1;0.404267457448079;
3;0.512967151767879 * PAGESIZE + 2.70956794675664 * HAVE_CRYPTO + 0.00604866435447836 * HAVE_SEQUENCE + 0.00230510934772821 * HAVE_VERIFY;1.16912276166248;1.16912276166248;1.16912276166248;1.16912276166248;0.009079;4;0.00230510934772821 * HAVE_VERIFY;1;0.14604569475219;
Elapsed=00:00:00.0092004
Learning progress:
1;0.517468065367746 * PAGESIZE + 2.71740399873482 * HAVE_CRYPTO;0.423702384162224;0.423702384162224;0.423702384162224;0.423702384162224;0.00112;2;2.71740399873482 * HAVE_CRYPTO;1;160.143887651327;
Elapsed=00:00:00.0012230
Learning progress:
1;0.516899847599769 * PAGESIZE + 2.71193832675921 * HAVE_CRYPTO;0.281036131909114;0.281036131909114;0.281036131909114;0.281036131909114;0.001102;2;2.71193832675921 * HAVE_CRYPTO;1;188.4598192624;
Elapsed=00:00:00.0012006
Learning progress:
1;0.515836703188259 * PAGESIZE + 2.71252366860661 * HAVE_CRYPTO;0.944092663383908;0.944092663383908;0.944092663383908;0.944092663383908;0.001119;2;2.71252366860661 * HAVE_CRYPTO;1;122.614420445328;
Elapsed=00:00:00.0012179
Learning progress:
1;0.518470269230768 * PAGESIZE + 2.7113720940171 * HAVE_CRYPTO;1.14293161190869;1.14293161190869;1.14293161190869;1.14293161190869;0.000994;2;2.7113720940171 * HAVE_CRYPTO;1;353.449701064442;
2;0.5142166546003 * PAGESIZE + 2.70995422247361 * HAVE_CRYPTO + 0.00850722926093643 * HAVE_SEQUENCE;0.979815573880709;0.979815573880709;0.979815573880709;0.979815573880709;0.003567;3;0.00850722926093643 * HAVE_SEQUENCE;1;0.163116038027984;
Elapsed=00:00:00.0036708
Learning progress:
1;0.518070038075958 * PAGESIZE + 2.70993834653943 * HAVE_CRYPTO;1.71943591386275;1.71943591386275;1.71943591386275;1.71943591386275;0.002086;2;2.70993834653943 * HAVE_CRYPTO;1;191.078217951387;
2;0.514729882445553 * PAGESIZE + 2.70977133875791 * HAVE_CRYPTO + 0.0058452723532073 * HAVE_SEQUENCE;1.31516845641467;1.31516845641467;1.31516845641467;1.31516845641467;0.005253;3;0.0058452723532073 * HAVE_SEQUENCE;1;0.404267457448079;
Elapsed=00:00:00.0053629
Learning progress:
1;0.517468065367746 * PAGESIZE + 2.71740399873482 * HAVE_CRYPTO;0.423702384162224;0.423702384162224;0.423702384162224;0.423702384162224;0.00111;2;2.71740399873482 * HAVE_CRYPTO;1;160.143887651327;
Elapsed=00:00:00.0012094
Learning progress:
1;0.516899847599769 * PAGESIZE + 2.71193832675921 * HAVE_CRYPTO;0.281036131909114;0.281036131909114;0.281036131909114;0.281036131909114;0.001113;2;2.71193832675921 * HAVE_CRYPTO;1;188.4598192624;
Elapsed=00:00:00.0012095
Learning progress:
1;0.515836703188259 * PAGESIZE + 2.71252366860661 * HAVE_CRYPTO;0.944092663383908;0.944092663383908;0.944092663383908;0.944092663383908;0.001124;2;2.71252366860661 * HAVE_CRYPTO;1;122.614420445328;
Elapsed=00:00:00.0012231
Learning progress:
1;0.518470269230768 * PAGESIZE + 2.7113720940171 * HAVE_CRYPTO;1.14293161190869;1.14293161190869;1.14293161190869;1.14293161190869;0.001152;2;2.7113720940171 * HAVE_CRYPTO;1;353.449701064442;
2;0.5142166546003 * PAGESIZE + 2.70995422247361 * HAVE_CRYPTO + 0.00850722926093643 * HAVE_SEQUENCE;0.979815573880709;0.979815573880709;0.979815573880709;0.979815573880709;0.003891;3;0.00850722926093643 * HAVE_SEQUENCE;1;0.163116038027984;
Elapsed=00:00:00.0040026
Learning progress:
1;0.518070038075958 * PAGESIZE + 2.70993834653943 * HAVE_CRYPTO;1.71943591386275;1.71943591386275;1.71943591386275;1.71943591386275;0.00121;2;2.70993834653943 * HAVE_CRYPTO;1;191.078217951387;
2;0.514729882445553 * PAGESIZE + 2.70977133875791 * HAVE_CRYPTO + 0.0058452723532073 * HAVE_SEQUENCE;1.31516845641467;1.31516845641467;1.31516845641467;1.31516845641467;0.004222;3;0.0058452723532073 * HAVE_SEQUENCE;1;0.404267457448079;
3;0.512967151767879 * PAGESIZE + 2.70956794675664 * HAVE_CRYPTO + 0.00604866435447836 * HAVE_SEQUENCE + 0.00230510934772821 * HAVE_VERIFY;1.16912276166248;1.16912276166248;1.16912276166248;1.16912276166248;0.009191;4;0.00230510934772821 * HAVE_VERIFY;1;0.14604569475219;
4;0.5044075 * PAGESIZE + 2.70766580191933 * HAVE_CRYPTO + 0.0198392144249525 * HAVE_SEQUENCE + 0.0139557464762327 * HAVE_VERIFY + -0.0178326078497529 * HAVE_SEQUENCE * HAVE_VERIFY;0.626907853858511;0.626907853858511;0.626907853858511;0.626907853858511;0.017437;6;-0.0178326078497529 * HAVE_SEQUENCE * HAVE_VERIFY;2;0.271107453901986;
Elapsed=00:00:00.0175877
Learning progress:
1;0.517468065367746 * PAGESIZE + 2.71740399873482 * HAVE_CRYPTO;0.423702384162224;0.423702384162224;0.423702384162224;0.423702384162224;0.001133;2;2.71740399873482 * HAVE_CRYPTO;1;160.143887651327;
Elapsed=00:00:00.0012332
Learning progress:
1;0.516899847599769 * PAGESIZE + 2.71193832675921 * HAVE_CRYPTO;0.281036131909114;0.281036131909114;0.281036131909114;0.281036131909114;0.001103;2;2.71193832675921 * HAVE_CRYPTO;1;188.4598192624;
Elapsed=00:00:00.0011989
Learning progress:
1;0.515836703188259 * PAGESIZE + 2.71252366860661 * HAVE_CRYPTO;0.944092663383908;0.944092663383908;0.944092663383908;0.944092663383908;0.00113;2;2.71252366860661 * HAVE_CRYPTO;1;122.614420445328;
Elapsed=00:00:00.0012353
Learning progress:
1;0.518470269230768 * PAGESIZE + 2.7113720940171 * HAVE_CRYPTO;1.14293161190869;1.14293161190869;1.14293161190869;1.14293161190869;0.001002;2;2.7113720940171 * HAVE_CRYPTO;1;353.449701064442;
2;0.5142166546003 * PAGESIZE + 2.70995422247361 * HAVE_CRYPTO + 0.00850722926093643 * HAVE_SEQUENCE;0.979815573880709;0.979815573880709;0.979815573880709;0.979815573880709;0.003613;3;0.00850722926093643 * HAVE_SEQUENCE;1;0.163116038027984;
Elapsed=00:00:00.0037202
Learning progress:
1;0.518070038075958 * PAGESIZE + 2.70993834653943 * HAVE_CRYPTO;1.71943591386275;1.71943591386275;1.71943591386275;1.71943591386275;0.001087;2;2.70993834653943 * HAVE_CRYPTO;1;191.078217951387;
2;0.514729882445553 * PAGESIZE + 2.70977133875791 * HAVE_CRYPTO + 0.0058452723532073 * HAVE_SEQUENCE;1.31516845641467;1.31516845641467;1.31516845641467;1.31516845641467;0.004012;3;0.0058452723532073 * HAVE_SEQUENCE;1;0.404267457448079;
3;0.512967151767879 * PAGESIZE + 2.70956794675664 * HAVE_CRYPTO + 0.00604866435447836 * HAVE_SEQUENCE + 0.00230510934772821 * HAVE_VERIFY;1.16912276166248;1.16912276166248;1.16912276166248;1.16912276166248;0.010129;4;0.00230510934772821 * HAVE_VERIFY;1;0.14604569475219;
Elapsed=00:00:00.0102595
Learning progress:
1;0.517468065367746 * PAGESIZE + 2.71740399873482 * HAVE_CRYPTO;0.423702384162224;0.423702384162224;0.423702384162224;0.423702384162224;0.001114;2;2.71740399873482 * HAVE_CRYPTO;1;160.143887651327;
Elapsed=00:00:00.0012149
Learning progress:
1;0.516899847599769 * PAGESIZE + 2.71193832675921 * HAVE_CRYPTO;0.281036131909114;0.281036131909114;0.281036131909114;0.281036131909114;0.001088;2;2.71193832675921 * HAVE_CRYPTO;1;188.4598192624;
Elapsed=00:00:00.0011838
Learning progress:
1;0.515836703188259 * PAGESIZE + 2.71252366860661 * HAVE_CRYPTO;0.944092663383908;0.944092663383908;0.944092663383908;0.944092663383908;0.001132;2;2.71252366860661 * HAVE_CRYPTO;1;122.614420445328;
Elapsed=00:00:00.0012340
Learning progress:
1;0.518470269230768 * PAGESIZE + 2.7113720940171 * HAVE_CRYPTO;1.14293161190869;1.14293161190869;1.14293161190869;1.14293161190869;0.001049;2;2.7113720940171 * HAVE_CRYPTO;1;353.449701064442;
2;0.5142166546003 * PAGESIZE + 2.70995422247361 * HAVE_CRYPTO + 0.00850722926093643 * HAVE_SEQUENCE;0.979815573880709;0.979815573880709;0.979815573880709;0.979815573880709;0.003769;3;0.00850722926093643 * HAVE_SEQUENCE;1;0.163116038027984;
Elapsed=00:00:00.0038726
Learning progress:
1;0.518070038075958 * PAGESIZE + 2.70993834653943 * HAVE_CRYPTO;1.71943591386275;1.71943591386275;1.71943591386275;1.71943591386275;0.001253;2;2.70993834653943 * HAVE_CRYPTO;1;191.078217951387;
2;0.514729882445553 * PAGESIZE + 2.70977133875791 * HAVE_CRYPTO + 0.0058452723532073 * HAVE_SEQUENCE;1.31516845641467;1.31516845641467;1.31516845641467;1.31516845641467;0.004397;3;0.0058452723532073 * HAVE_SEQUENCE;1;0.404267457448079;
Elapsed=00:00:00.0045056
Learning progress:
1;0.517468065367746 * PAGESIZE + 2.71740399873482 * HAVE_CRYPTO;0.423702384162224;0.423702384162224;0.423702384162224;0.423702384162224;0.001119;2;2.71740399873482 * HAVE_CRYPTO;1;160.143887651327;
Elapsed=00:00:00.0012188
Learning progress:
1;0.516899847599769 * PAGESIZE + 2.71193832675921 * HAVE_CRYPTO;0.281036131909114;0.281036131909114;0.281036131909114;0.281036131909114;0.001117;2;2.71193832675921 * HAVE_CRYPTO;1;188.4598192624;
Elapsed=00:00:00.0012204
Learning progress:
1;0.515836703188259 * PAGESIZE + 2.71252366860661 * HAVE_CRYPTO;0.944092663383908;0.944092663383908;0.944092663383908;0.944092663383908;0.001111;2;2.71252366860661 * HAVE_CRYPTO;1;122.614420445328;
Elapsed=00:00:00.0012116
Learning progress:
1;0.518470269230768 * PAGESIZE + 2.7113720940171 * HAVE_CRYPTO;1.14293161190869;1.14293161190869;1.14293161190869;1.14293161190869;0.001028;2;2.7113720940171 * HAVE_CRYPTO;1;353.449701064442;
2;0.5142166546003 * PAGESIZE + 2.70995422247361 * HAVE_CRYPTO + 0.00850722926093643 * HAVE_SEQUENCE;0.979815573880709;0.979815573880709;0.979815573880709;0.979815573880709;0.00359;3;0.00850722926093643 * HAVE_SEQUENCE;1;0.163116038027984;
Elapsed=00:00:00.0037002
Learning progress:
1;0.518070038075958 * PAGESIZE + 2.70993834653943 * HAVE_CRYPTO;1.71943591386275;1.71943591386275;1.71943591386275;1.71943591386275;0.001111;2;2.70993834653943 * HAVE_CRYPTO;1;191.078217951387;
2;0.514729882445553 * PAGESIZE + 2.70977133875791 * HAVE_CRYPTO + 0.0058452723532073 * HAVE_SEQUENCE;1.31516845641467;1.31516845641467;1.31516845641467;1.31516845641467;0.004981;3;0.0058452723532073 * HAVE_SEQUENCE;1;0.404267457448079;
3;0.512967151767879 * PAGESIZE + 2.70956794675664 * HAVE_CRYPTO + 0.00604866435447836 * HAVE_SEQUENCE + 0.00230510934772821 * HAVE_VERIFY;1.16912276166248;1.16912276166248;1.16912276166248;1.16912276166248;0.009967;4;0.00230510934772821 * HAVE_VERIFY;1;0.14604569475219;
4;0.5044075 * PAGESIZE + 2.70766580191933 * HAVE_CRYPTO + 0.0198392144249525 * HAVE_SEQUENCE + 0.0139557464762327 * HAVE_VERIFY + -0.0178326078497529 * HAVE_SEQUENCE * HAVE_VERIFY;0.626907853858511;0.626907853858511;0.626907853858511;0.626907853858511;0.017758;6;-0.0178326078497529 * HAVE_SEQUENCE * HAVE_VERIFY;2;0.271107453901986;
Elapsed=00:00:00.0179268
Learning progress:
1;0.517468065367746 * PAGESIZE + 2.71740399873482 * HAVE_CRYPTO;0.423702384162224;0.423702384162224;0.423702384162224;0.423702384162224;0.001125;2;2.71740399873482 * HAVE_CRYPTO;1;160.143887651327;
Elapsed=00:00:00.0012392
Learning progress:
1;0.516899847599769 * PAGESIZE + 2.71193832675921 * HAVE_CRYPTO;0.281036131909114;0.281036131909114;0.281036131909114;0.281036131909114;0.001277;2;2.71193832675921 * HAVE_CRYPTO;1;188.4598192624;
Elapsed=00:00:00.0013733
Learning progress:
1;0.515836703188259 * PAGESIZE + 2.71252366860661 * HAVE_CRYPTO;0.944092663383908;0.944092663383908;0.944092663383908;0.944092663383908;0.001291;2;2.71252366860661 * HAVE_CRYPTO;1;122.614420445328;
Elapsed=00:00:00.0013934
Learning progress:
1;0.518470269230768 * PAGESIZE + 2.7113720940171 * HAVE_CRYPTO;1.14293161190869;1.14293161190869;1.14293161190869;1.14293161190869;0.001165;2;2.7113720940171 * HAVE_CRYPTO;1;353.449701064442;
2;0.5142166546003 * PAGESIZE + 2.70995422247361 * HAVE_CRYPTO + 0.00850722926093643 * HAVE_SEQUENCE;0.979815573880709;0.979815573880709;0.979815573880709;0.979815573880709;0.004153;3;0.00850722926093643 * HAVE_SEQUENCE;1;0.163116038027984;
Elapsed=00:00:00.0042688
Learning progress:
1;0.518070038075958 * PAGESIZE + 2.70993834653943 * HAVE_CRYPTO;1.71943591386275;1.71943591386275;1.71943591386275;1.71943591386275;0.001097;2;2.70993834653943 * HAVE_CRYPTO;1;191.078217951387;
2;0.514729882445553 * PAGESIZE + 2.70977133875791 * HAVE_CRYPTO + 0.0058452723532073 * HAVE_SEQUENCE;1.31516845641467;1.31516845641467;1.31516845641467;1.31516845641467;0.004228;3;0.0058452723532073 * HAVE_SEQUENCE;1;0.404267457448079;
3;0.512967151767879 * PAGESIZE + 2.70956794675664 * HAVE_CRYPTO + 0.00604866435447836 * HAVE_SEQUENCE + 0.00230510934772821 * HAVE_VERIFY;1.16912276166248;1.16912276166248;1.16912276166248;1.16912276166248;0.009516;4;0.00230510934772821 * HAVE_VERIFY;1;0.14604569475219;
Elapsed=00:00:00.0096383
Learning progress:
1;0.517468065367746 * PAGESIZE + 2.71740399873482 * HAVE_CRYPTO;0.423702384162224;0.423702384162224;0.423702384162224;0.423702384162224;0.00132;2;2.71740399873482 * HAVE_CRYPTO;1;160.143887651327;
Elapsed=00:00:00.0014205
Learning progress:
1;0.516899847599769 * PAGESIZE + 2.71193832675921 * HAVE_CRYPTO;0.281036131909114;0.281036131909114;0.281036131909114;0.281036131909114;0.001121;2;2.71193832675921 * HAVE_CRYPTO;1;188.4598192624;
Elapsed=00:00:00.0012187
Learning progress:
1;0.515836703188259 * PAGESIZE + 2.71252366860661 * HAVE_CRYPTO;0.944092663383908;0.944092663383908;0.944092663383908;0.944092663383908;0.001091;2;2.71252366860661 * HAVE_CRYPTO;1;122.614420445328;
Elapsed=00:00:00.0011894
Learning progress:
1;0.518470269230768 * PAGESIZE + 2.7113720940171 * HAVE_CRYPTO;1.14293161190869;1.14293161190869;1.14293161190869;1.14293161190869;0.001176;2;2.7113720940171 * HAVE_CRYPTO;1;353.449701064442;
2;0.5142166546003 * PAGESIZE + 2.70995422247361 * HAVE_CRYPTO + 0.00850722926093643 * HAVE_SEQUENCE;0.979815573880709;0.979815573880709;0.979815573880709;0.979815573880709;0.003752;3;0.00850722926093643 * HAVE_SEQUENCE;1;0.163116038027984;
Elapsed=00:00:00.0038546
Learning progress:
1;0.518070038075958 * PAGESIZE + 2.70993834653943 * HAVE_CRYPTO;1.71943591386275;1.71943591386275;1.71943591386275;1.71943591386275;0.001252;2;2.70993834653943 * HAVE_CRYPTO;1;191.078217951387;
2;0.514729882445553 * PAGESIZE + 2.70977133875791 * HAVE_CRYPTO + 0.0058452723532073 * HAVE_SEQUENCE;1.31516845641467;1.31516845641467;1.31516845641467;1.31516845641467;0.005292;3;0.0058452723532073 * HAVE_SEQUENCE;1;0.404267457448079;
Elapsed=00:00:00.0053998
Learning progress:
1;0.517468065367746 * PAGESIZE + 2.71740399873482 * HAVE_CRYPTO;0.423702384162224;0.423702384162224;0.423702384162224;0.423702384162224;0.001382;2;2.71740399873482 * HAVE_CRYPTO;1;160.143887651327;
Elapsed=00:00:00.0014831
Learning progress:
1;0.516899847599769 * PAGESIZE + 2.71193832675921 * HAVE_CRYPTO;0.281036131909114;0.281036131909114;0.281036131909114;0.281036131909114;0.001117;2;2.71193832675921 * HAVE_CRYPTO;1;188.4598192624;
Elapsed=00:00:00.0012112
Learning progress:
1;0.515836703188259 * PAGESIZE + 2.71252366860661 * HAVE_CRYPTO;0.944092663383908;0.944092663383908;0.944092663383908;0.944092663383908;0.001103;2;2.71252366860661 * HAVE_CRYPTO;1;122.614420445328;
Elapsed=00:00:00.0011999
Learning progress:
1;0.518470269230768 * PAGESIZE + 2.7113720940171 * HAVE_CRYPTO;1.14293161190869;1.14293161190869;1.14293161190869;1.14293161190869;0.001873;2;2.7113720940171 * HAVE_CRYPTO;1;353.449701064442;
2;0.5142166546003 * PAGESIZE + 2.70995422247361 * HAVE_CRYPTO + 0.00850722926093643 * HAVE_SEQUENCE;0.979815573880709;0.979815573880709;0.979815573880709;0.979815573880709;0.004433;3;0.00850722926093643 * HAVE_SEQUENCE;1;0.163116038027984;
Elapsed=00:00:00.0045355
Learning progress:
1;0.518070038075958 * PAGESIZE + 2.70993834653943 * HAVE_CRYPTO;1.71943591386275;1.71943591386275;1.71943591386275;1.71943591386275;0.001238;2;2.70993834653943 * HAVE_CRYPTO;1;191.078217951387;
2;0.514729882445553 * PAGESIZE + 2.70977133875791 * HAVE_CRYPTO + 0.0058452723532073 * HAVE_SEQUENCE;1.31516845641467;1.31516845641467;1.31516845641467;1.31516845641467;0.00421;3;0.0058452723532073 * HAVE_SEQUENCE;1;0.404267457448079;
3;0.512967151767879 * PAGESIZE + 2.70956794675664 * HAVE_CRYPTO + 0.00604866435447836 * HAVE_SEQUENCE + 0.00230510934772821 * HAVE_VERIFY;1.16912276166248;1.16912276166248;1.16912276166248;1.16912276166248;0.009359;4;0.00230510934772821 * HAVE_VERIFY;1;0.14604569475219;
4;0.5044075 * PAGESIZE + 2.70766580191933 * HAVE_CRYPTO + 0.0198392144249525 * HAVE_SEQUENCE + 0.0139557464762327 * HAVE_VERIFY + -0.0178326078497529 * HAVE_SEQUENCE * HAVE_VERIFY;0.626907853858511;0.626907853858511;0.626907853858511;0.626907853858511;0.017985;6;-0.0178326078497529 * HAVE_SEQUENCE * HAVE_VERIFY;2;0.271107453901986;
Elapsed=00:00:00.0181512
Learning progress:
1;0.517468065367746 * PAGESIZE + 2.71740399873482 * HAVE_CRYPTO;0.423702384162224;0.423702384162224;0.423702384162224;0.423702384162224;0.001289;2;2.71740399873482 * HAVE_CRYPTO;1;160.143887651327;
Elapsed=00:00:00.0013926
Learning progress:
1;0.516899847599769 * PAGESIZE + 2.71193832675921 * HAVE_CRYPTO;0.281036131909114;0.281036131909114;0.281036131909114;0.281036131909114;0.00111;2;2.71193832675921 * HAVE_CRYPTO;1;188.4598192624;
Elapsed=00:00:00.0012052
Learning progress:
1;0.515836703188259 * PAGESIZE + 2.71252366860661 * HAVE_CRYPTO;0.944092663383908;0.944092663383908;0.944092663383908;0.944092663383908;0.002231;2;2.71252366860661 * HAVE_CRYPTO;1;122.614420445328;
Elapsed=00:00:00.0023348
Learning progress:
1;0.518470269230768 * PAGESIZE + 2.7113720940171 * HAVE_CRYPTO;1.14293161190869;1.14293161190869;1.14293161190869;1.14293161190869;0.000995;2;2.7113720940171 * HAVE_CRYPTO;1;353.449701064442;
2;0.5142166546003 * PAGESIZE + 2.70995422247361 * HAVE_CRYPTO + 0.00850722926093643 * HAVE_SEQUENCE;0.979815573880709;0.979815573880709;0.979815573880709;0.979815573880709;0.003762;3;0.00850722926093643 * HAVE_SEQUENCE;1;0.163116038027984;
Elapsed=00:00:00.0038651
Learning progress:
1;0.518070038075958 * PAGESIZE + 2.70993834653943 * HAVE_CRYPTO;1.71943591386275;1.71943591386275;1.71943591386275;1.71943591386275;0.001243;2;2.70993834653943 * HAVE_CRYPTO;1;191.078217951387;
2;0.514729882445553 * PAGESIZE + 2.70977133875791 * HAVE_CRYPTO + 0.0058452723532073 * HAVE_SEQUENCE;1.31516845641467;1.31516845641467;1.31516845641467;1.31516845641467;0.004171;3;0.0058452723532073 * HAVE_SEQUENCE;1;0.404267457448079;
3;0.512967151767879 * PAGESIZE + 2.70956794675664 * HAVE_CRYPTO + 0.00604866435447836 * HAVE_SEQUENCE + 0.00230510934772821 * HAVE_VERIFY;1.16912276166248;1.16912276166248;1.16912276166248;1.16912276166248;0.01041;4;0.00230510934772821 * HAVE_VERIFY;1;0.14604569475219;
Elapsed=00:00:00.0105449
Learning progress:
1;0.517468065367746 * PAGESIZE + 2.71740399873482 * HAVE_CRYPTO;0.423702384162224;0.423702384162224;0.423702384162224;0.423702384162224;0.001242;2;2.71740399873482 * HAVE_CRYPTO;1;160.143887651327;
Elapsed=00:00:00.0013421
Learning progress:
1;0.516899847599769 * PAGESIZE + 2.71193832675921 * HAVE_CRYPTO;0.281036131909114;0.281036131909114;0.281036131909114;0.281036131909114;0.001273;2;2.71193832675921 * HAVE_CRYPTO;1;188.4598192624;
Elapsed=00:00:00.0013683
Learning progress:
1;0.515836703188259 * PAGESIZE + 2.71252366860661 * HAVE_CRYPTO;0.944092663383908;0.944092663383908;0.944092663383908;0.944092663383908;0.00118;2;2.71252366860661 * HAVE_CRYPTO;1;122.614420445328;
Elapsed=00:00:00.0012798
Learning progress:
1;0.518470269230768 * PAGESIZE + 2.7113720940171 * HAVE_CRYPTO;1.14293161190869;1.14293161190869;1.14293161190869;1.14293161190869;0.001964;2;2.7113720940171 * HAVE_CRYPTO;1;353.449701064442;
2;0.5142166546003 * PAGESIZE + 2.70995422247361 * HAVE_CRYPTO + 0.00850722926093643 * HAVE_SEQUENCE;0.979815573880709;0.979815573880709;0.979815573880709;0.979815573880709;0.004612;3;0.00850722926093643 * HAVE_SEQUENCE;1;0.163116038027984;
Elapsed=00:00:00.0047153
Learning progress:
1;0.518070038075958 * PAGESIZE + 2.70993834653943 * HAVE_CRYPTO;1.71943591386275;1.71943591386275;1.71943591386275;1.71943591386275;0.001091;2;2.70993834653943 * HAVE_CRYPTO;1;191.078217951387;
2;0.514729882445553 * PAGESIZE + 2.70977133875791 * HAVE_CRYPTO + 0.0058452723532073 * HAVE_SEQUENCE;1.31516845641467;1.31516845641467;1.31516845641467;1.31516845641467;0.004033;3;0.0058452723532073 * HAVE_SEQUENCE;1;0.404267457448079;
Elapsed=00:00:00.0041423
Learning progress:
1;0.517468065367746 * PAGESIZE + 2.71740399873482 * HAVE_CRYPTO;0.423702384162224;0.423702384162224;0.423702384162224;0.423702384162224;0.001291;2;2.71740399873482 * HAVE_CRYPTO;1;160.143887651327;
Elapsed=00:00:00.0013920
Learning progress:
1;0.516899847599769 * PAGESIZE + 2.71193832675921 * HAVE_CRYPTO;0.281036131909114;0.281036131909114;0.281036131909114;0.281036131909114;0.002286;2;2.71193832675921 * HAVE_CRYPTO;1;188.4598192624;
Elapsed=00:00:00.0023846
Learning progress:
1;0.515836703188259 * PAGESIZE + 2.71252366860661 * HAVE_CRYPTO;0.944092663383908;0.944092663383908;0.944092663383908;0.944092663383908;0.001417;2;2.71252366860661 * HAVE_CRYPTO;1;122.614420445328;
Elapsed=00:00:00.0015178
Learning progress:
1;0.518470269230768 * PAGESIZE + 2.7113720940171 * HAVE_CRYPTO;1.14293161190869;1.14293161190869;1.14293161190869;1.14293161190869;0.001322;2;2.7113720940171 * HAVE_CRYPTO;1;353.449701064442;
2;0.5142166546003 * PAGESIZE + 2.70995422247361 * HAVE_CRYPTO + 0.00850722926093643 * HAVE_SEQUENCE;0.979815573880709;0.979815573880709;0.979815573880709;0.979815573880709;0.004229;3;0.00850722926093643 * HAVE_SEQUENCE;1;0.163116038027984;
Elapsed=00:00:00.0043364
Learning progress:
1;0.518070038075958 * PAGESIZE + 2.70993834653943 * HAVE_CRYPTO;1.71943591386275;1.71943591386275;1.71943591386275;1.71943591386275;0.001073;2;2.70993834653943 * HAVE_CRYPTO;1;191.078217951387;
2;0.514729882445553 * PAGESIZE + 2.70977133875791 * HAVE_CRYPTO + 0.0058452723532073 * HAVE_SEQUENCE;1.31516845641467;1.31516845641467;1.31516845641467;1.31516845641467;0.005021;3;0.0058452723532073 * HAVE_SEQUENCE;1;0.404267457448079;
3;0.512967151767879 * PAGESIZE + 2.70956794675664 * HAVE_CRYPTO + 0.00604866435447836 * HAVE_SEQUENCE + 0.00230510934772821 * HAVE_VERIFY;1.16912276166248;1.16912276166248;1.16912276166248;1.16912276166248;0.010039;4;0.00230510934772821 * HAVE_VERIFY;1;0.14604569475219;
4;0.5044075 * PAGESIZE + 2.70766580191933 * HAVE_CRYPTO + 0.0198392144249525 * HAVE_SEQUENCE + 0.0139557464762327 * HAVE_VERIFY + -0.0178326078497529 * HAVE_SEQUENCE * HAVE_VERIFY;0.626907853858511;0.626907853858511;0.626907853858511;0.626907853858511;0.017895;6;-0.0178326078497529 * HAVE_SEQUENCE * HAVE_VERIFY;2;0.271107453901986;
Elapsed=00:00:00.0180418
Learning progress:
1;0.517468065367746 * PAGESIZE + 2.71740399873482 * HAVE_CRYPTO;0.423702384162224;0.423702384162224;0.423702384162224;0.423702384162224;0.002089;2;2.71740399873482 * HAVE_CRYPTO;1;160.143887651327;
Elapsed=00:00:00.0021936
Learning progress:
1;0.516899847599769 * PAGESIZE + 2.71193832675921 * HAVE_CRYPTO;0.281036131909114;0.281036131909114;0.281036131909114;0.281036131909114;0.001395;2;2.71193832675921 * HAVE_CRYPTO;1;188.4598192624;
Elapsed=00:00:00.0014941
Learning progress:
1;0.515836703188259 * PAGESIZE + 2.71252366860661 * HAVE_CRYPTO;0.944092663383908;0.944092663383908;0.944092663383908;0.944092663383908;0.001426;2;2.71252366860661 * HAVE_CRYPTO;1;122.614420445328;
Elapsed=00:00:00.0015331
Learning progress:
1;0.518470269230768 * PAGESIZE + 2.7113720940171 * HAVE_CRYPTO;1.14293161190869;1.14293161190869;1.14293161190869;1.14293161190869;0.001249;2;2.7113720940171 * HAVE_CRYPTO;1;353.449701064442;
2;0.5142166546003 * PAGESIZE + 2.70995422247361 * HAVE_CRYPTO + 0.00850722926093643 * HAVE_SEQUENCE;0.979815573880709;0.979815573880709;0.979815573880709;0.979815573880709;0.004291;3;0.00850722926093643 * HAVE_SEQUENCE;1;0.163116038027984;
Elapsed=00:00:00.0043947
Learning progress:
1;0.518070038075958 * PAGESIZE + 2.70993834653943 * HAVE_CRYPTO;1.71943591386275;1.71943591386275;1.71943591386275;1.71943591386275;0.001089;2;2.70993834653943 * HAVE_CRYPTO;1;191.078217951387;
2;0.514729882445553 * PAGESIZE + 2.70977133875791 * HAVE_CRYPTO + 0.0058452723532073 * HAVE_SEQUENCE;1.31516845641467;1.31516845641467;1.31516845641467;1.31516845641467;0.004075;3;0.0058452723532073 * HAVE_SEQUENCE;1;0.404267457448079;
3;0.512967151767879 * PAGESIZE + 2.70956794675664 * HAVE_CRYPTO + 0.00604866435447836 * HAVE_SEQUENCE + 0.00230510934772821 * HAVE_VERIFY;1.16912276166248;1.16912276166248;1.16912276166248;1.16912276166248;0.009054;4;0.00230510934772821 * HAVE_VERIFY;1;0.14604569475219;
Elapsed=00:00:00.0092000
Learning progress:
1;0.517468065367746 * PAGESIZE + 2.71740399873482 * HAVE_CRYPTO;0.423702384162224;0.423702384162224;0.423702384162224;0.423702384162224;0.001288;2;2.71740399873482 * HAVE_CRYPTO;1;160.143887651327;
Elapsed=00:00:00.0013968
Learning progress:
1;0.516899847599769 * PAGESIZE + 2.71193832675921 * HAVE_CRYPTO;0.281036131909114;0.281036131909114;0.281036131909114;0.281036131909114;0.002103;2;2.71193832675921 * HAVE_CRYPTO;1;188.4598192624;
Elapsed=00:00:00.0022059
Learning progress:
1;0.515836703188259 * PAGESIZE + 2.71252366860661 * HAVE_CRYPTO;0.944092663383908;0.944092663383908;0.944092663383908;0.944092663383908;0.001292;2;2.71252366860661 * HAVE_CRYPTO;1;122.614420445328;
Elapsed=00:00:00.0013952
Learning progress:
1;0.518470269230768 * PAGESIZE + 2.7113720940171 * HAVE_CRYPTO;1.14293161190869;1.14293161190869;1.14293161190869;1.14293161190869;0.000987;2;2.7113720940171 * HAVE_CRYPTO;1;353.449701064442;
2;0.5142166546003 * PAGESIZE + 2.70995422247361 * HAVE_CRYPTO + 0.00850722926093643 * HAVE_SEQUENCE;0.979815573880709;0.979815573880709;0.979815573880709;0.979815573880709;0.003594;3;0.00850722926093643 * HAVE_SEQUENCE;1;0.163116038027984;
Elapsed=00:00:00.0036988
Learning progress:
1;0.518070038075958 * PAGESIZE + 2.70993834653943 * HAVE_CRYPTO;1.71943591386275;1.71943591386275;1.71943591386275;1.71943591386275;0.001108;2;2.70993834653943 * HAVE_CRYPTO;1;191.078217951387;
2;0.514729882445553 * PAGESIZE + 2.70977133875791 * HAVE_CRYPTO + 0.0058452723532073 * HAVE_SEQUENCE;1.31516845641467;1.31516845641467;1.31516845641467;1.31516845641467;0.005264;3;0.0058452723532073 * HAVE_SEQUENCE;1;0.404267457448079;
Elapsed=00:00:00.0053794
Learning progress:
1;0.517468065367746 * PAGESIZE + 2.71740399873482 * HAVE_CRYPTO;0.423702384162224;0.423702384162224;0.423702384162224;0.423702384162224;0.001114;2;2.71740399873482 * HAVE_CRYPTO;1;160.143887651327;
Elapsed=00:00:00.0012144
Learning progress:
1;0.516899847599769 * PAGESIZE + 2.71193832675921 * HAVE_CRYPTO;0.281036131909114;0.281036131909114;0.281036131909114;0.281036131909114;0.001281;2;2.71193832675921 * HAVE_CRYPTO;1;188.4598192624;
Elapsed=00:00:00.0013882
Learning progress:
1;0.515836703188259 * PAGESIZE + 2.71252366860661 * HAVE_CRYPTO;0.944092663383908;0.944092663383908;0.944092663383908;0.944092663383908;0.001296;2;2.71252366860661 * HAVE_CRYPTO;1;122.614420445328;
Elapsed=00:00:00.0014058
Learning progress:
1;0.518470269230768 * PAGESIZE + 2.7113720940171 * HAVE_CRYPTO;1.14293161190869;1.14293161190869;1.14293161190869;1.14293161190869;0.001026;2;2.7113720940171 * HAVE_CRYPTO;1;353.449701064442;
2;0.5142166546003 * PAGESIZE + 2.70995422247361 * HAVE_CRYPTO + 0.00850722926093643 * HAVE_SEQUENCE;0.979815573880709;0.979815573880709;0.979815573880709;0.979815573880709;0.004449;3;0.00850722926093643 * HAVE_SEQUENCE;1;0.163116038027984;
Elapsed=00:00:00.0045544
Learning progress:
1;0.518070038075958 * PAGESIZE + 2.70993834653943 * HAVE_CRYPTO;1.71943591386275;1.71943591386275;1.71943591386275;1.71943591386275;0.001093;2;2.70993834653943 * HAVE_CRYPTO;1;191.078217951387;
2;0.514729882445553 * PAGESIZE + 2.70977133875791 * HAVE_CRYPTO + 0.0058452723532073 * HAVE_SEQUENCE;1.31516845641467;1.31516845641467;1.31516845641467;1.31516845641467;0.0041;3;0.0058452723532073 * HAVE_SEQUENCE;1;0.404267457448079;
3;0.512967151767879 * PAGESIZE + 2.70956794675664 * HAVE_CRYPTO + 0.00604866435447836 * HAVE_SEQUENCE + 0.00230510934772821 * HAVE_VERIFY;1.16912276166248;1.16912276166248;1.16912276166248;1.16912276166248;0.009251;4;0.00230510934772821 * HAVE_VERIFY;1;0.14604569475219;
4;0.5044075 * PAGESIZE + 2.70766580191933 * HAVE_CRYPTO + 0.0198392144249525 * HAVE_SEQUENCE + 0.0139557464762327 * HAVE_VERIFY + -0.0178326078497529 * HAVE_SEQUENCE * HAVE_VERIFY;0.626907853858511;0.626907853858511;0.626907853858511;0.626907853858511;0.017517;6;-0.0178326078497529 * HAVE_SEQUENCE * HAVE_VERIFY;2;0.271107453901986;
Elapsed=00:00:00.0176821
Learning progress:
1;0.517468065367746 * PAGESIZE + 2.71740399873482 * HAVE_CRYPTO;0.423702384162224;0.423702384162224;0.423702384162224;0.423702384162224;0.00112;2;2.71740399873482 * HAVE_CRYPTO;1;160.143887651327;
Elapsed=00:00:00.0012239
Learning progress:
1;0.516899847599769 * PAGESIZE + 2.71193832675921 * HAVE_CRYPTO;0.281036131909114;0.281036131909114;0.281036131909114;0.281036131909114;0.001148;2;2.71193832675921 * HAVE_CRYPTO;1;188.4598192624;
Elapsed=00:00:00.0012434
Learning progress:
1;0.515836703188259 * PAGESIZE + 2.71252366860661 * HAVE_CRYPTO;0.944092663383908;0.944092663383908;0.944092663383908;0.944092663383908;0.00111;2;2.71252366860661 * HAVE_CRYPTO;1;122.614420445328;
Elapsed=00:00:00.0012096
Learning progress:
1;0.518470269230768 * PAGESIZE + 2.7113720940171 * HAVE_CRYPTO;1.14293161190869;1.14293161190869;1.14293161190869;1.14293161190869;0.001015;2;2.7113720940171 * HAVE_CRYPTO;1;353.449701064442;
2;0.5142166546003 * PAGESIZE + 2.70995422247361 * HAVE_CRYPTO + 0.00850722926093643 * HAVE_SEQUENCE;0.979815573880709;0.979815573880709;0.979815573880709;0.979815573880709;0.003754;3;0.00850722926093643 * HAVE_SEQUENCE;1;0.163116038027984;
Elapsed=00:00:00.0038639
Learning progress:
1;0.518070038075958 * PAGESIZE + 2.70993834653943 * HAVE_CRYPTO;1.71943591386275;1.71943591386275;1.71943591386275;1.71943591386275;0.001125;2;2.70993834653943 * HAVE_CRYPTO;1;191.078217951387;
2;0.514729882445553 * PAGESIZE + 2.70977133875791 * HAVE_CRYPTO + 0.0058452723532073 * HAVE_SEQUENCE;1.31516845641467;1.31516845641467;1.31516845641467;1.31516845641467;0.004034;3;0.0058452723532073 * HAVE_SEQUENCE;1;0.404267457448079;
3;0.512967151767879 * PAGESIZE + 2.70956794675664 * HAVE_CRYPTO + 0.00604866435447836 * HAVE_SEQUENCE + 0.00230510934772821 * HAVE_VERIFY;1.16912276166248;1.16912276166248;1.16912276166248;1.16912276166248;0.010346;4;0.00230510934772821 * HAVE_VERIFY;1;0.14604569475219;
Elapsed=00:00:00.0104921
Learning progress:
1;0.517468065367746 * PAGESIZE + 2.71740399873482 * HAVE_CRYPTO;0.423702384162224;0.423702384162224;0.423702384162224;0.423702384162224;0.001145;2;2.71740399873482 * HAVE_CRYPTO;1;160.143887651327;
Elapsed=00:00:00.0012499
Learning progress:
1;0.516899847599769 * PAGESIZE + 2.71193832675921 * HAVE_CRYPTO;0.281036131909114;0.281036131909114;0.281036131909114;0.281036131909114;0.001098;2;2.71193832675921 * HAVE_CRYPTO;1;188.4598192624;
Elapsed=00:00:00.0011925
Learning progress:
1;0.515836703188259 * PAGESIZE + 2.71252366860661 * HAVE_CRYPTO;0.944092663383908;0.944092663383908;0.944092663383908;0.944092663383908;0.001415;2;2.71252366860661 * HAVE_CRYPTO;1;122.614420445328;
Elapsed=00:00:00.0015159
Learning progress:
1;0.518470269230768 * PAGESIZE + 2.7113720940171 * HAVE_CRYPTO;1.14293161190869;1.14293161190869;1.14293161190869;1.14293161190869;0.001023;2;2.7113720940171 * HAVE_CRYPTO;1;353.449701064442;
2;0.5142166546003 * PAGESIZE + 2.70995422247361 * HAVE_CRYPTO + 0.00850722926093643 * HAVE_SEQUENCE;0.979815573880709;0.979815573880709;0.979815573880709;0.979815573880709;0.004575;3;0.00850722926093643 * HAVE_SEQUENCE;1;0.163116038027984;
Elapsed=00:00:00.0046812
Learning progress:
1;0.518070038075958 * PAGESIZE + 2.70993834653943 * HAVE_CRYPTO;1.71943591386275;1.71943591386275;1.71943591386275;1.71943591386275;0.001078;2;2.70993834653943 * HAVE_CRYPTO;1;191.078217951387;
2;0.514729882445553 * PAGESIZE + 2.70977133875791 * HAVE_CRYPTO + 0.0058452723532073 * HAVE_SEQUENCE;1.31516845641467;1.31516845641467;1.31516845641467;1.31516845641467;0.004179;3;0.0058452723532073 * HAVE_SEQUENCE;1;0.404267457448079;
Elapsed=00:00:00.0042863
Learning progress:
1;0.517468065367746 * PAGESIZE + 2.71740399873482 * HAVE_CRYPTO;0.423702384162224;0.423702384162224;0.423702384162224;0.423702384162224;0.001518;2;2.71740399873482 * HAVE_CRYPTO;1;160.143887651327;
Elapsed=00:00:00.0016278
Learning progress:
1;0.516899847599769 * PAGESIZE + 2.71193832675921 * HAVE_CRYPTO;0.281036131909114;0.281036131909114;0.281036131909114;0.281036131909114;0.001231;2;2.71193832675921 * HAVE_CRYPTO;1;188.4598192624;
Elapsed=00:00:00.0013652
Learning progress:
1;0.515836703188259 * PAGESIZE + 2.71252366860661 * HAVE_CRYPTO;0.944092663383908;0.944092663383908;0.944092663383908;0.944092663383908;0.001126;2;2.71252366860661 * HAVE_CRYPTO;1;122.614420445328;
Elapsed=00:00:00.0012357
Learning progress:
1;0.518470269230768 * PAGESIZE + 2.7113720940171 * HAVE_CRYPTO;1.14293161190869;1.14293161190869;1.14293161190869;1.14293161190869;0.001175;2;2.7113720940171 * HAVE_CRYPTO;1;353.449701064442;
2;0.5142166546003 * PAGESIZE + 2.70995422247361 * HAVE_CRYPTO + 0.00850722926093643 * HAVE_SEQUENCE;0.979815573880709;0.979815573880709;0.979815573880709;0.979815573880709;0.003975;3;0.00850722926093643 * HAVE_SEQUENCE;1;0.163116038027984;
Elapsed=00:00:00.0040831
Learning progress:
1;0.518070038075958 * PAGESIZE + 2.70993834653943 * HAVE_CRYPTO;1.71943591386275;1.71943591386275;1.71943591386275;1.71943591386275;0.001108;2;2.70993834653943 * HAVE_CRYPTO;1;191.078217951387;
2;0.514729882445553 * PAGESIZE + 2.70977133875791 * HAVE_CRYPTO + 0.0058452723532073 * HAVE_SEQUENCE;1.31516845641467;1.31516845641467;1.31516845641467;1.31516845641467;0.004022;3;0.0058452723532073 * HAVE_SEQUENCE;1;0.404267457448079;
3;0.512967151767879 * PAGESIZE + 2.70956794675664 * HAVE_CRYPTO + 0.00604866435447836 * HAVE_SEQUENCE + 0.00230510934772821 * HAVE_VERIFY;1.16912276166248;1.16912276166248;1.16912276166248;1.16912276166248;0.009893;4;0.00230510934772821 * HAVE_VERIFY;1;0.14604569475219;
4;0.5044075 * PAGESIZE + 2.70766580191933 * HAVE_CRYPTO + 0.0198392144249525 * HAVE_SEQUENCE + 0.0139557464762327 * HAVE_VERIFY + -0.0178326078497529 * HAVE_SEQUENCE * HAVE_VERIFY;0.626907853858511;0.626907853858511;0.626907853858511;0.626907853858511;0.017431;6;-0.0178326078497529 * HAVE_SEQUENCE * HAVE_VERIFY;2;0.271107453901986;
Elapsed=00:00:00.0175747
Learning progress:
1;0.517468065367746 * PAGESIZE + 2.71740399873482 * HAVE_CRYPTO;0.423702384162224;0.423702384162224;0.423702384162224;0.423702384162224;0.001274;2;2.71740399873482 * HAVE_CRYPTO;1;160.143887651327;
Elapsed=00:00:00.0013756
Learning progress:
1;0.516899847599769 * PAGESIZE + 2.71193832675921 * HAVE_CRYPTO;0.281036131909114;0.281036131909114;0.281036131909114;0.281036131909114;0.001106;2;2.71193832675921 * HAVE_CRYPTO;1;188.4598192624;
Elapsed=00:00:00.0012022
Learning progress:
1;0.515836703188259 * PAGESIZE + 2.71252366860661 * HAVE_CRYPTO;0.944092663383908;0.944092663383908;0.944092663383908;0.944092663383908;0.001111;2;2.71252366860661 * HAVE_CRYPTO;1;122.614420445328;
Elapsed=00:00:00.0012116
Learning progress:
1;0.518470269230768 * PAGESIZE + 2.7113720940171 * HAVE_CRYPTO;1.14293161190869;1.14293161190869;1.14293161190869;1.14293161190869;0.001173;2;2.7113720940171 * HAVE_CRYPTO;1;353.449701064442;
2;0.5142166546003 * PAGESIZE + 2.70995422247361 * HAVE_CRYPTO + 0.00850722926093643 * HAVE_SEQUENCE;0.979815573880709;0.979815573880709;0.979815573880709;0.979815573880709;0.003729;3;0.00850722926093643 * HAVE_SEQUENCE;1;0.163116038027984;
Elapsed=00:00:00.0038323
Learning progress:
1;0.518070038075958 * PAGESIZE + 2.70993834653943 * HAVE_CRYPTO;1.71943591386275;1.71943591386275;1.71943591386275;1.71943591386275;0.00216;2;2.70993834653943 * HAVE_CRYPTO;1;191.078217951387;
2;0.514729882445553 * PAGESIZE + 2.70977133875791 * HAVE_CRYPTO + 0.0058452723532073 * HAVE_SEQUENCE;1.31516845641467;1.31516845641467;1.31516845641467;1.31516845641467;0.005084;3;0.0058452723532073 * HAVE_SEQUENCE;1;0.404267457448079;
3;0.512967151767879 * PAGESIZE + 2.70956794675664 * HAVE_CRYPTO + 0.00604866435447836 * HAVE_SEQUENCE + 0.00230510934772821 * HAVE_VERIFY;1.16912276166248;1.16912276166248;1.16912276166248;1.16912276166248;0.010208;4;0.00230510934772821 * HAVE_VERIFY;1;0.14604569475219;
Elapsed=00:00:00.0103302
Learning progress:
1;0.517468065367746 * PAGESIZE + 2.71740399873482 * HAVE_CRYPTO;0.423702384162224;0.423702384162224;0.423702384162224;0.423702384162224;0.001078;2;2.71740399873482 * HAVE_CRYPTO;1;160.143887651327;
Elapsed=00:00:00.0011910
Learning progress:
1;0.516899847599769 * PAGESIZE + 2.71193832675921 * HAVE_CRYPTO;0.281036131909114;0.281036131909114;0.281036131909114;0.281036131909114;0.001254;2;2.71193832675921 * HAVE_CRYPTO;1;188.4598192624;
Elapsed=00:00:00.0013508
Learning progress:
1;0.515836703188259 * PAGESIZE + 2.71252366860661 * HAVE_CRYPTO;0.944092663383908;0.944092663383908;0.944092663383908;0.944092663383908;0.001107;2;2.71252366860661 * HAVE_CRYPTO;1;122.614420445328;
Elapsed=00:00:00.0012113
Learning progress:
1;0.518470269230768 * PAGESIZE + 2.7113720940171 * HAVE_CRYPTO;1.14293161190869;1.14293161190869;1.14293161190869;1.14293161190869;0.001206;2;2.7113720940171 * HAVE_CRYPTO;1;353.449701064442;
2;0.5142166546003 * PAGESIZE + 2.70995422247361 * HAVE_CRYPTO + 0.00850722926093643 * HAVE_SEQUENCE;0.979815573880709;0.979815573880709;0.979815573880709;0.979815573880709;0.003793;3;0.00850722926093643 * HAVE_SEQUENCE;1;0.163116038027984;
Elapsed=00:00:00.0039002
Learning progress:
1;0.518070038075958 * PAGESIZE + 2.70993834653943 * HAVE_CRYPTO;1.71943591386275;1.71943591386275;1.71943591386275;1.71943591386275;0.001382;2;2.70993834653943 * HAVE_CRYPTO;1;191.078217951387;
2;0.514729882445553 * PAGESIZE + 2.70977133875791 * HAVE_CRYPTO + 0.0058452723532073 * HAVE_SEQUENCE;1.31516845641467;1.31516845641467;1.31516845641467;1.31516845641467;0.004386;3;0.0058452723532073 * HAVE_SEQUENCE;1;0.404267457448079;
Elapsed=00:00:00.0045043
Learning progress:
1;0.517468065367746 * PAGESIZE + 2.71740399873482 * HAVE_CRYPTO;0.423702384162224;0.423702384162224;0.423702384162224;0.423702384162224;0.001282;2;2.71740399873482 * HAVE_CRYPTO;1;160.143887651327;
Elapsed=00:00:00.0013875
Learning progress:
1;0.516899847599769 * PAGESIZE + 2.71193832675921 * HAVE_CRYPTO;0.281036131909114;0.281036131909114;0.281036131909114;0.281036131909114;0.001101;2;2.71193832675921 * HAVE_CRYPTO;1;188.4598192624;
Elapsed=00:00:00.0011974
Error of optimal parameters: 0.651110921438893
Optimal parameters abortError:1;minImprovementPerRound:0.1;lossFunction:RELATIVE;quadraticFunctionSupport:True;learn-logFunction:True;learn-asymFunction:True;learn-ratioFunction:True;withHierarchy:False;useBackward:False;
Learning progress:
1;0.517279137876744 * PAGESIZE + 2.71256322537112 * HAVE_CRYPTO;0.879317186763404;0.879317186763404;0.879317186763404;0.879317186763404;0.001951;2;2.71256322537112 * HAVE_CRYPTO;1;145.178796623215;
Elapsed=00:00:00.0021478
command: clean-sampling
command: clean-global
command: script ./learn_solverBased_t2.a
command: log ./out_solverBased_t2Predictions.log
