Current machine learning settings: epsilon:0 lossFunction:RELATIVE parallelization:True bagging:False baggingNumbers:3 considerEpsilonTube:False baggingTestDataFraction:50 useBackward:False abortError:1 limitFeatureSize:False featureSizeTreshold:4 quadraticFunctionSupport:True crossValidation:False crossValidation-k:5 learn-logFunction:False learn-accumulatedLogFunction:False learn-asymFunction:False learn-ratioFunction:False learn-mirrowedFunction:False learn-numeric-disabled:True numberOfRounds:70 backwardErrorDelta:1 minImprovementPerRound:0.1 withHierarchy:False bruteForceCandidates:False ignoreBadFeatures:False stopOnLongRound:True candidateSizePenalty:True learnTimeLimit:00:00:00 scoreMeasure:RELERROR outputRoundsToStdout:False debug:False pythonInfluenceAnalysis:False blacklisted: 
command: solver z3
command: vm /scratch/kallistos/Distance-Based_Data/SupplementaryWebsite/MeasuredPerformanceValues/Hipacc/FeatureModel.xml
Warning: Variability model contains outdated notation. Children nodes will no longer have effect on the model. Instead use the parent node to describe the parent of an configuration option. You can also use the converter providedby the Variability Model GUI in export>convert legacy model.
Warning: Default value nodes in models are no longer used and should be removed. You can also use the converter provided by the Variability Model GUI in export>convert legacy model to update your model.
command: all /scratch/kallistos/Distance-Based_Data/SupplementaryWebsite/MeasuredPerformanceValues/Hipacc/measurements.xml
Configs with too large deviation: 0
13485 configurations loaded.
command: binary grammar-based numConfigs:50 seed:45
command: printconfigs ./sampledConfigurations_grammarBased_t1.csv
invalid number: 4079 respective config: API, OpenCL, TextureMemory, Linear2D, Blocksize, bs_64x2, padding, padding_512, pixelPerThread, pixelPerThread_4, root
invalid number: 9980 respective config: API, OpenCL, TextureMemory, Ldg, Blocksize, bs_256x2, padding, padding_416, pixelPerThread, pixelPerThread_1, root
invalid number: 4872 respective config: API, OpenCL, TextureMemory, Linear2D, LocalMemory, Blocksize, bs_128x2, padding, padding_352, pixelPerThread, pixelPerThread_1, root
invalid number: 1565 respective config: API, OpenCL, TextureMemory, Linear1D, LocalMemory, Blocksize, bs_32x16, padding, padding_0, pixelPerThread, pixelPerThread_2, root
invalid number: 20970 respective config: API, CUDA, TextureMemory, Array2D, Blocksize, bs_1024x1, padding, padding_192, pixelPerThread, pixelPerThread_3, root
invalid number: 22281 respective config: API, CUDA, TextureMemory, Array2D, LocalMemory, Blocksize, bs_512x1, padding, padding_352, pixelPerThread, pixelPerThread_2, root
invalid number: 21853 respective config: API, CUDA, TextureMemory, Array2D, LocalMemory, Blocksize, bs_64x16, padding, padding_192, pixelPerThread, pixelPerThread_2, root
invalid number: 20173 respective config: API, CUDA, TextureMemory, Array2D, Blocksize, bs_32x16, padding, padding_352, pixelPerThread, pixelPerThread_2, root
invalid number: 21106 respective config: API, CUDA, TextureMemory, Array2D, Blocksize, bs_32x4, padding, padding_192, pixelPerThread, pixelPerThread_3, root
invalid number: 21270 respective config: API, CUDA, TextureMemory, Array2D, Blocksize, bs_64x8, padding, padding_416, pixelPerThread, pixelPerThread_3, root
invalid number: 20791 respective config: API, CUDA, TextureMemory, Array2D, Blocksize, bs_256x4, padding, padding_384, pixelPerThread, pixelPerThread_4, root
invalid number: 10099 respective config: API, OpenCL, TextureMemory, Ldg, LocalMemory, Blocksize, bs_32x8, padding, padding_256, pixelPerThread, pixelPerThread_4, root
invalid number: 4212 respective config: API, OpenCL, TextureMemory, Linear2D, Blocksize, bs_256x1, padding, padding_512, pixelPerThread, pixelPerThread_1, root
invalid number: 471 respective config: API, OpenCL, TextureMemory, Linear1D, Blocksize, bs_64x16, padding, padding_480, pixelPerThread, pixelPerThread_4, root
invalid number: 10628 respective config: API, OpenCL, TextureMemory, Ldg, LocalMemory, Blocksize, bs_128x4, padding, padding_160, pixelPerThread, pixelPerThread_1, root
invalid number: 2975 respective config: API, OpenCL, TextureMemory, Linear2D, Blocksize, bs_32x8, padding, padding_384, pixelPerThread, pixelPerThread_4, root
invalid number: 20127 respective config: API, CUDA, TextureMemory, Array2D, Blocksize, bs_32x8, padding, padding_512, pixelPerThread, pixelPerThread_4, root
invalid number: 11107 respective config: API, OpenCL, TextureMemory, Ldg, LocalMemory, Blocksize, bs_32x4, padding, padding_160, pixelPerThread, pixelPerThread_4, root
invalid number: 934 respective config: API, OpenCL, TextureMemory, Linear1D, Blocksize, bs_512x2, padding, padding_384, pixelPerThread, pixelPerThread_3, root
invalid number: 3235 respective config: API, OpenCL, TextureMemory, Linear2D, Blocksize, bs_64x4, padding, padding_288, pixelPerThread, pixelPerThread_4, root
invalid number: 9544 respective config: API, OpenCL, TextureMemory, Ldg, Blocksize, bs_1024x1, padding, padding_192, pixelPerThread, pixelPerThread_1, root
invalid number: 7535 respective config: API, OpenCL, TextureMemory, Array2D, LocalMemory, Blocksize, bs_64x4, padding, padding_416, pixelPerThread, pixelPerThread_4, root
invalid number: 8428 respective config: API, OpenCL, TextureMemory, Array2D, LocalMemory, Blocksize, bs_64x8, padding, padding_512, pixelPerThread, pixelPerThread_1, root
invalid number: 9475 respective config: API, OpenCL, TextureMemory, Ldg, Blocksize, bs_512x2, padding, padding_160, pixelPerThread, pixelPerThread_4, root
invalid number: 8414 respective config: API, OpenCL, TextureMemory, Array2D, LocalMemory, Blocksize, bs_64x8, padding, padding_384, pixelPerThread, pixelPerThread_3, root
invalid number: 28071 respective config: API, CUDA, LocalMemory, Blocksize, bs_512x2, padding, padding_416, pixelPerThread, pixelPerThread_4, root
invalid number: 13851 respective config: API, OpenCL, LocalMemory, Blocksize, bs_1024x1, padding, padding_352, pixelPerThread, pixelPerThread_4, root
invalid number: 6646 respective config: API, OpenCL, TextureMemory, Array2D, Blocksize, bs_512x2, padding, padding_384, pixelPerThread, pixelPerThread_3, root
invalid number: 5853 respective config: API, OpenCL, TextureMemory, Array2D, Blocksize, bs_32x16, padding, padding_32, pixelPerThread, pixelPerThread_2, root
invalid number: 9949 respective config: API, OpenCL, TextureMemory, Ldg, Blocksize, bs_256x2, padding, padding_160, pixelPerThread, pixelPerThread_2, root
invalid number: 8390 respective config: API, OpenCL, TextureMemory, Array2D, LocalMemory, Blocksize, bs_64x8, padding, padding_192, pixelPerThread, pixelPerThread_3, root
invalid number: 1424 respective config: API, OpenCL, TextureMemory, Linear1D, Blocksize, bs_256x2, padding, padding_512, pixelPerThread, pixelPerThread_1, root
invalid number: 22708 respective config: API, CUDA, TextureMemory, Array2D, LocalMemory, Blocksize, bs_64x8, padding, padding_512, pixelPerThread, pixelPerThread_1, root
invalid number: 8733 respective config: API, OpenCL, TextureMemory, Ldg, Blocksize, bs_32x16, padding, padding_224, pixelPerThread, pixelPerThread_2, root
invalid number: 3163 respective config: API, OpenCL, TextureMemory, Linear2D, Blocksize, bs_64x1, padding, padding_256, pixelPerThread, pixelPerThread_4, root
invalid number: 178 respective config: API, OpenCL, TextureMemory, Linear1D, Blocksize, bs_32x16, padding, padding_320, pixelPerThread, pixelPerThread_3, root
invalid number: 2483 respective config: API, OpenCL, TextureMemory, Linear1D, LocalMemory, Blocksize, bs_32x2, padding, padding_256, pixelPerThread, pixelPerThread_4, root
invalid number: 11016 respective config: API, OpenCL, TextureMemory, Ldg, LocalMemory, Blocksize, bs_32x2, padding, padding_0, pixelPerThread, pixelPerThread_1, root
invalid number: 5099 respective config: API, OpenCL, TextureMemory, Linear2D, LocalMemory, Blocksize, bs_256x4, padding, padding_512, pixelPerThread, pixelPerThread_4, root
invalid number: 7632 respective config: API, OpenCL, TextureMemory, Array2D, LocalMemory, Blocksize, bs_128x1, padding, padding_128, pixelPerThread, pixelPerThread_1, root
invalid number: 157 respective config: API, OpenCL, TextureMemory, Linear1D, Blocksize, bs_32x16, padding, padding_160, pixelPerThread, pixelPerThread_2, root
invalid number: 4184 respective config: API, OpenCL, TextureMemory, Linear2D, Blocksize, bs_256x1, padding, padding_288, pixelPerThread, pixelPerThread_1, root
invalid number: 21613 respective config: API, CUDA, TextureMemory, Array2D, LocalMemory, Blocksize, bs_32x16, padding, padding_448, pixelPerThread, pixelPerThread_2, root
invalid number: 7672 respective config: API, OpenCL, TextureMemory, Array2D, LocalMemory, Blocksize, bs_128x1, padding, padding_448, pixelPerThread, pixelPerThread_1, root
invalid number: 20409 respective config: API, CUDA, TextureMemory, Array2D, Blocksize, bs_64x16, padding, padding_64, pixelPerThread, pixelPerThread_2, root
invalid number: 8858 respective config: API, OpenCL, TextureMemory, Ldg, Blocksize, bs_64x1, padding, padding_128, pixelPerThread, pixelPerThread_3, root
invalid number: 3666 respective config: API, OpenCL, TextureMemory, Linear2D, Blocksize, bs_256x4, padding, padding_480, pixelPerThread, pixelPerThread_3, root
invalid number: 9913 respective config: API, OpenCL, TextureMemory, Ldg, Blocksize, bs_256x1, padding, padding_416, pixelPerThread, pixelPerThread_2, root
invalid number: 4701 respective config: API, OpenCL, TextureMemory, Linear2D, LocalMemory, Blocksize, bs_64x16, padding, padding_64, pixelPerThread, pixelPerThread_2, root
invalid number: 9840 respective config: API, OpenCL, TextureMemory, Ldg, Blocksize, bs_64x8, padding, padding_384, pixelPerThread, pixelPerThread_1, root
invalid number: 6811 respective config: API, OpenCL, TextureMemory, Array2D, Blocksize, bs_32x4, padding, padding_64, pixelPerThread, pixelPerThread_4, root
invalid number: 19474 respective config: API, CUDA, TextureMemory, Linear2D, LocalMemory, Blocksize, bs_512x2, padding, padding_192, pixelPerThread, pixelPerThread_3, root
invalid number: 20585 respective config: API, CUDA, TextureMemory, Array2D, Blocksize, bs_128x2, padding, padding_384, pixelPerThread, pixelPerThread_2, root
invalid number: 4571 respective config: API, OpenCL, TextureMemory, Linear2D, LocalMemory, Blocksize, bs_64x1, padding, padding_96, pixelPerThread, pixelPerThread_4, root
invalid number: 22700 respective config: API, CUDA, TextureMemory, Array2D, LocalMemory, Blocksize, bs_64x8, padding, padding_448, pixelPerThread, pixelPerThread_1, root
ConfigurationSampling done in 1338 ms
28560
LocalMemory ::= (ε, 1) | (LocalMemory, 1) Symbolkind: TERMINAL
root ::= (API, 2)   (TextureMemory, 5)   (LocalMemory, 2)   (Blocksize, 21)   (padding, 17)   (pixelPerThread, 4) Symbolkind: NONTERMINAL
API ::= (OpenCL, 1) | (CUDA, 1) Symbolkind: TERMINAL
TextureMemoryInvis ::= (ε, 1) Symbolkind: TERMINAL
TextureMemory ::= (Linear1D, 1) | (Linear2D, 1) | (Array2D, 1) | (Ldg, 1) | (TextureMemoryInvis, 1) Symbolkind: TERMINAL
Blocksize ::= (bs_32x1, 1) | (bs_32x8, 1) | (bs_32x16, 1) | (bs_32x32, 1) | (bs_64x1, 1) | (bs_64x4, 1) | (bs_64x16, 1) | (bs_128x1, 1) | (bs_128x2, 1) | (bs_128x4, 1) | (bs_128x8, 1) | (bs_256x4, 1) | (bs_512x1, 1) | (bs_512x2, 1) | (bs_1024x1, 1) | (bs_32x2, 1) | (bs_32x4, 1) | (bs_64x2, 1) | (bs_64x8, 1) | (bs_256x1, 1) | (bs_256x2, 1) Symbolkind: TERMINAL
padding ::= (padding_0, 1) | (padding_32, 1) | (padding_64, 1) | (padding_96, 1) | (padding_128, 1) | (padding_160, 1) | (padding_192, 1) | (padding_224, 1) | (padding_256, 1) | (padding_288, 1) | (padding_320, 1) | (padding_352, 1) | (padding_384, 1) | (padding_416, 1) | (padding_448, 1) | (padding_480, 1) | (padding_512, 1) Symbolkind: TERMINAL
pixelPerThread ::= (pixelPerThread_1, 1) | (pixelPerThread_2, 1) | (pixelPerThread_3, 1) | (pixelPerThread_4, 1) Symbolkind: TERMINAL

command: clean-sampling
command: clean-global
command: script ./learn_grammarBased_t2.a
command: log ./out_grammarBased_t2.log
