Current machine learning settings: epsilon:0 lossFunction:RELATIVE parallelization:True bagging:False baggingNumbers:3 considerEpsilonTube:False baggingTestDataFraction:50 useBackward:False abortError:1 limitFeatureSize:False featureSizeTreshold:4 quadraticFunctionSupport:True crossValidation:False crossValidation-k:5 learn-logFunction:False learn-accumulatedLogFunction:False learn-asymFunction:False learn-ratioFunction:False learn-mirrowedFunction:False learn-numeric-disabled:True numberOfRounds:70 backwardErrorDelta:1 minImprovementPerRound:0.1 withHierarchy:False bruteForceCandidates:False ignoreBadFeatures:False stopOnLongRound:True candidateSizePenalty:True learnTimeLimit:00:00:00 scoreMeasure:RELERROR outputRoundsToStdout:False debug:False pythonInfluenceAnalysis:False blacklisted: 
command: solver z3
command: vm /scratch/kallistos/Distance-Based_Data/SupplementaryWebsite/MeasuredPerformanceValues/LLVM/FeatureModel.xml
Warning: Variability model contains outdated notation. Children nodes will no longer have effect on the model. Instead use the parent node to describe the parent of an configuration option. You can also use the converter providedby the Variability Model GUI in export>convert legacy model.
command: all /scratch/kallistos/Distance-Based_Data/SupplementaryWebsite/MeasuredPerformanceValues/LLVM/measurements.xml
Configs with too large deviation: 0
1024 configurations loaded.
command: nfp Performance
command: setsampleset /scratch/kallistos/Distance-Based_Data/Results/LLVM/LLVM_23/sampledConfigurations_divDistBased_t1.csv
command: learn-splconqueror-opt abortError=[1] minImprovementPerRound=[0.1,0.2,0.5] lossFunction=[RELATIVE] quadraticFunctionSupport=[True,False] learn_logFunction=[True,False] learn_asymFunction=[True,False] learn_ratioFunction=[True,False] withHierarchy=[False] useBackward=[False]
Learning: NumberOfConfigurationsLearning:11 NumberOfConfigurationsValidation:11
Learning progress:
1;237.127333333333 * time_passes + 7.22377777777793 * print_used_types;1.6263391212202;1.6263391212202;1.6263391212202;1.6263391212202;0.056459;2;7.22377777777793 * print_used_types;1;1.428122726092;
2;234.68 * time_passes + 6.61194444444451 * print_used_types + 3.05916666666659 * instcombine;1.62633912122019;1.62633912122019;1.62633912122019;1.62633912122019;0.062406;3;3.05916666666659 * instcombine;1;1.86517468137026E-14;
Elapsed=00:00:00.0642767
Learning progress:
1;234.68 * time_passes + 10.4529166666665 * jump_threading;3.80472464340176;3.80472464340176;3.80472464340176;3.80472464340176;0.001483;2;10.4529166666665 * jump_threading;1;2.3795928123719;
2;234.68 * time_passes + 8.90416666666655 * jump_threading + 3.09750000000004 * ipsccp;3.48642293757176;3.48642293757176;3.48642293757176;3.48642293757176;0.00492;3;3.09750000000004 * ipsccp;1;0.318301705829994;
3;234.68 * time_passes + 9.65791666666714 * jump_threading + 3.0975000000001 * ipsccp + -1.00500000000075 * inline;3.43478561483417;3.43478561483417;3.43478561483417;3.43478561483417;0.011176;4;-1.00500000000075 * inline;1;0.0516373227375961;
Elapsed=00:00:00.0112971
Learning progress:
1;235.567777777778 * time_passes + 9.9366666666667 * sccp;0.445255771845777;0.445255771845777;0.445255771845777;0.445255771845777;0.001109;2;9.9366666666667 * sccp;1;2.9150528054298;
Elapsed=00:00:00.0012096
Learning progress:
1;238.848095238095 * time_passes + 8.26023809523782 * ipsccp;0.371500416813199;0.371500416813199;0.371500416813199;0.371500416813199;0.001201;2;8.26023809523782 * ipsccp;1;2.66353763932995;
Elapsed=00:00:00.0012884
Learning progress:
1;234.68 * time_passes + 7.77708333333318 * instcombine;0.669811431215372;0.669811431215372;0.669811431215372;0.669811431215372;0.001192;2;7.77708333333318 * instcombine;1;3.81542098520526;
Elapsed=00:00:00.0012821
Learning progress:
1;237.127333333333 * time_passes + 7.22377777777793 * print_used_types;1.6263391212202;1.6263391212202;1.6263391212202;1.6263391212202;0.001375;2;7.22377777777793 * print_used_types;1;1.428122726092;
2;234.68 * time_passes + 6.61194444444451 * print_used_types + 3.05916666666659 * instcombine;1.62633912122019;1.62633912122019;1.62633912122019;1.62633912122019;0.004934;3;3.05916666666659 * instcombine;1;1.86517468137026E-14;
Elapsed=00:00:00.0051155
Learning progress:
1;234.68 * time_passes + 10.4529166666665 * jump_threading;3.80472464340176;3.80472464340176;3.80472464340176;3.80472464340176;0.001393;2;10.4529166666665 * jump_threading;1;2.3795928123719;
2;234.68 * time_passes + 8.90416666666655 * jump_threading + 3.09750000000004 * ipsccp;3.48642293757176;3.48642293757176;3.48642293757176;3.48642293757176;0.005677;3;3.09750000000004 * ipsccp;1;0.318301705829994;
3;234.68 * time_passes + 9.65791666666714 * jump_threading + 3.0975000000001 * ipsccp + -1.00500000000075 * inline;3.43478561483417;3.43478561483417;3.43478561483417;3.43478561483417;0.011661;4;-1.00500000000075 * inline;1;0.0516373227375961;
Elapsed=00:00:00.0117884
Learning progress:
1;235.567777777778 * time_passes + 9.9366666666667 * sccp;0.445255771845777;0.445255771845777;0.445255771845777;0.445255771845777;0.001074;2;9.9366666666667 * sccp;1;2.9150528054298;
Elapsed=00:00:00.0011593
Learning progress:
1;238.848095238095 * time_passes + 8.26023809523782 * ipsccp;0.371500416813199;0.371500416813199;0.371500416813199;0.371500416813199;0.00159;2;8.26023809523782 * ipsccp;1;2.66353763932995;
Elapsed=00:00:00.0016816
Learning progress:
1;234.68 * time_passes + 7.77708333333318 * instcombine;0.669811431215372;0.669811431215372;0.669811431215372;0.669811431215372;0.001327;2;7.77708333333318 * instcombine;1;3.81542098520526;
Elapsed=00:00:00.0014215
Learning progress:
1;237.127333333333 * time_passes + 7.22377777777793 * print_used_types;1.6263391212202;1.6263391212202;1.6263391212202;1.6263391212202;0.002163;2;7.22377777777793 * print_used_types;1;1.428122726092;
2;234.68 * time_passes + 6.61194444444451 * print_used_types + 3.05916666666659 * instcombine;1.62633912122019;1.62633912122019;1.62633912122019;1.62633912122019;0.005981;3;3.05916666666659 * instcombine;1;1.86517468137026E-14;
Elapsed=00:00:00.0061067
Learning progress:
1;234.68 * time_passes + 10.4529166666665 * jump_threading;3.80472464340176;3.80472464340176;3.80472464340176;3.80472464340176;0.001158;2;10.4529166666665 * jump_threading;1;2.3795928123719;
2;234.68 * time_passes + 8.90416666666655 * jump_threading + 3.09750000000004 * ipsccp;3.48642293757176;3.48642293757176;3.48642293757176;3.48642293757176;0.004441;3;3.09750000000004 * ipsccp;1;0.318301705829994;
Elapsed=00:00:00.0045334
Learning progress:
1;235.567777777778 * time_passes + 9.9366666666667 * sccp;0.445255771845777;0.445255771845777;0.445255771845777;0.445255771845777;0.001375;2;9.9366666666667 * sccp;1;2.9150528054298;
Elapsed=00:00:00.0014604
Learning progress:
1;238.848095238095 * time_passes + 8.26023809523782 * ipsccp;0.371500416813199;0.371500416813199;0.371500416813199;0.371500416813199;0.001218;2;8.26023809523782 * ipsccp;1;2.66353763932995;
Elapsed=00:00:00.0013080
Learning progress:
1;234.68 * time_passes + 7.77708333333318 * instcombine;0.669811431215372;0.669811431215372;0.669811431215372;0.669811431215372;0.001222;2;7.77708333333318 * instcombine;1;3.81542098520526;
Elapsed=00:00:00.0013250
Learning progress:
1;237.127333333333 * time_passes + 7.22377777777793 * print_used_types;1.6263391212202;1.6263391212202;1.6263391212202;1.6263391212202;0.001311;2;7.22377777777793 * print_used_types;1;1.428122726092;
2;234.68 * time_passes + 6.61194444444451 * print_used_types + 3.05916666666659 * instcombine;1.62633912122019;1.62633912122019;1.62633912122019;1.62633912122019;0.004994;3;3.05916666666659 * instcombine;1;1.86517468137026E-14;
Elapsed=00:00:00.0051162
Learning progress:
1;234.68 * time_passes + 10.4529166666665 * jump_threading;3.80472464340176;3.80472464340176;3.80472464340176;3.80472464340176;0.001125;2;10.4529166666665 * jump_threading;1;2.3795928123719;
2;234.68 * time_passes + 8.90416666666655 * jump_threading + 3.09750000000004 * ipsccp;3.48642293757176;3.48642293757176;3.48642293757176;3.48642293757176;0.004413;3;3.09750000000004 * ipsccp;1;0.318301705829994;
3;234.68 * time_passes + 9.65791666666714 * jump_threading + 3.0975000000001 * ipsccp + -1.00500000000075 * inline;3.43478561483417;3.43478561483417;3.43478561483417;3.43478561483417;0.011114;4;-1.00500000000075 * inline;1;0.0516373227375961;
Elapsed=00:00:00.0112597
Learning progress:
1;235.567777777778 * time_passes + 9.9366666666667 * sccp;0.445255771845777;0.445255771845777;0.445255771845777;0.445255771845777;0.001507;2;9.9366666666667 * sccp;1;2.9150528054298;
Elapsed=00:00:00.0015948
Learning progress:
1;238.848095238095 * time_passes + 8.26023809523782 * ipsccp;0.371500416813199;0.371500416813199;0.371500416813199;0.371500416813199;0.001159;2;8.26023809523782 * ipsccp;1;2.66353763932995;
Elapsed=00:00:00.0012478
Learning progress:
1;234.68 * time_passes + 7.77708333333318 * instcombine;0.669811431215372;0.669811431215372;0.669811431215372;0.669811431215372;0.001245;2;7.77708333333318 * instcombine;1;3.81542098520526;
Elapsed=00:00:00.0013346
Learning progress:
1;237.127333333333 * time_passes + 7.22377777777793 * print_used_types;1.6263391212202;1.6263391212202;1.6263391212202;1.6263391212202;0.001339;2;7.22377777777793 * print_used_types;1;1.428122726092;
2;234.68 * time_passes + 6.61194444444451 * print_used_types + 3.05916666666659 * instcombine;1.62633912122019;1.62633912122019;1.62633912122019;1.62633912122019;0.00518;3;3.05916666666659 * instcombine;1;1.86517468137026E-14;
Elapsed=00:00:00.0053044
Learning progress:
1;234.68 * time_passes + 10.4529166666665 * jump_threading;3.80472464340176;3.80472464340176;3.80472464340176;3.80472464340176;0.001083;2;10.4529166666665 * jump_threading;1;2.3795928123719;
2;234.68 * time_passes + 8.90416666666655 * jump_threading + 3.09750000000004 * ipsccp;3.48642293757176;3.48642293757176;3.48642293757176;3.48642293757176;0.004468;3;3.09750000000004 * ipsccp;1;0.318301705829994;
3;234.68 * time_passes + 9.65791666666714 * jump_threading + 3.0975000000001 * ipsccp + -1.00500000000075 * inline;3.43478561483417;3.43478561483417;3.43478561483417;3.43478561483417;0.010374;4;-1.00500000000075 * inline;1;0.0516373227375961;
Elapsed=00:00:00.0104921
Learning progress:
1;235.567777777778 * time_passes + 9.9366666666667 * sccp;0.445255771845777;0.445255771845777;0.445255771845777;0.445255771845777;0.001082;2;9.9366666666667 * sccp;1;2.9150528054298;
Elapsed=00:00:00.0011699
Learning progress:
1;238.848095238095 * time_passes + 8.26023809523782 * ipsccp;0.371500416813199;0.371500416813199;0.371500416813199;0.371500416813199;0.001492;2;8.26023809523782 * ipsccp;1;2.66353763932995;
Elapsed=00:00:00.0015802
Learning progress:
1;234.68 * time_passes + 7.77708333333318 * instcombine;0.669811431215372;0.669811431215372;0.669811431215372;0.669811431215372;0.001196;2;7.77708333333318 * instcombine;1;3.81542098520526;
Elapsed=00:00:00.0012907
Learning progress:
1;237.127333333333 * time_passes + 7.22377777777793 * print_used_types;1.6263391212202;1.6263391212202;1.6263391212202;1.6263391212202;0.001386;2;7.22377777777793 * print_used_types;1;1.428122726092;
2;234.68 * time_passes + 6.61194444444451 * print_used_types + 3.05916666666659 * instcombine;1.62633912122019;1.62633912122019;1.62633912122019;1.62633912122019;0.005065;3;3.05916666666659 * instcombine;1;1.86517468137026E-14;
Elapsed=00:00:00.0051919
Learning progress:
1;234.68 * time_passes + 10.4529166666665 * jump_threading;3.80472464340176;3.80472464340176;3.80472464340176;3.80472464340176;0.001387;2;10.4529166666665 * jump_threading;1;2.3795928123719;
2;234.68 * time_passes + 8.90416666666655 * jump_threading + 3.09750000000004 * ipsccp;3.48642293757176;3.48642293757176;3.48642293757176;3.48642293757176;0.004897;3;3.09750000000004 * ipsccp;1;0.318301705829994;
Elapsed=00:00:00.0049932
Learning progress:
1;235.567777777778 * time_passes + 9.9366666666667 * sccp;0.445255771845777;0.445255771845777;0.445255771845777;0.445255771845777;0.002071;2;9.9366666666667 * sccp;1;2.9150528054298;
Elapsed=00:00:00.0021621
Learning progress:
1;238.848095238095 * time_passes + 8.26023809523782 * ipsccp;0.371500416813199;0.371500416813199;0.371500416813199;0.371500416813199;0.001344;2;8.26023809523782 * ipsccp;1;2.66353763932995;
Elapsed=00:00:00.0014443
Learning progress:
1;234.68 * time_passes + 7.77708333333318 * instcombine;0.669811431215372;0.669811431215372;0.669811431215372;0.669811431215372;0.001528;2;7.77708333333318 * instcombine;1;3.81542098520526;
Elapsed=00:00:00.0016229
Learning progress:
1;237.127333333333 * time_passes + 7.22377777777793 * print_used_types;1.6263391212202;1.6263391212202;1.6263391212202;1.6263391212202;0.001364;2;7.22377777777793 * print_used_types;1;1.428122726092;
2;234.68 * time_passes + 6.61194444444451 * print_used_types + 3.05916666666659 * instcombine;1.62633912122019;1.62633912122019;1.62633912122019;1.62633912122019;0.004909;3;3.05916666666659 * instcombine;1;1.86517468137026E-14;
Elapsed=00:00:00.0050338
Learning progress:
1;234.68 * time_passes + 10.4529166666665 * jump_threading;3.80472464340176;3.80472464340176;3.80472464340176;3.80472464340176;0.001063;2;10.4529166666665 * jump_threading;1;2.3795928123719;
2;234.68 * time_passes + 8.90416666666655 * jump_threading + 3.09750000000004 * ipsccp;3.48642293757176;3.48642293757176;3.48642293757176;3.48642293757176;0.005293;3;3.09750000000004 * ipsccp;1;0.318301705829994;
3;234.68 * time_passes + 9.65791666666714 * jump_threading + 3.0975000000001 * ipsccp + -1.00500000000075 * inline;3.43478561483417;3.43478561483417;3.43478561483417;3.43478561483417;0.011094;4;-1.00500000000075 * inline;1;0.0516373227375961;
Elapsed=00:00:00.0112036
Learning progress:
1;235.567777777778 * time_passes + 9.9366666666667 * sccp;0.445255771845777;0.445255771845777;0.445255771845777;0.445255771845777;0.001027;2;9.9366666666667 * sccp;1;2.9150528054298;
Elapsed=00:00:00.0011140
Learning progress:
1;238.848095238095 * time_passes + 8.26023809523782 * ipsccp;0.371500416813199;0.371500416813199;0.371500416813199;0.371500416813199;0.001358;2;8.26023809523782 * ipsccp;1;2.66353763932995;
Elapsed=00:00:00.0014482
Learning progress:
1;234.68 * time_passes + 7.77708333333318 * instcombine;0.669811431215372;0.669811431215372;0.669811431215372;0.669811431215372;0.001337;2;7.77708333333318 * instcombine;1;3.81542098520526;
Elapsed=00:00:00.0014309
Learning progress:
1;237.127333333333 * time_passes + 7.22377777777793 * print_used_types;1.6263391212202;1.6263391212202;1.6263391212202;1.6263391212202;0.001234;2;7.22377777777793 * print_used_types;1;1.428122726092;
2;234.68 * time_passes + 6.61194444444451 * print_used_types + 3.05916666666659 * instcombine;1.62633912122019;1.62633912122019;1.62633912122019;1.62633912122019;0.005505;3;3.05916666666659 * instcombine;1;1.86517468137026E-14;
Elapsed=00:00:00.0056454
Learning progress:
1;234.68 * time_passes + 10.4529166666665 * jump_threading;3.80472464340176;3.80472464340176;3.80472464340176;3.80472464340176;0.001091;2;10.4529166666665 * jump_threading;1;2.3795928123719;
2;234.68 * time_passes + 8.90416666666655 * jump_threading + 3.09750000000004 * ipsccp;3.48642293757176;3.48642293757176;3.48642293757176;3.48642293757176;0.004416;3;3.09750000000004 * ipsccp;1;0.318301705829994;
3;234.68 * time_passes + 9.65791666666714 * jump_threading + 3.0975000000001 * ipsccp + -1.00500000000075 * inline;3.43478561483417;3.43478561483417;3.43478561483417;3.43478561483417;0.010257;4;-1.00500000000075 * inline;1;0.0516373227375961;
Elapsed=00:00:00.0103755
Learning progress:
1;235.567777777778 * time_passes + 9.9366666666667 * sccp;0.445255771845777;0.445255771845777;0.445255771845777;0.445255771845777;0.002109;2;9.9366666666667 * sccp;1;2.9150528054298;
Elapsed=00:00:00.0021968
Learning progress:
1;238.848095238095 * time_passes + 8.26023809523782 * ipsccp;0.371500416813199;0.371500416813199;0.371500416813199;0.371500416813199;0.001436;2;8.26023809523782 * ipsccp;1;2.66353763932995;
Elapsed=00:00:00.0015266
Learning progress:
1;234.68 * time_passes + 7.77708333333318 * instcombine;0.669811431215372;0.669811431215372;0.669811431215372;0.669811431215372;0.001354;2;7.77708333333318 * instcombine;1;3.81542098520526;
Elapsed=00:00:00.0014467
Learning progress:
1;237.127333333333 * time_passes + 7.22377777777793 * print_used_types;1.6263391212202;1.6263391212202;1.6263391212202;1.6263391212202;0.00119;2;7.22377777777793 * print_used_types;1;1.428122726092;
2;234.68 * time_passes + 6.61194444444451 * print_used_types + 3.05916666666659 * instcombine;1.62633912122019;1.62633912122019;1.62633912122019;1.62633912122019;0.004816;3;3.05916666666659 * instcombine;1;1.86517468137026E-14;
Elapsed=00:00:00.0049400
Learning progress:
1;234.68 * time_passes + 10.4529166666665 * jump_threading;3.80472464340176;3.80472464340176;3.80472464340176;3.80472464340176;0.001312;2;10.4529166666665 * jump_threading;1;2.3795928123719;
2;234.68 * time_passes + 8.90416666666655 * jump_threading + 3.09750000000004 * ipsccp;3.48642293757176;3.48642293757176;3.48642293757176;3.48642293757176;0.005658;3;3.09750000000004 * ipsccp;1;0.318301705829994;
Elapsed=00:00:00.0057649
Learning progress:
1;235.567777777778 * time_passes + 9.9366666666667 * sccp;0.445255771845777;0.445255771845777;0.445255771845777;0.445255771845777;0.001276;2;9.9366666666667 * sccp;1;2.9150528054298;
Elapsed=00:00:00.0013625
Learning progress:
1;238.848095238095 * time_passes + 8.26023809523782 * ipsccp;0.371500416813199;0.371500416813199;0.371500416813199;0.371500416813199;0.001395;2;8.26023809523782 * ipsccp;1;2.66353763932995;
Elapsed=00:00:00.0014839
Learning progress:
1;234.68 * time_passes + 7.77708333333318 * instcombine;0.669811431215372;0.669811431215372;0.669811431215372;0.669811431215372;0.001186;2;7.77708333333318 * instcombine;1;3.81542098520526;
Elapsed=00:00:00.0012746
Learning progress:
1;237.127333333333 * time_passes + 7.22377777777793 * print_used_types;1.6263391212202;1.6263391212202;1.6263391212202;1.6263391212202;0.001163;2;7.22377777777793 * print_used_types;1;1.428122726092;
2;234.68 * time_passes + 6.61194444444451 * print_used_types + 3.05916666666659 * instcombine;1.62633912122019;1.62633912122019;1.62633912122019;1.62633912122019;0.004729;3;3.05916666666659 * instcombine;1;1.86517468137026E-14;
Elapsed=00:00:00.0048503
Learning progress:
1;234.68 * time_passes + 10.4529166666665 * jump_threading;3.80472464340176;3.80472464340176;3.80472464340176;3.80472464340176;0.001885;2;10.4529166666665 * jump_threading;1;2.3795928123719;
2;234.68 * time_passes + 8.90416666666655 * jump_threading + 3.09750000000004 * ipsccp;3.48642293757176;3.48642293757176;3.48642293757176;3.48642293757176;0.005147;3;3.09750000000004 * ipsccp;1;0.318301705829994;
3;234.68 * time_passes + 9.65791666666714 * jump_threading + 3.0975000000001 * ipsccp + -1.00500000000075 * inline;3.43478561483417;3.43478561483417;3.43478561483417;3.43478561483417;0.011057;4;-1.00500000000075 * inline;1;0.0516373227375961;
Elapsed=00:00:00.0111718
Learning progress:
1;235.567777777778 * time_passes + 9.9366666666667 * sccp;0.445255771845777;0.445255771845777;0.445255771845777;0.445255771845777;0.001059;2;9.9366666666667 * sccp;1;2.9150528054298;
Elapsed=00:00:00.0011424
Learning progress:
1;238.848095238095 * time_passes + 8.26023809523782 * ipsccp;0.371500416813199;0.371500416813199;0.371500416813199;0.371500416813199;0.001391;2;8.26023809523782 * ipsccp;1;2.66353763932995;
Elapsed=00:00:00.0014820
Learning progress:
1;234.68 * time_passes + 7.77708333333318 * instcombine;0.669811431215372;0.669811431215372;0.669811431215372;0.669811431215372;0.002053;2;7.77708333333318 * instcombine;1;3.81542098520526;
Elapsed=00:00:00.0021489
Learning progress:
1;237.127333333333 * time_passes + 7.22377777777793 * print_used_types;1.6263391212202;1.6263391212202;1.6263391212202;1.6263391212202;0.001316;2;7.22377777777793 * print_used_types;1;1.428122726092;
2;234.68 * time_passes + 6.61194444444451 * print_used_types + 3.05916666666659 * instcombine;1.62633912122019;1.62633912122019;1.62633912122019;1.62633912122019;0.004891;3;3.05916666666659 * instcombine;1;1.86517468137026E-14;
Elapsed=00:00:00.0050148
Learning progress:
1;234.68 * time_passes + 10.4529166666665 * jump_threading;3.80472464340176;3.80472464340176;3.80472464340176;3.80472464340176;0.001097;2;10.4529166666665 * jump_threading;1;2.3795928123719;
2;234.68 * time_passes + 8.90416666666655 * jump_threading + 3.09750000000004 * ipsccp;3.48642293757176;3.48642293757176;3.48642293757176;3.48642293757176;0.00472;3;3.09750000000004 * ipsccp;1;0.318301705829994;
3;234.68 * time_passes + 9.65791666666714 * jump_threading + 3.0975000000001 * ipsccp + -1.00500000000075 * inline;3.43478561483417;3.43478561483417;3.43478561483417;3.43478561483417;0.011361;4;-1.00500000000075 * inline;1;0.0516373227375961;
Elapsed=00:00:00.0114802
Learning progress:
1;235.567777777778 * time_passes + 9.9366666666667 * sccp;0.445255771845777;0.445255771845777;0.445255771845777;0.445255771845777;0.00137;2;9.9366666666667 * sccp;1;2.9150528054298;
Elapsed=00:00:00.0014597
Learning progress:
1;238.848095238095 * time_passes + 8.26023809523782 * ipsccp;0.371500416813199;0.371500416813199;0.371500416813199;0.371500416813199;0.001157;2;8.26023809523782 * ipsccp;1;2.66353763932995;
Elapsed=00:00:00.0012457
Learning progress:
1;234.68 * time_passes + 7.77708333333318 * instcombine;0.669811431215372;0.669811431215372;0.669811431215372;0.669811431215372;0.001297;2;7.77708333333318 * instcombine;1;3.81542098520526;
Elapsed=00:00:00.0013928
Learning progress:
1;237.127333333333 * time_passes + 7.22377777777793 * print_used_types;1.6263391212202;1.6263391212202;1.6263391212202;1.6263391212202;0.001341;2;7.22377777777793 * print_used_types;1;1.428122726092;
2;234.68 * time_passes + 6.61194444444451 * print_used_types + 3.05916666666659 * instcombine;1.62633912122019;1.62633912122019;1.62633912122019;1.62633912122019;0.00494;3;3.05916666666659 * instcombine;1;1.86517468137026E-14;
Elapsed=00:00:00.0050894
Learning progress:
1;234.68 * time_passes + 10.4529166666665 * jump_threading;3.80472464340176;3.80472464340176;3.80472464340176;3.80472464340176;0.001086;2;10.4529166666665 * jump_threading;1;2.3795928123719;
2;234.68 * time_passes + 8.90416666666655 * jump_threading + 3.09750000000004 * ipsccp;3.48642293757176;3.48642293757176;3.48642293757176;3.48642293757176;0.004432;3;3.09750000000004 * ipsccp;1;0.318301705829994;
Elapsed=00:00:00.0045330
Learning progress:
1;235.567777777778 * time_passes + 9.9366666666667 * sccp;0.445255771845777;0.445255771845777;0.445255771845777;0.445255771845777;0.001274;2;9.9366666666667 * sccp;1;2.9150528054298;
Elapsed=00:00:00.0013640
Learning progress:
1;238.848095238095 * time_passes + 8.26023809523782 * ipsccp;0.371500416813199;0.371500416813199;0.371500416813199;0.371500416813199;0.001163;2;8.26023809523782 * ipsccp;1;2.66353763932995;
Elapsed=00:00:00.0012531
Learning progress:
1;234.68 * time_passes + 7.77708333333318 * instcombine;0.669811431215372;0.669811431215372;0.669811431215372;0.669811431215372;0.00121;2;7.77708333333318 * instcombine;1;3.81542098520526;
Elapsed=00:00:00.0013022
Learning progress:
1;237.127333333333 * time_passes + 7.22377777777793 * print_used_types;1.6263391212202;1.6263391212202;1.6263391212202;1.6263391212202;0.001217;2;7.22377777777793 * print_used_types;1;1.428122726092;
2;234.68 * time_passes + 6.61194444444451 * print_used_types + 3.05916666666659 * instcombine;1.62633912122019;1.62633912122019;1.62633912122019;1.62633912122019;0.005874;3;3.05916666666659 * instcombine;1;1.86517468137026E-14;
Elapsed=00:00:00.0060020
Learning progress:
1;234.68 * time_passes + 10.4529166666665 * jump_threading;3.80472464340176;3.80472464340176;3.80472464340176;3.80472464340176;0.001333;2;10.4529166666665 * jump_threading;1;2.3795928123719;
2;234.68 * time_passes + 8.90416666666655 * jump_threading + 3.09750000000004 * ipsccp;3.48642293757176;3.48642293757176;3.48642293757176;3.48642293757176;0.004658;3;3.09750000000004 * ipsccp;1;0.318301705829994;
3;234.68 * time_passes + 9.65791666666714 * jump_threading + 3.0975000000001 * ipsccp + -1.00500000000075 * inline;3.43478561483417;3.43478561483417;3.43478561483417;3.43478561483417;0.010409;4;-1.00500000000075 * inline;1;0.0516373227375961;
Elapsed=00:00:00.0105337
Learning progress:
1;235.567777777778 * time_passes + 9.9366666666667 * sccp;0.445255771845777;0.445255771845777;0.445255771845777;0.445255771845777;0.001072;2;9.9366666666667 * sccp;1;2.9150528054298;
Elapsed=00:00:00.0011711
Learning progress:
1;238.848095238095 * time_passes + 8.26023809523782 * ipsccp;0.371500416813199;0.371500416813199;0.371500416813199;0.371500416813199;0.001241;2;8.26023809523782 * ipsccp;1;2.66353763932995;
Elapsed=00:00:00.0013418
Learning progress:
1;234.68 * time_passes + 7.77708333333318 * instcombine;0.669811431215372;0.669811431215372;0.669811431215372;0.669811431215372;0.001278;2;7.77708333333318 * instcombine;1;3.81542098520526;
Elapsed=00:00:00.0013695
Learning progress:
1;237.127333333333 * time_passes + 7.22377777777793 * print_used_types;1.6263391212202;1.6263391212202;1.6263391212202;1.6263391212202;0.001271;2;7.22377777777793 * print_used_types;1;1.428122726092;
2;234.68 * time_passes + 6.61194444444451 * print_used_types + 3.05916666666659 * instcombine;1.62633912122019;1.62633912122019;1.62633912122019;1.62633912122019;0.004882;3;3.05916666666659 * instcombine;1;1.86517468137026E-14;
Elapsed=00:00:00.0050287
Learning progress:
1;234.68 * time_passes + 10.4529166666665 * jump_threading;3.80472464340176;3.80472464340176;3.80472464340176;3.80472464340176;0.001081;2;10.4529166666665 * jump_threading;1;2.3795928123719;
2;234.68 * time_passes + 8.90416666666655 * jump_threading + 3.09750000000004 * ipsccp;3.48642293757176;3.48642293757176;3.48642293757176;3.48642293757176;0.004451;3;3.09750000000004 * ipsccp;1;0.318301705829994;
3;234.68 * time_passes + 9.65791666666714 * jump_threading + 3.0975000000001 * ipsccp + -1.00500000000075 * inline;3.43478561483417;3.43478561483417;3.43478561483417;3.43478561483417;0.011084;4;-1.00500000000075 * inline;1;0.0516373227375961;
Elapsed=00:00:00.0112105
Learning progress:
1;235.567777777778 * time_passes + 9.9366666666667 * sccp;0.445255771845777;0.445255771845777;0.445255771845777;0.445255771845777;0.001043;2;9.9366666666667 * sccp;1;2.9150528054298;
Elapsed=00:00:00.0011294
Learning progress:
1;238.848095238095 * time_passes + 8.26023809523782 * ipsccp;0.371500416813199;0.371500416813199;0.371500416813199;0.371500416813199;0.001418;2;8.26023809523782 * ipsccp;1;2.66353763932995;
Elapsed=00:00:00.0015086
Learning progress:
1;234.68 * time_passes + 7.77708333333318 * instcombine;0.669811431215372;0.669811431215372;0.669811431215372;0.669811431215372;0.001186;2;7.77708333333318 * instcombine;1;3.81542098520526;
Elapsed=00:00:00.0012749
Learning progress:
1;237.127333333333 * time_passes + 7.22377777777793 * print_used_types;1.6263391212202;1.6263391212202;1.6263391212202;1.6263391212202;0.001381;2;7.22377777777793 * print_used_types;1;1.428122726092;
2;234.68 * time_passes + 6.61194444444451 * print_used_types + 3.05916666666659 * instcombine;1.62633912122019;1.62633912122019;1.62633912122019;1.62633912122019;0.006065;3;3.05916666666659 * instcombine;1;1.86517468137026E-14;
Elapsed=00:00:00.0062001
Learning progress:
1;234.68 * time_passes + 10.4529166666665 * jump_threading;3.80472464340176;3.80472464340176;3.80472464340176;3.80472464340176;0.001316;2;10.4529166666665 * jump_threading;1;2.3795928123719;
2;234.68 * time_passes + 8.90416666666655 * jump_threading + 3.09750000000004 * ipsccp;3.48642293757176;3.48642293757176;3.48642293757176;3.48642293757176;0.004731;3;3.09750000000004 * ipsccp;1;0.318301705829994;
Elapsed=00:00:00.0048280
Learning progress:
1;235.567777777778 * time_passes + 9.9366666666667 * sccp;0.445255771845777;0.445255771845777;0.445255771845777;0.445255771845777;0.001066;2;9.9366666666667 * sccp;1;2.9150528054298;
Elapsed=00:00:00.0011522
Learning progress:
1;238.848095238095 * time_passes + 8.26023809523782 * ipsccp;0.371500416813199;0.371500416813199;0.371500416813199;0.371500416813199;0.001375;2;8.26023809523782 * ipsccp;1;2.66353763932995;
Elapsed=00:00:00.0014663
Learning progress:
1;234.68 * time_passes + 7.77708333333318 * instcombine;0.669811431215372;0.669811431215372;0.669811431215372;0.669811431215372;0.001193;2;7.77708333333318 * instcombine;1;3.81542098520526;
Elapsed=00:00:00.0012831
Learning progress:
1;237.127333333333 * time_passes + 7.22377777777793 * print_used_types;1.6263391212202;1.6263391212202;1.6263391212202;1.6263391212202;0.001208;2;7.22377777777793 * print_used_types;1;1.428122726092;
2;234.68 * time_passes + 6.61194444444451 * print_used_types + 3.05916666666659 * instcombine;1.62633912122019;1.62633912122019;1.62633912122019;1.62633912122019;0.004893;3;3.05916666666659 * instcombine;1;1.86517468137026E-14;
Elapsed=00:00:00.0050157
Learning progress:
1;234.68 * time_passes + 10.4529166666665 * jump_threading;3.80472464340176;3.80472464340176;3.80472464340176;3.80472464340176;0.001081;2;10.4529166666665 * jump_threading;1;2.3795928123719;
2;234.68 * time_passes + 8.90416666666655 * jump_threading + 3.09750000000004 * ipsccp;3.48642293757176;3.48642293757176;3.48642293757176;3.48642293757176;0.00443;3;3.09750000000004 * ipsccp;1;0.318301705829994;
3;234.68 * time_passes + 9.65791666666714 * jump_threading + 3.0975000000001 * ipsccp + -1.00500000000075 * inline;3.43478561483417;3.43478561483417;3.43478561483417;3.43478561483417;0.010993;4;-1.00500000000075 * inline;1;0.0516373227375961;
Elapsed=00:00:00.0111109
Learning progress:
1;235.567777777778 * time_passes + 9.9366666666667 * sccp;0.445255771845777;0.445255771845777;0.445255771845777;0.445255771845777;0.001365;2;9.9366666666667 * sccp;1;2.9150528054298;
Elapsed=00:00:00.0014506
Learning progress:
1;238.848095238095 * time_passes + 8.26023809523782 * ipsccp;0.371500416813199;0.371500416813199;0.371500416813199;0.371500416813199;0.001203;2;8.26023809523782 * ipsccp;1;2.66353763932995;
Elapsed=00:00:00.0012929
Learning progress:
1;234.68 * time_passes + 7.77708333333318 * instcombine;0.669811431215372;0.669811431215372;0.669811431215372;0.669811431215372;0.001203;2;7.77708333333318 * instcombine;1;3.81542098520526;
Elapsed=00:00:00.0012936
Learning progress:
1;237.127333333333 * time_passes + 7.22377777777793 * print_used_types;1.6263391212202;1.6263391212202;1.6263391212202;1.6263391212202;0.001373;2;7.22377777777793 * print_used_types;1;1.428122726092;
2;234.68 * time_passes + 6.61194444444451 * print_used_types + 3.05916666666659 * instcombine;1.62633912122019;1.62633912122019;1.62633912122019;1.62633912122019;0.004957;3;3.05916666666659 * instcombine;1;1.86517468137026E-14;
Elapsed=00:00:00.0050796
Learning progress:
1;234.68 * time_passes + 10.4529166666665 * jump_threading;3.80472464340176;3.80472464340176;3.80472464340176;3.80472464340176;0.00177;2;10.4529166666665 * jump_threading;1;2.3795928123719;
2;234.68 * time_passes + 8.90416666666655 * jump_threading + 3.09750000000004 * ipsccp;3.48642293757176;3.48642293757176;3.48642293757176;3.48642293757176;0.005333;3;3.09750000000004 * ipsccp;1;0.318301705829994;
3;234.68 * time_passes + 9.65791666666714 * jump_threading + 3.0975000000001 * ipsccp + -1.00500000000075 * inline;3.43478561483417;3.43478561483417;3.43478561483417;3.43478561483417;0.01118;4;-1.00500000000075 * inline;1;0.0516373227375961;
Elapsed=00:00:00.0112973
Learning progress:
1;235.567777777778 * time_passes + 9.9366666666667 * sccp;0.445255771845777;0.445255771845777;0.445255771845777;0.445255771845777;0.001083;2;9.9366666666667 * sccp;1;2.9150528054298;
Elapsed=00:00:00.0011702
Learning progress:
1;238.848095238095 * time_passes + 8.26023809523782 * ipsccp;0.371500416813199;0.371500416813199;0.371500416813199;0.371500416813199;0.001344;2;8.26023809523782 * ipsccp;1;2.66353763932995;
Elapsed=00:00:00.0014346
Learning progress:
1;234.68 * time_passes + 7.77708333333318 * instcombine;0.669811431215372;0.669811431215372;0.669811431215372;0.669811431215372;0.001222;2;7.77708333333318 * instcombine;1;3.81542098520526;
Elapsed=00:00:00.0020058
Learning progress:
1;237.127333333333 * time_passes + 7.22377777777793 * print_used_types;1.6263391212202;1.6263391212202;1.6263391212202;1.6263391212202;0.001339;2;7.22377777777793 * print_used_types;1;1.428122726092;
2;234.68 * time_passes + 6.61194444444451 * print_used_types + 3.05916666666659 * instcombine;1.62633912122019;1.62633912122019;1.62633912122019;1.62633912122019;0.004867;3;3.05916666666659 * instcombine;1;1.86517468137026E-14;
Elapsed=00:00:00.0049889
Learning progress:
1;234.68 * time_passes + 10.4529166666665 * jump_threading;3.80472464340176;3.80472464340176;3.80472464340176;3.80472464340176;0.001079;2;10.4529166666665 * jump_threading;1;2.3795928123719;
2;234.68 * time_passes + 8.90416666666655 * jump_threading + 3.09750000000004 * ipsccp;3.48642293757176;3.48642293757176;3.48642293757176;3.48642293757176;0.00455;3;3.09750000000004 * ipsccp;1;0.318301705829994;
Elapsed=00:00:00.0046450
Learning progress:
1;235.567777777778 * time_passes + 9.9366666666667 * sccp;0.445255771845777;0.445255771845777;0.445255771845777;0.445255771845777;0.001038;2;9.9366666666667 * sccp;1;2.9150528054298;
Elapsed=00:00:00.0011242
Learning progress:
1;238.848095238095 * time_passes + 8.26023809523782 * ipsccp;0.371500416813199;0.371500416813199;0.371500416813199;0.371500416813199;0.002108;2;8.26023809523782 * ipsccp;1;2.66353763932995;
Elapsed=00:00:00.0022011
Learning progress:
1;234.68 * time_passes + 7.77708333333318 * instcombine;0.669811431215372;0.669811431215372;0.669811431215372;0.669811431215372;0.001219;2;7.77708333333318 * instcombine;1;3.81542098520526;
Elapsed=00:00:00.0013085
Learning progress:
1;237.127333333333 * time_passes + 7.22377777777793 * print_used_types;1.6263391212202;1.6263391212202;1.6263391212202;1.6263391212202;0.001206;2;7.22377777777793 * print_used_types;1;1.428122726092;
2;234.68 * time_passes + 6.61194444444451 * print_used_types + 3.05916666666659 * instcombine;1.62633912122019;1.62633912122019;1.62633912122019;1.62633912122019;0.004911;3;3.05916666666659 * instcombine;1;1.86517468137026E-14;
Elapsed=00:00:00.0050385
Learning progress:
1;234.68 * time_passes + 10.4529166666665 * jump_threading;3.80472464340176;3.80472464340176;3.80472464340176;3.80472464340176;0.001084;2;10.4529166666665 * jump_threading;1;2.3795928123719;
2;234.68 * time_passes + 8.90416666666655 * jump_threading + 3.09750000000004 * ipsccp;3.48642293757176;3.48642293757176;3.48642293757176;3.48642293757176;0.004521;3;3.09750000000004 * ipsccp;1;0.318301705829994;
3;234.68 * time_passes + 9.65791666666714 * jump_threading + 3.0975000000001 * ipsccp + -1.00500000000075 * inline;3.43478561483417;3.43478561483417;3.43478561483417;3.43478561483417;0.011271;4;-1.00500000000075 * inline;1;0.0516373227375961;
Elapsed=00:00:00.0114000
Learning progress:
1;235.567777777778 * time_passes + 9.9366666666667 * sccp;0.445255771845777;0.445255771845777;0.445255771845777;0.445255771845777;0.00108;2;9.9366666666667 * sccp;1;2.9150528054298;
Elapsed=00:00:00.0011659
Learning progress:
1;238.848095238095 * time_passes + 8.26023809523782 * ipsccp;0.371500416813199;0.371500416813199;0.371500416813199;0.371500416813199;0.001335;2;8.26023809523782 * ipsccp;1;2.66353763932995;
Elapsed=00:00:00.0014249
Learning progress:
1;234.68 * time_passes + 7.77708333333318 * instcombine;0.669811431215372;0.669811431215372;0.669811431215372;0.669811431215372;0.001184;2;7.77708333333318 * instcombine;1;3.81542098520526;
Elapsed=00:00:00.0012736
Learning progress:
1;237.127333333333 * time_passes + 7.22377777777793 * print_used_types;1.6263391212202;1.6263391212202;1.6263391212202;1.6263391212202;0.001213;2;7.22377777777793 * print_used_types;1;1.428122726092;
2;234.68 * time_passes + 6.61194444444451 * print_used_types + 3.05916666666659 * instcombine;1.62633912122019;1.62633912122019;1.62633912122019;1.62633912122019;0.005998;3;3.05916666666659 * instcombine;1;1.86517468137026E-14;
Elapsed=00:00:00.0061278
Learning progress:
1;234.68 * time_passes + 10.4529166666665 * jump_threading;3.80472464340176;3.80472464340176;3.80472464340176;3.80472464340176;0.001186;2;10.4529166666665 * jump_threading;1;2.3795928123719;
2;234.68 * time_passes + 8.90416666666655 * jump_threading + 3.09750000000004 * ipsccp;3.48642293757176;3.48642293757176;3.48642293757176;3.48642293757176;0.004687;3;3.09750000000004 * ipsccp;1;0.318301705829994;
3;234.68 * time_passes + 9.65791666666714 * jump_threading + 3.0975000000001 * ipsccp + -1.00500000000075 * inline;3.43478561483417;3.43478561483417;3.43478561483417;3.43478561483417;0.010436;4;-1.00500000000075 * inline;1;0.0516373227375961;
Elapsed=00:00:00.0105629
Learning progress:
1;235.567777777778 * time_passes + 9.9366666666667 * sccp;0.445255771845777;0.445255771845777;0.445255771845777;0.445255771845777;0.001048;2;9.9366666666667 * sccp;1;2.9150528054298;
Elapsed=00:00:00.0011366
Learning progress:
1;238.848095238095 * time_passes + 8.26023809523782 * ipsccp;0.371500416813199;0.371500416813199;0.371500416813199;0.371500416813199;0.002198;2;8.26023809523782 * ipsccp;1;2.66353763932995;
Elapsed=00:00:00.0022943
Learning progress:
1;234.68 * time_passes + 7.77708333333318 * instcombine;0.669811431215372;0.669811431215372;0.669811431215372;0.669811431215372;0.001181;2;7.77708333333318 * instcombine;1;3.81542098520526;
Elapsed=00:00:00.0012720
Learning progress:
1;237.127333333333 * time_passes + 7.22377777777793 * print_used_types;1.6263391212202;1.6263391212202;1.6263391212202;1.6263391212202;0.001218;2;7.22377777777793 * print_used_types;1;1.428122726092;
2;234.68 * time_passes + 6.61194444444451 * print_used_types + 3.05916666666659 * instcombine;1.62633912122019;1.62633912122019;1.62633912122019;1.62633912122019;0.005069;3;3.05916666666659 * instcombine;1;1.86517468137026E-14;
Elapsed=00:00:00.0051966
Learning progress:
1;234.68 * time_passes + 10.4529166666665 * jump_threading;3.80472464340176;3.80472464340176;3.80472464340176;3.80472464340176;0.001098;2;10.4529166666665 * jump_threading;1;2.3795928123719;
2;234.68 * time_passes + 8.90416666666655 * jump_threading + 3.09750000000004 * ipsccp;3.48642293757176;3.48642293757176;3.48642293757176;3.48642293757176;0.004454;3;3.09750000000004 * ipsccp;1;0.318301705829994;
Elapsed=00:00:00.0045531
Learning progress:
1;235.567777777778 * time_passes + 9.9366666666667 * sccp;0.445255771845777;0.445255771845777;0.445255771845777;0.445255771845777;0.001902;2;9.9366666666667 * sccp;1;2.9150528054298;
Elapsed=00:00:00.0019912
Learning progress:
1;238.848095238095 * time_passes + 8.26023809523782 * ipsccp;0.371500416813199;0.371500416813199;0.371500416813199;0.371500416813199;0.00121;2;8.26023809523782 * ipsccp;1;2.66353763932995;
Elapsed=00:00:00.0013154
Learning progress:
1;234.68 * time_passes + 7.77708333333318 * instcombine;0.669811431215372;0.669811431215372;0.669811431215372;0.669811431215372;0.001559;2;7.77708333333318 * instcombine;1;3.81542098520526;
Elapsed=00:00:00.0016510
Learning progress:
1;237.127333333333 * time_passes + 7.22377777777793 * print_used_types;1.6263391212202;1.6263391212202;1.6263391212202;1.6263391212202;0.001232;2;7.22377777777793 * print_used_types;1;1.428122726092;
2;234.68 * time_passes + 6.61194444444451 * print_used_types + 3.05916666666659 * instcombine;1.62633912122019;1.62633912122019;1.62633912122019;1.62633912122019;0.004864;3;3.05916666666659 * instcombine;1;1.86517468137026E-14;
Elapsed=00:00:00.0049911
Learning progress:
1;234.68 * time_passes + 10.4529166666665 * jump_threading;3.80472464340176;3.80472464340176;3.80472464340176;3.80472464340176;0.001081;2;10.4529166666665 * jump_threading;1;2.3795928123719;
2;234.68 * time_passes + 8.90416666666655 * jump_threading + 3.09750000000004 * ipsccp;3.48642293757176;3.48642293757176;3.48642293757176;3.48642293757176;0.005714;3;3.09750000000004 * ipsccp;1;0.318301705829994;
3;234.68 * time_passes + 9.65791666666714 * jump_threading + 3.0975000000001 * ipsccp + -1.00500000000075 * inline;3.43478561483417;3.43478561483417;3.43478561483417;3.43478561483417;0.011471;4;-1.00500000000075 * inline;1;0.0516373227375961;
Elapsed=00:00:00.0115823
Learning progress:
1;235.567777777778 * time_passes + 9.9366666666667 * sccp;0.445255771845777;0.445255771845777;0.445255771845777;0.445255771845777;0.001059;2;9.9366666666667 * sccp;1;2.9150528054298;
Elapsed=00:00:00.0011439
Learning progress:
1;238.848095238095 * time_passes + 8.26023809523782 * ipsccp;0.371500416813199;0.371500416813199;0.371500416813199;0.371500416813199;0.001347;2;8.26023809523782 * ipsccp;1;2.66353763932995;
Elapsed=00:00:00.0014358
Learning progress:
1;234.68 * time_passes + 7.77708333333318 * instcombine;0.669811431215372;0.669811431215372;0.669811431215372;0.669811431215372;0.001187;2;7.77708333333318 * instcombine;1;3.81542098520526;
Elapsed=00:00:00.0012897
Learning progress:
1;237.127333333333 * time_passes + 7.22377777777793 * print_used_types;1.6263391212202;1.6263391212202;1.6263391212202;1.6263391212202;0.002152;2;7.22377777777793 * print_used_types;1;1.428122726092;
2;234.68 * time_passes + 6.61194444444451 * print_used_types + 3.05916666666659 * instcombine;1.62633912122019;1.62633912122019;1.62633912122019;1.62633912122019;0.005715;3;3.05916666666659 * instcombine;1;1.86517468137026E-14;
Elapsed=00:00:00.0058401
Learning progress:
1;234.68 * time_passes + 10.4529166666665 * jump_threading;3.80472464340176;3.80472464340176;3.80472464340176;3.80472464340176;0.001208;2;10.4529166666665 * jump_threading;1;2.3795928123719;
2;234.68 * time_passes + 8.90416666666655 * jump_threading + 3.09750000000004 * ipsccp;3.48642293757176;3.48642293757176;3.48642293757176;3.48642293757176;0.004663;3;3.09750000000004 * ipsccp;1;0.318301705829994;
3;234.68 * time_passes + 9.65791666666714 * jump_threading + 3.0975000000001 * ipsccp + -1.00500000000075 * inline;3.43478561483417;3.43478561483417;3.43478561483417;3.43478561483417;0.0105;4;-1.00500000000075 * inline;1;0.0516373227375961;
Elapsed=00:00:00.0106144
Learning progress:
1;235.567777777778 * time_passes + 9.9366666666667 * sccp;0.445255771845777;0.445255771845777;0.445255771845777;0.445255771845777;0.001265;2;9.9366666666667 * sccp;1;2.9150528054298;
Elapsed=00:00:00.0013536
Learning progress:
1;238.848095238095 * time_passes + 8.26023809523782 * ipsccp;0.371500416813199;0.371500416813199;0.371500416813199;0.371500416813199;0.001199;2;8.26023809523782 * ipsccp;1;2.66353763932995;
Elapsed=00:00:00.0012871
Learning progress:
1;234.68 * time_passes + 7.77708333333318 * instcombine;0.669811431215372;0.669811431215372;0.669811431215372;0.669811431215372;0.001144;2;7.77708333333318 * instcombine;1;3.81542098520526;
Elapsed=00:00:00.0012334
Learning progress:
1;237.127333333333 * time_passes + 7.22377777777793 * print_used_types;1.6263391212202;1.6263391212202;1.6263391212202;1.6263391212202;0.001205;2;7.22377777777793 * print_used_types;1;1.428122726092;
2;234.68 * time_passes + 6.61194444444451 * print_used_types + 3.05916666666659 * instcombine;1.62633912122019;1.62633912122019;1.62633912122019;1.62633912122019;0.004764;3;3.05916666666659 * instcombine;1;1.86517468137026E-14;
Elapsed=00:00:00.0048864
Learning progress:
1;234.68 * time_passes + 10.4529166666665 * jump_threading;3.80472464340176;3.80472464340176;3.80472464340176;3.80472464340176;0.001202;2;10.4529166666665 * jump_threading;1;2.3795928123719;
2;234.68 * time_passes + 8.90416666666655 * jump_threading + 3.09750000000004 * ipsccp;3.48642293757176;3.48642293757176;3.48642293757176;3.48642293757176;0.005639;3;3.09750000000004 * ipsccp;1;0.318301705829994;
Elapsed=00:00:00.0057354
Learning progress:
1;235.567777777778 * time_passes + 9.9366666666667 * sccp;0.445255771845777;0.445255771845777;0.445255771845777;0.445255771845777;0.001035;2;9.9366666666667 * sccp;1;2.9150528054298;
Elapsed=00:00:00.0011199
Learning progress:
1;238.848095238095 * time_passes + 8.26023809523782 * ipsccp;0.371500416813199;0.371500416813199;0.371500416813199;0.371500416813199;0.001213;2;8.26023809523782 * ipsccp;1;2.66353763932995;
Elapsed=00:00:00.0013004
Learning progress:
1;234.68 * time_passes + 7.77708333333318 * instcombine;0.669811431215372;0.669811431215372;0.669811431215372;0.669811431215372;0.001223;2;7.77708333333318 * instcombine;1;3.81542098520526;
Elapsed=00:00:00.0013140
Learning progress:
1;237.127333333333 * time_passes + 7.22377777777793 * print_used_types;1.6263391212202;1.6263391212202;1.6263391212202;1.6263391212202;0.001212;2;7.22377777777793 * print_used_types;1;1.428122726092;
2;234.68 * time_passes + 6.61194444444451 * print_used_types + 3.05916666666659 * instcombine;1.62633912122019;1.62633912122019;1.62633912122019;1.62633912122019;0.0048;3;3.05916666666659 * instcombine;1;1.86517468137026E-14;
Elapsed=00:00:00.0049329
Learning progress:
1;234.68 * time_passes + 10.4529166666665 * jump_threading;3.80472464340176;3.80472464340176;3.80472464340176;3.80472464340176;0.001121;2;10.4529166666665 * jump_threading;1;2.3795928123719;
2;234.68 * time_passes + 8.90416666666655 * jump_threading + 3.09750000000004 * ipsccp;3.48642293757176;3.48642293757176;3.48642293757176;3.48642293757176;0.00453;3;3.09750000000004 * ipsccp;1;0.318301705829994;
3;234.68 * time_passes + 9.65791666666714 * jump_threading + 3.0975000000001 * ipsccp + -1.00500000000075 * inline;3.43478561483417;3.43478561483417;3.43478561483417;3.43478561483417;0.010283;4;-1.00500000000075 * inline;1;0.0516373227375961;
Elapsed=00:00:00.0103942
Learning progress:
1;235.567777777778 * time_passes + 9.9366666666667 * sccp;0.445255771845777;0.445255771845777;0.445255771845777;0.445255771845777;0.00108;2;9.9366666666667 * sccp;1;2.9150528054298;
Elapsed=00:00:00.0011669
Learning progress:
1;238.848095238095 * time_passes + 8.26023809523782 * ipsccp;0.371500416813199;0.371500416813199;0.371500416813199;0.371500416813199;0.001289;2;8.26023809523782 * ipsccp;1;2.66353763932995;
Elapsed=00:00:00.0013779
Learning progress:
1;234.68 * time_passes + 7.77708333333318 * instcombine;0.669811431215372;0.669811431215372;0.669811431215372;0.669811431215372;0.001344;2;7.77708333333318 * instcombine;1;3.81542098520526;
Elapsed=00:00:00.0014406
Learning progress:
1;237.127333333333 * time_passes + 7.22377777777793 * print_used_types;1.6263391212202;1.6263391212202;1.6263391212202;1.6263391212202;0.001319;2;7.22377777777793 * print_used_types;1;1.428122726092;
2;234.68 * time_passes + 6.61194444444451 * print_used_types + 3.05916666666659 * instcombine;1.62633912122019;1.62633912122019;1.62633912122019;1.62633912122019;0.004963;3;3.05916666666659 * instcombine;1;1.86517468137026E-14;
Elapsed=00:00:00.0050869
Learning progress:
1;234.68 * time_passes + 10.4529166666665 * jump_threading;3.80472464340176;3.80472464340176;3.80472464340176;3.80472464340176;0.001313;2;10.4529166666665 * jump_threading;1;2.3795928123719;
2;234.68 * time_passes + 8.90416666666655 * jump_threading + 3.09750000000004 * ipsccp;3.48642293757176;3.48642293757176;3.48642293757176;3.48642293757176;0.004892;3;3.09750000000004 * ipsccp;1;0.318301705829994;
3;234.68 * time_passes + 9.65791666666714 * jump_threading + 3.0975000000001 * ipsccp + -1.00500000000075 * inline;3.43478561483417;3.43478561483417;3.43478561483417;3.43478561483417;0.011617;4;-1.00500000000075 * inline;1;0.0516373227375961;
Elapsed=00:00:00.0117406
Learning progress:
1;235.567777777778 * time_passes + 9.9366666666667 * sccp;0.445255771845777;0.445255771845777;0.445255771845777;0.445255771845777;0.001067;2;9.9366666666667 * sccp;1;2.9150528054298;
Elapsed=00:00:00.0011516
Learning progress:
1;238.848095238095 * time_passes + 8.26023809523782 * ipsccp;0.371500416813199;0.371500416813199;0.371500416813199;0.371500416813199;0.00139;2;8.26023809523782 * ipsccp;1;2.66353763932995;
Elapsed=00:00:00.0014837
Learning progress:
1;234.68 * time_passes + 7.77708333333318 * instcombine;0.669811431215372;0.669811431215372;0.669811431215372;0.669811431215372;0.001384;2;7.77708333333318 * instcombine;1;3.81542098520526;
Elapsed=00:00:00.0014784
Learning progress:
1;237.127333333333 * time_passes + 7.22377777777793 * print_used_types;1.6263391212202;1.6263391212202;1.6263391212202;1.6263391212202;0.001344;2;7.22377777777793 * print_used_types;1;1.428122726092;
2;234.68 * time_passes + 6.61194444444451 * print_used_types + 3.05916666666659 * instcombine;1.62633912122019;1.62633912122019;1.62633912122019;1.62633912122019;0.00493;3;3.05916666666659 * instcombine;1;1.86517468137026E-14;
Elapsed=00:00:00.0050669
Learning progress:
1;234.68 * time_passes + 10.4529166666665 * jump_threading;3.80472464340176;3.80472464340176;3.80472464340176;3.80472464340176;0.001089;2;10.4529166666665 * jump_threading;1;2.3795928123719;
2;234.68 * time_passes + 8.90416666666655 * jump_threading + 3.09750000000004 * ipsccp;3.48642293757176;3.48642293757176;3.48642293757176;3.48642293757176;0.004522;3;3.09750000000004 * ipsccp;1;0.318301705829994;
Elapsed=00:00:00.0046279
Learning progress:
1;235.567777777778 * time_passes + 9.9366666666667 * sccp;0.445255771845777;0.445255771845777;0.445255771845777;0.445255771845777;0.001093;2;9.9366666666667 * sccp;1;2.9150528054298;
Elapsed=00:00:00.0011793
Learning progress:
1;238.848095238095 * time_passes + 8.26023809523782 * ipsccp;0.371500416813199;0.371500416813199;0.371500416813199;0.371500416813199;0.001218;2;8.26023809523782 * ipsccp;1;2.66353763932995;
Elapsed=00:00:00.0013050
Learning progress:
1;234.68 * time_passes + 7.77708333333318 * instcombine;0.669811431215372;0.669811431215372;0.669811431215372;0.669811431215372;0.00139;2;7.77708333333318 * instcombine;1;3.81542098520526;
Elapsed=00:00:00.0014815
Learning progress:
1;237.127333333333 * time_passes + 7.22377777777793 * print_used_types;1.6263391212202;1.6263391212202;1.6263391212202;1.6263391212202;0.001225;2;7.22377777777793 * print_used_types;1;1.428122726092;
2;234.68 * time_passes + 6.61194444444451 * print_used_types + 3.05916666666659 * instcombine;1.62633912122019;1.62633912122019;1.62633912122019;1.62633912122019;0.005814;3;3.05916666666659 * instcombine;1;1.86517468137026E-14;
Elapsed=00:00:00.0059663
Learning progress:
1;234.68 * time_passes + 10.4529166666665 * jump_threading;3.80472464340176;3.80472464340176;3.80472464340176;3.80472464340176;0.001305;2;10.4529166666665 * jump_threading;1;2.3795928123719;
2;234.68 * time_passes + 8.90416666666655 * jump_threading + 3.09750000000004 * ipsccp;3.48642293757176;3.48642293757176;3.48642293757176;3.48642293757176;0.00467;3;3.09750000000004 * ipsccp;1;0.318301705829994;
3;234.68 * time_passes + 9.65791666666714 * jump_threading + 3.0975000000001 * ipsccp + -1.00500000000075 * inline;3.43478561483417;3.43478561483417;3.43478561483417;3.43478561483417;0.010496;4;-1.00500000000075 * inline;1;0.0516373227375961;
Elapsed=00:00:00.0106301
Learning progress:
1;235.567777777778 * time_passes + 9.9366666666667 * sccp;0.445255771845777;0.445255771845777;0.445255771845777;0.445255771845777;0.002043;2;9.9366666666667 * sccp;1;2.9150528054298;
Elapsed=00:00:00.0021367
Learning progress:
1;238.848095238095 * time_passes + 8.26023809523782 * ipsccp;0.371500416813199;0.371500416813199;0.371500416813199;0.371500416813199;0.001213;2;8.26023809523782 * ipsccp;1;2.66353763932995;
Elapsed=00:00:00.0013046
Learning progress:
1;234.68 * time_passes + 7.77708333333318 * instcombine;0.669811431215372;0.669811431215372;0.669811431215372;0.669811431215372;0.001339;2;7.77708333333318 * instcombine;1;3.81542098520526;
Elapsed=00:00:00.0014288
Learning progress:
1;237.127333333333 * time_passes + 7.22377777777793 * print_used_types;1.6263391212202;1.6263391212202;1.6263391212202;1.6263391212202;0.001332;2;7.22377777777793 * print_used_types;1;1.428122726092;
2;234.68 * time_passes + 6.61194444444451 * print_used_types + 3.05916666666659 * instcombine;1.62633912122019;1.62633912122019;1.62633912122019;1.62633912122019;0.004893;3;3.05916666666659 * instcombine;1;1.86517468137026E-14;
Elapsed=00:00:00.0050227
Learning progress:
1;234.68 * time_passes + 10.4529166666665 * jump_threading;3.80472464340176;3.80472464340176;3.80472464340176;3.80472464340176;0.001433;2;10.4529166666665 * jump_threading;1;2.3795928123719;
2;234.68 * time_passes + 8.90416666666655 * jump_threading + 3.09750000000004 * ipsccp;3.48642293757176;3.48642293757176;3.48642293757176;3.48642293757176;0.005989;3;3.09750000000004 * ipsccp;1;0.318301705829994;
3;234.68 * time_passes + 9.65791666666714 * jump_threading + 3.0975000000001 * ipsccp + -1.00500000000075 * inline;3.43478561483417;3.43478561483417;3.43478561483417;3.43478561483417;0.011734;4;-1.00500000000075 * inline;1;0.0516373227375961;
Elapsed=00:00:00.0118429
Learning progress:
1;235.567777777778 * time_passes + 9.9366666666667 * sccp;0.445255771845777;0.445255771845777;0.445255771845777;0.445255771845777;0.001065;2;9.9366666666667 * sccp;1;2.9150528054298;
Elapsed=00:00:00.0011516
Learning progress:
1;238.848095238095 * time_passes + 8.26023809523782 * ipsccp;0.371500416813199;0.371500416813199;0.371500416813199;0.371500416813199;0.001246;2;8.26023809523782 * ipsccp;1;2.66353763932995;
Elapsed=00:00:00.0013462
Learning progress:
1;234.68 * time_passes + 7.77708333333318 * instcombine;0.669811431215372;0.669811431215372;0.669811431215372;0.669811431215372;0.001287;2;7.77708333333318 * instcombine;1;3.81542098520526;
Elapsed=00:00:00.0013776
Learning progress:
1;237.127333333333 * time_passes + 7.22377777777793 * print_used_types;1.6263391212202;1.6263391212202;1.6263391212202;1.6263391212202;0.001251;2;7.22377777777793 * print_used_types;1;1.428122726092;
2;234.68 * time_passes + 6.61194444444451 * print_used_types + 3.05916666666659 * instcombine;1.62633912122019;1.62633912122019;1.62633912122019;1.62633912122019;0.005684;3;3.05916666666659 * instcombine;1;1.86517468137026E-14;
Elapsed=00:00:00.0058236
Learning progress:
1;234.68 * time_passes + 10.4529166666665 * jump_threading;3.80472464340176;3.80472464340176;3.80472464340176;3.80472464340176;0.001077;2;10.4529166666665 * jump_threading;1;2.3795928123719;
2;234.68 * time_passes + 8.90416666666655 * jump_threading + 3.09750000000004 * ipsccp;3.48642293757176;3.48642293757176;3.48642293757176;3.48642293757176;0.004415;3;3.09750000000004 * ipsccp;1;0.318301705829994;
Elapsed=00:00:00.0045074
Learning progress:
1;235.567777777778 * time_passes + 9.9366666666667 * sccp;0.445255771845777;0.445255771845777;0.445255771845777;0.445255771845777;0.001293;2;9.9366666666667 * sccp;1;2.9150528054298;
Elapsed=00:00:00.0014092
Learning progress:
1;238.848095238095 * time_passes + 8.26023809523782 * ipsccp;0.371500416813199;0.371500416813199;0.371500416813199;0.371500416813199;0.001232;2;8.26023809523782 * ipsccp;1;2.66353763932995;
Elapsed=00:00:00.0013246
Learning progress:
1;234.68 * time_passes + 7.77708333333318 * instcombine;0.669811431215372;0.669811431215372;0.669811431215372;0.669811431215372;0.002089;2;7.77708333333318 * instcombine;1;3.81542098520526;
Elapsed=00:00:00.0021823
Learning progress:
1;237.127333333333 * time_passes + 7.22377777777793 * print_used_types;1.6263391212202;1.6263391212202;1.6263391212202;1.6263391212202;0.001354;2;7.22377777777793 * print_used_types;1;1.428122726092;
2;234.68 * time_passes + 6.61194444444451 * print_used_types + 3.05916666666659 * instcombine;1.62633912122019;1.62633912122019;1.62633912122019;1.62633912122019;0.005051;3;3.05916666666659 * instcombine;1;1.86517468137026E-14;
Elapsed=00:00:00.0051739
Learning progress:
1;234.68 * time_passes + 10.4529166666665 * jump_threading;3.80472464340176;3.80472464340176;3.80472464340176;3.80472464340176;0.001058;2;10.4529166666665 * jump_threading;1;2.3795928123719;
2;234.68 * time_passes + 8.90416666666655 * jump_threading + 3.09750000000004 * ipsccp;3.48642293757176;3.48642293757176;3.48642293757176;3.48642293757176;0.004411;3;3.09750000000004 * ipsccp;1;0.318301705829994;
3;234.68 * time_passes + 9.65791666666714 * jump_threading + 3.0975000000001 * ipsccp + -1.00500000000075 * inline;3.43478561483417;3.43478561483417;3.43478561483417;3.43478561483417;0.011297;4;-1.00500000000075 * inline;1;0.0516373227375961;
Elapsed=00:00:00.0114162
Learning progress:
1;235.567777777778 * time_passes + 9.9366666666667 * sccp;0.445255771845777;0.445255771845777;0.445255771845777;0.445255771845777;0.001064;2;9.9366666666667 * sccp;1;2.9150528054298;
Elapsed=00:00:00.0011485
Learning progress:
1;238.848095238095 * time_passes + 8.26023809523782 * ipsccp;0.371500416813199;0.371500416813199;0.371500416813199;0.371500416813199;0.001358;2;8.26023809523782 * ipsccp;1;2.66353763932995;
Elapsed=00:00:00.0014496
Learning progress:
1;234.68 * time_passes + 7.77708333333318 * instcombine;0.669811431215372;0.669811431215372;0.669811431215372;0.669811431215372;0.001355;2;7.77708333333318 * instcombine;1;3.81542098520526;
Elapsed=00:00:00.0014431
Learning progress:
1;237.127333333333 * time_passes + 7.22377777777793 * print_used_types;1.6263391212202;1.6263391212202;1.6263391212202;1.6263391212202;0.001238;2;7.22377777777793 * print_used_types;1;1.428122726092;
2;234.68 * time_passes + 6.61194444444451 * print_used_types + 3.05916666666659 * instcombine;1.62633912122019;1.62633912122019;1.62633912122019;1.62633912122019;0.0048;3;3.05916666666659 * instcombine;1;1.86517468137026E-14;
Elapsed=00:00:00.0049316
Learning progress:
1;234.68 * time_passes + 10.4529166666665 * jump_threading;3.80472464340176;3.80472464340176;3.80472464340176;3.80472464340176;0.002062;2;10.4529166666665 * jump_threading;1;2.3795928123719;
2;234.68 * time_passes + 8.90416666666655 * jump_threading + 3.09750000000004 * ipsccp;3.48642293757176;3.48642293757176;3.48642293757176;3.48642293757176;0.00539;3;3.09750000000004 * ipsccp;1;0.318301705829994;
3;234.68 * time_passes + 9.65791666666714 * jump_threading + 3.0975000000001 * ipsccp + -1.00500000000075 * inline;3.43478561483417;3.43478561483417;3.43478561483417;3.43478561483417;0.011166;4;-1.00500000000075 * inline;1;0.0516373227375961;
Elapsed=00:00:00.0112749
Learning progress:
1;235.567777777778 * time_passes + 9.9366666666667 * sccp;0.445255771845777;0.445255771845777;0.445255771845777;0.445255771845777;0.001063;2;9.9366666666667 * sccp;1;2.9150528054298;
Elapsed=00:00:00.0011496
Learning progress:
1;238.848095238095 * time_passes + 8.26023809523782 * ipsccp;0.371500416813199;0.371500416813199;0.371500416813199;0.371500416813199;0.00135;2;8.26023809523782 * ipsccp;1;2.66353763932995;
Elapsed=00:00:00.0014378
Learning progress:
1;234.68 * time_passes + 7.77708333333318 * instcombine;0.669811431215372;0.669811431215372;0.669811431215372;0.669811431215372;0.002184;2;7.77708333333318 * instcombine;1;3.81542098520526;
Elapsed=00:00:00.0022790
Learning progress:
1;237.127333333333 * time_passes + 7.22377777777793 * print_used_types;1.6263391212202;1.6263391212202;1.6263391212202;1.6263391212202;0.001195;2;7.22377777777793 * print_used_types;1;1.428122726092;
2;234.68 * time_passes + 6.61194444444451 * print_used_types + 3.05916666666659 * instcombine;1.62633912122019;1.62633912122019;1.62633912122019;1.62633912122019;0.004699;3;3.05916666666659 * instcombine;1;1.86517468137026E-14;
Elapsed=00:00:00.0048380
Learning progress:
1;234.68 * time_passes + 10.4529166666665 * jump_threading;3.80472464340176;3.80472464340176;3.80472464340176;3.80472464340176;0.001097;2;10.4529166666665 * jump_threading;1;2.3795928123719;
2;234.68 * time_passes + 8.90416666666655 * jump_threading + 3.09750000000004 * ipsccp;3.48642293757176;3.48642293757176;3.48642293757176;3.48642293757176;0.004595;3;3.09750000000004 * ipsccp;1;0.318301705829994;
Elapsed=00:00:00.0047007
Learning progress:
1;235.567777777778 * time_passes + 9.9366666666667 * sccp;0.445255771845777;0.445255771845777;0.445255771845777;0.445255771845777;0.001317;2;9.9366666666667 * sccp;1;2.9150528054298;
Elapsed=00:00:00.0014048
Learning progress:
1;238.848095238095 * time_passes + 8.26023809523782 * ipsccp;0.371500416813199;0.371500416813199;0.371500416813199;0.371500416813199;0.001274;2;8.26023809523782 * ipsccp;1;2.66353763932995;
Elapsed=00:00:00.0013692
Learning progress:
1;234.68 * time_passes + 7.77708333333318 * instcombine;0.669811431215372;0.669811431215372;0.669811431215372;0.669811431215372;0.001149;2;7.77708333333318 * instcombine;1;3.81542098520526;
Elapsed=00:00:00.0012404
Learning progress:
1;237.127333333333 * time_passes + 7.22377777777793 * print_used_types;1.6263391212202;1.6263391212202;1.6263391212202;1.6263391212202;0.001226;2;7.22377777777793 * print_used_types;1;1.428122726092;
2;234.68 * time_passes + 6.61194444444451 * print_used_types + 3.05916666666659 * instcombine;1.62633912122019;1.62633912122019;1.62633912122019;1.62633912122019;0.004787;3;3.05916666666659 * instcombine;1;1.86517468137026E-14;
Elapsed=00:00:00.0049142
Learning progress:
1;234.68 * time_passes + 10.4529166666665 * jump_threading;3.80472464340176;3.80472464340176;3.80472464340176;3.80472464340176;0.001179;2;10.4529166666665 * jump_threading;1;2.3795928123719;
2;234.68 * time_passes + 8.90416666666655 * jump_threading + 3.09750000000004 * ipsccp;3.48642293757176;3.48642293757176;3.48642293757176;3.48642293757176;0.004521;3;3.09750000000004 * ipsccp;1;0.318301705829994;
3;234.68 * time_passes + 9.65791666666714 * jump_threading + 3.0975000000001 * ipsccp + -1.00500000000075 * inline;3.43478561483417;3.43478561483417;3.43478561483417;3.43478561483417;0.011369;4;-1.00500000000075 * inline;1;0.0516373227375961;
Elapsed=00:00:00.0115149
Learning progress:
1;235.567777777778 * time_passes + 9.9366666666667 * sccp;0.445255771845777;0.445255771845777;0.445255771845777;0.445255771845777;0.001065;2;9.9366666666667 * sccp;1;2.9150528054298;
Elapsed=00:00:00.0011509
Learning progress:
1;238.848095238095 * time_passes + 8.26023809523782 * ipsccp;0.371500416813199;0.371500416813199;0.371500416813199;0.371500416813199;0.00134;2;8.26023809523782 * ipsccp;1;2.66353763932995;
Elapsed=00:00:00.0014295
Learning progress:
1;234.68 * time_passes + 7.77708333333318 * instcombine;0.669811431215372;0.669811431215372;0.669811431215372;0.669811431215372;0.00118;2;7.77708333333318 * instcombine;1;3.81542098520526;
Elapsed=00:00:00.0012702
Learning progress:
1;237.127333333333 * time_passes + 7.22377777777793 * print_used_types;1.6263391212202;1.6263391212202;1.6263391212202;1.6263391212202;0.001219;2;7.22377777777793 * print_used_types;1;1.428122726092;
2;234.68 * time_passes + 6.61194444444451 * print_used_types + 3.05916666666659 * instcombine;1.62633912122019;1.62633912122019;1.62633912122019;1.62633912122019;0.005961;3;3.05916666666659 * instcombine;1;1.86517468137026E-14;
Elapsed=00:00:00.0060955
Learning progress:
1;234.68 * time_passes + 10.4529166666665 * jump_threading;3.80472464340176;3.80472464340176;3.80472464340176;3.80472464340176;0.001336;2;10.4529166666665 * jump_threading;1;2.3795928123719;
2;234.68 * time_passes + 8.90416666666655 * jump_threading + 3.09750000000004 * ipsccp;3.48642293757176;3.48642293757176;3.48642293757176;3.48642293757176;0.00482;3;3.09750000000004 * ipsccp;1;0.318301705829994;
3;234.68 * time_passes + 9.65791666666714 * jump_threading + 3.0975000000001 * ipsccp + -1.00500000000075 * inline;3.43478561483417;3.43478561483417;3.43478561483417;3.43478561483417;0.010591;4;-1.00500000000075 * inline;1;0.0516373227375961;
Elapsed=00:00:00.0107132
Learning progress:
1;235.567777777778 * time_passes + 9.9366666666667 * sccp;0.445255771845777;0.445255771845777;0.445255771845777;0.445255771845777;0.001177;2;9.9366666666667 * sccp;1;2.9150528054298;
Elapsed=00:00:00.0012636
Learning progress:
1;238.848095238095 * time_passes + 8.26023809523782 * ipsccp;0.371500416813199;0.371500416813199;0.371500416813199;0.371500416813199;0.001218;2;8.26023809523782 * ipsccp;1;2.66353763932995;
Elapsed=00:00:00.0013111
Learning progress:
1;234.68 * time_passes + 7.77708333333318 * instcombine;0.669811431215372;0.669811431215372;0.669811431215372;0.669811431215372;0.001146;2;7.77708333333318 * instcombine;1;3.81542098520526;
Elapsed=00:00:00.0012377
Learning progress:
1;237.127333333333 * time_passes + 7.22377777777793 * print_used_types;1.6263391212202;1.6263391212202;1.6263391212202;1.6263391212202;0.001205;2;7.22377777777793 * print_used_types;1;1.428122726092;
2;234.68 * time_passes + 6.61194444444451 * print_used_types + 3.05916666666659 * instcombine;1.62633912122019;1.62633912122019;1.62633912122019;1.62633912122019;0.004778;3;3.05916666666659 * instcombine;1;1.86517468137026E-14;
Elapsed=00:00:00.0049009
Learning progress:
1;234.68 * time_passes + 10.4529166666665 * jump_threading;3.80472464340176;3.80472464340176;3.80472464340176;3.80472464340176;0.001368;2;10.4529166666665 * jump_threading;1;2.3795928123719;
2;234.68 * time_passes + 8.90416666666655 * jump_threading + 3.09750000000004 * ipsccp;3.48642293757176;3.48642293757176;3.48642293757176;3.48642293757176;0.004698;3;3.09750000000004 * ipsccp;1;0.318301705829994;
Elapsed=00:00:00.0047930
Learning progress:
1;235.567777777778 * time_passes + 9.9366666666667 * sccp;0.445255771845777;0.445255771845777;0.445255771845777;0.445255771845777;0.001298;2;9.9366666666667 * sccp;1;2.9150528054298;
Elapsed=00:00:00.0013857
Learning progress:
1;238.848095238095 * time_passes + 8.26023809523782 * ipsccp;0.371500416813199;0.371500416813199;0.371500416813199;0.371500416813199;0.001485;2;8.26023809523782 * ipsccp;1;2.66353763932995;
Elapsed=00:00:00.0015857
Learning progress:
1;234.68 * time_passes + 7.77708333333318 * instcombine;0.669811431215372;0.669811431215372;0.669811431215372;0.669811431215372;0.001191;2;7.77708333333318 * instcombine;1;3.81542098520526;
Elapsed=00:00:00.0012804
Learning progress:
1;237.127333333333 * time_passes + 7.22377777777793 * print_used_types;1.6263391212202;1.6263391212202;1.6263391212202;1.6263391212202;0.00119;2;7.22377777777793 * print_used_types;1;1.428122726092;
2;234.68 * time_passes + 6.61194444444451 * print_used_types + 3.05916666666659 * instcombine;1.62633912122019;1.62633912122019;1.62633912122019;1.62633912122019;0.004777;3;3.05916666666659 * instcombine;1;1.86517468137026E-14;
Elapsed=00:00:00.0049007
Learning progress:
1;234.68 * time_passes + 10.4529166666665 * jump_threading;3.80472464340176;3.80472464340176;3.80472464340176;3.80472464340176;0.001149;2;10.4529166666665 * jump_threading;1;2.3795928123719;
2;234.68 * time_passes + 8.90416666666655 * jump_threading + 3.09750000000004 * ipsccp;3.48642293757176;3.48642293757176;3.48642293757176;3.48642293757176;0.005593;3;3.09750000000004 * ipsccp;1;0.318301705829994;
3;234.68 * time_passes + 9.65791666666714 * jump_threading + 3.0975000000001 * ipsccp + -1.00500000000075 * inline;3.43478561483417;3.43478561483417;3.43478561483417;3.43478561483417;0.011471;4;-1.00500000000075 * inline;1;0.0516373227375961;
Elapsed=00:00:00.0115969
Learning progress:
1;235.567777777778 * time_passes + 9.9366666666667 * sccp;0.445255771845777;0.445255771845777;0.445255771845777;0.445255771845777;0.001271;2;9.9366666666667 * sccp;1;2.9150528054298;
Elapsed=00:00:00.0013653
Learning progress:
1;238.848095238095 * time_passes + 8.26023809523782 * ipsccp;0.371500416813199;0.371500416813199;0.371500416813199;0.371500416813199;0.001353;2;8.26023809523782 * ipsccp;1;2.66353763932995;
Elapsed=00:00:00.0014694
Learning progress:
1;234.68 * time_passes + 7.77708333333318 * instcombine;0.669811431215372;0.669811431215372;0.669811431215372;0.669811431215372;0.001185;2;7.77708333333318 * instcombine;1;3.81542098520526;
Elapsed=00:00:00.0012775
Learning progress:
1;237.127333333333 * time_passes + 7.22377777777793 * print_used_types;1.6263391212202;1.6263391212202;1.6263391212202;1.6263391212202;0.00123;2;7.22377777777793 * print_used_types;1;1.428122726092;
2;234.68 * time_passes + 6.61194444444451 * print_used_types + 3.05916666666659 * instcombine;1.62633912122019;1.62633912122019;1.62633912122019;1.62633912122019;0.004805;3;3.05916666666659 * instcombine;1;1.86517468137026E-14;
Elapsed=00:00:00.0049394
Learning progress:
1;234.68 * time_passes + 10.4529166666665 * jump_threading;3.80472464340176;3.80472464340176;3.80472464340176;3.80472464340176;0.001324;2;10.4529166666665 * jump_threading;1;2.3795928123719;
2;234.68 * time_passes + 8.90416666666655 * jump_threading + 3.09750000000004 * ipsccp;3.48642293757176;3.48642293757176;3.48642293757176;3.48642293757176;0.004645;3;3.09750000000004 * ipsccp;1;0.318301705829994;
3;234.68 * time_passes + 9.65791666666714 * jump_threading + 3.0975000000001 * ipsccp + -1.00500000000075 * inline;3.43478561483417;3.43478561483417;3.43478561483417;3.43478561483417;0.011324;4;-1.00500000000075 * inline;1;0.0516373227375961;
Elapsed=00:00:00.0114419
Learning progress:
1;235.567777777778 * time_passes + 9.9366666666667 * sccp;0.445255771845777;0.445255771845777;0.445255771845777;0.445255771845777;0.001066;2;9.9366666666667 * sccp;1;2.9150528054298;
Elapsed=00:00:00.0011510
Learning progress:
1;238.848095238095 * time_passes + 8.26023809523782 * ipsccp;0.371500416813199;0.371500416813199;0.371500416813199;0.371500416813199;0.001304;2;8.26023809523782 * ipsccp;1;2.66353763932995;
Elapsed=00:00:00.0013942
Learning progress:
1;234.68 * time_passes + 7.77708333333318 * instcombine;0.669811431215372;0.669811431215372;0.669811431215372;0.669811431215372;0.001155;2;7.77708333333318 * instcombine;1;3.81542098520526;
Elapsed=00:00:00.0012449
Learning progress:
1;237.127333333333 * time_passes + 7.22377777777793 * print_used_types;1.6263391212202;1.6263391212202;1.6263391212202;1.6263391212202;0.001213;2;7.22377777777793 * print_used_types;1;1.428122726092;
2;234.68 * time_passes + 6.61194444444451 * print_used_types + 3.05916666666659 * instcombine;1.62633912122019;1.62633912122019;1.62633912122019;1.62633912122019;0.004802;3;3.05916666666659 * instcombine;1;1.86517468137026E-14;
Elapsed=00:00:00.0049290
Learning progress:
1;234.68 * time_passes + 10.4529166666665 * jump_threading;3.80472464340176;3.80472464340176;3.80472464340176;3.80472464340176;0.001098;2;10.4529166666665 * jump_threading;1;2.3795928123719;
2;234.68 * time_passes + 8.90416666666655 * jump_threading + 3.09750000000004 * ipsccp;3.48642293757176;3.48642293757176;3.48642293757176;3.48642293757176;0.005351;3;3.09750000000004 * ipsccp;1;0.318301705829994;
Elapsed=00:00:00.0054470
Learning progress:
1;235.567777777778 * time_passes + 9.9366666666667 * sccp;0.445255771845777;0.445255771845777;0.445255771845777;0.445255771845777;0.001108;2;9.9366666666667 * sccp;1;2.9150528054298;
Elapsed=00:00:00.0011954
Learning progress:
1;238.848095238095 * time_passes + 8.26023809523782 * ipsccp;0.371500416813199;0.371500416813199;0.371500416813199;0.371500416813199;0.001252;2;8.26023809523782 * ipsccp;1;2.66353763932995;
Elapsed=00:00:00.0013419
Learning progress:
1;234.68 * time_passes + 7.77708333333318 * instcombine;0.669811431215372;0.669811431215372;0.669811431215372;0.669811431215372;0.001355;2;7.77708333333318 * instcombine;1;3.81542098520526;
Elapsed=00:00:00.0014468
Learning progress:
1;237.127333333333 * time_passes + 7.22377777777793 * print_used_types;1.6263391212202;1.6263391212202;1.6263391212202;1.6263391212202;0.001449;2;7.22377777777793 * print_used_types;1;1.428122726092;
2;234.68 * time_passes + 6.61194444444451 * print_used_types + 3.05916666666659 * instcombine;1.62633912122019;1.62633912122019;1.62633912122019;1.62633912122019;0.006143;3;3.05916666666659 * instcombine;1;1.86517468137026E-14;
Elapsed=00:00:00.0062742
Learning progress:
1;234.68 * time_passes + 10.4529166666665 * jump_threading;3.80472464340176;3.80472464340176;3.80472464340176;3.80472464340176;0.001068;2;10.4529166666665 * jump_threading;1;2.3795928123719;
2;234.68 * time_passes + 8.90416666666655 * jump_threading + 3.09750000000004 * ipsccp;3.48642293757176;3.48642293757176;3.48642293757176;3.48642293757176;0.004523;3;3.09750000000004 * ipsccp;1;0.318301705829994;
3;234.68 * time_passes + 9.65791666666714 * jump_threading + 3.0975000000001 * ipsccp + -1.00500000000075 * inline;3.43478561483417;3.43478561483417;3.43478561483417;3.43478561483417;0.010294;4;-1.00500000000075 * inline;1;0.0516373227375961;
Elapsed=00:00:00.0104173
Learning progress:
1;235.567777777778 * time_passes + 9.9366666666667 * sccp;0.445255771845777;0.445255771845777;0.445255771845777;0.445255771845777;0.001042;2;9.9366666666667 * sccp;1;2.9150528054298;
Elapsed=00:00:00.0011279
Learning progress:
1;238.848095238095 * time_passes + 8.26023809523782 * ipsccp;0.371500416813199;0.371500416813199;0.371500416813199;0.371500416813199;0.002192;2;8.26023809523782 * ipsccp;1;2.66353763932995;
Elapsed=00:00:00.0022890
Learning progress:
1;234.68 * time_passes + 7.77708333333318 * instcombine;0.669811431215372;0.669811431215372;0.669811431215372;0.669811431215372;0.001199;2;7.77708333333318 * instcombine;1;3.81542098520526;
Elapsed=00:00:00.0012886
Learning progress:
1;237.127333333333 * time_passes + 7.22377777777793 * print_used_types;1.6263391212202;1.6263391212202;1.6263391212202;1.6263391212202;0.001223;2;7.22377777777793 * print_used_types;1;1.428122726092;
2;234.68 * time_passes + 6.61194444444451 * print_used_types + 3.05916666666659 * instcombine;1.62633912122019;1.62633912122019;1.62633912122019;1.62633912122019;0.004801;3;3.05916666666659 * instcombine;1;1.86517468137026E-14;
Elapsed=00:00:00.0049260
Learning progress:
1;234.68 * time_passes + 10.4529166666665 * jump_threading;3.80472464340176;3.80472464340176;3.80472464340176;3.80472464340176;0.001075;2;10.4529166666665 * jump_threading;1;2.3795928123719;
2;234.68 * time_passes + 8.90416666666655 * jump_threading + 3.09750000000004 * ipsccp;3.48642293757176;3.48642293757176;3.48642293757176;3.48642293757176;0.004419;3;3.09750000000004 * ipsccp;1;0.318301705829994;
3;234.68 * time_passes + 9.65791666666714 * jump_threading + 3.0975000000001 * ipsccp + -1.00500000000075 * inline;3.43478561483417;3.43478561483417;3.43478561483417;3.43478561483417;0.011124;4;-1.00500000000075 * inline;1;0.0516373227375961;
Elapsed=00:00:00.0112580
Learning progress:
1;235.567777777778 * time_passes + 9.9366666666667 * sccp;0.445255771845777;0.445255771845777;0.445255771845777;0.445255771845777;0.001177;2;9.9366666666667 * sccp;1;2.9150528054298;
Elapsed=00:00:00.0012616
Learning progress:
1;238.848095238095 * time_passes + 8.26023809523782 * ipsccp;0.371500416813199;0.371500416813199;0.371500416813199;0.371500416813199;0.001206;2;8.26023809523782 * ipsccp;1;2.66353763932995;
Elapsed=00:00:00.0012968
Learning progress:
1;234.68 * time_passes + 7.77708333333318 * instcombine;0.669811431215372;0.669811431215372;0.669811431215372;0.669811431215372;0.001185;2;7.77708333333318 * instcombine;1;3.81542098520526;
Elapsed=00:00:00.0012805
Learning progress:
1;237.127333333333 * time_passes + 7.22377777777793 * print_used_types;1.6263391212202;1.6263391212202;1.6263391212202;1.6263391212202;0.001222;2;7.22377777777793 * print_used_types;1;1.428122726092;
2;234.68 * time_passes + 6.61194444444451 * print_used_types + 3.05916666666659 * instcombine;1.62633912122019;1.62633912122019;1.62633912122019;1.62633912122019;0.005986;3;3.05916666666659 * instcombine;1;1.86517468137026E-14;
Elapsed=00:00:00.0061370
Learning progress:
1;234.68 * time_passes + 10.4529166666665 * jump_threading;3.80472464340176;3.80472464340176;3.80472464340176;3.80472464340176;0.001162;2;10.4529166666665 * jump_threading;1;2.3795928123719;
2;234.68 * time_passes + 8.90416666666655 * jump_threading + 3.09750000000004 * ipsccp;3.48642293757176;3.48642293757176;3.48642293757176;3.48642293757176;0.004489;3;3.09750000000004 * ipsccp;1;0.318301705829994;
Elapsed=00:00:00.0045849
Learning progress:
1;235.567777777778 * time_passes + 9.9366666666667 * sccp;0.445255771845777;0.445255771845777;0.445255771845777;0.445255771845777;0.001282;2;9.9366666666667 * sccp;1;2.9150528054298;
Elapsed=00:00:00.0013697
Learning progress:
1;238.848095238095 * time_passes + 8.26023809523782 * ipsccp;0.371500416813199;0.371500416813199;0.371500416813199;0.371500416813199;0.001228;2;8.26023809523782 * ipsccp;1;2.66353763932995;
Elapsed=00:00:00.0013233
Learning progress:
1;234.68 * time_passes + 7.77708333333318 * instcombine;0.669811431215372;0.669811431215372;0.669811431215372;0.669811431215372;0.001265;2;7.77708333333318 * instcombine;1;3.81542098520526;
Elapsed=00:00:00.0013584
Learning progress:
1;237.127333333333 * time_passes + 7.22377777777793 * print_used_types;1.6263391212202;1.6263391212202;1.6263391212202;1.6263391212202;0.002277;2;7.22377777777793 * print_used_types;1;1.428122726092;
2;234.68 * time_passes + 6.61194444444451 * print_used_types + 3.05916666666659 * instcombine;1.62633912122019;1.62633912122019;1.62633912122019;1.62633912122019;0.005967;3;3.05916666666659 * instcombine;1;1.86517468137026E-14;
Elapsed=00:00:00.0060937
Learning progress:
1;234.68 * time_passes + 10.4529166666665 * jump_threading;3.80472464340176;3.80472464340176;3.80472464340176;3.80472464340176;0.001341;2;10.4529166666665 * jump_threading;1;2.3795928123719;
2;234.68 * time_passes + 8.90416666666655 * jump_threading + 3.09750000000004 * ipsccp;3.48642293757176;3.48642293757176;3.48642293757176;3.48642293757176;0.00496;3;3.09750000000004 * ipsccp;1;0.318301705829994;
3;234.68 * time_passes + 9.65791666666714 * jump_threading + 3.0975000000001 * ipsccp + -1.00500000000075 * inline;3.43478561483417;3.43478561483417;3.43478561483417;3.43478561483417;0.010769;4;-1.00500000000075 * inline;1;0.0516373227375961;
Elapsed=00:00:00.0108883
Learning progress:
1;235.567777777778 * time_passes + 9.9366666666667 * sccp;0.445255771845777;0.445255771845777;0.445255771845777;0.445255771845777;0.001284;2;9.9366666666667 * sccp;1;2.9150528054298;
Elapsed=00:00:00.0013859
Learning progress:
1;238.848095238095 * time_passes + 8.26023809523782 * ipsccp;0.371500416813199;0.371500416813199;0.371500416813199;0.371500416813199;0.001221;2;8.26023809523782 * ipsccp;1;2.66353763932995;
Elapsed=00:00:00.0013118
Learning progress:
1;234.68 * time_passes + 7.77708333333318 * instcombine;0.669811431215372;0.669811431215372;0.669811431215372;0.669811431215372;0.001178;2;7.77708333333318 * instcombine;1;3.81542098520526;
Elapsed=00:00:00.0012648
Learning progress:
1;237.127333333333 * time_passes + 7.22377777777793 * print_used_types;1.6263391212202;1.6263391212202;1.6263391212202;1.6263391212202;0.001313;2;7.22377777777793 * print_used_types;1;1.428122726092;
2;234.68 * time_passes + 6.61194444444451 * print_used_types + 3.05916666666659 * instcombine;1.62633912122019;1.62633912122019;1.62633912122019;1.62633912122019;0.004996;3;3.05916666666659 * instcombine;1;1.86517468137026E-14;
Elapsed=00:00:00.0051183
Learning progress:
1;234.68 * time_passes + 10.4529166666665 * jump_threading;3.80472464340176;3.80472464340176;3.80472464340176;3.80472464340176;0.001069;2;10.4529166666665 * jump_threading;1;2.3795928123719;
2;234.68 * time_passes + 8.90416666666655 * jump_threading + 3.09750000000004 * ipsccp;3.48642293757176;3.48642293757176;3.48642293757176;3.48642293757176;0.005401;3;3.09750000000004 * ipsccp;1;0.318301705829994;
3;234.68 * time_passes + 9.65791666666714 * jump_threading + 3.0975000000001 * ipsccp + -1.00500000000075 * inline;3.43478561483417;3.43478561483417;3.43478561483417;3.43478561483417;0.01122;4;-1.00500000000075 * inline;1;0.0516373227375961;
Elapsed=00:00:00.0113396
Learning progress:
1;235.567777777778 * time_passes + 9.9366666666667 * sccp;0.445255771845777;0.445255771845777;0.445255771845777;0.445255771845777;0.00104;2;9.9366666666667 * sccp;1;2.9150528054298;
Elapsed=00:00:00.0011269
Learning progress:
1;238.848095238095 * time_passes + 8.26023809523782 * ipsccp;0.371500416813199;0.371500416813199;0.371500416813199;0.371500416813199;0.001276;2;8.26023809523782 * ipsccp;1;2.66353763932995;
Elapsed=00:00:00.0013664
Learning progress:
1;234.68 * time_passes + 7.77708333333318 * instcombine;0.669811431215372;0.669811431215372;0.669811431215372;0.669811431215372;0.001276;2;7.77708333333318 * instcombine;1;3.81542098520526;
Elapsed=00:00:00.0013656
Learning progress:
1;237.127333333333 * time_passes + 7.22377777777793 * print_used_types;1.6263391212202;1.6263391212202;1.6263391212202;1.6263391212202;0.002159;2;7.22377777777793 * print_used_types;1;1.428122726092;
2;234.68 * time_passes + 6.61194444444451 * print_used_types + 3.05916666666659 * instcombine;1.62633912122019;1.62633912122019;1.62633912122019;1.62633912122019;0.005704;3;3.05916666666659 * instcombine;1;1.86517468137026E-14;
Elapsed=00:00:00.0058299
Learning progress:
1;234.68 * time_passes + 10.4529166666665 * jump_threading;3.80472464340176;3.80472464340176;3.80472464340176;3.80472464340176;0.001205;2;10.4529166666665 * jump_threading;1;2.3795928123719;
2;234.68 * time_passes + 8.90416666666655 * jump_threading + 3.09750000000004 * ipsccp;3.48642293757176;3.48642293757176;3.48642293757176;3.48642293757176;0.004515;3;3.09750000000004 * ipsccp;1;0.318301705829994;
Elapsed=00:00:00.0046117
Learning progress:
1;235.567777777778 * time_passes + 9.9366666666667 * sccp;0.445255771845777;0.445255771845777;0.445255771845777;0.445255771845777;0.001097;2;9.9366666666667 * sccp;1;2.9150528054298;
Elapsed=00:00:00.0011897
Learning progress:
1;238.848095238095 * time_passes + 8.26023809523782 * ipsccp;0.371500416813199;0.371500416813199;0.371500416813199;0.371500416813199;0.001367;2;8.26023809523782 * ipsccp;1;2.66353763932995;
Elapsed=00:00:00.0014584
Learning progress:
1;234.68 * time_passes + 7.77708333333318 * instcombine;0.669811431215372;0.669811431215372;0.669811431215372;0.669811431215372;0.001152;2;7.77708333333318 * instcombine;1;3.81542098520526;
Elapsed=00:00:00.0012470
Learning progress:
1;237.127333333333 * time_passes + 7.22377777777793 * print_used_types;1.6263391212202;1.6263391212202;1.6263391212202;1.6263391212202;0.001213;2;7.22377777777793 * print_used_types;1;1.428122726092;
2;234.68 * time_passes + 6.61194444444451 * print_used_types + 3.05916666666659 * instcombine;1.62633912122019;1.62633912122019;1.62633912122019;1.62633912122019;0.004837;3;3.05916666666659 * instcombine;1;1.86517468137026E-14;
Elapsed=00:00:00.0049793
Learning progress:
1;234.68 * time_passes + 10.4529166666665 * jump_threading;3.80472464340176;3.80472464340176;3.80472464340176;3.80472464340176;0.001087;2;10.4529166666665 * jump_threading;1;2.3795928123719;
2;234.68 * time_passes + 8.90416666666655 * jump_threading + 3.09750000000004 * ipsccp;3.48642293757176;3.48642293757176;3.48642293757176;3.48642293757176;0.004441;3;3.09750000000004 * ipsccp;1;0.318301705829994;
3;234.68 * time_passes + 9.65791666666714 * jump_threading + 3.0975000000001 * ipsccp + -1.00500000000075 * inline;3.43478561483417;3.43478561483417;3.43478561483417;3.43478561483417;0.011211;4;-1.00500000000075 * inline;1;0.0516373227375961;
Elapsed=00:00:00.0113341
Learning progress:
1;235.567777777778 * time_passes + 9.9366666666667 * sccp;0.445255771845777;0.445255771845777;0.445255771845777;0.445255771845777;0.001063;2;9.9366666666667 * sccp;1;2.9150528054298;
Elapsed=00:00:00.0011479
Learning progress:
1;238.848095238095 * time_passes + 8.26023809523782 * ipsccp;0.371500416813199;0.371500416813199;0.371500416813199;0.371500416813199;0.0013;2;8.26023809523782 * ipsccp;1;2.66353763932995;
Elapsed=00:00:00.0013916
Learning progress:
1;234.68 * time_passes + 7.77708333333318 * instcombine;0.669811431215372;0.669811431215372;0.669811431215372;0.669811431215372;0.001181;2;7.77708333333318 * instcombine;1;3.81542098520526;
Elapsed=00:00:00.0012713
Learning progress:
1;237.127333333333 * time_passes + 7.22377777777793 * print_used_types;1.6263391212202;1.6263391212202;1.6263391212202;1.6263391212202;0.001215;2;7.22377777777793 * print_used_types;1;1.428122726092;
2;234.68 * time_passes + 6.61194444444451 * print_used_types + 3.05916666666659 * instcombine;1.62633912122019;1.62633912122019;1.62633912122019;1.62633912122019;0.004795;3;3.05916666666659 * instcombine;1;1.86517468137026E-14;
Elapsed=00:00:00.0049206
Learning progress:
1;234.68 * time_passes + 10.4529166666665 * jump_threading;3.80472464340176;3.80472464340176;3.80472464340176;3.80472464340176;0.001106;2;10.4529166666665 * jump_threading;1;2.3795928123719;
2;234.68 * time_passes + 8.90416666666655 * jump_threading + 3.09750000000004 * ipsccp;3.48642293757176;3.48642293757176;3.48642293757176;3.48642293757176;0.004457;3;3.09750000000004 * ipsccp;1;0.318301705829994;
3;234.68 * time_passes + 9.65791666666714 * jump_threading + 3.0975000000001 * ipsccp + -1.00500000000075 * inline;3.43478561483417;3.43478561483417;3.43478561483417;3.43478561483417;0.010184;4;-1.00500000000075 * inline;1;0.0516373227375961;
Elapsed=00:00:00.0103028
Learning progress:
1;235.567777777778 * time_passes + 9.9366666666667 * sccp;0.445255771845777;0.445255771845777;0.445255771845777;0.445255771845777;0.001065;2;9.9366666666667 * sccp;1;2.9150528054298;
Elapsed=00:00:00.0011797
Learning progress:
1;238.848095238095 * time_passes + 8.26023809523782 * ipsccp;0.371500416813199;0.371500416813199;0.371500416813199;0.371500416813199;0.001302;2;8.26023809523782 * ipsccp;1;2.66353763932995;
Elapsed=00:00:00.0013930
Learning progress:
1;234.68 * time_passes + 7.77708333333318 * instcombine;0.669811431215372;0.669811431215372;0.669811431215372;0.669811431215372;0.00129;2;7.77708333333318 * instcombine;1;3.81542098520526;
Elapsed=00:00:00.0013859
Learning progress:
1;237.127333333333 * time_passes + 7.22377777777793 * print_used_types;1.6263391212202;1.6263391212202;1.6263391212202;1.6263391212202;0.001191;2;7.22377777777793 * print_used_types;1;1.428122726092;
2;234.68 * time_passes + 6.61194444444451 * print_used_types + 3.05916666666659 * instcombine;1.62633912122019;1.62633912122019;1.62633912122019;1.62633912122019;0.004751;3;3.05916666666659 * instcombine;1;1.86517468137026E-14;
Elapsed=00:00:00.0048804
Learning progress:
1;234.68 * time_passes + 10.4529166666665 * jump_threading;3.80472464340176;3.80472464340176;3.80472464340176;3.80472464340176;0.001084;2;10.4529166666665 * jump_threading;1;2.3795928123719;
2;234.68 * time_passes + 8.90416666666655 * jump_threading + 3.09750000000004 * ipsccp;3.48642293757176;3.48642293757176;3.48642293757176;3.48642293757176;0.004448;3;3.09750000000004 * ipsccp;1;0.318301705829994;
Elapsed=00:00:00.0045486
Learning progress:
1;235.567777777778 * time_passes + 9.9366666666667 * sccp;0.445255771845777;0.445255771845777;0.445255771845777;0.445255771845777;0.001083;2;9.9366666666667 * sccp;1;2.9150528054298;
Elapsed=00:00:00.0011722
Learning progress:
1;238.848095238095 * time_passes + 8.26023809523782 * ipsccp;0.371500416813199;0.371500416813199;0.371500416813199;0.371500416813199;0.001225;2;8.26023809523782 * ipsccp;1;2.66353763932995;
Elapsed=00:00:00.0013194
Learning progress:
1;234.68 * time_passes + 7.77708333333318 * instcombine;0.669811431215372;0.669811431215372;0.669811431215372;0.669811431215372;0.001216;2;7.77708333333318 * instcombine;1;3.81542098520526;
Elapsed=00:00:00.0013084
Error of optimal parameters: 1.30953847118574
Optimal parameters abortError:1;minImprovementPerRound:0.1;lossFunction:RELATIVE;quadraticFunctionSupport:True;learn-logFunction:True;learn-asymFunction:True;learn-ratioFunction:True;withHierarchy:False;useBackward:False;
Learning progress:
1;219.636666666667 * time_passes + 24.2659999999995 * gvn;1.15771815070688;1.15771815070688;1.15771815070688;1.15771815070688;0.002177;2;24.2659999999995 * gvn;1;1.22088552812626;
2;219.636666666667 * time_passes + 15.0433333333331 * gvn + 10.2474074074072 * jump_threading;0.839641503080042;0.839641503080042;0.839641503080042;0.839641503080042;0.007975;3;10.2474074074072 * jump_threading;1;0.318076647626841;
Elapsed=00:00:00.0082155
command: clean-global
command: script ./learn_divDistBased_t2MLR.a
command: log ./out_divDistBased_t2PredictionsMLR.log
