Current machine learning settings: epsilon:0 lossFunction:RELATIVE parallelization:True bagging:False baggingNumbers:3 considerEpsilonTube:False baggingTestDataFraction:50 useBackward:False abortError:1 limitFeatureSize:False featureSizeTreshold:4 quadraticFunctionSupport:True crossValidation:False crossValidation-k:5 learn-logFunction:False learn-accumulatedLogFunction:False learn-asymFunction:False learn-ratioFunction:False learn-mirrowedFunction:False learn-numeric-disabled:True numberOfRounds:70 backwardErrorDelta:1 minImprovementPerRound:0.1 withHierarchy:False bruteForceCandidates:False ignoreBadFeatures:False stopOnLongRound:True candidateSizePenalty:True learnTimeLimit:00:00:00 scoreMeasure:RELERROR outputRoundsToStdout:False debug:False pythonInfluenceAnalysis:False blacklisted: 
command: solver z3
command: vm /scratch/kallistos/Distance-Based_Data/SupplementaryWebsite/MeasuredPerformanceValues/Hipacc/FeatureModel.xml
Warning: Variability model contains outdated notation. Children nodes will no longer have effect on the model. Instead use the parent node to describe the parent of an configuration option. You can also use the converter providedby the Variability Model GUI in export>convert legacy model.
Warning: Default value nodes in models are no longer used and should be removed. You can also use the converter provided by the Variability Model GUI in export>convert legacy model to update your model.
command: all /scratch/kallistos/Distance-Based_Data/SupplementaryWebsite/MeasuredPerformanceValues/Hipacc/measurements.xml
Configs with too large deviation: 0
13485 configurations loaded.
command: binary grammar-based numConfigs:50 seed:73
command: printconfigs ./sampledConfigurations_grammarBased_t1.csv
invalid number: 20035 respective config: API, CUDA, TextureMemory, Array2D, Blocksize, bs_32x1, padding, padding_320, pixelPerThread, pixelPerThread_4, root
invalid number: 4231 respective config: API, OpenCL, TextureMemory, Linear2D, Blocksize, bs_256x2, padding, padding_96, pixelPerThread, pixelPerThread_4, root
invalid number: 6654 respective config: API, OpenCL, TextureMemory, Array2D, Blocksize, bs_512x2, padding, padding_448, pixelPerThread, pixelPerThread_3, root
invalid number: 20281 respective config: API, CUDA, TextureMemory, Array2D, Blocksize, bs_64x1, padding, padding_128, pixelPerThread, pixelPerThread_2, root
invalid number: 13869 respective config: API, OpenCL, TextureMemory, LocalMemory, Blocksize, bs_1024x1, padding, padding_512, pixelPerThread, pixelPerThread_2, root
invalid number: 7423 respective config: API, OpenCL, TextureMemory, Array2D, LocalMemory, Blocksize, bs_64x1, padding, padding_64, pixelPerThread, pixelPerThread_4, root
invalid number: 9474 respective config: API, OpenCL, TextureMemory, Ldg, Blocksize, bs_512x2, padding, padding_160, pixelPerThread, pixelPerThread_3, root
invalid number: 12911 respective config: API, OpenCL, TextureMemory, LocalMemory, Blocksize, bs_32x1, padding, padding_448, pixelPerThread, pixelPerThread_4, root
invalid number: 125 respective config: API, OpenCL, TextureMemory, Linear1D, Blocksize, bs_32x8, padding, padding_448, pixelPerThread, pixelPerThread_2, root
invalid number: 1834 respective config: API, OpenCL, TextureMemory, Linear1D, LocalMemory, Blocksize, bs_64x4, padding, padding_512, pixelPerThread, pixelPerThread_3, root
invalid number: 1331 respective config: API, OpenCL, TextureMemory, Linear1D, Blocksize, bs_256x1, padding, padding_288, pixelPerThread, pixelPerThread_4, root
invalid number: 21325 respective config: API, CUDA, TextureMemory, Array2D, Blocksize, bs_256x1, padding, padding_320, pixelPerThread, pixelPerThread_2, root
invalid number: 21476 respective config: API, CUDA, TextureMemory, Array2D, LocalMemory, Blocksize, bs_32x1, padding, padding_448, pixelPerThread, pixelPerThread_1, root
invalid number: 1878 respective config: API, OpenCL, TextureMemory, Linear1D, LocalMemory, Blocksize, bs_64x16, padding, padding_320, pixelPerThread, pixelPerThread_3, root
invalid number: 13679 respective config: API, OpenCL, TextureMemory, LocalMemory, Blocksize, bs_512x1, padding, padding_64, pixelPerThread, pixelPerThread_4, root
invalid number: 22022 respective config: API, CUDA, TextureMemory, Array2D, LocalMemory, Blocksize, bs_128x2, padding, padding_448, pixelPerThread, pixelPerThread_3, root
invalid number: 27196 respective config: API, CUDA, TextureMemory, LocalMemory, Blocksize, bs_32x1, padding, padding_512, pixelPerThread, pixelPerThread_1, root
invalid number: 2445 respective config: API, OpenCL, TextureMemory, Linear1D, LocalMemory, Blocksize, bs_1024x1, padding, padding_512, pixelPerThread, pixelPerThread_2, root
invalid number: 2234 respective config: API, OpenCL, TextureMemory, Linear1D, LocalMemory, Blocksize, bs_256x4, padding, padding_448, pixelPerThread, pixelPerThread_3, root
invalid number: 20306 respective config: API, CUDA, TextureMemory, Array2D, Blocksize, bs_64x1, padding, padding_320, pixelPerThread, pixelPerThread_3, root
invalid number: 14224 respective config: API, OpenCL, TextureMemory, LocalMemory, Blocksize, bs_256x2, padding, padding_96, pixelPerThread, pixelPerThread_1, root
invalid number: 9699 respective config: API, OpenCL, TextureMemory, Ldg, Blocksize, bs_32x4, padding, padding_320, pixelPerThread, pixelPerThread_4, root
invalid number: 3014 respective config: API, OpenCL, TextureMemory, Linear2D, Blocksize, bs_32x16, padding, padding_160, pixelPerThread, pixelPerThread_3, root
invalid number: 27453 respective config: API, CUDA, TextureMemory, LocalMemory, Blocksize, bs_64x1, padding, padding_384, pixelPerThread, pixelPerThread_2, root
invalid number: 8814 respective config: API, OpenCL, TextureMemory, Ldg, Blocksize, bs_32x32, padding, padding_320, pixelPerThread, pixelPerThread_3, root
invalid number: 25075 respective config: API, CUDA, TextureMemory, Ldg, LocalMemory, Blocksize, bs_256x4, padding, padding_384, pixelPerThread, pixelPerThread_4, root
invalid number: 21273 respective config: API, CUDA, TextureMemory, Array2D, Blocksize, bs_64x8, padding, padding_448, pixelPerThread, pixelPerThread_2, root
invalid number: 26953 respective config: API, CUDA, TextureMemory, Blocksize, bs_64x8, padding, padding_192, pixelPerThread, pixelPerThread_2, root
invalid number: 4790 respective config: API, OpenCL, TextureMemory, Linear2D, LocalMemory, Blocksize, bs_128x1, padding, padding_224, pixelPerThread, pixelPerThread_3, root
invalid number: 3849 respective config: API, OpenCL, TextureMemory, Linear2D, Blocksize, bs_1024x1, padding, padding_320, pixelPerThread, pixelPerThread_2, root
invalid number: 4432 respective config: API, OpenCL, TextureMemory, Linear2D, LocalMemory, Blocksize, bs_32x16, padding, padding_96, pixelPerThread, pixelPerThread_1, root
invalid number: 7091 respective config: API, OpenCL, TextureMemory, Array2D, Blocksize, bs_256x2, padding, padding_128, pixelPerThread, pixelPerThread_4, root
invalid number: 11914 respective config: API, OpenCL, TextureMemory, Blocksize, bs_128x1, padding, padding_96, pixelPerThread, pixelPerThread_3, root
invalid number: 9755 respective config: API, OpenCL, TextureMemory, Ldg, Blocksize, bs_64x2, padding, padding_224, pixelPerThread, pixelPerThread_4, root
invalid number: 11955 respective config: API, OpenCL, TextureMemory, Blocksize, bs_128x1, padding, padding_416, pixelPerThread, pixelPerThread_4, root
invalid number: 15947 respective config: API, CUDA, TextureMemory, Linear1D, LocalMemory, Blocksize, bs_32x32, padding, padding_256, pixelPerThread, pixelPerThread_4, root
invalid number: 13447 respective config: API, OpenCL, TextureMemory, LocalMemory, Blocksize, bs_128x2, padding, padding_384, pixelPerThread, pixelPerThread_4, root
invalid number: 6689 respective config: API, OpenCL, TextureMemory, Array2D, Blocksize, bs_1024x1, padding, padding_192, pixelPerThread, pixelPerThread_2, root
invalid number: 12629 respective config: API, OpenCL, TextureMemory, Blocksize, bs_64x2, padding, padding_384, pixelPerThread, pixelPerThread_2, root
invalid number: 20768 respective config: API, CUDA, TextureMemory, Array2D, Blocksize, bs_256x4, padding, padding_224, pixelPerThread, pixelPerThread_1, root
invalid number: 966 respective config: API, OpenCL, TextureMemory, Linear1D, Blocksize, bs_1024x1, padding, padding_96, pixelPerThread, pixelPerThread_3, root
invalid number: 4685 respective config: API, OpenCL, TextureMemory, Linear2D, LocalMemory, Blocksize, bs_64x4, padding, padding_480, pixelPerThread, pixelPerThread_2, root
invalid number: 20708 respective config: API, CUDA, TextureMemory, Array2D, Blocksize, bs_128x8, padding, padding_288, pixelPerThread, pixelPerThread_1, root
invalid number: 21417 respective config: API, CUDA, TextureMemory, Array2D, Blocksize, bs_256x2, padding, padding_512, pixelPerThread, pixelPerThread_2, root
invalid number: 10204 respective config: API, OpenCL, TextureMemory, Ldg, LocalMemory, Blocksize, bs_32x32, padding, padding_32, pixelPerThread, pixelPerThread_1, root
invalid number: 27917 respective config: API, CUDA, TextureMemory, LocalMemory, Blocksize, bs_256x4, padding, padding_288, pixelPerThread, pixelPerThread_2, root
invalid number: 8918 respective config: API, OpenCL, TextureMemory, Ldg, Blocksize, bs_64x4, padding, padding_64, pixelPerThread, pixelPerThread_3, root
invalid number: 6706 respective config: API, OpenCL, TextureMemory, Array2D, Blocksize, bs_1024x1, padding, padding_320, pixelPerThread, pixelPerThread_3, root
invalid number: 22436 respective config: API, CUDA, TextureMemory, Array2D, LocalMemory, Blocksize, bs_1024x1, padding, padding_512, pixelPerThread, pixelPerThread_1, root
invalid number: 13356 respective config: API, OpenCL, TextureMemory, LocalMemory, Blocksize, bs_128x1, padding, padding_224, pixelPerThread, pixelPerThread_1, root
invalid number: 57 respective config: API, OpenCL, TextureMemory, Linear1D, Blocksize, bs_32x1, padding, padding_448, pixelPerThread, pixelPerThread_2, root
invalid number: 22175 respective config: API, CUDA, TextureMemory, Array2D, LocalMemory, Blocksize, bs_256x4, padding, padding_32, pixelPerThread, pixelPerThread_4, root
invalid number: 25234 respective config: API, CUDA, TextureMemory, Ldg, LocalMemory, Blocksize, bs_1024x1, padding, padding_32, pixelPerThread, pixelPerThread_3, root
invalid number: 28029 respective config: API, CUDA, TextureMemory, LocalMemory, Blocksize, bs_512x2, padding, padding_96, pixelPerThread, pixelPerThread_2, root
invalid number: 11217 respective config: API, OpenCL, TextureMemory, Ldg, LocalMemory, Blocksize, bs_64x2, padding, padding_512, pixelPerThread, pixelPerThread_2, root
invalid number: 10071 respective config: API, OpenCL, TextureMemory, Ldg, LocalMemory, Blocksize, bs_32x8, padding, padding_32, pixelPerThread, pixelPerThread_4, root
invalid number: 13681 respective config: API, OpenCL, TextureMemory, LocalMemory, Blocksize, bs_512x1, padding, padding_96, pixelPerThread, pixelPerThread_2, root
invalid number: 5543 respective config: API, OpenCL, TextureMemory, Linear2D, LocalMemory, Blocksize, bs_64x8, padding, padding_256, pixelPerThread, pixelPerThread_4, root
invalid number: 7182 respective config: API, OpenCL, TextureMemory, Array2D, LocalMemory, Blocksize, bs_32x1, padding, padding_320, pixelPerThread, pixelPerThread_3, root
invalid number: 6602 respective config: API, OpenCL, TextureMemory, Array2D, Blocksize, bs_512x2, padding, padding_32, pixelPerThread, pixelPerThread_3, root
invalid number: 7079 respective config: API, OpenCL, TextureMemory, Array2D, Blocksize, bs_256x2, padding, padding_32, pixelPerThread, pixelPerThread_4, root
invalid number: 1869 respective config: API, OpenCL, TextureMemory, Linear1D, LocalMemory, Blocksize, bs_64x16, padding, padding_256, pixelPerThread, pixelPerThread_2, root
invalid number: 22809 respective config: API, CUDA, TextureMemory, Array2D, LocalMemory, Blocksize, bs_256x2, padding, padding_224, pixelPerThread, pixelPerThread_2, root
invalid number: 5804 respective config: API, OpenCL, TextureMemory, Array2D, Blocksize, bs_32x8, padding, padding_192, pixelPerThread, pixelPerThread_1, root
invalid number: 1640 respective config: API, OpenCL, TextureMemory, Linear1D, LocalMemory, Blocksize, bs_32x32, padding, padding_64, pixelPerThread, pixelPerThread_1, root
invalid number: 14049 respective config: API, OpenCL, TextureMemory, LocalMemory, Blocksize, bs_64x2, padding, padding_320, pixelPerThread, pixelPerThread_2, root
invalid number: 27637 respective config: API, CUDA, TextureMemory, LocalMemory, Blocksize, bs_128x1, padding, padding_224, pixelPerThread, pixelPerThread_2, root
invalid number: 4131 respective config: API, OpenCL, TextureMemory, Linear2D, Blocksize, bs_64x8, padding, padding_384, pixelPerThread, pixelPerThread_4, root
invalid number: 4308 respective config: API, OpenCL, TextureMemory, Linear2D, LocalMemory, Blocksize, bs_32x1, padding, padding_192, pixelPerThread, pixelPerThread_1, root
invalid number: 111 respective config: API, OpenCL, TextureMemory, Linear1D, Blocksize, bs_32x8, padding, padding_320, pixelPerThread, pixelPerThread_4, root
invalid number: 11183 respective config: API, OpenCL, TextureMemory, Ldg, LocalMemory, Blocksize, bs_64x2, padding, padding_224, pixelPerThread, pixelPerThread_4, root
invalid number: 7898 respective config: API, OpenCL, TextureMemory, Array2D, LocalMemory, Blocksize, bs_256x4, padding, padding_64, pixelPerThread, pixelPerThread_3, root
invalid number: 26827 respective config: API, CUDA, TextureMemory, Blocksize, bs_32x4, padding, padding_256, pixelPerThread, pixelPerThread_4, root
invalid number: 21058 respective config: API, CUDA, TextureMemory, Array2D, Blocksize, bs_32x2, padding, padding_352, pixelPerThread, pixelPerThread_3, root
invalid number: 46 respective config: API, OpenCL, TextureMemory, Linear1D, Blocksize, bs_32x1, padding, padding_352, pixelPerThread, pixelPerThread_3, root
invalid number: 10172 respective config: API, OpenCL, TextureMemory, Ldg, LocalMemory, Blocksize, bs_32x16, padding, padding_320, pixelPerThread, pixelPerThread_1, root
invalid number: 1893 respective config: API, OpenCL, TextureMemory, Linear1D, LocalMemory, Blocksize, bs_64x16, padding, padding_448, pixelPerThread, pixelPerThread_2, root
invalid number: 12711 respective config: API, OpenCL, TextureMemory, Blocksize, bs_64x8, padding, padding_480, pixelPerThread, pixelPerThread_4, root
invalid number: 8945 respective config: API, OpenCL, TextureMemory, Ldg, Blocksize, bs_64x4, padding, padding_288, pixelPerThread, pixelPerThread_2, root
invalid number: 7207 respective config: API, OpenCL, TextureMemory, Array2D, LocalMemory, Blocksize, bs_32x1, padding, padding_512, pixelPerThread, pixelPerThread_4, root
invalid number: 6962 respective config: API, OpenCL, TextureMemory, Array2D, Blocksize, bs_64x8, padding, padding_192, pixelPerThread, pixelPerThread_3, root
invalid number: 7713 respective config: API, OpenCL, TextureMemory, Array2D, LocalMemory, Blocksize, bs_128x2, padding, padding_224, pixelPerThread, pixelPerThread_2, root
invalid number: 8945 respective config: API, OpenCL, TextureMemory, Ldg, Blocksize, bs_64x4, padding, padding_288, pixelPerThread, pixelPerThread_2, root
invalid number: 24962 respective config: API, CUDA, TextureMemory, Ldg, LocalMemory, Blocksize, bs_128x8, padding, padding_32, pixelPerThread, pixelPerThread_3, root
invalid number: 28030 respective config: API, CUDA, TextureMemory, LocalMemory, Blocksize, bs_512x2, padding, padding_96, pixelPerThread, pixelPerThread_3, root
invalid number: 25226 respective config: API, CUDA, TextureMemory, Ldg, LocalMemory, Blocksize, bs_512x2, padding, padding_512, pixelPerThread, pixelPerThread_3, root
invalid number: 3950 respective config: API, OpenCL, TextureMemory, Linear2D, Blocksize, bs_32x4, padding, padding_32, pixelPerThread, pixelPerThread_3, root
invalid number: 26668 respective config: API, CUDA, TextureMemory, Blocksize, bs_1024x1, padding, padding_96, pixelPerThread, pixelPerThread_1, root
invalid number: 27482 respective config: API, CUDA, TextureMemory, LocalMemory, Blocksize, bs_64x4, padding, padding_64, pixelPerThread, pixelPerThread_3, root
invalid number: 2426 respective config: API, OpenCL, TextureMemory, Linear1D, LocalMemory, Blocksize, bs_1024x1, padding, padding_352, pixelPerThread, pixelPerThread_3, root
invalid number: 24959 respective config: API, CUDA, TextureMemory, Ldg, LocalMemory, Blocksize, bs_128x8, padding, padding_0, pixelPerThread, pixelPerThread_4, root
invalid number: 109 respective config: API, OpenCL, TextureMemory, Linear1D, Blocksize, bs_32x8, padding, padding_320, pixelPerThread, pixelPerThread_2, root
invalid number: 3109 respective config: API, OpenCL, TextureMemory, Linear2D, Blocksize, bs_32x32, padding, padding_384, pixelPerThread, pixelPerThread_2, root
invalid number: 26122 respective config: API, CUDA, TextureMemory, Blocksize, bs_64x16, padding, padding_64, pixelPerThread, pixelPerThread_3, root
invalid number: 236 respective config: API, OpenCL, TextureMemory, Linear1D, Blocksize, bs_32x32, padding, padding_256, pixelPerThread, pixelPerThread_1, root
invalid number: 9957 respective config: API, OpenCL, TextureMemory, Ldg, Blocksize, bs_256x2, padding, padding_224, pixelPerThread, pixelPerThread_2, root
invalid number: 825 respective config: API, OpenCL, TextureMemory, Linear1D, Blocksize, bs_512x1, padding, padding_64, pixelPerThread, pixelPerThread_2, root
invalid number: 5953 respective config: API, OpenCL, TextureMemory, Array2D, Blocksize, bs_32x32, padding, padding_288, pixelPerThread, pixelPerThread_2, root
invalid number: 3844 respective config: API, OpenCL, TextureMemory, Linear2D, Blocksize, bs_1024x1, padding, padding_288, pixelPerThread, pixelPerThread_1, root
invalid number: 4422 respective config: API, OpenCL, TextureMemory, Linear2D, LocalMemory, Blocksize, bs_32x16, padding, padding_0, pixelPerThread, pixelPerThread_3, root
invalid number: 27987 respective config: API, CUDA, TextureMemory, LocalMemory, Blocksize, bs_512x1, padding, padding_288, pixelPerThread, pixelPerThread_4, root
invalid number: 20314 respective config: API, CUDA, TextureMemory, Array2D, Blocksize, bs_64x1, padding, padding_384, pixelPerThread, pixelPerThread_3, root
invalid number: 93 respective config: API, OpenCL, TextureMemory, Linear1D, Blocksize, bs_32x8, padding, padding_192, pixelPerThread, pixelPerThread_2, root
invalid number: 531 respective config: API, OpenCL, TextureMemory, Linear1D, Blocksize, bs_128x1, padding, padding_416, pixelPerThread, pixelPerThread_4, root
invalid number: 10338 respective config: API, OpenCL, TextureMemory, Ldg, LocalMemory, Blocksize, bs_64x4, padding, padding_0, pixelPerThread, pixelPerThread_3, root
invalid number: 21680 respective config: API, CUDA, TextureMemory, Array2D, LocalMemory, Blocksize, bs_32x32, padding, padding_448, pixelPerThread, pixelPerThread_1, root
invalid number: 1266 respective config: API, OpenCL, TextureMemory, Linear1D, Blocksize, bs_64x8, padding, padding_320, pixelPerThread, pixelPerThread_3, root
invalid number: 13192 respective config: API, OpenCL, TextureMemory, LocalMemory, Blocksize, bs_64x4, padding, padding_0, pixelPerThread, pixelPerThread_1, root
invalid number: 4674 respective config: API, OpenCL, TextureMemory, Linear2D, LocalMemory, Blocksize, bs_64x4, padding, padding_384, pixelPerThread, pixelPerThread_3, root
invalid number: 12418 respective config: API, OpenCL, TextureMemory, Blocksize, bs_1024x1, padding, padding_320, pixelPerThread, pixelPerThread_3, root
invalid number: 2556 respective config: API, OpenCL, TextureMemory, Linear1D, LocalMemory, Blocksize, bs_32x4, padding, padding_320, pixelPerThread, pixelPerThread_1, root
invalid number: 1712 respective config: API, OpenCL, TextureMemory, Linear1D, LocalMemory, Blocksize, bs_64x1, padding, padding_96, pixelPerThread, pixelPerThread_1, root
invalid number: 20055 respective config: API, CUDA, TextureMemory, Array2D, Blocksize, bs_32x1, padding, padding_480, pixelPerThread, pixelPerThread_4, root
invalid number: 3593 respective config: API, OpenCL, TextureMemory, Linear2D, Blocksize, bs_128x8, padding, padding_448, pixelPerThread, pixelPerThread_2, root
invalid number: 10854 respective config: API, OpenCL, TextureMemory, Ldg, LocalMemory, Blocksize, bs_512x1, padding, padding_320, pixelPerThread, pixelPerThread_3, root
invalid number: 712 respective config: API, OpenCL, TextureMemory, Linear1D, Blocksize, bs_128x8, padding, padding_256, pixelPerThread, pixelPerThread_1, root
invalid number: 4327 respective config: API, OpenCL, TextureMemory, Linear2D, LocalMemory, Blocksize, bs_32x1, padding, padding_320, pixelPerThread, pixelPerThread_4, root
invalid number: 9268 respective config: API, OpenCL, TextureMemory, Ldg, Blocksize, bs_128x8, padding, padding_160, pixelPerThread, pixelPerThread_1, root
invalid number: 1079 respective config: API, OpenCL, TextureMemory, Linear1D, Blocksize, bs_32x2, padding, padding_448, pixelPerThread, pixelPerThread_4, root
invalid number: 366 respective config: API, OpenCL, TextureMemory, Linear1D, Blocksize, bs_64x4, padding, padding_192, pixelPerThread, pixelPerThread_3, root
invalid number: 5170 respective config: API, OpenCL, TextureMemory, Linear2D, LocalMemory, Blocksize, bs_512x2, padding, padding_0, pixelPerThread, pixelPerThread_3, root
invalid number: 4510 respective config: API, OpenCL, TextureMemory, Linear2D, LocalMemory, Blocksize, bs_32x32, padding, padding_160, pixelPerThread, pixelPerThread_3, root
invalid number: 6416 respective config: API, OpenCL, TextureMemory, Array2D, Blocksize, bs_128x8, padding, padding_192, pixelPerThread, pixelPerThread_1, root
invalid number: 731 respective config: API, OpenCL, TextureMemory, Linear1D, Blocksize, bs_128x8, padding, padding_384, pixelPerThread, pixelPerThread_4, root
invalid number: 26370 respective config: API, CUDA, TextureMemory, Blocksize, bs_128x4, padding, padding_416, pixelPerThread, pixelPerThread_3, root
ConfigurationSampling done in 1654 ms
28560
LocalMemory ::= (ε, 1) | (LocalMemory, 1) Symbolkind: TERMINAL
root ::= (API, 2)   (TextureMemory, 5)   (LocalMemory, 2)   (Blocksize, 21)   (padding, 17)   (pixelPerThread, 4) Symbolkind: NONTERMINAL
API ::= (OpenCL, 1) | (CUDA, 1) Symbolkind: TERMINAL
TextureMemoryInvis ::= (ε, 1) Symbolkind: TERMINAL
TextureMemory ::= (Linear1D, 1) | (Linear2D, 1) | (Array2D, 1) | (Ldg, 1) | (TextureMemoryInvis, 1) Symbolkind: TERMINAL
Blocksize ::= (bs_32x1, 1) | (bs_32x8, 1) | (bs_32x16, 1) | (bs_32x32, 1) | (bs_64x1, 1) | (bs_64x4, 1) | (bs_64x16, 1) | (bs_128x1, 1) | (bs_128x2, 1) | (bs_128x4, 1) | (bs_128x8, 1) | (bs_256x4, 1) | (bs_512x1, 1) | (bs_512x2, 1) | (bs_1024x1, 1) | (bs_32x2, 1) | (bs_32x4, 1) | (bs_64x2, 1) | (bs_64x8, 1) | (bs_256x1, 1) | (bs_256x2, 1) Symbolkind: TERMINAL
padding ::= (padding_0, 1) | (padding_32, 1) | (padding_64, 1) | (padding_96, 1) | (padding_128, 1) | (padding_160, 1) | (padding_192, 1) | (padding_224, 1) | (padding_256, 1) | (padding_288, 1) | (padding_320, 1) | (padding_352, 1) | (padding_384, 1) | (padding_416, 1) | (padding_448, 1) | (padding_480, 1) | (padding_512, 1) Symbolkind: TERMINAL
pixelPerThread ::= (pixelPerThread_1, 1) | (pixelPerThread_2, 1) | (pixelPerThread_3, 1) | (pixelPerThread_4, 1) Symbolkind: TERMINAL

command: clean-sampling
command: clean-global
command: script ./learn_grammarBased_t2.a
command: log ./out_grammarBased_t2.log
