Current machine learning settings: epsilon:0 lossFunction:RELATIVE parallelization:True bagging:False baggingNumbers:3 considerEpsilonTube:False baggingTestDataFraction:50 useBackward:False abortError:1 limitFeatureSize:False featureSizeTreshold:4 quadraticFunctionSupport:True crossValidation:False crossValidation-k:5 learn-logFunction:False learn-accumulatedLogFunction:False learn-asymFunction:False learn-ratioFunction:False learn-mirrowedFunction:False learn-numeric-disabled:True numberOfRounds:70 backwardErrorDelta:1 minImprovementPerRound:0.1 withHierarchy:False bruteForceCandidates:False ignoreBadFeatures:False stopOnLongRound:True candidateSizePenalty:True learnTimeLimit:00:00:00 scoreMeasure:RELERROR outputRoundsToStdout:False debug:False pythonInfluenceAnalysis:False blacklisted: 
command: solver z3
command: vm /scratch/kallistos/Distance-Based_Data/SupplementaryWebsite/MeasuredPerformanceValues/LLVM/FeatureModel.xml
Warning: Variability model contains outdated notation. Children nodes will no longer have effect on the model. Instead use the parent node to describe the parent of an configuration option. You can also use the converter providedby the Variability Model GUI in export>convert legacy model.
command: all /scratch/kallistos/Distance-Based_Data/SupplementaryWebsite/MeasuredPerformanceValues/LLVM/measurements.xml
Configs with too large deviation: 0
1024 configurations loaded.
command: nfp Performance
command: setsampleset /scratch/kallistos/Distance-Based_Data/Results/LLVM/LLVM_89/sampledConfigurations_divDistBased_t1.csv
command: learn-splconqueror-opt abortError=[1] minImprovementPerRound=[0.1,0.2,0.5] lossFunction=[RELATIVE] quadraticFunctionSupport=[True,False] learn_logFunction=[True,False] learn_asymFunction=[True,False] learn_ratioFunction=[True,False] withHierarchy=[False] useBackward=[False]
Learning: NumberOfConfigurationsLearning:11 NumberOfConfigurationsValidation:11
Learning progress:
1;234.471111111111 * time_passes + 15.9155555555555 * iv_users;1.70759063267949;1.70759063267949;1.70759063267949;1.70759063267949;0.04652;2;15.9155555555555 * iv_users;1;1.90795730864966;
2;229.333611111111 * time_passes + 15.9155555555555 * iv_users + 10.2749999999998 * inline;0.631331024556836;0.631331024556836;0.631331024556836;0.631331024556836;0.053046;3;10.2749999999998 * inline;1;1.07625960812266;
Elapsed=00:00:00.0548535
Learning progress:
1;234.68 * time_passes + 10.3924999999997 * instcombine;6.12707388182203;6.12707388182203;6.12707388182203;6.12707388182203;0.001183;2;10.3924999999997 * instcombine;1;1.85337170660444;
2;234.68 * time_passes + 7.23277777777784 * instcombine + 12.6388888888889 * licm;6.04104022193747;6.04104022193747;6.04104022193747;6.04104022193747;0.006039;3;12.6388888888889 * licm;1;0.0860336598845644;
Elapsed=00:00:00.0061401
Learning progress:
1;233.108333333333 * time_passes + 15.323 * sccp;1.48165330058728;1.48165330058728;1.48165330058728;1.48165330058728;0.001254;2;15.323 * sccp;1;2.71709930135982;
2;233.108333333333 * time_passes + 7.66149999999999 * sccp + 7.66149999999999 * ipsccp;0.278786030768676;0.278786030768676;0.278786030768676;0.278786030768676;0.005711;3;7.66149999999999 * ipsccp;1;1.2028672698186;
Elapsed=00:00:00.0058072
Learning progress:
1;236.98125 * time_passes + 16.6920833333332 * licm;1.78810300765407;1.78810300765407;1.78810300765407;1.78810300765407;0.001255;2;16.6920833333332 * licm;1;3.90449295442059;
2;222.56 * time_passes + 11.8849999999998 * licm + 19.2283333333332 * instcombine;0.803166046351524;0.803166046351524;0.803166046351524;0.803166046351524;0.005211;3;19.2283333333332 * instcombine;1;0.984936961302551;
Elapsed=00:00:00.0053258
Learning progress:
1;236.434166666667 * time_passes + 8.21049999999958 * inline;0.516121367871294;0.516121367871294;0.516121367871294;0.516121367871294;0.00157;2;8.21049999999958 * inline;1;4.7560301646986;
Elapsed=00:00:00.0016612
Learning progress:
1;234.471111111111 * time_passes + 15.9155555555555 * iv_users;1.70759063267949;1.70759063267949;1.70759063267949;1.70759063267949;0.001411;2;15.9155555555555 * iv_users;1;1.90795730864966;
2;229.333611111111 * time_passes + 15.9155555555555 * iv_users + 10.2749999999998 * inline;0.631331024556836;0.631331024556836;0.631331024556836;0.631331024556836;0.005312;3;10.2749999999998 * inline;1;1.07625960812266;
Elapsed=00:00:00.0054322
Learning progress:
1;234.68 * time_passes + 10.3924999999997 * instcombine;6.12707388182203;6.12707388182203;6.12707388182203;6.12707388182203;0.001322;2;10.3924999999997 * instcombine;1;1.85337170660444;
2;234.68 * time_passes + 7.23277777777784 * instcombine + 12.6388888888889 * licm;6.04104022193747;6.04104022193747;6.04104022193747;6.04104022193747;0.00479;3;12.6388888888889 * licm;1;0.0860336598845644;
Elapsed=00:00:00.0048864
Learning progress:
1;233.108333333333 * time_passes + 15.323 * sccp;1.48165330058728;1.48165330058728;1.48165330058728;1.48165330058728;0.001386;2;15.323 * sccp;1;2.71709930135982;
2;233.108333333333 * time_passes + 7.66149999999999 * sccp + 7.66149999999999 * ipsccp;0.278786030768676;0.278786030768676;0.278786030768676;0.278786030768676;0.006044;3;7.66149999999999 * ipsccp;1;1.2028672698186;
Elapsed=00:00:00.0061376
Learning progress:
1;236.98125 * time_passes + 16.6920833333332 * licm;1.78810300765407;1.78810300765407;1.78810300765407;1.78810300765407;0.001226;2;16.6920833333332 * licm;1;3.90449295442059;
2;222.56 * time_passes + 11.8849999999998 * licm + 19.2283333333332 * instcombine;0.803166046351524;0.803166046351524;0.803166046351524;0.803166046351524;0.005218;3;19.2283333333332 * instcombine;1;0.984936961302551;
Elapsed=00:00:00.0053311
Learning progress:
1;236.434166666667 * time_passes + 8.21049999999958 * inline;0.516121367871294;0.516121367871294;0.516121367871294;0.516121367871294;0.001236;2;8.21049999999958 * inline;1;4.7560301646986;
Elapsed=00:00:00.0013274
Learning progress:
1;234.471111111111 * time_passes + 15.9155555555555 * iv_users;1.70759063267949;1.70759063267949;1.70759063267949;1.70759063267949;0.001411;2;15.9155555555555 * iv_users;1;1.90795730864966;
2;229.333611111111 * time_passes + 15.9155555555555 * iv_users + 10.2749999999998 * inline;0.631331024556836;0.631331024556836;0.631331024556836;0.631331024556836;0.005392;3;10.2749999999998 * inline;1;1.07625960812266;
Elapsed=00:00:00.0055177
Learning progress:
1;234.68 * time_passes + 10.3924999999997 * instcombine;6.12707388182203;6.12707388182203;6.12707388182203;6.12707388182203;0.001122;2;10.3924999999997 * instcombine;1;1.85337170660444;
2;234.68 * time_passes + 7.23277777777784 * instcombine + 12.6388888888889 * licm;6.04104022193747;6.04104022193747;6.04104022193747;6.04104022193747;0.004626;3;12.6388888888889 * licm;1;0.0860336598845644;
Elapsed=00:00:00.0047301
Learning progress:
1;233.108333333333 * time_passes + 15.323 * sccp;1.48165330058728;1.48165330058728;1.48165330058728;1.48165330058728;0.001265;2;15.323 * sccp;1;2.71709930135982;
2;233.108333333333 * time_passes + 7.66149999999999 * sccp + 7.66149999999999 * ipsccp;0.278786030768676;0.278786030768676;0.278786030768676;0.278786030768676;0.004988;3;7.66149999999999 * ipsccp;1;1.2028672698186;
Elapsed=00:00:00.0050836
Learning progress:
1;236.98125 * time_passes + 16.6920833333332 * licm;1.78810300765407;1.78810300765407;1.78810300765407;1.78810300765407;0.001579;2;16.6920833333332 * licm;1;3.90449295442059;
2;222.56 * time_passes + 11.8849999999998 * licm + 19.2283333333332 * instcombine;0.803166046351524;0.803166046351524;0.803166046351524;0.803166046351524;0.006238;3;19.2283333333332 * instcombine;1;0.984936961302551;
Elapsed=00:00:00.0063475
Learning progress:
1;236.434166666667 * time_passes + 8.21049999999958 * inline;0.516121367871294;0.516121367871294;0.516121367871294;0.516121367871294;0.001225;2;8.21049999999958 * inline;1;4.7560301646986;
Elapsed=00:00:00.0013132
Learning progress:
1;234.471111111111 * time_passes + 15.9155555555555 * iv_users;1.70759063267949;1.70759063267949;1.70759063267949;1.70759063267949;0.001454;2;15.9155555555555 * iv_users;1;1.90795730864966;
2;229.333611111111 * time_passes + 15.9155555555555 * iv_users + 10.2749999999998 * inline;0.631331024556836;0.631331024556836;0.631331024556836;0.631331024556836;0.005366;3;10.2749999999998 * inline;1;1.07625960812266;
Elapsed=00:00:00.0054965
Learning progress:
1;234.68 * time_passes + 10.3924999999997 * instcombine;6.12707388182203;6.12707388182203;6.12707388182203;6.12707388182203;0.001295;2;10.3924999999997 * instcombine;1;1.85337170660444;
2;234.68 * time_passes + 7.23277777777784 * instcombine + 12.6388888888889 * licm;6.04104022193747;6.04104022193747;6.04104022193747;6.04104022193747;0.004781;3;12.6388888888889 * licm;1;0.0860336598845644;
Elapsed=00:00:00.0048771
Learning progress:
1;233.108333333333 * time_passes + 15.323 * sccp;1.48165330058728;1.48165330058728;1.48165330058728;1.48165330058728;0.001909;2;15.323 * sccp;1;2.71709930135982;
2;233.108333333333 * time_passes + 7.66149999999999 * sccp + 7.66149999999999 * ipsccp;0.278786030768676;0.278786030768676;0.278786030768676;0.278786030768676;0.005723;3;7.66149999999999 * ipsccp;1;1.2028672698186;
Elapsed=00:00:00.0058174
Learning progress:
1;236.98125 * time_passes + 16.6920833333332 * licm;1.78810300765407;1.78810300765407;1.78810300765407;1.78810300765407;0.001247;2;16.6920833333332 * licm;1;3.90449295442059;
2;222.56 * time_passes + 11.8849999999998 * licm + 19.2283333333332 * instcombine;0.803166046351524;0.803166046351524;0.803166046351524;0.803166046351524;0.005386;3;19.2283333333332 * instcombine;1;0.984936961302551;
Elapsed=00:00:00.0054949
Learning progress:
1;236.434166666667 * time_passes + 8.21049999999958 * inline;0.516121367871294;0.516121367871294;0.516121367871294;0.516121367871294;0.001425;2;8.21049999999958 * inline;1;4.7560301646986;
Elapsed=00:00:00.0015140
Learning progress:
1;234.471111111111 * time_passes + 15.9155555555555 * iv_users;1.70759063267949;1.70759063267949;1.70759063267949;1.70759063267949;0.001362;2;15.9155555555555 * iv_users;1;1.90795730864966;
2;229.333611111111 * time_passes + 15.9155555555555 * iv_users + 10.2749999999998 * inline;0.631331024556836;0.631331024556836;0.631331024556836;0.631331024556836;0.00605;3;10.2749999999998 * inline;1;1.07625960812266;
Elapsed=00:00:00.0061942
Learning progress:
1;234.68 * time_passes + 10.3924999999997 * instcombine;6.12707388182203;6.12707388182203;6.12707388182203;6.12707388182203;0.001369;2;10.3924999999997 * instcombine;1;1.85337170660444;
2;234.68 * time_passes + 7.23277777777784 * instcombine + 12.6388888888889 * licm;6.04104022193747;6.04104022193747;6.04104022193747;6.04104022193747;0.004851;3;12.6388888888889 * licm;1;0.0860336598845644;
Elapsed=00:00:00.0049482
Learning progress:
1;233.108333333333 * time_passes + 15.323 * sccp;1.48165330058728;1.48165330058728;1.48165330058728;1.48165330058728;0.001265;2;15.323 * sccp;1;2.71709930135982;
2;233.108333333333 * time_passes + 7.66149999999999 * sccp + 7.66149999999999 * ipsccp;0.278786030768676;0.278786030768676;0.278786030768676;0.278786030768676;0.005052;3;7.66149999999999 * ipsccp;1;1.2028672698186;
Elapsed=00:00:00.0051661
Learning progress:
1;236.98125 * time_passes + 16.6920833333332 * licm;1.78810300765407;1.78810300765407;1.78810300765407;1.78810300765407;0.002209;2;16.6920833333332 * licm;1;3.90449295442059;
2;222.56 * time_passes + 11.8849999999998 * licm + 19.2283333333332 * instcombine;0.803166046351524;0.803166046351524;0.803166046351524;0.803166046351524;0.006074;3;19.2283333333332 * instcombine;1;0.984936961302551;
Elapsed=00:00:00.0061819
Learning progress:
1;236.434166666667 * time_passes + 8.21049999999958 * inline;0.516121367871294;0.516121367871294;0.516121367871294;0.516121367871294;0.001182;2;8.21049999999958 * inline;1;4.7560301646986;
Elapsed=00:00:00.0012693
Learning progress:
1;234.471111111111 * time_passes + 15.9155555555555 * iv_users;1.70759063267949;1.70759063267949;1.70759063267949;1.70759063267949;0.001369;2;15.9155555555555 * iv_users;1;1.90795730864966;
2;229.333611111111 * time_passes + 15.9155555555555 * iv_users + 10.2749999999998 * inline;0.631331024556836;0.631331024556836;0.631331024556836;0.631331024556836;0.005253;3;10.2749999999998 * inline;1;1.07625960812266;
Elapsed=00:00:00.0053713
Learning progress:
1;234.68 * time_passes + 10.3924999999997 * instcombine;6.12707388182203;6.12707388182203;6.12707388182203;6.12707388182203;0.001415;2;10.3924999999997 * instcombine;1;1.85337170660444;
2;234.68 * time_passes + 7.23277777777784 * instcombine + 12.6388888888889 * licm;6.04104022193747;6.04104022193747;6.04104022193747;6.04104022193747;0.005603;3;12.6388888888889 * licm;1;0.0860336598845644;
Elapsed=00:00:00.0056991
Learning progress:
1;233.108333333333 * time_passes + 15.323 * sccp;1.48165330058728;1.48165330058728;1.48165330058728;1.48165330058728;0.001339;2;15.323 * sccp;1;2.71709930135982;
2;233.108333333333 * time_passes + 7.66149999999999 * sccp + 7.66149999999999 * ipsccp;0.278786030768676;0.278786030768676;0.278786030768676;0.278786030768676;0.005267;3;7.66149999999999 * ipsccp;1;1.2028672698186;
Elapsed=00:00:00.0053627
Learning progress:
1;236.98125 * time_passes + 16.6920833333332 * licm;1.78810300765407;1.78810300765407;1.78810300765407;1.78810300765407;0.001244;2;16.6920833333332 * licm;1;3.90449295442059;
2;222.56 * time_passes + 11.8849999999998 * licm + 19.2283333333332 * instcombine;0.803166046351524;0.803166046351524;0.803166046351524;0.803166046351524;0.005243;3;19.2283333333332 * instcombine;1;0.984936961302551;
Elapsed=00:00:00.0053524
Learning progress:
1;236.434166666667 * time_passes + 8.21049999999958 * inline;0.516121367871294;0.516121367871294;0.516121367871294;0.516121367871294;0.00208;2;8.21049999999958 * inline;1;4.7560301646986;
Elapsed=00:00:00.0021712
Learning progress:
1;234.471111111111 * time_passes + 15.9155555555555 * iv_users;1.70759063267949;1.70759063267949;1.70759063267949;1.70759063267949;0.001429;2;15.9155555555555 * iv_users;1;1.90795730864966;
2;229.333611111111 * time_passes + 15.9155555555555 * iv_users + 10.2749999999998 * inline;0.631331024556836;0.631331024556836;0.631331024556836;0.631331024556836;0.00552;3;10.2749999999998 * inline;1;1.07625960812266;
Elapsed=00:00:00.0056394
Learning progress:
1;234.68 * time_passes + 10.3924999999997 * instcombine;6.12707388182203;6.12707388182203;6.12707388182203;6.12707388182203;0.001231;2;10.3924999999997 * instcombine;1;1.85337170660444;
2;234.68 * time_passes + 7.23277777777784 * instcombine + 12.6388888888889 * licm;6.04104022193747;6.04104022193747;6.04104022193747;6.04104022193747;0.004738;3;12.6388888888889 * licm;1;0.0860336598845644;
Elapsed=00:00:00.0048351
Learning progress:
1;233.108333333333 * time_passes + 15.323 * sccp;1.48165330058728;1.48165330058728;1.48165330058728;1.48165330058728;0.001254;2;15.323 * sccp;1;2.71709930135982;
2;233.108333333333 * time_passes + 7.66149999999999 * sccp + 7.66149999999999 * ipsccp;0.278786030768676;0.278786030768676;0.278786030768676;0.278786030768676;0.005748;3;7.66149999999999 * ipsccp;1;1.2028672698186;
Elapsed=00:00:00.0058417
Learning progress:
1;236.98125 * time_passes + 16.6920833333332 * licm;1.78810300765407;1.78810300765407;1.78810300765407;1.78810300765407;0.001242;2;16.6920833333332 * licm;1;3.90449295442059;
2;222.56 * time_passes + 11.8849999999998 * licm + 19.2283333333332 * instcombine;0.803166046351524;0.803166046351524;0.803166046351524;0.803166046351524;0.00518;3;19.2283333333332 * instcombine;1;0.984936961302551;
Elapsed=00:00:00.0052878
Learning progress:
1;236.434166666667 * time_passes + 8.21049999999958 * inline;0.516121367871294;0.516121367871294;0.516121367871294;0.516121367871294;0.001218;2;8.21049999999958 * inline;1;4.7560301646986;
Elapsed=00:00:00.0013065
Learning progress:
1;234.471111111111 * time_passes + 15.9155555555555 * iv_users;1.70759063267949;1.70759063267949;1.70759063267949;1.70759063267949;0.001356;2;15.9155555555555 * iv_users;1;1.90795730864966;
2;229.333611111111 * time_passes + 15.9155555555555 * iv_users + 10.2749999999998 * inline;0.631331024556836;0.631331024556836;0.631331024556836;0.631331024556836;0.006264;3;10.2749999999998 * inline;1;1.07625960812266;
Elapsed=00:00:00.0063840
Learning progress:
1;234.68 * time_passes + 10.3924999999997 * instcombine;6.12707388182203;6.12707388182203;6.12707388182203;6.12707388182203;0.001593;2;10.3924999999997 * instcombine;1;1.85337170660444;
2;234.68 * time_passes + 7.23277777777784 * instcombine + 12.6388888888889 * licm;6.04104022193747;6.04104022193747;6.04104022193747;6.04104022193747;0.005055;3;12.6388888888889 * licm;1;0.0860336598845644;
Elapsed=00:00:00.0051522
Learning progress:
1;233.108333333333 * time_passes + 15.323 * sccp;1.48165330058728;1.48165330058728;1.48165330058728;1.48165330058728;0.001277;2;15.323 * sccp;1;2.71709930135982;
2;233.108333333333 * time_passes + 7.66149999999999 * sccp + 7.66149999999999 * ipsccp;0.278786030768676;0.278786030768676;0.278786030768676;0.278786030768676;0.005244;3;7.66149999999999 * ipsccp;1;1.2028672698186;
Elapsed=00:00:00.0053368
Learning progress:
1;236.98125 * time_passes + 16.6920833333332 * licm;1.78810300765407;1.78810300765407;1.78810300765407;1.78810300765407;0.001214;2;16.6920833333332 * licm;1;3.90449295442059;
2;222.56 * time_passes + 11.8849999999998 * licm + 19.2283333333332 * instcombine;0.803166046351524;0.803166046351524;0.803166046351524;0.803166046351524;0.006063;3;19.2283333333332 * instcombine;1;0.984936961302551;
Elapsed=00:00:00.0061769
Learning progress:
1;236.434166666667 * time_passes + 8.21049999999958 * inline;0.516121367871294;0.516121367871294;0.516121367871294;0.516121367871294;0.001172;2;8.21049999999958 * inline;1;4.7560301646986;
Elapsed=00:00:00.0012619
Learning progress:
1;234.471111111111 * time_passes + 15.9155555555555 * iv_users;1.70759063267949;1.70759063267949;1.70759063267949;1.70759063267949;0.00145;2;15.9155555555555 * iv_users;1;1.90795730864966;
2;229.333611111111 * time_passes + 15.9155555555555 * iv_users + 10.2749999999998 * inline;0.631331024556836;0.631331024556836;0.631331024556836;0.631331024556836;0.005585;3;10.2749999999998 * inline;1;1.07625960812266;
Elapsed=00:00:00.0057041
Learning progress:
1;234.68 * time_passes + 10.3924999999997 * instcombine;6.12707388182203;6.12707388182203;6.12707388182203;6.12707388182203;0.001242;2;10.3924999999997 * instcombine;1;1.85337170660444;
2;234.68 * time_passes + 7.23277777777784 * instcombine + 12.6388888888889 * licm;6.04104022193747;6.04104022193747;6.04104022193747;6.04104022193747;0.005815;3;12.6388888888889 * licm;1;0.0860336598845644;
Elapsed=00:00:00.0059136
Learning progress:
1;233.108333333333 * time_passes + 15.323 * sccp;1.48165330058728;1.48165330058728;1.48165330058728;1.48165330058728;0.001227;2;15.323 * sccp;1;2.71709930135982;
2;233.108333333333 * time_passes + 7.66149999999999 * sccp + 7.66149999999999 * ipsccp;0.278786030768676;0.278786030768676;0.278786030768676;0.278786030768676;0.00524;3;7.66149999999999 * ipsccp;1;1.2028672698186;
Elapsed=00:00:00.0053375
Learning progress:
1;236.98125 * time_passes + 16.6920833333332 * licm;1.78810300765407;1.78810300765407;1.78810300765407;1.78810300765407;0.001603;2;16.6920833333332 * licm;1;3.90449295442059;
2;222.56 * time_passes + 11.8849999999998 * licm + 19.2283333333332 * instcombine;0.803166046351524;0.803166046351524;0.803166046351524;0.803166046351524;0.005722;3;19.2283333333332 * instcombine;1;0.984936961302551;
Elapsed=00:00:00.0058368
Learning progress:
1;236.434166666667 * time_passes + 8.21049999999958 * inline;0.516121367871294;0.516121367871294;0.516121367871294;0.516121367871294;0.001426;2;8.21049999999958 * inline;1;4.7560301646986;
Elapsed=00:00:00.0015169
Learning progress:
1;234.471111111111 * time_passes + 15.9155555555555 * iv_users;1.70759063267949;1.70759063267949;1.70759063267949;1.70759063267949;0.001558;2;15.9155555555555 * iv_users;1;1.90795730864966;
2;229.333611111111 * time_passes + 15.9155555555555 * iv_users + 10.2749999999998 * inline;0.631331024556836;0.631331024556836;0.631331024556836;0.631331024556836;0.005512;3;10.2749999999998 * inline;1;1.07625960812266;
Elapsed=00:00:00.0056313
Learning progress:
1;234.68 * time_passes + 10.3924999999997 * instcombine;6.12707388182203;6.12707388182203;6.12707388182203;6.12707388182203;0.001355;2;10.3924999999997 * instcombine;1;1.85337170660444;
2;234.68 * time_passes + 7.23277777777784 * instcombine + 12.6388888888889 * licm;6.04104022193747;6.04104022193747;6.04104022193747;6.04104022193747;0.004825;3;12.6388888888889 * licm;1;0.0860336598845644;
Elapsed=00:00:00.0049309
Learning progress:
1;233.108333333333 * time_passes + 15.323 * sccp;1.48165330058728;1.48165330058728;1.48165330058728;1.48165330058728;0.00131;2;15.323 * sccp;1;2.71709930135982;
2;233.108333333333 * time_passes + 7.66149999999999 * sccp + 7.66149999999999 * ipsccp;0.278786030768676;0.278786030768676;0.278786030768676;0.278786030768676;0.006224;3;7.66149999999999 * ipsccp;1;1.2028672698186;
Elapsed=00:00:00.0063192
Learning progress:
1;236.98125 * time_passes + 16.6920833333332 * licm;1.78810300765407;1.78810300765407;1.78810300765407;1.78810300765407;0.001528;2;16.6920833333332 * licm;1;3.90449295442059;
2;222.56 * time_passes + 11.8849999999998 * licm + 19.2283333333332 * instcombine;0.803166046351524;0.803166046351524;0.803166046351524;0.803166046351524;0.005704;3;19.2283333333332 * instcombine;1;0.984936961302551;
Elapsed=00:00:00.0058123
Learning progress:
1;236.434166666667 * time_passes + 8.21049999999958 * inline;0.516121367871294;0.516121367871294;0.516121367871294;0.516121367871294;0.001635;2;8.21049999999958 * inline;1;4.7560301646986;
Elapsed=00:00:00.0017246
Learning progress:
1;234.471111111111 * time_passes + 15.9155555555555 * iv_users;1.70759063267949;1.70759063267949;1.70759063267949;1.70759063267949;0.001495;2;15.9155555555555 * iv_users;1;1.90795730864966;
2;229.333611111111 * time_passes + 15.9155555555555 * iv_users + 10.2749999999998 * inline;0.631331024556836;0.631331024556836;0.631331024556836;0.631331024556836;0.005444;3;10.2749999999998 * inline;1;1.07625960812266;
Elapsed=00:00:00.0055661
Learning progress:
1;234.68 * time_passes + 10.3924999999997 * instcombine;6.12707388182203;6.12707388182203;6.12707388182203;6.12707388182203;0.001348;2;10.3924999999997 * instcombine;1;1.85337170660444;
2;234.68 * time_passes + 7.23277777777784 * instcombine + 12.6388888888889 * licm;6.04104022193747;6.04104022193747;6.04104022193747;6.04104022193747;0.00483;3;12.6388888888889 * licm;1;0.0860336598845644;
Elapsed=00:00:00.0049267
Learning progress:
1;233.108333333333 * time_passes + 15.323 * sccp;1.48165330058728;1.48165330058728;1.48165330058728;1.48165330058728;0.00164;2;15.323 * sccp;1;2.71709930135982;
2;233.108333333333 * time_passes + 7.66149999999999 * sccp + 7.66149999999999 * ipsccp;0.278786030768676;0.278786030768676;0.278786030768676;0.278786030768676;0.005823;3;7.66149999999999 * ipsccp;1;1.2028672698186;
Elapsed=00:00:00.0059140
Learning progress:
1;236.98125 * time_passes + 16.6920833333332 * licm;1.78810300765407;1.78810300765407;1.78810300765407;1.78810300765407;0.001227;2;16.6920833333332 * licm;1;3.90449295442059;
2;222.56 * time_passes + 11.8849999999998 * licm + 19.2283333333332 * instcombine;0.803166046351524;0.803166046351524;0.803166046351524;0.803166046351524;0.005969;3;19.2283333333332 * instcombine;1;0.984936961302551;
Elapsed=00:00:00.0061422
Learning progress:
1;236.434166666667 * time_passes + 8.21049999999958 * inline;0.516121367871294;0.516121367871294;0.516121367871294;0.516121367871294;0.001228;2;8.21049999999958 * inline;1;4.7560301646986;
Elapsed=00:00:00.0013223
Learning progress:
1;234.471111111111 * time_passes + 15.9155555555555 * iv_users;1.70759063267949;1.70759063267949;1.70759063267949;1.70759063267949;0.001564;2;15.9155555555555 * iv_users;1;1.90795730864966;
2;229.333611111111 * time_passes + 15.9155555555555 * iv_users + 10.2749999999998 * inline;0.631331024556836;0.631331024556836;0.631331024556836;0.631331024556836;0.006339;3;10.2749999999998 * inline;1;1.07625960812266;
Elapsed=00:00:00.0064577
Learning progress:
1;234.68 * time_passes + 10.3924999999997 * instcombine;6.12707388182203;6.12707388182203;6.12707388182203;6.12707388182203;0.001104;2;10.3924999999997 * instcombine;1;1.85337170660444;
2;234.68 * time_passes + 7.23277777777784 * instcombine + 12.6388888888889 * licm;6.04104022193747;6.04104022193747;6.04104022193747;6.04104022193747;0.004705;3;12.6388888888889 * licm;1;0.0860336598845644;
Elapsed=00:00:00.0048025
Learning progress:
1;233.108333333333 * time_passes + 15.323 * sccp;1.48165330058728;1.48165330058728;1.48165330058728;1.48165330058728;0.001221;2;15.323 * sccp;1;2.71709930135982;
2;233.108333333333 * time_passes + 7.66149999999999 * sccp + 7.66149999999999 * ipsccp;0.278786030768676;0.278786030768676;0.278786030768676;0.278786030768676;0.00499;3;7.66149999999999 * ipsccp;1;1.2028672698186;
Elapsed=00:00:00.0050834
Learning progress:
1;236.98125 * time_passes + 16.6920833333332 * licm;1.78810300765407;1.78810300765407;1.78810300765407;1.78810300765407;0.001441;2;16.6920833333332 * licm;1;3.90449295442059;
2;222.56 * time_passes + 11.8849999999998 * licm + 19.2283333333332 * instcombine;0.803166046351524;0.803166046351524;0.803166046351524;0.803166046351524;0.005336;3;19.2283333333332 * instcombine;1;0.984936961302551;
Elapsed=00:00:00.0054447
Learning progress:
1;236.434166666667 * time_passes + 8.21049999999958 * inline;0.516121367871294;0.516121367871294;0.516121367871294;0.516121367871294;0.001248;2;8.21049999999958 * inline;1;4.7560301646986;
Elapsed=00:00:00.0013357
Learning progress:
1;234.471111111111 * time_passes + 15.9155555555555 * iv_users;1.70759063267949;1.70759063267949;1.70759063267949;1.70759063267949;0.002293;2;15.9155555555555 * iv_users;1;1.90795730864966;
2;229.333611111111 * time_passes + 15.9155555555555 * iv_users + 10.2749999999998 * inline;0.631331024556836;0.631331024556836;0.631331024556836;0.631331024556836;0.006218;3;10.2749999999998 * inline;1;1.07625960812266;
Elapsed=00:00:00.0063364
Learning progress:
1;234.68 * time_passes + 10.3924999999997 * instcombine;6.12707388182203;6.12707388182203;6.12707388182203;6.12707388182203;0.001455;2;10.3924999999997 * instcombine;1;1.85337170660444;
2;234.68 * time_passes + 7.23277777777784 * instcombine + 12.6388888888889 * licm;6.04104022193747;6.04104022193747;6.04104022193747;6.04104022193747;0.004876;3;12.6388888888889 * licm;1;0.0860336598845644;
Elapsed=00:00:00.0049729
Learning progress:
1;233.108333333333 * time_passes + 15.323 * sccp;1.48165330058728;1.48165330058728;1.48165330058728;1.48165330058728;0.001472;2;15.323 * sccp;1;2.71709930135982;
2;233.108333333333 * time_passes + 7.66149999999999 * sccp + 7.66149999999999 * ipsccp;0.278786030768676;0.278786030768676;0.278786030768676;0.278786030768676;0.005269;3;7.66149999999999 * ipsccp;1;1.2028672698186;
Elapsed=00:00:00.0053647
Learning progress:
1;236.98125 * time_passes + 16.6920833333332 * licm;1.78810300765407;1.78810300765407;1.78810300765407;1.78810300765407;0.001392;2;16.6920833333332 * licm;1;3.90449295442059;
2;222.56 * time_passes + 11.8849999999998 * licm + 19.2283333333332 * instcombine;0.803166046351524;0.803166046351524;0.803166046351524;0.803166046351524;0.005412;3;19.2283333333332 * instcombine;1;0.984936961302551;
Elapsed=00:00:00.0055209
Learning progress:
1;236.434166666667 * time_passes + 8.21049999999958 * inline;0.516121367871294;0.516121367871294;0.516121367871294;0.516121367871294;0.00122;2;8.21049999999958 * inline;1;4.7560301646986;
Elapsed=00:00:00.0013087
Learning progress:
1;234.471111111111 * time_passes + 15.9155555555555 * iv_users;1.70759063267949;1.70759063267949;1.70759063267949;1.70759063267949;0.001365;2;15.9155555555555 * iv_users;1;1.90795730864966;
2;229.333611111111 * time_passes + 15.9155555555555 * iv_users + 10.2749999999998 * inline;0.631331024556836;0.631331024556836;0.631331024556836;0.631331024556836;0.005292;3;10.2749999999998 * inline;1;1.07625960812266;
Elapsed=00:00:00.0054110
Learning progress:
1;234.68 * time_passes + 10.3924999999997 * instcombine;6.12707388182203;6.12707388182203;6.12707388182203;6.12707388182203;0.002034;2;10.3924999999997 * instcombine;1;1.85337170660444;
2;234.68 * time_passes + 7.23277777777784 * instcombine + 12.6388888888889 * licm;6.04104022193747;6.04104022193747;6.04104022193747;6.04104022193747;0.005652;3;12.6388888888889 * licm;1;0.0860336598845644;
Elapsed=00:00:00.0057509
Learning progress:
1;233.108333333333 * time_passes + 15.323 * sccp;1.48165330058728;1.48165330058728;1.48165330058728;1.48165330058728;0.001273;2;15.323 * sccp;1;2.71709930135982;
2;233.108333333333 * time_passes + 7.66149999999999 * sccp + 7.66149999999999 * ipsccp;0.278786030768676;0.278786030768676;0.278786030768676;0.278786030768676;0.005433;3;7.66149999999999 * ipsccp;1;1.2028672698186;
Elapsed=00:00:00.0055295
Learning progress:
1;236.98125 * time_passes + 16.6920833333332 * licm;1.78810300765407;1.78810300765407;1.78810300765407;1.78810300765407;0.001263;2;16.6920833333332 * licm;1;3.90449295442059;
2;222.56 * time_passes + 11.8849999999998 * licm + 19.2283333333332 * instcombine;0.803166046351524;0.803166046351524;0.803166046351524;0.803166046351524;0.005222;3;19.2283333333332 * instcombine;1;0.984936961302551;
Elapsed=00:00:00.0053314
Learning progress:
1;236.434166666667 * time_passes + 8.21049999999958 * inline;0.516121367871294;0.516121367871294;0.516121367871294;0.516121367871294;0.001297;2;8.21049999999958 * inline;1;4.7560301646986;
Elapsed=00:00:00.0013865
Learning progress:
1;234.471111111111 * time_passes + 15.9155555555555 * iv_users;1.70759063267949;1.70759063267949;1.70759063267949;1.70759063267949;0.001502;2;15.9155555555555 * iv_users;1;1.90795730864966;
2;229.333611111111 * time_passes + 15.9155555555555 * iv_users + 10.2749999999998 * inline;0.631331024556836;0.631331024556836;0.631331024556836;0.631331024556836;0.005405;3;10.2749999999998 * inline;1;1.07625960812266;
Elapsed=00:00:00.0055234
Learning progress:
1;234.68 * time_passes + 10.3924999999997 * instcombine;6.12707388182203;6.12707388182203;6.12707388182203;6.12707388182203;0.001176;2;10.3924999999997 * instcombine;1;1.85337170660444;
2;234.68 * time_passes + 7.23277777777784 * instcombine + 12.6388888888889 * licm;6.04104022193747;6.04104022193747;6.04104022193747;6.04104022193747;0.005069;3;12.6388888888889 * licm;1;0.0860336598845644;
Elapsed=00:00:00.0051668
Learning progress:
1;233.108333333333 * time_passes + 15.323 * sccp;1.48165330058728;1.48165330058728;1.48165330058728;1.48165330058728;0.001974;2;15.323 * sccp;1;2.71709930135982;
2;233.108333333333 * time_passes + 7.66149999999999 * sccp + 7.66149999999999 * ipsccp;0.278786030768676;0.278786030768676;0.278786030768676;0.278786030768676;0.005694;3;7.66149999999999 * ipsccp;1;1.2028672698186;
Elapsed=00:00:00.0057874
Learning progress:
1;236.98125 * time_passes + 16.6920833333332 * licm;1.78810300765407;1.78810300765407;1.78810300765407;1.78810300765407;0.00141;2;16.6920833333332 * licm;1;3.90449295442059;
2;222.56 * time_passes + 11.8849999999998 * licm + 19.2283333333332 * instcombine;0.803166046351524;0.803166046351524;0.803166046351524;0.803166046351524;0.005513;3;19.2283333333332 * instcombine;1;0.984936961302551;
Elapsed=00:00:00.0056226
Learning progress:
1;236.434166666667 * time_passes + 8.21049999999958 * inline;0.516121367871294;0.516121367871294;0.516121367871294;0.516121367871294;0.001285;2;8.21049999999958 * inline;1;4.7560301646986;
Elapsed=00:00:00.0013738
Learning progress:
1;234.471111111111 * time_passes + 15.9155555555555 * iv_users;1.70759063267949;1.70759063267949;1.70759063267949;1.70759063267949;0.00138;2;15.9155555555555 * iv_users;1;1.90795730864966;
2;229.333611111111 * time_passes + 15.9155555555555 * iv_users + 10.2749999999998 * inline;0.631331024556836;0.631331024556836;0.631331024556836;0.631331024556836;0.006329;3;10.2749999999998 * inline;1;1.07625960812266;
Elapsed=00:00:00.0064483
Learning progress:
1;234.68 * time_passes + 10.3924999999997 * instcombine;6.12707388182203;6.12707388182203;6.12707388182203;6.12707388182203;0.001132;2;10.3924999999997 * instcombine;1;1.85337170660444;
2;234.68 * time_passes + 7.23277777777784 * instcombine + 12.6388888888889 * licm;6.04104022193747;6.04104022193747;6.04104022193747;6.04104022193747;0.004664;3;12.6388888888889 * licm;1;0.0860336598845644;
Elapsed=00:00:00.0047623
Learning progress:
1;233.108333333333 * time_passes + 15.323 * sccp;1.48165330058728;1.48165330058728;1.48165330058728;1.48165330058728;0.001536;2;15.323 * sccp;1;2.71709930135982;
2;233.108333333333 * time_passes + 7.66149999999999 * sccp + 7.66149999999999 * ipsccp;0.278786030768676;0.278786030768676;0.278786030768676;0.278786030768676;0.005429;3;7.66149999999999 * ipsccp;1;1.2028672698186;
Elapsed=00:00:00.0055366
Learning progress:
1;236.98125 * time_passes + 16.6920833333332 * licm;1.78810300765407;1.78810300765407;1.78810300765407;1.78810300765407;0.002373;2;16.6920833333332 * licm;1;3.90449295442059;
2;222.56 * time_passes + 11.8849999999998 * licm + 19.2283333333332 * instcombine;0.803166046351524;0.803166046351524;0.803166046351524;0.803166046351524;0.006321;3;19.2283333333332 * instcombine;1;0.984936961302551;
Elapsed=00:00:00.0064299
Learning progress:
1;236.434166666667 * time_passes + 8.21049999999958 * inline;0.516121367871294;0.516121367871294;0.516121367871294;0.516121367871294;0.001566;2;8.21049999999958 * inline;1;4.7560301646986;
Elapsed=00:00:00.0016571
Learning progress:
1;234.471111111111 * time_passes + 15.9155555555555 * iv_users;1.70759063267949;1.70759063267949;1.70759063267949;1.70759063267949;0.001394;2;15.9155555555555 * iv_users;1;1.90795730864966;
2;229.333611111111 * time_passes + 15.9155555555555 * iv_users + 10.2749999999998 * inline;0.631331024556836;0.631331024556836;0.631331024556836;0.631331024556836;0.005288;3;10.2749999999998 * inline;1;1.07625960812266;
Elapsed=00:00:00.0054072
Learning progress:
1;234.68 * time_passes + 10.3924999999997 * instcombine;6.12707388182203;6.12707388182203;6.12707388182203;6.12707388182203;0.00144;2;10.3924999999997 * instcombine;1;1.85337170660444;
2;234.68 * time_passes + 7.23277777777784 * instcombine + 12.6388888888889 * licm;6.04104022193747;6.04104022193747;6.04104022193747;6.04104022193747;0.005917;3;12.6388888888889 * licm;1;0.0860336598845644;
Elapsed=00:00:00.0060189
Learning progress:
1;233.108333333333 * time_passes + 15.323 * sccp;1.48165330058728;1.48165330058728;1.48165330058728;1.48165330058728;0.001223;2;15.323 * sccp;1;2.71709930135982;
2;233.108333333333 * time_passes + 7.66149999999999 * sccp + 7.66149999999999 * ipsccp;0.278786030768676;0.278786030768676;0.278786030768676;0.278786030768676;0.005131;3;7.66149999999999 * ipsccp;1;1.2028672698186;
Elapsed=00:00:00.0052250
Learning progress:
1;236.98125 * time_passes + 16.6920833333332 * licm;1.78810300765407;1.78810300765407;1.78810300765407;1.78810300765407;0.00141;2;16.6920833333332 * licm;1;3.90449295442059;
2;222.56 * time_passes + 11.8849999999998 * licm + 19.2283333333332 * instcombine;0.803166046351524;0.803166046351524;0.803166046351524;0.803166046351524;0.005293;3;19.2283333333332 * instcombine;1;0.984936961302551;
Elapsed=00:00:00.0054092
Learning progress:
1;236.434166666667 * time_passes + 8.21049999999958 * inline;0.516121367871294;0.516121367871294;0.516121367871294;0.516121367871294;0.002359;2;8.21049999999958 * inline;1;4.7560301646986;
Elapsed=00:00:00.0024563
Learning progress:
1;234.471111111111 * time_passes + 15.9155555555555 * iv_users;1.70759063267949;1.70759063267949;1.70759063267949;1.70759063267949;0.001426;2;15.9155555555555 * iv_users;1;1.90795730864966;
2;229.333611111111 * time_passes + 15.9155555555555 * iv_users + 10.2749999999998 * inline;0.631331024556836;0.631331024556836;0.631331024556836;0.631331024556836;0.005341;3;10.2749999999998 * inline;1;1.07625960812266;
Elapsed=00:00:00.0054659
Learning progress:
1;234.68 * time_passes + 10.3924999999997 * instcombine;6.12707388182203;6.12707388182203;6.12707388182203;6.12707388182203;0.001118;2;10.3924999999997 * instcombine;1;1.85337170660444;
2;234.68 * time_passes + 7.23277777777784 * instcombine + 12.6388888888889 * licm;6.04104022193747;6.04104022193747;6.04104022193747;6.04104022193747;0.004696;3;12.6388888888889 * licm;1;0.0860336598845644;
Elapsed=00:00:00.0047918
Learning progress:
1;233.108333333333 * time_passes + 15.323 * sccp;1.48165330058728;1.48165330058728;1.48165330058728;1.48165330058728;0.001425;2;15.323 * sccp;1;2.71709930135982;
2;233.108333333333 * time_passes + 7.66149999999999 * sccp + 7.66149999999999 * ipsccp;0.278786030768676;0.278786030768676;0.278786030768676;0.278786030768676;0.006022;3;7.66149999999999 * ipsccp;1;1.2028672698186;
Elapsed=00:00:00.0061256
Learning progress:
1;236.98125 * time_passes + 16.6920833333332 * licm;1.78810300765407;1.78810300765407;1.78810300765407;1.78810300765407;0.001535;2;16.6920833333332 * licm;1;3.90449295442059;
2;222.56 * time_passes + 11.8849999999998 * licm + 19.2283333333332 * instcombine;0.803166046351524;0.803166046351524;0.803166046351524;0.803166046351524;0.005633;3;19.2283333333332 * instcombine;1;0.984936961302551;
Elapsed=00:00:00.0057416
Learning progress:
1;236.434166666667 * time_passes + 8.21049999999958 * inline;0.516121367871294;0.516121367871294;0.516121367871294;0.516121367871294;0.001303;2;8.21049999999958 * inline;1;4.7560301646986;
Elapsed=00:00:00.0013919
Learning progress:
1;234.471111111111 * time_passes + 15.9155555555555 * iv_users;1.70759063267949;1.70759063267949;1.70759063267949;1.70759063267949;0.001555;2;15.9155555555555 * iv_users;1;1.90795730864966;
2;229.333611111111 * time_passes + 15.9155555555555 * iv_users + 10.2749999999998 * inline;0.631331024556836;0.631331024556836;0.631331024556836;0.631331024556836;0.006415;3;10.2749999999998 * inline;1;1.07625960812266;
Elapsed=00:00:00.0065338
Learning progress:
1;234.68 * time_passes + 10.3924999999997 * instcombine;6.12707388182203;6.12707388182203;6.12707388182203;6.12707388182203;0.001299;2;10.3924999999997 * instcombine;1;1.85337170660444;
2;234.68 * time_passes + 7.23277777777784 * instcombine + 12.6388888888889 * licm;6.04104022193747;6.04104022193747;6.04104022193747;6.04104022193747;0.005013;3;12.6388888888889 * licm;1;0.0860336598845644;
Elapsed=00:00:00.0051086
Learning progress:
1;233.108333333333 * time_passes + 15.323 * sccp;1.48165330058728;1.48165330058728;1.48165330058728;1.48165330058728;0.001208;2;15.323 * sccp;1;2.71709930135982;
2;233.108333333333 * time_passes + 7.66149999999999 * sccp + 7.66149999999999 * ipsccp;0.278786030768676;0.278786030768676;0.278786030768676;0.278786030768676;0.004918;3;7.66149999999999 * ipsccp;1;1.2028672698186;
Elapsed=00:00:00.0050095
Learning progress:
1;236.98125 * time_passes + 16.6920833333332 * licm;1.78810300765407;1.78810300765407;1.78810300765407;1.78810300765407;0.001577;2;16.6920833333332 * licm;1;3.90449295442059;
2;222.56 * time_passes + 11.8849999999998 * licm + 19.2283333333332 * instcombine;0.803166046351524;0.803166046351524;0.803166046351524;0.803166046351524;0.0063;3;19.2283333333332 * instcombine;1;0.984936961302551;
Elapsed=00:00:00.0064118
Learning progress:
1;236.434166666667 * time_passes + 8.21049999999958 * inline;0.516121367871294;0.516121367871294;0.516121367871294;0.516121367871294;0.001217;2;8.21049999999958 * inline;1;4.7560301646986;
Elapsed=00:00:00.0013229
Learning progress:
1;234.471111111111 * time_passes + 15.9155555555555 * iv_users;1.70759063267949;1.70759063267949;1.70759063267949;1.70759063267949;0.00147;2;15.9155555555555 * iv_users;1;1.90795730864966;
2;229.333611111111 * time_passes + 15.9155555555555 * iv_users + 10.2749999999998 * inline;0.631331024556836;0.631331024556836;0.631331024556836;0.631331024556836;0.006269;3;10.2749999999998 * inline;1;1.07625960812266;
Elapsed=00:00:00.0063935
Learning progress:
1;234.68 * time_passes + 10.3924999999997 * instcombine;6.12707388182203;6.12707388182203;6.12707388182203;6.12707388182203;0.001111;2;10.3924999999997 * instcombine;1;1.85337170660444;
2;234.68 * time_passes + 7.23277777777784 * instcombine + 12.6388888888889 * licm;6.04104022193747;6.04104022193747;6.04104022193747;6.04104022193747;0.005628;3;12.6388888888889 * licm;1;0.0860336598845644;
Elapsed=00:00:00.0057256
Learning progress:
1;233.108333333333 * time_passes + 15.323 * sccp;1.48165330058728;1.48165330058728;1.48165330058728;1.48165330058728;0.00136;2;15.323 * sccp;1;2.71709930135982;
2;233.108333333333 * time_passes + 7.66149999999999 * sccp + 7.66149999999999 * ipsccp;0.278786030768676;0.278786030768676;0.278786030768676;0.278786030768676;0.005071;3;7.66149999999999 * ipsccp;1;1.2028672698186;
Elapsed=00:00:00.0051983
Learning progress:
1;236.98125 * time_passes + 16.6920833333332 * licm;1.78810300765407;1.78810300765407;1.78810300765407;1.78810300765407;0.001437;2;16.6920833333332 * licm;1;3.90449295442059;
2;222.56 * time_passes + 11.8849999999998 * licm + 19.2283333333332 * instcombine;0.803166046351524;0.803166046351524;0.803166046351524;0.803166046351524;0.005298;3;19.2283333333332 * instcombine;1;0.984936961302551;
Elapsed=00:00:00.0054057
Learning progress:
1;236.434166666667 * time_passes + 8.21049999999958 * inline;0.516121367871294;0.516121367871294;0.516121367871294;0.516121367871294;0.001548;2;8.21049999999958 * inline;1;4.7560301646986;
Elapsed=00:00:00.0016371
Learning progress:
1;234.471111111111 * time_passes + 15.9155555555555 * iv_users;1.70759063267949;1.70759063267949;1.70759063267949;1.70759063267949;0.001377;2;15.9155555555555 * iv_users;1;1.90795730864966;
2;229.333611111111 * time_passes + 15.9155555555555 * iv_users + 10.2749999999998 * inline;0.631331024556836;0.631331024556836;0.631331024556836;0.631331024556836;0.005264;3;10.2749999999998 * inline;1;1.07625960812266;
Elapsed=00:00:00.0053856
Learning progress:
1;234.68 * time_passes + 10.3924999999997 * instcombine;6.12707388182203;6.12707388182203;6.12707388182203;6.12707388182203;0.001398;2;10.3924999999997 * instcombine;1;1.85337170660444;
2;234.68 * time_passes + 7.23277777777784 * instcombine + 12.6388888888889 * licm;6.04104022193747;6.04104022193747;6.04104022193747;6.04104022193747;0.004873;3;12.6388888888889 * licm;1;0.0860336598845644;
Elapsed=00:00:00.0049697
Learning progress:
1;233.108333333333 * time_passes + 15.323 * sccp;1.48165330058728;1.48165330058728;1.48165330058728;1.48165330058728;0.001574;2;15.323 * sccp;1;2.71709930135982;
2;233.108333333333 * time_passes + 7.66149999999999 * sccp + 7.66149999999999 * ipsccp;0.278786030768676;0.278786030768676;0.278786030768676;0.278786030768676;0.006312;3;7.66149999999999 * ipsccp;1;1.2028672698186;
Elapsed=00:00:00.0064138
Learning progress:
1;236.98125 * time_passes + 16.6920833333332 * licm;1.78810300765407;1.78810300765407;1.78810300765407;1.78810300765407;0.001334;2;16.6920833333332 * licm;1;3.90449295442059;
2;222.56 * time_passes + 11.8849999999998 * licm + 19.2283333333332 * instcombine;0.803166046351524;0.803166046351524;0.803166046351524;0.803166046351524;0.005228;3;19.2283333333332 * instcombine;1;0.984936961302551;
Elapsed=00:00:00.0053357
Learning progress:
1;236.434166666667 * time_passes + 8.21049999999958 * inline;0.516121367871294;0.516121367871294;0.516121367871294;0.516121367871294;0.001223;2;8.21049999999958 * inline;1;4.7560301646986;
Elapsed=00:00:00.0013103
Learning progress:
1;234.471111111111 * time_passes + 15.9155555555555 * iv_users;1.70759063267949;1.70759063267949;1.70759063267949;1.70759063267949;0.00137;2;15.9155555555555 * iv_users;1;1.90795730864966;
2;229.333611111111 * time_passes + 15.9155555555555 * iv_users + 10.2749999999998 * inline;0.631331024556836;0.631331024556836;0.631331024556836;0.631331024556836;0.0053;3;10.2749999999998 * inline;1;1.07625960812266;
Elapsed=00:00:00.0054180
Learning progress:
1;234.68 * time_passes + 10.3924999999997 * instcombine;6.12707388182203;6.12707388182203;6.12707388182203;6.12707388182203;0.001105;2;10.3924999999997 * instcombine;1;1.85337170660444;
2;234.68 * time_passes + 7.23277777777784 * instcombine + 12.6388888888889 * licm;6.04104022193747;6.04104022193747;6.04104022193747;6.04104022193747;0.004612;3;12.6388888888889 * licm;1;0.0860336598845644;
Elapsed=00:00:00.0047080
Learning progress:
1;233.108333333333 * time_passes + 15.323 * sccp;1.48165330058728;1.48165330058728;1.48165330058728;1.48165330058728;0.001604;2;15.323 * sccp;1;2.71709930135982;
2;233.108333333333 * time_passes + 7.66149999999999 * sccp + 7.66149999999999 * ipsccp;0.278786030768676;0.278786030768676;0.278786030768676;0.278786030768676;0.005617;3;7.66149999999999 * ipsccp;1;1.2028672698186;
Elapsed=00:00:00.0057102
Learning progress:
1;236.98125 * time_passes + 16.6920833333332 * licm;1.78810300765407;1.78810300765407;1.78810300765407;1.78810300765407;0.001377;2;16.6920833333332 * licm;1;3.90449295442059;
2;222.56 * time_passes + 11.8849999999998 * licm + 19.2283333333332 * instcombine;0.803166046351524;0.803166046351524;0.803166046351524;0.803166046351524;0.00601;3;19.2283333333332 * instcombine;1;0.984936961302551;
Elapsed=00:00:00.0061591
Learning progress:
1;236.434166666667 * time_passes + 8.21049999999958 * inline;0.516121367871294;0.516121367871294;0.516121367871294;0.516121367871294;0.001218;2;8.21049999999958 * inline;1;4.7560301646986;
Elapsed=00:00:00.0013055
Learning progress:
1;234.471111111111 * time_passes + 15.9155555555555 * iv_users;1.70759063267949;1.70759063267949;1.70759063267949;1.70759063267949;0.001512;2;15.9155555555555 * iv_users;1;1.90795730864966;
2;229.333611111111 * time_passes + 15.9155555555555 * iv_users + 10.2749999999998 * inline;0.631331024556836;0.631331024556836;0.631331024556836;0.631331024556836;0.005376;3;10.2749999999998 * inline;1;1.07625960812266;
Elapsed=00:00:00.0054985
Learning progress:
1;234.68 * time_passes + 10.3924999999997 * instcombine;6.12707388182203;6.12707388182203;6.12707388182203;6.12707388182203;0.001117;2;10.3924999999997 * instcombine;1;1.85337170660444;
2;234.68 * time_passes + 7.23277777777784 * instcombine + 12.6388888888889 * licm;6.04104022193747;6.04104022193747;6.04104022193747;6.04104022193747;0.004618;3;12.6388888888889 * licm;1;0.0860336598845644;
Elapsed=00:00:00.0047176
Learning progress:
1;233.108333333333 * time_passes + 15.323 * sccp;1.48165330058728;1.48165330058728;1.48165330058728;1.48165330058728;0.001279;2;15.323 * sccp;1;2.71709930135982;
2;233.108333333333 * time_passes + 7.66149999999999 * sccp + 7.66149999999999 * ipsccp;0.278786030768676;0.278786030768676;0.278786030768676;0.278786030768676;0.005076;3;7.66149999999999 * ipsccp;1;1.2028672698186;
Elapsed=00:00:00.0051728
Learning progress:
1;236.98125 * time_passes + 16.6920833333332 * licm;1.78810300765407;1.78810300765407;1.78810300765407;1.78810300765407;0.001409;2;16.6920833333332 * licm;1;3.90449295442059;
2;222.56 * time_passes + 11.8849999999998 * licm + 19.2283333333332 * instcombine;0.803166046351524;0.803166046351524;0.803166046351524;0.803166046351524;0.005262;3;19.2283333333332 * instcombine;1;0.984936961302551;
Elapsed=00:00:00.0053701
Learning progress:
1;236.434166666667 * time_passes + 8.21049999999958 * inline;0.516121367871294;0.516121367871294;0.516121367871294;0.516121367871294;0.001362;2;8.21049999999958 * inline;1;4.7560301646986;
Elapsed=00:00:00.0014499
Learning progress:
1;234.471111111111 * time_passes + 15.9155555555555 * iv_users;1.70759063267949;1.70759063267949;1.70759063267949;1.70759063267949;0.001556;2;15.9155555555555 * iv_users;1;1.90795730864966;
2;229.333611111111 * time_passes + 15.9155555555555 * iv_users + 10.2749999999998 * inline;0.631331024556836;0.631331024556836;0.631331024556836;0.631331024556836;0.006153;3;10.2749999999998 * inline;1;1.07625960812266;
Elapsed=00:00:00.0062726
Learning progress:
1;234.68 * time_passes + 10.3924999999997 * instcombine;6.12707388182203;6.12707388182203;6.12707388182203;6.12707388182203;0.001398;2;10.3924999999997 * instcombine;1;1.85337170660444;
2;234.68 * time_passes + 7.23277777777784 * instcombine + 12.6388888888889 * licm;6.04104022193747;6.04104022193747;6.04104022193747;6.04104022193747;0.005035;3;12.6388888888889 * licm;1;0.0860336598845644;
Elapsed=00:00:00.0051317
Learning progress:
1;233.108333333333 * time_passes + 15.323 * sccp;1.48165330058728;1.48165330058728;1.48165330058728;1.48165330058728;0.001191;2;15.323 * sccp;1;2.71709930135982;
2;233.108333333333 * time_passes + 7.66149999999999 * sccp + 7.66149999999999 * ipsccp;0.278786030768676;0.278786030768676;0.278786030768676;0.278786030768676;0.00513;3;7.66149999999999 * ipsccp;1;1.2028672698186;
Elapsed=00:00:00.0052226
Learning progress:
1;236.98125 * time_passes + 16.6920833333332 * licm;1.78810300765407;1.78810300765407;1.78810300765407;1.78810300765407;0.001378;2;16.6920833333332 * licm;1;3.90449295442059;
2;222.56 * time_passes + 11.8849999999998 * licm + 19.2283333333332 * instcombine;0.803166046351524;0.803166046351524;0.803166046351524;0.803166046351524;0.005268;3;19.2283333333332 * instcombine;1;0.984936961302551;
Elapsed=00:00:00.0053925
Learning progress:
1;236.434166666667 * time_passes + 8.21049999999958 * inline;0.516121367871294;0.516121367871294;0.516121367871294;0.516121367871294;0.001237;2;8.21049999999958 * inline;1;4.7560301646986;
Elapsed=00:00:00.0013270
Learning progress:
1;234.471111111111 * time_passes + 15.9155555555555 * iv_users;1.70759063267949;1.70759063267949;1.70759063267949;1.70759063267949;0.001462;2;15.9155555555555 * iv_users;1;1.90795730864966;
2;229.333611111111 * time_passes + 15.9155555555555 * iv_users + 10.2749999999998 * inline;0.631331024556836;0.631331024556836;0.631331024556836;0.631331024556836;0.005432;3;10.2749999999998 * inline;1;1.07625960812266;
Elapsed=00:00:00.0055518
Learning progress:
1;234.68 * time_passes + 10.3924999999997 * instcombine;6.12707388182203;6.12707388182203;6.12707388182203;6.12707388182203;0.002113;2;10.3924999999997 * instcombine;1;1.85337170660444;
2;234.68 * time_passes + 7.23277777777784 * instcombine + 12.6388888888889 * licm;6.04104022193747;6.04104022193747;6.04104022193747;6.04104022193747;0.005886;3;12.6388888888889 * licm;1;0.0860336598845644;
Elapsed=00:00:00.0059860
Learning progress:
1;233.108333333333 * time_passes + 15.323 * sccp;1.48165330058728;1.48165330058728;1.48165330058728;1.48165330058728;0.001322;2;15.323 * sccp;1;2.71709930135982;
2;233.108333333333 * time_passes + 7.66149999999999 * sccp + 7.66149999999999 * ipsccp;0.278786030768676;0.278786030768676;0.278786030768676;0.278786030768676;0.005107;3;7.66149999999999 * ipsccp;1;1.2028672698186;
Elapsed=00:00:00.0052017
Learning progress:
1;236.98125 * time_passes + 16.6920833333332 * licm;1.78810300765407;1.78810300765407;1.78810300765407;1.78810300765407;0.00131;2;16.6920833333332 * licm;1;3.90449295442059;
2;222.56 * time_passes + 11.8849999999998 * licm + 19.2283333333332 * instcombine;0.803166046351524;0.803166046351524;0.803166046351524;0.803166046351524;0.005466;3;19.2283333333332 * instcombine;1;0.984936961302551;
Elapsed=00:00:00.0055967
Learning progress:
1;236.434166666667 * time_passes + 8.21049999999958 * inline;0.516121367871294;0.516121367871294;0.516121367871294;0.516121367871294;0.001249;2;8.21049999999958 * inline;1;4.7560301646986;
Elapsed=00:00:00.0013410
Learning progress:
1;234.471111111111 * time_passes + 15.9155555555555 * iv_users;1.70759063267949;1.70759063267949;1.70759063267949;1.70759063267949;0.001432;2;15.9155555555555 * iv_users;1;1.90795730864966;
2;229.333611111111 * time_passes + 15.9155555555555 * iv_users + 10.2749999999998 * inline;0.631331024556836;0.631331024556836;0.631331024556836;0.631331024556836;0.00544;3;10.2749999999998 * inline;1;1.07625960812266;
Elapsed=00:00:00.0055681
Learning progress:
1;234.68 * time_passes + 10.3924999999997 * instcombine;6.12707388182203;6.12707388182203;6.12707388182203;6.12707388182203;0.001364;2;10.3924999999997 * instcombine;1;1.85337170660444;
2;234.68 * time_passes + 7.23277777777784 * instcombine + 12.6388888888889 * licm;6.04104022193747;6.04104022193747;6.04104022193747;6.04104022193747;0.004806;3;12.6388888888889 * licm;1;0.0860336598845644;
Elapsed=00:00:00.0049027
Learning progress:
1;233.108333333333 * time_passes + 15.323 * sccp;1.48165330058728;1.48165330058728;1.48165330058728;1.48165330058728;0.001453;2;15.323 * sccp;1;2.71709930135982;
2;233.108333333333 * time_passes + 7.66149999999999 * sccp + 7.66149999999999 * ipsccp;0.278786030768676;0.278786030768676;0.278786030768676;0.278786030768676;0.005911;3;7.66149999999999 * ipsccp;1;1.2028672698186;
Elapsed=00:00:00.0060066
Learning progress:
1;236.98125 * time_passes + 16.6920833333332 * licm;1.78810300765407;1.78810300765407;1.78810300765407;1.78810300765407;0.001244;2;16.6920833333332 * licm;1;3.90449295442059;
2;222.56 * time_passes + 11.8849999999998 * licm + 19.2283333333332 * instcombine;0.803166046351524;0.803166046351524;0.803166046351524;0.803166046351524;0.005066;3;19.2283333333332 * instcombine;1;0.984936961302551;
Elapsed=00:00:00.0051739
Learning progress:
1;236.434166666667 * time_passes + 8.21049999999958 * inline;0.516121367871294;0.516121367871294;0.516121367871294;0.516121367871294;0.001215;2;8.21049999999958 * inline;1;4.7560301646986;
Elapsed=00:00:00.0013171
Learning progress:
1;234.471111111111 * time_passes + 15.9155555555555 * iv_users;1.70759063267949;1.70759063267949;1.70759063267949;1.70759063267949;0.001496;2;15.9155555555555 * iv_users;1;1.90795730864966;
2;229.333611111111 * time_passes + 15.9155555555555 * iv_users + 10.2749999999998 * inline;0.631331024556836;0.631331024556836;0.631331024556836;0.631331024556836;0.006416;3;10.2749999999998 * inline;1;1.07625960812266;
Elapsed=00:00:00.0065469
Learning progress:
1;234.68 * time_passes + 10.3924999999997 * instcombine;6.12707388182203;6.12707388182203;6.12707388182203;6.12707388182203;0.001228;2;10.3924999999997 * instcombine;1;1.85337170660444;
2;234.68 * time_passes + 7.23277777777784 * instcombine + 12.6388888888889 * licm;6.04104022193747;6.04104022193747;6.04104022193747;6.04104022193747;0.005014;3;12.6388888888889 * licm;1;0.0860336598845644;
Elapsed=00:00:00.0051132
Learning progress:
1;233.108333333333 * time_passes + 15.323 * sccp;1.48165330058728;1.48165330058728;1.48165330058728;1.48165330058728;0.00123;2;15.323 * sccp;1;2.71709930135982;
2;233.108333333333 * time_passes + 7.66149999999999 * sccp + 7.66149999999999 * ipsccp;0.278786030768676;0.278786030768676;0.278786030768676;0.278786030768676;0.00517;3;7.66149999999999 * ipsccp;1;1.2028672698186;
Elapsed=00:00:00.0052639
Learning progress:
1;236.98125 * time_passes + 16.6920833333332 * licm;1.78810300765407;1.78810300765407;1.78810300765407;1.78810300765407;0.001994;2;16.6920833333332 * licm;1;3.90449295442059;
2;222.56 * time_passes + 11.8849999999998 * licm + 19.2283333333332 * instcombine;0.803166046351524;0.803166046351524;0.803166046351524;0.803166046351524;0.006192;3;19.2283333333332 * instcombine;1;0.984936961302551;
Elapsed=00:00:00.0063000
Learning progress:
1;236.434166666667 * time_passes + 8.21049999999958 * inline;0.516121367871294;0.516121367871294;0.516121367871294;0.516121367871294;0.00125;2;8.21049999999958 * inline;1;4.7560301646986;
Elapsed=00:00:00.0013412
Learning progress:
1;234.471111111111 * time_passes + 15.9155555555555 * iv_users;1.70759063267949;1.70759063267949;1.70759063267949;1.70759063267949;0.001489;2;15.9155555555555 * iv_users;1;1.90795730864966;
2;229.333611111111 * time_passes + 15.9155555555555 * iv_users + 10.2749999999998 * inline;0.631331024556836;0.631331024556836;0.631331024556836;0.631331024556836;0.0054;3;10.2749999999998 * inline;1;1.07625960812266;
Elapsed=00:00:00.0055182
Learning progress:
1;234.68 * time_passes + 10.3924999999997 * instcombine;6.12707388182203;6.12707388182203;6.12707388182203;6.12707388182203;0.001185;2;10.3924999999997 * instcombine;1;1.85337170660444;
2;234.68 * time_passes + 7.23277777777784 * instcombine + 12.6388888888889 * licm;6.04104022193747;6.04104022193747;6.04104022193747;6.04104022193747;0.005759;3;12.6388888888889 * licm;1;0.0860336598845644;
Elapsed=00:00:00.0058575
Learning progress:
1;233.108333333333 * time_passes + 15.323 * sccp;1.48165330058728;1.48165330058728;1.48165330058728;1.48165330058728;0.001523;2;15.323 * sccp;1;2.71709930135982;
2;233.108333333333 * time_passes + 7.66149999999999 * sccp + 7.66149999999999 * ipsccp;0.278786030768676;0.278786030768676;0.278786030768676;0.278786030768676;0.005683;3;7.66149999999999 * ipsccp;1;1.2028672698186;
Elapsed=00:00:00.0057903
Learning progress:
1;236.98125 * time_passes + 16.6920833333332 * licm;1.78810300765407;1.78810300765407;1.78810300765407;1.78810300765407;0.001244;2;16.6920833333332 * licm;1;3.90449295442059;
2;222.56 * time_passes + 11.8849999999998 * licm + 19.2283333333332 * instcombine;0.803166046351524;0.803166046351524;0.803166046351524;0.803166046351524;0.005105;3;19.2283333333332 * instcombine;1;0.984936961302551;
Elapsed=00:00:00.0052182
Learning progress:
1;236.434166666667 * time_passes + 8.21049999999958 * inline;0.516121367871294;0.516121367871294;0.516121367871294;0.516121367871294;0.001271;2;8.21049999999958 * inline;1;4.7560301646986;
Elapsed=00:00:00.0020897
Learning progress:
1;234.471111111111 * time_passes + 15.9155555555555 * iv_users;1.70759063267949;1.70759063267949;1.70759063267949;1.70759063267949;0.00137;2;15.9155555555555 * iv_users;1;1.90795730864966;
2;229.333611111111 * time_passes + 15.9155555555555 * iv_users + 10.2749999999998 * inline;0.631331024556836;0.631331024556836;0.631331024556836;0.631331024556836;0.005221;3;10.2749999999998 * inline;1;1.07625960812266;
Elapsed=00:00:00.0053396
Learning progress:
1;234.68 * time_passes + 10.3924999999997 * instcombine;6.12707388182203;6.12707388182203;6.12707388182203;6.12707388182203;0.001125;2;10.3924999999997 * instcombine;1;1.85337170660444;
2;234.68 * time_passes + 7.23277777777784 * instcombine + 12.6388888888889 * licm;6.04104022193747;6.04104022193747;6.04104022193747;6.04104022193747;0.004763;3;12.6388888888889 * licm;1;0.0860336598845644;
Elapsed=00:00:00.0048594
Learning progress:
1;233.108333333333 * time_passes + 15.323 * sccp;1.48165330058728;1.48165330058728;1.48165330058728;1.48165330058728;0.001239;2;15.323 * sccp;1;2.71709930135982;
2;233.108333333333 * time_passes + 7.66149999999999 * sccp + 7.66149999999999 * ipsccp;0.278786030768676;0.278786030768676;0.278786030768676;0.278786030768676;0.006184;3;7.66149999999999 * ipsccp;1;1.2028672698186;
Elapsed=00:00:00.0062805
Learning progress:
1;236.98125 * time_passes + 16.6920833333332 * licm;1.78810300765407;1.78810300765407;1.78810300765407;1.78810300765407;0.001391;2;16.6920833333332 * licm;1;3.90449295442059;
2;222.56 * time_passes + 11.8849999999998 * licm + 19.2283333333332 * instcombine;0.803166046351524;0.803166046351524;0.803166046351524;0.803166046351524;0.005352;3;19.2283333333332 * instcombine;1;0.984936961302551;
Elapsed=00:00:00.0054614
Learning progress:
1;236.434166666667 * time_passes + 8.21049999999958 * inline;0.516121367871294;0.516121367871294;0.516121367871294;0.516121367871294;0.001424;2;8.21049999999958 * inline;1;4.7560301646986;
Elapsed=00:00:00.0015116
Learning progress:
1;234.471111111111 * time_passes + 15.9155555555555 * iv_users;1.70759063267949;1.70759063267949;1.70759063267949;1.70759063267949;0.001497;2;15.9155555555555 * iv_users;1;1.90795730864966;
2;229.333611111111 * time_passes + 15.9155555555555 * iv_users + 10.2749999999998 * inline;0.631331024556836;0.631331024556836;0.631331024556836;0.631331024556836;0.006242;3;10.2749999999998 * inline;1;1.07625960812266;
Elapsed=00:00:00.0063835
Learning progress:
1;234.68 * time_passes + 10.3924999999997 * instcombine;6.12707388182203;6.12707388182203;6.12707388182203;6.12707388182203;0.001308;2;10.3924999999997 * instcombine;1;1.85337170660444;
2;234.68 * time_passes + 7.23277777777784 * instcombine + 12.6388888888889 * licm;6.04104022193747;6.04104022193747;6.04104022193747;6.04104022193747;0.004772;3;12.6388888888889 * licm;1;0.0860336598845644;
Elapsed=00:00:00.0048703
Learning progress:
1;233.108333333333 * time_passes + 15.323 * sccp;1.48165330058728;1.48165330058728;1.48165330058728;1.48165330058728;0.001412;2;15.323 * sccp;1;2.71709930135982;
2;233.108333333333 * time_passes + 7.66149999999999 * sccp + 7.66149999999999 * ipsccp;0.278786030768676;0.278786030768676;0.278786030768676;0.278786030768676;0.00512;3;7.66149999999999 * ipsccp;1;1.2028672698186;
Elapsed=00:00:00.0052113
Learning progress:
1;236.98125 * time_passes + 16.6920833333332 * licm;1.78810300765407;1.78810300765407;1.78810300765407;1.78810300765407;0.001419;2;16.6920833333332 * licm;1;3.90449295442059;
2;222.56 * time_passes + 11.8849999999998 * licm + 19.2283333333332 * instcombine;0.803166046351524;0.803166046351524;0.803166046351524;0.803166046351524;0.006188;3;19.2283333333332 * instcombine;1;0.984936961302551;
Elapsed=00:00:00.0063117
Learning progress:
1;236.434166666667 * time_passes + 8.21049999999958 * inline;0.516121367871294;0.516121367871294;0.516121367871294;0.516121367871294;0.00123;2;8.21049999999958 * inline;1;4.7560301646986;
Elapsed=00:00:00.0013215
Learning progress:
1;234.471111111111 * time_passes + 15.9155555555555 * iv_users;1.70759063267949;1.70759063267949;1.70759063267949;1.70759063267949;0.001524;2;15.9155555555555 * iv_users;1;1.90795730864966;
2;229.333611111111 * time_passes + 15.9155555555555 * iv_users + 10.2749999999998 * inline;0.631331024556836;0.631331024556836;0.631331024556836;0.631331024556836;0.005476;3;10.2749999999998 * inline;1;1.07625960812266;
Elapsed=00:00:00.0056189
Learning progress:
1;234.68 * time_passes + 10.3924999999997 * instcombine;6.12707388182203;6.12707388182203;6.12707388182203;6.12707388182203;0.001134;2;10.3924999999997 * instcombine;1;1.85337170660444;
2;234.68 * time_passes + 7.23277777777784 * instcombine + 12.6388888888889 * licm;6.04104022193747;6.04104022193747;6.04104022193747;6.04104022193747;0.005479;3;12.6388888888889 * licm;1;0.0860336598845644;
Elapsed=00:00:00.0055999
Learning progress:
1;233.108333333333 * time_passes + 15.323 * sccp;1.48165330058728;1.48165330058728;1.48165330058728;1.48165330058728;0.001302;2;15.323 * sccp;1;2.71709930135982;
2;233.108333333333 * time_passes + 7.66149999999999 * sccp + 7.66149999999999 * ipsccp;0.278786030768676;0.278786030768676;0.278786030768676;0.278786030768676;0.005067;3;7.66149999999999 * ipsccp;1;1.2028672698186;
Elapsed=00:00:00.0051600
Learning progress:
1;236.98125 * time_passes + 16.6920833333332 * licm;1.78810300765407;1.78810300765407;1.78810300765407;1.78810300765407;0.001474;2;16.6920833333332 * licm;1;3.90449295442059;
2;222.56 * time_passes + 11.8849999999998 * licm + 19.2283333333332 * instcombine;0.803166046351524;0.803166046351524;0.803166046351524;0.803166046351524;0.005652;3;19.2283333333332 * instcombine;1;0.984936961302551;
Elapsed=00:00:00.0057595
Learning progress:
1;236.434166666667 * time_passes + 8.21049999999958 * inline;0.516121367871294;0.516121367871294;0.516121367871294;0.516121367871294;0.00122;2;8.21049999999958 * inline;1;4.7560301646986;
Elapsed=00:00:00.0013101
Learning progress:
1;234.471111111111 * time_passes + 15.9155555555555 * iv_users;1.70759063267949;1.70759063267949;1.70759063267949;1.70759063267949;0.002181;2;15.9155555555555 * iv_users;1;1.90795730864966;
2;229.333611111111 * time_passes + 15.9155555555555 * iv_users + 10.2749999999998 * inline;0.631331024556836;0.631331024556836;0.631331024556836;0.631331024556836;0.006236;3;10.2749999999998 * inline;1;1.07625960812266;
Elapsed=00:00:00.0063561
Learning progress:
1;234.68 * time_passes + 10.3924999999997 * instcombine;6.12707388182203;6.12707388182203;6.12707388182203;6.12707388182203;0.001357;2;10.3924999999997 * instcombine;1;1.85337170660444;
2;234.68 * time_passes + 7.23277777777784 * instcombine + 12.6388888888889 * licm;6.04104022193747;6.04104022193747;6.04104022193747;6.04104022193747;0.005008;3;12.6388888888889 * licm;1;0.0860336598845644;
Elapsed=00:00:00.0051039
Learning progress:
1;233.108333333333 * time_passes + 15.323 * sccp;1.48165330058728;1.48165330058728;1.48165330058728;1.48165330058728;0.001491;2;15.323 * sccp;1;2.71709930135982;
2;233.108333333333 * time_passes + 7.66149999999999 * sccp + 7.66149999999999 * ipsccp;0.278786030768676;0.278786030768676;0.278786030768676;0.278786030768676;0.006283;3;7.66149999999999 * ipsccp;1;1.2028672698186;
Elapsed=00:00:00.0063825
Learning progress:
1;236.98125 * time_passes + 16.6920833333332 * licm;1.78810300765407;1.78810300765407;1.78810300765407;1.78810300765407;0.001289;2;16.6920833333332 * licm;1;3.90449295442059;
2;222.56 * time_passes + 11.8849999999998 * licm + 19.2283333333332 * instcombine;0.803166046351524;0.803166046351524;0.803166046351524;0.803166046351524;0.005306;3;19.2283333333332 * instcombine;1;0.984936961302551;
Elapsed=00:00:00.0054170
Learning progress:
1;236.434166666667 * time_passes + 8.21049999999958 * inline;0.516121367871294;0.516121367871294;0.516121367871294;0.516121367871294;0.001189;2;8.21049999999958 * inline;1;4.7560301646986;
Elapsed=00:00:00.0012765
Learning progress:
1;234.471111111111 * time_passes + 15.9155555555555 * iv_users;1.70759063267949;1.70759063267949;1.70759063267949;1.70759063267949;0.001451;2;15.9155555555555 * iv_users;1;1.90795730864966;
2;229.333611111111 * time_passes + 15.9155555555555 * iv_users + 10.2749999999998 * inline;0.631331024556836;0.631331024556836;0.631331024556836;0.631331024556836;0.005721;3;10.2749999999998 * inline;1;1.07625960812266;
Elapsed=00:00:00.0058555
Learning progress:
1;234.68 * time_passes + 10.3924999999997 * instcombine;6.12707388182203;6.12707388182203;6.12707388182203;6.12707388182203;0.001839;2;10.3924999999997 * instcombine;1;1.85337170660444;
2;234.68 * time_passes + 7.23277777777784 * instcombine + 12.6388888888889 * licm;6.04104022193747;6.04104022193747;6.04104022193747;6.04104022193747;0.005279;3;12.6388888888889 * licm;1;0.0860336598845644;
Elapsed=00:00:00.0053786
Learning progress:
1;233.108333333333 * time_passes + 15.323 * sccp;1.48165330058728;1.48165330058728;1.48165330058728;1.48165330058728;0.001529;2;15.323 * sccp;1;2.71709930135982;
2;233.108333333333 * time_passes + 7.66149999999999 * sccp + 7.66149999999999 * ipsccp;0.278786030768676;0.278786030768676;0.278786030768676;0.278786030768676;0.005319;3;7.66149999999999 * ipsccp;1;1.2028672698186;
Elapsed=00:00:00.0054125
Learning progress:
1;236.98125 * time_passes + 16.6920833333332 * licm;1.78810300765407;1.78810300765407;1.78810300765407;1.78810300765407;0.001605;2;16.6920833333332 * licm;1;3.90449295442059;
2;222.56 * time_passes + 11.8849999999998 * licm + 19.2283333333332 * instcombine;0.803166046351524;0.803166046351524;0.803166046351524;0.803166046351524;0.00647;3;19.2283333333332 * instcombine;1;0.984936961302551;
Elapsed=00:00:00.0065807
Learning progress:
1;236.434166666667 * time_passes + 8.21049999999958 * inline;0.516121367871294;0.516121367871294;0.516121367871294;0.516121367871294;0.001341;2;8.21049999999958 * inline;1;4.7560301646986;
Elapsed=00:00:00.0014298
Learning progress:
1;234.471111111111 * time_passes + 15.9155555555555 * iv_users;1.70759063267949;1.70759063267949;1.70759063267949;1.70759063267949;0.0015;2;15.9155555555555 * iv_users;1;1.90795730864966;
2;229.333611111111 * time_passes + 15.9155555555555 * iv_users + 10.2749999999998 * inline;0.631331024556836;0.631331024556836;0.631331024556836;0.631331024556836;0.006251;3;10.2749999999998 * inline;1;1.07625960812266;
Elapsed=00:00:00.0063688
Learning progress:
1;234.68 * time_passes + 10.3924999999997 * instcombine;6.12707388182203;6.12707388182203;6.12707388182203;6.12707388182203;0.0011;2;10.3924999999997 * instcombine;1;1.85337170660444;
2;234.68 * time_passes + 7.23277777777784 * instcombine + 12.6388888888889 * licm;6.04104022193747;6.04104022193747;6.04104022193747;6.04104022193747;0.004684;3;12.6388888888889 * licm;1;0.0860336598845644;
Elapsed=00:00:00.0047816
Learning progress:
1;233.108333333333 * time_passes + 15.323 * sccp;1.48165330058728;1.48165330058728;1.48165330058728;1.48165330058728;0.002216;2;15.323 * sccp;1;2.71709930135982;
2;233.108333333333 * time_passes + 7.66149999999999 * sccp + 7.66149999999999 * ipsccp;0.278786030768676;0.278786030768676;0.278786030768676;0.278786030768676;0.00595;3;7.66149999999999 * ipsccp;1;1.2028672698186;
Elapsed=00:00:00.0060471
Learning progress:
1;236.98125 * time_passes + 16.6920833333332 * licm;1.78810300765407;1.78810300765407;1.78810300765407;1.78810300765407;0.001354;2;16.6920833333332 * licm;1;3.90449295442059;
2;222.56 * time_passes + 11.8849999999998 * licm + 19.2283333333332 * instcombine;0.803166046351524;0.803166046351524;0.803166046351524;0.803166046351524;0.005337;3;19.2283333333332 * instcombine;1;0.984936961302551;
Elapsed=00:00:00.0054479
Learning progress:
1;236.434166666667 * time_passes + 8.21049999999958 * inline;0.516121367871294;0.516121367871294;0.516121367871294;0.516121367871294;0.001279;2;8.21049999999958 * inline;1;4.7560301646986;
Elapsed=00:00:00.0013680
Learning progress:
1;234.471111111111 * time_passes + 15.9155555555555 * iv_users;1.70759063267949;1.70759063267949;1.70759063267949;1.70759063267949;0.001501;2;15.9155555555555 * iv_users;1;1.90795730864966;
2;229.333611111111 * time_passes + 15.9155555555555 * iv_users + 10.2749999999998 * inline;0.631331024556836;0.631331024556836;0.631331024556836;0.631331024556836;0.006171;3;10.2749999999998 * inline;1;1.07625960812266;
Elapsed=00:00:00.0063336
Learning progress:
1;234.68 * time_passes + 10.3924999999997 * instcombine;6.12707388182203;6.12707388182203;6.12707388182203;6.12707388182203;0.001081;2;10.3924999999997 * instcombine;1;1.85337170660444;
2;234.68 * time_passes + 7.23277777777784 * instcombine + 12.6388888888889 * licm;6.04104022193747;6.04104022193747;6.04104022193747;6.04104022193747;0.004527;3;12.6388888888889 * licm;1;0.0860336598845644;
Elapsed=00:00:00.0046221
Learning progress:
1;233.108333333333 * time_passes + 15.323 * sccp;1.48165330058728;1.48165330058728;1.48165330058728;1.48165330058728;0.001221;2;15.323 * sccp;1;2.71709930135982;
2;233.108333333333 * time_passes + 7.66149999999999 * sccp + 7.66149999999999 * ipsccp;0.278786030768676;0.278786030768676;0.278786030768676;0.278786030768676;0.005216;3;7.66149999999999 * ipsccp;1;1.2028672698186;
Elapsed=00:00:00.0053079
Learning progress:
1;236.98125 * time_passes + 16.6920833333332 * licm;1.78810300765407;1.78810300765407;1.78810300765407;1.78810300765407;0.002212;2;16.6920833333332 * licm;1;3.90449295442059;
2;222.56 * time_passes + 11.8849999999998 * licm + 19.2283333333332 * instcombine;0.803166046351524;0.803166046351524;0.803166046351524;0.803166046351524;0.006101;3;19.2283333333332 * instcombine;1;0.984936961302551;
Elapsed=00:00:00.0062133
Learning progress:
1;236.434166666667 * time_passes + 8.21049999999958 * inline;0.516121367871294;0.516121367871294;0.516121367871294;0.516121367871294;0.001542;2;8.21049999999958 * inline;1;4.7560301646986;
Elapsed=00:00:00.0016345
Learning progress:
1;234.471111111111 * time_passes + 15.9155555555555 * iv_users;1.70759063267949;1.70759063267949;1.70759063267949;1.70759063267949;0.001363;2;15.9155555555555 * iv_users;1;1.90795730864966;
2;229.333611111111 * time_passes + 15.9155555555555 * iv_users + 10.2749999999998 * inline;0.631331024556836;0.631331024556836;0.631331024556836;0.631331024556836;0.005379;3;10.2749999999998 * inline;1;1.07625960812266;
Elapsed=00:00:00.0054978
Learning progress:
1;234.68 * time_passes + 10.3924999999997 * instcombine;6.12707388182203;6.12707388182203;6.12707388182203;6.12707388182203;0.001103;2;10.3924999999997 * instcombine;1;1.85337170660444;
2;234.68 * time_passes + 7.23277777777784 * instcombine + 12.6388888888889 * licm;6.04104022193747;6.04104022193747;6.04104022193747;6.04104022193747;0.005683;3;12.6388888888889 * licm;1;0.0860336598845644;
Elapsed=00:00:00.0057887
Learning progress:
1;233.108333333333 * time_passes + 15.323 * sccp;1.48165330058728;1.48165330058728;1.48165330058728;1.48165330058728;0.001501;2;15.323 * sccp;1;2.71709930135982;
2;233.108333333333 * time_passes + 7.66149999999999 * sccp + 7.66149999999999 * ipsccp;0.278786030768676;0.278786030768676;0.278786030768676;0.278786030768676;0.005285;3;7.66149999999999 * ipsccp;1;1.2028672698186;
Elapsed=00:00:00.0053832
Learning progress:
1;236.98125 * time_passes + 16.6920833333332 * licm;1.78810300765407;1.78810300765407;1.78810300765407;1.78810300765407;0.001428;2;16.6920833333332 * licm;1;3.90449295442059;
2;222.56 * time_passes + 11.8849999999998 * licm + 19.2283333333332 * instcombine;0.803166046351524;0.803166046351524;0.803166046351524;0.803166046351524;0.005375;3;19.2283333333332 * instcombine;1;0.984936961302551;
Elapsed=00:00:00.0054844
Learning progress:
1;236.434166666667 * time_passes + 8.21049999999958 * inline;0.516121367871294;0.516121367871294;0.516121367871294;0.516121367871294;0.002122;2;8.21049999999958 * inline;1;4.7560301646986;
Elapsed=00:00:00.0022131
Learning progress:
1;234.471111111111 * time_passes + 15.9155555555555 * iv_users;1.70759063267949;1.70759063267949;1.70759063267949;1.70759063267949;0.001419;2;15.9155555555555 * iv_users;1;1.90795730864966;
2;229.333611111111 * time_passes + 15.9155555555555 * iv_users + 10.2749999999998 * inline;0.631331024556836;0.631331024556836;0.631331024556836;0.631331024556836;0.005351;3;10.2749999999998 * inline;1;1.07625960812266;
Elapsed=00:00:00.0054716
Learning progress:
1;234.68 * time_passes + 10.3924999999997 * instcombine;6.12707388182203;6.12707388182203;6.12707388182203;6.12707388182203;0.001236;2;10.3924999999997 * instcombine;1;1.85337170660444;
2;234.68 * time_passes + 7.23277777777784 * instcombine + 12.6388888888889 * licm;6.04104022193747;6.04104022193747;6.04104022193747;6.04104022193747;0.004738;3;12.6388888888889 * licm;1;0.0860336598845644;
Elapsed=00:00:00.0048354
Learning progress:
1;233.108333333333 * time_passes + 15.323 * sccp;1.48165330058728;1.48165330058728;1.48165330058728;1.48165330058728;0.001445;2;15.323 * sccp;1;2.71709930135982;
2;233.108333333333 * time_passes + 7.66149999999999 * sccp + 7.66149999999999 * ipsccp;0.278786030768676;0.278786030768676;0.278786030768676;0.278786030768676;0.006254;3;7.66149999999999 * ipsccp;1;1.2028672698186;
Elapsed=00:00:00.0063577
Learning progress:
1;236.98125 * time_passes + 16.6920833333332 * licm;1.78810300765407;1.78810300765407;1.78810300765407;1.78810300765407;0.001371;2;16.6920833333332 * licm;1;3.90449295442059;
2;222.56 * time_passes + 11.8849999999998 * licm + 19.2283333333332 * instcombine;0.803166046351524;0.803166046351524;0.803166046351524;0.803166046351524;0.005256;3;19.2283333333332 * instcombine;1;0.984936961302551;
Elapsed=00:00:00.0053721
Learning progress:
1;236.434166666667 * time_passes + 8.21049999999958 * inline;0.516121367871294;0.516121367871294;0.516121367871294;0.516121367871294;0.001181;2;8.21049999999958 * inline;1;4.7560301646986;
Elapsed=00:00:00.0012703
Learning progress:
1;234.471111111111 * time_passes + 15.9155555555555 * iv_users;1.70759063267949;1.70759063267949;1.70759063267949;1.70759063267949;0.00158;2;15.9155555555555 * iv_users;1;1.90795730864966;
2;229.333611111111 * time_passes + 15.9155555555555 * iv_users + 10.2749999999998 * inline;0.631331024556836;0.631331024556836;0.631331024556836;0.631331024556836;0.006453;3;10.2749999999998 * inline;1;1.07625960812266;
Elapsed=00:00:00.0065736
Learning progress:
1;234.68 * time_passes + 10.3924999999997 * instcombine;6.12707388182203;6.12707388182203;6.12707388182203;6.12707388182203;0.001385;2;10.3924999999997 * instcombine;1;1.85337170660444;
2;234.68 * time_passes + 7.23277777777784 * instcombine + 12.6388888888889 * licm;6.04104022193747;6.04104022193747;6.04104022193747;6.04104022193747;0.004845;3;12.6388888888889 * licm;1;0.0860336598845644;
Elapsed=00:00:00.0049416
Learning progress:
1;233.108333333333 * time_passes + 15.323 * sccp;1.48165330058728;1.48165330058728;1.48165330058728;1.48165330058728;0.001425;2;15.323 * sccp;1;2.71709930135982;
2;233.108333333333 * time_passes + 7.66149999999999 * sccp + 7.66149999999999 * ipsccp;0.278786030768676;0.278786030768676;0.278786030768676;0.278786030768676;0.005164;3;7.66149999999999 * ipsccp;1;1.2028672698186;
Elapsed=00:00:00.0052571
Learning progress:
1;236.98125 * time_passes + 16.6920833333332 * licm;1.78810300765407;1.78810300765407;1.78810300765407;1.78810300765407;0.001482;2;16.6920833333332 * licm;1;3.90449295442059;
2;222.56 * time_passes + 11.8849999999998 * licm + 19.2283333333332 * instcombine;0.803166046351524;0.803166046351524;0.803166046351524;0.803166046351524;0.006147;3;19.2283333333332 * instcombine;1;0.984936961302551;
Elapsed=00:00:00.0062571
Learning progress:
1;236.434166666667 * time_passes + 8.21049999999958 * inline;0.516121367871294;0.516121367871294;0.516121367871294;0.516121367871294;0.001407;2;8.21049999999958 * inline;1;4.7560301646986;
Elapsed=00:00:00.0014951
Learning progress:
1;234.471111111111 * time_passes + 15.9155555555555 * iv_users;1.70759063267949;1.70759063267949;1.70759063267949;1.70759063267949;0.00136;2;15.9155555555555 * iv_users;1;1.90795730864966;
2;229.333611111111 * time_passes + 15.9155555555555 * iv_users + 10.2749999999998 * inline;0.631331024556836;0.631331024556836;0.631331024556836;0.631331024556836;0.005257;3;10.2749999999998 * inline;1;1.07625960812266;
Elapsed=00:00:00.0053752
Learning progress:
1;234.68 * time_passes + 10.3924999999997 * instcombine;6.12707388182203;6.12707388182203;6.12707388182203;6.12707388182203;0.001124;2;10.3924999999997 * instcombine;1;1.85337170660444;
2;234.68 * time_passes + 7.23277777777784 * instcombine + 12.6388888888889 * licm;6.04104022193747;6.04104022193747;6.04104022193747;6.04104022193747;0.005758;3;12.6388888888889 * licm;1;0.0860336598845644;
Elapsed=00:00:00.0058722
Learning progress:
1;233.108333333333 * time_passes + 15.323 * sccp;1.48165330058728;1.48165330058728;1.48165330058728;1.48165330058728;0.001338;2;15.323 * sccp;1;2.71709930135982;
2;233.108333333333 * time_passes + 7.66149999999999 * sccp + 7.66149999999999 * ipsccp;0.278786030768676;0.278786030768676;0.278786030768676;0.278786030768676;0.005077;3;7.66149999999999 * ipsccp;1;1.2028672698186;
Elapsed=00:00:00.0051699
Learning progress:
1;236.98125 * time_passes + 16.6920833333332 * licm;1.78810300765407;1.78810300765407;1.78810300765407;1.78810300765407;0.001452;2;16.6920833333332 * licm;1;3.90449295442059;
2;222.56 * time_passes + 11.8849999999998 * licm + 19.2283333333332 * instcombine;0.803166046351524;0.803166046351524;0.803166046351524;0.803166046351524;0.005293;3;19.2283333333332 * instcombine;1;0.984936961302551;
Elapsed=00:00:00.0054017
Learning progress:
1;236.434166666667 * time_passes + 8.21049999999958 * inline;0.516121367871294;0.516121367871294;0.516121367871294;0.516121367871294;0.001369;2;8.21049999999958 * inline;1;4.7560301646986;
Elapsed=00:00:00.0014593
Learning progress:
1;234.471111111111 * time_passes + 15.9155555555555 * iv_users;1.70759063267949;1.70759063267949;1.70759063267949;1.70759063267949;0.00155;2;15.9155555555555 * iv_users;1;1.90795730864966;
2;229.333611111111 * time_passes + 15.9155555555555 * iv_users + 10.2749999999998 * inline;0.631331024556836;0.631331024556836;0.631331024556836;0.631331024556836;0.005422;3;10.2749999999998 * inline;1;1.07625960812266;
Elapsed=00:00:00.0055398
Learning progress:
1;234.68 * time_passes + 10.3924999999997 * instcombine;6.12707388182203;6.12707388182203;6.12707388182203;6.12707388182203;0.001132;2;10.3924999999997 * instcombine;1;1.85337170660444;
2;234.68 * time_passes + 7.23277777777784 * instcombine + 12.6388888888889 * licm;6.04104022193747;6.04104022193747;6.04104022193747;6.04104022193747;0.004703;3;12.6388888888889 * licm;1;0.0860336598845644;
Elapsed=00:00:00.0048039
Learning progress:
1;233.108333333333 * time_passes + 15.323 * sccp;1.48165330058728;1.48165330058728;1.48165330058728;1.48165330058728;0.00123;2;15.323 * sccp;1;2.71709930135982;
2;233.108333333333 * time_passes + 7.66149999999999 * sccp + 7.66149999999999 * ipsccp;0.278786030768676;0.278786030768676;0.278786030768676;0.278786030768676;0.006183;3;7.66149999999999 * ipsccp;1;1.2028672698186;
Elapsed=00:00:00.0062920
Learning progress:
1;236.98125 * time_passes + 16.6920833333332 * licm;1.78810300765407;1.78810300765407;1.78810300765407;1.78810300765407;0.001404;2;16.6920833333332 * licm;1;3.90449295442059;
2;222.56 * time_passes + 11.8849999999998 * licm + 19.2283333333332 * instcombine;0.803166046351524;0.803166046351524;0.803166046351524;0.803166046351524;0.005784;3;19.2283333333332 * instcombine;1;0.984936961302551;
Elapsed=00:00:00.0058950
Learning progress:
1;236.434166666667 * time_passes + 8.21049999999958 * inline;0.516121367871294;0.516121367871294;0.516121367871294;0.516121367871294;0.001238;2;8.21049999999958 * inline;1;4.7560301646986;
Elapsed=00:00:00.0013267
Learning progress:
1;234.471111111111 * time_passes + 15.9155555555555 * iv_users;1.70759063267949;1.70759063267949;1.70759063267949;1.70759063267949;0.001484;2;15.9155555555555 * iv_users;1;1.90795730864966;
2;229.333611111111 * time_passes + 15.9155555555555 * iv_users + 10.2749999999998 * inline;0.631331024556836;0.631331024556836;0.631331024556836;0.631331024556836;0.00625;3;10.2749999999998 * inline;1;1.07625960812266;
Elapsed=00:00:00.0063709
Learning progress:
1;234.68 * time_passes + 10.3924999999997 * instcombine;6.12707388182203;6.12707388182203;6.12707388182203;6.12707388182203;0.001357;2;10.3924999999997 * instcombine;1;1.85337170660444;
2;234.68 * time_passes + 7.23277777777784 * instcombine + 12.6388888888889 * licm;6.04104022193747;6.04104022193747;6.04104022193747;6.04104022193747;0.005107;3;12.6388888888889 * licm;1;0.0860336598845644;
Elapsed=00:00:00.0052139
Learning progress:
1;233.108333333333 * time_passes + 15.323 * sccp;1.48165330058728;1.48165330058728;1.48165330058728;1.48165330058728;0.001221;2;15.323 * sccp;1;2.71709930135982;
2;233.108333333333 * time_passes + 7.66149999999999 * sccp + 7.66149999999999 * ipsccp;0.278786030768676;0.278786030768676;0.278786030768676;0.278786030768676;0.004964;3;7.66149999999999 * ipsccp;1;1.2028672698186;
Elapsed=00:00:00.0050565
Learning progress:
1;236.98125 * time_passes + 16.6920833333332 * licm;1.78810300765407;1.78810300765407;1.78810300765407;1.78810300765407;0.001397;2;16.6920833333332 * licm;1;3.90449295442059;
2;222.56 * time_passes + 11.8849999999998 * licm + 19.2283333333332 * instcombine;0.803166046351524;0.803166046351524;0.803166046351524;0.803166046351524;0.006119;3;19.2283333333332 * instcombine;1;0.984936961302551;
Elapsed=00:00:00.0062354
Learning progress:
1;236.434166666667 * time_passes + 8.21049999999958 * inline;0.516121367871294;0.516121367871294;0.516121367871294;0.516121367871294;0.001383;2;8.21049999999958 * inline;1;4.7560301646986;
Elapsed=00:00:00.0014734
Learning progress:
1;234.471111111111 * time_passes + 15.9155555555555 * iv_users;1.70759063267949;1.70759063267949;1.70759063267949;1.70759063267949;0.001472;2;15.9155555555555 * iv_users;1;1.90795730864966;
2;229.333611111111 * time_passes + 15.9155555555555 * iv_users + 10.2749999999998 * inline;0.631331024556836;0.631331024556836;0.631331024556836;0.631331024556836;0.005468;3;10.2749999999998 * inline;1;1.07625960812266;
Elapsed=00:00:00.0055887
Learning progress:
1;234.68 * time_passes + 10.3924999999997 * instcombine;6.12707388182203;6.12707388182203;6.12707388182203;6.12707388182203;0.001394;2;10.3924999999997 * instcombine;1;1.85337170660444;
2;234.68 * time_passes + 7.23277777777784 * instcombine + 12.6388888888889 * licm;6.04104022193747;6.04104022193747;6.04104022193747;6.04104022193747;0.005026;3;12.6388888888889 * licm;1;0.0860336598845644;
Elapsed=00:00:00.0051208
Learning progress:
1;233.108333333333 * time_passes + 15.323 * sccp;1.48165330058728;1.48165330058728;1.48165330058728;1.48165330058728;0.001446;2;15.323 * sccp;1;2.71709930135982;
2;233.108333333333 * time_passes + 7.66149999999999 * sccp + 7.66149999999999 * ipsccp;0.278786030768676;0.278786030768676;0.278786030768676;0.278786030768676;0.005214;3;7.66149999999999 * ipsccp;1;1.2028672698186;
Elapsed=00:00:00.0053081
Learning progress:
1;236.98125 * time_passes + 16.6920833333332 * licm;1.78810300765407;1.78810300765407;1.78810300765407;1.78810300765407;0.001373;2;16.6920833333332 * licm;1;3.90449295442059;
2;222.56 * time_passes + 11.8849999999998 * licm + 19.2283333333332 * instcombine;0.803166046351524;0.803166046351524;0.803166046351524;0.803166046351524;0.005545;3;19.2283333333332 * instcombine;1;0.984936961302551;
Elapsed=00:00:00.0056651
Learning progress:
1;236.434166666667 * time_passes + 8.21049999999958 * inline;0.516121367871294;0.516121367871294;0.516121367871294;0.516121367871294;0.001248;2;8.21049999999958 * inline;1;4.7560301646986;
Elapsed=00:00:00.0013380
Learning progress:
1;234.471111111111 * time_passes + 15.9155555555555 * iv_users;1.70759063267949;1.70759063267949;1.70759063267949;1.70759063267949;0.002502;2;15.9155555555555 * iv_users;1;1.90795730864966;
2;229.333611111111 * time_passes + 15.9155555555555 * iv_users + 10.2749999999998 * inline;0.631331024556836;0.631331024556836;0.631331024556836;0.631331024556836;0.006542;3;10.2749999999998 * inline;1;1.07625960812266;
Elapsed=00:00:00.0066609
Learning progress:
1;234.68 * time_passes + 10.3924999999997 * instcombine;6.12707388182203;6.12707388182203;6.12707388182203;6.12707388182203;0.001378;2;10.3924999999997 * instcombine;1;1.85337170660444;
2;234.68 * time_passes + 7.23277777777784 * instcombine + 12.6388888888889 * licm;6.04104022193747;6.04104022193747;6.04104022193747;6.04104022193747;0.00491;3;12.6388888888889 * licm;1;0.0860336598845644;
Elapsed=00:00:00.0050078
Learning progress:
1;233.108333333333 * time_passes + 15.323 * sccp;1.48165330058728;1.48165330058728;1.48165330058728;1.48165330058728;0.00122;2;15.323 * sccp;1;2.71709930135982;
2;233.108333333333 * time_passes + 7.66149999999999 * sccp + 7.66149999999999 * ipsccp;0.278786030768676;0.278786030768676;0.278786030768676;0.278786030768676;0.005214;3;7.66149999999999 * ipsccp;1;1.2028672698186;
Elapsed=00:00:00.0053093
Learning progress:
1;236.98125 * time_passes + 16.6920833333332 * licm;1.78810300765407;1.78810300765407;1.78810300765407;1.78810300765407;0.001294;2;16.6920833333332 * licm;1;3.90449295442059;
2;222.56 * time_passes + 11.8849999999998 * licm + 19.2283333333332 * instcombine;0.803166046351524;0.803166046351524;0.803166046351524;0.803166046351524;0.005293;3;19.2283333333332 * instcombine;1;0.984936961302551;
Elapsed=00:00:00.0054032
Learning progress:
1;236.434166666667 * time_passes + 8.21049999999958 * inline;0.516121367871294;0.516121367871294;0.516121367871294;0.516121367871294;0.001339;2;8.21049999999958 * inline;1;4.7560301646986;
Elapsed=00:00:00.0014307
Learning progress:
1;234.471111111111 * time_passes + 15.9155555555555 * iv_users;1.70759063267949;1.70759063267949;1.70759063267949;1.70759063267949;0.001516;2;15.9155555555555 * iv_users;1;1.90795730864966;
2;229.333611111111 * time_passes + 15.9155555555555 * iv_users + 10.2749999999998 * inline;0.631331024556836;0.631331024556836;0.631331024556836;0.631331024556836;0.00633;3;10.2749999999998 * inline;1;1.07625960812266;
Elapsed=00:00:00.0064608
Learning progress:
1;234.68 * time_passes + 10.3924999999997 * instcombine;6.12707388182203;6.12707388182203;6.12707388182203;6.12707388182203;0.002069;2;10.3924999999997 * instcombine;1;1.85337170660444;
2;234.68 * time_passes + 7.23277777777784 * instcombine + 12.6388888888889 * licm;6.04104022193747;6.04104022193747;6.04104022193747;6.04104022193747;0.00564;3;12.6388888888889 * licm;1;0.0860336598845644;
Elapsed=00:00:00.0057403
Learning progress:
1;233.108333333333 * time_passes + 15.323 * sccp;1.48165330058728;1.48165330058728;1.48165330058728;1.48165330058728;0.001424;2;15.323 * sccp;1;2.71709930135982;
2;233.108333333333 * time_passes + 7.66149999999999 * sccp + 7.66149999999999 * ipsccp;0.278786030768676;0.278786030768676;0.278786030768676;0.278786030768676;0.005168;3;7.66149999999999 * ipsccp;1;1.2028672698186;
Elapsed=00:00:00.0052605
Learning progress:
1;236.98125 * time_passes + 16.6920833333332 * licm;1.78810300765407;1.78810300765407;1.78810300765407;1.78810300765407;0.001363;2;16.6920833333332 * licm;1;3.90449295442059;
2;222.56 * time_passes + 11.8849999999998 * licm + 19.2283333333332 * instcombine;0.803166046351524;0.803166046351524;0.803166046351524;0.803166046351524;0.005307;3;19.2283333333332 * instcombine;1;0.984936961302551;
Elapsed=00:00:00.0054165
Learning progress:
1;236.434166666667 * time_passes + 8.21049999999958 * inline;0.516121367871294;0.516121367871294;0.516121367871294;0.516121367871294;0.001461;2;8.21049999999958 * inline;1;4.7560301646986;
Elapsed=00:00:00.0015516
Learning progress:
1;234.471111111111 * time_passes + 15.9155555555555 * iv_users;1.70759063267949;1.70759063267949;1.70759063267949;1.70759063267949;0.001504;2;15.9155555555555 * iv_users;1;1.90795730864966;
2;229.333611111111 * time_passes + 15.9155555555555 * iv_users + 10.2749999999998 * inline;0.631331024556836;0.631331024556836;0.631331024556836;0.631331024556836;0.005378;3;10.2749999999998 * inline;1;1.07625960812266;
Elapsed=00:00:00.0054958
Learning progress:
1;234.68 * time_passes + 10.3924999999997 * instcombine;6.12707388182203;6.12707388182203;6.12707388182203;6.12707388182203;0.001125;2;10.3924999999997 * instcombine;1;1.85337170660444;
2;234.68 * time_passes + 7.23277777777784 * instcombine + 12.6388888888889 * licm;6.04104022193747;6.04104022193747;6.04104022193747;6.04104022193747;0.004648;3;12.6388888888889 * licm;1;0.0860336598845644;
Elapsed=00:00:00.0047449
Learning progress:
1;233.108333333333 * time_passes + 15.323 * sccp;1.48165330058728;1.48165330058728;1.48165330058728;1.48165330058728;0.002422;2;15.323 * sccp;1;2.71709930135982;
2;233.108333333333 * time_passes + 7.66149999999999 * sccp + 7.66149999999999 * ipsccp;0.278786030768676;0.278786030768676;0.278786030768676;0.278786030768676;0.006681;3;7.66149999999999 * ipsccp;1;1.2028672698186;
Elapsed=00:00:00.0067959
Learning progress:
1;236.98125 * time_passes + 16.6920833333332 * licm;1.78810300765407;1.78810300765407;1.78810300765407;1.78810300765407;0.001239;2;16.6920833333332 * licm;1;3.90449295442059;
2;222.56 * time_passes + 11.8849999999998 * licm + 19.2283333333332 * instcombine;0.803166046351524;0.803166046351524;0.803166046351524;0.803166046351524;0.005227;3;19.2283333333332 * instcombine;1;0.984936961302551;
Elapsed=00:00:00.0053389
Learning progress:
1;236.434166666667 * time_passes + 8.21049999999958 * inline;0.516121367871294;0.516121367871294;0.516121367871294;0.516121367871294;0.001597;2;8.21049999999958 * inline;1;4.7560301646986;
Elapsed=00:00:00.0016866
Learning progress:
1;234.471111111111 * time_passes + 15.9155555555555 * iv_users;1.70759063267949;1.70759063267949;1.70759063267949;1.70759063267949;0.001569;2;15.9155555555555 * iv_users;1;1.90795730864966;
2;229.333611111111 * time_passes + 15.9155555555555 * iv_users + 10.2749999999998 * inline;0.631331024556836;0.631331024556836;0.631331024556836;0.631331024556836;0.006475;3;10.2749999999998 * inline;1;1.07625960812266;
Elapsed=00:00:00.0065942
Learning progress:
1;234.68 * time_passes + 10.3924999999997 * instcombine;6.12707388182203;6.12707388182203;6.12707388182203;6.12707388182203;0.001102;2;10.3924999999997 * instcombine;1;1.85337170660444;
2;234.68 * time_passes + 7.23277777777784 * instcombine + 12.6388888888889 * licm;6.04104022193747;6.04104022193747;6.04104022193747;6.04104022193747;0.004558;3;12.6388888888889 * licm;1;0.0860336598845644;
Elapsed=00:00:00.0046541
Learning progress:
1;233.108333333333 * time_passes + 15.323 * sccp;1.48165330058728;1.48165330058728;1.48165330058728;1.48165330058728;0.001597;2;15.323 * sccp;1;2.71709930135982;
2;233.108333333333 * time_passes + 7.66149999999999 * sccp + 7.66149999999999 * ipsccp;0.278786030768676;0.278786030768676;0.278786030768676;0.278786030768676;0.005373;3;7.66149999999999 * ipsccp;1;1.2028672698186;
Elapsed=00:00:00.0054667
Learning progress:
1;236.98125 * time_passes + 16.6920833333332 * licm;1.78810300765407;1.78810300765407;1.78810300765407;1.78810300765407;0.002268;2;16.6920833333332 * licm;1;3.90449295442059;
2;222.56 * time_passes + 11.8849999999998 * licm + 19.2283333333332 * instcombine;0.803166046351524;0.803166046351524;0.803166046351524;0.803166046351524;0.006329;3;19.2283333333332 * instcombine;1;0.984936961302551;
Elapsed=00:00:00.0064377
Learning progress:
1;236.434166666667 * time_passes + 8.21049999999958 * inline;0.516121367871294;0.516121367871294;0.516121367871294;0.516121367871294;0.001331;2;8.21049999999958 * inline;1;4.7560301646986;
Elapsed=00:00:00.0014208
Learning progress:
1;234.471111111111 * time_passes + 15.9155555555555 * iv_users;1.70759063267949;1.70759063267949;1.70759063267949;1.70759063267949;0.001589;2;15.9155555555555 * iv_users;1;1.90795730864966;
2;229.333611111111 * time_passes + 15.9155555555555 * iv_users + 10.2749999999998 * inline;0.631331024556836;0.631331024556836;0.631331024556836;0.631331024556836;0.006341;3;10.2749999999998 * inline;1;1.07625960812266;
Elapsed=00:00:00.0064653
Learning progress:
1;234.68 * time_passes + 10.3924999999997 * instcombine;6.12707388182203;6.12707388182203;6.12707388182203;6.12707388182203;0.001184;2;10.3924999999997 * instcombine;1;1.85337170660444;
2;234.68 * time_passes + 7.23277777777784 * instcombine + 12.6388888888889 * licm;6.04104022193747;6.04104022193747;6.04104022193747;6.04104022193747;0.005487;3;12.6388888888889 * licm;1;0.0860336598845644;
Elapsed=00:00:00.0055911
Learning progress:
1;233.108333333333 * time_passes + 15.323 * sccp;1.48165330058728;1.48165330058728;1.48165330058728;1.48165330058728;0.001335;2;15.323 * sccp;1;2.71709930135982;
2;233.108333333333 * time_passes + 7.66149999999999 * sccp + 7.66149999999999 * ipsccp;0.278786030768676;0.278786030768676;0.278786030768676;0.278786030768676;0.005365;3;7.66149999999999 * ipsccp;1;1.2028672698186;
Elapsed=00:00:00.0054732
Learning progress:
1;236.98125 * time_passes + 16.6920833333332 * licm;1.78810300765407;1.78810300765407;1.78810300765407;1.78810300765407;0.001235;2;16.6920833333332 * licm;1;3.90449295442059;
2;222.56 * time_passes + 11.8849999999998 * licm + 19.2283333333332 * instcombine;0.803166046351524;0.803166046351524;0.803166046351524;0.803166046351524;0.00512;3;19.2283333333332 * instcombine;1;0.984936961302551;
Elapsed=00:00:00.0052330
Learning progress:
1;236.434166666667 * time_passes + 8.21049999999958 * inline;0.516121367871294;0.516121367871294;0.516121367871294;0.516121367871294;0.002407;2;8.21049999999958 * inline;1;4.7560301646986;
Elapsed=00:00:00.0024990
Learning progress:
1;234.471111111111 * time_passes + 15.9155555555555 * iv_users;1.70759063267949;1.70759063267949;1.70759063267949;1.70759063267949;0.001534;2;15.9155555555555 * iv_users;1;1.90795730864966;
2;229.333611111111 * time_passes + 15.9155555555555 * iv_users + 10.2749999999998 * inline;0.631331024556836;0.631331024556836;0.631331024556836;0.631331024556836;0.006395;3;10.2749999999998 * inline;1;1.07625960812266;
Elapsed=00:00:00.0065143
Learning progress:
1;234.68 * time_passes + 10.3924999999997 * instcombine;6.12707388182203;6.12707388182203;6.12707388182203;6.12707388182203;0.001104;2;10.3924999999997 * instcombine;1;1.85337170660444;
2;234.68 * time_passes + 7.23277777777784 * instcombine + 12.6388888888889 * licm;6.04104022193747;6.04104022193747;6.04104022193747;6.04104022193747;0.004714;3;12.6388888888889 * licm;1;0.0860336598845644;
Elapsed=00:00:00.0048117
Learning progress:
1;233.108333333333 * time_passes + 15.323 * sccp;1.48165330058728;1.48165330058728;1.48165330058728;1.48165330058728;0.001301;2;15.323 * sccp;1;2.71709930135982;
2;233.108333333333 * time_passes + 7.66149999999999 * sccp + 7.66149999999999 * ipsccp;0.278786030768676;0.278786030768676;0.278786030768676;0.278786030768676;0.005897;3;7.66149999999999 * ipsccp;1;1.2028672698186;
Elapsed=00:00:00.0059900
Learning progress:
1;236.98125 * time_passes + 16.6920833333332 * licm;1.78810300765407;1.78810300765407;1.78810300765407;1.78810300765407;0.001526;2;16.6920833333332 * licm;1;3.90449295442059;
2;222.56 * time_passes + 11.8849999999998 * licm + 19.2283333333332 * instcombine;0.803166046351524;0.803166046351524;0.803166046351524;0.803166046351524;0.005513;3;19.2283333333332 * instcombine;1;0.984936961302551;
Elapsed=00:00:00.0056234
Learning progress:
1;236.434166666667 * time_passes + 8.21049999999958 * inline;0.516121367871294;0.516121367871294;0.516121367871294;0.516121367871294;0.001507;2;8.21049999999958 * inline;1;4.7560301646986;
Elapsed=00:00:00.0015966
Error of optimal parameters: 1.65408893829716
Optimal parameters abortError:1;minImprovementPerRound:0.1;lossFunction:RELATIVE;quadraticFunctionSupport:True;learn-logFunction:True;learn-asymFunction:True;learn-ratioFunction:True;withHierarchy:False;useBackward:False;
Learning progress:
1;210.44 * time_passes + 33.4143333333331 * gvn;1.96632622101418;1.96632622101418;1.96632622101418;1.96632622101418;0.002143;2;33.4143333333331 * gvn;1;1.12241396879529;
2;210.44 * time_passes + 30.7399999999997 * gvn + 13.3716666666668 * licm;1.24841771222206;1.24841771222206;1.24841771222206;1.24841771222206;0.009253;3;13.3716666666668 * licm;1;0.717908508792123;
3;210.44 * time_passes + 24.24 * gvn + 12.4430952380953 * licm + 7.42857142857127 * instcombine;0.926453564005548;0.926453564005548;0.926453564005548;0.926453564005548;0.018685;4;7.42857142857127 * instcombine;1;0.321964148216509;
Elapsed=00:00:00.0189738
command: clean-global
command: script ./learn_divDistBased_t2MLR.a
command: log ./out_divDistBased_t2PredictionsMLR.log
