Current machine learning settings: epsilon:0 lossFunction:RELATIVE parallelization:True bagging:False baggingNumbers:3 considerEpsilonTube:False baggingTestDataFraction:50 useBackward:False abortError:1 limitFeatureSize:False featureSizeTreshold:4 quadraticFunctionSupport:True crossValidation:False crossValidation-k:5 learn-logFunction:False learn-accumulatedLogFunction:False learn-asymFunction:False learn-ratioFunction:False learn-mirrowedFunction:False learn-numeric-disabled:True numberOfRounds:70 backwardErrorDelta:1 minImprovementPerRound:0.1 withHierarchy:False bruteForceCandidates:False ignoreBadFeatures:False stopOnLongRound:True candidateSizePenalty:True learnTimeLimit:00:00:00 scoreMeasure:RELERROR outputRoundsToStdout:False debug:False pythonInfluenceAnalysis:False blacklisted: 
command: solver z3
command: vm /scratch/kallistos/Distance-Based_Data/SupplementaryWebsite/MeasuredPerformanceValues/LLVM/FeatureModel.xml
Warning: Variability model contains outdated notation. Children nodes will no longer have effect on the model. Instead use the parent node to describe the parent of an configuration option. You can also use the converter providedby the Variability Model GUI in export>convert legacy model.
command: all /scratch/kallistos/Distance-Based_Data/SupplementaryWebsite/MeasuredPerformanceValues/LLVM/measurements.xml
Configs with too large deviation: 0
1024 configurations loaded.
command: nfp Performance
command: setsampleset /scratch/kallistos/Distance-Based_Data/Results/LLVM/LLVM_32/sampledConfigurations_divDistBased_t1.csv
command: learn-splconqueror-opt abortError=[1] minImprovementPerRound=[0.1,0.2,0.5] lossFunction=[RELATIVE] quadraticFunctionSupport=[True,False] learn_logFunction=[True,False] learn_asymFunction=[True,False] learn_ratioFunction=[True,False] withHierarchy=[False] useBackward=[False]
Learning: NumberOfConfigurationsLearning:11 NumberOfConfigurationsValidation:11
Learning progress:
1;214.818888888889 * time_passes + 30.3504444444442 * gvn;1.56536944353753;1.56536944353753;1.56536944353753;1.56536944353753;0.054512;2;30.3504444444442 * gvn;1;3.87299472996826;
2;214.818888888889 * time_passes + 31.291111111111 * gvn + -1.56777777777795 * gvn * instcombine;1.47610312308388;1.47610312308388;1.47610312308388;1.47610312308388;0.060263;4;-1.56777777777795 * gvn * instcombine;2;0.0446331602268242;
Elapsed=00:00:00.0627319
Learning progress:
1;234.8325 * time_passes + 18.8408333333332 * licm;1.91699295714821;1.91699295714821;1.91699295714821;1.91699295714821;0.001161;2;18.8408333333332 * licm;1;8.29968499393254;
Elapsed=00:00:00.0051699
Learning progress:
1;217.008333333333 * time_passes + 27.14119047619 * gvn;4.16030764950845;4.16030764950845;4.16030764950845;4.16030764950845;0.001555;2;27.14119047619 * gvn;1;6.19353279537241;
2;214.487894736842 * time_passes + 25.3408771929821 * gvn + 5.04087719298214 * inline;3.42164951436373;3.42164951436373;3.42164951436373;3.42164951436373;0.005527;3;5.04087719298214 * inline;1;0.738658135144724;
3;214.339743589744 * time_passes + 25.6371794871792 * gvn + 3.92974358974348 * inline + 1.40743589743583 * simplifycfg;3.30016094970384;3.30016094970384;3.30016094970384;3.30016094970384;0.013295;4;1.40743589743583 * simplifycfg;1;0.121488564659881;
Elapsed=00:00:00.0234575
Learning progress:
1;215.038333333333 * time_passes + 30.853571428571 * gvn;0.265340237254214;0.265340237254214;0.265340237254214;0.265340237254214;0.002093;2;30.853571428571 * gvn;1;10.5966928867472;
Elapsed=00:00:00.0022003
Learning progress:
1;222.56 * time_passes + 20.5876190476188 * inline;0.891838803609776;0.891838803609776;0.891838803609776;0.891838803609776;0.001122;2;20.5876190476188 * inline;1;5.477091857092;
Elapsed=00:00:00.0012112
Learning progress:
1;214.818888888889 * time_passes + 30.3504444444442 * gvn;1.56536944353753;1.56536944353753;1.56536944353753;1.56536944353753;0.001187;2;30.3504444444442 * gvn;1;3.87299472996826;
2;214.818888888889 * time_passes + 31.291111111111 * gvn + -1.56777777777795 * gvn * instcombine;1.47610312308388;1.47610312308388;1.47610312308388;1.47610312308388;0.004555;4;-1.56777777777795 * gvn * instcombine;2;0.0446331602268242;
Elapsed=00:00:00.0047068
Learning progress:
1;234.8325 * time_passes + 18.8408333333332 * licm;1.91699295714821;1.91699295714821;1.91699295714821;1.91699295714821;0.001434;2;18.8408333333332 * licm;1;8.29968499393254;
Elapsed=00:00:00.0049975
Learning progress:
1;217.008333333333 * time_passes + 27.14119047619 * gvn;4.16030764950845;4.16030764950845;4.16030764950845;4.16030764950845;0.001434;2;27.14119047619 * gvn;1;6.19353279537241;
2;214.487894736842 * time_passes + 25.3408771929821 * gvn + 5.04087719298214 * inline;3.42164951436373;3.42164951436373;3.42164951436373;3.42164951436373;0.005607;3;5.04087719298214 * inline;1;0.738658135144724;
3;214.339743589744 * time_passes + 25.6371794871792 * gvn + 3.92974358974348 * inline + 1.40743589743583 * simplifycfg;3.30016094970384;3.30016094970384;3.30016094970384;3.30016094970384;0.012011;4;1.40743589743583 * simplifycfg;1;0.121488564659881;
Elapsed=00:00:00.0121373
Learning progress:
1;215.038333333333 * time_passes + 30.853571428571 * gvn;0.265340237254214;0.265340237254214;0.265340237254214;0.265340237254214;0.001176;2;30.853571428571 * gvn;1;10.5966928867472;
Elapsed=00:00:00.0012696
Learning progress:
1;222.56 * time_passes + 20.5876190476188 * inline;0.891838803609776;0.891838803609776;0.891838803609776;0.891838803609776;0.001436;2;20.5876190476188 * inline;1;5.477091857092;
Elapsed=00:00:00.0015245
Learning progress:
1;214.818888888889 * time_passes + 30.3504444444442 * gvn;1.56536944353753;1.56536944353753;1.56536944353753;1.56536944353753;0.002295;2;30.3504444444442 * gvn;1;3.87299472996826;
2;214.818888888889 * time_passes + 31.291111111111 * gvn + -1.56777777777795 * gvn * instcombine;1.47610312308388;1.47610312308388;1.47610312308388;1.47610312308388;0.005756;4;-1.56777777777795 * gvn * instcombine;2;0.0446331602268242;
Elapsed=00:00:00.0058958
Learning progress:
1;234.8325 * time_passes + 18.8408333333332 * licm;1.91699295714821;1.91699295714821;1.91699295714821;1.91699295714821;0.001147;2;18.8408333333332 * licm;1;8.29968499393254;
Elapsed=00:00:00.0046572
Learning progress:
1;217.008333333333 * time_passes + 27.14119047619 * gvn;4.16030764950845;4.16030764950845;4.16030764950845;4.16030764950845;0.001416;2;27.14119047619 * gvn;1;6.19353279537241;
2;214.487894736842 * time_passes + 25.3408771929821 * gvn + 5.04087719298214 * inline;3.42164951436373;3.42164951436373;3.42164951436373;3.42164951436373;0.005389;3;5.04087719298214 * inline;1;0.738658135144724;
3;214.339743589744 * time_passes + 25.6371794871792 * gvn + 3.92974358974348 * inline + 1.40743589743583 * simplifycfg;3.30016094970384;3.30016094970384;3.30016094970384;3.30016094970384;0.012417;4;1.40743589743583 * simplifycfg;1;0.121488564659881;
Elapsed=00:00:00.0125377
Learning progress:
1;215.038333333333 * time_passes + 30.853571428571 * gvn;0.265340237254214;0.265340237254214;0.265340237254214;0.265340237254214;0.001391;2;30.853571428571 * gvn;1;10.5966928867472;
Elapsed=00:00:00.0014815
Learning progress:
1;222.56 * time_passes + 20.5876190476188 * inline;0.891838803609776;0.891838803609776;0.891838803609776;0.891838803609776;0.001518;2;20.5876190476188 * inline;1;5.477091857092;
Elapsed=00:00:00.0016058
Learning progress:
1;214.818888888889 * time_passes + 30.3504444444442 * gvn;1.56536944353753;1.56536944353753;1.56536944353753;1.56536944353753;0.001147;2;30.3504444444442 * gvn;1;3.87299472996826;
2;214.818888888889 * time_passes + 31.291111111111 * gvn + -1.56777777777795 * gvn * instcombine;1.47610312308388;1.47610312308388;1.47610312308388;1.47610312308388;0.004759;4;-1.56777777777795 * gvn * instcombine;2;0.0446331602268242;
Elapsed=00:00:00.0048933
Learning progress:
1;234.8325 * time_passes + 18.8408333333332 * licm;1.91699295714821;1.91699295714821;1.91699295714821;1.91699295714821;0.001372;2;18.8408333333332 * licm;1;8.29968499393254;
Elapsed=00:00:00.0048179
Learning progress:
1;217.008333333333 * time_passes + 27.14119047619 * gvn;4.16030764950845;4.16030764950845;4.16030764950845;4.16030764950845;0.001409;2;27.14119047619 * gvn;1;6.19353279537241;
2;214.487894736842 * time_passes + 25.3408771929821 * gvn + 5.04087719298214 * inline;3.42164951436373;3.42164951436373;3.42164951436373;3.42164951436373;0.004818;3;5.04087719298214 * inline;1;0.738658135144724;
3;214.339743589744 * time_passes + 25.6371794871792 * gvn + 3.92974358974348 * inline + 1.40743589743583 * simplifycfg;3.30016094970384;3.30016094970384;3.30016094970384;3.30016094970384;0.012335;4;1.40743589743583 * simplifycfg;1;0.121488564659881;
Elapsed=00:00:00.0215909
Learning progress:
1;215.038333333333 * time_passes + 30.853571428571 * gvn;0.265340237254214;0.265340237254214;0.265340237254214;0.265340237254214;0.001391;2;30.853571428571 * gvn;1;10.5966928867472;
Elapsed=00:00:00.0014924
Learning progress:
1;222.56 * time_passes + 20.5876190476188 * inline;0.891838803609776;0.891838803609776;0.891838803609776;0.891838803609776;0.001263;2;20.5876190476188 * inline;1;5.477091857092;
Elapsed=00:00:00.0013515
Learning progress:
1;214.818888888889 * time_passes + 30.3504444444442 * gvn;1.56536944353753;1.56536944353753;1.56536944353753;1.56536944353753;0.002124;2;30.3504444444442 * gvn;1;3.87299472996826;
2;214.818888888889 * time_passes + 31.291111111111 * gvn + -1.56777777777795 * gvn * instcombine;1.47610312308388;1.47610312308388;1.47610312308388;1.47610312308388;0.00544;4;-1.56777777777795 * gvn * instcombine;2;0.0446331602268242;
Elapsed=00:00:00.0055743
Learning progress:
1;234.8325 * time_passes + 18.8408333333332 * licm;1.91699295714821;1.91699295714821;1.91699295714821;1.91699295714821;0.001137;2;18.8408333333332 * licm;1;8.29968499393254;
Elapsed=00:00:00.0045562
Learning progress:
1;217.008333333333 * time_passes + 27.14119047619 * gvn;4.16030764950845;4.16030764950845;4.16030764950845;4.16030764950845;0.001115;2;27.14119047619 * gvn;1;6.19353279537241;
2;214.487894736842 * time_passes + 25.3408771929821 * gvn + 5.04087719298214 * inline;3.42164951436373;3.42164951436373;3.42164951436373;3.42164951436373;0.004525;3;5.04087719298214 * inline;1;0.738658135144724;
3;214.339743589744 * time_passes + 25.6371794871792 * gvn + 3.92974358974348 * inline + 1.40743589743583 * simplifycfg;3.30016094970384;3.30016094970384;3.30016094970384;3.30016094970384;0.012106;4;1.40743589743583 * simplifycfg;1;0.121488564659881;
Elapsed=00:00:00.0122359
Learning progress:
1;215.038333333333 * time_passes + 30.853571428571 * gvn;0.265340237254214;0.265340237254214;0.265340237254214;0.265340237254214;0.001159;2;30.853571428571 * gvn;1;10.5966928867472;
Elapsed=00:00:00.0012507
Learning progress:
1;222.56 * time_passes + 20.5876190476188 * inline;0.891838803609776;0.891838803609776;0.891838803609776;0.891838803609776;0.0014;2;20.5876190476188 * inline;1;5.477091857092;
Elapsed=00:00:00.0014912
Learning progress:
1;214.818888888889 * time_passes + 30.3504444444442 * gvn;1.56536944353753;1.56536944353753;1.56536944353753;1.56536944353753;0.001145;2;30.3504444444442 * gvn;1;3.87299472996826;
2;214.818888888889 * time_passes + 31.291111111111 * gvn + -1.56777777777795 * gvn * instcombine;1.47610312308388;1.47610312308388;1.47610312308388;1.47610312308388;0.004594;4;-1.56777777777795 * gvn * instcombine;2;0.0446331602268242;
Elapsed=00:00:00.0047285
Learning progress:
1;234.8325 * time_passes + 18.8408333333332 * licm;1.91699295714821;1.91699295714821;1.91699295714821;1.91699295714821;0.001876;2;18.8408333333332 * licm;1;8.29968499393254;
Elapsed=00:00:00.0053639
Learning progress:
1;217.008333333333 * time_passes + 27.14119047619 * gvn;4.16030764950845;4.16030764950845;4.16030764950845;4.16030764950845;0.001123;2;27.14119047619 * gvn;1;6.19353279537241;
2;214.487894736842 * time_passes + 25.3408771929821 * gvn + 5.04087719298214 * inline;3.42164951436373;3.42164951436373;3.42164951436373;3.42164951436373;0.004535;3;5.04087719298214 * inline;1;0.738658135144724;
3;214.339743589744 * time_passes + 25.6371794871792 * gvn + 3.92974358974348 * inline + 1.40743589743583 * simplifycfg;3.30016094970384;3.30016094970384;3.30016094970384;3.30016094970384;0.011848;4;1.40743589743583 * simplifycfg;1;0.121488564659881;
Elapsed=00:00:00.0119844
Learning progress:
1;215.038333333333 * time_passes + 30.853571428571 * gvn;0.265340237254214;0.265340237254214;0.265340237254214;0.265340237254214;0.001245;2;30.853571428571 * gvn;1;10.5966928867472;
Elapsed=00:00:00.0013365
Learning progress:
1;222.56 * time_passes + 20.5876190476188 * inline;0.891838803609776;0.891838803609776;0.891838803609776;0.891838803609776;0.001439;2;20.5876190476188 * inline;1;5.477091857092;
Elapsed=00:00:00.0015276
Learning progress:
1;214.818888888889 * time_passes + 30.3504444444442 * gvn;1.56536944353753;1.56536944353753;1.56536944353753;1.56536944353753;0.001432;2;30.3504444444442 * gvn;1;3.87299472996826;
2;214.818888888889 * time_passes + 31.291111111111 * gvn + -1.56777777777795 * gvn * instcombine;1.47610312308388;1.47610312308388;1.47610312308388;1.47610312308388;0.004887;4;-1.56777777777795 * gvn * instcombine;2;0.0446331602268242;
Elapsed=00:00:00.0050195
Learning progress:
1;234.8325 * time_passes + 18.8408333333332 * licm;1.91699295714821;1.91699295714821;1.91699295714821;1.91699295714821;0.001408;2;18.8408333333332 * licm;1;8.29968499393254;
Elapsed=00:00:00.0056277
Learning progress:
1;217.008333333333 * time_passes + 27.14119047619 * gvn;4.16030764950845;4.16030764950845;4.16030764950845;4.16030764950845;0.001405;2;27.14119047619 * gvn;1;6.19353279537241;
2;214.487894736842 * time_passes + 25.3408771929821 * gvn + 5.04087719298214 * inline;3.42164951436373;3.42164951436373;3.42164951436373;3.42164951436373;0.004927;3;5.04087719298214 * inline;1;0.738658135144724;
3;214.339743589744 * time_passes + 25.6371794871792 * gvn + 3.92974358974348 * inline + 1.40743589743583 * simplifycfg;3.30016094970384;3.30016094970384;3.30016094970384;3.30016094970384;0.011213;4;1.40743589743583 * simplifycfg;1;0.121488564659881;
Elapsed=00:00:00.0210987
Learning progress:
1;215.038333333333 * time_passes + 30.853571428571 * gvn;0.265340237254214;0.265340237254214;0.265340237254214;0.265340237254214;0.001307;2;30.853571428571 * gvn;1;10.5966928867472;
Elapsed=00:00:00.0014103
Learning progress:
1;222.56 * time_passes + 20.5876190476188 * inline;0.891838803609776;0.891838803609776;0.891838803609776;0.891838803609776;0.001417;2;20.5876190476188 * inline;1;5.477091857092;
Elapsed=00:00:00.0015074
Learning progress:
1;214.818888888889 * time_passes + 30.3504444444442 * gvn;1.56536944353753;1.56536944353753;1.56536944353753;1.56536944353753;0.001152;2;30.3504444444442 * gvn;1;3.87299472996826;
2;214.818888888889 * time_passes + 31.291111111111 * gvn + -1.56777777777795 * gvn * instcombine;1.47610312308388;1.47610312308388;1.47610312308388;1.47610312308388;0.00461;4;-1.56777777777795 * gvn * instcombine;2;0.0446331602268242;
Elapsed=00:00:00.0047492
Learning progress:
1;234.8325 * time_passes + 18.8408333333332 * licm;1.91699295714821;1.91699295714821;1.91699295714821;1.91699295714821;0.001114;2;18.8408333333332 * licm;1;8.29968499393254;
Elapsed=00:00:00.0045650
Learning progress:
1;217.008333333333 * time_passes + 27.14119047619 * gvn;4.16030764950845;4.16030764950845;4.16030764950845;4.16030764950845;0.001114;2;27.14119047619 * gvn;1;6.19353279537241;
2;214.487894736842 * time_passes + 25.3408771929821 * gvn + 5.04087719298214 * inline;3.42164951436373;3.42164951436373;3.42164951436373;3.42164951436373;0.004522;3;5.04087719298214 * inline;1;0.738658135144724;
3;214.339743589744 * time_passes + 25.6371794871792 * gvn + 3.92974358974348 * inline + 1.40743589743583 * simplifycfg;3.30016094970384;3.30016094970384;3.30016094970384;3.30016094970384;0.012096;4;1.40743589743583 * simplifycfg;1;0.121488564659881;
Elapsed=00:00:00.0122191
Learning progress:
1;215.038333333333 * time_passes + 30.853571428571 * gvn;0.265340237254214;0.265340237254214;0.265340237254214;0.265340237254214;0.001359;2;30.853571428571 * gvn;1;10.5966928867472;
Elapsed=00:00:00.0014556
Learning progress:
1;222.56 * time_passes + 20.5876190476188 * inline;0.891838803609776;0.891838803609776;0.891838803609776;0.891838803609776;0.001356;2;20.5876190476188 * inline;1;5.477091857092;
Elapsed=00:00:00.0014438
Learning progress:
1;214.818888888889 * time_passes + 30.3504444444442 * gvn;1.56536944353753;1.56536944353753;1.56536944353753;1.56536944353753;0.001334;2;30.3504444444442 * gvn;1;3.87299472996826;
2;214.818888888889 * time_passes + 31.291111111111 * gvn + -1.56777777777795 * gvn * instcombine;1.47610312308388;1.47610312308388;1.47610312308388;1.47610312308388;0.004676;4;-1.56777777777795 * gvn * instcombine;2;0.0446331602268242;
Elapsed=00:00:00.0048074
Learning progress:
1;234.8325 * time_passes + 18.8408333333332 * licm;1.91699295714821;1.91699295714821;1.91699295714821;1.91699295714821;0.001386;2;18.8408333333332 * licm;1;8.29968499393254;
Elapsed=00:00:00.0057195
Learning progress:
1;217.008333333333 * time_passes + 27.14119047619 * gvn;4.16030764950845;4.16030764950845;4.16030764950845;4.16030764950845;0.001144;2;27.14119047619 * gvn;1;6.19353279537241;
2;214.487894736842 * time_passes + 25.3408771929821 * gvn + 5.04087719298214 * inline;3.42164951436373;3.42164951436373;3.42164951436373;3.42164951436373;0.004542;3;5.04087719298214 * inline;1;0.738658135144724;
3;214.339743589744 * time_passes + 25.6371794871792 * gvn + 3.92974358974348 * inline + 1.40743589743583 * simplifycfg;3.30016094970384;3.30016094970384;3.30016094970384;3.30016094970384;0.010713;4;1.40743589743583 * simplifycfg;1;0.121488564659881;
Elapsed=00:00:00.0108346
Learning progress:
1;215.038333333333 * time_passes + 30.853571428571 * gvn;0.265340237254214;0.265340237254214;0.265340237254214;0.265340237254214;0.001348;2;30.853571428571 * gvn;1;10.5966928867472;
Elapsed=00:00:00.0014438
Learning progress:
1;222.56 * time_passes + 20.5876190476188 * inline;0.891838803609776;0.891838803609776;0.891838803609776;0.891838803609776;0.001144;2;20.5876190476188 * inline;1;5.477091857092;
Elapsed=00:00:00.0012371
Learning progress:
1;214.818888888889 * time_passes + 30.3504444444442 * gvn;1.56536944353753;1.56536944353753;1.56536944353753;1.56536944353753;0.001148;2;30.3504444444442 * gvn;1;3.87299472996826;
2;214.818888888889 * time_passes + 31.291111111111 * gvn + -1.56777777777795 * gvn * instcombine;1.47610312308388;1.47610312308388;1.47610312308388;1.47610312308388;0.004393;4;-1.56777777777795 * gvn * instcombine;2;0.0446331602268242;
Elapsed=00:00:00.0045248
Learning progress:
1;234.8325 * time_passes + 18.8408333333332 * licm;1.91699295714821;1.91699295714821;1.91699295714821;1.91699295714821;0.001114;2;18.8408333333332 * licm;1;8.29968499393254;
Elapsed=00:00:00.0046143
Learning progress:
1;217.008333333333 * time_passes + 27.14119047619 * gvn;4.16030764950845;4.16030764950845;4.16030764950845;4.16030764950845;0.001488;2;27.14119047619 * gvn;1;6.19353279537241;
2;214.487894736842 * time_passes + 25.3408771929821 * gvn + 5.04087719298214 * inline;3.42164951436373;3.42164951436373;3.42164951436373;3.42164951436373;0.006359;3;5.04087719298214 * inline;1;0.738658135144724;
3;214.339743589744 * time_passes + 25.6371794871792 * gvn + 3.92974358974348 * inline + 1.40743589743583 * simplifycfg;3.30016094970384;3.30016094970384;3.30016094970384;3.30016094970384;0.012556;4;1.40743589743583 * simplifycfg;1;0.121488564659881;
Elapsed=00:00:00.0228451
Learning progress:
1;215.038333333333 * time_passes + 30.853571428571 * gvn;0.265340237254214;0.265340237254214;0.265340237254214;0.265340237254214;0.001371;2;30.853571428571 * gvn;1;10.5966928867472;
Elapsed=00:00:00.0014703
Learning progress:
1;222.56 * time_passes + 20.5876190476188 * inline;0.891838803609776;0.891838803609776;0.891838803609776;0.891838803609776;0.001301;2;20.5876190476188 * inline;1;5.477091857092;
Elapsed=00:00:00.0013886
Learning progress:
1;214.818888888889 * time_passes + 30.3504444444442 * gvn;1.56536944353753;1.56536944353753;1.56536944353753;1.56536944353753;0.001271;2;30.3504444444442 * gvn;1;3.87299472996826;
2;214.818888888889 * time_passes + 31.291111111111 * gvn + -1.56777777777795 * gvn * instcombine;1.47610312308388;1.47610312308388;1.47610312308388;1.47610312308388;0.004661;4;-1.56777777777795 * gvn * instcombine;2;0.0446331602268242;
Elapsed=00:00:00.0048232
Learning progress:
1;234.8325 * time_passes + 18.8408333333332 * licm;1.91699295714821;1.91699295714821;1.91699295714821;1.91699295714821;0.001482;2;18.8408333333332 * licm;1;8.29968499393254;
Elapsed=00:00:00.0058702
Learning progress:
1;217.008333333333 * time_passes + 27.14119047619 * gvn;4.16030764950845;4.16030764950845;4.16030764950845;4.16030764950845;0.001138;2;27.14119047619 * gvn;1;6.19353279537241;
2;214.487894736842 * time_passes + 25.3408771929821 * gvn + 5.04087719298214 * inline;3.42164951436373;3.42164951436373;3.42164951436373;3.42164951436373;0.004534;3;5.04087719298214 * inline;1;0.738658135144724;
3;214.339743589744 * time_passes + 25.6371794871792 * gvn + 3.92974358974348 * inline + 1.40743589743583 * simplifycfg;3.30016094970384;3.30016094970384;3.30016094970384;3.30016094970384;0.010631;4;1.40743589743583 * simplifycfg;1;0.121488564659881;
Elapsed=00:00:00.0107493
Learning progress:
1;215.038333333333 * time_passes + 30.853571428571 * gvn;0.265340237254214;0.265340237254214;0.265340237254214;0.265340237254214;0.00133;2;30.853571428571 * gvn;1;10.5966928867472;
Elapsed=00:00:00.0014221
Learning progress:
1;222.56 * time_passes + 20.5876190476188 * inline;0.891838803609776;0.891838803609776;0.891838803609776;0.891838803609776;0.001144;2;20.5876190476188 * inline;1;5.477091857092;
Elapsed=00:00:00.0012338
Learning progress:
1;214.818888888889 * time_passes + 30.3504444444442 * gvn;1.56536944353753;1.56536944353753;1.56536944353753;1.56536944353753;0.001286;2;30.3504444444442 * gvn;1;3.87299472996826;
2;214.818888888889 * time_passes + 31.291111111111 * gvn + -1.56777777777795 * gvn * instcombine;1.47610312308388;1.47610312308388;1.47610312308388;1.47610312308388;0.004636;4;-1.56777777777795 * gvn * instcombine;2;0.0446331602268242;
Elapsed=00:00:00.0047678
Learning progress:
1;234.8325 * time_passes + 18.8408333333332 * licm;1.91699295714821;1.91699295714821;1.91699295714821;1.91699295714821;0.001105;2;18.8408333333332 * licm;1;8.29968499393254;
Elapsed=00:00:00.0045323
Learning progress:
1;217.008333333333 * time_passes + 27.14119047619 * gvn;4.16030764950845;4.16030764950845;4.16030764950845;4.16030764950845;0.001473;2;27.14119047619 * gvn;1;6.19353279537241;
2;214.487894736842 * time_passes + 25.3408771929821 * gvn + 5.04087719298214 * inline;3.42164951436373;3.42164951436373;3.42164951436373;3.42164951436373;0.005755;3;5.04087719298214 * inline;1;0.738658135144724;
3;214.339743589744 * time_passes + 25.6371794871792 * gvn + 3.92974358974348 * inline + 1.40743589743583 * simplifycfg;3.30016094970384;3.30016094970384;3.30016094970384;3.30016094970384;0.01184;4;1.40743589743583 * simplifycfg;1;0.121488564659881;
Elapsed=00:00:00.0119577
Learning progress:
1;215.038333333333 * time_passes + 30.853571428571 * gvn;0.265340237254214;0.265340237254214;0.265340237254214;0.265340237254214;0.001403;2;30.853571428571 * gvn;1;10.5966928867472;
Elapsed=00:00:00.0014966
Learning progress:
1;222.56 * time_passes + 20.5876190476188 * inline;0.891838803609776;0.891838803609776;0.891838803609776;0.891838803609776;0.00136;2;20.5876190476188 * inline;1;5.477091857092;
Elapsed=00:00:00.0014480
Learning progress:
1;214.818888888889 * time_passes + 30.3504444444442 * gvn;1.56536944353753;1.56536944353753;1.56536944353753;1.56536944353753;0.001362;2;30.3504444444442 * gvn;1;3.87299472996826;
2;214.818888888889 * time_passes + 31.291111111111 * gvn + -1.56777777777795 * gvn * instcombine;1.47610312308388;1.47610312308388;1.47610312308388;1.47610312308388;0.005546;4;-1.56777777777795 * gvn * instcombine;2;0.0446331602268242;
Elapsed=00:00:00.0056963
Learning progress:
1;234.8325 * time_passes + 18.8408333333332 * licm;1.91699295714821;1.91699295714821;1.91699295714821;1.91699295714821;0.001119;2;18.8408333333332 * licm;1;8.29968499393254;
Elapsed=00:00:00.0046681
Learning progress:
1;217.008333333333 * time_passes + 27.14119047619 * gvn;4.16030764950845;4.16030764950845;4.16030764950845;4.16030764950845;0.001123;2;27.14119047619 * gvn;1;6.19353279537241;
2;214.487894736842 * time_passes + 25.3408771929821 * gvn + 5.04087719298214 * inline;3.42164951436373;3.42164951436373;3.42164951436373;3.42164951436373;0.004922;3;5.04087719298214 * inline;1;0.738658135144724;
3;214.339743589744 * time_passes + 25.6371794871792 * gvn + 3.92974358974348 * inline + 1.40743589743583 * simplifycfg;3.30016094970384;3.30016094970384;3.30016094970384;3.30016094970384;0.012103;4;1.40743589743583 * simplifycfg;1;0.121488564659881;
Elapsed=00:00:00.0212340
Learning progress:
1;215.038333333333 * time_passes + 30.853571428571 * gvn;0.265340237254214;0.265340237254214;0.265340237254214;0.265340237254214;0.001162;2;30.853571428571 * gvn;1;10.5966928867472;
Elapsed=00:00:00.0012630
Learning progress:
1;222.56 * time_passes + 20.5876190476188 * inline;0.891838803609776;0.891838803609776;0.891838803609776;0.891838803609776;0.001158;2;20.5876190476188 * inline;1;5.477091857092;
Elapsed=00:00:00.0012611
Learning progress:
1;214.818888888889 * time_passes + 30.3504444444442 * gvn;1.56536944353753;1.56536944353753;1.56536944353753;1.56536944353753;0.001486;2;30.3504444444442 * gvn;1;3.87299472996826;
2;214.818888888889 * time_passes + 31.291111111111 * gvn + -1.56777777777795 * gvn * instcombine;1.47610312308388;1.47610312308388;1.47610312308388;1.47610312308388;0.004811;4;-1.56777777777795 * gvn * instcombine;2;0.0446331602268242;
Elapsed=00:00:00.0049517
Learning progress:
1;234.8325 * time_passes + 18.8408333333332 * licm;1.91699295714821;1.91699295714821;1.91699295714821;1.91699295714821;0.001121;2;18.8408333333332 * licm;1;8.29968499393254;
Elapsed=00:00:00.0046274
Learning progress:
1;217.008333333333 * time_passes + 27.14119047619 * gvn;4.16030764950845;4.16030764950845;4.16030764950845;4.16030764950845;0.001117;2;27.14119047619 * gvn;1;6.19353279537241;
2;214.487894736842 * time_passes + 25.3408771929821 * gvn + 5.04087719298214 * inline;3.42164951436373;3.42164951436373;3.42164951436373;3.42164951436373;0.00541;3;5.04087719298214 * inline;1;0.738658135144724;
3;214.339743589744 * time_passes + 25.6371794871792 * gvn + 3.92974358974348 * inline + 1.40743589743583 * simplifycfg;3.30016094970384;3.30016094970384;3.30016094970384;3.30016094970384;0.011674;4;1.40743589743583 * simplifycfg;1;0.121488564659881;
Elapsed=00:00:00.0117981
Learning progress:
1;215.038333333333 * time_passes + 30.853571428571 * gvn;0.265340237254214;0.265340237254214;0.265340237254214;0.265340237254214;0.001291;2;30.853571428571 * gvn;1;10.5966928867472;
Elapsed=00:00:00.0013827
Learning progress:
1;222.56 * time_passes + 20.5876190476188 * inline;0.891838803609776;0.891838803609776;0.891838803609776;0.891838803609776;0.001123;2;20.5876190476188 * inline;1;5.477091857092;
Elapsed=00:00:00.0012111
Learning progress:
1;214.818888888889 * time_passes + 30.3504444444442 * gvn;1.56536944353753;1.56536944353753;1.56536944353753;1.56536944353753;0.001178;2;30.3504444444442 * gvn;1;3.87299472996826;
2;214.818888888889 * time_passes + 31.291111111111 * gvn + -1.56777777777795 * gvn * instcombine;1.47610312308388;1.47610312308388;1.47610312308388;1.47610312308388;0.005325;4;-1.56777777777795 * gvn * instcombine;2;0.0446331602268242;
Elapsed=00:00:00.0054691
Learning progress:
1;234.8325 * time_passes + 18.8408333333332 * licm;1.91699295714821;1.91699295714821;1.91699295714821;1.91699295714821;0.001387;2;18.8408333333332 * licm;1;8.29968499393254;
Elapsed=00:00:00.0048904
Learning progress:
1;217.008333333333 * time_passes + 27.14119047619 * gvn;4.16030764950845;4.16030764950845;4.16030764950845;4.16030764950845;0.001143;2;27.14119047619 * gvn;1;6.19353279537241;
2;214.487894736842 * time_passes + 25.3408771929821 * gvn + 5.04087719298214 * inline;3.42164951436373;3.42164951436373;3.42164951436373;3.42164951436373;0.004671;3;5.04087719298214 * inline;1;0.738658135144724;
3;214.339743589744 * time_passes + 25.6371794871792 * gvn + 3.92974358974348 * inline + 1.40743589743583 * simplifycfg;3.30016094970384;3.30016094970384;3.30016094970384;3.30016094970384;0.012018;4;1.40743589743583 * simplifycfg;1;0.121488564659881;
Elapsed=00:00:00.0121473
Learning progress:
1;215.038333333333 * time_passes + 30.853571428571 * gvn;0.265340237254214;0.265340237254214;0.265340237254214;0.265340237254214;0.001306;2;30.853571428571 * gvn;1;10.5966928867472;
Elapsed=00:00:00.0014149
Learning progress:
1;222.56 * time_passes + 20.5876190476188 * inline;0.891838803609776;0.891838803609776;0.891838803609776;0.891838803609776;0.001356;2;20.5876190476188 * inline;1;5.477091857092;
Elapsed=00:00:00.0014465
Learning progress:
1;214.818888888889 * time_passes + 30.3504444444442 * gvn;1.56536944353753;1.56536944353753;1.56536944353753;1.56536944353753;0.001485;2;30.3504444444442 * gvn;1;3.87299472996826;
2;214.818888888889 * time_passes + 31.291111111111 * gvn + -1.56777777777795 * gvn * instcombine;1.47610312308388;1.47610312308388;1.47610312308388;1.47610312308388;0.004809;4;-1.56777777777795 * gvn * instcombine;2;0.0446331602268242;
Elapsed=00:00:00.0049443
Learning progress:
1;234.8325 * time_passes + 18.8408333333332 * licm;1.91699295714821;1.91699295714821;1.91699295714821;1.91699295714821;0.002094;2;18.8408333333332 * licm;1;8.29968499393254;
Elapsed=00:00:00.0055613
Learning progress:
1;217.008333333333 * time_passes + 27.14119047619 * gvn;4.16030764950845;4.16030764950845;4.16030764950845;4.16030764950845;0.001117;2;27.14119047619 * gvn;1;6.19353279537241;
2;214.487894736842 * time_passes + 25.3408771929821 * gvn + 5.04087719298214 * inline;3.42164951436373;3.42164951436373;3.42164951436373;3.42164951436373;0.004524;3;5.04087719298214 * inline;1;0.738658135144724;
3;214.339743589744 * time_passes + 25.6371794871792 * gvn + 3.92974358974348 * inline + 1.40743589743583 * simplifycfg;3.30016094970384;3.30016094970384;3.30016094970384;3.30016094970384;0.011863;4;1.40743589743583 * simplifycfg;1;0.121488564659881;
Elapsed=00:00:00.0210940
Learning progress:
1;215.038333333333 * time_passes + 30.853571428571 * gvn;0.265340237254214;0.265340237254214;0.265340237254214;0.265340237254214;0.001171;2;30.853571428571 * gvn;1;10.5966928867472;
Elapsed=00:00:00.0012694
Learning progress:
1;222.56 * time_passes + 20.5876190476188 * inline;0.891838803609776;0.891838803609776;0.891838803609776;0.891838803609776;0.001461;2;20.5876190476188 * inline;1;5.477091857092;
Elapsed=00:00:00.0015516
Learning progress:
1;214.818888888889 * time_passes + 30.3504444444442 * gvn;1.56536944353753;1.56536944353753;1.56536944353753;1.56536944353753;0.001227;2;30.3504444444442 * gvn;1;3.87299472996826;
2;214.818888888889 * time_passes + 31.291111111111 * gvn + -1.56777777777795 * gvn * instcombine;1.47610312308388;1.47610312308388;1.47610312308388;1.47610312308388;0.005501;4;-1.56777777777795 * gvn * instcombine;2;0.0446331602268242;
Elapsed=00:00:00.0056369
Learning progress:
1;234.8325 * time_passes + 18.8408333333332 * licm;1.91699295714821;1.91699295714821;1.91699295714821;1.91699295714821;0.00137;2;18.8408333333332 * licm;1;8.29968499393254;
Elapsed=00:00:00.0049904
Learning progress:
1;217.008333333333 * time_passes + 27.14119047619 * gvn;4.16030764950845;4.16030764950845;4.16030764950845;4.16030764950845;0.001137;2;27.14119047619 * gvn;1;6.19353279537241;
2;214.487894736842 * time_passes + 25.3408771929821 * gvn + 5.04087719298214 * inline;3.42164951436373;3.42164951436373;3.42164951436373;3.42164951436373;0.004916;3;5.04087719298214 * inline;1;0.738658135144724;
3;214.339743589744 * time_passes + 25.6371794871792 * gvn + 3.92974358974348 * inline + 1.40743589743583 * simplifycfg;3.30016094970384;3.30016094970384;3.30016094970384;3.30016094970384;0.012339;4;1.40743589743583 * simplifycfg;1;0.121488564659881;
Elapsed=00:00:00.0124615
Learning progress:
1;215.038333333333 * time_passes + 30.853571428571 * gvn;0.265340237254214;0.265340237254214;0.265340237254214;0.265340237254214;0.001303;2;30.853571428571 * gvn;1;10.5966928867472;
Elapsed=00:00:00.0013972
Learning progress:
1;222.56 * time_passes + 20.5876190476188 * inline;0.891838803609776;0.891838803609776;0.891838803609776;0.891838803609776;0.001128;2;20.5876190476188 * inline;1;5.477091857092;
Elapsed=00:00:00.0012140
Learning progress:
1;214.818888888889 * time_passes + 30.3504444444442 * gvn;1.56536944353753;1.56536944353753;1.56536944353753;1.56536944353753;0.00117;2;30.3504444444442 * gvn;1;3.87299472996826;
2;214.818888888889 * time_passes + 31.291111111111 * gvn + -1.56777777777795 * gvn * instcombine;1.47610312308388;1.47610312308388;1.47610312308388;1.47610312308388;0.004505;4;-1.56777777777795 * gvn * instcombine;2;0.0446331602268242;
Elapsed=00:00:00.0046410
Learning progress:
1;234.8325 * time_passes + 18.8408333333332 * licm;1.91699295714821;1.91699295714821;1.91699295714821;1.91699295714821;0.002275;2;18.8408333333332 * licm;1;8.29968499393254;
Elapsed=00:00:00.0057682
Learning progress:
1;217.008333333333 * time_passes + 27.14119047619 * gvn;4.16030764950845;4.16030764950845;4.16030764950845;4.16030764950845;0.001118;2;27.14119047619 * gvn;1;6.19353279537241;
2;214.487894736842 * time_passes + 25.3408771929821 * gvn + 5.04087719298214 * inline;3.42164951436373;3.42164951436373;3.42164951436373;3.42164951436373;0.004526;3;5.04087719298214 * inline;1;0.738658135144724;
3;214.339743589744 * time_passes + 25.6371794871792 * gvn + 3.92974358974348 * inline + 1.40743589743583 * simplifycfg;3.30016094970384;3.30016094970384;3.30016094970384;3.30016094970384;0.012005;4;1.40743589743583 * simplifycfg;1;0.121488564659881;
Elapsed=00:00:00.0121422
Learning progress:
1;215.038333333333 * time_passes + 30.853571428571 * gvn;0.265340237254214;0.265340237254214;0.265340237254214;0.265340237254214;0.001162;2;30.853571428571 * gvn;1;10.5966928867472;
Elapsed=00:00:00.0012527
Learning progress:
1;222.56 * time_passes + 20.5876190476188 * inline;0.891838803609776;0.891838803609776;0.891838803609776;0.891838803609776;0.001156;2;20.5876190476188 * inline;1;5.477091857092;
Elapsed=00:00:00.0012447
Learning progress:
1;214.818888888889 * time_passes + 30.3504444444442 * gvn;1.56536944353753;1.56536944353753;1.56536944353753;1.56536944353753;0.001285;2;30.3504444444442 * gvn;1;3.87299472996826;
2;214.818888888889 * time_passes + 31.291111111111 * gvn + -1.56777777777795 * gvn * instcombine;1.47610312308388;1.47610312308388;1.47610312308388;1.47610312308388;0.004623;4;-1.56777777777795 * gvn * instcombine;2;0.0446331602268242;
Elapsed=00:00:00.0047631
Learning progress:
1;234.8325 * time_passes + 18.8408333333332 * licm;1.91699295714821;1.91699295714821;1.91699295714821;1.91699295714821;0.001158;2;18.8408333333332 * licm;1;8.29968499393254;
Elapsed=00:00:00.0046112
Learning progress:
1;217.008333333333 * time_passes + 27.14119047619 * gvn;4.16030764950845;4.16030764950845;4.16030764950845;4.16030764950845;0.001123;2;27.14119047619 * gvn;1;6.19353279537241;
2;214.487894736842 * time_passes + 25.3408771929821 * gvn + 5.04087719298214 * inline;3.42164951436373;3.42164951436373;3.42164951436373;3.42164951436373;0.004515;3;5.04087719298214 * inline;1;0.738658135144724;
3;214.339743589744 * time_passes + 25.6371794871792 * gvn + 3.92974358974348 * inline + 1.40743589743583 * simplifycfg;3.30016094970384;3.30016094970384;3.30016094970384;3.30016094970384;0.010655;4;1.40743589743583 * simplifycfg;1;0.121488564659881;
Elapsed=00:00:00.0206213
Learning progress:
1;215.038333333333 * time_passes + 30.853571428571 * gvn;0.265340237254214;0.265340237254214;0.265340237254214;0.265340237254214;0.001192;2;30.853571428571 * gvn;1;10.5966928867472;
Elapsed=00:00:00.0013074
Learning progress:
1;222.56 * time_passes + 20.5876190476188 * inline;0.891838803609776;0.891838803609776;0.891838803609776;0.891838803609776;0.001415;2;20.5876190476188 * inline;1;5.477091857092;
Elapsed=00:00:00.0015068
Learning progress:
1;214.818888888889 * time_passes + 30.3504444444442 * gvn;1.56536944353753;1.56536944353753;1.56536944353753;1.56536944353753;0.001159;2;30.3504444444442 * gvn;1;3.87299472996826;
2;214.818888888889 * time_passes + 31.291111111111 * gvn + -1.56777777777795 * gvn * instcombine;1.47610312308388;1.47610312308388;1.47610312308388;1.47610312308388;0.004472;4;-1.56777777777795 * gvn * instcombine;2;0.0446331602268242;
Elapsed=00:00:00.0046042
Learning progress:
1;234.8325 * time_passes + 18.8408333333332 * licm;1.91699295714821;1.91699295714821;1.91699295714821;1.91699295714821;0.002042;2;18.8408333333332 * licm;1;8.29968499393254;
Elapsed=00:00:00.0054938
Learning progress:
1;217.008333333333 * time_passes + 27.14119047619 * gvn;4.16030764950845;4.16030764950845;4.16030764950845;4.16030764950845;0.001137;2;27.14119047619 * gvn;1;6.19353279537241;
2;214.487894736842 * time_passes + 25.3408771929821 * gvn + 5.04087719298214 * inline;3.42164951436373;3.42164951436373;3.42164951436373;3.42164951436373;0.004523;3;5.04087719298214 * inline;1;0.738658135144724;
3;214.339743589744 * time_passes + 25.6371794871792 * gvn + 3.92974358974348 * inline + 1.40743589743583 * simplifycfg;3.30016094970384;3.30016094970384;3.30016094970384;3.30016094970384;0.011727;4;1.40743589743583 * simplifycfg;1;0.121488564659881;
Elapsed=00:00:00.0118672
Learning progress:
1;215.038333333333 * time_passes + 30.853571428571 * gvn;0.265340237254214;0.265340237254214;0.265340237254214;0.265340237254214;0.001157;2;30.853571428571 * gvn;1;10.5966928867472;
Elapsed=00:00:00.0012502
Learning progress:
1;222.56 * time_passes + 20.5876190476188 * inline;0.891838803609776;0.891838803609776;0.891838803609776;0.891838803609776;0.00113;2;20.5876190476188 * inline;1;5.477091857092;
Elapsed=00:00:00.0012190
Learning progress:
1;214.818888888889 * time_passes + 30.3504444444442 * gvn;1.56536944353753;1.56536944353753;1.56536944353753;1.56536944353753;0.001272;2;30.3504444444442 * gvn;1;3.87299472996826;
2;214.818888888889 * time_passes + 31.291111111111 * gvn + -1.56777777777795 * gvn * instcombine;1.47610312308388;1.47610312308388;1.47610312308388;1.47610312308388;0.00463;4;-1.56777777777795 * gvn * instcombine;2;0.0446331602268242;
Elapsed=00:00:00.0047637
Learning progress:
1;234.8325 * time_passes + 18.8408333333332 * licm;1.91699295714821;1.91699295714821;1.91699295714821;1.91699295714821;0.001134;2;18.8408333333332 * licm;1;8.29968499393254;
Elapsed=00:00:00.0046605
Learning progress:
1;217.008333333333 * time_passes + 27.14119047619 * gvn;4.16030764950845;4.16030764950845;4.16030764950845;4.16030764950845;0.001148;2;27.14119047619 * gvn;1;6.19353279537241;
2;214.487894736842 * time_passes + 25.3408771929821 * gvn + 5.04087719298214 * inline;3.42164951436373;3.42164951436373;3.42164951436373;3.42164951436373;0.00456;3;5.04087719298214 * inline;1;0.738658135144724;
3;214.339743589744 * time_passes + 25.6371794871792 * gvn + 3.92974358974348 * inline + 1.40743589743583 * simplifycfg;3.30016094970384;3.30016094970384;3.30016094970384;3.30016094970384;0.010722;4;1.40743589743583 * simplifycfg;1;0.121488564659881;
Elapsed=00:00:00.0108463
Learning progress:
1;215.038333333333 * time_passes + 30.853571428571 * gvn;0.265340237254214;0.265340237254214;0.265340237254214;0.265340237254214;0.001179;2;30.853571428571 * gvn;1;10.5966928867472;
Elapsed=00:00:00.0012771
Learning progress:
1;222.56 * time_passes + 20.5876190476188 * inline;0.891838803609776;0.891838803609776;0.891838803609776;0.891838803609776;0.002385;2;20.5876190476188 * inline;1;5.477091857092;
Elapsed=00:00:00.0024806
Learning progress:
1;214.818888888889 * time_passes + 30.3504444444442 * gvn;1.56536944353753;1.56536944353753;1.56536944353753;1.56536944353753;0.001266;2;30.3504444444442 * gvn;1;3.87299472996826;
2;214.818888888889 * time_passes + 31.291111111111 * gvn + -1.56777777777795 * gvn * instcombine;1.47610312308388;1.47610312308388;1.47610312308388;1.47610312308388;0.004551;4;-1.56777777777795 * gvn * instcombine;2;0.0446331602268242;
Elapsed=00:00:00.0046948
Learning progress:
1;234.8325 * time_passes + 18.8408333333332 * licm;1.91699295714821;1.91699295714821;1.91699295714821;1.91699295714821;0.001118;2;18.8408333333332 * licm;1;8.29968499393254;
Elapsed=00:00:00.0046710
Learning progress:
1;217.008333333333 * time_passes + 27.14119047619 * gvn;4.16030764950845;4.16030764950845;4.16030764950845;4.16030764950845;0.001463;2;27.14119047619 * gvn;1;6.19353279537241;
2;214.487894736842 * time_passes + 25.3408771929821 * gvn + 5.04087719298214 * inline;3.42164951436373;3.42164951436373;3.42164951436373;3.42164951436373;0.006287;3;5.04087719298214 * inline;1;0.738658135144724;
3;214.339743589744 * time_passes + 25.6371794871792 * gvn + 3.92974358974348 * inline + 1.40743589743583 * simplifycfg;3.30016094970384;3.30016094970384;3.30016094970384;3.30016094970384;0.012606;4;1.40743589743583 * simplifycfg;1;0.121488564659881;
Elapsed=00:00:00.0225535
Learning progress:
1;215.038333333333 * time_passes + 30.853571428571 * gvn;0.265340237254214;0.265340237254214;0.265340237254214;0.265340237254214;0.001487;2;30.853571428571 * gvn;1;10.5966928867472;
Elapsed=00:00:00.0015979
Learning progress:
1;222.56 * time_passes + 20.5876190476188 * inline;0.891838803609776;0.891838803609776;0.891838803609776;0.891838803609776;0.001129;2;20.5876190476188 * inline;1;5.477091857092;
Elapsed=00:00:00.0012192
Learning progress:
1;214.818888888889 * time_passes + 30.3504444444442 * gvn;1.56536944353753;1.56536944353753;1.56536944353753;1.56536944353753;0.001262;2;30.3504444444442 * gvn;1;3.87299472996826;
2;214.818888888889 * time_passes + 31.291111111111 * gvn + -1.56777777777795 * gvn * instcombine;1.47610312308388;1.47610312308388;1.47610312308388;1.47610312308388;0.005072;4;-1.56777777777795 * gvn * instcombine;2;0.0446331602268242;
Elapsed=00:00:00.0052277
Learning progress:
1;234.8325 * time_passes + 18.8408333333332 * licm;1.91699295714821;1.91699295714821;1.91699295714821;1.91699295714821;0.00113;2;18.8408333333332 * licm;1;8.29968499393254;
Elapsed=00:00:00.0056216
Learning progress:
1;217.008333333333 * time_passes + 27.14119047619 * gvn;4.16030764950845;4.16030764950845;4.16030764950845;4.16030764950845;0.001153;2;27.14119047619 * gvn;1;6.19353279537241;
2;214.487894736842 * time_passes + 25.3408771929821 * gvn + 5.04087719298214 * inline;3.42164951436373;3.42164951436373;3.42164951436373;3.42164951436373;0.004814;3;5.04087719298214 * inline;1;0.738658135144724;
3;214.339743589744 * time_passes + 25.6371794871792 * gvn + 3.92974358974348 * inline + 1.40743589743583 * simplifycfg;3.30016094970384;3.30016094970384;3.30016094970384;3.30016094970384;0.010969;4;1.40743589743583 * simplifycfg;1;0.121488564659881;
Elapsed=00:00:00.0111041
Learning progress:
1;215.038333333333 * time_passes + 30.853571428571 * gvn;0.265340237254214;0.265340237254214;0.265340237254214;0.265340237254214;0.001187;2;30.853571428571 * gvn;1;10.5966928867472;
Elapsed=00:00:00.0012878
Learning progress:
1;222.56 * time_passes + 20.5876190476188 * inline;0.891838803609776;0.891838803609776;0.891838803609776;0.891838803609776;0.00223;2;20.5876190476188 * inline;1;5.477091857092;
Elapsed=00:00:00.0023269
Learning progress:
1;214.818888888889 * time_passes + 30.3504444444442 * gvn;1.56536944353753;1.56536944353753;1.56536944353753;1.56536944353753;0.001289;2;30.3504444444442 * gvn;1;3.87299472996826;
2;214.818888888889 * time_passes + 31.291111111111 * gvn + -1.56777777777795 * gvn * instcombine;1.47610312308388;1.47610312308388;1.47610312308388;1.47610312308388;0.004783;4;-1.56777777777795 * gvn * instcombine;2;0.0446331602268242;
Elapsed=00:00:00.0049213
Learning progress:
1;234.8325 * time_passes + 18.8408333333332 * licm;1.91699295714821;1.91699295714821;1.91699295714821;1.91699295714821;0.001111;2;18.8408333333332 * licm;1;8.29968499393254;
Elapsed=00:00:00.0045587
Learning progress:
1;217.008333333333 * time_passes + 27.14119047619 * gvn;4.16030764950845;4.16030764950845;4.16030764950845;4.16030764950845;0.001157;2;27.14119047619 * gvn;1;6.19353279537241;
2;214.487894736842 * time_passes + 25.3408771929821 * gvn + 5.04087719298214 * inline;3.42164951436373;3.42164951436373;3.42164951436373;3.42164951436373;0.005729;3;5.04087719298214 * inline;1;0.738658135144724;
3;214.339743589744 * time_passes + 25.6371794871792 * gvn + 3.92974358974348 * inline + 1.40743589743583 * simplifycfg;3.30016094970384;3.30016094970384;3.30016094970384;3.30016094970384;0.01205;4;1.40743589743583 * simplifycfg;1;0.121488564659881;
Elapsed=00:00:00.0121821
Learning progress:
1;215.038333333333 * time_passes + 30.853571428571 * gvn;0.265340237254214;0.265340237254214;0.265340237254214;0.265340237254214;0.001172;2;30.853571428571 * gvn;1;10.5966928867472;
Elapsed=00:00:00.0012703
Learning progress:
1;222.56 * time_passes + 20.5876190476188 * inline;0.891838803609776;0.891838803609776;0.891838803609776;0.891838803609776;0.001131;2;20.5876190476188 * inline;1;5.477091857092;
Elapsed=00:00:00.0012338
Learning progress:
1;214.818888888889 * time_passes + 30.3504444444442 * gvn;1.56536944353753;1.56536944353753;1.56536944353753;1.56536944353753;0.001155;2;30.3504444444442 * gvn;1;3.87299472996826;
2;214.818888888889 * time_passes + 31.291111111111 * gvn + -1.56777777777795 * gvn * instcombine;1.47610312308388;1.47610312308388;1.47610312308388;1.47610312308388;0.005604;4;-1.56777777777795 * gvn * instcombine;2;0.0446331602268242;
Elapsed=00:00:00.0057416
Learning progress:
1;234.8325 * time_passes + 18.8408333333332 * licm;1.91699295714821;1.91699295714821;1.91699295714821;1.91699295714821;0.001375;2;18.8408333333332 * licm;1;8.29968499393254;
Elapsed=00:00:00.0047969
Learning progress:
1;217.008333333333 * time_passes + 27.14119047619 * gvn;4.16030764950845;4.16030764950845;4.16030764950845;4.16030764950845;0.001114;2;27.14119047619 * gvn;1;6.19353279537241;
2;214.487894736842 * time_passes + 25.3408771929821 * gvn + 5.04087719298214 * inline;3.42164951436373;3.42164951436373;3.42164951436373;3.42164951436373;0.00452;3;5.04087719298214 * inline;1;0.738658135144724;
3;214.339743589744 * time_passes + 25.6371794871792 * gvn + 3.92974358974348 * inline + 1.40743589743583 * simplifycfg;3.30016094970384;3.30016094970384;3.30016094970384;3.30016094970384;0.011833;4;1.40743589743583 * simplifycfg;1;0.121488564659881;
Elapsed=00:00:00.0210070
Learning progress:
1;215.038333333333 * time_passes + 30.853571428571 * gvn;0.265340237254214;0.265340237254214;0.265340237254214;0.265340237254214;0.001326;2;30.853571428571 * gvn;1;10.5966928867472;
Elapsed=00:00:00.0014380
Learning progress:
1;222.56 * time_passes + 20.5876190476188 * inline;0.891838803609776;0.891838803609776;0.891838803609776;0.891838803609776;0.002212;2;20.5876190476188 * inline;1;5.477091857092;
Elapsed=00:00:00.0023110
Learning progress:
1;214.818888888889 * time_passes + 30.3504444444442 * gvn;1.56536944353753;1.56536944353753;1.56536944353753;1.56536944353753;0.001257;2;30.3504444444442 * gvn;1;3.87299472996826;
2;214.818888888889 * time_passes + 31.291111111111 * gvn + -1.56777777777795 * gvn * instcombine;1.47610312308388;1.47610312308388;1.47610312308388;1.47610312308388;0.004577;4;-1.56777777777795 * gvn * instcombine;2;0.0446331602268242;
Elapsed=00:00:00.0047121
Learning progress:
1;234.8325 * time_passes + 18.8408333333332 * licm;1.91699295714821;1.91699295714821;1.91699295714821;1.91699295714821;0.001119;2;18.8408333333332 * licm;1;8.29968499393254;
Elapsed=00:00:00.0046370
Learning progress:
1;217.008333333333 * time_passes + 27.14119047619 * gvn;4.16030764950845;4.16030764950845;4.16030764950845;4.16030764950845;0.001479;2;27.14119047619 * gvn;1;6.19353279537241;
2;214.487894736842 * time_passes + 25.3408771929821 * gvn + 5.04087719298214 * inline;3.42164951436373;3.42164951436373;3.42164951436373;3.42164951436373;0.006166;3;5.04087719298214 * inline;1;0.738658135144724;
3;214.339743589744 * time_passes + 25.6371794871792 * gvn + 3.92974358974348 * inline + 1.40743589743583 * simplifycfg;3.30016094970384;3.30016094970384;3.30016094970384;3.30016094970384;0.012536;4;1.40743589743583 * simplifycfg;1;0.121488564659881;
Elapsed=00:00:00.0126683
Learning progress:
1;215.038333333333 * time_passes + 30.853571428571 * gvn;0.265340237254214;0.265340237254214;0.265340237254214;0.265340237254214;0.001341;2;30.853571428571 * gvn;1;10.5966928867472;
Elapsed=00:00:00.0014399
Learning progress:
1;222.56 * time_passes + 20.5876190476188 * inline;0.891838803609776;0.891838803609776;0.891838803609776;0.891838803609776;0.001392;2;20.5876190476188 * inline;1;5.477091857092;
Elapsed=00:00:00.0014828
Learning progress:
1;214.818888888889 * time_passes + 30.3504444444442 * gvn;1.56536944353753;1.56536944353753;1.56536944353753;1.56536944353753;0.001326;2;30.3504444444442 * gvn;1;3.87299472996826;
2;214.818888888889 * time_passes + 31.291111111111 * gvn + -1.56777777777795 * gvn * instcombine;1.47610312308388;1.47610312308388;1.47610312308388;1.47610312308388;0.005882;4;-1.56777777777795 * gvn * instcombine;2;0.0446331602268242;
Elapsed=00:00:00.0060350
Learning progress:
1;234.8325 * time_passes + 18.8408333333332 * licm;1.91699295714821;1.91699295714821;1.91699295714821;1.91699295714821;0.001467;2;18.8408333333332 * licm;1;8.29968499393254;
Elapsed=00:00:00.0050119
Learning progress:
1;217.008333333333 * time_passes + 27.14119047619 * gvn;4.16030764950845;4.16030764950845;4.16030764950845;4.16030764950845;0.001413;2;27.14119047619 * gvn;1;6.19353279537241;
2;214.487894736842 * time_passes + 25.3408771929821 * gvn + 5.04087719298214 * inline;3.42164951436373;3.42164951436373;3.42164951436373;3.42164951436373;0.005088;3;5.04087719298214 * inline;1;0.738658135144724;
3;214.339743589744 * time_passes + 25.6371794871792 * gvn + 3.92974358974348 * inline + 1.40743589743583 * simplifycfg;3.30016094970384;3.30016094970384;3.30016094970384;3.30016094970384;0.012478;4;1.40743589743583 * simplifycfg;1;0.121488564659881;
Elapsed=00:00:00.0126183
Learning progress:
1;215.038333333333 * time_passes + 30.853571428571 * gvn;0.265340237254214;0.265340237254214;0.265340237254214;0.265340237254214;0.001286;2;30.853571428571 * gvn;1;10.5966928867472;
Elapsed=00:00:00.0013844
Learning progress:
1;222.56 * time_passes + 20.5876190476188 * inline;0.891838803609776;0.891838803609776;0.891838803609776;0.891838803609776;0.001534;2;20.5876190476188 * inline;1;5.477091857092;
Elapsed=00:00:00.0016286
Learning progress:
1;214.818888888889 * time_passes + 30.3504444444442 * gvn;1.56536944353753;1.56536944353753;1.56536944353753;1.56536944353753;0.001318;2;30.3504444444442 * gvn;1;3.87299472996826;
2;214.818888888889 * time_passes + 31.291111111111 * gvn + -1.56777777777795 * gvn * instcombine;1.47610312308388;1.47610312308388;1.47610312308388;1.47610312308388;0.004659;4;-1.56777777777795 * gvn * instcombine;2;0.0446331602268242;
Elapsed=00:00:00.0047973
Learning progress:
1;234.8325 * time_passes + 18.8408333333332 * licm;1.91699295714821;1.91699295714821;1.91699295714821;1.91699295714821;0.002404;2;18.8408333333332 * licm;1;8.29968499393254;
Elapsed=00:00:00.0058987
Learning progress:
1;217.008333333333 * time_passes + 27.14119047619 * gvn;4.16030764950845;4.16030764950845;4.16030764950845;4.16030764950845;0.001345;2;27.14119047619 * gvn;1;6.19353279537241;
2;214.487894736842 * time_passes + 25.3408771929821 * gvn + 5.04087719298214 * inline;3.42164951436373;3.42164951436373;3.42164951436373;3.42164951436373;0.004729;3;5.04087719298214 * inline;1;0.738658135144724;
3;214.339743589744 * time_passes + 25.6371794871792 * gvn + 3.92974358974348 * inline + 1.40743589743583 * simplifycfg;3.30016094970384;3.30016094970384;3.30016094970384;3.30016094970384;0.010937;4;1.40743589743583 * simplifycfg;1;0.121488564659881;
Elapsed=00:00:00.0208728
Learning progress:
1;215.038333333333 * time_passes + 30.853571428571 * gvn;0.265340237254214;0.265340237254214;0.265340237254214;0.265340237254214;0.001339;2;30.853571428571 * gvn;1;10.5966928867472;
Elapsed=00:00:00.0014406
Learning progress:
1;222.56 * time_passes + 20.5876190476188 * inline;0.891838803609776;0.891838803609776;0.891838803609776;0.891838803609776;0.001147;2;20.5876190476188 * inline;1;5.477091857092;
Elapsed=00:00:00.0012349
Learning progress:
1;214.818888888889 * time_passes + 30.3504444444442 * gvn;1.56536944353753;1.56536944353753;1.56536944353753;1.56536944353753;0.001148;2;30.3504444444442 * gvn;1;3.87299472996826;
2;214.818888888889 * time_passes + 31.291111111111 * gvn + -1.56777777777795 * gvn * instcombine;1.47610312308388;1.47610312308388;1.47610312308388;1.47610312308388;0.005389;4;-1.56777777777795 * gvn * instcombine;2;0.0446331602268242;
Elapsed=00:00:00.0055230
Learning progress:
1;234.8325 * time_passes + 18.8408333333332 * licm;1.91699295714821;1.91699295714821;1.91699295714821;1.91699295714821;0.001115;2;18.8408333333332 * licm;1;8.29968499393254;
Elapsed=00:00:00.0045262
Learning progress:
1;217.008333333333 * time_passes + 27.14119047619 * gvn;4.16030764950845;4.16030764950845;4.16030764950845;4.16030764950845;0.001108;2;27.14119047619 * gvn;1;6.19353279537241;
2;214.487894736842 * time_passes + 25.3408771929821 * gvn + 5.04087719298214 * inline;3.42164951436373;3.42164951436373;3.42164951436373;3.42164951436373;0.004515;3;5.04087719298214 * inline;1;0.738658135144724;
3;214.339743589744 * time_passes + 25.6371794871792 * gvn + 3.92974358974348 * inline + 1.40743589743583 * simplifycfg;3.30016094970384;3.30016094970384;3.30016094970384;3.30016094970384;0.011855;4;1.40743589743583 * simplifycfg;1;0.121488564659881;
Elapsed=00:00:00.0119946
Learning progress:
1;215.038333333333 * time_passes + 30.853571428571 * gvn;0.265340237254214;0.265340237254214;0.265340237254214;0.265340237254214;0.001127;2;30.853571428571 * gvn;1;10.5966928867472;
Elapsed=00:00:00.0012178
Learning progress:
1;222.56 * time_passes + 20.5876190476188 * inline;0.891838803609776;0.891838803609776;0.891838803609776;0.891838803609776;0.001114;2;20.5876190476188 * inline;1;5.477091857092;
Elapsed=00:00:00.0012026
Learning progress:
1;214.818888888889 * time_passes + 30.3504444444442 * gvn;1.56536944353753;1.56536944353753;1.56536944353753;1.56536944353753;0.001114;2;30.3504444444442 * gvn;1;3.87299472996826;
2;214.818888888889 * time_passes + 31.291111111111 * gvn + -1.56777777777795 * gvn * instcombine;1.47610312308388;1.47610312308388;1.47610312308388;1.47610312308388;0.004432;4;-1.56777777777795 * gvn * instcombine;2;0.0446331602268242;
Elapsed=00:00:00.0045649
Learning progress:
1;234.8325 * time_passes + 18.8408333333332 * licm;1.91699295714821;1.91699295714821;1.91699295714821;1.91699295714821;0.002277;2;18.8408333333332 * licm;1;8.29968499393254;
Elapsed=00:00:00.0057518
Learning progress:
1;217.008333333333 * time_passes + 27.14119047619 * gvn;4.16030764950845;4.16030764950845;4.16030764950845;4.16030764950845;0.00135;2;27.14119047619 * gvn;1;6.19353279537241;
2;214.487894736842 * time_passes + 25.3408771929821 * gvn + 5.04087719298214 * inline;3.42164951436373;3.42164951436373;3.42164951436373;3.42164951436373;0.004741;3;5.04087719298214 * inline;1;0.738658135144724;
3;214.339743589744 * time_passes + 25.6371794871792 * gvn + 3.92974358974348 * inline + 1.40743589743583 * simplifycfg;3.30016094970384;3.30016094970384;3.30016094970384;3.30016094970384;0.011097;4;1.40743589743583 * simplifycfg;1;0.121488564659881;
Elapsed=00:00:00.0112231
Learning progress:
1;215.038333333333 * time_passes + 30.853571428571 * gvn;0.265340237254214;0.265340237254214;0.265340237254214;0.265340237254214;0.001222;2;30.853571428571 * gvn;1;10.5966928867472;
Elapsed=00:00:00.0013175
Learning progress:
1;222.56 * time_passes + 20.5876190476188 * inline;0.891838803609776;0.891838803609776;0.891838803609776;0.891838803609776;0.00111;2;20.5876190476188 * inline;1;5.477091857092;
Elapsed=00:00:00.0011989
Learning progress:
1;214.818888888889 * time_passes + 30.3504444444442 * gvn;1.56536944353753;1.56536944353753;1.56536944353753;1.56536944353753;0.001176;2;30.3504444444442 * gvn;1;3.87299472996826;
2;214.818888888889 * time_passes + 31.291111111111 * gvn + -1.56777777777795 * gvn * instcombine;1.47610312308388;1.47610312308388;1.47610312308388;1.47610312308388;0.004487;4;-1.56777777777795 * gvn * instcombine;2;0.0446331602268242;
Elapsed=00:00:00.0046220
Learning progress:
1;234.8325 * time_passes + 18.8408333333332 * licm;1.91699295714821;1.91699295714821;1.91699295714821;1.91699295714821;0.001131;2;18.8408333333332 * licm;1;8.29968499393254;
Elapsed=00:00:00.0045606
Learning progress:
1;217.008333333333 * time_passes + 27.14119047619 * gvn;4.16030764950845;4.16030764950845;4.16030764950845;4.16030764950845;0.001136;2;27.14119047619 * gvn;1;6.19353279537241;
2;214.487894736842 * time_passes + 25.3408771929821 * gvn + 5.04087719298214 * inline;3.42164951436373;3.42164951436373;3.42164951436373;3.42164951436373;0.004534;3;5.04087719298214 * inline;1;0.738658135144724;
3;214.339743589744 * time_passes + 25.6371794871792 * gvn + 3.92974358974348 * inline + 1.40743589743583 * simplifycfg;3.30016094970384;3.30016094970384;3.30016094970384;3.30016094970384;0.010723;4;1.40743589743583 * simplifycfg;1;0.121488564659881;
Elapsed=00:00:00.0208121
Learning progress:
1;215.038333333333 * time_passes + 30.853571428571 * gvn;0.265340237254214;0.265340237254214;0.265340237254214;0.265340237254214;0.001304;2;30.853571428571 * gvn;1;10.5966928867472;
Elapsed=00:00:00.0014132
Learning progress:
1;222.56 * time_passes + 20.5876190476188 * inline;0.891838803609776;0.891838803609776;0.891838803609776;0.891838803609776;0.001132;2;20.5876190476188 * inline;1;5.477091857092;
Elapsed=00:00:00.0012234
Learning progress:
1;214.818888888889 * time_passes + 30.3504444444442 * gvn;1.56536944353753;1.56536944353753;1.56536944353753;1.56536944353753;0.001194;2;30.3504444444442 * gvn;1;3.87299472996826;
2;214.818888888889 * time_passes + 31.291111111111 * gvn + -1.56777777777795 * gvn * instcombine;1.47610312308388;1.47610312308388;1.47610312308388;1.47610312308388;0.004506;4;-1.56777777777795 * gvn * instcombine;2;0.0446331602268242;
Elapsed=00:00:00.0046413
Learning progress:
1;234.8325 * time_passes + 18.8408333333332 * licm;1.91699295714821;1.91699295714821;1.91699295714821;1.91699295714821;0.00247;2;18.8408333333332 * licm;1;8.29968499393254;
Elapsed=00:00:00.0059564
Learning progress:
1;217.008333333333 * time_passes + 27.14119047619 * gvn;4.16030764950845;4.16030764950845;4.16030764950845;4.16030764950845;0.001118;2;27.14119047619 * gvn;1;6.19353279537241;
2;214.487894736842 * time_passes + 25.3408771929821 * gvn + 5.04087719298214 * inline;3.42164951436373;3.42164951436373;3.42164951436373;3.42164951436373;0.004526;3;5.04087719298214 * inline;1;0.738658135144724;
3;214.339743589744 * time_passes + 25.6371794871792 * gvn + 3.92974358974348 * inline + 1.40743589743583 * simplifycfg;3.30016094970384;3.30016094970384;3.30016094970384;3.30016094970384;0.010773;4;1.40743589743583 * simplifycfg;1;0.121488564659881;
Elapsed=00:00:00.0109164
Learning progress:
1;215.038333333333 * time_passes + 30.853571428571 * gvn;0.265340237254214;0.265340237254214;0.265340237254214;0.265340237254214;0.001188;2;30.853571428571 * gvn;1;10.5966928867472;
Elapsed=00:00:00.0012950
Learning progress:
1;222.56 * time_passes + 20.5876190476188 * inline;0.891838803609776;0.891838803609776;0.891838803609776;0.891838803609776;0.001236;2;20.5876190476188 * inline;1;5.477091857092;
Elapsed=00:00:00.0013271
Learning progress:
1;214.818888888889 * time_passes + 30.3504444444442 * gvn;1.56536944353753;1.56536944353753;1.56536944353753;1.56536944353753;0.001245;2;30.3504444444442 * gvn;1;3.87299472996826;
2;214.818888888889 * time_passes + 31.291111111111 * gvn + -1.56777777777795 * gvn * instcombine;1.47610312308388;1.47610312308388;1.47610312308388;1.47610312308388;0.004503;4;-1.56777777777795 * gvn * instcombine;2;0.0446331602268242;
Elapsed=00:00:00.0046348
Learning progress:
1;234.8325 * time_passes + 18.8408333333332 * licm;1.91699295714821;1.91699295714821;1.91699295714821;1.91699295714821;0.001148;2;18.8408333333332 * licm;1;8.29968499393254;
Elapsed=00:00:00.0046896
Learning progress:
1;217.008333333333 * time_passes + 27.14119047619 * gvn;4.16030764950845;4.16030764950845;4.16030764950845;4.16030764950845;0.001114;2;27.14119047619 * gvn;1;6.19353279537241;
2;214.487894736842 * time_passes + 25.3408771929821 * gvn + 5.04087719298214 * inline;3.42164951436373;3.42164951436373;3.42164951436373;3.42164951436373;0.004525;3;5.04087719298214 * inline;1;0.738658135144724;
3;214.339743589744 * time_passes + 25.6371794871792 * gvn + 3.92974358974348 * inline + 1.40743589743583 * simplifycfg;3.30016094970384;3.30016094970384;3.30016094970384;3.30016094970384;0.010596;4;1.40743589743583 * simplifycfg;1;0.121488564659881;
Elapsed=00:00:00.0107322
Learning progress:
1;215.038333333333 * time_passes + 30.853571428571 * gvn;0.265340237254214;0.265340237254214;0.265340237254214;0.265340237254214;0.001163;2;30.853571428571 * gvn;1;10.5966928867472;
Elapsed=00:00:00.0012540
Learning progress:
1;222.56 * time_passes + 20.5876190476188 * inline;0.891838803609776;0.891838803609776;0.891838803609776;0.891838803609776;0.001421;2;20.5876190476188 * inline;1;5.477091857092;
Elapsed=00:00:00.0015189
Learning progress:
1;214.818888888889 * time_passes + 30.3504444444442 * gvn;1.56536944353753;1.56536944353753;1.56536944353753;1.56536944353753;0.001153;2;30.3504444444442 * gvn;1;3.87299472996826;
2;214.818888888889 * time_passes + 31.291111111111 * gvn + -1.56777777777795 * gvn * instcombine;1.47610312308388;1.47610312308388;1.47610312308388;1.47610312308388;0.004477;4;-1.56777777777795 * gvn * instcombine;2;0.0446331602268242;
Elapsed=00:00:00.0046125
Learning progress:
1;234.8325 * time_passes + 18.8408333333332 * licm;1.91699295714821;1.91699295714821;1.91699295714821;1.91699295714821;0.001409;2;18.8408333333332 * licm;1;8.29968499393254;
Elapsed=00:00:00.0048144
Learning progress:
1;217.008333333333 * time_passes + 27.14119047619 * gvn;4.16030764950845;4.16030764950845;4.16030764950845;4.16030764950845;0.001111;2;27.14119047619 * gvn;1;6.19353279537241;
2;214.487894736842 * time_passes + 25.3408771929821 * gvn + 5.04087719298214 * inline;3.42164951436373;3.42164951436373;3.42164951436373;3.42164951436373;0.005618;3;5.04087719298214 * inline;1;0.738658135144724;
3;214.339743589744 * time_passes + 25.6371794871792 * gvn + 3.92974358974348 * inline + 1.40743589743583 * simplifycfg;3.30016094970384;3.30016094970384;3.30016094970384;3.30016094970384;0.012043;4;1.40743589743583 * simplifycfg;1;0.121488564659881;
Elapsed=00:00:00.0211133
Learning progress:
1;215.038333333333 * time_passes + 30.853571428571 * gvn;0.265340237254214;0.265340237254214;0.265340237254214;0.265340237254214;0.001204;2;30.853571428571 * gvn;1;10.5966928867472;
Elapsed=00:00:00.0013148
Learning progress:
1;222.56 * time_passes + 20.5876190476188 * inline;0.891838803609776;0.891838803609776;0.891838803609776;0.891838803609776;0.001132;2;20.5876190476188 * inline;1;5.477091857092;
Elapsed=00:00:00.0012201
Learning progress:
1;214.818888888889 * time_passes + 30.3504444444442 * gvn;1.56536944353753;1.56536944353753;1.56536944353753;1.56536944353753;0.001162;2;30.3504444444442 * gvn;1;3.87299472996826;
2;214.818888888889 * time_passes + 31.291111111111 * gvn + -1.56777777777795 * gvn * instcombine;1.47610312308388;1.47610312308388;1.47610312308388;1.47610312308388;0.004438;4;-1.56777777777795 * gvn * instcombine;2;0.0446331602268242;
Elapsed=00:00:00.0045738
Learning progress:
1;234.8325 * time_passes + 18.8408333333332 * licm;1.91699295714821;1.91699295714821;1.91699295714821;1.91699295714821;0.001224;2;18.8408333333332 * licm;1;8.29968499393254;
Elapsed=00:00:00.0046724
Learning progress:
1;217.008333333333 * time_passes + 27.14119047619 * gvn;4.16030764950845;4.16030764950845;4.16030764950845;4.16030764950845;0.001395;2;27.14119047619 * gvn;1;6.19353279537241;
2;214.487894736842 * time_passes + 25.3408771929821 * gvn + 5.04087719298214 * inline;3.42164951436373;3.42164951436373;3.42164951436373;3.42164951436373;0.004799;3;5.04087719298214 * inline;1;0.738658135144724;
3;214.339743589744 * time_passes + 25.6371794871792 * gvn + 3.92974358974348 * inline + 1.40743589743583 * simplifycfg;3.30016094970384;3.30016094970384;3.30016094970384;3.30016094970384;0.011009;4;1.40743589743583 * simplifycfg;1;0.121488564659881;
Elapsed=00:00:00.0111445
Learning progress:
1;215.038333333333 * time_passes + 30.853571428571 * gvn;0.265340237254214;0.265340237254214;0.265340237254214;0.265340237254214;0.001179;2;30.853571428571 * gvn;1;10.5966928867472;
Elapsed=00:00:00.0012715
Learning progress:
1;222.56 * time_passes + 20.5876190476188 * inline;0.891838803609776;0.891838803609776;0.891838803609776;0.891838803609776;0.001137;2;20.5876190476188 * inline;1;5.477091857092;
Elapsed=00:00:00.0012272
Learning progress:
1;214.818888888889 * time_passes + 30.3504444444442 * gvn;1.56536944353753;1.56536944353753;1.56536944353753;1.56536944353753;0.001166;2;30.3504444444442 * gvn;1;3.87299472996826;
2;214.818888888889 * time_passes + 31.291111111111 * gvn + -1.56777777777795 * gvn * instcombine;1.47610312308388;1.47610312308388;1.47610312308388;1.47610312308388;0.004815;4;-1.56777777777795 * gvn * instcombine;2;0.0446331602268242;
Elapsed=00:00:00.0049631
Learning progress:
1;234.8325 * time_passes + 18.8408333333332 * licm;1.91699295714821;1.91699295714821;1.91699295714821;1.91699295714821;0.00111;2;18.8408333333332 * licm;1;8.29968499393254;
Elapsed=00:00:00.0046143
Learning progress:
1;217.008333333333 * time_passes + 27.14119047619 * gvn;4.16030764950845;4.16030764950845;4.16030764950845;4.16030764950845;0.001134;2;27.14119047619 * gvn;1;6.19353279537241;
2;214.487894736842 * time_passes + 25.3408771929821 * gvn + 5.04087719298214 * inline;3.42164951436373;3.42164951436373;3.42164951436373;3.42164951436373;0.005698;3;5.04087719298214 * inline;1;0.738658135144724;
3;214.339743589744 * time_passes + 25.6371794871792 * gvn + 3.92974358974348 * inline + 1.40743589743583 * simplifycfg;3.30016094970384;3.30016094970384;3.30016094970384;3.30016094970384;0.012046;4;1.40743589743583 * simplifycfg;1;0.121488564659881;
Elapsed=00:00:00.0121693
Learning progress:
1;215.038333333333 * time_passes + 30.853571428571 * gvn;0.265340237254214;0.265340237254214;0.265340237254214;0.265340237254214;0.001129;2;30.853571428571 * gvn;1;10.5966928867472;
Elapsed=00:00:00.0012189
Learning progress:
1;222.56 * time_passes + 20.5876190476188 * inline;0.891838803609776;0.891838803609776;0.891838803609776;0.891838803609776;0.001107;2;20.5876190476188 * inline;1;5.477091857092;
Elapsed=00:00:00.0011940
Learning progress:
1;214.818888888889 * time_passes + 30.3504444444442 * gvn;1.56536944353753;1.56536944353753;1.56536944353753;1.56536944353753;0.001208;2;30.3504444444442 * gvn;1;3.87299472996826;
2;214.818888888889 * time_passes + 31.291111111111 * gvn + -1.56777777777795 * gvn * instcombine;1.47610312308388;1.47610312308388;1.47610312308388;1.47610312308388;0.005837;4;-1.56777777777795 * gvn * instcombine;2;0.0446331602268242;
Elapsed=00:00:00.0059750
Learning progress:
1;234.8325 * time_passes + 18.8408333333332 * licm;1.91699295714821;1.91699295714821;1.91699295714821;1.91699295714821;0.001373;2;18.8408333333332 * licm;1;8.29968499393254;
Elapsed=00:00:00.0047224
Learning progress:
1;217.008333333333 * time_passes + 27.14119047619 * gvn;4.16030764950845;4.16030764950845;4.16030764950845;4.16030764950845;0.00112;2;27.14119047619 * gvn;1;6.19353279537241;
2;214.487894736842 * time_passes + 25.3408771929821 * gvn + 5.04087719298214 * inline;3.42164951436373;3.42164951436373;3.42164951436373;3.42164951436373;0.004615;3;5.04087719298214 * inline;1;0.738658135144724;
3;214.339743589744 * time_passes + 25.6371794871792 * gvn + 3.92974358974348 * inline + 1.40743589743583 * simplifycfg;3.30016094970384;3.30016094970384;3.30016094970384;3.30016094970384;0.012266;4;1.40743589743583 * simplifycfg;1;0.121488564659881;
Elapsed=00:00:00.0211450
Learning progress:
1;215.038333333333 * time_passes + 30.853571428571 * gvn;0.265340237254214;0.265340237254214;0.265340237254214;0.265340237254214;0.001172;2;30.853571428571 * gvn;1;10.5966928867472;
Elapsed=00:00:00.0012707
Learning progress:
1;222.56 * time_passes + 20.5876190476188 * inline;0.891838803609776;0.891838803609776;0.891838803609776;0.891838803609776;0.001326;2;20.5876190476188 * inline;1;5.477091857092;
Elapsed=00:00:00.0014157
Learning progress:
1;214.818888888889 * time_passes + 30.3504444444442 * gvn;1.56536944353753;1.56536944353753;1.56536944353753;1.56536944353753;0.001314;2;30.3504444444442 * gvn;1;3.87299472996826;
2;214.818888888889 * time_passes + 31.291111111111 * gvn + -1.56777777777795 * gvn * instcombine;1.47610312308388;1.47610312308388;1.47610312308388;1.47610312308388;0.00483;4;-1.56777777777795 * gvn * instcombine;2;0.0446331602268242;
Elapsed=00:00:00.0049646
Learning progress:
1;234.8325 * time_passes + 18.8408333333332 * licm;1.91699295714821;1.91699295714821;1.91699295714821;1.91699295714821;0.001115;2;18.8408333333332 * licm;1;8.29968499393254;
Elapsed=00:00:00.0047386
Learning progress:
1;217.008333333333 * time_passes + 27.14119047619 * gvn;4.16030764950845;4.16030764950845;4.16030764950845;4.16030764950845;0.001425;2;27.14119047619 * gvn;1;6.19353279537241;
2;214.487894736842 * time_passes + 25.3408771929821 * gvn + 5.04087719298214 * inline;3.42164951436373;3.42164951436373;3.42164951436373;3.42164951436373;0.006376;3;5.04087719298214 * inline;1;0.738658135144724;
3;214.339743589744 * time_passes + 25.6371794871792 * gvn + 3.92974358974348 * inline + 1.40743589743583 * simplifycfg;3.30016094970384;3.30016094970384;3.30016094970384;3.30016094970384;0.012736;4;1.40743589743583 * simplifycfg;1;0.121488564659881;
Elapsed=00:00:00.0128651
Learning progress:
1;215.038333333333 * time_passes + 30.853571428571 * gvn;0.265340237254214;0.265340237254214;0.265340237254214;0.265340237254214;0.001307;2;30.853571428571 * gvn;1;10.5966928867472;
Elapsed=00:00:00.0014003
Learning progress:
1;222.56 * time_passes + 20.5876190476188 * inline;0.891838803609776;0.891838803609776;0.891838803609776;0.891838803609776;0.001132;2;20.5876190476188 * inline;1;5.477091857092;
Elapsed=00:00:00.0012314
Learning progress:
1;214.818888888889 * time_passes + 30.3504444444442 * gvn;1.56536944353753;1.56536944353753;1.56536944353753;1.56536944353753;0.001149;2;30.3504444444442 * gvn;1;3.87299472996826;
2;214.818888888889 * time_passes + 31.291111111111 * gvn + -1.56777777777795 * gvn * instcombine;1.47610312308388;1.47610312308388;1.47610312308388;1.47610312308388;0.005869;4;-1.56777777777795 * gvn * instcombine;2;0.0446331602268242;
Elapsed=00:00:00.0060083
Learning progress:
1;234.8325 * time_passes + 18.8408333333332 * licm;1.91699295714821;1.91699295714821;1.91699295714821;1.91699295714821;0.00113;2;18.8408333333332 * licm;1;8.29968499393254;
Elapsed=00:00:00.0046282
Learning progress:
1;217.008333333333 * time_passes + 27.14119047619 * gvn;4.16030764950845;4.16030764950845;4.16030764950845;4.16030764950845;0.001356;2;27.14119047619 * gvn;1;6.19353279537241;
2;214.487894736842 * time_passes + 25.3408771929821 * gvn + 5.04087719298214 * inline;3.42164951436373;3.42164951436373;3.42164951436373;3.42164951436373;0.005225;3;5.04087719298214 * inline;1;0.738658135144724;
3;214.339743589744 * time_passes + 25.6371794871792 * gvn + 3.92974358974348 * inline + 1.40743589743583 * simplifycfg;3.30016094970384;3.30016094970384;3.30016094970384;3.30016094970384;0.01279;4;1.40743589743583 * simplifycfg;1;0.121488564659881;
Elapsed=00:00:00.0129167
Learning progress:
1;215.038333333333 * time_passes + 30.853571428571 * gvn;0.265340237254214;0.265340237254214;0.265340237254214;0.265340237254214;0.001503;2;30.853571428571 * gvn;1;10.5966928867472;
Elapsed=00:00:00.0015960
Learning progress:
1;222.56 * time_passes + 20.5876190476188 * inline;0.891838803609776;0.891838803609776;0.891838803609776;0.891838803609776;0.001123;2;20.5876190476188 * inline;1;5.477091857092;
Elapsed=00:00:00.0012110
Learning progress:
1;214.818888888889 * time_passes + 30.3504444444442 * gvn;1.56536944353753;1.56536944353753;1.56536944353753;1.56536944353753;0.00118;2;30.3504444444442 * gvn;1;3.87299472996826;
2;214.818888888889 * time_passes + 31.291111111111 * gvn + -1.56777777777795 * gvn * instcombine;1.47610312308388;1.47610312308388;1.47610312308388;1.47610312308388;0.004476;4;-1.56777777777795 * gvn * instcombine;2;0.0446331602268242;
Elapsed=00:00:00.0046129
Learning progress:
1;234.8325 * time_passes + 18.8408333333332 * licm;1.91699295714821;1.91699295714821;1.91699295714821;1.91699295714821;0.001402;2;18.8408333333332 * licm;1;8.29968499393254;
Elapsed=00:00:00.0059771
Learning progress:
1;217.008333333333 * time_passes + 27.14119047619 * gvn;4.16030764950845;4.16030764950845;4.16030764950845;4.16030764950845;0.001348;2;27.14119047619 * gvn;1;6.19353279537241;
2;214.487894736842 * time_passes + 25.3408771929821 * gvn + 5.04087719298214 * inline;3.42164951436373;3.42164951436373;3.42164951436373;3.42164951436373;0.005158;3;5.04087719298214 * inline;1;0.738658135144724;
3;214.339743589744 * time_passes + 25.6371794871792 * gvn + 3.92974358974348 * inline + 1.40743589743583 * simplifycfg;3.30016094970384;3.30016094970384;3.30016094970384;3.30016094970384;0.011458;4;1.40743589743583 * simplifycfg;1;0.121488564659881;
Elapsed=00:00:00.0214419
Learning progress:
1;215.038333333333 * time_passes + 30.853571428571 * gvn;0.265340237254214;0.265340237254214;0.265340237254214;0.265340237254214;0.001319;2;30.853571428571 * gvn;1;10.5966928867472;
Elapsed=00:00:00.0014284
Learning progress:
1;222.56 * time_passes + 20.5876190476188 * inline;0.891838803609776;0.891838803609776;0.891838803609776;0.891838803609776;0.001156;2;20.5876190476188 * inline;1;5.477091857092;
Elapsed=00:00:00.0012489
Learning progress:
1;214.818888888889 * time_passes + 30.3504444444442 * gvn;1.56536944353753;1.56536944353753;1.56536944353753;1.56536944353753;0.00115;2;30.3504444444442 * gvn;1;3.87299472996826;
2;214.818888888889 * time_passes + 31.291111111111 * gvn + -1.56777777777795 * gvn * instcombine;1.47610312308388;1.47610312308388;1.47610312308388;1.47610312308388;0.005787;4;-1.56777777777795 * gvn * instcombine;2;0.0446331602268242;
Elapsed=00:00:00.0059334
Learning progress:
1;234.8325 * time_passes + 18.8408333333332 * licm;1.91699295714821;1.91699295714821;1.91699295714821;1.91699295714821;0.001374;2;18.8408333333332 * licm;1;8.29968499393254;
Elapsed=00:00:00.0048686
Learning progress:
1;217.008333333333 * time_passes + 27.14119047619 * gvn;4.16030764950845;4.16030764950845;4.16030764950845;4.16030764950845;0.001412;2;27.14119047619 * gvn;1;6.19353279537241;
2;214.487894736842 * time_passes + 25.3408771929821 * gvn + 5.04087719298214 * inline;3.42164951436373;3.42164951436373;3.42164951436373;3.42164951436373;0.004872;3;5.04087719298214 * inline;1;0.738658135144724;
3;214.339743589744 * time_passes + 25.6371794871792 * gvn + 3.92974358974348 * inline + 1.40743589743583 * simplifycfg;3.30016094970384;3.30016094970384;3.30016094970384;3.30016094970384;0.012093;4;1.40743589743583 * simplifycfg;1;0.121488564659881;
Elapsed=00:00:00.0122172
Learning progress:
1;215.038333333333 * time_passes + 30.853571428571 * gvn;0.265340237254214;0.265340237254214;0.265340237254214;0.265340237254214;0.001341;2;30.853571428571 * gvn;1;10.5966928867472;
Elapsed=00:00:00.0014376
Learning progress:
1;222.56 * time_passes + 20.5876190476188 * inline;0.891838803609776;0.891838803609776;0.891838803609776;0.891838803609776;0.001131;2;20.5876190476188 * inline;1;5.477091857092;
Elapsed=00:00:00.0012222
Learning progress:
1;214.818888888889 * time_passes + 30.3504444444442 * gvn;1.56536944353753;1.56536944353753;1.56536944353753;1.56536944353753;0.001175;2;30.3504444444442 * gvn;1;3.87299472996826;
2;214.818888888889 * time_passes + 31.291111111111 * gvn + -1.56777777777795 * gvn * instcombine;1.47610312308388;1.47610312308388;1.47610312308388;1.47610312308388;0.004481;4;-1.56777777777795 * gvn * instcombine;2;0.0446331602268242;
Elapsed=00:00:00.0046150
Learning progress:
1;234.8325 * time_passes + 18.8408333333332 * licm;1.91699295714821;1.91699295714821;1.91699295714821;1.91699295714821;0.001406;2;18.8408333333332 * licm;1;8.29968499393254;
Elapsed=00:00:00.0059041
Learning progress:
1;217.008333333333 * time_passes + 27.14119047619 * gvn;4.16030764950845;4.16030764950845;4.16030764950845;4.16030764950845;0.001341;2;27.14119047619 * gvn;1;6.19353279537241;
2;214.487894736842 * time_passes + 25.3408771929821 * gvn + 5.04087719298214 * inline;3.42164951436373;3.42164951436373;3.42164951436373;3.42164951436373;0.004851;3;5.04087719298214 * inline;1;0.738658135144724;
3;214.339743589744 * time_passes + 25.6371794871792 * gvn + 3.92974358974348 * inline + 1.40743589743583 * simplifycfg;3.30016094970384;3.30016094970384;3.30016094970384;3.30016094970384;0.011234;4;1.40743589743583 * simplifycfg;1;0.121488564659881;
Elapsed=00:00:00.0113723
Learning progress:
1;215.038333333333 * time_passes + 30.853571428571 * gvn;0.265340237254214;0.265340237254214;0.265340237254214;0.265340237254214;0.002373;2;30.853571428571 * gvn;1;10.5966928867472;
Elapsed=00:00:00.0024792
Learning progress:
1;222.56 * time_passes + 20.5876190476188 * inline;0.891838803609776;0.891838803609776;0.891838803609776;0.891838803609776;0.00115;2;20.5876190476188 * inline;1;5.477091857092;
Elapsed=00:00:00.0012440
Learning progress:
1;214.818888888889 * time_passes + 30.3504444444442 * gvn;1.56536944353753;1.56536944353753;1.56536944353753;1.56536944353753;0.001301;2;30.3504444444442 * gvn;1;3.87299472996826;
2;214.818888888889 * time_passes + 31.291111111111 * gvn + -1.56777777777795 * gvn * instcombine;1.47610312308388;1.47610312308388;1.47610312308388;1.47610312308388;0.004646;4;-1.56777777777795 * gvn * instcombine;2;0.0446331602268242;
Elapsed=00:00:00.0047881
Learning progress:
1;234.8325 * time_passes + 18.8408333333332 * licm;1.91699295714821;1.91699295714821;1.91699295714821;1.91699295714821;0.001119;2;18.8408333333332 * licm;1;8.29968499393254;
Elapsed=00:00:00.0045978
Learning progress:
1;217.008333333333 * time_passes + 27.14119047619 * gvn;4.16030764950845;4.16030764950845;4.16030764950845;4.16030764950845;0.0022;2;27.14119047619 * gvn;1;6.19353279537241;
2;214.487894736842 * time_passes + 25.3408771929821 * gvn + 5.04087719298214 * inline;3.42164951436373;3.42164951436373;3.42164951436373;3.42164951436373;0.005621;3;5.04087719298214 * inline;1;0.738658135144724;
3;214.339743589744 * time_passes + 25.6371794871792 * gvn + 3.92974358974348 * inline + 1.40743589743583 * simplifycfg;3.30016094970384;3.30016094970384;3.30016094970384;3.30016094970384;0.01185;4;1.40743589743583 * simplifycfg;1;0.121488564659881;
Elapsed=00:00:00.0218134
Learning progress:
1;215.038333333333 * time_passes + 30.853571428571 * gvn;0.265340237254214;0.265340237254214;0.265340237254214;0.265340237254214;0.001305;2;30.853571428571 * gvn;1;10.5966928867472;
Elapsed=00:00:00.0014094
Learning progress:
1;222.56 * time_passes + 20.5876190476188 * inline;0.891838803609776;0.891838803609776;0.891838803609776;0.891838803609776;0.00114;2;20.5876190476188 * inline;1;5.477091857092;
Elapsed=00:00:00.0012332
Learning progress:
1;214.818888888889 * time_passes + 30.3504444444442 * gvn;1.56536944353753;1.56536944353753;1.56536944353753;1.56536944353753;0.001154;2;30.3504444444442 * gvn;1;3.87299472996826;
2;214.818888888889 * time_passes + 31.291111111111 * gvn + -1.56777777777795 * gvn * instcombine;1.47610312308388;1.47610312308388;1.47610312308388;1.47610312308388;0.004478;4;-1.56777777777795 * gvn * instcombine;2;0.0446331602268242;
Elapsed=00:00:00.0046106
Learning progress:
1;234.8325 * time_passes + 18.8408333333332 * licm;1.91699295714821;1.91699295714821;1.91699295714821;1.91699295714821;0.00113;2;18.8408333333332 * licm;1;8.29968499393254;
Elapsed=00:00:00.0055541
Learning progress:
1;217.008333333333 * time_passes + 27.14119047619 * gvn;4.16030764950845;4.16030764950845;4.16030764950845;4.16030764950845;0.001317;2;27.14119047619 * gvn;1;6.19353279537241;
2;214.487894736842 * time_passes + 25.3408771929821 * gvn + 5.04087719298214 * inline;3.42164951436373;3.42164951436373;3.42164951436373;3.42164951436373;0.004706;3;5.04087719298214 * inline;1;0.738658135144724;
3;214.339743589744 * time_passes + 25.6371794871792 * gvn + 3.92974358974348 * inline + 1.40743589743583 * simplifycfg;3.30016094970384;3.30016094970384;3.30016094970384;3.30016094970384;0.010863;4;1.40743589743583 * simplifycfg;1;0.121488564659881;
Elapsed=00:00:00.0109989
Learning progress:
1;215.038333333333 * time_passes + 30.853571428571 * gvn;0.265340237254214;0.265340237254214;0.265340237254214;0.265340237254214;0.002336;2;30.853571428571 * gvn;1;10.5966928867472;
Elapsed=00:00:00.0024286
Learning progress:
1;222.56 * time_passes + 20.5876190476188 * inline;0.891838803609776;0.891838803609776;0.891838803609776;0.891838803609776;0.001334;2;20.5876190476188 * inline;1;5.477091857092;
Elapsed=00:00:00.0014225
Learning progress:
1;214.818888888889 * time_passes + 30.3504444444442 * gvn;1.56536944353753;1.56536944353753;1.56536944353753;1.56536944353753;0.001296;2;30.3504444444442 * gvn;1;3.87299472996826;
2;214.818888888889 * time_passes + 31.291111111111 * gvn + -1.56777777777795 * gvn * instcombine;1.47610312308388;1.47610312308388;1.47610312308388;1.47610312308388;0.004781;4;-1.56777777777795 * gvn * instcombine;2;0.0446331602268242;
Elapsed=00:00:00.0049137
Learning progress:
1;234.8325 * time_passes + 18.8408333333332 * licm;1.91699295714821;1.91699295714821;1.91699295714821;1.91699295714821;0.001343;2;18.8408333333332 * licm;1;8.29968499393254;
Elapsed=00:00:00.0048025
Learning progress:
1;217.008333333333 * time_passes + 27.14119047619 * gvn;4.16030764950845;4.16030764950845;4.16030764950845;4.16030764950845;0.002257;2;27.14119047619 * gvn;1;6.19353279537241;
2;214.487894736842 * time_passes + 25.3408771929821 * gvn + 5.04087719298214 * inline;3.42164951436373;3.42164951436373;3.42164951436373;3.42164951436373;0.005745;3;5.04087719298214 * inline;1;0.738658135144724;
3;214.339743589744 * time_passes + 25.6371794871792 * gvn + 3.92974358974348 * inline + 1.40743589743583 * simplifycfg;3.30016094970384;3.30016094970384;3.30016094970384;3.30016094970384;0.012145;4;1.40743589743583 * simplifycfg;1;0.121488564659881;
Elapsed=00:00:00.0122848
Learning progress:
1;215.038333333333 * time_passes + 30.853571428571 * gvn;0.265340237254214;0.265340237254214;0.265340237254214;0.265340237254214;0.001318;2;30.853571428571 * gvn;1;10.5966928867472;
Elapsed=00:00:00.0014203
Learning progress:
1;222.56 * time_passes + 20.5876190476188 * inline;0.891838803609776;0.891838803609776;0.891838803609776;0.891838803609776;0.001138;2;20.5876190476188 * inline;1;5.477091857092;
Elapsed=00:00:00.0012285
Learning progress:
1;214.818888888889 * time_passes + 30.3504444444442 * gvn;1.56536944353753;1.56536944353753;1.56536944353753;1.56536944353753;0.002222;2;30.3504444444442 * gvn;1;3.87299472996826;
2;214.818888888889 * time_passes + 31.291111111111 * gvn + -1.56777777777795 * gvn * instcombine;1.47610312308388;1.47610312308388;1.47610312308388;1.47610312308388;0.005574;4;-1.56777777777795 * gvn * instcombine;2;0.0446331602268242;
Elapsed=00:00:00.0057251
Learning progress:
1;234.8325 * time_passes + 18.8408333333332 * licm;1.91699295714821;1.91699295714821;1.91699295714821;1.91699295714821;0.001169;2;18.8408333333332 * licm;1;8.29968499393254;
Elapsed=00:00:00.0046669
Learning progress:
1;217.008333333333 * time_passes + 27.14119047619 * gvn;4.16030764950845;4.16030764950845;4.16030764950845;4.16030764950845;0.001131;2;27.14119047619 * gvn;1;6.19353279537241;
2;214.487894736842 * time_passes + 25.3408771929821 * gvn + 5.04087719298214 * inline;3.42164951436373;3.42164951436373;3.42164951436373;3.42164951436373;0.004686;3;5.04087719298214 * inline;1;0.738658135144724;
3;214.339743589744 * time_passes + 25.6371794871792 * gvn + 3.92974358974348 * inline + 1.40743589743583 * simplifycfg;3.30016094970384;3.30016094970384;3.30016094970384;3.30016094970384;0.011831;4;1.40743589743583 * simplifycfg;1;0.121488564659881;
Elapsed=00:00:00.0207788
Learning progress:
1;215.038333333333 * time_passes + 30.853571428571 * gvn;0.265340237254214;0.265340237254214;0.265340237254214;0.265340237254214;0.002404;2;30.853571428571 * gvn;1;10.5966928867472;
Elapsed=00:00:00.0025227
Learning progress:
1;222.56 * time_passes + 20.5876190476188 * inline;0.891838803609776;0.891838803609776;0.891838803609776;0.891838803609776;0.001379;2;20.5876190476188 * inline;1;5.477091857092;
Elapsed=00:00:00.0014718
Learning progress:
1;214.818888888889 * time_passes + 30.3504444444442 * gvn;1.56536944353753;1.56536944353753;1.56536944353753;1.56536944353753;0.001131;2;30.3504444444442 * gvn;1;3.87299472996826;
2;214.818888888889 * time_passes + 31.291111111111 * gvn + -1.56777777777795 * gvn * instcombine;1.47610312308388;1.47610312308388;1.47610312308388;1.47610312308388;0.00449;4;-1.56777777777795 * gvn * instcombine;2;0.0446331602268242;
Elapsed=00:00:00.0046257
Learning progress:
1;234.8325 * time_passes + 18.8408333333332 * licm;1.91699295714821;1.91699295714821;1.91699295714821;1.91699295714821;0.001118;2;18.8408333333332 * licm;1;8.29968499393254;
Elapsed=00:00:00.0046797
Learning progress:
1;217.008333333333 * time_passes + 27.14119047619 * gvn;4.16030764950845;4.16030764950845;4.16030764950845;4.16030764950845;0.002229;2;27.14119047619 * gvn;1;6.19353279537241;
2;214.487894736842 * time_passes + 25.3408771929821 * gvn + 5.04087719298214 * inline;3.42164951436373;3.42164951436373;3.42164951436373;3.42164951436373;0.006096;3;5.04087719298214 * inline;1;0.738658135144724;
3;214.339743589744 * time_passes + 25.6371794871792 * gvn + 3.92974358974348 * inline + 1.40743589743583 * simplifycfg;3.30016094970384;3.30016094970384;3.30016094970384;3.30016094970384;0.012518;4;1.40743589743583 * simplifycfg;1;0.121488564659881;
Elapsed=00:00:00.0126578
Learning progress:
1;215.038333333333 * time_passes + 30.853571428571 * gvn;0.265340237254214;0.265340237254214;0.265340237254214;0.265340237254214;0.001315;2;30.853571428571 * gvn;1;10.5966928867472;
Elapsed=00:00:00.0014139
Learning progress:
1;222.56 * time_passes + 20.5876190476188 * inline;0.891838803609776;0.891838803609776;0.891838803609776;0.891838803609776;0.001139;2;20.5876190476188 * inline;1;5.477091857092;
Elapsed=00:00:00.0012308
Learning progress:
1;214.818888888889 * time_passes + 30.3504444444442 * gvn;1.56536944353753;1.56536944353753;1.56536944353753;1.56536944353753;0.00221;2;30.3504444444442 * gvn;1;3.87299472996826;
2;214.818888888889 * time_passes + 31.291111111111 * gvn + -1.56777777777795 * gvn * instcombine;1.47610312308388;1.47610312308388;1.47610312308388;1.47610312308388;0.005873;4;-1.56777777777795 * gvn * instcombine;2;0.0446331602268242;
Elapsed=00:00:00.0060129
Learning progress:
1;234.8325 * time_passes + 18.8408333333332 * licm;1.91699295714821;1.91699295714821;1.91699295714821;1.91699295714821;0.001135;2;18.8408333333332 * licm;1;8.29968499393254;
Elapsed=00:00:00.0046510
Learning progress:
1;217.008333333333 * time_passes + 27.14119047619 * gvn;4.16030764950845;4.16030764950845;4.16030764950845;4.16030764950845;0.001424;2;27.14119047619 * gvn;1;6.19353279537241;
2;214.487894736842 * time_passes + 25.3408771929821 * gvn + 5.04087719298214 * inline;3.42164951436373;3.42164951436373;3.42164951436373;3.42164951436373;0.005154;3;5.04087719298214 * inline;1;0.738658135144724;
3;214.339743589744 * time_passes + 25.6371794871792 * gvn + 3.92974358974348 * inline + 1.40743589743583 * simplifycfg;3.30016094970384;3.30016094970384;3.30016094970384;3.30016094970384;0.012436;4;1.40743589743583 * simplifycfg;1;0.121488564659881;
Elapsed=00:00:00.0125679
Learning progress:
1;215.038333333333 * time_passes + 30.853571428571 * gvn;0.265340237254214;0.265340237254214;0.265340237254214;0.265340237254214;0.001296;2;30.853571428571 * gvn;1;10.5966928867472;
Elapsed=00:00:00.0013909
Learning progress:
1;222.56 * time_passes + 20.5876190476188 * inline;0.891838803609776;0.891838803609776;0.891838803609776;0.891838803609776;0.001443;2;20.5876190476188 * inline;1;5.477091857092;
Elapsed=00:00:00.0015331
Error of optimal parameters: 1.57008721415999
Optimal parameters abortError:1;minImprovementPerRound:0.1;lossFunction:RELATIVE;quadraticFunctionSupport:True;learn-logFunction:True;learn-asymFunction:True;learn-ratioFunction:True;withHierarchy:False;useBackward:False;
Learning progress:
1;214.818888888889 * time_passes + 31.0044444444442 * gvn;1.84777528843198;1.84777528843198;1.84777528843198;1.84777528843198;0.002063;2;31.0044444444442 * gvn;1;3.68175913576805;
2;214.818888888889 * time_passes + 29.8830158730157 * gvn + 8.97142857142838 * licm;1.40134015719851;1.40134015719851;1.40134015719851;1.40134015719851;0.008835;3;8.97142857142838 * licm;1;0.44643513123347;
3;214.818888888889 * time_passes + 19.861111111111 * gvn + 7.30111111111103 * licm + 11.692222222222 * gvn * inline;1.21760927419822;1.21760927419822;1.21760927419822;1.21760927419822;0.016735;5;11.692222222222 * gvn * inline;2;0.0918654415001475;
Elapsed=00:00:00.0170317
command: clean-global
command: script ./learn_divDistBased_t2MLR.a
command: log ./out_divDistBased_t2PredictionsMLR.log
