Current machine learning settings: epsilon:0 lossFunction:RELATIVE parallelization:True bagging:False baggingNumbers:3 considerEpsilonTube:False baggingTestDataFraction:50 useBackward:False abortError:1 limitFeatureSize:False featureSizeTreshold:4 quadraticFunctionSupport:True crossValidation:False crossValidation-k:5 learn-logFunction:False learn-accumulatedLogFunction:False learn-asymFunction:False learn-ratioFunction:False learn-mirrowedFunction:False learn-numeric-disabled:True numberOfRounds:70 backwardErrorDelta:1 minImprovementPerRound:0.1 withHierarchy:False bruteForceCandidates:False ignoreBadFeatures:False stopOnLongRound:True candidateSizePenalty:True learnTimeLimit:00:00:00 scoreMeasure:RELERROR outputRoundsToStdout:False debug:False pythonInfluenceAnalysis:False blacklisted: 
command: solver z3
command: vm /scratch/kallistos/Distance-Based_Data/SupplementaryWebsite/MeasuredPerformanceValues/LLVM/FeatureModel.xml
Warning: Variability model contains outdated notation. Children nodes will no longer have effect on the model. Instead use the parent node to describe the parent of an configuration option. You can also use the converter providedby the Variability Model GUI in export>convert legacy model.
command: all /scratch/kallistos/Distance-Based_Data/SupplementaryWebsite/MeasuredPerformanceValues/LLVM/measurements.xml
Configs with too large deviation: 0
1024 configurations loaded.
command: nfp Performance
command: setsampleset /scratch/kallistos/Distance-Based_Data/Results/LLVM/LLVM_94/sampledConfigurations_divDistBased_t1.csv
command: learn-splconqueror-opt abortError=[1] minImprovementPerRound=[0.1,0.2,0.5] lossFunction=[RELATIVE] quadraticFunctionSupport=[True,False] learn_logFunction=[True,False] learn_asymFunction=[True,False] learn_ratioFunction=[True,False] withHierarchy=[False] useBackward=[False]
Learning: NumberOfConfigurationsLearning:11 NumberOfConfigurationsValidation:11
Learning progress:
1;229.68 * time_passes + 17.4338095238095 * gvn;1.37792987190209;1.37792987190209;1.37792987190209;1.37792987190209;0.054788;2;17.4338095238095 * gvn;1;2.05557413773282;
2;222.035277777778 * time_passes + 21.8022222222223 * gvn + 7.6447222222223 * ipsccp;0.689235391958221;0.689235391958221;0.689235391958221;0.689235391958221;0.059942;3;7.6447222222223 * ipsccp;1;0.68869447994387;
Elapsed=00:00:00.0617685
Learning progress:
1;231.686666666667 * time_passes + 14.9149999999995 * gvn;1.11882911086469;1.11882911086469;1.11882911086469;1.11882911086469;0.001236;2;14.9149999999995 * gvn;1;3.62709766199606;
2;223.877777777778 * time_passes + 19.795555555555 * gvn + 7.80888888888884 * ipsccp;0.516993117167337;0.516993117167337;0.516993117167337;0.516993117167337;0.00617;3;7.80888888888884 * ipsccp;1;0.601835993697356;
Elapsed=00:00:00.0062738
Learning progress:
1;243.656666666667 * time_passes + -0.497619047618969 * print_used_types;0.148120299808974;0.148120299808974;0.148120299808974;0.148120299808974;0.001133;2;-0.497619047618969 * print_used_types;1;2.00580802317025;
Elapsed=00:00:00.0012213
Learning progress:
1;240.54125 * time_passes + 13.1320833333332 * licm;1.05868449353696;1.05868449353696;1.05868449353696;1.05868449353696;0.000982;2;13.1320833333332 * licm;1;2.6213896715943;
2;230.683333333334 * time_passes + 9.84611111111099 * licm + 13.1438888888885 * gvn;0.385412309333756;0.385412309333756;0.385412309333756;0.385412309333756;0.005043;3;13.1438888888885 * gvn;1;0.673272184203207;
Elapsed=00:00:00.0051491
Learning progress:
1;240.377083333333 * time_passes + 15.0529166666668 * licm;1.35834791619785;1.35834791619785;1.35834791619785;1.35834791619785;0.001265;2;15.0529166666668 * licm;1;2.85374144321652;
2;230.683333333334 * time_passes + 11.8216666666669 * licm + 12.9249999999996 * gvn;0.699831958967868;0.699831958967868;0.699831958967868;0.699831958967868;0.004754;3;12.9249999999996 * gvn;1;0.65851595722998;
Elapsed=00:00:00.0048682
Learning progress:
1;229.68 * time_passes + 17.4338095238095 * gvn;1.37792987190209;1.37792987190209;1.37792987190209;1.37792987190209;0.001434;2;17.4338095238095 * gvn;1;2.05557413773282;
2;222.035277777778 * time_passes + 21.8022222222223 * gvn + 7.6447222222223 * ipsccp;0.689235391958221;0.689235391958221;0.689235391958221;0.689235391958221;0.005017;3;7.6447222222223 * ipsccp;1;0.68869447994387;
Elapsed=00:00:00.0051240
Learning progress:
1;231.686666666667 * time_passes + 14.9149999999995 * gvn;1.11882911086469;1.11882911086469;1.11882911086469;1.11882911086469;0.001397;2;14.9149999999995 * gvn;1;3.62709766199606;
2;223.877777777778 * time_passes + 19.795555555555 * gvn + 7.80888888888884 * ipsccp;0.516993117167337;0.516993117167337;0.516993117167337;0.516993117167337;0.005542;3;7.80888888888884 * ipsccp;1;0.601835993697356;
Elapsed=00:00:00.0056429
Learning progress:
1;243.656666666667 * time_passes + -0.497619047618969 * print_used_types;0.148120299808974;0.148120299808974;0.148120299808974;0.148120299808974;0.001144;2;-0.497619047618969 * print_used_types;1;2.00580802317025;
Elapsed=00:00:00.0012294
Learning progress:
1;240.54125 * time_passes + 13.1320833333332 * licm;1.05868449353696;1.05868449353696;1.05868449353696;1.05868449353696;0.001088;2;13.1320833333332 * licm;1;2.6213896715943;
2;230.683333333334 * time_passes + 9.84611111111099 * licm + 13.1438888888885 * gvn;0.385412309333756;0.385412309333756;0.385412309333756;0.385412309333756;0.004061;3;13.1438888888885 * gvn;1;0.673272184203207;
Elapsed=00:00:00.0041666
Learning progress:
1;240.377083333333 * time_passes + 15.0529166666668 * licm;1.35834791619785;1.35834791619785;1.35834791619785;1.35834791619785;0.001082;2;15.0529166666668 * licm;1;2.85374144321652;
2;230.683333333334 * time_passes + 11.8216666666669 * licm + 12.9249999999996 * gvn;0.699831958967868;0.699831958967868;0.699831958967868;0.699831958967868;0.004375;3;12.9249999999996 * gvn;1;0.65851595722998;
Elapsed=00:00:00.0044801
Learning progress:
1;229.68 * time_passes + 17.4338095238095 * gvn;1.37792987190209;1.37792987190209;1.37792987190209;1.37792987190209;0.001406;2;17.4338095238095 * gvn;1;2.05557413773282;
2;222.035277777778 * time_passes + 21.8022222222223 * gvn + 7.6447222222223 * ipsccp;0.689235391958221;0.689235391958221;0.689235391958221;0.689235391958221;0.004715;3;7.6447222222223 * ipsccp;1;0.68869447994387;
Elapsed=00:00:00.0048227
Learning progress:
1;231.686666666667 * time_passes + 14.9149999999995 * gvn;1.11882911086469;1.11882911086469;1.11882911086469;1.11882911086469;0.001056;2;14.9149999999995 * gvn;1;3.62709766199606;
2;223.877777777778 * time_passes + 19.795555555555 * gvn + 7.80888888888884 * ipsccp;0.516993117167337;0.516993117167337;0.516993117167337;0.516993117167337;0.004309;3;7.80888888888884 * ipsccp;1;0.601835993697356;
Elapsed=00:00:00.0044071
Learning progress:
1;243.656666666667 * time_passes + -0.497619047618969 * print_used_types;0.148120299808974;0.148120299808974;0.148120299808974;0.148120299808974;0.001218;2;-0.497619047618969 * print_used_types;1;2.00580802317025;
Elapsed=00:00:00.0013003
Learning progress:
1;240.54125 * time_passes + 13.1320833333332 * licm;1.05868449353696;1.05868449353696;1.05868449353696;1.05868449353696;0.001092;2;13.1320833333332 * licm;1;2.6213896715943;
2;230.683333333334 * time_passes + 9.84611111111099 * licm + 13.1438888888885 * gvn;0.385412309333756;0.385412309333756;0.385412309333756;0.385412309333756;0.004768;3;13.1438888888885 * gvn;1;0.673272184203207;
Elapsed=00:00:00.0048726
Learning progress:
1;240.377083333333 * time_passes + 15.0529166666668 * licm;1.35834791619785;1.35834791619785;1.35834791619785;1.35834791619785;0.001106;2;15.0529166666668 * licm;1;2.85374144321652;
2;230.683333333334 * time_passes + 11.8216666666669 * licm + 12.9249999999996 * gvn;0.699831958967868;0.699831958967868;0.699831958967868;0.699831958967868;0.004093;3;12.9249999999996 * gvn;1;0.65851595722998;
Elapsed=00:00:00.0042208
Learning progress:
1;229.68 * time_passes + 17.4338095238095 * gvn;1.37792987190209;1.37792987190209;1.37792987190209;1.37792987190209;0.001299;2;17.4338095238095 * gvn;1;2.05557413773282;
2;222.035277777778 * time_passes + 21.8022222222223 * gvn + 7.6447222222223 * ipsccp;0.689235391958221;0.689235391958221;0.689235391958221;0.689235391958221;0.004582;3;7.6447222222223 * ipsccp;1;0.68869447994387;
Elapsed=00:00:00.0047008
Learning progress:
1;231.686666666667 * time_passes + 14.9149999999995 * gvn;1.11882911086469;1.11882911086469;1.11882911086469;1.11882911086469;0.001985;2;14.9149999999995 * gvn;1;3.62709766199606;
2;223.877777777778 * time_passes + 19.795555555555 * gvn + 7.80888888888884 * ipsccp;0.516993117167337;0.516993117167337;0.516993117167337;0.516993117167337;0.00526;3;7.80888888888884 * ipsccp;1;0.601835993697356;
Elapsed=00:00:00.0053860
Learning progress:
1;243.656666666667 * time_passes + -0.497619047618969 * print_used_types;0.148120299808974;0.148120299808974;0.148120299808974;0.148120299808974;0.001191;2;-0.497619047618969 * print_used_types;1;2.00580802317025;
Elapsed=00:00:00.0012741
Learning progress:
1;240.54125 * time_passes + 13.1320833333332 * licm;1.05868449353696;1.05868449353696;1.05868449353696;1.05868449353696;0.001255;2;13.1320833333332 * licm;1;2.6213896715943;
2;230.683333333334 * time_passes + 9.84611111111099 * licm + 13.1438888888885 * gvn;0.385412309333756;0.385412309333756;0.385412309333756;0.385412309333756;0.00428;3;13.1438888888885 * gvn;1;0.673272184203207;
Elapsed=00:00:00.0043825
Learning progress:
1;240.377083333333 * time_passes + 15.0529166666668 * licm;1.35834791619785;1.35834791619785;1.35834791619785;1.35834791619785;0.00109;2;15.0529166666668 * licm;1;2.85374144321652;
2;230.683333333334 * time_passes + 11.8216666666669 * licm + 12.9249999999996 * gvn;0.699831958967868;0.699831958967868;0.699831958967868;0.699831958967868;0.005071;3;12.9249999999996 * gvn;1;0.65851595722998;
Elapsed=00:00:00.0051797
Learning progress:
1;229.68 * time_passes + 17.4338095238095 * gvn;1.37792987190209;1.37792987190209;1.37792987190209;1.37792987190209;0.001119;2;17.4338095238095 * gvn;1;2.05557413773282;
2;222.035277777778 * time_passes + 21.8022222222223 * gvn + 7.6447222222223 * ipsccp;0.689235391958221;0.689235391958221;0.689235391958221;0.689235391958221;0.004368;3;7.6447222222223 * ipsccp;1;0.68869447994387;
Elapsed=00:00:00.0044765
Learning progress:
1;231.686666666667 * time_passes + 14.9149999999995 * gvn;1.11882911086469;1.11882911086469;1.11882911086469;1.11882911086469;0.001064;2;14.9149999999995 * gvn;1;3.62709766199606;
2;223.877777777778 * time_passes + 19.795555555555 * gvn + 7.80888888888884 * ipsccp;0.516993117167337;0.516993117167337;0.516993117167337;0.516993117167337;0.004138;3;7.80888888888884 * ipsccp;1;0.601835993697356;
Elapsed=00:00:00.0042344
Learning progress:
1;243.656666666667 * time_passes + -0.497619047618969 * print_used_types;0.148120299808974;0.148120299808974;0.148120299808974;0.148120299808974;0.00131;2;-0.497619047618969 * print_used_types;1;2.00580802317025;
Elapsed=00:00:00.0013930
Learning progress:
1;240.54125 * time_passes + 13.1320833333332 * licm;1.05868449353696;1.05868449353696;1.05868449353696;1.05868449353696;0.000995;2;13.1320833333332 * licm;1;2.6213896715943;
2;230.683333333334 * time_passes + 9.84611111111099 * licm + 13.1438888888885 * gvn;0.385412309333756;0.385412309333756;0.385412309333756;0.385412309333756;0.003794;3;13.1438888888885 * gvn;1;0.673272184203207;
Elapsed=00:00:00.0039023
Learning progress:
1;240.377083333333 * time_passes + 15.0529166666668 * licm;1.35834791619785;1.35834791619785;1.35834791619785;1.35834791619785;0.001311;2;15.0529166666668 * licm;1;2.85374144321652;
2;230.683333333334 * time_passes + 11.8216666666669 * licm + 12.9249999999996 * gvn;0.699831958967868;0.699831958967868;0.699831958967868;0.699831958967868;0.004596;3;12.9249999999996 * gvn;1;0.65851595722998;
Elapsed=00:00:00.0047020
Learning progress:
1;229.68 * time_passes + 17.4338095238095 * gvn;1.37792987190209;1.37792987190209;1.37792987190209;1.37792987190209;0.001323;2;17.4338095238095 * gvn;1;2.05557413773282;
2;222.035277777778 * time_passes + 21.8022222222223 * gvn + 7.6447222222223 * ipsccp;0.689235391958221;0.689235391958221;0.689235391958221;0.689235391958221;0.004673;3;7.6447222222223 * ipsccp;1;0.68869447994387;
Elapsed=00:00:00.0047805
Learning progress:
1;231.686666666667 * time_passes + 14.9149999999995 * gvn;1.11882911086469;1.11882911086469;1.11882911086469;1.11882911086469;0.001057;2;14.9149999999995 * gvn;1;3.62709766199606;
2;223.877777777778 * time_passes + 19.795555555555 * gvn + 7.80888888888884 * ipsccp;0.516993117167337;0.516993117167337;0.516993117167337;0.516993117167337;0.004158;3;7.80888888888884 * ipsccp;1;0.601835993697356;
Elapsed=00:00:00.0042595
Learning progress:
1;243.656666666667 * time_passes + -0.497619047618969 * print_used_types;0.148120299808974;0.148120299808974;0.148120299808974;0.148120299808974;0.001182;2;-0.497619047618969 * print_used_types;1;2.00580802317025;
Elapsed=00:00:00.0012865
Learning progress:
1;240.54125 * time_passes + 13.1320833333332 * licm;1.05868449353696;1.05868449353696;1.05868449353696;1.05868449353696;0.000978;2;13.1320833333332 * licm;1;2.6213896715943;
2;230.683333333334 * time_passes + 9.84611111111099 * licm + 13.1438888888885 * gvn;0.385412309333756;0.385412309333756;0.385412309333756;0.385412309333756;0.003877;3;13.1438888888885 * gvn;1;0.673272184203207;
Elapsed=00:00:00.0039797
Learning progress:
1;240.377083333333 * time_passes + 15.0529166666668 * licm;1.35834791619785;1.35834791619785;1.35834791619785;1.35834791619785;0.001277;2;15.0529166666668 * licm;1;2.85374144321652;
2;230.683333333334 * time_passes + 11.8216666666669 * licm + 12.9249999999996 * gvn;0.699831958967868;0.699831958967868;0.699831958967868;0.699831958967868;0.005284;3;12.9249999999996 * gvn;1;0.65851595722998;
Elapsed=00:00:00.0053923
Learning progress:
1;229.68 * time_passes + 17.4338095238095 * gvn;1.37792987190209;1.37792987190209;1.37792987190209;1.37792987190209;0.001126;2;17.4338095238095 * gvn;1;2.05557413773282;
2;222.035277777778 * time_passes + 21.8022222222223 * gvn + 7.6447222222223 * ipsccp;0.689235391958221;0.689235391958221;0.689235391958221;0.689235391958221;0.004553;3;7.6447222222223 * ipsccp;1;0.68869447994387;
Elapsed=00:00:00.0046586
Learning progress:
1;231.686666666667 * time_passes + 14.9149999999995 * gvn;1.11882911086469;1.11882911086469;1.11882911086469;1.11882911086469;0.00104;2;14.9149999999995 * gvn;1;3.62709766199606;
2;223.877777777778 * time_passes + 19.795555555555 * gvn + 7.80888888888884 * ipsccp;0.516993117167337;0.516993117167337;0.516993117167337;0.516993117167337;0.004158;3;7.80888888888884 * ipsccp;1;0.601835993697356;
Elapsed=00:00:00.0042539
Learning progress:
1;243.656666666667 * time_passes + -0.497619047618969 * print_used_types;0.148120299808974;0.148120299808974;0.148120299808974;0.148120299808974;0.001127;2;-0.497619047618969 * print_used_types;1;2.00580802317025;
Elapsed=00:00:00.0012130
Learning progress:
1;240.54125 * time_passes + 13.1320833333332 * licm;1.05868449353696;1.05868449353696;1.05868449353696;1.05868449353696;0.001194;2;13.1320833333332 * licm;1;2.6213896715943;
2;230.683333333334 * time_passes + 9.84611111111099 * licm + 13.1438888888885 * gvn;0.385412309333756;0.385412309333756;0.385412309333756;0.385412309333756;0.00401;3;13.1438888888885 * gvn;1;0.673272184203207;
Elapsed=00:00:00.0041131
Learning progress:
1;240.377083333333 * time_passes + 15.0529166666668 * licm;1.35834791619785;1.35834791619785;1.35834791619785;1.35834791619785;0.00132;2;15.0529166666668 * licm;1;2.85374144321652;
2;230.683333333334 * time_passes + 11.8216666666669 * licm + 12.9249999999996 * gvn;0.699831958967868;0.699831958967868;0.699831958967868;0.699831958967868;0.004529;3;12.9249999999996 * gvn;1;0.65851595722998;
Elapsed=00:00:00.0046327
Learning progress:
1;229.68 * time_passes + 17.4338095238095 * gvn;1.37792987190209;1.37792987190209;1.37792987190209;1.37792987190209;0.001389;2;17.4338095238095 * gvn;1;2.05557413773282;
2;222.035277777778 * time_passes + 21.8022222222223 * gvn + 7.6447222222223 * ipsccp;0.689235391958221;0.689235391958221;0.689235391958221;0.689235391958221;0.005559;3;7.6447222222223 * ipsccp;1;0.68869447994387;
Elapsed=00:00:00.0056701
Learning progress:
1;231.686666666667 * time_passes + 14.9149999999995 * gvn;1.11882911086469;1.11882911086469;1.11882911086469;1.11882911086469;0.001078;2;14.9149999999995 * gvn;1;3.62709766199606;
2;223.877777777778 * time_passes + 19.795555555555 * gvn + 7.80888888888884 * ipsccp;0.516993117167337;0.516993117167337;0.516993117167337;0.516993117167337;0.004327;3;7.80888888888884 * ipsccp;1;0.601835993697356;
Elapsed=00:00:00.0044222
Learning progress:
1;243.656666666667 * time_passes + -0.497619047618969 * print_used_types;0.148120299808974;0.148120299808974;0.148120299808974;0.148120299808974;0.001039;2;-0.497619047618969 * print_used_types;1;2.00580802317025;
Elapsed=00:00:00.0011219
Learning progress:
1;240.54125 * time_passes + 13.1320833333332 * licm;1.05868449353696;1.05868449353696;1.05868449353696;1.05868449353696;0.00111;2;13.1320833333332 * licm;1;2.6213896715943;
2;230.683333333334 * time_passes + 9.84611111111099 * licm + 13.1438888888885 * gvn;0.385412309333756;0.385412309333756;0.385412309333756;0.385412309333756;0.003935;3;13.1438888888885 * gvn;1;0.673272184203207;
Elapsed=00:00:00.0040391
Learning progress:
1;240.377083333333 * time_passes + 15.0529166666668 * licm;1.35834791619785;1.35834791619785;1.35834791619785;1.35834791619785;0.001956;2;15.0529166666668 * licm;1;2.85374144321652;
2;230.683333333334 * time_passes + 11.8216666666669 * licm + 12.9249999999996 * gvn;0.699831958967868;0.699831958967868;0.699831958967868;0.699831958967868;0.00509;3;12.9249999999996 * gvn;1;0.65851595722998;
Elapsed=00:00:00.0051996
Learning progress:
1;229.68 * time_passes + 17.4338095238095 * gvn;1.37792987190209;1.37792987190209;1.37792987190209;1.37792987190209;0.001295;2;17.4338095238095 * gvn;1;2.05557413773282;
2;222.035277777778 * time_passes + 21.8022222222223 * gvn + 7.6447222222223 * ipsccp;0.689235391958221;0.689235391958221;0.689235391958221;0.689235391958221;0.004572;3;7.6447222222223 * ipsccp;1;0.68869447994387;
Elapsed=00:00:00.0046787
Learning progress:
1;231.686666666667 * time_passes + 14.9149999999995 * gvn;1.11882911086469;1.11882911086469;1.11882911086469;1.11882911086469;0.001094;2;14.9149999999995 * gvn;1;3.62709766199606;
2;223.877777777778 * time_passes + 19.795555555555 * gvn + 7.80888888888884 * ipsccp;0.516993117167337;0.516993117167337;0.516993117167337;0.516993117167337;0.004223;3;7.80888888888884 * ipsccp;1;0.601835993697356;
Elapsed=00:00:00.0043214
Learning progress:
1;243.656666666667 * time_passes + -0.497619047618969 * print_used_types;0.148120299808974;0.148120299808974;0.148120299808974;0.148120299808974;0.001317;2;-0.497619047618969 * print_used_types;1;2.00580802317025;
Elapsed=00:00:00.0014055
Learning progress:
1;240.54125 * time_passes + 13.1320833333332 * licm;1.05868449353696;1.05868449353696;1.05868449353696;1.05868449353696;0.000978;2;13.1320833333332 * licm;1;2.6213896715943;
2;230.683333333334 * time_passes + 9.84611111111099 * licm + 13.1438888888885 * gvn;0.385412309333756;0.385412309333756;0.385412309333756;0.385412309333756;0.003889;3;13.1438888888885 * gvn;1;0.673272184203207;
Elapsed=00:00:00.0040138
Learning progress:
1;240.377083333333 * time_passes + 15.0529166666668 * licm;1.35834791619785;1.35834791619785;1.35834791619785;1.35834791619785;0.001214;2;15.0529166666668 * licm;1;2.85374144321652;
2;230.683333333334 * time_passes + 11.8216666666669 * licm + 12.9249999999996 * gvn;0.699831958967868;0.699831958967868;0.699831958967868;0.699831958967868;0.00449;3;12.9249999999996 * gvn;1;0.65851595722998;
Elapsed=00:00:00.0045946
Learning progress:
1;229.68 * time_passes + 17.4338095238095 * gvn;1.37792987190209;1.37792987190209;1.37792987190209;1.37792987190209;0.00112;2;17.4338095238095 * gvn;1;2.05557413773282;
2;222.035277777778 * time_passes + 21.8022222222223 * gvn + 7.6447222222223 * ipsccp;0.689235391958221;0.689235391958221;0.689235391958221;0.689235391958221;0.005537;3;7.6447222222223 * ipsccp;1;0.68869447994387;
Elapsed=00:00:00.0056494
Learning progress:
1;231.686666666667 * time_passes + 14.9149999999995 * gvn;1.11882911086469;1.11882911086469;1.11882911086469;1.11882911086469;0.001173;2;14.9149999999995 * gvn;1;3.62709766199606;
2;223.877777777778 * time_passes + 19.795555555555 * gvn + 7.80888888888884 * ipsccp;0.516993117167337;0.516993117167337;0.516993117167337;0.516993117167337;0.004277;3;7.80888888888884 * ipsccp;1;0.601835993697356;
Elapsed=00:00:00.0043836
Learning progress:
1;243.656666666667 * time_passes + -0.497619047618969 * print_used_types;0.148120299808974;0.148120299808974;0.148120299808974;0.148120299808974;0.001058;2;-0.497619047618969 * print_used_types;1;2.00580802317025;
Elapsed=00:00:00.0011409
Learning progress:
1;240.54125 * time_passes + 13.1320833333332 * licm;1.05868449353696;1.05868449353696;1.05868449353696;1.05868449353696;0.001123;2;13.1320833333332 * licm;1;2.6213896715943;
2;230.683333333334 * time_passes + 9.84611111111099 * licm + 13.1438888888885 * gvn;0.385412309333756;0.385412309333756;0.385412309333756;0.385412309333756;0.003915;3;13.1438888888885 * gvn;1;0.673272184203207;
Elapsed=00:00:00.0040189
Learning progress:
1;240.377083333333 * time_passes + 15.0529166666668 * licm;1.35834791619785;1.35834791619785;1.35834791619785;1.35834791619785;0.00109;2;15.0529166666668 * licm;1;2.85374144321652;
2;230.683333333334 * time_passes + 11.8216666666669 * licm + 12.9249999999996 * gvn;0.699831958967868;0.699831958967868;0.699831958967868;0.699831958967868;0.004156;3;12.9249999999996 * gvn;1;0.65851595722998;
Elapsed=00:00:00.0042610
Learning progress:
1;229.68 * time_passes + 17.4338095238095 * gvn;1.37792987190209;1.37792987190209;1.37792987190209;1.37792987190209;0.001174;2;17.4338095238095 * gvn;1;2.05557413773282;
2;222.035277777778 * time_passes + 21.8022222222223 * gvn + 7.6447222222223 * ipsccp;0.689235391958221;0.689235391958221;0.689235391958221;0.689235391958221;0.00449;3;7.6447222222223 * ipsccp;1;0.68869447994387;
Elapsed=00:00:00.0046042
Learning progress:
1;231.686666666667 * time_passes + 14.9149999999995 * gvn;1.11882911086469;1.11882911086469;1.11882911086469;1.11882911086469;0.001245;2;14.9149999999995 * gvn;1;3.62709766199606;
2;223.877777777778 * time_passes + 19.795555555555 * gvn + 7.80888888888884 * ipsccp;0.516993117167337;0.516993117167337;0.516993117167337;0.516993117167337;0.005199;3;7.80888888888884 * ipsccp;1;0.601835993697356;
Elapsed=00:00:00.0052973
Learning progress:
1;243.656666666667 * time_passes + -0.497619047618969 * print_used_types;0.148120299808974;0.148120299808974;0.148120299808974;0.148120299808974;0.001071;2;-0.497619047618969 * print_used_types;1;2.00580802317025;
Elapsed=00:00:00.0011545
Learning progress:
1;240.54125 * time_passes + 13.1320833333332 * licm;1.05868449353696;1.05868449353696;1.05868449353696;1.05868449353696;0.001098;2;13.1320833333332 * licm;1;2.6213896715943;
2;230.683333333334 * time_passes + 9.84611111111099 * licm + 13.1438888888885 * gvn;0.385412309333756;0.385412309333756;0.385412309333756;0.385412309333756;0.003875;3;13.1438888888885 * gvn;1;0.673272184203207;
Elapsed=00:00:00.0039810
Learning progress:
1;240.377083333333 * time_passes + 15.0529166666668 * licm;1.35834791619785;1.35834791619785;1.35834791619785;1.35834791619785;0.001272;2;15.0529166666668 * licm;1;2.85374144321652;
2;230.683333333334 * time_passes + 11.8216666666669 * licm + 12.9249999999996 * gvn;0.699831958967868;0.699831958967868;0.699831958967868;0.699831958967868;0.004373;3;12.9249999999996 * gvn;1;0.65851595722998;
Elapsed=00:00:00.0044793
Learning progress:
1;229.68 * time_passes + 17.4338095238095 * gvn;1.37792987190209;1.37792987190209;1.37792987190209;1.37792987190209;0.001338;2;17.4338095238095 * gvn;1;2.05557413773282;
2;222.035277777778 * time_passes + 21.8022222222223 * gvn + 7.6447222222223 * ipsccp;0.689235391958221;0.689235391958221;0.689235391958221;0.689235391958221;0.005538;3;7.6447222222223 * ipsccp;1;0.68869447994387;
Elapsed=00:00:00.0056473
Learning progress:
1;231.686666666667 * time_passes + 14.9149999999995 * gvn;1.11882911086469;1.11882911086469;1.11882911086469;1.11882911086469;0.001173;2;14.9149999999995 * gvn;1;3.62709766199606;
2;223.877777777778 * time_passes + 19.795555555555 * gvn + 7.80888888888884 * ipsccp;0.516993117167337;0.516993117167337;0.516993117167337;0.516993117167337;0.004317;3;7.80888888888884 * ipsccp;1;0.601835993697356;
Elapsed=00:00:00.0044357
Learning progress:
1;243.656666666667 * time_passes + -0.497619047618969 * print_used_types;0.148120299808974;0.148120299808974;0.148120299808974;0.148120299808974;0.001175;2;-0.497619047618969 * print_used_types;1;2.00580802317025;
Elapsed=00:00:00.0012629
Learning progress:
1;240.54125 * time_passes + 13.1320833333332 * licm;1.05868449353696;1.05868449353696;1.05868449353696;1.05868449353696;0.00125;2;13.1320833333332 * licm;1;2.6213896715943;
2;230.683333333334 * time_passes + 9.84611111111099 * licm + 13.1438888888885 * gvn;0.385412309333756;0.385412309333756;0.385412309333756;0.385412309333756;0.00521;3;13.1438888888885 * gvn;1;0.673272184203207;
Elapsed=00:00:00.0053203
Learning progress:
1;240.377083333333 * time_passes + 15.0529166666668 * licm;1.35834791619785;1.35834791619785;1.35834791619785;1.35834791619785;0.001221;2;15.0529166666668 * licm;1;2.85374144321652;
2;230.683333333334 * time_passes + 11.8216666666669 * licm + 12.9249999999996 * gvn;0.699831958967868;0.699831958967868;0.699831958967868;0.699831958967868;0.004376;3;12.9249999999996 * gvn;1;0.65851595722998;
Elapsed=00:00:00.0044925
Learning progress:
1;229.68 * time_passes + 17.4338095238095 * gvn;1.37792987190209;1.37792987190209;1.37792987190209;1.37792987190209;0.001336;2;17.4338095238095 * gvn;1;2.05557413773282;
2;222.035277777778 * time_passes + 21.8022222222223 * gvn + 7.6447222222223 * ipsccp;0.689235391958221;0.689235391958221;0.689235391958221;0.689235391958221;0.004591;3;7.6447222222223 * ipsccp;1;0.68869447994387;
Elapsed=00:00:00.0046979
Learning progress:
1;231.686666666667 * time_passes + 14.9149999999995 * gvn;1.11882911086469;1.11882911086469;1.11882911086469;1.11882911086469;0.001046;2;14.9149999999995 * gvn;1;3.62709766199606;
2;223.877777777778 * time_passes + 19.795555555555 * gvn + 7.80888888888884 * ipsccp;0.516993117167337;0.516993117167337;0.516993117167337;0.516993117167337;0.004965;3;7.80888888888884 * ipsccp;1;0.601835993697356;
Elapsed=00:00:00.0050653
Learning progress:
1;243.656666666667 * time_passes + -0.497619047618969 * print_used_types;0.148120299808974;0.148120299808974;0.148120299808974;0.148120299808974;0.001046;2;-0.497619047618969 * print_used_types;1;2.00580802317025;
Elapsed=00:00:00.0011294
Learning progress:
1;240.54125 * time_passes + 13.1320833333332 * licm;1.05868449353696;1.05868449353696;1.05868449353696;1.05868449353696;0.001146;2;13.1320833333332 * licm;1;2.6213896715943;
2;230.683333333334 * time_passes + 9.84611111111099 * licm + 13.1438888888885 * gvn;0.385412309333756;0.385412309333756;0.385412309333756;0.385412309333756;0.003958;3;13.1438888888885 * gvn;1;0.673272184203207;
Elapsed=00:00:00.0040602
Learning progress:
1;240.377083333333 * time_passes + 15.0529166666668 * licm;1.35834791619785;1.35834791619785;1.35834791619785;1.35834791619785;0.001094;2;15.0529166666668 * licm;1;2.85374144321652;
2;230.683333333334 * time_passes + 11.8216666666669 * licm + 12.9249999999996 * gvn;0.699831958967868;0.699831958967868;0.699831958967868;0.699831958967868;0.004181;3;12.9249999999996 * gvn;1;0.65851595722998;
Elapsed=00:00:00.0042853
Learning progress:
1;229.68 * time_passes + 17.4338095238095 * gvn;1.37792987190209;1.37792987190209;1.37792987190209;1.37792987190209;0.00126;2;17.4338095238095 * gvn;1;2.05557413773282;
2;222.035277777778 * time_passes + 21.8022222222223 * gvn + 7.6447222222223 * ipsccp;0.689235391958221;0.689235391958221;0.689235391958221;0.689235391958221;0.00467;3;7.6447222222223 * ipsccp;1;0.68869447994387;
Elapsed=00:00:00.0047857
Learning progress:
1;231.686666666667 * time_passes + 14.9149999999995 * gvn;1.11882911086469;1.11882911086469;1.11882911086469;1.11882911086469;0.001184;2;14.9149999999995 * gvn;1;3.62709766199606;
2;223.877777777778 * time_passes + 19.795555555555 * gvn + 7.80888888888884 * ipsccp;0.516993117167337;0.516993117167337;0.516993117167337;0.516993117167337;0.004308;3;7.80888888888884 * ipsccp;1;0.601835993697356;
Elapsed=00:00:00.0044124
Learning progress:
1;243.656666666667 * time_passes + -0.497619047618969 * print_used_types;0.148120299808974;0.148120299808974;0.148120299808974;0.148120299808974;0.001249;2;-0.497619047618969 * print_used_types;1;2.00580802317025;
Elapsed=00:00:00.0013472
Learning progress:
1;240.54125 * time_passes + 13.1320833333332 * licm;1.05868449353696;1.05868449353696;1.05868449353696;1.05868449353696;0.000989;2;13.1320833333332 * licm;1;2.6213896715943;
2;230.683333333334 * time_passes + 9.84611111111099 * licm + 13.1438888888885 * gvn;0.385412309333756;0.385412309333756;0.385412309333756;0.385412309333756;0.00464;3;13.1438888888885 * gvn;1;0.673272184203207;
Elapsed=00:00:00.0047465
Learning progress:
1;240.377083333333 * time_passes + 15.0529166666668 * licm;1.35834791619785;1.35834791619785;1.35834791619785;1.35834791619785;0.001086;2;15.0529166666668 * licm;1;2.85374144321652;
2;230.683333333334 * time_passes + 11.8216666666669 * licm + 12.9249999999996 * gvn;0.699831958967868;0.699831958967868;0.699831958967868;0.699831958967868;0.004172;3;12.9249999999996 * gvn;1;0.65851595722998;
Elapsed=00:00:00.0042782
Learning progress:
1;229.68 * time_passes + 17.4338095238095 * gvn;1.37792987190209;1.37792987190209;1.37792987190209;1.37792987190209;0.001121;2;17.4338095238095 * gvn;1;2.05557413773282;
2;222.035277777778 * time_passes + 21.8022222222223 * gvn + 7.6447222222223 * ipsccp;0.689235391958221;0.689235391958221;0.689235391958221;0.689235391958221;0.004436;3;7.6447222222223 * ipsccp;1;0.68869447994387;
Elapsed=00:00:00.0045421
Learning progress:
1;231.686666666667 * time_passes + 14.9149999999995 * gvn;1.11882911086469;1.11882911086469;1.11882911086469;1.11882911086469;0.001084;2;14.9149999999995 * gvn;1;3.62709766199606;
2;223.877777777778 * time_passes + 19.795555555555 * gvn + 7.80888888888884 * ipsccp;0.516993117167337;0.516993117167337;0.516993117167337;0.516993117167337;0.005012;3;7.80888888888884 * ipsccp;1;0.601835993697356;
Elapsed=00:00:00.0051122
Learning progress:
1;243.656666666667 * time_passes + -0.497619047618969 * print_used_types;0.148120299808974;0.148120299808974;0.148120299808974;0.148120299808974;0.001243;2;-0.497619047618969 * print_used_types;1;2.00580802317025;
Elapsed=00:00:00.0013262
Learning progress:
1;240.54125 * time_passes + 13.1320833333332 * licm;1.05868449353696;1.05868449353696;1.05868449353696;1.05868449353696;0.000979;2;13.1320833333332 * licm;1;2.6213896715943;
2;230.683333333334 * time_passes + 9.84611111111099 * licm + 13.1438888888885 * gvn;0.385412309333756;0.385412309333756;0.385412309333756;0.385412309333756;0.00382;3;13.1438888888885 * gvn;1;0.673272184203207;
Elapsed=00:00:00.0039224
Learning progress:
1;240.377083333333 * time_passes + 15.0529166666668 * licm;1.35834791619785;1.35834791619785;1.35834791619785;1.35834791619785;0.001264;2;15.0529166666668 * licm;1;2.85374144321652;
2;230.683333333334 * time_passes + 11.8216666666669 * licm + 12.9249999999996 * gvn;0.699831958967868;0.699831958967868;0.699831958967868;0.699831958967868;0.005206;3;12.9249999999996 * gvn;1;0.65851595722998;
Elapsed=00:00:00.0053158
Learning progress:
1;229.68 * time_passes + 17.4338095238095 * gvn;1.37792987190209;1.37792987190209;1.37792987190209;1.37792987190209;0.001165;2;17.4338095238095 * gvn;1;2.05557413773282;
2;222.035277777778 * time_passes + 21.8022222222223 * gvn + 7.6447222222223 * ipsccp;0.689235391958221;0.689235391958221;0.689235391958221;0.689235391958221;0.004745;3;7.6447222222223 * ipsccp;1;0.68869447994387;
Elapsed=00:00:00.0048542
Learning progress:
1;231.686666666667 * time_passes + 14.9149999999995 * gvn;1.11882911086469;1.11882911086469;1.11882911086469;1.11882911086469;0.00106;2;14.9149999999995 * gvn;1;3.62709766199606;
2;223.877777777778 * time_passes + 19.795555555555 * gvn + 7.80888888888884 * ipsccp;0.516993117167337;0.516993117167337;0.516993117167337;0.516993117167337;0.004192;3;7.80888888888884 * ipsccp;1;0.601835993697356;
Elapsed=00:00:00.0042936
Learning progress:
1;243.656666666667 * time_passes + -0.497619047618969 * print_used_types;0.148120299808974;0.148120299808974;0.148120299808974;0.148120299808974;0.001179;2;-0.497619047618969 * print_used_types;1;2.00580802317025;
Elapsed=00:00:00.0012769
Learning progress:
1;240.54125 * time_passes + 13.1320833333332 * licm;1.05868449353696;1.05868449353696;1.05868449353696;1.05868449353696;0.001997;2;13.1320833333332 * licm;1;2.6213896715943;
2;230.683333333334 * time_passes + 9.84611111111099 * licm + 13.1438888888885 * gvn;0.385412309333756;0.385412309333756;0.385412309333756;0.385412309333756;0.005042;3;13.1438888888885 * gvn;1;0.673272184203207;
Elapsed=00:00:00.0051459
Learning progress:
1;240.377083333333 * time_passes + 15.0529166666668 * licm;1.35834791619785;1.35834791619785;1.35834791619785;1.35834791619785;0.001103;2;15.0529166666668 * licm;1;2.85374144321652;
2;230.683333333334 * time_passes + 11.8216666666669 * licm + 12.9249999999996 * gvn;0.699831958967868;0.699831958967868;0.699831958967868;0.699831958967868;0.004512;3;12.9249999999996 * gvn;1;0.65851595722998;
Elapsed=00:00:00.0046167
Learning progress:
1;229.68 * time_passes + 17.4338095238095 * gvn;1.37792987190209;1.37792987190209;1.37792987190209;1.37792987190209;0.001221;2;17.4338095238095 * gvn;1;2.05557413773282;
2;222.035277777778 * time_passes + 21.8022222222223 * gvn + 7.6447222222223 * ipsccp;0.689235391958221;0.689235391958221;0.689235391958221;0.689235391958221;0.004472;3;7.6447222222223 * ipsccp;1;0.68869447994387;
Elapsed=00:00:00.0045795
Learning progress:
1;231.686666666667 * time_passes + 14.9149999999995 * gvn;1.11882911086469;1.11882911086469;1.11882911086469;1.11882911086469;0.002008;2;14.9149999999995 * gvn;1;3.62709766199606;
2;223.877777777778 * time_passes + 19.795555555555 * gvn + 7.80888888888884 * ipsccp;0.516993117167337;0.516993117167337;0.516993117167337;0.516993117167337;0.005124;3;7.80888888888884 * ipsccp;1;0.601835993697356;
Elapsed=00:00:00.0052225
Learning progress:
1;243.656666666667 * time_passes + -0.497619047618969 * print_used_types;0.148120299808974;0.148120299808974;0.148120299808974;0.148120299808974;0.001069;2;-0.497619047618969 * print_used_types;1;2.00580802317025;
Elapsed=00:00:00.0011518
Learning progress:
1;240.54125 * time_passes + 13.1320833333332 * licm;1.05868449353696;1.05868449353696;1.05868449353696;1.05868449353696;0.001123;2;13.1320833333332 * licm;1;2.6213896715943;
2;230.683333333334 * time_passes + 9.84611111111099 * licm + 13.1438888888885 * gvn;0.385412309333756;0.385412309333756;0.385412309333756;0.385412309333756;0.004116;3;13.1438888888885 * gvn;1;0.673272184203207;
Elapsed=00:00:00.0042190
Learning progress:
1;240.377083333333 * time_passes + 15.0529166666668 * licm;1.35834791619785;1.35834791619785;1.35834791619785;1.35834791619785;0.001112;2;15.0529166666668 * licm;1;2.85374144321652;
2;230.683333333334 * time_passes + 11.8216666666669 * licm + 12.9249999999996 * gvn;0.699831958967868;0.699831958967868;0.699831958967868;0.699831958967868;0.005278;3;12.9249999999996 * gvn;1;0.65851595722998;
Elapsed=00:00:00.0053859
Learning progress:
1;229.68 * time_passes + 17.4338095238095 * gvn;1.37792987190209;1.37792987190209;1.37792987190209;1.37792987190209;0.001355;2;17.4338095238095 * gvn;1;2.05557413773282;
2;222.035277777778 * time_passes + 21.8022222222223 * gvn + 7.6447222222223 * ipsccp;0.689235391958221;0.689235391958221;0.689235391958221;0.689235391958221;0.004709;3;7.6447222222223 * ipsccp;1;0.68869447994387;
Elapsed=00:00:00.0048179
Learning progress:
1;231.686666666667 * time_passes + 14.9149999999995 * gvn;1.11882911086469;1.11882911086469;1.11882911086469;1.11882911086469;0.00133;2;14.9149999999995 * gvn;1;3.62709766199606;
2;223.877777777778 * time_passes + 19.795555555555 * gvn + 7.80888888888884 * ipsccp;0.516993117167337;0.516993117167337;0.516993117167337;0.516993117167337;0.004457;3;7.80888888888884 * ipsccp;1;0.601835993697356;
Elapsed=00:00:00.0045590
Learning progress:
1;243.656666666667 * time_passes + -0.497619047618969 * print_used_types;0.148120299808974;0.148120299808974;0.148120299808974;0.148120299808974;0.001039;2;-0.497619047618969 * print_used_types;1;2.00580802317025;
Elapsed=00:00:00.0011209
Learning progress:
1;240.54125 * time_passes + 13.1320833333332 * licm;1.05868449353696;1.05868449353696;1.05868449353696;1.05868449353696;0.001073;2;13.1320833333332 * licm;1;2.6213896715943;
2;230.683333333334 * time_passes + 9.84611111111099 * licm + 13.1438888888885 * gvn;0.385412309333756;0.385412309333756;0.385412309333756;0.385412309333756;0.004039;3;13.1438888888885 * gvn;1;0.673272184203207;
Elapsed=00:00:00.0041447
Learning progress:
1;240.377083333333 * time_passes + 15.0529166666668 * licm;1.35834791619785;1.35834791619785;1.35834791619785;1.35834791619785;0.001075;2;15.0529166666668 * licm;1;2.85374144321652;
2;230.683333333334 * time_passes + 11.8216666666669 * licm + 12.9249999999996 * gvn;0.699831958967868;0.699831958967868;0.699831958967868;0.699831958967868;0.004116;3;12.9249999999996 * gvn;1;0.65851595722998;
Elapsed=00:00:00.0042253
Learning progress:
1;229.68 * time_passes + 17.4338095238095 * gvn;1.37792987190209;1.37792987190209;1.37792987190209;1.37792987190209;0.001145;2;17.4338095238095 * gvn;1;2.05557413773282;
2;222.035277777778 * time_passes + 21.8022222222223 * gvn + 7.6447222222223 * ipsccp;0.689235391958221;0.689235391958221;0.689235391958221;0.689235391958221;0.004359;3;7.6447222222223 * ipsccp;1;0.68869447994387;
Elapsed=00:00:00.0044710
Learning progress:
1;231.686666666667 * time_passes + 14.9149999999995 * gvn;1.11882911086469;1.11882911086469;1.11882911086469;1.11882911086469;0.001009;2;14.9149999999995 * gvn;1;3.62709766199606;
2;223.877777777778 * time_passes + 19.795555555555 * gvn + 7.80888888888884 * ipsccp;0.516993117167337;0.516993117167337;0.516993117167337;0.516993117167337;0.004125;3;7.80888888888884 * ipsccp;1;0.601835993697356;
Elapsed=00:00:00.0042216
Learning progress:
1;243.656666666667 * time_passes + -0.497619047618969 * print_used_types;0.148120299808974;0.148120299808974;0.148120299808974;0.148120299808974;0.001131;2;-0.497619047618969 * print_used_types;1;2.00580802317025;
Elapsed=00:00:00.0012131
Learning progress:
1;240.54125 * time_passes + 13.1320833333332 * licm;1.05868449353696;1.05868449353696;1.05868449353696;1.05868449353696;0.000942;2;13.1320833333332 * licm;1;2.6213896715943;
2;230.683333333334 * time_passes + 9.84611111111099 * licm + 13.1438888888885 * gvn;0.385412309333756;0.385412309333756;0.385412309333756;0.385412309333756;0.003958;3;13.1438888888885 * gvn;1;0.673272184203207;
Elapsed=00:00:00.0040615
Learning progress:
1;240.377083333333 * time_passes + 15.0529166666668 * licm;1.35834791619785;1.35834791619785;1.35834791619785;1.35834791619785;0.001251;2;15.0529166666668 * licm;1;2.85374144321652;
2;230.683333333334 * time_passes + 11.8216666666669 * licm + 12.9249999999996 * gvn;0.699831958967868;0.699831958967868;0.699831958967868;0.699831958967868;0.00527;3;12.9249999999996 * gvn;1;0.65851595722998;
Elapsed=00:00:00.0053892
Learning progress:
1;229.68 * time_passes + 17.4338095238095 * gvn;1.37792987190209;1.37792987190209;1.37792987190209;1.37792987190209;0.001326;2;17.4338095238095 * gvn;1;2.05557413773282;
2;222.035277777778 * time_passes + 21.8022222222223 * gvn + 7.6447222222223 * ipsccp;0.689235391958221;0.689235391958221;0.689235391958221;0.689235391958221;0.004629;3;7.6447222222223 * ipsccp;1;0.68869447994387;
Elapsed=00:00:00.0047425
Learning progress:
1;231.686666666667 * time_passes + 14.9149999999995 * gvn;1.11882911086469;1.11882911086469;1.11882911086469;1.11882911086469;0.001173;2;14.9149999999995 * gvn;1;3.62709766199606;
2;223.877777777778 * time_passes + 19.795555555555 * gvn + 7.80888888888884 * ipsccp;0.516993117167337;0.516993117167337;0.516993117167337;0.516993117167337;0.004607;3;7.80888888888884 * ipsccp;1;0.601835993697356;
Elapsed=00:00:00.0047047
Learning progress:
1;243.656666666667 * time_passes + -0.497619047618969 * print_used_types;0.148120299808974;0.148120299808974;0.148120299808974;0.148120299808974;0.002121;2;-0.497619047618969 * print_used_types;1;2.00580802317025;
Elapsed=00:00:00.0022079
Learning progress:
1;240.54125 * time_passes + 13.1320833333332 * licm;1.05868449353696;1.05868449353696;1.05868449353696;1.05868449353696;0.00115;2;13.1320833333332 * licm;1;2.6213896715943;
2;230.683333333334 * time_passes + 9.84611111111099 * licm + 13.1438888888885 * gvn;0.385412309333756;0.385412309333756;0.385412309333756;0.385412309333756;0.004138;3;13.1438888888885 * gvn;1;0.673272184203207;
Elapsed=00:00:00.0042441
Learning progress:
1;240.377083333333 * time_passes + 15.0529166666668 * licm;1.35834791619785;1.35834791619785;1.35834791619785;1.35834791619785;0.00112;2;15.0529166666668 * licm;1;2.85374144321652;
2;230.683333333334 * time_passes + 11.8216666666669 * licm + 12.9249999999996 * gvn;0.699831958967868;0.699831958967868;0.699831958967868;0.699831958967868;0.004564;3;12.9249999999996 * gvn;1;0.65851595722998;
Elapsed=00:00:00.0046949
Learning progress:
1;229.68 * time_passes + 17.4338095238095 * gvn;1.37792987190209;1.37792987190209;1.37792987190209;1.37792987190209;0.001284;2;17.4338095238095 * gvn;1;2.05557413773282;
2;222.035277777778 * time_passes + 21.8022222222223 * gvn + 7.6447222222223 * ipsccp;0.689235391958221;0.689235391958221;0.689235391958221;0.689235391958221;0.005482;3;7.6447222222223 * ipsccp;1;0.68869447994387;
Elapsed=00:00:00.0055908
Learning progress:
1;231.686666666667 * time_passes + 14.9149999999995 * gvn;1.11882911086469;1.11882911086469;1.11882911086469;1.11882911086469;0.001064;2;14.9149999999995 * gvn;1;3.62709766199606;
2;223.877777777778 * time_passes + 19.795555555555 * gvn + 7.80888888888884 * ipsccp;0.516993117167337;0.516993117167337;0.516993117167337;0.516993117167337;0.004117;3;7.80888888888884 * ipsccp;1;0.601835993697356;
Elapsed=00:00:00.0042108
Learning progress:
1;243.656666666667 * time_passes + -0.497619047618969 * print_used_types;0.148120299808974;0.148120299808974;0.148120299808974;0.148120299808974;0.001048;2;-0.497619047618969 * print_used_types;1;2.00580802317025;
Elapsed=00:00:00.0011312
Learning progress:
1;240.54125 * time_passes + 13.1320833333332 * licm;1.05868449353696;1.05868449353696;1.05868449353696;1.05868449353696;0.000976;2;13.1320833333332 * licm;1;2.6213896715943;
2;230.683333333334 * time_passes + 9.84611111111099 * licm + 13.1438888888885 * gvn;0.385412309333756;0.385412309333756;0.385412309333756;0.385412309333756;0.003867;3;13.1438888888885 * gvn;1;0.673272184203207;
Elapsed=00:00:00.0039720
Learning progress:
1;240.377083333333 * time_passes + 15.0529166666668 * licm;1.35834791619785;1.35834791619785;1.35834791619785;1.35834791619785;0.002008;2;15.0529166666668 * licm;1;2.85374144321652;
2;230.683333333334 * time_passes + 11.8216666666669 * licm + 12.9249999999996 * gvn;0.699831958967868;0.699831958967868;0.699831958967868;0.699831958967868;0.0053;3;12.9249999999996 * gvn;1;0.65851595722998;
Elapsed=00:00:00.0054058
Learning progress:
1;229.68 * time_passes + 17.4338095238095 * gvn;1.37792987190209;1.37792987190209;1.37792987190209;1.37792987190209;0.001276;2;17.4338095238095 * gvn;1;2.05557413773282;
2;222.035277777778 * time_passes + 21.8022222222223 * gvn + 7.6447222222223 * ipsccp;0.689235391958221;0.689235391958221;0.689235391958221;0.689235391958221;0.004581;3;7.6447222222223 * ipsccp;1;0.68869447994387;
Elapsed=00:00:00.0046928
Learning progress:
1;231.686666666667 * time_passes + 14.9149999999995 * gvn;1.11882911086469;1.11882911086469;1.11882911086469;1.11882911086469;0.001209;2;14.9149999999995 * gvn;1;3.62709766199606;
2;223.877777777778 * time_passes + 19.795555555555 * gvn + 7.80888888888884 * ipsccp;0.516993117167337;0.516993117167337;0.516993117167337;0.516993117167337;0.004338;3;7.80888888888884 * ipsccp;1;0.601835993697356;
Elapsed=00:00:00.0044349
Learning progress:
1;243.656666666667 * time_passes + -0.497619047618969 * print_used_types;0.148120299808974;0.148120299808974;0.148120299808974;0.148120299808974;0.001232;2;-0.497619047618969 * print_used_types;1;2.00580802317025;
Elapsed=00:00:00.0013177
Learning progress:
1;240.54125 * time_passes + 13.1320833333332 * licm;1.05868449353696;1.05868449353696;1.05868449353696;1.05868449353696;0.000985;2;13.1320833333332 * licm;1;2.6213896715943;
2;230.683333333334 * time_passes + 9.84611111111099 * licm + 13.1438888888885 * gvn;0.385412309333756;0.385412309333756;0.385412309333756;0.385412309333756;0.003914;3;13.1438888888885 * gvn;1;0.673272184203207;
Elapsed=00:00:00.0040293
Learning progress:
1;240.377083333333 * time_passes + 15.0529166666668 * licm;1.35834791619785;1.35834791619785;1.35834791619785;1.35834791619785;0.00108;2;15.0529166666668 * licm;1;2.85374144321652;
2;230.683333333334 * time_passes + 11.8216666666669 * licm + 12.9249999999996 * gvn;0.699831958967868;0.699831958967868;0.699831958967868;0.699831958967868;0.004359;3;12.9249999999996 * gvn;1;0.65851595722998;
Elapsed=00:00:00.0044655
Learning progress:
1;229.68 * time_passes + 17.4338095238095 * gvn;1.37792987190209;1.37792987190209;1.37792987190209;1.37792987190209;0.001093;2;17.4338095238095 * gvn;1;2.05557413773282;
2;222.035277777778 * time_passes + 21.8022222222223 * gvn + 7.6447222222223 * ipsccp;0.689235391958221;0.689235391958221;0.689235391958221;0.689235391958221;0.005222;3;7.6447222222223 * ipsccp;1;0.68869447994387;
Elapsed=00:00:00.0053290
Learning progress:
1;231.686666666667 * time_passes + 14.9149999999995 * gvn;1.11882911086469;1.11882911086469;1.11882911086469;1.11882911086469;0.00131;2;14.9149999999995 * gvn;1;3.62709766199606;
2;223.877777777778 * time_passes + 19.795555555555 * gvn + 7.80888888888884 * ipsccp;0.516993117167337;0.516993117167337;0.516993117167337;0.516993117167337;0.00474;3;7.80888888888884 * ipsccp;1;0.601835993697356;
Elapsed=00:00:00.0048386
Learning progress:
1;243.656666666667 * time_passes + -0.497619047618969 * print_used_types;0.148120299808974;0.148120299808974;0.148120299808974;0.148120299808974;0.001141;2;-0.497619047618969 * print_used_types;1;2.00580802317025;
Elapsed=00:00:00.0012240
Learning progress:
1;240.54125 * time_passes + 13.1320833333332 * licm;1.05868449353696;1.05868449353696;1.05868449353696;1.05868449353696;0.001123;2;13.1320833333332 * licm;1;2.6213896715943;
2;230.683333333334 * time_passes + 9.84611111111099 * licm + 13.1438888888885 * gvn;0.385412309333756;0.385412309333756;0.385412309333756;0.385412309333756;0.004044;3;13.1438888888885 * gvn;1;0.673272184203207;
Elapsed=00:00:00.0049687
Learning progress:
1;240.377083333333 * time_passes + 15.0529166666668 * licm;1.35834791619785;1.35834791619785;1.35834791619785;1.35834791619785;0.001231;2;15.0529166666668 * licm;1;2.85374144321652;
2;230.683333333334 * time_passes + 11.8216666666669 * licm + 12.9249999999996 * gvn;0.699831958967868;0.699831958967868;0.699831958967868;0.699831958967868;0.004406;3;12.9249999999996 * gvn;1;0.65851595722998;
Elapsed=00:00:00.0045104
Learning progress:
1;229.68 * time_passes + 17.4338095238095 * gvn;1.37792987190209;1.37792987190209;1.37792987190209;1.37792987190209;0.001303;2;17.4338095238095 * gvn;1;2.05557413773282;
2;222.035277777778 * time_passes + 21.8022222222223 * gvn + 7.6447222222223 * ipsccp;0.689235391958221;0.689235391958221;0.689235391958221;0.689235391958221;0.004602;3;7.6447222222223 * ipsccp;1;0.68869447994387;
Elapsed=00:00:00.0047126
Learning progress:
1;231.686666666667 * time_passes + 14.9149999999995 * gvn;1.11882911086469;1.11882911086469;1.11882911086469;1.11882911086469;0.001059;2;14.9149999999995 * gvn;1;3.62709766199606;
2;223.877777777778 * time_passes + 19.795555555555 * gvn + 7.80888888888884 * ipsccp;0.516993117167337;0.516993117167337;0.516993117167337;0.516993117167337;0.005451;3;7.80888888888884 * ipsccp;1;0.601835993697356;
Elapsed=00:00:00.0055546
Learning progress:
1;243.656666666667 * time_passes + -0.497619047618969 * print_used_types;0.148120299808974;0.148120299808974;0.148120299808974;0.148120299808974;0.001038;2;-0.497619047618969 * print_used_types;1;2.00580802317025;
Elapsed=00:00:00.0011240
Learning progress:
1;240.54125 * time_passes + 13.1320833333332 * licm;1.05868449353696;1.05868449353696;1.05868449353696;1.05868449353696;0.00097;2;13.1320833333332 * licm;1;2.6213896715943;
2;230.683333333334 * time_passes + 9.84611111111099 * licm + 13.1438888888885 * gvn;0.385412309333756;0.385412309333756;0.385412309333756;0.385412309333756;0.00379;3;13.1438888888885 * gvn;1;0.673272184203207;
Elapsed=00:00:00.0039080
Learning progress:
1;240.377083333333 * time_passes + 15.0529166666668 * licm;1.35834791619785;1.35834791619785;1.35834791619785;1.35834791619785;0.001192;2;15.0529166666668 * licm;1;2.85374144321652;
2;230.683333333334 * time_passes + 11.8216666666669 * licm + 12.9249999999996 * gvn;0.699831958967868;0.699831958967868;0.699831958967868;0.699831958967868;0.004418;3;12.9249999999996 * gvn;1;0.65851595722998;
Elapsed=00:00:00.0045413
Learning progress:
1;229.68 * time_passes + 17.4338095238095 * gvn;1.37792987190209;1.37792987190209;1.37792987190209;1.37792987190209;0.002223;2;17.4338095238095 * gvn;1;2.05557413773282;
2;222.035277777778 * time_passes + 21.8022222222223 * gvn + 7.6447222222223 * ipsccp;0.689235391958221;0.689235391958221;0.689235391958221;0.689235391958221;0.005845;3;7.6447222222223 * ipsccp;1;0.68869447994387;
Elapsed=00:00:00.0059582
Learning progress:
1;231.686666666667 * time_passes + 14.9149999999995 * gvn;1.11882911086469;1.11882911086469;1.11882911086469;1.11882911086469;0.001188;2;14.9149999999995 * gvn;1;3.62709766199606;
2;223.877777777778 * time_passes + 19.795555555555 * gvn + 7.80888888888884 * ipsccp;0.516993117167337;0.516993117167337;0.516993117167337;0.516993117167337;0.004583;3;7.80888888888884 * ipsccp;1;0.601835993697356;
Elapsed=00:00:00.0046854
Learning progress:
1;243.656666666667 * time_passes + -0.497619047618969 * print_used_types;0.148120299808974;0.148120299808974;0.148120299808974;0.148120299808974;0.001184;2;-0.497619047618969 * print_used_types;1;2.00580802317025;
Elapsed=00:00:00.0012696
Learning progress:
1;240.54125 * time_passes + 13.1320833333332 * licm;1.05868449353696;1.05868449353696;1.05868449353696;1.05868449353696;0.001104;2;13.1320833333332 * licm;1;2.6213896715943;
2;230.683333333334 * time_passes + 9.84611111111099 * licm + 13.1438888888885 * gvn;0.385412309333756;0.385412309333756;0.385412309333756;0.385412309333756;0.00467;3;13.1438888888885 * gvn;1;0.673272184203207;
Elapsed=00:00:00.0047824
Learning progress:
1;240.377083333333 * time_passes + 15.0529166666668 * licm;1.35834791619785;1.35834791619785;1.35834791619785;1.35834791619785;0.001077;2;15.0529166666668 * licm;1;2.85374144321652;
2;230.683333333334 * time_passes + 11.8216666666669 * licm + 12.9249999999996 * gvn;0.699831958967868;0.699831958967868;0.699831958967868;0.699831958967868;0.004858;3;12.9249999999996 * gvn;1;0.65851595722998;
Elapsed=00:00:00.0049727
Learning progress:
1;229.68 * time_passes + 17.4338095238095 * gvn;1.37792987190209;1.37792987190209;1.37792987190209;1.37792987190209;0.001242;2;17.4338095238095 * gvn;1;2.05557413773282;
2;222.035277777778 * time_passes + 21.8022222222223 * gvn + 7.6447222222223 * ipsccp;0.689235391958221;0.689235391958221;0.689235391958221;0.689235391958221;0.004524;3;7.6447222222223 * ipsccp;1;0.68869447994387;
Elapsed=00:00:00.0046729
Learning progress:
1;231.686666666667 * time_passes + 14.9149999999995 * gvn;1.11882911086469;1.11882911086469;1.11882911086469;1.11882911086469;0.001074;2;14.9149999999995 * gvn;1;3.62709766199606;
2;223.877777777778 * time_passes + 19.795555555555 * gvn + 7.80888888888884 * ipsccp;0.516993117167337;0.516993117167337;0.516993117167337;0.516993117167337;0.005185;3;7.80888888888884 * ipsccp;1;0.601835993697356;
Elapsed=00:00:00.0052859
Learning progress:
1;243.656666666667 * time_passes + -0.497619047618969 * print_used_types;0.148120299808974;0.148120299808974;0.148120299808974;0.148120299808974;0.001412;2;-0.497619047618969 * print_used_types;1;2.00580802317025;
Elapsed=00:00:00.0014955
Learning progress:
1;240.54125 * time_passes + 13.1320833333332 * licm;1.05868449353696;1.05868449353696;1.05868449353696;1.05868449353696;0.001188;2;13.1320833333332 * licm;1;2.6213896715943;
2;230.683333333334 * time_passes + 9.84611111111099 * licm + 13.1438888888885 * gvn;0.385412309333756;0.385412309333756;0.385412309333756;0.385412309333756;0.004101;3;13.1438888888885 * gvn;1;0.673272184203207;
Elapsed=00:00:00.0042100
Learning progress:
1;240.377083333333 * time_passes + 15.0529166666668 * licm;1.35834791619785;1.35834791619785;1.35834791619785;1.35834791619785;0.001227;2;15.0529166666668 * licm;1;2.85374144321652;
2;230.683333333334 * time_passes + 11.8216666666669 * licm + 12.9249999999996 * gvn;0.699831958967868;0.699831958967868;0.699831958967868;0.699831958967868;0.004665;3;12.9249999999996 * gvn;1;0.65851595722998;
Elapsed=00:00:00.0047751
Learning progress:
1;229.68 * time_passes + 17.4338095238095 * gvn;1.37792987190209;1.37792987190209;1.37792987190209;1.37792987190209;0.001124;2;17.4338095238095 * gvn;1;2.05557413773282;
2;222.035277777778 * time_passes + 21.8022222222223 * gvn + 7.6447222222223 * ipsccp;0.689235391958221;0.689235391958221;0.689235391958221;0.689235391958221;0.004687;3;7.6447222222223 * ipsccp;1;0.68869447994387;
Elapsed=00:00:00.0047969
Learning progress:
1;231.686666666667 * time_passes + 14.9149999999995 * gvn;1.11882911086469;1.11882911086469;1.11882911086469;1.11882911086469;0.001056;2;14.9149999999995 * gvn;1;3.62709766199606;
2;223.877777777778 * time_passes + 19.795555555555 * gvn + 7.80888888888884 * ipsccp;0.516993117167337;0.516993117167337;0.516993117167337;0.516993117167337;0.004125;3;7.80888888888884 * ipsccp;1;0.601835993697356;
Elapsed=00:00:00.0042215
Learning progress:
1;243.656666666667 * time_passes + -0.497619047618969 * print_used_types;0.148120299808974;0.148120299808974;0.148120299808974;0.148120299808974;0.001368;2;-0.497619047618969 * print_used_types;1;2.00580802317025;
Elapsed=00:00:00.0014541
Learning progress:
1;240.54125 * time_passes + 13.1320833333332 * licm;1.05868449353696;1.05868449353696;1.05868449353696;1.05868449353696;0.001849;2;13.1320833333332 * licm;1;2.6213896715943;
2;230.683333333334 * time_passes + 9.84611111111099 * licm + 13.1438888888885 * gvn;0.385412309333756;0.385412309333756;0.385412309333756;0.385412309333756;0.00474;3;13.1438888888885 * gvn;1;0.673272184203207;
Elapsed=00:00:00.0048430
Learning progress:
1;240.377083333333 * time_passes + 15.0529166666668 * licm;1.35834791619785;1.35834791619785;1.35834791619785;1.35834791619785;0.001399;2;15.0529166666668 * licm;1;2.85374144321652;
2;230.683333333334 * time_passes + 11.8216666666669 * licm + 12.9249999999996 * gvn;0.699831958967868;0.699831958967868;0.699831958967868;0.699831958967868;0.004444;3;12.9249999999996 * gvn;1;0.65851595722998;
Elapsed=00:00:00.0045502
Learning progress:
1;229.68 * time_passes + 17.4338095238095 * gvn;1.37792987190209;1.37792987190209;1.37792987190209;1.37792987190209;0.00142;2;17.4338095238095 * gvn;1;2.05557413773282;
2;222.035277777778 * time_passes + 21.8022222222223 * gvn + 7.6447222222223 * ipsccp;0.689235391958221;0.689235391958221;0.689235391958221;0.689235391958221;0.004706;3;7.6447222222223 * ipsccp;1;0.68869447994387;
Elapsed=00:00:00.0048139
Learning progress:
1;231.686666666667 * time_passes + 14.9149999999995 * gvn;1.11882911086469;1.11882911086469;1.11882911086469;1.11882911086469;0.002101;2;14.9149999999995 * gvn;1;3.62709766199606;
2;223.877777777778 * time_passes + 19.795555555555 * gvn + 7.80888888888884 * ipsccp;0.516993117167337;0.516993117167337;0.516993117167337;0.516993117167337;0.005182;3;7.80888888888884 * ipsccp;1;0.601835993697356;
Elapsed=00:00:00.0052801
Learning progress:
1;243.656666666667 * time_passes + -0.497619047618969 * print_used_types;0.148120299808974;0.148120299808974;0.148120299808974;0.148120299808974;0.001312;2;-0.497619047618969 * print_used_types;1;2.00580802317025;
Elapsed=00:00:00.0013954
Learning progress:
1;240.54125 * time_passes + 13.1320833333332 * licm;1.05868449353696;1.05868449353696;1.05868449353696;1.05868449353696;0.001245;2;13.1320833333332 * licm;1;2.6213896715943;
2;230.683333333334 * time_passes + 9.84611111111099 * licm + 13.1438888888885 * gvn;0.385412309333756;0.385412309333756;0.385412309333756;0.385412309333756;0.004202;3;13.1438888888885 * gvn;1;0.673272184203207;
Elapsed=00:00:00.0043083
Learning progress:
1;240.377083333333 * time_passes + 15.0529166666668 * licm;1.35834791619785;1.35834791619785;1.35834791619785;1.35834791619785;0.001311;2;15.0529166666668 * licm;1;2.85374144321652;
2;230.683333333334 * time_passes + 11.8216666666669 * licm + 12.9249999999996 * gvn;0.699831958967868;0.699831958967868;0.699831958967868;0.699831958967868;0.005536;3;12.9249999999996 * gvn;1;0.65851595722998;
Elapsed=00:00:00.0056452
Learning progress:
1;229.68 * time_passes + 17.4338095238095 * gvn;1.37792987190209;1.37792987190209;1.37792987190209;1.37792987190209;0.001342;2;17.4338095238095 * gvn;1;2.05557413773282;
2;222.035277777778 * time_passes + 21.8022222222223 * gvn + 7.6447222222223 * ipsccp;0.689235391958221;0.689235391958221;0.689235391958221;0.689235391958221;0.00458;3;7.6447222222223 * ipsccp;1;0.68869447994387;
Elapsed=00:00:00.0046877
Learning progress:
1;231.686666666667 * time_passes + 14.9149999999995 * gvn;1.11882911086469;1.11882911086469;1.11882911086469;1.11882911086469;0.001251;2;14.9149999999995 * gvn;1;3.62709766199606;
2;223.877777777778 * time_passes + 19.795555555555 * gvn + 7.80888888888884 * ipsccp;0.516993117167337;0.516993117167337;0.516993117167337;0.516993117167337;0.004278;3;7.80888888888884 * ipsccp;1;0.601835993697356;
Elapsed=00:00:00.0043742
Learning progress:
1;243.656666666667 * time_passes + -0.497619047618969 * print_used_types;0.148120299808974;0.148120299808974;0.148120299808974;0.148120299808974;0.00107;2;-0.497619047618969 * print_used_types;1;2.00580802317025;
Elapsed=00:00:00.0011553
Learning progress:
1;240.54125 * time_passes + 13.1320833333332 * licm;1.05868449353696;1.05868449353696;1.05868449353696;1.05868449353696;0.001102;2;13.1320833333332 * licm;1;2.6213896715943;
2;230.683333333334 * time_passes + 9.84611111111099 * licm + 13.1438888888885 * gvn;0.385412309333756;0.385412309333756;0.385412309333756;0.385412309333756;0.004044;3;13.1438888888885 * gvn;1;0.673272184203207;
Elapsed=00:00:00.0041510
Learning progress:
1;240.377083333333 * time_passes + 15.0529166666668 * licm;1.35834791619785;1.35834791619785;1.35834791619785;1.35834791619785;0.001108;2;15.0529166666668 * licm;1;2.85374144321652;
2;230.683333333334 * time_passes + 11.8216666666669 * licm + 12.9249999999996 * gvn;0.699831958967868;0.699831958967868;0.699831958967868;0.699831958967868;0.004609;3;12.9249999999996 * gvn;1;0.65851595722998;
Elapsed=00:00:00.0047183
Learning progress:
1;229.68 * time_passes + 17.4338095238095 * gvn;1.37792987190209;1.37792987190209;1.37792987190209;1.37792987190209;0.00113;2;17.4338095238095 * gvn;1;2.05557413773282;
2;222.035277777778 * time_passes + 21.8022222222223 * gvn + 7.6447222222223 * ipsccp;0.689235391958221;0.689235391958221;0.689235391958221;0.689235391958221;0.004425;3;7.6447222222223 * ipsccp;1;0.68869447994387;
Elapsed=00:00:00.0045366
Learning progress:
1;231.686666666667 * time_passes + 14.9149999999995 * gvn;1.11882911086469;1.11882911086469;1.11882911086469;1.11882911086469;0.001235;2;14.9149999999995 * gvn;1;3.62709766199606;
2;223.877777777778 * time_passes + 19.795555555555 * gvn + 7.80888888888884 * ipsccp;0.516993117167337;0.516993117167337;0.516993117167337;0.516993117167337;0.004287;3;7.80888888888884 * ipsccp;1;0.601835993697356;
Elapsed=00:00:00.0043830
Learning progress:
1;243.656666666667 * time_passes + -0.497619047618969 * print_used_types;0.148120299808974;0.148120299808974;0.148120299808974;0.148120299808974;0.001179;2;-0.497619047618969 * print_used_types;1;2.00580802317025;
Elapsed=00:00:00.0012615
Learning progress:
1;240.54125 * time_passes + 13.1320833333332 * licm;1.05868449353696;1.05868449353696;1.05868449353696;1.05868449353696;0.000991;2;13.1320833333332 * licm;1;2.6213896715943;
2;230.683333333334 * time_passes + 9.84611111111099 * licm + 13.1438888888885 * gvn;0.385412309333756;0.385412309333756;0.385412309333756;0.385412309333756;0.003803;3;13.1438888888885 * gvn;1;0.673272184203207;
Elapsed=00:00:00.0039053
Learning progress:
1;240.377083333333 * time_passes + 15.0529166666668 * licm;1.35834791619785;1.35834791619785;1.35834791619785;1.35834791619785;0.00133;2;15.0529166666668 * licm;1;2.85374144321652;
2;230.683333333334 * time_passes + 11.8216666666669 * licm + 12.9249999999996 * gvn;0.699831958967868;0.699831958967868;0.699831958967868;0.699831958967868;0.005412;3;12.9249999999996 * gvn;1;0.65851595722998;
Elapsed=00:00:00.0055329
Learning progress:
1;229.68 * time_passes + 17.4338095238095 * gvn;1.37792987190209;1.37792987190209;1.37792987190209;1.37792987190209;0.001131;2;17.4338095238095 * gvn;1;2.05557413773282;
2;222.035277777778 * time_passes + 21.8022222222223 * gvn + 7.6447222222223 * ipsccp;0.689235391958221;0.689235391958221;0.689235391958221;0.689235391958221;0.004577;3;7.6447222222223 * ipsccp;1;0.68869447994387;
Elapsed=00:00:00.0046902
Learning progress:
1;231.686666666667 * time_passes + 14.9149999999995 * gvn;1.11882911086469;1.11882911086469;1.11882911086469;1.11882911086469;0.001203;2;14.9149999999995 * gvn;1;3.62709766199606;
2;223.877777777778 * time_passes + 19.795555555555 * gvn + 7.80888888888884 * ipsccp;0.516993117167337;0.516993117167337;0.516993117167337;0.516993117167337;0.004292;3;7.80888888888884 * ipsccp;1;0.601835993697356;
Elapsed=00:00:00.0043895
Learning progress:
1;243.656666666667 * time_passes + -0.497619047618969 * print_used_types;0.148120299808974;0.148120299808974;0.148120299808974;0.148120299808974;0.002056;2;-0.497619047618969 * print_used_types;1;2.00580802317025;
Elapsed=00:00:00.0021419
Learning progress:
1;240.54125 * time_passes + 13.1320833333332 * licm;1.05868449353696;1.05868449353696;1.05868449353696;1.05868449353696;0.001234;2;13.1320833333332 * licm;1;2.6213896715943;
2;230.683333333334 * time_passes + 9.84611111111099 * licm + 13.1438888888885 * gvn;0.385412309333756;0.385412309333756;0.385412309333756;0.385412309333756;0.004192;3;13.1438888888885 * gvn;1;0.673272184203207;
Elapsed=00:00:00.0042990
Learning progress:
1;240.377083333333 * time_passes + 15.0529166666668 * licm;1.35834791619785;1.35834791619785;1.35834791619785;1.35834791619785;0.001243;2;15.0529166666668 * licm;1;2.85374144321652;
2;230.683333333334 * time_passes + 11.8216666666669 * licm + 12.9249999999996 * gvn;0.699831958967868;0.699831958967868;0.699831958967868;0.699831958967868;0.004447;3;12.9249999999996 * gvn;1;0.65851595722998;
Elapsed=00:00:00.0045608
Learning progress:
1;229.68 * time_passes + 17.4338095238095 * gvn;1.37792987190209;1.37792987190209;1.37792987190209;1.37792987190209;0.001281;2;17.4338095238095 * gvn;1;2.05557413773282;
2;222.035277777778 * time_passes + 21.8022222222223 * gvn + 7.6447222222223 * ipsccp;0.689235391958221;0.689235391958221;0.689235391958221;0.689235391958221;0.005646;3;7.6447222222223 * ipsccp;1;0.68869447994387;
Elapsed=00:00:00.0057565
Learning progress:
1;231.686666666667 * time_passes + 14.9149999999995 * gvn;1.11882911086469;1.11882911086469;1.11882911086469;1.11882911086469;0.001029;2;14.9149999999995 * gvn;1;3.62709766199606;
2;223.877777777778 * time_passes + 19.795555555555 * gvn + 7.80888888888884 * ipsccp;0.516993117167337;0.516993117167337;0.516993117167337;0.516993117167337;0.004459;3;7.80888888888884 * ipsccp;1;0.601835993697356;
Elapsed=00:00:00.0045584
Learning progress:
1;243.656666666667 * time_passes + -0.497619047618969 * print_used_types;0.148120299808974;0.148120299808974;0.148120299808974;0.148120299808974;0.001413;2;-0.497619047618969 * print_used_types;1;2.00580802317025;
Elapsed=00:00:00.0015065
Learning progress:
1;240.54125 * time_passes + 13.1320833333332 * licm;1.05868449353696;1.05868449353696;1.05868449353696;1.05868449353696;0.001165;2;13.1320833333332 * licm;1;2.6213896715943;
2;230.683333333334 * time_passes + 9.84611111111099 * licm + 13.1438888888885 * gvn;0.385412309333756;0.385412309333756;0.385412309333756;0.385412309333756;0.004146;3;13.1438888888885 * gvn;1;0.673272184203207;
Elapsed=00:00:00.0042479
Learning progress:
1;240.377083333333 * time_passes + 15.0529166666668 * licm;1.35834791619785;1.35834791619785;1.35834791619785;1.35834791619785;0.001207;2;15.0529166666668 * licm;1;2.85374144321652;
2;230.683333333334 * time_passes + 11.8216666666669 * licm + 12.9249999999996 * gvn;0.699831958967868;0.699831958967868;0.699831958967868;0.699831958967868;0.004446;3;12.9249999999996 * gvn;1;0.65851595722998;
Elapsed=00:00:00.0045575
Learning progress:
1;229.68 * time_passes + 17.4338095238095 * gvn;1.37792987190209;1.37792987190209;1.37792987190209;1.37792987190209;0.001121;2;17.4338095238095 * gvn;1;2.05557413773282;
2;222.035277777778 * time_passes + 21.8022222222223 * gvn + 7.6447222222223 * ipsccp;0.689235391958221;0.689235391958221;0.689235391958221;0.689235391958221;0.004574;3;7.6447222222223 * ipsccp;1;0.68869447994387;
Elapsed=00:00:00.0046829
Learning progress:
1;231.686666666667 * time_passes + 14.9149999999995 * gvn;1.11882911086469;1.11882911086469;1.11882911086469;1.11882911086469;0.001086;2;14.9149999999995 * gvn;1;3.62709766199606;
2;223.877777777778 * time_passes + 19.795555555555 * gvn + 7.80888888888884 * ipsccp;0.516993117167337;0.516993117167337;0.516993117167337;0.516993117167337;0.004216;3;7.80888888888884 * ipsccp;1;0.601835993697356;
Elapsed=00:00:00.0043148
Learning progress:
1;243.656666666667 * time_passes + -0.497619047618969 * print_used_types;0.148120299808974;0.148120299808974;0.148120299808974;0.148120299808974;0.001058;2;-0.497619047618969 * print_used_types;1;2.00580802317025;
Elapsed=00:00:00.0011585
Learning progress:
1;240.54125 * time_passes + 13.1320833333332 * licm;1.05868449353696;1.05868449353696;1.05868449353696;1.05868449353696;0.001176;2;13.1320833333332 * licm;1;2.6213896715943;
2;230.683333333334 * time_passes + 9.84611111111099 * licm + 13.1438888888885 * gvn;0.385412309333756;0.385412309333756;0.385412309333756;0.385412309333756;0.003929;3;13.1438888888885 * gvn;1;0.673272184203207;
Elapsed=00:00:00.0040309
Learning progress:
1;240.377083333333 * time_passes + 15.0529166666668 * licm;1.35834791619785;1.35834791619785;1.35834791619785;1.35834791619785;0.001213;2;15.0529166666668 * licm;1;2.85374144321652;
2;230.683333333334 * time_passes + 11.8216666666669 * licm + 12.9249999999996 * gvn;0.699831958967868;0.699831958967868;0.699831958967868;0.699831958967868;0.004505;3;12.9249999999996 * gvn;1;0.65851595722998;
Elapsed=00:00:00.0046084
Learning progress:
1;229.68 * time_passes + 17.4338095238095 * gvn;1.37792987190209;1.37792987190209;1.37792987190209;1.37792987190209;0.001155;2;17.4338095238095 * gvn;1;2.05557413773282;
2;222.035277777778 * time_passes + 21.8022222222223 * gvn + 7.6447222222223 * ipsccp;0.689235391958221;0.689235391958221;0.689235391958221;0.689235391958221;0.005396;3;7.6447222222223 * ipsccp;1;0.68869447994387;
Elapsed=00:00:00.0055071
Learning progress:
1;231.686666666667 * time_passes + 14.9149999999995 * gvn;1.11882911086469;1.11882911086469;1.11882911086469;1.11882911086469;0.001038;2;14.9149999999995 * gvn;1;3.62709766199606;
2;223.877777777778 * time_passes + 19.795555555555 * gvn + 7.80888888888884 * ipsccp;0.516993117167337;0.516993117167337;0.516993117167337;0.516993117167337;0.004116;3;7.80888888888884 * ipsccp;1;0.601835993697356;
Elapsed=00:00:00.0042114
Learning progress:
1;243.656666666667 * time_passes + -0.497619047618969 * print_used_types;0.148120299808974;0.148120299808974;0.148120299808974;0.148120299808974;0.001291;2;-0.497619047618969 * print_used_types;1;2.00580802317025;
Elapsed=00:00:00.0013742
Learning progress:
1;240.54125 * time_passes + 13.1320833333332 * licm;1.05868449353696;1.05868449353696;1.05868449353696;1.05868449353696;0.001119;2;13.1320833333332 * licm;1;2.6213896715943;
2;230.683333333334 * time_passes + 9.84611111111099 * licm + 13.1438888888885 * gvn;0.385412309333756;0.385412309333756;0.385412309333756;0.385412309333756;0.005008;3;13.1438888888885 * gvn;1;0.673272184203207;
Elapsed=00:00:00.0051143
Learning progress:
1;240.377083333333 * time_passes + 15.0529166666668 * licm;1.35834791619785;1.35834791619785;1.35834791619785;1.35834791619785;0.001173;2;15.0529166666668 * licm;1;2.85374144321652;
2;230.683333333334 * time_passes + 11.8216666666669 * licm + 12.9249999999996 * gvn;0.699831958967868;0.699831958967868;0.699831958967868;0.699831958967868;0.004279;3;12.9249999999996 * gvn;1;0.65851595722998;
Elapsed=00:00:00.0043881
Learning progress:
1;229.68 * time_passes + 17.4338095238095 * gvn;1.37792987190209;1.37792987190209;1.37792987190209;1.37792987190209;0.001297;2;17.4338095238095 * gvn;1;2.05557413773282;
2;222.035277777778 * time_passes + 21.8022222222223 * gvn + 7.6447222222223 * ipsccp;0.689235391958221;0.689235391958221;0.689235391958221;0.689235391958221;0.004765;3;7.6447222222223 * ipsccp;1;0.68869447994387;
Elapsed=00:00:00.0048757
Learning progress:
1;231.686666666667 * time_passes + 14.9149999999995 * gvn;1.11882911086469;1.11882911086469;1.11882911086469;1.11882911086469;0.001181;2;14.9149999999995 * gvn;1;3.62709766199606;
2;223.877777777778 * time_passes + 19.795555555555 * gvn + 7.80888888888884 * ipsccp;0.516993117167337;0.516993117167337;0.516993117167337;0.516993117167337;0.005565;3;7.80888888888884 * ipsccp;1;0.601835993697356;
Elapsed=00:00:00.0056663
Learning progress:
1;243.656666666667 * time_passes + -0.497619047618969 * print_used_types;0.148120299808974;0.148120299808974;0.148120299808974;0.148120299808974;0.001328;2;-0.497619047618969 * print_used_types;1;2.00580802317025;
Elapsed=00:00:00.0014150
Learning progress:
1;240.54125 * time_passes + 13.1320833333332 * licm;1.05868449353696;1.05868449353696;1.05868449353696;1.05868449353696;0.00109;2;13.1320833333332 * licm;1;2.6213896715943;
2;230.683333333334 * time_passes + 9.84611111111099 * licm + 13.1438888888885 * gvn;0.385412309333756;0.385412309333756;0.385412309333756;0.385412309333756;0.003909;3;13.1438888888885 * gvn;1;0.673272184203207;
Elapsed=00:00:00.0040130
Learning progress:
1;240.377083333333 * time_passes + 15.0529166666668 * licm;1.35834791619785;1.35834791619785;1.35834791619785;1.35834791619785;0.001125;2;15.0529166666668 * licm;1;2.85374144321652;
2;230.683333333334 * time_passes + 11.8216666666669 * licm + 12.9249999999996 * gvn;0.699831958967868;0.699831958967868;0.699831958967868;0.699831958967868;0.004363;3;12.9249999999996 * gvn;1;0.65851595722998;
Elapsed=00:00:00.0044848
Learning progress:
1;229.68 * time_passes + 17.4338095238095 * gvn;1.37792987190209;1.37792987190209;1.37792987190209;1.37792987190209;0.002055;2;17.4338095238095 * gvn;1;2.05557413773282;
2;222.035277777778 * time_passes + 21.8022222222223 * gvn + 7.6447222222223 * ipsccp;0.689235391958221;0.689235391958221;0.689235391958221;0.689235391958221;0.005525;3;7.6447222222223 * ipsccp;1;0.68869447994387;
Elapsed=00:00:00.0056341
Learning progress:
1;231.686666666667 * time_passes + 14.9149999999995 * gvn;1.11882911086469;1.11882911086469;1.11882911086469;1.11882911086469;0.00106;2;14.9149999999995 * gvn;1;3.62709766199606;
2;223.877777777778 * time_passes + 19.795555555555 * gvn + 7.80888888888884 * ipsccp;0.516993117167337;0.516993117167337;0.516993117167337;0.516993117167337;0.004242;3;7.80888888888884 * ipsccp;1;0.601835993697356;
Elapsed=00:00:00.0043384
Learning progress:
1;243.656666666667 * time_passes + -0.497619047618969 * print_used_types;0.148120299808974;0.148120299808974;0.148120299808974;0.148120299808974;0.001048;2;-0.497619047618969 * print_used_types;1;2.00580802317025;
Elapsed=00:00:00.0011335
Learning progress:
1;240.54125 * time_passes + 13.1320833333332 * licm;1.05868449353696;1.05868449353696;1.05868449353696;1.05868449353696;0.001016;2;13.1320833333332 * licm;1;2.6213896715943;
2;230.683333333334 * time_passes + 9.84611111111099 * licm + 13.1438888888885 * gvn;0.385412309333756;0.385412309333756;0.385412309333756;0.385412309333756;0.005095;3;13.1438888888885 * gvn;1;0.673272184203207;
Elapsed=00:00:00.0052087
Learning progress:
1;240.377083333333 * time_passes + 15.0529166666668 * licm;1.35834791619785;1.35834791619785;1.35834791619785;1.35834791619785;0.001272;2;15.0529166666668 * licm;1;2.85374144321652;
2;230.683333333334 * time_passes + 11.8216666666669 * licm + 12.9249999999996 * gvn;0.699831958967868;0.699831958967868;0.699831958967868;0.699831958967868;0.004577;3;12.9249999999996 * gvn;1;0.65851595722998;
Elapsed=00:00:00.0046859
Learning progress:
1;229.68 * time_passes + 17.4338095238095 * gvn;1.37792987190209;1.37792987190209;1.37792987190209;1.37792987190209;0.001117;2;17.4338095238095 * gvn;1;2.05557413773282;
2;222.035277777778 * time_passes + 21.8022222222223 * gvn + 7.6447222222223 * ipsccp;0.689235391958221;0.689235391958221;0.689235391958221;0.689235391958221;0.004393;3;7.6447222222223 * ipsccp;1;0.68869447994387;
Elapsed=00:00:00.0045130
Learning progress:
1;231.686666666667 * time_passes + 14.9149999999995 * gvn;1.11882911086469;1.11882911086469;1.11882911086469;1.11882911086469;0.001071;2;14.9149999999995 * gvn;1;3.62709766199606;
2;223.877777777778 * time_passes + 19.795555555555 * gvn + 7.80888888888884 * ipsccp;0.516993117167337;0.516993117167337;0.516993117167337;0.516993117167337;0.005078;3;7.80888888888884 * ipsccp;1;0.601835993697356;
Elapsed=00:00:00.0051772
Learning progress:
1;243.656666666667 * time_passes + -0.497619047618969 * print_used_types;0.148120299808974;0.148120299808974;0.148120299808974;0.148120299808974;0.001028;2;-0.497619047618969 * print_used_types;1;2.00580802317025;
Elapsed=00:00:00.0011118
Learning progress:
1;240.54125 * time_passes + 13.1320833333332 * licm;1.05868449353696;1.05868449353696;1.05868449353696;1.05868449353696;0.001223;2;13.1320833333332 * licm;1;2.6213896715943;
2;230.683333333334 * time_passes + 9.84611111111099 * licm + 13.1438888888885 * gvn;0.385412309333756;0.385412309333756;0.385412309333756;0.385412309333756;0.003982;3;13.1438888888885 * gvn;1;0.673272184203207;
Elapsed=00:00:00.0040871
Learning progress:
1;240.377083333333 * time_passes + 15.0529166666668 * licm;1.35834791619785;1.35834791619785;1.35834791619785;1.35834791619785;0.00109;2;15.0529166666668 * licm;1;2.85374144321652;
2;230.683333333334 * time_passes + 11.8216666666669 * licm + 12.9249999999996 * gvn;0.699831958967868;0.699831958967868;0.699831958967868;0.699831958967868;0.005098;3;12.9249999999996 * gvn;1;0.65851595722998;
Elapsed=00:00:00.0052280
Learning progress:
1;229.68 * time_passes + 17.4338095238095 * gvn;1.37792987190209;1.37792987190209;1.37792987190209;1.37792987190209;0.001315;2;17.4338095238095 * gvn;1;2.05557413773282;
2;222.035277777778 * time_passes + 21.8022222222223 * gvn + 7.6447222222223 * ipsccp;0.689235391958221;0.689235391958221;0.689235391958221;0.689235391958221;0.004589;3;7.6447222222223 * ipsccp;1;0.68869447994387;
Elapsed=00:00:00.0047090
Learning progress:
1;231.686666666667 * time_passes + 14.9149999999995 * gvn;1.11882911086469;1.11882911086469;1.11882911086469;1.11882911086469;0.001066;2;14.9149999999995 * gvn;1;3.62709766199606;
2;223.877777777778 * time_passes + 19.795555555555 * gvn + 7.80888888888884 * ipsccp;0.516993117167337;0.516993117167337;0.516993117167337;0.516993117167337;0.004324;3;7.80888888888884 * ipsccp;1;0.601835993697356;
Elapsed=00:00:00.0044275
Learning progress:
1;243.656666666667 * time_passes + -0.497619047618969 * print_used_types;0.148120299808974;0.148120299808974;0.148120299808974;0.148120299808974;0.001249;2;-0.497619047618969 * print_used_types;1;2.00580802317025;
Elapsed=00:00:00.0013360
Learning progress:
1;240.54125 * time_passes + 13.1320833333332 * licm;1.05868449353696;1.05868449353696;1.05868449353696;1.05868449353696;0.002138;2;13.1320833333332 * licm;1;2.6213896715943;
2;230.683333333334 * time_passes + 9.84611111111099 * licm + 13.1438888888885 * gvn;0.385412309333756;0.385412309333756;0.385412309333756;0.385412309333756;0.005027;3;13.1438888888885 * gvn;1;0.673272184203207;
Elapsed=00:00:00.0051338
Learning progress:
1;240.377083333333 * time_passes + 15.0529166666668 * licm;1.35834791619785;1.35834791619785;1.35834791619785;1.35834791619785;0.001274;2;15.0529166666668 * licm;1;2.85374144321652;
2;230.683333333334 * time_passes + 11.8216666666669 * licm + 12.9249999999996 * gvn;0.699831958967868;0.699831958967868;0.699831958967868;0.699831958967868;0.004468;3;12.9249999999996 * gvn;1;0.65851595722998;
Elapsed=00:00:00.0045777
Learning progress:
1;229.68 * time_passes + 17.4338095238095 * gvn;1.37792987190209;1.37792987190209;1.37792987190209;1.37792987190209;0.001268;2;17.4338095238095 * gvn;1;2.05557413773282;
2;222.035277777778 * time_passes + 21.8022222222223 * gvn + 7.6447222222223 * ipsccp;0.689235391958221;0.689235391958221;0.689235391958221;0.689235391958221;0.004558;3;7.6447222222223 * ipsccp;1;0.68869447994387;
Elapsed=00:00:00.0046804
Learning progress:
1;231.686666666667 * time_passes + 14.9149999999995 * gvn;1.11882911086469;1.11882911086469;1.11882911086469;1.11882911086469;0.00111;2;14.9149999999995 * gvn;1;3.62709766199606;
2;223.877777777778 * time_passes + 19.795555555555 * gvn + 7.80888888888884 * ipsccp;0.516993117167337;0.516993117167337;0.516993117167337;0.516993117167337;0.004201;3;7.80888888888884 * ipsccp;1;0.601835993697356;
Elapsed=00:00:00.0042985
Learning progress:
1;243.656666666667 * time_passes + -0.497619047618969 * print_used_types;0.148120299808974;0.148120299808974;0.148120299808974;0.148120299808974;0.001051;2;-0.497619047618969 * print_used_types;1;2.00580802317025;
Elapsed=00:00:00.0011349
Learning progress:
1;240.54125 * time_passes + 13.1320833333332 * licm;1.05868449353696;1.05868449353696;1.05868449353696;1.05868449353696;0.001217;2;13.1320833333332 * licm;1;2.6213896715943;
2;230.683333333334 * time_passes + 9.84611111111099 * licm + 13.1438888888885 * gvn;0.385412309333756;0.385412309333756;0.385412309333756;0.385412309333756;0.004041;3;13.1438888888885 * gvn;1;0.673272184203207;
Elapsed=00:00:00.0041476
Learning progress:
1;240.377083333333 * time_passes + 15.0529166666668 * licm;1.35834791619785;1.35834791619785;1.35834791619785;1.35834791619785;0.001266;2;15.0529166666668 * licm;1;2.85374144321652;
2;230.683333333334 * time_passes + 11.8216666666669 * licm + 12.9249999999996 * gvn;0.699831958967868;0.699831958967868;0.699831958967868;0.699831958967868;0.005559;3;12.9249999999996 * gvn;1;0.65851595722998;
Elapsed=00:00:00.0056718
Learning progress:
1;229.68 * time_passes + 17.4338095238095 * gvn;1.37792987190209;1.37792987190209;1.37792987190209;1.37792987190209;0.001121;2;17.4338095238095 * gvn;1;2.05557413773282;
2;222.035277777778 * time_passes + 21.8022222222223 * gvn + 7.6447222222223 * ipsccp;0.689235391958221;0.689235391958221;0.689235391958221;0.689235391958221;0.004483;3;7.6447222222223 * ipsccp;1;0.68869447994387;
Elapsed=00:00:00.0045940
Learning progress:
1;231.686666666667 * time_passes + 14.9149999999995 * gvn;1.11882911086469;1.11882911086469;1.11882911086469;1.11882911086469;0.001059;2;14.9149999999995 * gvn;1;3.62709766199606;
2;223.877777777778 * time_passes + 19.795555555555 * gvn + 7.80888888888884 * ipsccp;0.516993117167337;0.516993117167337;0.516993117167337;0.516993117167337;0.004183;3;7.80888888888884 * ipsccp;1;0.601835993697356;
Elapsed=00:00:00.0042821
Learning progress:
1;243.656666666667 * time_passes + -0.497619047618969 * print_used_types;0.148120299808974;0.148120299808974;0.148120299808974;0.148120299808974;0.001313;2;-0.497619047618969 * print_used_types;1;2.00580802317025;
Elapsed=00:00:00.0013972
Learning progress:
1;240.54125 * time_passes + 13.1320833333332 * licm;1.05868449353696;1.05868449353696;1.05868449353696;1.05868449353696;0.000972;2;13.1320833333332 * licm;1;2.6213896715943;
2;230.683333333334 * time_passes + 9.84611111111099 * licm + 13.1438888888885 * gvn;0.385412309333756;0.385412309333756;0.385412309333756;0.385412309333756;0.004034;3;13.1438888888885 * gvn;1;0.673272184203207;
Elapsed=00:00:00.0041421
Learning progress:
1;240.377083333333 * time_passes + 15.0529166666668 * licm;1.35834791619785;1.35834791619785;1.35834791619785;1.35834791619785;0.001125;2;15.0529166666668 * licm;1;2.85374144321652;
2;230.683333333334 * time_passes + 11.8216666666669 * licm + 12.9249999999996 * gvn;0.699831958967868;0.699831958967868;0.699831958967868;0.699831958967868;0.004483;3;12.9249999999996 * gvn;1;0.65851595722998;
Elapsed=00:00:00.0045914
Learning progress:
1;229.68 * time_passes + 17.4338095238095 * gvn;1.37792987190209;1.37792987190209;1.37792987190209;1.37792987190209;0.001288;2;17.4338095238095 * gvn;1;2.05557413773282;
2;222.035277777778 * time_passes + 21.8022222222223 * gvn + 7.6447222222223 * ipsccp;0.689235391958221;0.689235391958221;0.689235391958221;0.689235391958221;0.005599;3;7.6447222222223 * ipsccp;1;0.68869447994387;
Elapsed=00:00:00.0057230
Learning progress:
1;231.686666666667 * time_passes + 14.9149999999995 * gvn;1.11882911086469;1.11882911086469;1.11882911086469;1.11882911086469;0.001182;2;14.9149999999995 * gvn;1;3.62709766199606;
2;223.877777777778 * time_passes + 19.795555555555 * gvn + 7.80888888888884 * ipsccp;0.516993117167337;0.516993117167337;0.516993117167337;0.516993117167337;0.004389;3;7.80888888888884 * ipsccp;1;0.601835993697356;
Elapsed=00:00:00.0044899
Learning progress:
1;243.656666666667 * time_passes + -0.497619047618969 * print_used_types;0.148120299808974;0.148120299808974;0.148120299808974;0.148120299808974;0.001196;2;-0.497619047618969 * print_used_types;1;2.00580802317025;
Elapsed=00:00:00.0012798
Learning progress:
1;240.54125 * time_passes + 13.1320833333332 * licm;1.05868449353696;1.05868449353696;1.05868449353696;1.05868449353696;0.001106;2;13.1320833333332 * licm;1;2.6213896715943;
2;230.683333333334 * time_passes + 9.84611111111099 * licm + 13.1438888888885 * gvn;0.385412309333756;0.385412309333756;0.385412309333756;0.385412309333756;0.004067;3;13.1438888888885 * gvn;1;0.673272184203207;
Elapsed=00:00:00.0041709
Learning progress:
1;240.377083333333 * time_passes + 15.0529166666668 * licm;1.35834791619785;1.35834791619785;1.35834791619785;1.35834791619785;0.002238;2;15.0529166666668 * licm;1;2.85374144321652;
2;230.683333333334 * time_passes + 11.8216666666669 * licm + 12.9249999999996 * gvn;0.699831958967868;0.699831958967868;0.699831958967868;0.699831958967868;0.005288;3;12.9249999999996 * gvn;1;0.65851595722998;
Elapsed=00:00:00.0053936
Learning progress:
1;229.68 * time_passes + 17.4338095238095 * gvn;1.37792987190209;1.37792987190209;1.37792987190209;1.37792987190209;0.001346;2;17.4338095238095 * gvn;1;2.05557413773282;
2;222.035277777778 * time_passes + 21.8022222222223 * gvn + 7.6447222222223 * ipsccp;0.689235391958221;0.689235391958221;0.689235391958221;0.689235391958221;0.004593;3;7.6447222222223 * ipsccp;1;0.68869447994387;
Elapsed=00:00:00.0047019
Learning progress:
1;231.686666666667 * time_passes + 14.9149999999995 * gvn;1.11882911086469;1.11882911086469;1.11882911086469;1.11882911086469;0.001155;2;14.9149999999995 * gvn;1;3.62709766199606;
2;223.877777777778 * time_passes + 19.795555555555 * gvn + 7.80888888888884 * ipsccp;0.516993117167337;0.516993117167337;0.516993117167337;0.516993117167337;0.00426;3;7.80888888888884 * ipsccp;1;0.601835993697356;
Elapsed=00:00:00.0043599
Learning progress:
1;243.656666666667 * time_passes + -0.497619047618969 * print_used_types;0.148120299808974;0.148120299808974;0.148120299808974;0.148120299808974;0.001943;2;-0.497619047618969 * print_used_types;1;2.00580802317025;
Elapsed=00:00:00.0020290
Learning progress:
1;240.54125 * time_passes + 13.1320833333332 * licm;1.05868449353696;1.05868449353696;1.05868449353696;1.05868449353696;0.001227;2;13.1320833333332 * licm;1;2.6213896715943;
2;230.683333333334 * time_passes + 9.84611111111099 * licm + 13.1438888888885 * gvn;0.385412309333756;0.385412309333756;0.385412309333756;0.385412309333756;0.003969;3;13.1438888888885 * gvn;1;0.673272184203207;
Elapsed=00:00:00.0040713
Learning progress:
1;240.377083333333 * time_passes + 15.0529166666668 * licm;1.35834791619785;1.35834791619785;1.35834791619785;1.35834791619785;0.001345;2;15.0529166666668 * licm;1;2.85374144321652;
2;230.683333333334 * time_passes + 11.8216666666669 * licm + 12.9249999999996 * gvn;0.699831958967868;0.699831958967868;0.699831958967868;0.699831958967868;0.004481;3;12.9249999999996 * gvn;1;0.65851595722998;
Elapsed=00:00:00.0045891
Learning progress:
1;229.68 * time_passes + 17.4338095238095 * gvn;1.37792987190209;1.37792987190209;1.37792987190209;1.37792987190209;0.001424;2;17.4338095238095 * gvn;1;2.05557413773282;
2;222.035277777778 * time_passes + 21.8022222222223 * gvn + 7.6447222222223 * ipsccp;0.689235391958221;0.689235391958221;0.689235391958221;0.689235391958221;0.005728;3;7.6447222222223 * ipsccp;1;0.68869447994387;
Elapsed=00:00:00.0058423
Learning progress:
1;231.686666666667 * time_passes + 14.9149999999995 * gvn;1.11882911086469;1.11882911086469;1.11882911086469;1.11882911086469;0.001346;2;14.9149999999995 * gvn;1;3.62709766199606;
2;223.877777777778 * time_passes + 19.795555555555 * gvn + 7.80888888888884 * ipsccp;0.516993117167337;0.516993117167337;0.516993117167337;0.516993117167337;0.004517;3;7.80888888888884 * ipsccp;1;0.601835993697356;
Elapsed=00:00:00.0046133
Learning progress:
1;243.656666666667 * time_passes + -0.497619047618969 * print_used_types;0.148120299808974;0.148120299808974;0.148120299808974;0.148120299808974;0.001264;2;-0.497619047618969 * print_used_types;1;2.00580802317025;
Elapsed=00:00:00.0013470
Learning progress:
1;240.54125 * time_passes + 13.1320833333332 * licm;1.05868449353696;1.05868449353696;1.05868449353696;1.05868449353696;0.001135;2;13.1320833333332 * licm;1;2.6213896715943;
2;230.683333333334 * time_passes + 9.84611111111099 * licm + 13.1438888888885 * gvn;0.385412309333756;0.385412309333756;0.385412309333756;0.385412309333756;0.004035;3;13.1438888888885 * gvn;1;0.673272184203207;
Elapsed=00:00:00.0041386
Learning progress:
1;240.377083333333 * time_passes + 15.0529166666668 * licm;1.35834791619785;1.35834791619785;1.35834791619785;1.35834791619785;0.001199;2;15.0529166666668 * licm;1;2.85374144321652;
2;230.683333333334 * time_passes + 11.8216666666669 * licm + 12.9249999999996 * gvn;0.699831958967868;0.699831958967868;0.699831958967868;0.699831958967868;0.004447;3;12.9249999999996 * gvn;1;0.65851595722998;
Elapsed=00:00:00.0045532
Learning progress:
1;229.68 * time_passes + 17.4338095238095 * gvn;1.37792987190209;1.37792987190209;1.37792987190209;1.37792987190209;0.001152;2;17.4338095238095 * gvn;1;2.05557413773282;
2;222.035277777778 * time_passes + 21.8022222222223 * gvn + 7.6447222222223 * ipsccp;0.689235391958221;0.689235391958221;0.689235391958221;0.689235391958221;0.004512;3;7.6447222222223 * ipsccp;1;0.68869447994387;
Elapsed=00:00:00.0046254
Learning progress:
1;231.686666666667 * time_passes + 14.9149999999995 * gvn;1.11882911086469;1.11882911086469;1.11882911086469;1.11882911086469;0.001048;2;14.9149999999995 * gvn;1;3.62709766199606;
2;223.877777777778 * time_passes + 19.795555555555 * gvn + 7.80888888888884 * ipsccp;0.516993117167337;0.516993117167337;0.516993117167337;0.516993117167337;0.005087;3;7.80888888888884 * ipsccp;1;0.601835993697356;
Elapsed=00:00:00.0052079
Learning progress:
1;243.656666666667 * time_passes + -0.497619047618969 * print_used_types;0.148120299808974;0.148120299808974;0.148120299808974;0.148120299808974;0.001208;2;-0.497619047618969 * print_used_types;1;2.00580802317025;
Elapsed=00:00:00.0012940
Learning progress:
1;240.54125 * time_passes + 13.1320833333332 * licm;1.05868449353696;1.05868449353696;1.05868449353696;1.05868449353696;0.00095;2;13.1320833333332 * licm;1;2.6213896715943;
2;230.683333333334 * time_passes + 9.84611111111099 * licm + 13.1438888888885 * gvn;0.385412309333756;0.385412309333756;0.385412309333756;0.385412309333756;0.003824;3;13.1438888888885 * gvn;1;0.673272184203207;
Elapsed=00:00:00.0039283
Learning progress:
1;240.377083333333 * time_passes + 15.0529166666668 * licm;1.35834791619785;1.35834791619785;1.35834791619785;1.35834791619785;0.001076;2;15.0529166666668 * licm;1;2.85374144321652;
2;230.683333333334 * time_passes + 11.8216666666669 * licm + 12.9249999999996 * gvn;0.699831958967868;0.699831958967868;0.699831958967868;0.699831958967868;0.004446;3;12.9249999999996 * gvn;1;0.65851595722998;
Elapsed=00:00:00.0045547
Learning progress:
1;229.68 * time_passes + 17.4338095238095 * gvn;1.37792987190209;1.37792987190209;1.37792987190209;1.37792987190209;0.001229;2;17.4338095238095 * gvn;1;2.05557413773282;
2;222.035277777778 * time_passes + 21.8022222222223 * gvn + 7.6447222222223 * ipsccp;0.689235391958221;0.689235391958221;0.689235391958221;0.689235391958221;0.005291;3;7.6447222222223 * ipsccp;1;0.68869447994387;
Elapsed=00:00:00.0054063
Learning progress:
1;231.686666666667 * time_passes + 14.9149999999995 * gvn;1.11882911086469;1.11882911086469;1.11882911086469;1.11882911086469;0.001154;2;14.9149999999995 * gvn;1;3.62709766199606;
2;223.877777777778 * time_passes + 19.795555555555 * gvn + 7.80888888888884 * ipsccp;0.516993117167337;0.516993117167337;0.516993117167337;0.516993117167337;0.004271;3;7.80888888888884 * ipsccp;1;0.601835993697356;
Elapsed=00:00:00.0043781
Learning progress:
1;243.656666666667 * time_passes + -0.497619047618969 * print_used_types;0.148120299808974;0.148120299808974;0.148120299808974;0.148120299808974;0.001069;2;-0.497619047618969 * print_used_types;1;2.00580802317025;
Elapsed=00:00:00.0011512
Learning progress:
1;240.54125 * time_passes + 13.1320833333332 * licm;1.05868449353696;1.05868449353696;1.05868449353696;1.05868449353696;0.000972;2;13.1320833333332 * licm;1;2.6213896715943;
2;230.683333333334 * time_passes + 9.84611111111099 * licm + 13.1438888888885 * gvn;0.385412309333756;0.385412309333756;0.385412309333756;0.385412309333756;0.004853;3;13.1438888888885 * gvn;1;0.673272184203207;
Elapsed=00:00:00.0049591
Learning progress:
1;240.377083333333 * time_passes + 15.0529166666668 * licm;1.35834791619785;1.35834791619785;1.35834791619785;1.35834791619785;0.001317;2;15.0529166666668 * licm;1;2.85374144321652;
2;230.683333333334 * time_passes + 11.8216666666669 * licm + 12.9249999999996 * gvn;0.699831958967868;0.699831958967868;0.699831958967868;0.699831958967868;0.004536;3;12.9249999999996 * gvn;1;0.65851595722998;
Elapsed=00:00:00.0046418
Learning progress:
1;229.68 * time_passes + 17.4338095238095 * gvn;1.37792987190209;1.37792987190209;1.37792987190209;1.37792987190209;0.001261;2;17.4338095238095 * gvn;1;2.05557413773282;
2;222.035277777778 * time_passes + 21.8022222222223 * gvn + 7.6447222222223 * ipsccp;0.689235391958221;0.689235391958221;0.689235391958221;0.689235391958221;0.004634;3;7.6447222222223 * ipsccp;1;0.68869447994387;
Elapsed=00:00:00.0047487
Learning progress:
1;231.686666666667 * time_passes + 14.9149999999995 * gvn;1.11882911086469;1.11882911086469;1.11882911086469;1.11882911086469;0.001234;2;14.9149999999995 * gvn;1;3.62709766199606;
2;223.877777777778 * time_passes + 19.795555555555 * gvn + 7.80888888888884 * ipsccp;0.516993117167337;0.516993117167337;0.516993117167337;0.516993117167337;0.005508;3;7.80888888888884 * ipsccp;1;0.601835993697356;
Elapsed=00:00:00.0056107
Learning progress:
1;243.656666666667 * time_passes + -0.497619047618969 * print_used_types;0.148120299808974;0.148120299808974;0.148120299808974;0.148120299808974;0.001207;2;-0.497619047618969 * print_used_types;1;2.00580802317025;
Elapsed=00:00:00.0012892
Learning progress:
1;240.54125 * time_passes + 13.1320833333332 * licm;1.05868449353696;1.05868449353696;1.05868449353696;1.05868449353696;0.000985;2;13.1320833333332 * licm;1;2.6213896715943;
2;230.683333333334 * time_passes + 9.84611111111099 * licm + 13.1438888888885 * gvn;0.385412309333756;0.385412309333756;0.385412309333756;0.385412309333756;0.003942;3;13.1438888888885 * gvn;1;0.673272184203207;
Elapsed=00:00:00.0040474
Learning progress:
1;240.377083333333 * time_passes + 15.0529166666668 * licm;1.35834791619785;1.35834791619785;1.35834791619785;1.35834791619785;0.001231;2;15.0529166666668 * licm;1;2.85374144321652;
2;230.683333333334 * time_passes + 11.8216666666669 * licm + 12.9249999999996 * gvn;0.699831958967868;0.699831958967868;0.699831958967868;0.699831958967868;0.004567;3;12.9249999999996 * gvn;1;0.65851595722998;
Elapsed=00:00:00.0046713
Learning progress:
1;229.68 * time_passes + 17.4338095238095 * gvn;1.37792987190209;1.37792987190209;1.37792987190209;1.37792987190209;0.001154;2;17.4338095238095 * gvn;1;2.05557413773282;
2;222.035277777778 * time_passes + 21.8022222222223 * gvn + 7.6447222222223 * ipsccp;0.689235391958221;0.689235391958221;0.689235391958221;0.689235391958221;0.00439;3;7.6447222222223 * ipsccp;1;0.68869447994387;
Elapsed=00:00:00.0044979
Learning progress:
1;231.686666666667 * time_passes + 14.9149999999995 * gvn;1.11882911086469;1.11882911086469;1.11882911086469;1.11882911086469;0.001181;2;14.9149999999995 * gvn;1;3.62709766199606;
2;223.877777777778 * time_passes + 19.795555555555 * gvn + 7.80888888888884 * ipsccp;0.516993117167337;0.516993117167337;0.516993117167337;0.516993117167337;0.0045;3;7.80888888888884 * ipsccp;1;0.601835993697356;
Elapsed=00:00:00.0046117
Learning progress:
1;243.656666666667 * time_passes + -0.497619047618969 * print_used_types;0.148120299808974;0.148120299808974;0.148120299808974;0.148120299808974;0.001146;2;-0.497619047618969 * print_used_types;1;2.00580802317025;
Elapsed=00:00:00.0012282
Learning progress:
1;240.54125 * time_passes + 13.1320833333332 * licm;1.05868449353696;1.05868449353696;1.05868449353696;1.05868449353696;0.001121;2;13.1320833333332 * licm;1;2.6213896715943;
2;230.683333333334 * time_passes + 9.84611111111099 * licm + 13.1438888888885 * gvn;0.385412309333756;0.385412309333756;0.385412309333756;0.385412309333756;0.005145;3;13.1438888888885 * gvn;1;0.673272184203207;
Elapsed=00:00:00.0052523
Learning progress:
1;240.377083333333 * time_passes + 15.0529166666668 * licm;1.35834791619785;1.35834791619785;1.35834791619785;1.35834791619785;0.001071;2;15.0529166666668 * licm;1;2.85374144321652;
2;230.683333333334 * time_passes + 11.8216666666669 * licm + 12.9249999999996 * gvn;0.699831958967868;0.699831958967868;0.699831958967868;0.699831958967868;0.00441;3;12.9249999999996 * gvn;1;0.65851595722998;
Elapsed=00:00:00.0045148
Learning progress:
1;229.68 * time_passes + 17.4338095238095 * gvn;1.37792987190209;1.37792987190209;1.37792987190209;1.37792987190209;0.00125;2;17.4338095238095 * gvn;1;2.05557413773282;
2;222.035277777778 * time_passes + 21.8022222222223 * gvn + 7.6447222222223 * ipsccp;0.689235391958221;0.689235391958221;0.689235391958221;0.689235391958221;0.004514;3;7.6447222222223 * ipsccp;1;0.68869447994387;
Elapsed=00:00:00.0046197
Learning progress:
1;231.686666666667 * time_passes + 14.9149999999995 * gvn;1.11882911086469;1.11882911086469;1.11882911086469;1.11882911086469;0.001204;2;14.9149999999995 * gvn;1;3.62709766199606;
2;223.877777777778 * time_passes + 19.795555555555 * gvn + 7.80888888888884 * ipsccp;0.516993117167337;0.516993117167337;0.516993117167337;0.516993117167337;0.005221;3;7.80888888888884 * ipsccp;1;0.601835993697356;
Elapsed=00:00:00.0053283
Learning progress:
1;243.656666666667 * time_passes + -0.497619047618969 * print_used_types;0.148120299808974;0.148120299808974;0.148120299808974;0.148120299808974;0.001322;2;-0.497619047618969 * print_used_types;1;2.00580802317025;
Elapsed=00:00:00.0014070
Learning progress:
1;240.54125 * time_passes + 13.1320833333332 * licm;1.05868449353696;1.05868449353696;1.05868449353696;1.05868449353696;0.000968;2;13.1320833333332 * licm;1;2.6213896715943;
2;230.683333333334 * time_passes + 9.84611111111099 * licm + 13.1438888888885 * gvn;0.385412309333756;0.385412309333756;0.385412309333756;0.385412309333756;0.003725;3;13.1438888888885 * gvn;1;0.673272184203207;
Elapsed=00:00:00.0038278
Learning progress:
1;240.377083333333 * time_passes + 15.0529166666668 * licm;1.35834791619785;1.35834791619785;1.35834791619785;1.35834791619785;0.001272;2;15.0529166666668 * licm;1;2.85374144321652;
2;230.683333333334 * time_passes + 11.8216666666669 * licm + 12.9249999999996 * gvn;0.699831958967868;0.699831958967868;0.699831958967868;0.699831958967868;0.00549;3;12.9249999999996 * gvn;1;0.65851595722998;
Elapsed=00:00:00.0056080
Error of optimal parameters: 0.487918615447231
Optimal parameters abortError:1;minImprovementPerRound:0.1;lossFunction:RELATIVE;quadraticFunctionSupport:True;learn-logFunction:True;learn-asymFunction:True;learn-ratioFunction:True;withHierarchy:False;useBackward:False;
Learning progress:
1;230.683333333333 * time_passes + 15.5496296296293 * gvn;1.29452495781777;1.29452495781777;1.29452495781777;1.29452495781777;0.001938;2;15.5496296296293 * gvn;1;0.934092896689088;
2;230.683333333334 * time_passes + 13.1728571428568 * gvn + 10.6954761904762 * licm;0.35154675762606;0.35154675762606;0.35154675762606;0.35154675762606;0.007037;3;10.6954761904762 * licm;1;0.942978200191714;
Elapsed=00:00:00.0072337
command: clean-global
command: script ./learn_divDistBased_t2MLR.a
command: log ./out_divDistBased_t2PredictionsMLR.log
