Current machine learning settings: epsilon:0 lossFunction:RELATIVE parallelization:True bagging:False baggingNumbers:3 considerEpsilonTube:False baggingTestDataFraction:50 useBackward:False abortError:1 limitFeatureSize:False featureSizeTreshold:4 quadraticFunctionSupport:True crossValidation:False crossValidation-k:5 learn-logFunction:False learn-accumulatedLogFunction:False learn-asymFunction:False learn-ratioFunction:False learn-mirrowedFunction:False learn-numeric-disabled:True numberOfRounds:70 backwardErrorDelta:1 minImprovementPerRound:0.1 withHierarchy:False bruteForceCandidates:False ignoreBadFeatures:False stopOnLongRound:True candidateSizePenalty:True learnTimeLimit:00:00:00 scoreMeasure:RELERROR outputRoundsToStdout:False debug:False pythonInfluenceAnalysis:False blacklisted: 
command: solver z3
command: vm /scratch/kallistos/Distance-Based_Data/SupplementaryWebsite/MeasuredPerformanceValues/Hipacc/FeatureModel.xml
Warning: Variability model contains outdated notation. Children nodes will no longer have effect on the model. Instead use the parent node to describe the parent of an configuration option. You can also use the converter providedby the Variability Model GUI in export>convert legacy model.
Warning: Default value nodes in models are no longer used and should be removed. You can also use the converter provided by the Variability Model GUI in export>convert legacy model to update your model.
command: all /scratch/kallistos/Distance-Based_Data/SupplementaryWebsite/MeasuredPerformanceValues/Hipacc/measurements.xml
Configs with too large deviation: 0
13485 configurations loaded.
command: binary grammar-based numConfigs:50 seed:83
command: printconfigs ./sampledConfigurations_grammarBased_t1.csv
invalid number: 16135 respective config: API, CUDA, TextureMemory, Linear1D, LocalMemory, Blocksize, bs_64x16, padding, padding_128, pixelPerThread, pixelPerThread_4, root
invalid number: 8525 respective config: API, OpenCL, TextureMemory, Array2D, LocalMemory, Blocksize, bs_256x2, padding, padding_192, pixelPerThread, pixelPerThread_2, root
invalid number: 20221 respective config: API, CUDA, TextureMemory, Array2D, Blocksize, bs_32x32, padding, padding_192, pixelPerThread, pixelPerThread_2, root
invalid number: 2029 respective config: API, OpenCL, TextureMemory, Linear1D, LocalMemory, Blocksize, bs_128x2, padding, padding_448, pixelPerThread, pixelPerThread_2, root
invalid number: 21089 respective config: API, CUDA, TextureMemory, Array2D, Blocksize, bs_32x4, padding, padding_64, pixelPerThread, pixelPerThread_2, root
invalid number: 26479 respective config: API, CUDA, TextureMemory, Blocksize, bs_256x4, padding, padding_192, pixelPerThread, pixelPerThread_4, root
invalid number: 16434 respective config: API, CUDA, TextureMemory, Linear1D, LocalMemory, Blocksize, bs_128x8, padding, padding_352, pixelPerThread, pixelPerThread_3, root
invalid number: 22683 respective config: API, CUDA, TextureMemory, Array2D, LocalMemory, Blocksize, bs_64x8, padding, padding_288, pixelPerThread, pixelPerThread_4, root
invalid number: 559 respective config: API, OpenCL, TextureMemory, Linear1D, Blocksize, bs_128x2, padding, padding_96, pixelPerThread, pixelPerThread_4, root
invalid number: 27875 respective config: API, CUDA, TextureMemory, LocalMemory, Blocksize, bs_128x8, padding, padding_480, pixelPerThread, pixelPerThread_4, root
invalid number: 22361 respective config: API, CUDA, TextureMemory, Array2D, LocalMemory, Blocksize, bs_512x2, padding, padding_448, pixelPerThread, pixelPerThread_2, root
invalid number: 10221 respective config: API, OpenCL, TextureMemory, Ldg, LocalMemory, Blocksize, bs_32x32, padding, padding_160, pixelPerThread, pixelPerThread_2, root
invalid number: 28179 respective config: API, CUDA, TextureMemory, LocalMemory, Blocksize, bs_32x2, padding, padding_192, pixelPerThread, pixelPerThread_4, root
invalid number: 12307 respective config: API, OpenCL, TextureMemory, Blocksize, bs_512x1, padding, padding_512, pixelPerThread, pixelPerThread_4, root
invalid number: 3643 respective config: API, OpenCL, TextureMemory, Linear2D, Blocksize, bs_256x4, padding, padding_288, pixelPerThread, pixelPerThread_4, root
invalid number: 21963 respective config: API, CUDA, TextureMemory, Array2D, LocalMemory, Blocksize, bs_128x1, padding, padding_512, pixelPerThread, pixelPerThread_4, root
invalid number: 2927 respective config: API, OpenCL, TextureMemory, Linear2D, Blocksize, bs_32x8, padding, padding_0, pixelPerThread, pixelPerThread_4, root
invalid number: 6042 respective config: API, OpenCL, TextureMemory, Array2D, Blocksize, bs_64x1, padding, padding_448, pixelPerThread, pixelPerThread_3, root
invalid number: 2753 respective config: API, OpenCL, TextureMemory, Linear1D, LocalMemory, Blocksize, bs_256x1, padding, padding_256, pixelPerThread, pixelPerThread_2, root
invalid number: 28036 respective config: API, CUDA, TextureMemory, LocalMemory, Blocksize, bs_512x2, padding, padding_160, pixelPerThread, pixelPerThread_1, root
invalid number: 27357 respective config: API, CUDA, TextureMemory, LocalMemory, Blocksize, bs_32x32, padding, padding_160, pixelPerThread, pixelPerThread_2, root
invalid number: 27953 respective config: API, CUDA, TextureMemory, LocalMemory, Blocksize, bs_512x1, padding, padding_32, pixelPerThread, pixelPerThread_2, root
invalid number: 20205 respective config: API, CUDA, TextureMemory, Array2D, Blocksize, bs_32x32, padding, padding_64, pixelPerThread, pixelPerThread_2, root
invalid number: 1671 respective config: API, OpenCL, TextureMemory, Linear1D, LocalMemory, Blocksize, bs_32x32, padding, padding_288, pixelPerThread, pixelPerThread_4, root
invalid number: 21196 respective config: API, CUDA, TextureMemory, Array2D, Blocksize, bs_64x2, padding, padding_384, pixelPerThread, pixelPerThread_1, root
invalid number: 22681 respective config: API, CUDA, TextureMemory, Array2D, LocalMemory, Blocksize, bs_64x8, padding, padding_288, pixelPerThread, pixelPerThread_2, root
invalid number: 10005 respective config: API, OpenCL, TextureMemory, Ldg, LocalMemory, Blocksize, bs_32x1, padding, padding_64, pixelPerThread, pixelPerThread_2, root
invalid number: 2097 respective config: API, OpenCL, TextureMemory, Linear1D, LocalMemory, Blocksize, bs_128x4, padding, padding_448, pixelPerThread, pixelPerThread_2, root
invalid number: 1345 respective config: API, OpenCL, TextureMemory, Linear1D, Blocksize, bs_256x1, padding, padding_416, pixelPerThread, pixelPerThread_2, root
invalid number: 7027 respective config: API, OpenCL, TextureMemory, Array2D, Blocksize, bs_256x1, padding, padding_160, pixelPerThread, pixelPerThread_4, root
invalid number: 20274 respective config: API, CUDA, TextureMemory, Array2D, Blocksize, bs_64x1, padding, padding_64, pixelPerThread, pixelPerThread_3, root
invalid number: 5171 respective config: API, OpenCL, TextureMemory, Linear2D, LocalMemory, Blocksize, bs_512x2, padding, padding_0, pixelPerThread, pixelPerThread_4, root
invalid number: 27863 respective config: API, CUDA, TextureMemory, LocalMemory, Blocksize, bs_128x8, padding, padding_384, pixelPerThread, pixelPerThread_4, root
invalid number: 993 respective config: API, OpenCL, TextureMemory, Linear1D, Blocksize, bs_1024x1, padding, padding_320, pixelPerThread, pixelPerThread_2, root
invalid number: 16487 respective config: API, CUDA, TextureMemory, Linear1D, LocalMemory, Blocksize, bs_256x4, padding, padding_224, pixelPerThread, pixelPerThread_4, root
invalid number: 28048 respective config: API, CUDA, TextureMemory, LocalMemory, Blocksize, bs_512x2, padding, padding_256, pixelPerThread, pixelPerThread_1, root
invalid number: 44 respective config: API, OpenCL, TextureMemory, Linear1D, Blocksize, bs_32x1, padding, padding_352, pixelPerThread, pixelPerThread_1, root
invalid number: 8979 respective config: API, OpenCL, TextureMemory, Ldg, Blocksize, bs_64x16, padding, padding_0, pixelPerThread, pixelPerThread_4, root
invalid number: 13564 respective config: API, OpenCL, TextureMemory, LocalMemory, Blocksize, bs_128x8, padding, padding_256, pixelPerThread, pixelPerThread_1, root
invalid number: 16619 respective config: API, CUDA, TextureMemory, Linear1D, LocalMemory, Blocksize, bs_512x2, padding, padding_192, pixelPerThread, pixelPerThread_4, root
invalid number: 28527 respective config: API, CUDA, TextureMemory, LocalMemory, Blocksize, bs_256x2, padding, padding_256, pixelPerThread, pixelPerThread_4, root
invalid number: 10619 respective config: API, OpenCL, TextureMemory, Ldg, LocalMemory, Blocksize, bs_128x4, padding, padding_64, pixelPerThread, pixelPerThread_4, root
invalid number: 3203 respective config: API, OpenCL, TextureMemory, Linear2D, Blocksize, bs_64x4, padding, padding_32, pixelPerThread, pixelPerThread_4, root
invalid number: 13149 respective config: API, OpenCL, TextureMemory, LocalMemory, Blocksize, bs_64x1, padding, padding_192, pixelPerThread, pixelPerThread_2, root
invalid number: 812 respective config: API, OpenCL, TextureMemory, Linear1D, Blocksize, bs_256x4, padding, padding_512, pixelPerThread, pixelPerThread_1, root
invalid number: 8340 respective config: API, OpenCL, TextureMemory, Array2D, LocalMemory, Blocksize, bs_64x2, padding, padding_352, pixelPerThread, pixelPerThread_1, root
invalid number: 13599 respective config: API, OpenCL, TextureMemory, LocalMemory, Blocksize, bs_128x8, padding, padding_512, pixelPerThread, pixelPerThread_4, root
invalid number: 4506 respective config: API, OpenCL, TextureMemory, Linear2D, LocalMemory, Blocksize, bs_32x32, padding, padding_128, pixelPerThread, pixelPerThread_3, root
invalid number: 5055 respective config: API, OpenCL, TextureMemory, Linear2D, LocalMemory, Blocksize, bs_256x4, padding, padding_160, pixelPerThread, pixelPerThread_4, root
invalid number: 2777 respective config: API, OpenCL, TextureMemory, Linear1D, LocalMemory, Blocksize, bs_256x1, padding, padding_448, pixelPerThread, pixelPerThread_2, root
invalid number: 2192 respective config: API, OpenCL, TextureMemory, Linear1D, LocalMemory, Blocksize, bs_256x4, padding, padding_128, pixelPerThread, pixelPerThread_1, root
invalid number: 16694 respective config: API, CUDA, TextureMemory, Linear1D, LocalMemory, Blocksize, bs_1024x1, padding, padding_256, pixelPerThread, pixelPerThread_3, root
invalid number: 6339 respective config: API, OpenCL, TextureMemory, Array2D, Blocksize, bs_128x4, padding, padding_96, pixelPerThread, pixelPerThread_4, root
invalid number: 6187 respective config: API, OpenCL, TextureMemory, Array2D, Blocksize, bs_64x16, padding, padding_512, pixelPerThread, pixelPerThread_4, root
invalid number: 27413 respective config: API, CUDA, TextureMemory, LocalMemory, Blocksize, bs_64x1, padding, padding_64, pixelPerThread, pixelPerThread_2, root
invalid number: 27448 respective config: API, CUDA, TextureMemory, LocalMemory, Blocksize, bs_64x1, padding, padding_352, pixelPerThread, pixelPerThread_1, root
invalid number: 5287 respective config: API, OpenCL, TextureMemory, Linear2D, LocalMemory, Blocksize, bs_1024x1, padding, padding_384, pixelPerThread, pixelPerThread_4, root
invalid number: 784 respective config: API, OpenCL, TextureMemory, Linear1D, Blocksize, bs_256x4, padding, padding_288, pixelPerThread, pixelPerThread_1, root
invalid number: 12111 respective config: API, OpenCL, TextureMemory, Blocksize, bs_128x8, padding, padding_32, pixelPerThread, pixelPerThread_4, root
invalid number: 2212 respective config: API, OpenCL, TextureMemory, Linear1D, LocalMemory, Blocksize, bs_256x4, padding, padding_288, pixelPerThread, pixelPerThread_1, root
invalid number: 19366 respective config: API, CUDA, TextureMemory, Linear2D, LocalMemory, Blocksize, bs_256x4, padding, padding_416, pixelPerThread, pixelPerThread_3, root
invalid number: 22697 respective config: API, CUDA, TextureMemory, Array2D, LocalMemory, Blocksize, bs_64x8, padding, padding_416, pixelPerThread, pixelPerThread_2, root
invalid number: 11376 respective config: API, OpenCL, TextureMemory, Ldg, LocalMemory, Blocksize, bs_256x2, padding, padding_160, pixelPerThread, pixelPerThread_1, root
invalid number: 26545 respective config: API, CUDA, TextureMemory, Blocksize, bs_512x1, padding, padding_192, pixelPerThread, pixelPerThread_2, root
invalid number: 289 respective config: API, OpenCL, TextureMemory, Linear1D, Blocksize, bs_64x1, padding, padding_128, pixelPerThread, pixelPerThread_2, root
invalid number: 14137 respective config: API, OpenCL, TextureMemory, LocalMemory, Blocksize, bs_64x8, padding, padding_480, pixelPerThread, pixelPerThread_2, root
invalid number: 26717 respective config: API, CUDA, TextureMemory, Blocksize, bs_1024x1, padding, padding_480, pixelPerThread, pixelPerThread_2, root
invalid number: 26316 respective config: API, CUDA, TextureMemory, Blocksize, bs_128x4, padding, padding_0, pixelPerThread, pixelPerThread_1, root
invalid number: 22369 respective config: API, CUDA, TextureMemory, Array2D, LocalMemory, Blocksize, bs_512x2, padding, padding_512, pixelPerThread, pixelPerThread_2, root
invalid number: 21084 respective config: API, CUDA, TextureMemory, Array2D, Blocksize, bs_32x4, padding, padding_32, pixelPerThread, pixelPerThread_1, root
invalid number: 12433 respective config: API, OpenCL, TextureMemory, Blocksize, bs_1024x1, padding, padding_448, pixelPerThread, pixelPerThread_2, root
invalid number: 24715 respective config: API, CUDA, TextureMemory, Ldg, LocalMemory, Blocksize, bs_64x16, padding, padding_224, pixelPerThread, pixelPerThread_4, root
invalid number: 28408 respective config: API, CUDA, TextureMemory, LocalMemory, Blocksize, bs_64x8, padding, padding_416, pixelPerThread, pixelPerThread_1, root
invalid number: 16607 respective config: API, CUDA, TextureMemory, Linear1D, LocalMemory, Blocksize, bs_512x2, padding, padding_96, pixelPerThread, pixelPerThread_4, root
invalid number: 2976 respective config: API, OpenCL, TextureMemory, Linear2D, Blocksize, bs_32x8, padding, padding_416, pixelPerThread, pixelPerThread_1, root
invalid number: 20274 respective config: API, CUDA, TextureMemory, Array2D, Blocksize, bs_64x1, padding, padding_64, pixelPerThread, pixelPerThread_3, root
invalid number: 2115 respective config: API, OpenCL, TextureMemory, Linear1D, LocalMemory, Blocksize, bs_128x8, padding, padding_32, pixelPerThread, pixelPerThread_4, root
invalid number: 9435 respective config: API, OpenCL, TextureMemory, Ldg, Blocksize, bs_512x1, padding, padding_384, pixelPerThread, pixelPerThread_4, root
invalid number: 4916 respective config: API, OpenCL, TextureMemory, Linear2D, LocalMemory, Blocksize, bs_128x4, padding, padding_160, pixelPerThread, pixelPerThread_1, root
invalid number: 5258 respective config: API, OpenCL, TextureMemory, Linear2D, LocalMemory, Blocksize, bs_1024x1, padding, padding_160, pixelPerThread, pixelPerThread_3, root
invalid number: 4087 respective config: API, OpenCL, TextureMemory, Linear2D, Blocksize, bs_64x8, padding, padding_32, pixelPerThread, pixelPerThread_4, root
invalid number: 5884 respective config: API, OpenCL, TextureMemory, Array2D, Blocksize, bs_32x16, padding, padding_288, pixelPerThread, pixelPerThread_1, root
invalid number: 10264 respective config: API, OpenCL, TextureMemory, Ldg, LocalMemory, Blocksize, bs_32x32, padding, padding_512, pixelPerThread, pixelPerThread_1, root
invalid number: 8374 respective config: API, OpenCL, TextureMemory, Array2D, LocalMemory, Blocksize, bs_64x8, padding, padding_64, pixelPerThread, pixelPerThread_3, root
invalid number: 25931 respective config: API, CUDA, TextureMemory, Blocksize, bs_32x32, padding, padding_160, pixelPerThread, pixelPerThread_4, root
invalid number: 15971 respective config: API, CUDA, TextureMemory, Linear1D, LocalMemory, Blocksize, bs_32x32, padding, padding_448, pixelPerThread, pixelPerThread_4, root
invalid number: 11657 respective config: API, OpenCL, TextureMemory, Blocksize, bs_32x32, padding, padding_224, pixelPerThread, pixelPerThread_2, root
invalid number: 11003 respective config: API, OpenCL, TextureMemory, Ldg, LocalMemory, Blocksize, bs_1024x1, padding, padding_416, pixelPerThread, pixelPerThread_4, root
invalid number: 22459 respective config: API, CUDA, TextureMemory, Array2D, LocalMemory, Blocksize, bs_32x2, padding, padding_128, pixelPerThread, pixelPerThread_4, root
invalid number: 21415 respective config: API, CUDA, TextureMemory, Array2D, Blocksize, bs_256x2, padding, padding_480, pixelPerThread, pixelPerThread_4, root
invalid number: 2867 respective config: API, OpenCL, TextureMemory, Linear2D, Blocksize, bs_32x1, padding, padding_64, pixelPerThread, pixelPerThread_4, root
invalid number: 19270 respective config: API, CUDA, TextureMemory, Linear2D, LocalMemory, Blocksize, bs_128x8, padding, padding_192, pixelPerThread, pixelPerThread_3, root
invalid number: 27916 respective config: API, CUDA, TextureMemory, LocalMemory, Blocksize, bs_256x4, padding, padding_288, pixelPerThread, pixelPerThread_1, root
invalid number: 22001 respective config: API, CUDA, TextureMemory, Array2D, LocalMemory, Blocksize, bs_128x2, padding, padding_288, pixelPerThread, pixelPerThread_2, root
invalid number: 27938 respective config: API, CUDA, TextureMemory, LocalMemory, Blocksize, bs_256x4, padding, padding_448, pixelPerThread, pixelPerThread_3, root
invalid number: 13360 respective config: API, OpenCL, TextureMemory, LocalMemory, Blocksize, bs_128x1, padding, padding_256, pixelPerThread, pixelPerThread_1, root
invalid number: 1288 respective config: API, OpenCL, TextureMemory, Linear1D, Blocksize, bs_64x8, padding, padding_512, pixelPerThread, pixelPerThread_1, root
invalid number: 13565 respective config: API, OpenCL, TextureMemory, LocalMemory, Blocksize, bs_128x8, padding, padding_256, pixelPerThread, pixelPerThread_2, root
invalid number: 7399 respective config: API, OpenCL, TextureMemory, Array2D, LocalMemory, Blocksize, bs_32x32, padding, padding_416, pixelPerThread, pixelPerThread_4, root
invalid number: 5870 respective config: API, OpenCL, TextureMemory, Array2D, Blocksize, bs_32x16, padding, padding_160, pixelPerThread, pixelPerThread_3, root
invalid number: 6141 respective config: API, OpenCL, TextureMemory, Array2D, Blocksize, bs_64x16, padding, padding_160, pixelPerThread, pixelPerThread_2, root
invalid number: 13806 respective config: API, OpenCL, TextureMemory, LocalMemory, Blocksize, bs_1024x1, padding, padding_0, pixelPerThread, pixelPerThread_3, root
invalid number: 11816 respective config: API, OpenCL, TextureMemory, Blocksize, bs_64x4, padding, padding_416, pixelPerThread, pixelPerThread_1, root
invalid number: 2634 respective config: API, OpenCL, TextureMemory, Linear1D, LocalMemory, Blocksize, bs_64x2, padding, padding_384, pixelPerThread, pixelPerThread_3, root
invalid number: 455 respective config: API, OpenCL, TextureMemory, Linear1D, Blocksize, bs_64x16, padding, padding_352, pixelPerThread, pixelPerThread_4, root
invalid number: 20795 respective config: API, CUDA, TextureMemory, Array2D, Blocksize, bs_256x4, padding, padding_416, pixelPerThread, pixelPerThread_4, root
invalid number: 4400 respective config: API, OpenCL, TextureMemory, Linear2D, LocalMemory, Blocksize, bs_32x8, padding, padding_384, pixelPerThread, pixelPerThread_1, root
invalid number: 27208 respective config: API, CUDA, TextureMemory, LocalMemory, Blocksize, bs_32x8, padding, padding_64, pixelPerThread, pixelPerThread_1, root
invalid number: 5735 respective config: API, OpenCL, TextureMemory, Array2D, Blocksize, bs_32x1, padding, padding_160, pixelPerThread, pixelPerThread_4, root
invalid number: 13136 respective config: API, OpenCL, TextureMemory, LocalMemory, Blocksize, bs_64x1, padding, padding_96, pixelPerThread, pixelPerThread_1, root
invalid number: 28316 respective config: API, CUDA, TextureMemory, LocalMemory, Blocksize, bs_64x2, padding, padding_224, pixelPerThread, pixelPerThread_1, root
invalid number: 21337 respective config: API, CUDA, TextureMemory, Array2D, Blocksize, bs_256x1, padding, padding_416, pixelPerThread, pixelPerThread_2, root
invalid number: 10104 respective config: API, OpenCL, TextureMemory, Ldg, LocalMemory, Blocksize, bs_32x8, padding, padding_320, pixelPerThread, pixelPerThread_1, root
invalid number: 5351 respective config: API, OpenCL, TextureMemory, Linear2D, LocalMemory, Blocksize, bs_32x2, padding, padding_352, pixelPerThread, pixelPerThread_4, root
invalid number: 28021 respective config: API, CUDA, TextureMemory, LocalMemory, Blocksize, bs_512x2, padding, padding_32, pixelPerThread, pixelPerThread_2, root
invalid number: 3528 respective config: API, OpenCL, TextureMemory, Linear2D, Blocksize, bs_128x4, padding, padding_480, pixelPerThread, pixelPerThread_1, root
invalid number: 8378 respective config: API, OpenCL, TextureMemory, Array2D, LocalMemory, Blocksize, bs_64x8, padding, padding_96, pixelPerThread, pixelPerThread_3, root
invalid number: 22538 respective config: API, CUDA, TextureMemory, Array2D, LocalMemory, Blocksize, bs_32x4, padding, padding_224, pixelPerThread, pixelPerThread_3, root
invalid number: 5637 respective config: API, OpenCL, TextureMemory, Linear2D, LocalMemory, Blocksize, bs_256x1, padding, padding_480, pixelPerThread, pixelPerThread_2, root
invalid number: 555 respective config: API, OpenCL, TextureMemory, Linear1D, Blocksize, bs_128x2, padding, padding_64, pixelPerThread, pixelPerThread_4, root
invalid number: 11714 respective config: API, OpenCL, TextureMemory, Blocksize, bs_64x1, padding, padding_128, pixelPerThread, pixelPerThread_3, root
invalid number: 8623 respective config: API, OpenCL, TextureMemory, Ldg, Blocksize, bs_32x1, padding, padding_416, pixelPerThread, pixelPerThread_4, root
invalid number: 20157 respective config: API, CUDA, TextureMemory, Array2D, Blocksize, bs_32x16, padding, padding_224, pixelPerThread, pixelPerThread_2, root
invalid number: 6983 respective config: API, OpenCL, TextureMemory, Array2D, Blocksize, bs_64x8, padding, padding_352, pixelPerThread, pixelPerThread_4, root
invalid number: 22046 respective config: API, CUDA, TextureMemory, Array2D, LocalMemory, Blocksize, bs_128x4, padding, padding_96, pixelPerThread, pixelPerThread_3, root
ConfigurationSampling done in 1638 ms
28560
LocalMemory ::= (ε, 1) | (LocalMemory, 1) Symbolkind: TERMINAL
root ::= (API, 2)   (TextureMemory, 5)   (LocalMemory, 2)   (Blocksize, 21)   (padding, 17)   (pixelPerThread, 4) Symbolkind: NONTERMINAL
API ::= (OpenCL, 1) | (CUDA, 1) Symbolkind: TERMINAL
TextureMemoryInvis ::= (ε, 1) Symbolkind: TERMINAL
TextureMemory ::= (Linear1D, 1) | (Linear2D, 1) | (Array2D, 1) | (Ldg, 1) | (TextureMemoryInvis, 1) Symbolkind: TERMINAL
Blocksize ::= (bs_32x1, 1) | (bs_32x8, 1) | (bs_32x16, 1) | (bs_32x32, 1) | (bs_64x1, 1) | (bs_64x4, 1) | (bs_64x16, 1) | (bs_128x1, 1) | (bs_128x2, 1) | (bs_128x4, 1) | (bs_128x8, 1) | (bs_256x4, 1) | (bs_512x1, 1) | (bs_512x2, 1) | (bs_1024x1, 1) | (bs_32x2, 1) | (bs_32x4, 1) | (bs_64x2, 1) | (bs_64x8, 1) | (bs_256x1, 1) | (bs_256x2, 1) Symbolkind: TERMINAL
padding ::= (padding_0, 1) | (padding_32, 1) | (padding_64, 1) | (padding_96, 1) | (padding_128, 1) | (padding_160, 1) | (padding_192, 1) | (padding_224, 1) | (padding_256, 1) | (padding_288, 1) | (padding_320, 1) | (padding_352, 1) | (padding_384, 1) | (padding_416, 1) | (padding_448, 1) | (padding_480, 1) | (padding_512, 1) Symbolkind: TERMINAL
pixelPerThread ::= (pixelPerThread_1, 1) | (pixelPerThread_2, 1) | (pixelPerThread_3, 1) | (pixelPerThread_4, 1) Symbolkind: TERMINAL

command: clean-sampling
command: clean-global
command: script ./learn_grammarBased_t2.a
command: log ./out_grammarBased_t2.log
