Current machine learning settings: epsilon:0 lossFunction:RELATIVE parallelization:True bagging:False baggingNumbers:3 considerEpsilonTube:False baggingTestDataFraction:50 useBackward:False abortError:1 limitFeatureSize:False featureSizeTreshold:4 quadraticFunctionSupport:True crossValidation:False crossValidation-k:5 learn-logFunction:False learn-accumulatedLogFunction:False learn-asymFunction:False learn-ratioFunction:False learn-mirrowedFunction:False learn-numeric-disabled:True numberOfRounds:70 backwardErrorDelta:1 minImprovementPerRound:0.1 withHierarchy:False bruteForceCandidates:False ignoreBadFeatures:False stopOnLongRound:True candidateSizePenalty:True learnTimeLimit:00:00:00 scoreMeasure:RELERROR outputRoundsToStdout:False debug:False pythonInfluenceAnalysis:False blacklisted: 
command: solver z3
command: vm /scratch/kallistos/Distance-Based_Data/SupplementaryWebsite/MeasuredPerformanceValues/LLVM/FeatureModel.xml
Warning: Variability model contains outdated notation. Children nodes will no longer have effect on the model. Instead use the parent node to describe the parent of an configuration option. You can also use the converter providedby the Variability Model GUI in export>convert legacy model.
command: all /scratch/kallistos/Distance-Based_Data/SupplementaryWebsite/MeasuredPerformanceValues/LLVM/measurements.xml
Configs with too large deviation: 0
1024 configurations loaded.
command: nfp Performance
command: setsampleset /scratch/kallistos/Distance-Based_Data/Results/LLVM/LLVM_14/sampledConfigurations_divDistBased_t1.csv
command: learn-splconqueror-opt abortError=[1] minImprovementPerRound=[0.1,0.2,0.5] lossFunction=[RELATIVE] quadraticFunctionSupport=[True,False] learn_logFunction=[True,False] learn_asymFunction=[True,False] learn_ratioFunction=[True,False] withHierarchy=[False] useBackward=[False]
Learning: NumberOfConfigurationsLearning:11 NumberOfConfigurationsValidation:11
Learning progress:
1;234.8 * time_passes + 19.2672222222219 * inline;1.44499871311126;1.44499871311126;1.44499871311126;1.44499871311126;0.052081;2;19.2672222222219 * inline;1;2.78861840255934;
2;235.162424242424 * time_passes + 19.3880303030301 * inline + -0.724848484848536 * instcombine;1.3834701690138;1.3834701690138;1.3834701690138;1.3834701690138;0.058822;3;-0.724848484848536 * instcombine;1;0.0615285440974616;
Elapsed=00:00:00.0606111
Learning progress:
1;245.275833333333 * time_passes + 9.48283333333319 * sccp;0.491979498200286;0.491979498200286;0.491979498200286;0.491979498200286;0.001139;2;9.48283333333319 * sccp;1;4.20049418145707;
Elapsed=00:00:00.0012331
Learning progress:
1;234.92 * time_passes + 19.7816666666663 * inline;0.602180544863025;0.602180544863025;0.602180544863025;0.602180544863025;0.001373;2;19.7816666666663 * inline;1;4.75043923492006;
Elapsed=00:00:00.0014663
Learning progress:
1;234.68 * time_passes + 20.8391666666663 * inline;0.951313622856808;0.951313622856808;0.951313622856808;0.951313622856808;0.001213;2;20.8391666666663 * inline;1;5.22838611782499;
Elapsed=00:00:00.0013018
Learning progress:
1;252.594 * time_passes + -3.64983333333333 * ipsccp;0.37883319788059;0.37883319788059;0.37883319788059;0.37883319788059;0.001141;2;-3.64983333333333 * ipsccp;1;3.25369957957434;
Elapsed=00:00:00.0012228
Learning progress:
1;234.8 * time_passes + 19.2672222222219 * inline;1.44499871311126;1.44499871311126;1.44499871311126;1.44499871311126;0.002246;2;19.2672222222219 * inline;1;2.78861840255934;
2;235.162424242424 * time_passes + 19.3880303030301 * inline + -0.724848484848536 * instcombine;1.3834701690138;1.3834701690138;1.3834701690138;1.3834701690138;0.005988;3;-0.724848484848536 * instcombine;1;0.0615285440974616;
Elapsed=00:00:00.0061071
Learning progress:
1;245.275833333333 * time_passes + 9.48283333333319 * sccp;0.491979498200286;0.491979498200286;0.491979498200286;0.491979498200286;0.002817;2;9.48283333333319 * sccp;1;4.20049418145707;
Elapsed=00:00:00.0029116
Learning progress:
1;234.92 * time_passes + 19.7816666666663 * inline;0.602180544863025;0.602180544863025;0.602180544863025;0.602180544863025;0.001385;2;19.7816666666663 * inline;1;4.75043923492006;
Elapsed=00:00:00.0014871
Learning progress:
1;234.68 * time_passes + 20.8391666666663 * inline;0.951313622856808;0.951313622856808;0.951313622856808;0.951313622856808;0.001643;2;20.8391666666663 * inline;1;5.22838611782499;
Elapsed=00:00:00.0017322
Learning progress:
1;252.594 * time_passes + -3.64983333333333 * ipsccp;0.37883319788059;0.37883319788059;0.37883319788059;0.37883319788059;0.001561;2;-3.64983333333333 * ipsccp;1;3.25369957957434;
Elapsed=00:00:00.0016447
Learning progress:
1;234.8 * time_passes + 19.2672222222219 * inline;1.44499871311126;1.44499871311126;1.44499871311126;1.44499871311126;0.002393;2;19.2672222222219 * inline;1;2.78861840255934;
2;235.162424242424 * time_passes + 19.3880303030301 * inline + -0.724848484848536 * instcombine;1.3834701690138;1.3834701690138;1.3834701690138;1.3834701690138;0.006206;3;-0.724848484848536 * instcombine;1;0.0615285440974616;
Elapsed=00:00:00.0063321
Learning progress:
1;245.275833333333 * time_passes + 9.48283333333319 * sccp;0.491979498200286;0.491979498200286;0.491979498200286;0.491979498200286;0.001353;2;9.48283333333319 * sccp;1;4.20049418145707;
Elapsed=00:00:00.0014456
Learning progress:
1;234.92 * time_passes + 19.7816666666663 * inline;0.602180544863025;0.602180544863025;0.602180544863025;0.602180544863025;0.001237;2;19.7816666666663 * inline;1;4.75043923492006;
Elapsed=00:00:00.0013268
Learning progress:
1;234.68 * time_passes + 20.8391666666663 * inline;0.951313622856808;0.951313622856808;0.951313622856808;0.951313622856808;0.001625;2;20.8391666666663 * inline;1;5.22838611782499;
Elapsed=00:00:00.0017131
Learning progress:
1;252.594 * time_passes + -3.64983333333333 * ipsccp;0.37883319788059;0.37883319788059;0.37883319788059;0.37883319788059;0.001386;2;-3.64983333333333 * ipsccp;1;3.25369957957434;
Elapsed=00:00:00.0014866
Learning progress:
1;234.8 * time_passes + 19.2672222222219 * inline;1.44499871311126;1.44499871311126;1.44499871311126;1.44499871311126;0.00139;2;19.2672222222219 * inline;1;2.78861840255934;
2;235.162424242424 * time_passes + 19.3880303030301 * inline + -0.724848484848536 * instcombine;1.3834701690138;1.3834701690138;1.3834701690138;1.3834701690138;0.005257;3;-0.724848484848536 * instcombine;1;0.0615285440974616;
Elapsed=00:00:00.0053764
Learning progress:
1;245.275833333333 * time_passes + 9.48283333333319 * sccp;0.491979498200286;0.491979498200286;0.491979498200286;0.491979498200286;0.001265;2;9.48283333333319 * sccp;1;4.20049418145707;
Elapsed=00:00:00.0013563
Learning progress:
1;234.92 * time_passes + 19.7816666666663 * inline;0.602180544863025;0.602180544863025;0.602180544863025;0.602180544863025;0.001214;2;19.7816666666663 * inline;1;4.75043923492006;
Elapsed=00:00:00.0013033
Learning progress:
1;234.68 * time_passes + 20.8391666666663 * inline;0.951313622856808;0.951313622856808;0.951313622856808;0.951313622856808;0.001454;2;20.8391666666663 * inline;1;5.22838611782499;
Elapsed=00:00:00.0015430
Learning progress:
1;252.594 * time_passes + -3.64983333333333 * ipsccp;0.37883319788059;0.37883319788059;0.37883319788059;0.37883319788059;0.00125;2;-3.64983333333333 * ipsccp;1;3.25369957957434;
Elapsed=00:00:00.0013334
Learning progress:
1;234.8 * time_passes + 19.2672222222219 * inline;1.44499871311126;1.44499871311126;1.44499871311126;1.44499871311126;0.001478;2;19.2672222222219 * inline;1;2.78861840255934;
2;235.162424242424 * time_passes + 19.3880303030301 * inline + -0.724848484848536 * instcombine;1.3834701690138;1.3834701690138;1.3834701690138;1.3834701690138;0.005276;3;-0.724848484848536 * instcombine;1;0.0615285440974616;
Elapsed=00:00:00.0053945
Learning progress:
1;245.275833333333 * time_passes + 9.48283333333319 * sccp;0.491979498200286;0.491979498200286;0.491979498200286;0.491979498200286;0.00144;2;9.48283333333319 * sccp;1;4.20049418145707;
Elapsed=00:00:00.0015309
Learning progress:
1;234.92 * time_passes + 19.7816666666663 * inline;0.602180544863025;0.602180544863025;0.602180544863025;0.602180544863025;0.001373;2;19.7816666666663 * inline;1;4.75043923492006;
Elapsed=00:00:00.0014623
Learning progress:
1;234.68 * time_passes + 20.8391666666663 * inline;0.951313622856808;0.951313622856808;0.951313622856808;0.951313622856808;0.001164;2;20.8391666666663 * inline;1;5.22838611782499;
Elapsed=00:00:00.0012533
Learning progress:
1;252.594 * time_passes + -3.64983333333333 * ipsccp;0.37883319788059;0.37883319788059;0.37883319788059;0.37883319788059;0.001312;2;-3.64983333333333 * ipsccp;1;3.25369957957434;
Elapsed=00:00:00.0013945
Learning progress:
1;234.8 * time_passes + 19.2672222222219 * inline;1.44499871311126;1.44499871311126;1.44499871311126;1.44499871311126;0.001567;2;19.2672222222219 * inline;1;2.78861840255934;
2;235.162424242424 * time_passes + 19.3880303030301 * inline + -0.724848484848536 * instcombine;1.3834701690138;1.3834701690138;1.3834701690138;1.3834701690138;0.005958;3;-0.724848484848536 * instcombine;1;0.0615285440974616;
Elapsed=00:00:00.0060794
Learning progress:
1;245.275833333333 * time_passes + 9.48283333333319 * sccp;0.491979498200286;0.491979498200286;0.491979498200286;0.491979498200286;0.001232;2;9.48283333333319 * sccp;1;4.20049418145707;
Elapsed=00:00:00.0013207
Learning progress:
1;234.92 * time_passes + 19.7816666666663 * inline;0.602180544863025;0.602180544863025;0.602180544863025;0.602180544863025;0.001263;2;19.7816666666663 * inline;1;4.75043923492006;
Elapsed=00:00:00.0013525
Learning progress:
1;234.68 * time_passes + 20.8391666666663 * inline;0.951313622856808;0.951313622856808;0.951313622856808;0.951313622856808;0.001411;2;20.8391666666663 * inline;1;5.22838611782499;
Elapsed=00:00:00.0014997
Learning progress:
1;252.594 * time_passes + -3.64983333333333 * ipsccp;0.37883319788059;0.37883319788059;0.37883319788059;0.37883319788059;0.001272;2;-3.64983333333333 * ipsccp;1;3.25369957957434;
Elapsed=00:00:00.0013544
Learning progress:
1;234.8 * time_passes + 19.2672222222219 * inline;1.44499871311126;1.44499871311126;1.44499871311126;1.44499871311126;0.001396;2;19.2672222222219 * inline;1;2.78861840255934;
2;235.162424242424 * time_passes + 19.3880303030301 * inline + -0.724848484848536 * instcombine;1.3834701690138;1.3834701690138;1.3834701690138;1.3834701690138;0.005225;3;-0.724848484848536 * instcombine;1;0.0615285440974616;
Elapsed=00:00:00.0053447
Learning progress:
1;245.275833333333 * time_passes + 9.48283333333319 * sccp;0.491979498200286;0.491979498200286;0.491979498200286;0.491979498200286;0.001401;2;9.48283333333319 * sccp;1;4.20049418145707;
Elapsed=00:00:00.0014921
Learning progress:
1;234.92 * time_passes + 19.7816666666663 * inline;0.602180544863025;0.602180544863025;0.602180544863025;0.602180544863025;0.001414;2;19.7816666666663 * inline;1;4.75043923492006;
Elapsed=00:00:00.0015043
Learning progress:
1;234.68 * time_passes + 20.8391666666663 * inline;0.951313622856808;0.951313622856808;0.951313622856808;0.951313622856808;0.001148;2;20.8391666666663 * inline;1;5.22838611782499;
Elapsed=00:00:00.0012354
Learning progress:
1;252.594 * time_passes + -3.64983333333333 * ipsccp;0.37883319788059;0.37883319788059;0.37883319788059;0.37883319788059;0.001309;2;-3.64983333333333 * ipsccp;1;3.25369957957434;
Elapsed=00:00:00.0013921
Learning progress:
1;234.8 * time_passes + 19.2672222222219 * inline;1.44499871311126;1.44499871311126;1.44499871311126;1.44499871311126;0.001239;2;19.2672222222219 * inline;1;2.78861840255934;
2;235.162424242424 * time_passes + 19.3880303030301 * inline + -0.724848484848536 * instcombine;1.3834701690138;1.3834701690138;1.3834701690138;1.3834701690138;0.005122;3;-0.724848484848536 * instcombine;1;0.0615285440974616;
Elapsed=00:00:00.0052411
Learning progress:
1;245.275833333333 * time_passes + 9.48283333333319 * sccp;0.491979498200286;0.491979498200286;0.491979498200286;0.491979498200286;0.001209;2;9.48283333333319 * sccp;1;4.20049418145707;
Elapsed=00:00:00.0012992
Learning progress:
1;234.92 * time_passes + 19.7816666666663 * inline;0.602180544863025;0.602180544863025;0.602180544863025;0.602180544863025;0.001465;2;19.7816666666663 * inline;1;4.75043923492006;
Elapsed=00:00:00.0015560
Learning progress:
1;234.68 * time_passes + 20.8391666666663 * inline;0.951313622856808;0.951313622856808;0.951313622856808;0.951313622856808;0.001288;2;20.8391666666663 * inline;1;5.22838611782499;
Elapsed=00:00:00.0013861
Learning progress:
1;252.594 * time_passes + -3.64983333333333 * ipsccp;0.37883319788059;0.37883319788059;0.37883319788059;0.37883319788059;0.001824;2;-3.64983333333333 * ipsccp;1;3.25369957957434;
Elapsed=00:00:00.0019305
Learning progress:
1;234.8 * time_passes + 19.2672222222219 * inline;1.44499871311126;1.44499871311126;1.44499871311126;1.44499871311126;0.001511;2;19.2672222222219 * inline;1;2.78861840255934;
2;235.162424242424 * time_passes + 19.3880303030301 * inline + -0.724848484848536 * instcombine;1.3834701690138;1.3834701690138;1.3834701690138;1.3834701690138;0.005306;3;-0.724848484848536 * instcombine;1;0.0615285440974616;
Elapsed=00:00:00.0054535
Learning progress:
1;245.275833333333 * time_passes + 9.48283333333319 * sccp;0.491979498200286;0.491979498200286;0.491979498200286;0.491979498200286;0.001346;2;9.48283333333319 * sccp;1;4.20049418145707;
Elapsed=00:00:00.0014348
Learning progress:
1;234.92 * time_passes + 19.7816666666663 * inline;0.602180544863025;0.602180544863025;0.602180544863025;0.602180544863025;0.001271;2;19.7816666666663 * inline;1;4.75043923492006;
Elapsed=00:00:00.0013598
Learning progress:
1;234.68 * time_passes + 20.8391666666663 * inline;0.951313622856808;0.951313622856808;0.951313622856808;0.951313622856808;0.00116;2;20.8391666666663 * inline;1;5.22838611782499;
Elapsed=00:00:00.0012486
Learning progress:
1;252.594 * time_passes + -3.64983333333333 * ipsccp;0.37883319788059;0.37883319788059;0.37883319788059;0.37883319788059;0.001931;2;-3.64983333333333 * ipsccp;1;3.25369957957434;
Elapsed=00:00:00.0020155
Learning progress:
1;234.8 * time_passes + 19.2672222222219 * inline;1.44499871311126;1.44499871311126;1.44499871311126;1.44499871311126;0.001248;2;19.2672222222219 * inline;1;2.78861840255934;
2;235.162424242424 * time_passes + 19.3880303030301 * inline + -0.724848484848536 * instcombine;1.3834701690138;1.3834701690138;1.3834701690138;1.3834701690138;0.005283;3;-0.724848484848536 * instcombine;1;0.0615285440974616;
Elapsed=00:00:00.0054166
Learning progress:
1;245.275833333333 * time_passes + 9.48283333333319 * sccp;0.491979498200286;0.491979498200286;0.491979498200286;0.491979498200286;0.001257;2;9.48283333333319 * sccp;1;4.20049418145707;
Elapsed=00:00:00.0013480
Learning progress:
1;234.92 * time_passes + 19.7816666666663 * inline;0.602180544863025;0.602180544863025;0.602180544863025;0.602180544863025;0.001258;2;19.7816666666663 * inline;1;4.75043923492006;
Elapsed=00:00:00.0013484
Learning progress:
1;234.68 * time_passes + 20.8391666666663 * inline;0.951313622856808;0.951313622856808;0.951313622856808;0.951313622856808;0.001164;2;20.8391666666663 * inline;1;5.22838611782499;
Elapsed=00:00:00.0012517
Learning progress:
1;252.594 * time_passes + -3.64983333333333 * ipsccp;0.37883319788059;0.37883319788059;0.37883319788059;0.37883319788059;0.002068;2;-3.64983333333333 * ipsccp;1;3.25369957957434;
Elapsed=00:00:00.0021517
Learning progress:
1;234.8 * time_passes + 19.2672222222219 * inline;1.44499871311126;1.44499871311126;1.44499871311126;1.44499871311126;0.001249;2;19.2672222222219 * inline;1;2.78861840255934;
2;235.162424242424 * time_passes + 19.3880303030301 * inline + -0.724848484848536 * instcombine;1.3834701690138;1.3834701690138;1.3834701690138;1.3834701690138;0.005103;3;-0.724848484848536 * instcombine;1;0.0615285440974616;
Elapsed=00:00:00.0052202
Learning progress:
1;245.275833333333 * time_passes + 9.48283333333319 * sccp;0.491979498200286;0.491979498200286;0.491979498200286;0.491979498200286;0.001287;2;9.48283333333319 * sccp;1;4.20049418145707;
Elapsed=00:00:00.0013769
Learning progress:
1;234.92 * time_passes + 19.7816666666663 * inline;0.602180544863025;0.602180544863025;0.602180544863025;0.602180544863025;0.001156;2;19.7816666666663 * inline;1;4.75043923492006;
Elapsed=00:00:00.0012453
Learning progress:
1;234.68 * time_passes + 20.8391666666663 * inline;0.951313622856808;0.951313622856808;0.951313622856808;0.951313622856808;0.001371;2;20.8391666666663 * inline;1;5.22838611782499;
Elapsed=00:00:00.0014694
Learning progress:
1;252.594 * time_passes + -3.64983333333333 * ipsccp;0.37883319788059;0.37883319788059;0.37883319788059;0.37883319788059;0.001999;2;-3.64983333333333 * ipsccp;1;3.25369957957434;
Elapsed=00:00:00.0020822
Learning progress:
1;234.8 * time_passes + 19.2672222222219 * inline;1.44499871311126;1.44499871311126;1.44499871311126;1.44499871311126;0.001347;2;19.2672222222219 * inline;1;2.78861840255934;
2;235.162424242424 * time_passes + 19.3880303030301 * inline + -0.724848484848536 * instcombine;1.3834701690138;1.3834701690138;1.3834701690138;1.3834701690138;0.005124;3;-0.724848484848536 * instcombine;1;0.0615285440974616;
Elapsed=00:00:00.0052434
Learning progress:
1;245.275833333333 * time_passes + 9.48283333333319 * sccp;0.491979498200286;0.491979498200286;0.491979498200286;0.491979498200286;0.001098;2;9.48283333333319 * sccp;1;4.20049418145707;
Elapsed=00:00:00.0011884
Learning progress:
1;234.92 * time_passes + 19.7816666666663 * inline;0.602180544863025;0.602180544863025;0.602180544863025;0.602180544863025;0.001123;2;19.7816666666663 * inline;1;4.75043923492006;
Elapsed=00:00:00.0012261
Learning progress:
1;234.68 * time_passes + 20.8391666666663 * inline;0.951313622856808;0.951313622856808;0.951313622856808;0.951313622856808;0.001152;2;20.8391666666663 * inline;1;5.22838611782499;
Elapsed=00:00:00.0012391
Learning progress:
1;252.594 * time_passes + -3.64983333333333 * ipsccp;0.37883319788059;0.37883319788059;0.37883319788059;0.37883319788059;0.001954;2;-3.64983333333333 * ipsccp;1;3.25369957957434;
Elapsed=00:00:00.0020374
Learning progress:
1;234.8 * time_passes + 19.2672222222219 * inline;1.44499871311126;1.44499871311126;1.44499871311126;1.44499871311126;0.001374;2;19.2672222222219 * inline;1;2.78861840255934;
2;235.162424242424 * time_passes + 19.3880303030301 * inline + -0.724848484848536 * instcombine;1.3834701690138;1.3834701690138;1.3834701690138;1.3834701690138;0.005237;3;-0.724848484848536 * instcombine;1;0.0615285440974616;
Elapsed=00:00:00.0053562
Learning progress:
1;245.275833333333 * time_passes + 9.48283333333319 * sccp;0.491979498200286;0.491979498200286;0.491979498200286;0.491979498200286;0.001258;2;9.48283333333319 * sccp;1;4.20049418145707;
Elapsed=00:00:00.0013487
Learning progress:
1;234.92 * time_passes + 19.7816666666663 * inline;0.602180544863025;0.602180544863025;0.602180544863025;0.602180544863025;0.001148;2;19.7816666666663 * inline;1;4.75043923492006;
Elapsed=00:00:00.0012383
Learning progress:
1;234.68 * time_passes + 20.8391666666663 * inline;0.951313622856808;0.951313622856808;0.951313622856808;0.951313622856808;0.001168;2;20.8391666666663 * inline;1;5.22838611782499;
Elapsed=00:00:00.0012561
Learning progress:
1;252.594 * time_passes + -3.64983333333333 * ipsccp;0.37883319788059;0.37883319788059;0.37883319788059;0.37883319788059;0.00196;2;-3.64983333333333 * ipsccp;1;3.25369957957434;
Elapsed=00:00:00.0020444
Learning progress:
1;234.8 * time_passes + 19.2672222222219 * inline;1.44499871311126;1.44499871311126;1.44499871311126;1.44499871311126;0.001283;2;19.2672222222219 * inline;1;2.78861840255934;
2;235.162424242424 * time_passes + 19.3880303030301 * inline + -0.724848484848536 * instcombine;1.3834701690138;1.3834701690138;1.3834701690138;1.3834701690138;0.00508;3;-0.724848484848536 * instcombine;1;0.0615285440974616;
Elapsed=00:00:00.0052047
Learning progress:
1;245.275833333333 * time_passes + 9.48283333333319 * sccp;0.491979498200286;0.491979498200286;0.491979498200286;0.491979498200286;0.001201;2;9.48283333333319 * sccp;1;4.20049418145707;
Elapsed=00:00:00.0012920
Learning progress:
1;234.92 * time_passes + 19.7816666666663 * inline;0.602180544863025;0.602180544863025;0.602180544863025;0.602180544863025;0.001225;2;19.7816666666663 * inline;1;4.75043923492006;
Elapsed=00:00:00.0013156
Learning progress:
1;234.68 * time_passes + 20.8391666666663 * inline;0.951313622856808;0.951313622856808;0.951313622856808;0.951313622856808;0.001241;2;20.8391666666663 * inline;1;5.22838611782499;
Elapsed=00:00:00.0013394
Learning progress:
1;252.594 * time_passes + -3.64983333333333 * ipsccp;0.37883319788059;0.37883319788059;0.37883319788059;0.37883319788059;0.002075;2;-3.64983333333333 * ipsccp;1;3.25369957957434;
Elapsed=00:00:00.0021598
Learning progress:
1;234.8 * time_passes + 19.2672222222219 * inline;1.44499871311126;1.44499871311126;1.44499871311126;1.44499871311126;0.001246;2;19.2672222222219 * inline;1;2.78861840255934;
2;235.162424242424 * time_passes + 19.3880303030301 * inline + -0.724848484848536 * instcombine;1.3834701690138;1.3834701690138;1.3834701690138;1.3834701690138;0.005019;3;-0.724848484848536 * instcombine;1;0.0615285440974616;
Elapsed=00:00:00.0051385
Learning progress:
1;245.275833333333 * time_passes + 9.48283333333319 * sccp;0.491979498200286;0.491979498200286;0.491979498200286;0.491979498200286;0.001125;2;9.48283333333319 * sccp;1;4.20049418145707;
Elapsed=00:00:00.0012158
Learning progress:
1;234.92 * time_passes + 19.7816666666663 * inline;0.602180544863025;0.602180544863025;0.602180544863025;0.602180544863025;0.001231;2;19.7816666666663 * inline;1;4.75043923492006;
Elapsed=00:00:00.0013203
Learning progress:
1;234.68 * time_passes + 20.8391666666663 * inline;0.951313622856808;0.951313622856808;0.951313622856808;0.951313622856808;0.001361;2;20.8391666666663 * inline;1;5.22838611782499;
Elapsed=00:00:00.0014497
Learning progress:
1;252.594 * time_passes + -3.64983333333333 * ipsccp;0.37883319788059;0.37883319788059;0.37883319788059;0.37883319788059;0.001854;2;-3.64983333333333 * ipsccp;1;3.25369957957434;
Elapsed=00:00:00.0019370
Learning progress:
1;234.8 * time_passes + 19.2672222222219 * inline;1.44499871311126;1.44499871311126;1.44499871311126;1.44499871311126;0.001254;2;19.2672222222219 * inline;1;2.78861840255934;
2;235.162424242424 * time_passes + 19.3880303030301 * inline + -0.724848484848536 * instcombine;1.3834701690138;1.3834701690138;1.3834701690138;1.3834701690138;0.005072;3;-0.724848484848536 * instcombine;1;0.0615285440974616;
Elapsed=00:00:00.0051915
Learning progress:
1;245.275833333333 * time_passes + 9.48283333333319 * sccp;0.491979498200286;0.491979498200286;0.491979498200286;0.491979498200286;0.001291;2;9.48283333333319 * sccp;1;4.20049418145707;
Elapsed=00:00:00.0013807
Learning progress:
1;234.92 * time_passes + 19.7816666666663 * inline;0.602180544863025;0.602180544863025;0.602180544863025;0.602180544863025;0.001123;2;19.7816666666663 * inline;1;4.75043923492006;
Elapsed=00:00:00.0012121
Learning progress:
1;234.68 * time_passes + 20.8391666666663 * inline;0.951313622856808;0.951313622856808;0.951313622856808;0.951313622856808;0.001183;2;20.8391666666663 * inline;1;5.22838611782499;
Elapsed=00:00:00.0012705
Learning progress:
1;252.594 * time_passes + -3.64983333333333 * ipsccp;0.37883319788059;0.37883319788059;0.37883319788059;0.37883319788059;0.001981;2;-3.64983333333333 * ipsccp;1;3.25369957957434;
Elapsed=00:00:00.0020663
Learning progress:
1;234.8 * time_passes + 19.2672222222219 * inline;1.44499871311126;1.44499871311126;1.44499871311126;1.44499871311126;0.001382;2;19.2672222222219 * inline;1;2.78861840255934;
2;235.162424242424 * time_passes + 19.3880303030301 * inline + -0.724848484848536 * instcombine;1.3834701690138;1.3834701690138;1.3834701690138;1.3834701690138;0.005152;3;-0.724848484848536 * instcombine;1;0.0615285440974616;
Elapsed=00:00:00.0052726
Learning progress:
1;245.275833333333 * time_passes + 9.48283333333319 * sccp;0.491979498200286;0.491979498200286;0.491979498200286;0.491979498200286;0.001262;2;9.48283333333319 * sccp;1;4.20049418145707;
Elapsed=00:00:00.0013524
Learning progress:
1;234.92 * time_passes + 19.7816666666663 * inline;0.602180544863025;0.602180544863025;0.602180544863025;0.602180544863025;0.001113;2;19.7816666666663 * inline;1;4.75043923492006;
Elapsed=00:00:00.0012039
Learning progress:
1;234.68 * time_passes + 20.8391666666663 * inline;0.951313622856808;0.951313622856808;0.951313622856808;0.951313622856808;0.001183;2;20.8391666666663 * inline;1;5.22838611782499;
Elapsed=00:00:00.0012712
Learning progress:
1;252.594 * time_passes + -3.64983333333333 * ipsccp;0.37883319788059;0.37883319788059;0.37883319788059;0.37883319788059;0.001788;2;-3.64983333333333 * ipsccp;1;3.25369957957434;
Elapsed=00:00:00.0018713
Learning progress:
1;234.8 * time_passes + 19.2672222222219 * inline;1.44499871311126;1.44499871311126;1.44499871311126;1.44499871311126;0.001394;2;19.2672222222219 * inline;1;2.78861840255934;
2;235.162424242424 * time_passes + 19.3880303030301 * inline + -0.724848484848536 * instcombine;1.3834701690138;1.3834701690138;1.3834701690138;1.3834701690138;0.005274;3;-0.724848484848536 * instcombine;1;0.0615285440974616;
Elapsed=00:00:00.0053931
Learning progress:
1;245.275833333333 * time_passes + 9.48283333333319 * sccp;0.491979498200286;0.491979498200286;0.491979498200286;0.491979498200286;0.001259;2;9.48283333333319 * sccp;1;4.20049418145707;
Elapsed=00:00:00.0013477
Learning progress:
1;234.92 * time_passes + 19.7816666666663 * inline;0.602180544863025;0.602180544863025;0.602180544863025;0.602180544863025;0.001131;2;19.7816666666663 * inline;1;4.75043923492006;
Elapsed=00:00:00.0012195
Learning progress:
1;234.68 * time_passes + 20.8391666666663 * inline;0.951313622856808;0.951313622856808;0.951313622856808;0.951313622856808;0.001241;2;20.8391666666663 * inline;1;5.22838611782499;
Elapsed=00:00:00.0013333
Learning progress:
1;252.594 * time_passes + -3.64983333333333 * ipsccp;0.37883319788059;0.37883319788059;0.37883319788059;0.37883319788059;0.001151;2;-3.64983333333333 * ipsccp;1;3.25369957957434;
Elapsed=00:00:00.0012345
Learning progress:
1;234.8 * time_passes + 19.2672222222219 * inline;1.44499871311126;1.44499871311126;1.44499871311126;1.44499871311126;0.001388;2;19.2672222222219 * inline;1;2.78861840255934;
2;235.162424242424 * time_passes + 19.3880303030301 * inline + -0.724848484848536 * instcombine;1.3834701690138;1.3834701690138;1.3834701690138;1.3834701690138;0.005153;3;-0.724848484848536 * instcombine;1;0.0615285440974616;
Elapsed=00:00:00.0052717
Learning progress:
1;245.275833333333 * time_passes + 9.48283333333319 * sccp;0.491979498200286;0.491979498200286;0.491979498200286;0.491979498200286;0.001098;2;9.48283333333319 * sccp;1;4.20049418145707;
Elapsed=00:00:00.0011890
Learning progress:
1;234.92 * time_passes + 19.7816666666663 * inline;0.602180544863025;0.602180544863025;0.602180544863025;0.602180544863025;0.001094;2;19.7816666666663 * inline;1;4.75043923492006;
Elapsed=00:00:00.0011845
Learning progress:
1;234.68 * time_passes + 20.8391666666663 * inline;0.951313622856808;0.951313622856808;0.951313622856808;0.951313622856808;0.001326;2;20.8391666666663 * inline;1;5.22838611782499;
Elapsed=00:00:00.0014138
Learning progress:
1;252.594 * time_passes + -3.64983333333333 * ipsccp;0.37883319788059;0.37883319788059;0.37883319788059;0.37883319788059;0.001403;2;-3.64983333333333 * ipsccp;1;3.25369957957434;
Elapsed=00:00:00.0014865
Learning progress:
1;234.8 * time_passes + 19.2672222222219 * inline;1.44499871311126;1.44499871311126;1.44499871311126;1.44499871311126;0.001249;2;19.2672222222219 * inline;1;2.78861840255934;
2;235.162424242424 * time_passes + 19.3880303030301 * inline + -0.724848484848536 * instcombine;1.3834701690138;1.3834701690138;1.3834701690138;1.3834701690138;0.005021;3;-0.724848484848536 * instcombine;1;0.0615285440974616;
Elapsed=00:00:00.0051403
Learning progress:
1;245.275833333333 * time_passes + 9.48283333333319 * sccp;0.491979498200286;0.491979498200286;0.491979498200286;0.491979498200286;0.001161;2;9.48283333333319 * sccp;1;4.20049418145707;
Elapsed=00:00:00.0012500
Learning progress:
1;234.92 * time_passes + 19.7816666666663 * inline;0.602180544863025;0.602180544863025;0.602180544863025;0.602180544863025;0.001235;2;19.7816666666663 * inline;1;4.75043923492006;
Elapsed=00:00:00.0013237
Learning progress:
1;234.68 * time_passes + 20.8391666666663 * inline;0.951313622856808;0.951313622856808;0.951313622856808;0.951313622856808;0.001156;2;20.8391666666663 * inline;1;5.22838611782499;
Elapsed=00:00:00.0012458
Learning progress:
1;252.594 * time_passes + -3.64983333333333 * ipsccp;0.37883319788059;0.37883319788059;0.37883319788059;0.37883319788059;0.001143;2;-3.64983333333333 * ipsccp;1;3.25369957957434;
Elapsed=00:00:00.0012355
Learning progress:
1;234.8 * time_passes + 19.2672222222219 * inline;1.44499871311126;1.44499871311126;1.44499871311126;1.44499871311126;0.001262;2;19.2672222222219 * inline;1;2.78861840255934;
2;235.162424242424 * time_passes + 19.3880303030301 * inline + -0.724848484848536 * instcombine;1.3834701690138;1.3834701690138;1.3834701690138;1.3834701690138;0.005033;3;-0.724848484848536 * instcombine;1;0.0615285440974616;
Elapsed=00:00:00.0051530
Learning progress:
1;245.275833333333 * time_passes + 9.48283333333319 * sccp;0.491979498200286;0.491979498200286;0.491979498200286;0.491979498200286;0.001103;2;9.48283333333319 * sccp;1;4.20049418145707;
Elapsed=00:00:00.0011952
Learning progress:
1;234.92 * time_passes + 19.7816666666663 * inline;0.602180544863025;0.602180544863025;0.602180544863025;0.602180544863025;0.001141;2;19.7816666666663 * inline;1;4.75043923492006;
Elapsed=00:00:00.0012316
Learning progress:
1;234.68 * time_passes + 20.8391666666663 * inline;0.951313622856808;0.951313622856808;0.951313622856808;0.951313622856808;0.001216;2;20.8391666666663 * inline;1;5.22838611782499;
Elapsed=00:00:00.0013049
Learning progress:
1;252.594 * time_passes + -3.64983333333333 * ipsccp;0.37883319788059;0.37883319788059;0.37883319788059;0.37883319788059;0.001133;2;-3.64983333333333 * ipsccp;1;3.25369957957434;
Elapsed=00:00:00.0012166
Learning progress:
1;234.8 * time_passes + 19.2672222222219 * inline;1.44499871311126;1.44499871311126;1.44499871311126;1.44499871311126;0.001334;2;19.2672222222219 * inline;1;2.78861840255934;
2;235.162424242424 * time_passes + 19.3880303030301 * inline + -0.724848484848536 * instcombine;1.3834701690138;1.3834701690138;1.3834701690138;1.3834701690138;0.005117;3;-0.724848484848536 * instcombine;1;0.0615285440974616;
Elapsed=00:00:00.0052361
Learning progress:
1;245.275833333333 * time_passes + 9.48283333333319 * sccp;0.491979498200286;0.491979498200286;0.491979498200286;0.491979498200286;0.001164;2;9.48283333333319 * sccp;1;4.20049418145707;
Elapsed=00:00:00.0012553
Learning progress:
1;234.92 * time_passes + 19.7816666666663 * inline;0.602180544863025;0.602180544863025;0.602180544863025;0.602180544863025;0.001083;2;19.7816666666663 * inline;1;4.75043923492006;
Elapsed=00:00:00.0011726
Learning progress:
1;234.68 * time_passes + 20.8391666666663 * inline;0.951313622856808;0.951313622856808;0.951313622856808;0.951313622856808;0.001307;2;20.8391666666663 * inline;1;5.22838611782499;
Elapsed=00:00:00.0013952
Learning progress:
1;252.594 * time_passes + -3.64983333333333 * ipsccp;0.37883319788059;0.37883319788059;0.37883319788059;0.37883319788059;0.001161;2;-3.64983333333333 * ipsccp;1;3.25369957957434;
Elapsed=00:00:00.0012444
Learning progress:
1;234.8 * time_passes + 19.2672222222219 * inline;1.44499871311126;1.44499871311126;1.44499871311126;1.44499871311126;0.00123;2;19.2672222222219 * inline;1;2.78861840255934;
2;235.162424242424 * time_passes + 19.3880303030301 * inline + -0.724848484848536 * instcombine;1.3834701690138;1.3834701690138;1.3834701690138;1.3834701690138;0.005001;3;-0.724848484848536 * instcombine;1;0.0615285440974616;
Elapsed=00:00:00.0051207
Learning progress:
1;245.275833333333 * time_passes + 9.48283333333319 * sccp;0.491979498200286;0.491979498200286;0.491979498200286;0.491979498200286;0.001154;2;9.48283333333319 * sccp;1;4.20049418145707;
Elapsed=00:00:00.0012467
Learning progress:
1;234.92 * time_passes + 19.7816666666663 * inline;0.602180544863025;0.602180544863025;0.602180544863025;0.602180544863025;0.001127;2;19.7816666666663 * inline;1;4.75043923492006;
Elapsed=00:00:00.0012172
Learning progress:
1;234.68 * time_passes + 20.8391666666663 * inline;0.951313622856808;0.951313622856808;0.951313622856808;0.951313622856808;0.001192;2;20.8391666666663 * inline;1;5.22838611782499;
Elapsed=00:00:00.0012811
Learning progress:
1;252.594 * time_passes + -3.64983333333333 * ipsccp;0.37883319788059;0.37883319788059;0.37883319788059;0.37883319788059;0.001174;2;-3.64983333333333 * ipsccp;1;3.25369957957434;
Elapsed=00:00:00.0012665
Learning progress:
1;234.8 * time_passes + 19.2672222222219 * inline;1.44499871311126;1.44499871311126;1.44499871311126;1.44499871311126;0.001298;2;19.2672222222219 * inline;1;2.78861840255934;
2;235.162424242424 * time_passes + 19.3880303030301 * inline + -0.724848484848536 * instcombine;1.3834701690138;1.3834701690138;1.3834701690138;1.3834701690138;0.005093;3;-0.724848484848536 * instcombine;1;0.0615285440974616;
Elapsed=00:00:00.0052119
Learning progress:
1;245.275833333333 * time_passes + 9.48283333333319 * sccp;0.491979498200286;0.491979498200286;0.491979498200286;0.491979498200286;0.001207;2;9.48283333333319 * sccp;1;4.20049418145707;
Elapsed=00:00:00.0012979
Learning progress:
1;234.92 * time_passes + 19.7816666666663 * inline;0.602180544863025;0.602180544863025;0.602180544863025;0.602180544863025;0.001119;2;19.7816666666663 * inline;1;4.75043923492006;
Elapsed=00:00:00.0012081
Learning progress:
1;234.68 * time_passes + 20.8391666666663 * inline;0.951313622856808;0.951313622856808;0.951313622856808;0.951313622856808;0.001196;2;20.8391666666663 * inline;1;5.22838611782499;
Elapsed=00:00:00.0012835
Learning progress:
1;252.594 * time_passes + -3.64983333333333 * ipsccp;0.37883319788059;0.37883319788059;0.37883319788059;0.37883319788059;0.001152;2;-3.64983333333333 * ipsccp;1;3.25369957957434;
Elapsed=00:00:00.0012347
Learning progress:
1;234.8 * time_passes + 19.2672222222219 * inline;1.44499871311126;1.44499871311126;1.44499871311126;1.44499871311126;0.001242;2;19.2672222222219 * inline;1;2.78861840255934;
2;235.162424242424 * time_passes + 19.3880303030301 * inline + -0.724848484848536 * instcombine;1.3834701690138;1.3834701690138;1.3834701690138;1.3834701690138;0.005014;3;-0.724848484848536 * instcombine;1;0.0615285440974616;
Elapsed=00:00:00.0051333
Learning progress:
1;245.275833333333 * time_passes + 9.48283333333319 * sccp;0.491979498200286;0.491979498200286;0.491979498200286;0.491979498200286;0.001148;2;9.48283333333319 * sccp;1;4.20049418145707;
Elapsed=00:00:00.0012391
Learning progress:
1;234.92 * time_passes + 19.7816666666663 * inline;0.602180544863025;0.602180544863025;0.602180544863025;0.602180544863025;0.001302;2;19.7816666666663 * inline;1;4.75043923492006;
Elapsed=00:00:00.0013916
Learning progress:
1;234.68 * time_passes + 20.8391666666663 * inline;0.951313622856808;0.951313622856808;0.951313622856808;0.951313622856808;0.00118;2;20.8391666666663 * inline;1;5.22838611782499;
Elapsed=00:00:00.0012675
Learning progress:
1;252.594 * time_passes + -3.64983333333333 * ipsccp;0.37883319788059;0.37883319788059;0.37883319788059;0.37883319788059;0.001291;2;-3.64983333333333 * ipsccp;1;3.25369957957434;
Elapsed=00:00:00.0013741
Learning progress:
1;234.8 * time_passes + 19.2672222222219 * inline;1.44499871311126;1.44499871311126;1.44499871311126;1.44499871311126;0.001259;2;19.2672222222219 * inline;1;2.78861840255934;
2;235.162424242424 * time_passes + 19.3880303030301 * inline + -0.724848484848536 * instcombine;1.3834701690138;1.3834701690138;1.3834701690138;1.3834701690138;0.005061;3;-0.724848484848536 * instcombine;1;0.0615285440974616;
Elapsed=00:00:00.0051801
Learning progress:
1;245.275833333333 * time_passes + 9.48283333333319 * sccp;0.491979498200286;0.491979498200286;0.491979498200286;0.491979498200286;0.001185;2;9.48283333333319 * sccp;1;4.20049418145707;
Elapsed=00:00:00.0012762
Learning progress:
1;234.92 * time_passes + 19.7816666666663 * inline;0.602180544863025;0.602180544863025;0.602180544863025;0.602180544863025;0.001229;2;19.7816666666663 * inline;1;4.75043923492006;
Elapsed=00:00:00.0013194
Learning progress:
1;234.68 * time_passes + 20.8391666666663 * inline;0.951313622856808;0.951313622856808;0.951313622856808;0.951313622856808;0.001255;2;20.8391666666663 * inline;1;5.22838611782499;
Elapsed=00:00:00.0013601
Learning progress:
1;252.594 * time_passes + -3.64983333333333 * ipsccp;0.37883319788059;0.37883319788059;0.37883319788059;0.37883319788059;0.001142;2;-3.64983333333333 * ipsccp;1;3.25369957957434;
Elapsed=00:00:00.0012338
Learning progress:
1;234.8 * time_passes + 19.2672222222219 * inline;1.44499871311126;1.44499871311126;1.44499871311126;1.44499871311126;0.001257;2;19.2672222222219 * inline;1;2.78861840255934;
2;235.162424242424 * time_passes + 19.3880303030301 * inline + -0.724848484848536 * instcombine;1.3834701690138;1.3834701690138;1.3834701690138;1.3834701690138;0.004973;3;-0.724848484848536 * instcombine;1;0.0615285440974616;
Elapsed=00:00:00.0050935
Learning progress:
1;245.275833333333 * time_passes + 9.48283333333319 * sccp;0.491979498200286;0.491979498200286;0.491979498200286;0.491979498200286;0.001293;2;9.48283333333319 * sccp;1;4.20049418145707;
Elapsed=00:00:00.0013836
Learning progress:
1;234.92 * time_passes + 19.7816666666663 * inline;0.602180544863025;0.602180544863025;0.602180544863025;0.602180544863025;0.001309;2;19.7816666666663 * inline;1;4.75043923492006;
Elapsed=00:00:00.0013984
Learning progress:
1;234.68 * time_passes + 20.8391666666663 * inline;0.951313622856808;0.951313622856808;0.951313622856808;0.951313622856808;0.001178;2;20.8391666666663 * inline;1;5.22838611782499;
Elapsed=00:00:00.0012662
Learning progress:
1;252.594 * time_passes + -3.64983333333333 * ipsccp;0.37883319788059;0.37883319788059;0.37883319788059;0.37883319788059;0.001143;2;-3.64983333333333 * ipsccp;1;3.25369957957434;
Elapsed=00:00:00.0012259
Learning progress:
1;234.8 * time_passes + 19.2672222222219 * inline;1.44499871311126;1.44499871311126;1.44499871311126;1.44499871311126;0.001341;2;19.2672222222219 * inline;1;2.78861840255934;
2;235.162424242424 * time_passes + 19.3880303030301 * inline + -0.724848484848536 * instcombine;1.3834701690138;1.3834701690138;1.3834701690138;1.3834701690138;0.00513;3;-0.724848484848536 * instcombine;1;0.0615285440974616;
Elapsed=00:00:00.0052500
Learning progress:
1;245.275833333333 * time_passes + 9.48283333333319 * sccp;0.491979498200286;0.491979498200286;0.491979498200286;0.491979498200286;0.001205;2;9.48283333333319 * sccp;1;4.20049418145707;
Elapsed=00:00:00.0012951
Learning progress:
1;234.92 * time_passes + 19.7816666666663 * inline;0.602180544863025;0.602180544863025;0.602180544863025;0.602180544863025;0.001155;2;19.7816666666663 * inline;1;4.75043923492006;
Elapsed=00:00:00.0012456
Learning progress:
1;234.68 * time_passes + 20.8391666666663 * inline;0.951313622856808;0.951313622856808;0.951313622856808;0.951313622856808;0.001253;2;20.8391666666663 * inline;1;5.22838611782499;
Elapsed=00:00:00.0013416
Learning progress:
1;252.594 * time_passes + -3.64983333333333 * ipsccp;0.37883319788059;0.37883319788059;0.37883319788059;0.37883319788059;0.001153;2;-3.64983333333333 * ipsccp;1;3.25369957957434;
Elapsed=00:00:00.0012368
Learning progress:
1;234.8 * time_passes + 19.2672222222219 * inline;1.44499871311126;1.44499871311126;1.44499871311126;1.44499871311126;0.001352;2;19.2672222222219 * inline;1;2.78861840255934;
2;235.162424242424 * time_passes + 19.3880303030301 * inline + -0.724848484848536 * instcombine;1.3834701690138;1.3834701690138;1.3834701690138;1.3834701690138;0.005265;3;-0.724848484848536 * instcombine;1;0.0615285440974616;
Elapsed=00:00:00.0053851
Learning progress:
1;245.275833333333 * time_passes + 9.48283333333319 * sccp;0.491979498200286;0.491979498200286;0.491979498200286;0.491979498200286;0.001121;2;9.48283333333319 * sccp;1;4.20049418145707;
Elapsed=00:00:00.0012105
Learning progress:
1;234.92 * time_passes + 19.7816666666663 * inline;0.602180544863025;0.602180544863025;0.602180544863025;0.602180544863025;0.001153;2;19.7816666666663 * inline;1;4.75043923492006;
Elapsed=00:00:00.0012440
Learning progress:
1;234.68 * time_passes + 20.8391666666663 * inline;0.951313622856808;0.951313622856808;0.951313622856808;0.951313622856808;0.001252;2;20.8391666666663 * inline;1;5.22838611782499;
Elapsed=00:00:00.0013400
Learning progress:
1;252.594 * time_passes + -3.64983333333333 * ipsccp;0.37883319788059;0.37883319788059;0.37883319788059;0.37883319788059;0.001157;2;-3.64983333333333 * ipsccp;1;3.25369957957434;
Elapsed=00:00:00.0012393
Learning progress:
1;234.8 * time_passes + 19.2672222222219 * inline;1.44499871311126;1.44499871311126;1.44499871311126;1.44499871311126;0.001244;2;19.2672222222219 * inline;1;2.78861840255934;
2;235.162424242424 * time_passes + 19.3880303030301 * inline + -0.724848484848536 * instcombine;1.3834701690138;1.3834701690138;1.3834701690138;1.3834701690138;0.004929;3;-0.724848484848536 * instcombine;1;0.0615285440974616;
Elapsed=00:00:00.0050487
Learning progress:
1;245.275833333333 * time_passes + 9.48283333333319 * sccp;0.491979498200286;0.491979498200286;0.491979498200286;0.491979498200286;0.00131;2;9.48283333333319 * sccp;1;4.20049418145707;
Elapsed=00:00:00.0014005
Learning progress:
1;234.92 * time_passes + 19.7816666666663 * inline;0.602180544863025;0.602180544863025;0.602180544863025;0.602180544863025;0.001123;2;19.7816666666663 * inline;1;4.75043923492006;
Elapsed=00:00:00.0012132
Learning progress:
1;234.68 * time_passes + 20.8391666666663 * inline;0.951313622856808;0.951313622856808;0.951313622856808;0.951313622856808;0.001167;2;20.8391666666663 * inline;1;5.22838611782499;
Elapsed=00:00:00.0012543
Learning progress:
1;252.594 * time_passes + -3.64983333333333 * ipsccp;0.37883319788059;0.37883319788059;0.37883319788059;0.37883319788059;0.001169;2;-3.64983333333333 * ipsccp;1;3.25369957957434;
Elapsed=00:00:00.0012530
Learning progress:
1;234.8 * time_passes + 19.2672222222219 * inline;1.44499871311126;1.44499871311126;1.44499871311126;1.44499871311126;0.001239;2;19.2672222222219 * inline;1;2.78861840255934;
2;235.162424242424 * time_passes + 19.3880303030301 * inline + -0.724848484848536 * instcombine;1.3834701690138;1.3834701690138;1.3834701690138;1.3834701690138;0.005018;3;-0.724848484848536 * instcombine;1;0.0615285440974616;
Elapsed=00:00:00.0051368
Learning progress:
1;245.275833333333 * time_passes + 9.48283333333319 * sccp;0.491979498200286;0.491979498200286;0.491979498200286;0.491979498200286;0.00114;2;9.48283333333319 * sccp;1;4.20049418145707;
Elapsed=00:00:00.0012296
Learning progress:
1;234.92 * time_passes + 19.7816666666663 * inline;0.602180544863025;0.602180544863025;0.602180544863025;0.602180544863025;0.001155;2;19.7816666666663 * inline;1;4.75043923492006;
Elapsed=00:00:00.0012438
Learning progress:
1;234.68 * time_passes + 20.8391666666663 * inline;0.951313622856808;0.951313622856808;0.951313622856808;0.951313622856808;0.00117;2;20.8391666666663 * inline;1;5.22838611782499;
Elapsed=00:00:00.0012593
Learning progress:
1;252.594 * time_passes + -3.64983333333333 * ipsccp;0.37883319788059;0.37883319788059;0.37883319788059;0.37883319788059;0.00115;2;-3.64983333333333 * ipsccp;1;3.25369957957434;
Elapsed=00:00:00.0012340
Learning progress:
1;234.8 * time_passes + 19.2672222222219 * inline;1.44499871311126;1.44499871311126;1.44499871311126;1.44499871311126;0.001247;2;19.2672222222219 * inline;1;2.78861840255934;
2;235.162424242424 * time_passes + 19.3880303030301 * inline + -0.724848484848536 * instcombine;1.3834701690138;1.3834701690138;1.3834701690138;1.3834701690138;0.004925;3;-0.724848484848536 * instcombine;1;0.0615285440974616;
Elapsed=00:00:00.0050446
Learning progress:
1;245.275833333333 * time_passes + 9.48283333333319 * sccp;0.491979498200286;0.491979498200286;0.491979498200286;0.491979498200286;0.001103;2;9.48283333333319 * sccp;1;4.20049418145707;
Elapsed=00:00:00.0012109
Learning progress:
1;234.92 * time_passes + 19.7816666666663 * inline;0.602180544863025;0.602180544863025;0.602180544863025;0.602180544863025;0.001446;2;19.7816666666663 * inline;1;4.75043923492006;
Elapsed=00:00:00.0015378
Learning progress:
1;234.68 * time_passes + 20.8391666666663 * inline;0.951313622856808;0.951313622856808;0.951313622856808;0.951313622856808;0.001155;2;20.8391666666663 * inline;1;5.22838611782499;
Elapsed=00:00:00.0012428
Learning progress:
1;252.594 * time_passes + -3.64983333333333 * ipsccp;0.37883319788059;0.37883319788059;0.37883319788059;0.37883319788059;0.001113;2;-3.64983333333333 * ipsccp;1;3.25369957957434;
Elapsed=00:00:00.0011958
Learning progress:
1;234.8 * time_passes + 19.2672222222219 * inline;1.44499871311126;1.44499871311126;1.44499871311126;1.44499871311126;0.001198;2;19.2672222222219 * inline;1;2.78861840255934;
2;235.162424242424 * time_passes + 19.3880303030301 * inline + -0.724848484848536 * instcombine;1.3834701690138;1.3834701690138;1.3834701690138;1.3834701690138;0.005025;3;-0.724848484848536 * instcombine;1;0.0615285440974616;
Elapsed=00:00:00.0051499
Learning progress:
1;245.275833333333 * time_passes + 9.48283333333319 * sccp;0.491979498200286;0.491979498200286;0.491979498200286;0.491979498200286;0.001112;2;9.48283333333319 * sccp;1;4.20049418145707;
Elapsed=00:00:00.0012040
Learning progress:
1;234.92 * time_passes + 19.7816666666663 * inline;0.602180544863025;0.602180544863025;0.602180544863025;0.602180544863025;0.001318;2;19.7816666666663 * inline;1;4.75043923492006;
Elapsed=00:00:00.0014088
Learning progress:
1;234.68 * time_passes + 20.8391666666663 * inline;0.951313622856808;0.951313622856808;0.951313622856808;0.951313622856808;0.001212;2;20.8391666666663 * inline;1;5.22838611782499;
Elapsed=00:00:00.0013016
Learning progress:
1;252.594 * time_passes + -3.64983333333333 * ipsccp;0.37883319788059;0.37883319788059;0.37883319788059;0.37883319788059;0.001442;2;-3.64983333333333 * ipsccp;1;3.25369957957434;
Elapsed=00:00:00.0015250
Learning progress:
1;234.8 * time_passes + 19.2672222222219 * inline;1.44499871311126;1.44499871311126;1.44499871311126;1.44499871311126;0.001238;2;19.2672222222219 * inline;1;2.78861840255934;
2;235.162424242424 * time_passes + 19.3880303030301 * inline + -0.724848484848536 * instcombine;1.3834701690138;1.3834701690138;1.3834701690138;1.3834701690138;0.005015;3;-0.724848484848536 * instcombine;1;0.0615285440974616;
Elapsed=00:00:00.0051343
Learning progress:
1;245.275833333333 * time_passes + 9.48283333333319 * sccp;0.491979498200286;0.491979498200286;0.491979498200286;0.491979498200286;0.001286;2;9.48283333333319 * sccp;1;4.20049418145707;
Elapsed=00:00:00.0013772
Learning progress:
1;234.92 * time_passes + 19.7816666666663 * inline;0.602180544863025;0.602180544863025;0.602180544863025;0.602180544863025;0.001336;2;19.7816666666663 * inline;1;4.75043923492006;
Elapsed=00:00:00.0014250
Learning progress:
1;234.68 * time_passes + 20.8391666666663 * inline;0.951313622856808;0.951313622856808;0.951313622856808;0.951313622856808;0.001245;2;20.8391666666663 * inline;1;5.22838611782499;
Elapsed=00:00:00.0013351
Learning progress:
1;252.594 * time_passes + -3.64983333333333 * ipsccp;0.37883319788059;0.37883319788059;0.37883319788059;0.37883319788059;0.001285;2;-3.64983333333333 * ipsccp;1;3.25369957957434;
Elapsed=00:00:00.0013664
Learning progress:
1;234.8 * time_passes + 19.2672222222219 * inline;1.44499871311126;1.44499871311126;1.44499871311126;1.44499871311126;0.001434;2;19.2672222222219 * inline;1;2.78861840255934;
2;235.162424242424 * time_passes + 19.3880303030301 * inline + -0.724848484848536 * instcombine;1.3834701690138;1.3834701690138;1.3834701690138;1.3834701690138;0.005246;3;-0.724848484848536 * instcombine;1;0.0615285440974616;
Elapsed=00:00:00.0053665
Learning progress:
1;245.275833333333 * time_passes + 9.48283333333319 * sccp;0.491979498200286;0.491979498200286;0.491979498200286;0.491979498200286;0.001257;2;9.48283333333319 * sccp;1;4.20049418145707;
Elapsed=00:00:00.0013467
Learning progress:
1;234.92 * time_passes + 19.7816666666663 * inline;0.602180544863025;0.602180544863025;0.602180544863025;0.602180544863025;0.001319;2;19.7816666666663 * inline;1;4.75043923492006;
Elapsed=00:00:00.0014077
Learning progress:
1;234.68 * time_passes + 20.8391666666663 * inline;0.951313622856808;0.951313622856808;0.951313622856808;0.951313622856808;0.001889;2;20.8391666666663 * inline;1;5.22838611782499;
Elapsed=00:00:00.0019849
Learning progress:
1;252.594 * time_passes + -3.64983333333333 * ipsccp;0.37883319788059;0.37883319788059;0.37883319788059;0.37883319788059;0.001133;2;-3.64983333333333 * ipsccp;1;3.25369957957434;
Elapsed=00:00:00.0012138
Learning progress:
1;234.8 * time_passes + 19.2672222222219 * inline;1.44499871311126;1.44499871311126;1.44499871311126;1.44499871311126;0.001261;2;19.2672222222219 * inline;1;2.78861840255934;
2;235.162424242424 * time_passes + 19.3880303030301 * inline + -0.724848484848536 * instcombine;1.3834701690138;1.3834701690138;1.3834701690138;1.3834701690138;0.005044;3;-0.724848484848536 * instcombine;1;0.0615285440974616;
Elapsed=00:00:00.0051637
Learning progress:
1;245.275833333333 * time_passes + 9.48283333333319 * sccp;0.491979498200286;0.491979498200286;0.491979498200286;0.491979498200286;0.001109;2;9.48283333333319 * sccp;1;4.20049418145707;
Elapsed=00:00:00.0012009
Learning progress:
1;234.92 * time_passes + 19.7816666666663 * inline;0.602180544863025;0.602180544863025;0.602180544863025;0.602180544863025;0.001244;2;19.7816666666663 * inline;1;4.75043923492006;
Elapsed=00:00:00.0013343
Learning progress:
1;234.68 * time_passes + 20.8391666666663 * inline;0.951313622856808;0.951313622856808;0.951313622856808;0.951313622856808;0.001891;2;20.8391666666663 * inline;1;5.22838611782499;
Elapsed=00:00:00.0019815
Learning progress:
1;252.594 * time_passes + -3.64983333333333 * ipsccp;0.37883319788059;0.37883319788059;0.37883319788059;0.37883319788059;0.001142;2;-3.64983333333333 * ipsccp;1;3.25369957957434;
Elapsed=00:00:00.0012248
Learning progress:
1;234.8 * time_passes + 19.2672222222219 * inline;1.44499871311126;1.44499871311126;1.44499871311126;1.44499871311126;0.001399;2;19.2672222222219 * inline;1;2.78861840255934;
2;235.162424242424 * time_passes + 19.3880303030301 * inline + -0.724848484848536 * instcombine;1.3834701690138;1.3834701690138;1.3834701690138;1.3834701690138;0.005311;3;-0.724848484848536 * instcombine;1;0.0615285440974616;
Elapsed=00:00:00.0054318
Learning progress:
1;245.275833333333 * time_passes + 9.48283333333319 * sccp;0.491979498200286;0.491979498200286;0.491979498200286;0.491979498200286;0.001248;2;9.48283333333319 * sccp;1;4.20049418145707;
Elapsed=00:00:00.0013398
Learning progress:
1;234.92 * time_passes + 19.7816666666663 * inline;0.602180544863025;0.602180544863025;0.602180544863025;0.602180544863025;0.001326;2;19.7816666666663 * inline;1;4.75043923492006;
Elapsed=00:00:00.0014171
Learning progress:
1;234.68 * time_passes + 20.8391666666663 * inline;0.951313622856808;0.951313622856808;0.951313622856808;0.951313622856808;0.001968;2;20.8391666666663 * inline;1;5.22838611782499;
Elapsed=00:00:00.0020583
Learning progress:
1;252.594 * time_passes + -3.64983333333333 * ipsccp;0.37883319788059;0.37883319788059;0.37883319788059;0.37883319788059;0.001127;2;-3.64983333333333 * ipsccp;1;3.25369957957434;
Elapsed=00:00:00.0012095
Learning progress:
1;234.8 * time_passes + 19.2672222222219 * inline;1.44499871311126;1.44499871311126;1.44499871311126;1.44499871311126;0.001258;2;19.2672222222219 * inline;1;2.78861840255934;
2;235.162424242424 * time_passes + 19.3880303030301 * inline + -0.724848484848536 * instcombine;1.3834701690138;1.3834701690138;1.3834701690138;1.3834701690138;0.005031;3;-0.724848484848536 * instcombine;1;0.0615285440974616;
Elapsed=00:00:00.0051515
Learning progress:
1;245.275833333333 * time_passes + 9.48283333333319 * sccp;0.491979498200286;0.491979498200286;0.491979498200286;0.491979498200286;0.001287;2;9.48283333333319 * sccp;1;4.20049418145707;
Elapsed=00:00:00.0013773
Learning progress:
1;234.92 * time_passes + 19.7816666666663 * inline;0.602180544863025;0.602180544863025;0.602180544863025;0.602180544863025;0.00129;2;19.7816666666663 * inline;1;4.75043923492006;
Elapsed=00:00:00.0013804
Learning progress:
1;234.68 * time_passes + 20.8391666666663 * inline;0.951313622856808;0.951313622856808;0.951313622856808;0.951313622856808;0.002087;2;20.8391666666663 * inline;1;5.22838611782499;
Elapsed=00:00:00.0022062
Learning progress:
1;252.594 * time_passes + -3.64983333333333 * ipsccp;0.37883319788059;0.37883319788059;0.37883319788059;0.37883319788059;0.00133;2;-3.64983333333333 * ipsccp;1;3.25369957957434;
Elapsed=00:00:00.0014117
Learning progress:
1;234.8 * time_passes + 19.2672222222219 * inline;1.44499871311126;1.44499871311126;1.44499871311126;1.44499871311126;0.001444;2;19.2672222222219 * inline;1;2.78861840255934;
2;235.162424242424 * time_passes + 19.3880303030301 * inline + -0.724848484848536 * instcombine;1.3834701690138;1.3834701690138;1.3834701690138;1.3834701690138;0.005543;3;-0.724848484848536 * instcombine;1;0.0615285440974616;
Elapsed=00:00:00.0056702
Learning progress:
1;245.275833333333 * time_passes + 9.48283333333319 * sccp;0.491979498200286;0.491979498200286;0.491979498200286;0.491979498200286;0.001228;2;9.48283333333319 * sccp;1;4.20049418145707;
Elapsed=00:00:00.0013196
Learning progress:
1;234.92 * time_passes + 19.7816666666663 * inline;0.602180544863025;0.602180544863025;0.602180544863025;0.602180544863025;0.001285;2;19.7816666666663 * inline;1;4.75043923492006;
Elapsed=00:00:00.0013758
Learning progress:
1;234.68 * time_passes + 20.8391666666663 * inline;0.951313622856808;0.951313622856808;0.951313622856808;0.951313622856808;0.002043;2;20.8391666666663 * inline;1;5.22838611782499;
Elapsed=00:00:00.0021334
Learning progress:
1;252.594 * time_passes + -3.64983333333333 * ipsccp;0.37883319788059;0.37883319788059;0.37883319788059;0.37883319788059;0.001249;2;-3.64983333333333 * ipsccp;1;3.25369957957434;
Elapsed=00:00:00.0013324
Learning progress:
1;234.8 * time_passes + 19.2672222222219 * inline;1.44499871311126;1.44499871311126;1.44499871311126;1.44499871311126;0.001442;2;19.2672222222219 * inline;1;2.78861840255934;
2;235.162424242424 * time_passes + 19.3880303030301 * inline + -0.724848484848536 * instcombine;1.3834701690138;1.3834701690138;1.3834701690138;1.3834701690138;0.005284;3;-0.724848484848536 * instcombine;1;0.0615285440974616;
Elapsed=00:00:00.0054078
Learning progress:
1;245.275833333333 * time_passes + 9.48283333333319 * sccp;0.491979498200286;0.491979498200286;0.491979498200286;0.491979498200286;0.00126;2;9.48283333333319 * sccp;1;4.20049418145707;
Elapsed=00:00:00.0013524
Learning progress:
1;234.92 * time_passes + 19.7816666666663 * inline;0.602180544863025;0.602180544863025;0.602180544863025;0.602180544863025;0.001136;2;19.7816666666663 * inline;1;4.75043923492006;
Elapsed=00:00:00.0012259
Learning progress:
1;234.68 * time_passes + 20.8391666666663 * inline;0.951313622856808;0.951313622856808;0.951313622856808;0.951313622856808;0.002043;2;20.8391666666663 * inline;1;5.22838611782499;
Elapsed=00:00:00.0021353
Learning progress:
1;252.594 * time_passes + -3.64983333333333 * ipsccp;0.37883319788059;0.37883319788059;0.37883319788059;0.37883319788059;0.001271;2;-3.64983333333333 * ipsccp;1;3.25369957957434;
Elapsed=00:00:00.0013523
Learning progress:
1;234.8 * time_passes + 19.2672222222219 * inline;1.44499871311126;1.44499871311126;1.44499871311126;1.44499871311126;0.001432;2;19.2672222222219 * inline;1;2.78861840255934;
2;235.162424242424 * time_passes + 19.3880303030301 * inline + -0.724848484848536 * instcombine;1.3834701690138;1.3834701690138;1.3834701690138;1.3834701690138;0.005225;3;-0.724848484848536 * instcombine;1;0.0615285440974616;
Elapsed=00:00:00.0053453
Learning progress:
1;245.275833333333 * time_passes + 9.48283333333319 * sccp;0.491979498200286;0.491979498200286;0.491979498200286;0.491979498200286;0.001104;2;9.48283333333319 * sccp;1;4.20049418145707;
Elapsed=00:00:00.0011935
Learning progress:
1;234.92 * time_passes + 19.7816666666663 * inline;0.602180544863025;0.602180544863025;0.602180544863025;0.602180544863025;0.001256;2;19.7816666666663 * inline;1;4.75043923492006;
Elapsed=00:00:00.0013463
Learning progress:
1;234.68 * time_passes + 20.8391666666663 * inline;0.951313622856808;0.951313622856808;0.951313622856808;0.951313622856808;0.002269;2;20.8391666666663 * inline;1;5.22838611782499;
Elapsed=00:00:00.0023601
Learning progress:
1;252.594 * time_passes + -3.64983333333333 * ipsccp;0.37883319788059;0.37883319788059;0.37883319788059;0.37883319788059;0.001263;2;-3.64983333333333 * ipsccp;1;3.25369957957434;
Elapsed=00:00:00.0013454
Learning progress:
1;234.8 * time_passes + 19.2672222222219 * inline;1.44499871311126;1.44499871311126;1.44499871311126;1.44499871311126;0.001283;2;19.2672222222219 * inline;1;2.78861840255934;
2;235.162424242424 * time_passes + 19.3880303030301 * inline + -0.724848484848536 * instcombine;1.3834701690138;1.3834701690138;1.3834701690138;1.3834701690138;0.005222;3;-0.724848484848536 * instcombine;1;0.0615285440974616;
Elapsed=00:00:00.0053656
Learning progress:
1;245.275833333333 * time_passes + 9.48283333333319 * sccp;0.491979498200286;0.491979498200286;0.491979498200286;0.491979498200286;0.00126;2;9.48283333333319 * sccp;1;4.20049418145707;
Elapsed=00:00:00.0013508
Learning progress:
1;234.92 * time_passes + 19.7816666666663 * inline;0.602180544863025;0.602180544863025;0.602180544863025;0.602180544863025;0.001327;2;19.7816666666663 * inline;1;4.75043923492006;
Elapsed=00:00:00.0014169
Learning progress:
1;234.68 * time_passes + 20.8391666666663 * inline;0.951313622856808;0.951313622856808;0.951313622856808;0.951313622856808;0.001899;2;20.8391666666663 * inline;1;5.22838611782499;
Elapsed=00:00:00.0019903
Learning progress:
1;252.594 * time_passes + -3.64983333333333 * ipsccp;0.37883319788059;0.37883319788059;0.37883319788059;0.37883319788059;0.001135;2;-3.64983333333333 * ipsccp;1;3.25369957957434;
Elapsed=00:00:00.0012163
Learning progress:
1;234.8 * time_passes + 19.2672222222219 * inline;1.44499871311126;1.44499871311126;1.44499871311126;1.44499871311126;0.001266;2;19.2672222222219 * inline;1;2.78861840255934;
2;235.162424242424 * time_passes + 19.3880303030301 * inline + -0.724848484848536 * instcombine;1.3834701690138;1.3834701690138;1.3834701690138;1.3834701690138;0.005065;3;-0.724848484848536 * instcombine;1;0.0615285440974616;
Elapsed=00:00:00.0051867
Learning progress:
1;245.275833333333 * time_passes + 9.48283333333319 * sccp;0.491979498200286;0.491979498200286;0.491979498200286;0.491979498200286;0.001184;2;9.48283333333319 * sccp;1;4.20049418145707;
Elapsed=00:00:00.0012744
Learning progress:
1;234.92 * time_passes + 19.7816666666663 * inline;0.602180544863025;0.602180544863025;0.602180544863025;0.602180544863025;0.001106;2;19.7816666666663 * inline;1;4.75043923492006;
Elapsed=00:00:00.0011957
Learning progress:
1;234.68 * time_passes + 20.8391666666663 * inline;0.951313622856808;0.951313622856808;0.951313622856808;0.951313622856808;0.001492;2;20.8391666666663 * inline;1;5.22838611782499;
Elapsed=00:00:00.0015827
Learning progress:
1;252.594 * time_passes + -3.64983333333333 * ipsccp;0.37883319788059;0.37883319788059;0.37883319788059;0.37883319788059;0.001135;2;-3.64983333333333 * ipsccp;1;3.25369957957434;
Elapsed=00:00:00.0012164
Learning progress:
1;234.8 * time_passes + 19.2672222222219 * inline;1.44499871311126;1.44499871311126;1.44499871311126;1.44499871311126;0.00127;2;19.2672222222219 * inline;1;2.78861840255934;
2;235.162424242424 * time_passes + 19.3880303030301 * inline + -0.724848484848536 * instcombine;1.3834701690138;1.3834701690138;1.3834701690138;1.3834701690138;0.005224;3;-0.724848484848536 * instcombine;1;0.0615285440974616;
Elapsed=00:00:00.0053454
Learning progress:
1;245.275833333333 * time_passes + 9.48283333333319 * sccp;0.491979498200286;0.491979498200286;0.491979498200286;0.491979498200286;0.001293;2;9.48283333333319 * sccp;1;4.20049418145707;
Elapsed=00:00:00.0013834
Learning progress:
1;234.92 * time_passes + 19.7816666666663 * inline;0.602180544863025;0.602180544863025;0.602180544863025;0.602180544863025;0.001312;2;19.7816666666663 * inline;1;4.75043923492006;
Elapsed=00:00:00.0014016
Learning progress:
1;234.68 * time_passes + 20.8391666666663 * inline;0.951313622856808;0.951313622856808;0.951313622856808;0.951313622856808;0.001455;2;20.8391666666663 * inline;1;5.22838611782499;
Elapsed=00:00:00.0015455
Learning progress:
1;252.594 * time_passes + -3.64983333333333 * ipsccp;0.37883319788059;0.37883319788059;0.37883319788059;0.37883319788059;0.001466;2;-3.64983333333333 * ipsccp;1;3.25369957957434;
Elapsed=00:00:00.0015474
Learning progress:
1;234.8 * time_passes + 19.2672222222219 * inline;1.44499871311126;1.44499871311126;1.44499871311126;1.44499871311126;0.001261;2;19.2672222222219 * inline;1;2.78861840255934;
2;235.162424242424 * time_passes + 19.3880303030301 * inline + -0.724848484848536 * instcombine;1.3834701690138;1.3834701690138;1.3834701690138;1.3834701690138;0.005053;3;-0.724848484848536 * instcombine;1;0.0615285440974616;
Elapsed=00:00:00.0051808
Learning progress:
1;245.275833333333 * time_passes + 9.48283333333319 * sccp;0.491979498200286;0.491979498200286;0.491979498200286;0.491979498200286;0.001274;2;9.48283333333319 * sccp;1;4.20049418145707;
Elapsed=00:00:00.0013646
Learning progress:
1;234.92 * time_passes + 19.7816666666663 * inline;0.602180544863025;0.602180544863025;0.602180544863025;0.602180544863025;0.001148;2;19.7816666666663 * inline;1;4.75043923492006;
Elapsed=00:00:00.0012386
Learning progress:
1;234.68 * time_passes + 20.8391666666663 * inline;0.951313622856808;0.951313622856808;0.951313622856808;0.951313622856808;0.001201;2;20.8391666666663 * inline;1;5.22838611782499;
Elapsed=00:00:00.0012908
Learning progress:
1;252.594 * time_passes + -3.64983333333333 * ipsccp;0.37883319788059;0.37883319788059;0.37883319788059;0.37883319788059;0.001136;2;-3.64983333333333 * ipsccp;1;3.25369957957434;
Elapsed=00:00:00.0012186
Learning progress:
1;234.8 * time_passes + 19.2672222222219 * inline;1.44499871311126;1.44499871311126;1.44499871311126;1.44499871311126;0.001259;2;19.2672222222219 * inline;1;2.78861840255934;
2;235.162424242424 * time_passes + 19.3880303030301 * inline + -0.724848484848536 * instcombine;1.3834701690138;1.3834701690138;1.3834701690138;1.3834701690138;0.005053;3;-0.724848484848536 * instcombine;1;0.0615285440974616;
Elapsed=00:00:00.0051730
Learning progress:
1;245.275833333333 * time_passes + 9.48283333333319 * sccp;0.491979498200286;0.491979498200286;0.491979498200286;0.491979498200286;0.001101;2;9.48283333333319 * sccp;1;4.20049418145707;
Elapsed=00:00:00.0011905
Learning progress:
1;234.92 * time_passes + 19.7816666666663 * inline;0.602180544863025;0.602180544863025;0.602180544863025;0.602180544863025;0.001146;2;19.7816666666663 * inline;1;4.75043923492006;
Elapsed=00:00:00.0012360
Learning progress:
1;234.68 * time_passes + 20.8391666666663 * inline;0.951313622856808;0.951313622856808;0.951313622856808;0.951313622856808;0.001212;2;20.8391666666663 * inline;1;5.22838611782499;
Elapsed=00:00:00.0013030
Learning progress:
1;252.594 * time_passes + -3.64983333333333 * ipsccp;0.37883319788059;0.37883319788059;0.37883319788059;0.37883319788059;0.001318;2;-3.64983333333333 * ipsccp;1;3.25369957957434;
Elapsed=00:00:00.0013993
Learning progress:
1;234.8 * time_passes + 19.2672222222219 * inline;1.44499871311126;1.44499871311126;1.44499871311126;1.44499871311126;0.00136;2;19.2672222222219 * inline;1;2.78861840255934;
2;235.162424242424 * time_passes + 19.3880303030301 * inline + -0.724848484848536 * instcombine;1.3834701690138;1.3834701690138;1.3834701690138;1.3834701690138;0.005161;3;-0.724848484848536 * instcombine;1;0.0615285440974616;
Elapsed=00:00:00.0053020
Learning progress:
1;245.275833333333 * time_passes + 9.48283333333319 * sccp;0.491979498200286;0.491979498200286;0.491979498200286;0.491979498200286;0.001067;2;9.48283333333319 * sccp;1;4.20049418145707;
Elapsed=00:00:00.0011569
Learning progress:
1;234.92 * time_passes + 19.7816666666663 * inline;0.602180544863025;0.602180544863025;0.602180544863025;0.602180544863025;0.001147;2;19.7816666666663 * inline;1;4.75043923492006;
Elapsed=00:00:00.0012370
Learning progress:
1;234.68 * time_passes + 20.8391666666663 * inline;0.951313622856808;0.951313622856808;0.951313622856808;0.951313622856808;0.001186;2;20.8391666666663 * inline;1;5.22838611782499;
Elapsed=00:00:00.0012763
Learning progress:
1;252.594 * time_passes + -3.64983333333333 * ipsccp;0.37883319788059;0.37883319788059;0.37883319788059;0.37883319788059;0.001193;2;-3.64983333333333 * ipsccp;1;3.25369957957434;
Elapsed=00:00:00.0012752
Learning progress:
1;234.8 * time_passes + 19.2672222222219 * inline;1.44499871311126;1.44499871311126;1.44499871311126;1.44499871311126;0.001246;2;19.2672222222219 * inline;1;2.78861840255934;
2;235.162424242424 * time_passes + 19.3880303030301 * inline + -0.724848484848536 * instcombine;1.3834701690138;1.3834701690138;1.3834701690138;1.3834701690138;0.005057;3;-0.724848484848536 * instcombine;1;0.0615285440974616;
Elapsed=00:00:00.0051875
Learning progress:
1;245.275833333333 * time_passes + 9.48283333333319 * sccp;0.491979498200286;0.491979498200286;0.491979498200286;0.491979498200286;0.00116;2;9.48283333333319 * sccp;1;4.20049418145707;
Elapsed=00:00:00.0012512
Learning progress:
1;234.92 * time_passes + 19.7816666666663 * inline;0.602180544863025;0.602180544863025;0.602180544863025;0.602180544863025;0.001125;2;19.7816666666663 * inline;1;4.75043923492006;
Elapsed=00:00:00.0012142
Learning progress:
1;234.68 * time_passes + 20.8391666666663 * inline;0.951313622856808;0.951313622856808;0.951313622856808;0.951313622856808;0.001195;2;20.8391666666663 * inline;1;5.22838611782499;
Elapsed=00:00:00.0012863
Learning progress:
1;252.594 * time_passes + -3.64983333333333 * ipsccp;0.37883319788059;0.37883319788059;0.37883319788059;0.37883319788059;0.001252;2;-3.64983333333333 * ipsccp;1;3.25369957957434;
Elapsed=00:00:00.0013330
Error of optimal parameters: 0.761555406562901
Optimal parameters abortError:1;minImprovementPerRound:0.1;lossFunction:RELATIVE;quadraticFunctionSupport:True;learn-logFunction:True;learn-asymFunction:True;learn-ratioFunction:True;withHierarchy:False;useBackward:False;
Learning progress:
1;234.8 * time_passes + 20.2170370370369 * inline;0.839938591692751;0.839938591692751;0.839938591692751;0.839938591692751;0.002067;2;20.2170370370369 * inline;1;1.66405222588064;
Elapsed=00:00:00.0022470
command: clean-sampling
command: clean-global
command: script ./learn_divDistBased_t2.a
command: log ./out_divDistBased_t2Predictions.log
