Current machine learning settings: epsilon:0 lossFunction:RELATIVE parallelization:True bagging:False baggingNumbers:3 considerEpsilonTube:False baggingTestDataFraction:50 useBackward:False abortError:1 limitFeatureSize:False featureSizeTreshold:4 quadraticFunctionSupport:True crossValidation:False crossValidation-k:5 learn-logFunction:False learn-accumulatedLogFunction:False learn-asymFunction:False learn-ratioFunction:False learn-mirrowedFunction:False learn-numeric-disabled:True numberOfRounds:70 backwardErrorDelta:1 minImprovementPerRound:0.1 withHierarchy:False bruteForceCandidates:False ignoreBadFeatures:False stopOnLongRound:True candidateSizePenalty:True learnTimeLimit:00:00:00 scoreMeasure:RELERROR outputRoundsToStdout:False debug:False pythonInfluenceAnalysis:False blacklisted: 
command: solver z3
command: vm /scratch/kallistos/Distance-Based_Data/SupplementaryWebsite/MeasuredPerformanceValues/x264/FeatureModel.xml
Warning: Variability model contains outdated notation. Children nodes will no longer have effect on the model. Instead use the parent node to describe the parent of an configuration option. You can also use the converter providedby the Variability Model GUI in export>convert legacy model.
command: all /scratch/kallistos/Distance-Based_Data/SupplementaryWebsite/MeasuredPerformanceValues/x264/measurements.xml
Configs with too large deviation: 0
1152 configurations loaded.
command: binary grammar-based numConfigs:212 seed:3
command: printconfigs ./sampledConfigurations_grammarBased_t3.csv
ConfigurationSampling done in 1668 ms
1152
no_asm ::= (no_asm, 1) Symbolkind: TERMINAL
no_8x8dct ::= (ε, 1) | (no_8x8dct, 1) Symbolkind: TERMINAL
no_cabac ::= (ε, 1) | (no_cabac, 1) Symbolkind: TERMINAL
no_deblock ::= (ε, 1) | (no_deblock, 1) Symbolkind: TERMINAL
no_fast_pskip ::= (ε, 1) | (no_fast_pskip, 1) Symbolkind: TERMINAL
no_mbtree ::= (ε, 1) | (no_mbtree, 1) Symbolkind: TERMINAL
no_mixed_refs ::= (ε, 1) | (no_mixed_refs, 1) Symbolkind: TERMINAL
no_weightb ::= (ε, 1) | (no_weightb, 1) Symbolkind: TERMINAL
root ::= (no_asm, 1)   (no_8x8dct, 2)   (no_cabac, 2)   (no_deblock, 2)   (no_fast_pskip, 2)   (no_mbtree, 2)   (no_mixed_refs, 2)   (no_weightb, 2)   (rc_lookahead, 3)   (ref, 3) Symbolkind: NONTERMINAL
rc_lookahead ::= (rc_lookahead_20, 1) | (rc_lookahead_40, 1) | (rc_lookahead_60, 1) Symbolkind: TERMINAL
ref ::= (ref_1, 1) | (ref_5, 1) | (ref_9, 1) Symbolkind: TERMINAL

command: clean-sampling
command: clean-global
