Current machine learning settings: epsilon:0 lossFunction:RELATIVE parallelization:True bagging:False baggingNumbers:3 considerEpsilonTube:False baggingTestDataFraction:50 useBackward:False abortError:1 limitFeatureSize:False featureSizeTreshold:4 quadraticFunctionSupport:True crossValidation:False crossValidation-k:5 learn-logFunction:False learn-accumulatedLogFunction:False learn-asymFunction:False learn-ratioFunction:False learn-mirrowedFunction:False learn-numeric-disabled:True numberOfRounds:70 backwardErrorDelta:1 minImprovementPerRound:0.1 withHierarchy:False bruteForceCandidates:False ignoreBadFeatures:False stopOnLongRound:True candidateSizePenalty:True learnTimeLimit:00:00:00 scoreMeasure:RELERROR outputRoundsToStdout:False debug:False pythonInfluenceAnalysis:False blacklisted: 
command: solver z3
command: vm /scratch/kallistos/Distance-Based_Data/SupplementaryWebsite/MeasuredPerformanceValues/Hipacc/FeatureModel.xml
Warning: Variability model contains outdated notation. Children nodes will no longer have effect on the model. Instead use the parent node to describe the parent of an configuration option. You can also use the converter providedby the Variability Model GUI in export>convert legacy model.
Warning: Default value nodes in models are no longer used and should be removed. You can also use the converter provided by the Variability Model GUI in export>convert legacy model to update your model.
command: all /scratch/kallistos/Distance-Based_Data/SupplementaryWebsite/MeasuredPerformanceValues/Hipacc/measurements.xml
Configs with too large deviation: 0
13485 configurations loaded.
command: binary grammar-based numConfigs:50 seed:92
command: printconfigs ./sampledConfigurations_grammarBased_t1.csv
invalid number: 2014 respective config: API, OpenCL, TextureMemory, Linear1D, LocalMemory, Blocksize, bs_128x2, padding, padding_320, pixelPerThread, pixelPerThread_3, root
invalid number: 9565 respective config: API, OpenCL, TextureMemory, Ldg, Blocksize, bs_1024x1, padding, padding_352, pixelPerThread, pixelPerThread_2, root
invalid number: 6135 respective config: API, OpenCL, TextureMemory, Array2D, Blocksize, bs_64x16, padding, padding_96, pixelPerThread, pixelPerThread_4, root
invalid number: 5927 respective config: API, OpenCL, TextureMemory, Array2D, Blocksize, bs_32x32, padding, padding_64, pixelPerThread, pixelPerThread_4, root
invalid number: 11170 respective config: API, OpenCL, TextureMemory, Ldg, LocalMemory, Blocksize, bs_64x2, padding, padding_128, pixelPerThread, pixelPerThread_3, root
invalid number: 22081 respective config: API, CUDA, TextureMemory, Array2D, LocalMemory, Blocksize, bs_128x4, padding, padding_384, pixelPerThread, pixelPerThread_2, root
invalid number: 20778 respective config: API, CUDA, TextureMemory, Array2D, Blocksize, bs_256x4, padding, padding_288, pixelPerThread, pixelPerThread_3, root
invalid number: 13306 respective config: API, OpenCL, LocalMemory, Blocksize, bs_64x16, padding, padding_352, pixelPerThread, pixelPerThread_3, root
invalid number: 5931 respective config: API, OpenCL, TextureMemory, Array2D, Blocksize, bs_32x32, padding, padding_96, pixelPerThread, pixelPerThread_4, root
invalid number: 8903 respective config: API, OpenCL, TextureMemory, Ldg, Blocksize, bs_64x1, padding, padding_480, pixelPerThread, pixelPerThread_4, root
invalid number: 21963 respective config: API, CUDA, TextureMemory, Array2D, LocalMemory, Blocksize, bs_128x1, padding, padding_512, pixelPerThread, pixelPerThread_4, root
invalid number: 4733 respective config: API, OpenCL, TextureMemory, Linear2D, LocalMemory, Blocksize, bs_64x16, padding, padding_320, pixelPerThread, pixelPerThread_2, root
invalid number: 21292 respective config: API, CUDA, TextureMemory, Array2D, Blocksize, bs_256x1, padding, padding_64, pixelPerThread, pixelPerThread_1, root
invalid number: 22351 respective config: API, CUDA, TextureMemory, Array2D, LocalMemory, Blocksize, bs_512x2, padding, padding_352, pixelPerThread, pixelPerThread_4, root
invalid number: 27587 respective config: API, CUDA, LocalMemory, Blocksize, bs_64x16, padding, padding_352, pixelPerThread, pixelPerThread_4, root
invalid number: 6698 respective config: API, OpenCL, TextureMemory, Array2D, Blocksize, bs_1024x1, padding, padding_256, pixelPerThread, pixelPerThread_3, root
invalid number: 11219 respective config: API, OpenCL, TextureMemory, Ldg, LocalMemory, Blocksize, bs_64x2, padding, padding_512, pixelPerThread, pixelPerThread_4, root
invalid number: 7092 respective config: API, OpenCL, TextureMemory, Array2D, Blocksize, bs_256x2, padding, padding_160, pixelPerThread, pixelPerThread_1, root
invalid number: 1357 respective config: API, OpenCL, TextureMemory, Linear1D, Blocksize, bs_256x1, padding, padding_512, pixelPerThread, pixelPerThread_2, root
invalid number: 2042 respective config: API, OpenCL, TextureMemory, Linear1D, LocalMemory, Blocksize, bs_128x4, padding, padding_0, pixelPerThread, pixelPerThread_3, root
invalid number: 1653 respective config: API, OpenCL, TextureMemory, Linear1D, LocalMemory, Blocksize, bs_32x32, padding, padding_160, pixelPerThread, pixelPerThread_2, root
invalid number: 21911 respective config: API, CUDA, TextureMemory, Array2D, LocalMemory, Blocksize, bs_128x1, padding, padding_96, pixelPerThread, pixelPerThread_4, root
invalid number: 3541 respective config: API, OpenCL, TextureMemory, Linear2D, Blocksize, bs_128x8, padding, padding_32, pixelPerThread, pixelPerThread_2, root
invalid number: 8191 respective config: API, OpenCL, TextureMemory, Array2D, LocalMemory, Blocksize, bs_32x2, padding, padding_224, pixelPerThread, pixelPerThread_4, root
invalid number: 27938 respective config: API, CUDA, LocalMemory, Blocksize, bs_256x4, padding, padding_448, pixelPerThread, pixelPerThread_3, root
invalid number: 10999 respective config: API, OpenCL, TextureMemory, Ldg, LocalMemory, Blocksize, bs_1024x1, padding, padding_384, pixelPerThread, pixelPerThread_4, root
invalid number: 357 respective config: API, OpenCL, TextureMemory, Linear1D, Blocksize, bs_64x4, padding, padding_128, pixelPerThread, pixelPerThread_2, root
invalid number: 16670 respective config: API, CUDA, TextureMemory, Linear1D, LocalMemory, Blocksize, bs_1024x1, padding, padding_64, pixelPerThread, pixelPerThread_3, root
invalid number: 7922 respective config: API, OpenCL, TextureMemory, Array2D, LocalMemory, Blocksize, bs_256x4, padding, padding_256, pixelPerThread, pixelPerThread_3, root
invalid number: 21627 respective config: API, CUDA, TextureMemory, Array2D, LocalMemory, Blocksize, bs_32x32, padding, padding_0, pixelPerThread, pixelPerThread_4, root
invalid number: 9421 respective config: API, OpenCL, TextureMemory, Ldg, Blocksize, bs_512x1, padding, padding_288, pixelPerThread, pixelPerThread_2, root
invalid number: 6048 respective config: API, OpenCL, TextureMemory, Array2D, Blocksize, bs_64x1, padding, padding_512, pixelPerThread, pixelPerThread_1, root
invalid number: 6069 respective config: API, OpenCL, TextureMemory, Array2D, Blocksize, bs_64x4, padding, padding_128, pixelPerThread, pixelPerThread_2, root
invalid number: 10895 respective config: API, OpenCL, TextureMemory, Ldg, LocalMemory, Blocksize, bs_512x2, padding, padding_96, pixelPerThread, pixelPerThread_4, root
invalid number: 9072 respective config: API, OpenCL, TextureMemory, Ldg, Blocksize, bs_128x1, padding, padding_224, pixelPerThread, pixelPerThread_1, root
invalid number: 22706 respective config: API, CUDA, TextureMemory, Array2D, LocalMemory, Blocksize, bs_64x8, padding, padding_480, pixelPerThread, pixelPerThread_3, root
invalid number: 10132 respective config: API, OpenCL, TextureMemory, Ldg, LocalMemory, Blocksize, bs_32x16, padding, padding_0, pixelPerThread, pixelPerThread_1, root
invalid number: 9685 respective config: API, OpenCL, TextureMemory, Ldg, Blocksize, bs_32x4, padding, padding_224, pixelPerThread, pixelPerThread_2, root
invalid number: 966 respective config: API, OpenCL, TextureMemory, Linear1D, Blocksize, bs_1024x1, padding, padding_96, pixelPerThread, pixelPerThread_3, root
invalid number: 27402 respective config: API, CUDA, LocalMemory, Blocksize, bs_32x32, padding, padding_512, pixelPerThread, pixelPerThread_3, root
invalid number: 9092 respective config: API, OpenCL, TextureMemory, Ldg, Blocksize, bs_128x1, padding, padding_384, pixelPerThread, pixelPerThread_1, root
invalid number: 2490 respective config: API, OpenCL, TextureMemory, Linear1D, LocalMemory, Blocksize, bs_32x2, padding, padding_320, pixelPerThread, pixelPerThread_3, root
invalid number: 194 respective config: API, OpenCL, TextureMemory, Linear1D, Blocksize, bs_32x16, padding, padding_448, pixelPerThread, pixelPerThread_3, root
invalid number: 27930 respective config: API, CUDA, LocalMemory, Blocksize, bs_256x4, padding, padding_384, pixelPerThread, pixelPerThread_3, root
ConfigurationSampling done in 1219 ms
28560
LocalMemory ::= (ε, 1) | (LocalMemory, 1) Symbolkind: TERMINAL
root ::= (API, 2)   (TextureMemory, 5)   (LocalMemory, 2)   (Blocksize, 21)   (padding, 17)   (pixelPerThread, 4) Symbolkind: NONTERMINAL
API ::= (OpenCL, 1) | (CUDA, 1) Symbolkind: TERMINAL
TextureMemoryInvis ::= (ε, 1) Symbolkind: TERMINAL
TextureMemory ::= (Linear1D, 1) | (Linear2D, 1) | (Array2D, 1) | (Ldg, 1) | (TextureMemoryInvis, 1) Symbolkind: TERMINAL
Blocksize ::= (bs_32x1, 1) | (bs_32x8, 1) | (bs_32x16, 1) | (bs_32x32, 1) | (bs_64x1, 1) | (bs_64x4, 1) | (bs_64x16, 1) | (bs_128x1, 1) | (bs_128x2, 1) | (bs_128x4, 1) | (bs_128x8, 1) | (bs_256x4, 1) | (bs_512x1, 1) | (bs_512x2, 1) | (bs_1024x1, 1) | (bs_32x2, 1) | (bs_32x4, 1) | (bs_64x2, 1) | (bs_64x8, 1) | (bs_256x1, 1) | (bs_256x2, 1) Symbolkind: TERMINAL
padding ::= (padding_0, 1) | (padding_32, 1) | (padding_64, 1) | (padding_96, 1) | (padding_128, 1) | (padding_160, 1) | (padding_192, 1) | (padding_224, 1) | (padding_256, 1) | (padding_288, 1) | (padding_320, 1) | (padding_352, 1) | (padding_384, 1) | (padding_416, 1) | (padding_448, 1) | (padding_480, 1) | (padding_512, 1) Symbolkind: TERMINAL
pixelPerThread ::= (pixelPerThread_1, 1) | (pixelPerThread_2, 1) | (pixelPerThread_3, 1) | (pixelPerThread_4, 1) Symbolkind: TERMINAL

command: clean-sampling
command: clean-global
command: script ./learn_grammarBased_t2.a
command: log ./out_grammarBased_t2.log
