Current machine learning settings: epsilon:0 lossFunction:RELATIVE parallelization:True bagging:False baggingNumbers:3 considerEpsilonTube:False baggingTestDataFraction:50 useBackward:False abortError:1 limitFeatureSize:False featureSizeTreshold:4 quadraticFunctionSupport:True crossValidation:False crossValidation-k:5 learn-logFunction:False learn-accumulatedLogFunction:False learn-asymFunction:False learn-ratioFunction:False learn-mirrowedFunction:False learn-numeric-disabled:True numberOfRounds:70 backwardErrorDelta:1 minImprovementPerRound:0.1 withHierarchy:False bruteForceCandidates:False ignoreBadFeatures:False stopOnLongRound:True candidateSizePenalty:True learnTimeLimit:00:00:00 scoreMeasure:RELERROR outputRoundsToStdout:False debug:False pythonInfluenceAnalysis:False blacklisted: 
command: solver z3
command: vm /scratch/kallistos/Distance-Based_Data/SupplementaryWebsite/MeasuredPerformanceValues/LLVM/FeatureModel.xml
Warning: Variability model contains outdated notation. Children nodes will no longer have effect on the model. Instead use the parent node to describe the parent of an configuration option. You can also use the converter providedby the Variability Model GUI in export>convert legacy model.
command: all /scratch/kallistos/Distance-Based_Data/SupplementaryWebsite/MeasuredPerformanceValues/LLVM/measurements.xml
Configs with too large deviation: 0
1024 configurations loaded.
command: nfp Performance
command: setsampleset /scratch/kallistos/Distance-Based_Data/Results/LLVM/LLVM_74/sampledConfigurations_divDistBased_t1.csv
command: learn-splconqueror-opt abortError=[1] minImprovementPerRound=[0.1,0.2,0.5] lossFunction=[RELATIVE] quadraticFunctionSupport=[True,False] learn_logFunction=[True,False] learn_asymFunction=[True,False] learn_ratioFunction=[True,False] withHierarchy=[False] useBackward=[False]
Learning: NumberOfConfigurationsLearning:11 NumberOfConfigurationsValidation:11
Learning progress:
1;229.68 * time_passes + 11.2842857142857 * gvn;2.22743558703192;2.22743558703192;2.22743558703192;2.22743558703192;0.05192;2;11.2842857142857 * gvn;1;2.14669707140705;
2;222.981666666667 * time_passes + 14.155 * gvn + 6.69833333333332 * jump_threading;0.590307453019611;0.590307453019611;0.590307453019611;0.590307453019611;0.056708;3;6.69833333333332 * jump_threading;1;1.63712813401231;
Elapsed=00:00:00.0584060
Learning progress:
1;224.658333333334 * time_passes + 15.8092857142853 * gvn;1.95794320040686;1.95794320040686;1.95794320040686;1.95794320040686;0.000923;2;15.8092857142853 * gvn;1;4.67324575500066;
2;221.267956989248 * time_passes + 15.3249462365587 * gvn + 6.78075268817179 * jump_threading;0.773110778304675;0.773110778304675;0.773110778304675;0.773110778304675;0.003666;3;6.78075268817179 * jump_threading;1;1.18483242210218;
Elapsed=00:00:00.0037690
Learning progress:
1;236.215 * time_passes + 4.09366666666604 * inline;1.51773884792288;1.51773884792288;1.51773884792288;1.51773884792288;0.000964;2;4.09366666666604 * inline;1;3.12987685538135;
2;236.215 * time_passes + 7.55833333333267 * inline + -8.66166666666638 * ipsccp;0.807853451318647;0.807853451318647;0.807853451318647;0.807853451318647;0.00383;3;-8.66166666666638 * ipsccp;1;0.709885396604236;
Elapsed=00:00:00.0039151
Learning progress:
1;234.68 * time_passes + 5.09874999999985 * instcombine;2.35736753091591;2.35736753091591;2.35736753091591;2.35736753091591;0.001054;2;5.09874999999985 * instcombine;1;1.73669663891924;
Elapsed=00:00:00.0041230
Learning progress:
1;237.007142857143 * time_passes + 5.56785714285711 * sccp;0.839375985443897;0.839375985443897;0.839375985443897;0.839375985443897;0.000835;2;5.56785714285711 * sccp;1;1.18251797705164;
Elapsed=00:00:00.0009208
Learning progress:
1;229.68 * time_passes + 11.2842857142857 * gvn;2.22743558703192;2.22743558703192;2.22743558703192;2.22743558703192;0.001;2;11.2842857142857 * gvn;1;2.14669707140705;
2;222.981666666667 * time_passes + 14.155 * gvn + 6.69833333333332 * jump_threading;0.590307453019611;0.590307453019611;0.590307453019611;0.590307453019611;0.003755;3;6.69833333333332 * jump_threading;1;1.63712813401231;
Elapsed=00:00:00.0038721
Learning progress:
1;224.658333333334 * time_passes + 15.8092857142853 * gvn;1.95794320040686;1.95794320040686;1.95794320040686;1.95794320040686;0.001142;2;15.8092857142853 * gvn;1;4.67324575500066;
2;221.267956989248 * time_passes + 15.3249462365587 * gvn + 6.78075268817179 * jump_threading;0.773110778304675;0.773110778304675;0.773110778304675;0.773110778304675;0.003792;3;6.78075268817179 * jump_threading;1;1.18483242210218;
Elapsed=00:00:00.0038939
Learning progress:
1;236.215 * time_passes + 4.09366666666604 * inline;1.51773884792288;1.51773884792288;1.51773884792288;1.51773884792288;0.00111;2;4.09366666666604 * inline;1;3.12987685538135;
2;236.215 * time_passes + 7.55833333333267 * inline + -8.66166666666638 * ipsccp;0.807853451318647;0.807853451318647;0.807853451318647;0.807853451318647;0.00388;3;-8.66166666666638 * ipsccp;1;0.709885396604236;
Elapsed=00:00:00.0039688
Learning progress:
1;234.68 * time_passes + 5.09874999999985 * instcombine;2.35736753091591;2.35736753091591;2.35736753091591;2.35736753091591;0.000873;2;5.09874999999985 * instcombine;1;1.73669663891924;
Elapsed=00:00:00.0033487
Learning progress:
1;237.007142857143 * time_passes + 5.56785714285711 * sccp;0.839375985443897;0.839375985443897;0.839375985443897;0.839375985443897;0.000848;2;5.56785714285711 * sccp;1;1.18251797705164;
Elapsed=00:00:00.0009364
Learning progress:
1;229.68 * time_passes + 11.2842857142857 * gvn;2.22743558703192;2.22743558703192;2.22743558703192;2.22743558703192;0.001156;2;11.2842857142857 * gvn;1;2.14669707140705;
2;222.981666666667 * time_passes + 14.155 * gvn + 6.69833333333332 * jump_threading;0.590307453019611;0.590307453019611;0.590307453019611;0.590307453019611;0.0049;3;6.69833333333332 * jump_threading;1;1.63712813401231;
Elapsed=00:00:00.0050145
Learning progress:
1;224.658333333334 * time_passes + 15.8092857142853 * gvn;1.95794320040686;1.95794320040686;1.95794320040686;1.95794320040686;0.001062;2;15.8092857142853 * gvn;1;4.67324575500066;
2;221.267956989248 * time_passes + 15.3249462365587 * gvn + 6.78075268817179 * jump_threading;0.773110778304675;0.773110778304675;0.773110778304675;0.773110778304675;0.003749;3;6.78075268817179 * jump_threading;1;1.18483242210218;
Elapsed=00:00:00.0038522
Learning progress:
1;236.215 * time_passes + 4.09366666666604 * inline;1.51773884792288;1.51773884792288;1.51773884792288;1.51773884792288;0.001002;2;4.09366666666604 * inline;1;3.12987685538135;
2;236.215 * time_passes + 7.55833333333267 * inline + -8.66166666666638 * ipsccp;0.807853451318647;0.807853451318647;0.807853451318647;0.807853451318647;0.003657;3;-8.66166666666638 * ipsccp;1;0.709885396604236;
Elapsed=00:00:00.0037442
Learning progress:
1;234.68 * time_passes + 5.09874999999985 * instcombine;2.35736753091591;2.35736753091591;2.35736753091591;2.35736753091591;0.000918;2;5.09874999999985 * instcombine;1;1.73669663891924;
Elapsed=00:00:00.0032994
Learning progress:
1;237.007142857143 * time_passes + 5.56785714285711 * sccp;0.839375985443897;0.839375985443897;0.839375985443897;0.839375985443897;0.001144;2;5.56785714285711 * sccp;1;1.18251797705164;
Elapsed=00:00:00.0012293
Learning progress:
1;229.68 * time_passes + 11.2842857142857 * gvn;2.22743558703192;2.22743558703192;2.22743558703192;2.22743558703192;0.000971;2;11.2842857142857 * gvn;1;2.14669707140705;
2;222.981666666667 * time_passes + 14.155 * gvn + 6.69833333333332 * jump_threading;0.590307453019611;0.590307453019611;0.590307453019611;0.590307453019611;0.003855;3;6.69833333333332 * jump_threading;1;1.63712813401231;
Elapsed=00:00:00.0039633
Learning progress:
1;224.658333333334 * time_passes + 15.8092857142853 * gvn;1.95794320040686;1.95794320040686;1.95794320040686;1.95794320040686;0.000997;2;15.8092857142853 * gvn;1;4.67324575500066;
2;221.267956989248 * time_passes + 15.3249462365587 * gvn + 6.78075268817179 * jump_threading;0.773110778304675;0.773110778304675;0.773110778304675;0.773110778304675;0.003698;3;6.78075268817179 * jump_threading;1;1.18483242210218;
Elapsed=00:00:00.0038006
Learning progress:
1;236.215 * time_passes + 4.09366666666604 * inline;1.51773884792288;1.51773884792288;1.51773884792288;1.51773884792288;0.000971;2;4.09366666666604 * inline;1;3.12987685538135;
2;236.215 * time_passes + 7.55833333333267 * inline + -8.66166666666638 * ipsccp;0.807853451318647;0.807853451318647;0.807853451318647;0.807853451318647;0.00456;3;-8.66166666666638 * ipsccp;1;0.709885396604236;
Elapsed=00:00:00.0046927
Learning progress:
1;234.68 * time_passes + 5.09874999999985 * instcombine;2.35736753091591;2.35736753091591;2.35736753091591;2.35736753091591;0.001001;2;5.09874999999985 * instcombine;1;1.73669663891924;
Elapsed=00:00:00.0034137
Learning progress:
1;237.007142857143 * time_passes + 5.56785714285711 * sccp;0.839375985443897;0.839375985443897;0.839375985443897;0.839375985443897;0.000883;2;5.56785714285711 * sccp;1;1.18251797705164;
Elapsed=00:00:00.0009657
Learning progress:
1;229.68 * time_passes + 11.2842857142857 * gvn;2.22743558703192;2.22743558703192;2.22743558703192;2.22743558703192;0.000938;2;11.2842857142857 * gvn;1;2.14669707140705;
2;222.981666666667 * time_passes + 14.155 * gvn + 6.69833333333332 * jump_threading;0.590307453019611;0.590307453019611;0.590307453019611;0.590307453019611;0.003784;3;6.69833333333332 * jump_threading;1;1.63712813401231;
Elapsed=00:00:00.0038911
Learning progress:
1;224.658333333334 * time_passes + 15.8092857142853 * gvn;1.95794320040686;1.95794320040686;1.95794320040686;1.95794320040686;0.001102;2;15.8092857142853 * gvn;1;4.67324575500066;
2;221.267956989248 * time_passes + 15.3249462365587 * gvn + 6.78075268817179 * jump_threading;0.773110778304675;0.773110778304675;0.773110778304675;0.773110778304675;0.004571;3;6.78075268817179 * jump_threading;1;1.18483242210218;
Elapsed=00:00:00.0046754
Learning progress:
1;236.215 * time_passes + 4.09366666666604 * inline;1.51773884792288;1.51773884792288;1.51773884792288;1.51773884792288;0.001184;2;4.09366666666604 * inline;1;3.12987685538135;
2;236.215 * time_passes + 7.55833333333267 * inline + -8.66166666666638 * ipsccp;0.807853451318647;0.807853451318647;0.807853451318647;0.807853451318647;0.003845;3;-8.66166666666638 * ipsccp;1;0.709885396604236;
Elapsed=00:00:00.0039316
Learning progress:
1;234.68 * time_passes + 5.09874999999985 * instcombine;2.35736753091591;2.35736753091591;2.35736753091591;2.35736753091591;0.001102;2;5.09874999999985 * instcombine;1;1.73669663891924;
Elapsed=00:00:00.0034769
Learning progress:
1;237.007142857143 * time_passes + 5.56785714285711 * sccp;0.839375985443897;0.839375985443897;0.839375985443897;0.839375985443897;0.001094;2;5.56785714285711 * sccp;1;1.18251797705164;
Elapsed=00:00:00.0011771
Learning progress:
1;229.68 * time_passes + 11.2842857142857 * gvn;2.22743558703192;2.22743558703192;2.22743558703192;2.22743558703192;0.001716;2;11.2842857142857 * gvn;1;2.14669707140705;
2;222.981666666667 * time_passes + 14.155 * gvn + 6.69833333333332 * jump_threading;0.590307453019611;0.590307453019611;0.590307453019611;0.590307453019611;0.004471;3;6.69833333333332 * jump_threading;1;1.63712813401231;
Elapsed=00:00:00.0045790
Learning progress:
1;224.658333333334 * time_passes + 15.8092857142853 * gvn;1.95794320040686;1.95794320040686;1.95794320040686;1.95794320040686;0.000948;2;15.8092857142853 * gvn;1;4.67324575500066;
2;221.267956989248 * time_passes + 15.3249462365587 * gvn + 6.78075268817179 * jump_threading;0.773110778304675;0.773110778304675;0.773110778304675;0.773110778304675;0.003893;3;6.78075268817179 * jump_threading;1;1.18483242210218;
Elapsed=00:00:00.0039951
Learning progress:
1;236.215 * time_passes + 4.09366666666604 * inline;1.51773884792288;1.51773884792288;1.51773884792288;1.51773884792288;0.000958;2;4.09366666666604 * inline;1;3.12987685538135;
2;236.215 * time_passes + 7.55833333333267 * inline + -8.66166666666638 * ipsccp;0.807853451318647;0.807853451318647;0.807853451318647;0.807853451318647;0.003505;3;-8.66166666666638 * ipsccp;1;0.709885396604236;
Elapsed=00:00:00.0035922
Learning progress:
1;234.68 * time_passes + 5.09874999999985 * instcombine;2.35736753091591;2.35736753091591;2.35736753091591;2.35736753091591;0.001949;2;5.09874999999985 * instcombine;1;1.73669663891924;
Elapsed=00:00:00.0043737
Learning progress:
1;237.007142857143 * time_passes + 5.56785714285711 * sccp;0.839375985443897;0.839375985443897;0.839375985443897;0.839375985443897;0.000884;2;5.56785714285711 * sccp;1;1.18251797705164;
Elapsed=00:00:00.0009663
Learning progress:
1;229.68 * time_passes + 11.2842857142857 * gvn;2.22743558703192;2.22743558703192;2.22743558703192;2.22743558703192;0.00123;2;11.2842857142857 * gvn;1;2.14669707140705;
2;222.981666666667 * time_passes + 14.155 * gvn + 6.69833333333332 * jump_threading;0.590307453019611;0.590307453019611;0.590307453019611;0.590307453019611;0.003983;3;6.69833333333332 * jump_threading;1;1.63712813401231;
Elapsed=00:00:00.0040888
Learning progress:
1;224.658333333334 * time_passes + 15.8092857142853 * gvn;1.95794320040686;1.95794320040686;1.95794320040686;1.95794320040686;0.000955;2;15.8092857142853 * gvn;1;4.67324575500066;
2;221.267956989248 * time_passes + 15.3249462365587 * gvn + 6.78075268817179 * jump_threading;0.773110778304675;0.773110778304675;0.773110778304675;0.773110778304675;0.003799;3;6.78075268817179 * jump_threading;1;1.18483242210218;
Elapsed=00:00:00.0039027
Learning progress:
1;236.215 * time_passes + 4.09366666666604 * inline;1.51773884792288;1.51773884792288;1.51773884792288;1.51773884792288;0.000947;2;4.09366666666604 * inline;1;3.12987685538135;
2;236.215 * time_passes + 7.55833333333267 * inline + -8.66166666666638 * ipsccp;0.807853451318647;0.807853451318647;0.807853451318647;0.807853451318647;0.003544;3;-8.66166666666638 * ipsccp;1;0.709885396604236;
Elapsed=00:00:00.0036504
Learning progress:
1;234.68 * time_passes + 5.09874999999985 * instcombine;2.35736753091591;2.35736753091591;2.35736753091591;2.35736753091591;0.00103;2;5.09874999999985 * instcombine;1;1.73669663891924;
Elapsed=00:00:00.0033952
Learning progress:
1;237.007142857143 * time_passes + 5.56785714285711 * sccp;0.839375985443897;0.839375985443897;0.839375985443897;0.839375985443897;0.001011;2;5.56785714285711 * sccp;1;1.18251797705164;
Elapsed=00:00:00.0010929
Learning progress:
1;229.68 * time_passes + 11.2842857142857 * gvn;2.22743558703192;2.22743558703192;2.22743558703192;2.22743558703192;0.000982;2;11.2842857142857 * gvn;1;2.14669707140705;
2;222.981666666667 * time_passes + 14.155 * gvn + 6.69833333333332 * jump_threading;0.590307453019611;0.590307453019611;0.590307453019611;0.590307453019611;0.004533;3;6.69833333333332 * jump_threading;1;1.63712813401231;
Elapsed=00:00:00.0046404
Learning progress:
1;224.658333333334 * time_passes + 15.8092857142853 * gvn;1.95794320040686;1.95794320040686;1.95794320040686;1.95794320040686;0.000923;2;15.8092857142853 * gvn;1;4.67324575500066;
2;221.267956989248 * time_passes + 15.3249462365587 * gvn + 6.78075268817179 * jump_threading;0.773110778304675;0.773110778304675;0.773110778304675;0.773110778304675;0.003898;3;6.78075268817179 * jump_threading;1;1.18483242210218;
Elapsed=00:00:00.0039995
Learning progress:
1;236.215 * time_passes + 4.09366666666604 * inline;1.51773884792288;1.51773884792288;1.51773884792288;1.51773884792288;0.001022;2;4.09366666666604 * inline;1;3.12987685538135;
2;236.215 * time_passes + 7.55833333333267 * inline + -8.66166666666638 * ipsccp;0.807853451318647;0.807853451318647;0.807853451318647;0.807853451318647;0.003692;3;-8.66166666666638 * ipsccp;1;0.709885396604236;
Elapsed=00:00:00.0037782
Learning progress:
1;234.68 * time_passes + 5.09874999999985 * instcombine;2.35736753091591;2.35736753091591;2.35736753091591;2.35736753091591;0.001115;2;5.09874999999985 * instcombine;1;1.73669663891924;
Elapsed=00:00:00.0036274
Learning progress:
1;237.007142857143 * time_passes + 5.56785714285711 * sccp;0.839375985443897;0.839375985443897;0.839375985443897;0.839375985443897;0.001005;2;5.56785714285711 * sccp;1;1.18251797705164;
Elapsed=00:00:00.0011014
Learning progress:
1;229.68 * time_passes + 11.2842857142857 * gvn;2.22743558703192;2.22743558703192;2.22743558703192;2.22743558703192;0.001229;2;11.2842857142857 * gvn;1;2.14669707140705;
2;222.981666666667 * time_passes + 14.155 * gvn + 6.69833333333332 * jump_threading;0.590307453019611;0.590307453019611;0.590307453019611;0.590307453019611;0.004025;3;6.69833333333332 * jump_threading;1;1.63712813401231;
Elapsed=00:00:00.0041423
Learning progress:
1;224.658333333334 * time_passes + 15.8092857142853 * gvn;1.95794320040686;1.95794320040686;1.95794320040686;1.95794320040686;0.001091;2;15.8092857142853 * gvn;1;4.67324575500066;
2;221.267956989248 * time_passes + 15.3249462365587 * gvn + 6.78075268817179 * jump_threading;0.773110778304675;0.773110778304675;0.773110778304675;0.773110778304675;0.003781;3;6.78075268817179 * jump_threading;1;1.18483242210218;
Elapsed=00:00:00.0038832
Learning progress:
1;236.215 * time_passes + 4.09366666666604 * inline;1.51773884792288;1.51773884792288;1.51773884792288;1.51773884792288;0.000926;2;4.09366666666604 * inline;1;3.12987685538135;
2;236.215 * time_passes + 7.55833333333267 * inline + -8.66166666666638 * ipsccp;0.807853451318647;0.807853451318647;0.807853451318647;0.807853451318647;0.004431;3;-8.66166666666638 * ipsccp;1;0.709885396604236;
Elapsed=00:00:00.0045193
Learning progress:
1;234.68 * time_passes + 5.09874999999985 * instcombine;2.35736753091591;2.35736753091591;2.35736753091591;2.35736753091591;0.001055;2;5.09874999999985 * instcombine;1;1.73669663891924;
Elapsed=00:00:00.0034561
Learning progress:
1;237.007142857143 * time_passes + 5.56785714285711 * sccp;0.839375985443897;0.839375985443897;0.839375985443897;0.839375985443897;0.00086;2;5.56785714285711 * sccp;1;1.18251797705164;
Elapsed=00:00:00.0009449
Learning progress:
1;229.68 * time_passes + 11.2842857142857 * gvn;2.22743558703192;2.22743558703192;2.22743558703192;2.22743558703192;0.000953;2;11.2842857142857 * gvn;1;2.14669707140705;
2;222.981666666667 * time_passes + 14.155 * gvn + 6.69833333333332 * jump_threading;0.590307453019611;0.590307453019611;0.590307453019611;0.590307453019611;0.003883;3;6.69833333333332 * jump_threading;1;1.63712813401231;
Elapsed=00:00:00.0039969
Learning progress:
1;224.658333333334 * time_passes + 15.8092857142853 * gvn;1.95794320040686;1.95794320040686;1.95794320040686;1.95794320040686;0.001695;2;15.8092857142853 * gvn;1;4.67324575500066;
2;221.267956989248 * time_passes + 15.3249462365587 * gvn + 6.78075268817179 * jump_threading;0.773110778304675;0.773110778304675;0.773110778304675;0.773110778304675;0.00463;3;6.78075268817179 * jump_threading;1;1.18483242210218;
Elapsed=00:00:00.0047345
Learning progress:
1;236.215 * time_passes + 4.09366666666604 * inline;1.51773884792288;1.51773884792288;1.51773884792288;1.51773884792288;0.000961;2;4.09366666666604 * inline;1;3.12987685538135;
2;236.215 * time_passes + 7.55833333333267 * inline + -8.66166666666638 * ipsccp;0.807853451318647;0.807853451318647;0.807853451318647;0.807853451318647;0.003852;3;-8.66166666666638 * ipsccp;1;0.709885396604236;
Elapsed=00:00:00.0039401
Learning progress:
1;234.68 * time_passes + 5.09874999999985 * instcombine;2.35736753091591;2.35736753091591;2.35736753091591;2.35736753091591;0.000873;2;5.09874999999985 * instcombine;1;1.73669663891924;
Elapsed=00:00:00.0035939
Learning progress:
1;237.007142857143 * time_passes + 5.56785714285711 * sccp;0.839375985443897;0.839375985443897;0.839375985443897;0.839375985443897;0.00084;2;5.56785714285711 * sccp;1;1.18251797705164;
Elapsed=00:00:00.0009228
Learning progress:
1;229.68 * time_passes + 11.2842857142857 * gvn;2.22743558703192;2.22743558703192;2.22743558703192;2.22743558703192;0.001145;2;11.2842857142857 * gvn;1;2.14669707140705;
2;222.981666666667 * time_passes + 14.155 * gvn + 6.69833333333332 * jump_threading;0.590307453019611;0.590307453019611;0.590307453019611;0.590307453019611;0.003975;3;6.69833333333332 * jump_threading;1;1.63712813401231;
Elapsed=00:00:00.0040863
Learning progress:
1;224.658333333334 * time_passes + 15.8092857142853 * gvn;1.95794320040686;1.95794320040686;1.95794320040686;1.95794320040686;0.00093;2;15.8092857142853 * gvn;1;4.67324575500066;
2;221.267956989248 * time_passes + 15.3249462365587 * gvn + 6.78075268817179 * jump_threading;0.773110778304675;0.773110778304675;0.773110778304675;0.773110778304675;0.003744;3;6.78075268817179 * jump_threading;1;1.18483242210218;
Elapsed=00:00:00.0038541
Learning progress:
1;236.215 * time_passes + 4.09366666666604 * inline;1.51773884792288;1.51773884792288;1.51773884792288;1.51773884792288;0.001014;2;4.09366666666604 * inline;1;3.12987685538135;
2;236.215 * time_passes + 7.55833333333267 * inline + -8.66166666666638 * ipsccp;0.807853451318647;0.807853451318647;0.807853451318647;0.807853451318647;0.003631;3;-8.66166666666638 * ipsccp;1;0.709885396604236;
Elapsed=00:00:00.0037165
Learning progress:
1;234.68 * time_passes + 5.09874999999985 * instcombine;2.35736753091591;2.35736753091591;2.35736753091591;2.35736753091591;0.001718;2;5.09874999999985 * instcombine;1;1.73669663891924;
Elapsed=00:00:00.0041922
Learning progress:
1;237.007142857143 * time_passes + 5.56785714285711 * sccp;0.839375985443897;0.839375985443897;0.839375985443897;0.839375985443897;0.000966;2;5.56785714285711 * sccp;1;1.18251797705164;
Elapsed=00:00:00.0010691
Learning progress:
1;229.68 * time_passes + 11.2842857142857 * gvn;2.22743558703192;2.22743558703192;2.22743558703192;2.22743558703192;0.000981;2;11.2842857142857 * gvn;1;2.14669707140705;
2;222.981666666667 * time_passes + 14.155 * gvn + 6.69833333333332 * jump_threading;0.590307453019611;0.590307453019611;0.590307453019611;0.590307453019611;0.003759;3;6.69833333333332 * jump_threading;1;1.63712813401231;
Elapsed=00:00:00.0038678
Learning progress:
1;224.658333333334 * time_passes + 15.8092857142853 * gvn;1.95794320040686;1.95794320040686;1.95794320040686;1.95794320040686;0.000947;2;15.8092857142853 * gvn;1;4.67324575500066;
2;221.267956989248 * time_passes + 15.3249462365587 * gvn + 6.78075268817179 * jump_threading;0.773110778304675;0.773110778304675;0.773110778304675;0.773110778304675;0.003672;3;6.78075268817179 * jump_threading;1;1.18483242210218;
Elapsed=00:00:00.0037783
Learning progress:
1;236.215 * time_passes + 4.09366666666604 * inline;1.51773884792288;1.51773884792288;1.51773884792288;1.51773884792288;0.000947;2;4.09366666666604 * inline;1;3.12987685538135;
2;236.215 * time_passes + 7.55833333333267 * inline + -8.66166666666638 * ipsccp;0.807853451318647;0.807853451318647;0.807853451318647;0.807853451318647;0.003765;3;-8.66166666666638 * ipsccp;1;0.709885396604236;
Elapsed=00:00:00.0038534
Learning progress:
1;234.68 * time_passes + 5.09874999999985 * instcombine;2.35736753091591;2.35736753091591;2.35736753091591;2.35736753091591;0.000926;2;5.09874999999985 * instcombine;1;1.73669663891924;
Elapsed=00:00:00.0050657
Learning progress:
1;237.007142857143 * time_passes + 5.56785714285711 * sccp;0.839375985443897;0.839375985443897;0.839375985443897;0.839375985443897;0.000882;2;5.56785714285711 * sccp;1;1.18251797705164;
Elapsed=00:00:00.0009649
Learning progress:
1;229.68 * time_passes + 11.2842857142857 * gvn;2.22743558703192;2.22743558703192;2.22743558703192;2.22743558703192;0.001168;2;11.2842857142857 * gvn;1;2.14669707140705;
2;222.981666666667 * time_passes + 14.155 * gvn + 6.69833333333332 * jump_threading;0.590307453019611;0.590307453019611;0.590307453019611;0.590307453019611;0.0049;3;6.69833333333332 * jump_threading;1;1.63712813401231;
Elapsed=00:00:00.0050273
Learning progress:
1;224.658333333334 * time_passes + 15.8092857142853 * gvn;1.95794320040686;1.95794320040686;1.95794320040686;1.95794320040686;0.000933;2;15.8092857142853 * gvn;1;4.67324575500066;
2;221.267956989248 * time_passes + 15.3249462365587 * gvn + 6.78075268817179 * jump_threading;0.773110778304675;0.773110778304675;0.773110778304675;0.773110778304675;0.003738;3;6.78075268817179 * jump_threading;1;1.18483242210218;
Elapsed=00:00:00.0038396
Learning progress:
1;236.215 * time_passes + 4.09366666666604 * inline;1.51773884792288;1.51773884792288;1.51773884792288;1.51773884792288;0.00093;2;4.09366666666604 * inline;1;3.12987685538135;
2;236.215 * time_passes + 7.55833333333267 * inline + -8.66166666666638 * ipsccp;0.807853451318647;0.807853451318647;0.807853451318647;0.807853451318647;0.003539;3;-8.66166666666638 * ipsccp;1;0.709885396604236;
Elapsed=00:00:00.0036348
Learning progress:
1;234.68 * time_passes + 5.09874999999985 * instcombine;2.35736753091591;2.35736753091591;2.35736753091591;2.35736753091591;0.000983;2;5.09874999999985 * instcombine;1;1.73669663891924;
Elapsed=00:00:00.0034149
Learning progress:
1;237.007142857143 * time_passes + 5.56785714285711 * sccp;0.839375985443897;0.839375985443897;0.839375985443897;0.839375985443897;0.000906;2;5.56785714285711 * sccp;1;1.18251797705164;
Elapsed=00:00:00.0009922
Learning progress:
1;229.68 * time_passes + 11.2842857142857 * gvn;2.22743558703192;2.22743558703192;2.22743558703192;2.22743558703192;0.000935;2;11.2842857142857 * gvn;1;2.14669707140705;
2;222.981666666667 * time_passes + 14.155 * gvn + 6.69833333333332 * jump_threading;0.590307453019611;0.590307453019611;0.590307453019611;0.590307453019611;0.003709;3;6.69833333333332 * jump_threading;1;1.63712813401231;
Elapsed=00:00:00.0038171
Learning progress:
1;224.658333333334 * time_passes + 15.8092857142853 * gvn;1.95794320040686;1.95794320040686;1.95794320040686;1.95794320040686;0.000972;2;15.8092857142853 * gvn;1;4.67324575500066;
2;221.267956989248 * time_passes + 15.3249462365587 * gvn + 6.78075268817179 * jump_threading;0.773110778304675;0.773110778304675;0.773110778304675;0.773110778304675;0.003673;3;6.78075268817179 * jump_threading;1;1.18483242210218;
Elapsed=00:00:00.0037744
Learning progress:
1;236.215 * time_passes + 4.09366666666604 * inline;1.51773884792288;1.51773884792288;1.51773884792288;1.51773884792288;0.000925;2;4.09366666666604 * inline;1;3.12987685538135;
2;236.215 * time_passes + 7.55833333333267 * inline + -8.66166666666638 * ipsccp;0.807853451318647;0.807853451318647;0.807853451318647;0.807853451318647;0.004738;3;-8.66166666666638 * ipsccp;1;0.709885396604236;
Elapsed=00:00:00.0048283
Learning progress:
1;234.68 * time_passes + 5.09874999999985 * instcombine;2.35736753091591;2.35736753091591;2.35736753091591;2.35736753091591;0.000874;2;5.09874999999985 * instcombine;1;1.73669663891924;
Elapsed=00:00:00.0032108
Learning progress:
1;237.007142857143 * time_passes + 5.56785714285711 * sccp;0.839375985443897;0.839375985443897;0.839375985443897;0.839375985443897;0.001106;2;5.56785714285711 * sccp;1;1.18251797705164;
Elapsed=00:00:00.0011921
Learning progress:
1;229.68 * time_passes + 11.2842857142857 * gvn;2.22743558703192;2.22743558703192;2.22743558703192;2.22743558703192;0.001083;2;11.2842857142857 * gvn;1;2.14669707140705;
2;222.981666666667 * time_passes + 14.155 * gvn + 6.69833333333332 * jump_threading;0.590307453019611;0.590307453019611;0.590307453019611;0.590307453019611;0.004122;3;6.69833333333332 * jump_threading;1;1.63712813401231;
Elapsed=00:00:00.0042328
Learning progress:
1;224.658333333334 * time_passes + 15.8092857142853 * gvn;1.95794320040686;1.95794320040686;1.95794320040686;1.95794320040686;0.001908;2;15.8092857142853 * gvn;1;4.67324575500066;
2;221.267956989248 * time_passes + 15.3249462365587 * gvn + 6.78075268817179 * jump_threading;0.773110778304675;0.773110778304675;0.773110778304675;0.773110778304675;0.00458;3;6.78075268817179 * jump_threading;1;1.18483242210218;
Elapsed=00:00:00.0046825
Learning progress:
1;236.215 * time_passes + 4.09366666666604 * inline;1.51773884792288;1.51773884792288;1.51773884792288;1.51773884792288;0.001019;2;4.09366666666604 * inline;1;3.12987685538135;
2;236.215 * time_passes + 7.55833333333267 * inline + -8.66166666666638 * ipsccp;0.807853451318647;0.807853451318647;0.807853451318647;0.807853451318647;0.003604;3;-8.66166666666638 * ipsccp;1;0.709885396604236;
Elapsed=00:00:00.0036897
Learning progress:
1;234.68 * time_passes + 5.09874999999985 * instcombine;2.35736753091591;2.35736753091591;2.35736753091591;2.35736753091591;0.00088;2;5.09874999999985 * instcombine;1;1.73669663891924;
Elapsed=00:00:00.0033673
Learning progress:
1;237.007142857143 * time_passes + 5.56785714285711 * sccp;0.839375985443897;0.839375985443897;0.839375985443897;0.839375985443897;0.000845;2;5.56785714285711 * sccp;1;1.18251797705164;
Elapsed=00:00:00.0009292
Learning progress:
1;229.68 * time_passes + 11.2842857142857 * gvn;2.22743558703192;2.22743558703192;2.22743558703192;2.22743558703192;0.001063;2;11.2842857142857 * gvn;1;2.14669707140705;
2;222.981666666667 * time_passes + 14.155 * gvn + 6.69833333333332 * jump_threading;0.590307453019611;0.590307453019611;0.590307453019611;0.590307453019611;0.003811;3;6.69833333333332 * jump_threading;1;1.63712813401231;
Elapsed=00:00:00.0039194
Learning progress:
1;224.658333333334 * time_passes + 15.8092857142853 * gvn;1.95794320040686;1.95794320040686;1.95794320040686;1.95794320040686;0.001192;2;15.8092857142853 * gvn;1;4.67324575500066;
2;221.267956989248 * time_passes + 15.3249462365587 * gvn + 6.78075268817179 * jump_threading;0.773110778304675;0.773110778304675;0.773110778304675;0.773110778304675;0.003929;3;6.78075268817179 * jump_threading;1;1.18483242210218;
Elapsed=00:00:00.0040308
Learning progress:
1;236.215 * time_passes + 4.09366666666604 * inline;1.51773884792288;1.51773884792288;1.51773884792288;1.51773884792288;0.00091;2;4.09366666666604 * inline;1;3.12987685538135;
2;236.215 * time_passes + 7.55833333333267 * inline + -8.66166666666638 * ipsccp;0.807853451318647;0.807853451318647;0.807853451318647;0.807853451318647;0.003524;3;-8.66166666666638 * ipsccp;1;0.709885396604236;
Elapsed=00:00:00.0036119
Learning progress:
1;234.68 * time_passes + 5.09874999999985 * instcombine;2.35736753091591;2.35736753091591;2.35736753091591;2.35736753091591;0.001644;2;5.09874999999985 * instcombine;1;1.73669663891924;
Elapsed=00:00:00.0040099
Learning progress:
1;237.007142857143 * time_passes + 5.56785714285711 * sccp;0.839375985443897;0.839375985443897;0.839375985443897;0.839375985443897;0.000965;2;5.56785714285711 * sccp;1;1.18251797705164;
Elapsed=00:00:00.0010479
Learning progress:
1;229.68 * time_passes + 11.2842857142857 * gvn;2.22743558703192;2.22743558703192;2.22743558703192;2.22743558703192;0.000992;2;11.2842857142857 * gvn;1;2.14669707140705;
2;222.981666666667 * time_passes + 14.155 * gvn + 6.69833333333332 * jump_threading;0.590307453019611;0.590307453019611;0.590307453019611;0.590307453019611;0.003902;3;6.69833333333332 * jump_threading;1;1.63712813401231;
Elapsed=00:00:00.0040098
Learning progress:
1;224.658333333334 * time_passes + 15.8092857142853 * gvn;1.95794320040686;1.95794320040686;1.95794320040686;1.95794320040686;0.001087;2;15.8092857142853 * gvn;1;4.67324575500066;
2;221.267956989248 * time_passes + 15.3249462365587 * gvn + 6.78075268817179 * jump_threading;0.773110778304675;0.773110778304675;0.773110778304675;0.773110778304675;0.00374;3;6.78075268817179 * jump_threading;1;1.18483242210218;
Elapsed=00:00:00.0038442
Learning progress:
1;236.215 * time_passes + 4.09366666666604 * inline;1.51773884792288;1.51773884792288;1.51773884792288;1.51773884792288;0.001168;2;4.09366666666604 * inline;1;3.12987685538135;
2;236.215 * time_passes + 7.55833333333267 * inline + -8.66166666666638 * ipsccp;0.807853451318647;0.807853451318647;0.807853451318647;0.807853451318647;0.003772;3;-8.66166666666638 * ipsccp;1;0.709885396604236;
Elapsed=00:00:00.0038587
Learning progress:
1;234.68 * time_passes + 5.09874999999985 * instcombine;2.35736753091591;2.35736753091591;2.35736753091591;2.35736753091591;0.000927;2;5.09874999999985 * instcombine;1;1.73669663891924;
Elapsed=00:00:00.0035846
Learning progress:
1;237.007142857143 * time_passes + 5.56785714285711 * sccp;0.839375985443897;0.839375985443897;0.839375985443897;0.839375985443897;0.000864;2;5.56785714285711 * sccp;1;1.18251797705164;
Elapsed=00:00:00.0009442
Learning progress:
1;229.68 * time_passes + 11.2842857142857 * gvn;2.22743558703192;2.22743558703192;2.22743558703192;2.22743558703192;0.00098;2;11.2842857142857 * gvn;1;2.14669707140705;
2;222.981666666667 * time_passes + 14.155 * gvn + 6.69833333333332 * jump_threading;0.590307453019611;0.590307453019611;0.590307453019611;0.590307453019611;0.004724;3;6.69833333333332 * jump_threading;1;1.63712813401231;
Elapsed=00:00:00.0048324
Learning progress:
1;224.658333333334 * time_passes + 15.8092857142853 * gvn;1.95794320040686;1.95794320040686;1.95794320040686;1.95794320040686;0.001107;2;15.8092857142853 * gvn;1;4.67324575500066;
2;221.267956989248 * time_passes + 15.3249462365587 * gvn + 6.78075268817179 * jump_threading;0.773110778304675;0.773110778304675;0.773110778304675;0.773110778304675;0.003776;3;6.78075268817179 * jump_threading;1;1.18483242210218;
Elapsed=00:00:00.0038773
Learning progress:
1;236.215 * time_passes + 4.09366666666604 * inline;1.51773884792288;1.51773884792288;1.51773884792288;1.51773884792288;0.001205;2;4.09366666666604 * inline;1;3.12987685538135;
2;236.215 * time_passes + 7.55833333333267 * inline + -8.66166666666638 * ipsccp;0.807853451318647;0.807853451318647;0.807853451318647;0.807853451318647;0.003754;3;-8.66166666666638 * ipsccp;1;0.709885396604236;
Elapsed=00:00:00.0038395
Learning progress:
1;234.68 * time_passes + 5.09874999999985 * instcombine;2.35736753091591;2.35736753091591;2.35736753091591;2.35736753091591;0.000991;2;5.09874999999985 * instcombine;1;1.73669663891924;
Elapsed=00:00:00.0042144
Learning progress:
1;237.007142857143 * time_passes + 5.56785714285711 * sccp;0.839375985443897;0.839375985443897;0.839375985443897;0.839375985443897;0.000837;2;5.56785714285711 * sccp;1;1.18251797705164;
Elapsed=00:00:00.0009197
Learning progress:
1;229.68 * time_passes + 11.2842857142857 * gvn;2.22743558703192;2.22743558703192;2.22743558703192;2.22743558703192;0.001054;2;11.2842857142857 * gvn;1;2.14669707140705;
2;222.981666666667 * time_passes + 14.155 * gvn + 6.69833333333332 * jump_threading;0.590307453019611;0.590307453019611;0.590307453019611;0.590307453019611;0.003903;3;6.69833333333332 * jump_threading;1;1.63712813401231;
Elapsed=00:00:00.0040111
Learning progress:
1;224.658333333334 * time_passes + 15.8092857142853 * gvn;1.95794320040686;1.95794320040686;1.95794320040686;1.95794320040686;0.001041;2;15.8092857142853 * gvn;1;4.67324575500066;
2;221.267956989248 * time_passes + 15.3249462365587 * gvn + 6.78075268817179 * jump_threading;0.773110778304675;0.773110778304675;0.773110778304675;0.773110778304675;0.003753;3;6.78075268817179 * jump_threading;1;1.18483242210218;
Elapsed=00:00:00.0038618
Learning progress:
1;236.215 * time_passes + 4.09366666666604 * inline;1.51773884792288;1.51773884792288;1.51773884792288;1.51773884792288;0.001264;2;4.09366666666604 * inline;1;3.12987685538135;
2;236.215 * time_passes + 7.55833333333267 * inline + -8.66166666666638 * ipsccp;0.807853451318647;0.807853451318647;0.807853451318647;0.807853451318647;0.004786;3;-8.66166666666638 * ipsccp;1;0.709885396604236;
Elapsed=00:00:00.0048749
Learning progress:
1;234.68 * time_passes + 5.09874999999985 * instcombine;2.35736753091591;2.35736753091591;2.35736753091591;2.35736753091591;0.000869;2;5.09874999999985 * instcombine;1;1.73669663891924;
Elapsed=00:00:00.0032297
Learning progress:
1;237.007142857143 * time_passes + 5.56785714285711 * sccp;0.839375985443897;0.839375985443897;0.839375985443897;0.839375985443897;0.000957;2;5.56785714285711 * sccp;1;1.18251797705164;
Elapsed=00:00:00.0010734
Learning progress:
1;229.68 * time_passes + 11.2842857142857 * gvn;2.22743558703192;2.22743558703192;2.22743558703192;2.22743558703192;0.001091;2;11.2842857142857 * gvn;1;2.14669707140705;
2;222.981666666667 * time_passes + 14.155 * gvn + 6.69833333333332 * jump_threading;0.590307453019611;0.590307453019611;0.590307453019611;0.590307453019611;0.003883;3;6.69833333333332 * jump_threading;1;1.63712813401231;
Elapsed=00:00:00.0039897
Learning progress:
1;224.658333333334 * time_passes + 15.8092857142853 * gvn;1.95794320040686;1.95794320040686;1.95794320040686;1.95794320040686;0.001981;2;15.8092857142853 * gvn;1;4.67324575500066;
2;221.267956989248 * time_passes + 15.3249462365587 * gvn + 6.78075268817179 * jump_threading;0.773110778304675;0.773110778304675;0.773110778304675;0.773110778304675;0.004803;3;6.78075268817179 * jump_threading;1;1.18483242210218;
Elapsed=00:00:00.0049047
Learning progress:
1;236.215 * time_passes + 4.09366666666604 * inline;1.51773884792288;1.51773884792288;1.51773884792288;1.51773884792288;0.000951;2;4.09366666666604 * inline;1;3.12987685538135;
2;236.215 * time_passes + 7.55833333333267 * inline + -8.66166666666638 * ipsccp;0.807853451318647;0.807853451318647;0.807853451318647;0.807853451318647;0.00352;3;-8.66166666666638 * ipsccp;1;0.709885396604236;
Elapsed=00:00:00.0036061
Learning progress:
1;234.68 * time_passes + 5.09874999999985 * instcombine;2.35736753091591;2.35736753091591;2.35736753091591;2.35736753091591;0.001088;2;5.09874999999985 * instcombine;1;1.73669663891924;
Elapsed=00:00:00.0034337
Learning progress:
1;237.007142857143 * time_passes + 5.56785714285711 * sccp;0.839375985443897;0.839375985443897;0.839375985443897;0.839375985443897;0.000882;2;5.56785714285711 * sccp;1;1.18251797705164;
Elapsed=00:00:00.0009663
Learning progress:
1;229.68 * time_passes + 11.2842857142857 * gvn;2.22743558703192;2.22743558703192;2.22743558703192;2.22743558703192;0.000981;2;11.2842857142857 * gvn;1;2.14669707140705;
2;222.981666666667 * time_passes + 14.155 * gvn + 6.69833333333332 * jump_threading;0.590307453019611;0.590307453019611;0.590307453019611;0.590307453019611;0.003882;3;6.69833333333332 * jump_threading;1;1.63712813401231;
Elapsed=00:00:00.0039925
Learning progress:
1;224.658333333334 * time_passes + 15.8092857142853 * gvn;1.95794320040686;1.95794320040686;1.95794320040686;1.95794320040686;0.001288;2;15.8092857142853 * gvn;1;4.67324575500066;
2;221.267956989248 * time_passes + 15.3249462365587 * gvn + 6.78075268817179 * jump_threading;0.773110778304675;0.773110778304675;0.773110778304675;0.773110778304675;0.004258;3;6.78075268817179 * jump_threading;1;1.18483242210218;
Elapsed=00:00:00.0043615
Learning progress:
1;236.215 * time_passes + 4.09366666666604 * inline;1.51773884792288;1.51773884792288;1.51773884792288;1.51773884792288;0.0012;2;4.09366666666604 * inline;1;3.12987685538135;
2;236.215 * time_passes + 7.55833333333267 * inline + -8.66166666666638 * ipsccp;0.807853451318647;0.807853451318647;0.807853451318647;0.807853451318647;0.003849;3;-8.66166666666638 * ipsccp;1;0.709885396604236;
Elapsed=00:00:00.0039341
Learning progress:
1;234.68 * time_passes + 5.09874999999985 * instcombine;2.35736753091591;2.35736753091591;2.35736753091591;2.35736753091591;0.000883;2;5.09874999999985 * instcombine;1;1.73669663891924;
Elapsed=00:00:00.0032768
Learning progress:
1;237.007142857143 * time_passes + 5.56785714285711 * sccp;0.839375985443897;0.839375985443897;0.839375985443897;0.839375985443897;0.00096;2;5.56785714285711 * sccp;1;1.18251797705164;
Elapsed=00:00:00.0010414
Learning progress:
1;229.68 * time_passes + 11.2842857142857 * gvn;2.22743558703192;2.22743558703192;2.22743558703192;2.22743558703192;0.001114;2;11.2842857142857 * gvn;1;2.14669707140705;
2;222.981666666667 * time_passes + 14.155 * gvn + 6.69833333333332 * jump_threading;0.590307453019611;0.590307453019611;0.590307453019611;0.590307453019611;0.003986;3;6.69833333333332 * jump_threading;1;1.63712813401231;
Elapsed=00:00:00.0041173
Learning progress:
1;224.658333333334 * time_passes + 15.8092857142853 * gvn;1.95794320040686;1.95794320040686;1.95794320040686;1.95794320040686;0.001064;2;15.8092857142853 * gvn;1;4.67324575500066;
2;221.267956989248 * time_passes + 15.3249462365587 * gvn + 6.78075268817179 * jump_threading;0.773110778304675;0.773110778304675;0.773110778304675;0.773110778304675;0.005028;3;6.78075268817179 * jump_threading;1;1.18483242210218;
Elapsed=00:00:00.0051333
Learning progress:
1;236.215 * time_passes + 4.09366666666604 * inline;1.51773884792288;1.51773884792288;1.51773884792288;1.51773884792288;0.000941;2;4.09366666666604 * inline;1;3.12987685538135;
2;236.215 * time_passes + 7.55833333333267 * inline + -8.66166666666638 * ipsccp;0.807853451318647;0.807853451318647;0.807853451318647;0.807853451318647;0.003666;3;-8.66166666666638 * ipsccp;1;0.709885396604236;
Elapsed=00:00:00.0037525
Learning progress:
1;234.68 * time_passes + 5.09874999999985 * instcombine;2.35736753091591;2.35736753091591;2.35736753091591;2.35736753091591;0.001092;2;5.09874999999985 * instcombine;1;1.73669663891924;
Elapsed=00:00:00.0034053
Learning progress:
1;237.007142857143 * time_passes + 5.56785714285711 * sccp;0.839375985443897;0.839375985443897;0.839375985443897;0.839375985443897;0.001065;2;5.56785714285711 * sccp;1;1.18251797705164;
Elapsed=00:00:00.0011593
Learning progress:
1;229.68 * time_passes + 11.2842857142857 * gvn;2.22743558703192;2.22743558703192;2.22743558703192;2.22743558703192;0.00111;2;11.2842857142857 * gvn;1;2.14669707140705;
2;222.981666666667 * time_passes + 14.155 * gvn + 6.69833333333332 * jump_threading;0.590307453019611;0.590307453019611;0.590307453019611;0.590307453019611;0.004793;3;6.69833333333332 * jump_threading;1;1.63712813401231;
Elapsed=00:00:00.0049015
Learning progress:
1;224.658333333334 * time_passes + 15.8092857142853 * gvn;1.95794320040686;1.95794320040686;1.95794320040686;1.95794320040686;0.001213;2;15.8092857142853 * gvn;1;4.67324575500066;
2;221.267956989248 * time_passes + 15.3249462365587 * gvn + 6.78075268817179 * jump_threading;0.773110778304675;0.773110778304675;0.773110778304675;0.773110778304675;0.003959;3;6.78075268817179 * jump_threading;1;1.18483242210218;
Elapsed=00:00:00.0040602
Learning progress:
1;236.215 * time_passes + 4.09366666666604 * inline;1.51773884792288;1.51773884792288;1.51773884792288;1.51773884792288;0.001006;2;4.09366666666604 * inline;1;3.12987685538135;
2;236.215 * time_passes + 7.55833333333267 * inline + -8.66166666666638 * ipsccp;0.807853451318647;0.807853451318647;0.807853451318647;0.807853451318647;0.003884;3;-8.66166666666638 * ipsccp;1;0.709885396604236;
Elapsed=00:00:00.0039714
Learning progress:
1;234.68 * time_passes + 5.09874999999985 * instcombine;2.35736753091591;2.35736753091591;2.35736753091591;2.35736753091591;0.001065;2;5.09874999999985 * instcombine;1;1.73669663891924;
Elapsed=00:00:00.0044511
Learning progress:
1;237.007142857143 * time_passes + 5.56785714285711 * sccp;0.839375985443897;0.839375985443897;0.839375985443897;0.839375985443897;0.000962;2;5.56785714285711 * sccp;1;1.18251797705164;
Elapsed=00:00:00.0010444
Learning progress:
1;229.68 * time_passes + 11.2842857142857 * gvn;2.22743558703192;2.22743558703192;2.22743558703192;2.22743558703192;0.001221;2;11.2842857142857 * gvn;1;2.14669707140705;
2;222.981666666667 * time_passes + 14.155 * gvn + 6.69833333333332 * jump_threading;0.590307453019611;0.590307453019611;0.590307453019611;0.590307453019611;0.003982;3;6.69833333333332 * jump_threading;1;1.63712813401231;
Elapsed=00:00:00.0040889
Learning progress:
1;224.658333333334 * time_passes + 15.8092857142853 * gvn;1.95794320040686;1.95794320040686;1.95794320040686;1.95794320040686;0.000931;2;15.8092857142853 * gvn;1;4.67324575500066;
2;221.267956989248 * time_passes + 15.3249462365587 * gvn + 6.78075268817179 * jump_threading;0.773110778304675;0.773110778304675;0.773110778304675;0.773110778304675;0.003632;3;6.78075268817179 * jump_threading;1;1.18483242210218;
Elapsed=00:00:00.0037338
Learning progress:
1;236.215 * time_passes + 4.09366666666604 * inline;1.51773884792288;1.51773884792288;1.51773884792288;1.51773884792288;0.001867;2;4.09366666666604 * inline;1;3.12987685538135;
2;236.215 * time_passes + 7.55833333333267 * inline + -8.66166666666638 * ipsccp;0.807853451318647;0.807853451318647;0.807853451318647;0.807853451318647;0.004597;3;-8.66166666666638 * ipsccp;1;0.709885396604236;
Elapsed=00:00:00.0046861
Learning progress:
1;234.68 * time_passes + 5.09874999999985 * instcombine;2.35736753091591;2.35736753091591;2.35736753091591;2.35736753091591;0.00089;2;5.09874999999985 * instcombine;1;1.73669663891924;
Elapsed=00:00:00.0032303
Learning progress:
1;237.007142857143 * time_passes + 5.56785714285711 * sccp;0.839375985443897;0.839375985443897;0.839375985443897;0.839375985443897;0.000988;2;5.56785714285711 * sccp;1;1.18251797705164;
Elapsed=00:00:00.0010726
Learning progress:
1;229.68 * time_passes + 11.2842857142857 * gvn;2.22743558703192;2.22743558703192;2.22743558703192;2.22743558703192;0.001165;2;11.2842857142857 * gvn;1;2.14669707140705;
2;222.981666666667 * time_passes + 14.155 * gvn + 6.69833333333332 * jump_threading;0.590307453019611;0.590307453019611;0.590307453019611;0.590307453019611;0.004043;3;6.69833333333332 * jump_threading;1;1.63712813401231;
Elapsed=00:00:00.0041604
Learning progress:
1;224.658333333334 * time_passes + 15.8092857142853 * gvn;1.95794320040686;1.95794320040686;1.95794320040686;1.95794320040686;0.001005;2;15.8092857142853 * gvn;1;4.67324575500066;
2;221.267956989248 * time_passes + 15.3249462365587 * gvn + 6.78075268817179 * jump_threading;0.773110778304675;0.773110778304675;0.773110778304675;0.773110778304675;0.003695;3;6.78075268817179 * jump_threading;1;1.18483242210218;
Elapsed=00:00:00.0038006
Learning progress:
1;236.215 * time_passes + 4.09366666666604 * inline;1.51773884792288;1.51773884792288;1.51773884792288;1.51773884792288;0.001115;2;4.09366666666604 * inline;1;3.12987685538135;
2;236.215 * time_passes + 7.55833333333267 * inline + -8.66166666666638 * ipsccp;0.807853451318647;0.807853451318647;0.807853451318647;0.807853451318647;0.004169;3;-8.66166666666638 * ipsccp;1;0.709885396604236;
Elapsed=00:00:00.0042731
Learning progress:
1;234.68 * time_passes + 5.09874999999985 * instcombine;2.35736753091591;2.35736753091591;2.35736753091591;2.35736753091591;0.000976;2;5.09874999999985 * instcombine;1;1.73669663891924;
Elapsed=00:00:00.0033775
Learning progress:
1;237.007142857143 * time_passes + 5.56785714285711 * sccp;0.839375985443897;0.839375985443897;0.839375985443897;0.839375985443897;0.001899;2;5.56785714285711 * sccp;1;1.18251797705164;
Elapsed=00:00:00.0019885
Learning progress:
1;229.68 * time_passes + 11.2842857142857 * gvn;2.22743558703192;2.22743558703192;2.22743558703192;2.22743558703192;0.001346;2;11.2842857142857 * gvn;1;2.14669707140705;
2;222.981666666667 * time_passes + 14.155 * gvn + 6.69833333333332 * jump_threading;0.590307453019611;0.590307453019611;0.590307453019611;0.590307453019611;0.004267;3;6.69833333333332 * jump_threading;1;1.63712813401231;
Elapsed=00:00:00.0043824
Learning progress:
1;224.658333333334 * time_passes + 15.8092857142853 * gvn;1.95794320040686;1.95794320040686;1.95794320040686;1.95794320040686;0.000941;2;15.8092857142853 * gvn;1;4.67324575500066;
2;221.267956989248 * time_passes + 15.3249462365587 * gvn + 6.78075268817179 * jump_threading;0.773110778304675;0.773110778304675;0.773110778304675;0.773110778304675;0.003691;3;6.78075268817179 * jump_threading;1;1.18483242210218;
Elapsed=00:00:00.0037965
Learning progress:
1;236.215 * time_passes + 4.09366666666604 * inline;1.51773884792288;1.51773884792288;1.51773884792288;1.51773884792288;0.001133;2;4.09366666666604 * inline;1;3.12987685538135;
2;236.215 * time_passes + 7.55833333333267 * inline + -8.66166666666638 * ipsccp;0.807853451318647;0.807853451318647;0.807853451318647;0.807853451318647;0.004819;3;-8.66166666666638 * ipsccp;1;0.709885396604236;
Elapsed=00:00:00.0049072
Learning progress:
1;234.68 * time_passes + 5.09874999999985 * instcombine;2.35736753091591;2.35736753091591;2.35736753091591;2.35736753091591;0.000928;2;5.09874999999985 * instcombine;1;1.73669663891924;
Elapsed=00:00:00.0032352
Learning progress:
1;237.007142857143 * time_passes + 5.56785714285711 * sccp;0.839375985443897;0.839375985443897;0.839375985443897;0.839375985443897;0.001128;2;5.56785714285711 * sccp;1;1.18251797705164;
Elapsed=00:00:00.0012111
Learning progress:
1;229.68 * time_passes + 11.2842857142857 * gvn;2.22743558703192;2.22743558703192;2.22743558703192;2.22743558703192;0.001097;2;11.2842857142857 * gvn;1;2.14669707140705;
2;222.981666666667 * time_passes + 14.155 * gvn + 6.69833333333332 * jump_threading;0.590307453019611;0.590307453019611;0.590307453019611;0.590307453019611;0.003935;3;6.69833333333332 * jump_threading;1;1.63712813401231;
Elapsed=00:00:00.0040491
Learning progress:
1;224.658333333334 * time_passes + 15.8092857142853 * gvn;1.95794320040686;1.95794320040686;1.95794320040686;1.95794320040686;0.00109;2;15.8092857142853 * gvn;1;4.67324575500066;
2;221.267956989248 * time_passes + 15.3249462365587 * gvn + 6.78075268817179 * jump_threading;0.773110778304675;0.773110778304675;0.773110778304675;0.773110778304675;0.00481;3;6.78075268817179 * jump_threading;1;1.18483242210218;
Elapsed=00:00:00.0049125
Learning progress:
1;236.215 * time_passes + 4.09366666666604 * inline;1.51773884792288;1.51773884792288;1.51773884792288;1.51773884792288;0.000925;2;4.09366666666604 * inline;1;3.12987685538135;
2;236.215 * time_passes + 7.55833333333267 * inline + -8.66166666666638 * ipsccp;0.807853451318647;0.807853451318647;0.807853451318647;0.807853451318647;0.003473;3;-8.66166666666638 * ipsccp;1;0.709885396604236;
Elapsed=00:00:00.0035593
Learning progress:
1;234.68 * time_passes + 5.09874999999985 * instcombine;2.35736753091591;2.35736753091591;2.35736753091591;2.35736753091591;0.001034;2;5.09874999999985 * instcombine;1;1.73669663891924;
Elapsed=00:00:00.0035773
Learning progress:
1;237.007142857143 * time_passes + 5.56785714285711 * sccp;0.839375985443897;0.839375985443897;0.839375985443897;0.839375985443897;0.000867;2;5.56785714285711 * sccp;1;1.18251797705164;
Elapsed=00:00:00.0009488
Learning progress:
1;229.68 * time_passes + 11.2842857142857 * gvn;2.22743558703192;2.22743558703192;2.22743558703192;2.22743558703192;0.00184;2;11.2842857142857 * gvn;1;2.14669707140705;
2;222.981666666667 * time_passes + 14.155 * gvn + 6.69833333333332 * jump_threading;0.590307453019611;0.590307453019611;0.590307453019611;0.590307453019611;0.004629;3;6.69833333333332 * jump_threading;1;1.63712813401231;
Elapsed=00:00:00.0047363
Learning progress:
1;224.658333333334 * time_passes + 15.8092857142853 * gvn;1.95794320040686;1.95794320040686;1.95794320040686;1.95794320040686;0.001024;2;15.8092857142853 * gvn;1;4.67324575500066;
2;221.267956989248 * time_passes + 15.3249462365587 * gvn + 6.78075268817179 * jump_threading;0.773110778304675;0.773110778304675;0.773110778304675;0.773110778304675;0.003923;3;6.78075268817179 * jump_threading;1;1.18483242210218;
Elapsed=00:00:00.0040244
Learning progress:
1;236.215 * time_passes + 4.09366666666604 * inline;1.51773884792288;1.51773884792288;1.51773884792288;1.51773884792288;0.001152;2;4.09366666666604 * inline;1;3.12987685538135;
2;236.215 * time_passes + 7.55833333333267 * inline + -8.66166666666638 * ipsccp;0.807853451318647;0.807853451318647;0.807853451318647;0.807853451318647;0.003742;3;-8.66166666666638 * ipsccp;1;0.709885396604236;
Elapsed=00:00:00.0038269
Learning progress:
1;234.68 * time_passes + 5.09874999999985 * instcombine;2.35736753091591;2.35736753091591;2.35736753091591;2.35736753091591;0.001036;2;5.09874999999985 * instcombine;1;1.73669663891924;
Elapsed=00:00:00.0042696
Learning progress:
1;237.007142857143 * time_passes + 5.56785714285711 * sccp;0.839375985443897;0.839375985443897;0.839375985443897;0.839375985443897;0.000844;2;5.56785714285711 * sccp;1;1.18251797705164;
Elapsed=00:00:00.0009371
Learning progress:
1;229.68 * time_passes + 11.2842857142857 * gvn;2.22743558703192;2.22743558703192;2.22743558703192;2.22743558703192;0.000948;2;11.2842857142857 * gvn;1;2.14669707140705;
2;222.981666666667 * time_passes + 14.155 * gvn + 6.69833333333332 * jump_threading;0.590307453019611;0.590307453019611;0.590307453019611;0.590307453019611;0.003694;3;6.69833333333332 * jump_threading;1;1.63712813401231;
Elapsed=00:00:00.0038016
Learning progress:
1;224.658333333334 * time_passes + 15.8092857142853 * gvn;1.95794320040686;1.95794320040686;1.95794320040686;1.95794320040686;0.001083;2;15.8092857142853 * gvn;1;4.67324575500066;
2;221.267956989248 * time_passes + 15.3249462365587 * gvn + 6.78075268817179 * jump_threading;0.773110778304675;0.773110778304675;0.773110778304675;0.773110778304675;0.003782;3;6.78075268817179 * jump_threading;1;1.18483242210218;
Elapsed=00:00:00.0038853
Learning progress:
1;236.215 * time_passes + 4.09366666666604 * inline;1.51773884792288;1.51773884792288;1.51773884792288;1.51773884792288;0.001918;2;4.09366666666604 * inline;1;3.12987685538135;
2;236.215 * time_passes + 7.55833333333267 * inline + -8.66166666666638 * ipsccp;0.807853451318647;0.807853451318647;0.807853451318647;0.807853451318647;0.004474;3;-8.66166666666638 * ipsccp;1;0.709885396604236;
Elapsed=00:00:00.0045598
Learning progress:
1;234.68 * time_passes + 5.09874999999985 * instcombine;2.35736753091591;2.35736753091591;2.35736753091591;2.35736753091591;0.00102;2;5.09874999999985 * instcombine;1;1.73669663891924;
Elapsed=00:00:00.0033421
Learning progress:
1;237.007142857143 * time_passes + 5.56785714285711 * sccp;0.839375985443897;0.839375985443897;0.839375985443897;0.839375985443897;0.000854;2;5.56785714285711 * sccp;1;1.18251797705164;
Elapsed=00:00:00.0009357
Learning progress:
1;229.68 * time_passes + 11.2842857142857 * gvn;2.22743558703192;2.22743558703192;2.22743558703192;2.22743558703192;0.000988;2;11.2842857142857 * gvn;1;2.14669707140705;
2;222.981666666667 * time_passes + 14.155 * gvn + 6.69833333333332 * jump_threading;0.590307453019611;0.590307453019611;0.590307453019611;0.590307453019611;0.003693;3;6.69833333333332 * jump_threading;1;1.63712813401231;
Elapsed=00:00:00.0037995
Learning progress:
1;224.658333333334 * time_passes + 15.8092857142853 * gvn;1.95794320040686;1.95794320040686;1.95794320040686;1.95794320040686;0.000939;2;15.8092857142853 * gvn;1;4.67324575500066;
2;221.267956989248 * time_passes + 15.3249462365587 * gvn + 6.78075268817179 * jump_threading;0.773110778304675;0.773110778304675;0.773110778304675;0.773110778304675;0.003694;3;6.78075268817179 * jump_threading;1;1.18483242210218;
Elapsed=00:00:00.0037960
Learning progress:
1;236.215 * time_passes + 4.09366666666604 * inline;1.51773884792288;1.51773884792288;1.51773884792288;1.51773884792288;0.001063;2;4.09366666666604 * inline;1;3.12987685538135;
2;236.215 * time_passes + 7.55833333333267 * inline + -8.66166666666638 * ipsccp;0.807853451318647;0.807853451318647;0.807853451318647;0.807853451318647;0.003583;3;-8.66166666666638 * ipsccp;1;0.709885396604236;
Elapsed=00:00:00.0036679
Learning progress:
1;234.68 * time_passes + 5.09874999999985 * instcombine;2.35736753091591;2.35736753091591;2.35736753091591;2.35736753091591;0.001023;2;5.09874999999985 * instcombine;1;1.73669663891924;
Elapsed=00:00:00.0033481
Learning progress:
1;237.007142857143 * time_passes + 5.56785714285711 * sccp;0.839375985443897;0.839375985443897;0.839375985443897;0.839375985443897;0.001031;2;5.56785714285711 * sccp;1;1.18251797705164;
Elapsed=00:00:00.0011201
Learning progress:
1;229.68 * time_passes + 11.2842857142857 * gvn;2.22743558703192;2.22743558703192;2.22743558703192;2.22743558703192;0.001073;2;11.2842857142857 * gvn;1;2.14669707140705;
2;222.981666666667 * time_passes + 14.155 * gvn + 6.69833333333332 * jump_threading;0.590307453019611;0.590307453019611;0.590307453019611;0.590307453019611;0.004059;3;6.69833333333332 * jump_threading;1;1.63712813401231;
Elapsed=00:00:00.0041660
Learning progress:
1;224.658333333334 * time_passes + 15.8092857142853 * gvn;1.95794320040686;1.95794320040686;1.95794320040686;1.95794320040686;0.00095;2;15.8092857142853 * gvn;1;4.67324575500066;
2;221.267956989248 * time_passes + 15.3249462365587 * gvn + 6.78075268817179 * jump_threading;0.773110778304675;0.773110778304675;0.773110778304675;0.773110778304675;0.00358;3;6.78075268817179 * jump_threading;1;1.18483242210218;
Elapsed=00:00:00.0036812
Learning progress:
1;236.215 * time_passes + 4.09366666666604 * inline;1.51773884792288;1.51773884792288;1.51773884792288;1.51773884792288;0.000928;2;4.09366666666604 * inline;1;3.12987685538135;
2;236.215 * time_passes + 7.55833333333267 * inline + -8.66166666666638 * ipsccp;0.807853451318647;0.807853451318647;0.807853451318647;0.807853451318647;0.00445;3;-8.66166666666638 * ipsccp;1;0.709885396604236;
Elapsed=00:00:00.0045368
Learning progress:
1;234.68 * time_passes + 5.09874999999985 * instcombine;2.35736753091591;2.35736753091591;2.35736753091591;2.35736753091591;0.00086;2;5.09874999999985 * instcombine;1;1.73669663891924;
Elapsed=00:00:00.0031781
Learning progress:
1;237.007142857143 * time_passes + 5.56785714285711 * sccp;0.839375985443897;0.839375985443897;0.839375985443897;0.839375985443897;0.000831;2;5.56785714285711 * sccp;1;1.18251797705164;
Elapsed=00:00:00.0009132
Learning progress:
1;229.68 * time_passes + 11.2842857142857 * gvn;2.22743558703192;2.22743558703192;2.22743558703192;2.22743558703192;0.001;2;11.2842857142857 * gvn;1;2.14669707140705;
2;222.981666666667 * time_passes + 14.155 * gvn + 6.69833333333332 * jump_threading;0.590307453019611;0.590307453019611;0.590307453019611;0.590307453019611;0.003721;3;6.69833333333332 * jump_threading;1;1.63712813401231;
Elapsed=00:00:00.0038271
Learning progress:
1;224.658333333334 * time_passes + 15.8092857142853 * gvn;1.95794320040686;1.95794320040686;1.95794320040686;1.95794320040686;0.000977;2;15.8092857142853 * gvn;1;4.67324575500066;
2;221.267956989248 * time_passes + 15.3249462365587 * gvn + 6.78075268817179 * jump_threading;0.773110778304675;0.773110778304675;0.773110778304675;0.773110778304675;0.004748;3;6.78075268817179 * jump_threading;1;1.18483242210218;
Elapsed=00:00:00.0048546
Learning progress:
1;236.215 * time_passes + 4.09366666666604 * inline;1.51773884792288;1.51773884792288;1.51773884792288;1.51773884792288;0.000923;2;4.09366666666604 * inline;1;3.12987685538135;
2;236.215 * time_passes + 7.55833333333267 * inline + -8.66166666666638 * ipsccp;0.807853451318647;0.807853451318647;0.807853451318647;0.807853451318647;0.003535;3;-8.66166666666638 * ipsccp;1;0.709885396604236;
Elapsed=00:00:00.0036226
Learning progress:
1;234.68 * time_passes + 5.09874999999985 * instcombine;2.35736753091591;2.35736753091591;2.35736753091591;2.35736753091591;0.001028;2;5.09874999999985 * instcombine;1;1.73669663891924;
Elapsed=00:00:00.0033735
Learning progress:
1;237.007142857143 * time_passes + 5.56785714285711 * sccp;0.839375985443897;0.839375985443897;0.839375985443897;0.839375985443897;0.001018;2;5.56785714285711 * sccp;1;1.18251797705164;
Elapsed=00:00:00.0011035
Learning progress:
1;229.68 * time_passes + 11.2842857142857 * gvn;2.22743558703192;2.22743558703192;2.22743558703192;2.22743558703192;0.001928;2;11.2842857142857 * gvn;1;2.14669707140705;
2;222.981666666667 * time_passes + 14.155 * gvn + 6.69833333333332 * jump_threading;0.590307453019611;0.590307453019611;0.590307453019611;0.590307453019611;0.004668;3;6.69833333333332 * jump_threading;1;1.63712813401231;
Elapsed=00:00:00.0047746
Learning progress:
1;224.658333333334 * time_passes + 15.8092857142853 * gvn;1.95794320040686;1.95794320040686;1.95794320040686;1.95794320040686;0.001075;2;15.8092857142853 * gvn;1;4.67324575500066;
2;221.267956989248 * time_passes + 15.3249462365587 * gvn + 6.78075268817179 * jump_threading;0.773110778304675;0.773110778304675;0.773110778304675;0.773110778304675;0.003765;3;6.78075268817179 * jump_threading;1;1.18483242210218;
Elapsed=00:00:00.0038665
Learning progress:
1;236.215 * time_passes + 4.09366666666604 * inline;1.51773884792288;1.51773884792288;1.51773884792288;1.51773884792288;0.000932;2;4.09366666666604 * inline;1;3.12987685538135;
2;236.215 * time_passes + 7.55833333333267 * inline + -8.66166666666638 * ipsccp;0.807853451318647;0.807853451318647;0.807853451318647;0.807853451318647;0.003677;3;-8.66166666666638 * ipsccp;1;0.709885396604236;
Elapsed=00:00:00.0037621
Learning progress:
1;234.68 * time_passes + 5.09874999999985 * instcombine;2.35736753091591;2.35736753091591;2.35736753091591;2.35736753091591;0.001073;2;5.09874999999985 * instcombine;1;1.73669663891924;
Elapsed=00:00:00.0041779
Learning progress:
1;237.007142857143 * time_passes + 5.56785714285711 * sccp;0.839375985443897;0.839375985443897;0.839375985443897;0.839375985443897;0.000825;2;5.56785714285711 * sccp;1;1.18251797705164;
Elapsed=00:00:00.0009060
Learning progress:
1;229.68 * time_passes + 11.2842857142857 * gvn;2.22743558703192;2.22743558703192;2.22743558703192;2.22743558703192;0.001159;2;11.2842857142857 * gvn;1;2.14669707140705;
2;222.981666666667 * time_passes + 14.155 * gvn + 6.69833333333332 * jump_threading;0.590307453019611;0.590307453019611;0.590307453019611;0.590307453019611;0.003896;3;6.69833333333332 * jump_threading;1;1.63712813401231;
Elapsed=00:00:00.0040024
Learning progress:
1;224.658333333334 * time_passes + 15.8092857142853 * gvn;1.95794320040686;1.95794320040686;1.95794320040686;1.95794320040686;0.001069;2;15.8092857142853 * gvn;1;4.67324575500066;
2;221.267956989248 * time_passes + 15.3249462365587 * gvn + 6.78075268817179 * jump_threading;0.773110778304675;0.773110778304675;0.773110778304675;0.773110778304675;0.00386;3;6.78075268817179 * jump_threading;1;1.18483242210218;
Elapsed=00:00:00.0039713
Learning progress:
1;236.215 * time_passes + 4.09366666666604 * inline;1.51773884792288;1.51773884792288;1.51773884792288;1.51773884792288;0.001035;2;4.09366666666604 * inline;1;3.12987685538135;
2;236.215 * time_passes + 7.55833333333267 * inline + -8.66166666666638 * ipsccp;0.807853451318647;0.807853451318647;0.807853451318647;0.807853451318647;0.003605;3;-8.66166666666638 * ipsccp;1;0.709885396604236;
Elapsed=00:00:00.0036915
Learning progress:
1;234.68 * time_passes + 5.09874999999985 * instcombine;2.35736753091591;2.35736753091591;2.35736753091591;2.35736753091591;0.001006;2;5.09874999999985 * instcombine;1;1.73669663891924;
Elapsed=00:00:00.0033890
Learning progress:
1;237.007142857143 * time_passes + 5.56785714285711 * sccp;0.839375985443897;0.839375985443897;0.839375985443897;0.839375985443897;0.000844;2;5.56785714285711 * sccp;1;1.18251797705164;
Elapsed=00:00:00.0009254
Learning progress:
1;229.68 * time_passes + 11.2842857142857 * gvn;2.22743558703192;2.22743558703192;2.22743558703192;2.22743558703192;0.000974;2;11.2842857142857 * gvn;1;2.14669707140705;
2;222.981666666667 * time_passes + 14.155 * gvn + 6.69833333333332 * jump_threading;0.590307453019611;0.590307453019611;0.590307453019611;0.590307453019611;0.004531;3;6.69833333333332 * jump_threading;1;1.63712813401231;
Elapsed=00:00:00.0046468
Learning progress:
1;224.658333333334 * time_passes + 15.8092857142853 * gvn;1.95794320040686;1.95794320040686;1.95794320040686;1.95794320040686;0.000941;2;15.8092857142853 * gvn;1;4.67324575500066;
2;221.267956989248 * time_passes + 15.3249462365587 * gvn + 6.78075268817179 * jump_threading;0.773110778304675;0.773110778304675;0.773110778304675;0.773110778304675;0.003573;3;6.78075268817179 * jump_threading;1;1.18483242210218;
Elapsed=00:00:00.0036742
Learning progress:
1;236.215 * time_passes + 4.09366666666604 * inline;1.51773884792288;1.51773884792288;1.51773884792288;1.51773884792288;0.000913;2;4.09366666666604 * inline;1;3.12987685538135;
2;236.215 * time_passes + 7.55833333333267 * inline + -8.66166666666638 * ipsccp;0.807853451318647;0.807853451318647;0.807853451318647;0.807853451318647;0.003512;3;-8.66166666666638 * ipsccp;1;0.709885396604236;
Elapsed=00:00:00.0035992
Learning progress:
1;234.68 * time_passes + 5.09874999999985 * instcombine;2.35736753091591;2.35736753091591;2.35736753091591;2.35736753091591;0.00086;2;5.09874999999985 * instcombine;1;1.73669663891924;
Elapsed=00:00:00.0032603
Learning progress:
1;237.007142857143 * time_passes + 5.56785714285711 * sccp;0.839375985443897;0.839375985443897;0.839375985443897;0.839375985443897;0.001138;2;5.56785714285711 * sccp;1;1.18251797705164;
Elapsed=00:00:00.0012246
Learning progress:
1;229.68 * time_passes + 11.2842857142857 * gvn;2.22743558703192;2.22743558703192;2.22743558703192;2.22743558703192;0.000995;2;11.2842857142857 * gvn;1;2.14669707140705;
2;222.981666666667 * time_passes + 14.155 * gvn + 6.69833333333332 * jump_threading;0.590307453019611;0.590307453019611;0.590307453019611;0.590307453019611;0.003963;3;6.69833333333332 * jump_threading;1;1.63712813401231;
Elapsed=00:00:00.0040914
Learning progress:
1;224.658333333334 * time_passes + 15.8092857142853 * gvn;1.95794320040686;1.95794320040686;1.95794320040686;1.95794320040686;0.000939;2;15.8092857142853 * gvn;1;4.67324575500066;
2;221.267956989248 * time_passes + 15.3249462365587 * gvn + 6.78075268817179 * jump_threading;0.773110778304675;0.773110778304675;0.773110778304675;0.773110778304675;0.003911;3;6.78075268817179 * jump_threading;1;1.18483242210218;
Elapsed=00:00:00.0040135
Learning progress:
1;236.215 * time_passes + 4.09366666666604 * inline;1.51773884792288;1.51773884792288;1.51773884792288;1.51773884792288;0.000913;2;4.09366666666604 * inline;1;3.12987685538135;
2;236.215 * time_passes + 7.55833333333267 * inline + -8.66166666666638 * ipsccp;0.807853451318647;0.807853451318647;0.807853451318647;0.807853451318647;0.004494;3;-8.66166666666638 * ipsccp;1;0.709885396604236;
Elapsed=00:00:00.0045917
Learning progress:
1;234.68 * time_passes + 5.09874999999985 * instcombine;2.35736753091591;2.35736753091591;2.35736753091591;2.35736753091591;0.001149;2;5.09874999999985 * instcombine;1;1.73669663891924;
Elapsed=00:00:00.0036610
Learning progress:
1;237.007142857143 * time_passes + 5.56785714285711 * sccp;0.839375985443897;0.839375985443897;0.839375985443897;0.839375985443897;0.000859;2;5.56785714285711 * sccp;1;1.18251797705164;
Elapsed=00:00:00.0009450
Learning progress:
1;229.68 * time_passes + 11.2842857142857 * gvn;2.22743558703192;2.22743558703192;2.22743558703192;2.22743558703192;0.001144;2;11.2842857142857 * gvn;1;2.14669707140705;
2;222.981666666667 * time_passes + 14.155 * gvn + 6.69833333333332 * jump_threading;0.590307453019611;0.590307453019611;0.590307453019611;0.590307453019611;0.004124;3;6.69833333333332 * jump_threading;1;1.63712813401231;
Elapsed=00:00:00.0042314
Learning progress:
1;224.658333333334 * time_passes + 15.8092857142853 * gvn;1.95794320040686;1.95794320040686;1.95794320040686;1.95794320040686;0.001062;2;15.8092857142853 * gvn;1;4.67324575500066;
2;221.267956989248 * time_passes + 15.3249462365587 * gvn + 6.78075268817179 * jump_threading;0.773110778304675;0.773110778304675;0.773110778304675;0.773110778304675;0.004555;3;6.78075268817179 * jump_threading;1;1.18483242210218;
Elapsed=00:00:00.0046583
Learning progress:
1;236.215 * time_passes + 4.09366666666604 * inline;1.51773884792288;1.51773884792288;1.51773884792288;1.51773884792288;0.000927;2;4.09366666666604 * inline;1;3.12987685538135;
2;236.215 * time_passes + 7.55833333333267 * inline + -8.66166666666638 * ipsccp;0.807853451318647;0.807853451318647;0.807853451318647;0.807853451318647;0.003485;3;-8.66166666666638 * ipsccp;1;0.709885396604236;
Elapsed=00:00:00.0035714
Learning progress:
1;234.68 * time_passes + 5.09874999999985 * instcombine;2.35736753091591;2.35736753091591;2.35736753091591;2.35736753091591;0.001114;2;5.09874999999985 * instcombine;1;1.73669663891924;
Elapsed=00:00:00.0034154
Learning progress:
1;237.007142857143 * time_passes + 5.56785714285711 * sccp;0.839375985443897;0.839375985443897;0.839375985443897;0.839375985443897;0.000991;2;5.56785714285711 * sccp;1;1.18251797705164;
Elapsed=00:00:00.0010750
Learning progress:
1;229.68 * time_passes + 11.2842857142857 * gvn;2.22743558703192;2.22743558703192;2.22743558703192;2.22743558703192;0.002071;2;11.2842857142857 * gvn;1;2.14669707140705;
2;222.981666666667 * time_passes + 14.155 * gvn + 6.69833333333332 * jump_threading;0.590307453019611;0.590307453019611;0.590307453019611;0.590307453019611;0.004771;3;6.69833333333332 * jump_threading;1;1.63712813401231;
Elapsed=00:00:00.0048779
Learning progress:
1;224.658333333334 * time_passes + 15.8092857142853 * gvn;1.95794320040686;1.95794320040686;1.95794320040686;1.95794320040686;0.001113;2;15.8092857142853 * gvn;1;4.67324575500066;
2;221.267956989248 * time_passes + 15.3249462365587 * gvn + 6.78075268817179 * jump_threading;0.773110778304675;0.773110778304675;0.773110778304675;0.773110778304675;0.003749;3;6.78075268817179 * jump_threading;1;1.18483242210218;
Elapsed=00:00:00.0038698
Learning progress:
1;236.215 * time_passes + 4.09366666666604 * inline;1.51773884792288;1.51773884792288;1.51773884792288;1.51773884792288;0.00123;2;4.09366666666604 * inline;1;3.12987685538135;
2;236.215 * time_passes + 7.55833333333267 * inline + -8.66166666666638 * ipsccp;0.807853451318647;0.807853451318647;0.807853451318647;0.807853451318647;0.003946;3;-8.66166666666638 * ipsccp;1;0.709885396604236;
Elapsed=00:00:00.0040318
Learning progress:
1;234.68 * time_passes + 5.09874999999985 * instcombine;2.35736753091591;2.35736753091591;2.35736753091591;2.35736753091591;0.001904;2;5.09874999999985 * instcombine;1;1.73669663891924;
Elapsed=00:00:00.0044750
Learning progress:
1;237.007142857143 * time_passes + 5.56785714285711 * sccp;0.839375985443897;0.839375985443897;0.839375985443897;0.839375985443897;0.000835;2;5.56785714285711 * sccp;1;1.18251797705164;
Elapsed=00:00:00.0009302
Learning progress:
1;229.68 * time_passes + 11.2842857142857 * gvn;2.22743558703192;2.22743558703192;2.22743558703192;2.22743558703192;0.000996;2;11.2842857142857 * gvn;1;2.14669707140705;
2;222.981666666667 * time_passes + 14.155 * gvn + 6.69833333333332 * jump_threading;0.590307453019611;0.590307453019611;0.590307453019611;0.590307453019611;0.003967;3;6.69833333333332 * jump_threading;1;1.63712813401231;
Elapsed=00:00:00.0040735
Learning progress:
1;224.658333333334 * time_passes + 15.8092857142853 * gvn;1.95794320040686;1.95794320040686;1.95794320040686;1.95794320040686;0.001054;2;15.8092857142853 * gvn;1;4.67324575500066;
2;221.267956989248 * time_passes + 15.3249462365587 * gvn + 6.78075268817179 * jump_threading;0.773110778304675;0.773110778304675;0.773110778304675;0.773110778304675;0.003733;3;6.78075268817179 * jump_threading;1;1.18483242210218;
Elapsed=00:00:00.0038341
Learning progress:
1;236.215 * time_passes + 4.09366666666604 * inline;1.51773884792288;1.51773884792288;1.51773884792288;1.51773884792288;0.000955;2;4.09366666666604 * inline;1;3.12987685538135;
2;236.215 * time_passes + 7.55833333333267 * inline + -8.66166666666638 * ipsccp;0.807853451318647;0.807853451318647;0.807853451318647;0.807853451318647;0.003601;3;-8.66166666666638 * ipsccp;1;0.709885396604236;
Elapsed=00:00:00.0036862
Learning progress:
1;234.68 * time_passes + 5.09874999999985 * instcombine;2.35736753091591;2.35736753091591;2.35736753091591;2.35736753091591;0.001147;2;5.09874999999985 * instcombine;1;1.73669663891924;
Elapsed=00:00:00.0034358
Learning progress:
1;237.007142857143 * time_passes + 5.56785714285711 * sccp;0.839375985443897;0.839375985443897;0.839375985443897;0.839375985443897;0.000988;2;5.56785714285711 * sccp;1;1.18251797705164;
Elapsed=00:00:00.0010698
Learning progress:
1;229.68 * time_passes + 11.2842857142857 * gvn;2.22743558703192;2.22743558703192;2.22743558703192;2.22743558703192;0.000964;2;11.2842857142857 * gvn;1;2.14669707140705;
2;222.981666666667 * time_passes + 14.155 * gvn + 6.69833333333332 * jump_threading;0.590307453019611;0.590307453019611;0.590307453019611;0.590307453019611;0.004656;3;6.69833333333332 * jump_threading;1;1.63712813401231;
Elapsed=00:00:00.0047650
Learning progress:
1;224.658333333334 * time_passes + 15.8092857142853 * gvn;1.95794320040686;1.95794320040686;1.95794320040686;1.95794320040686;0.00107;2;15.8092857142853 * gvn;1;4.67324575500066;
2;221.267956989248 * time_passes + 15.3249462365587 * gvn + 6.78075268817179 * jump_threading;0.773110778304675;0.773110778304675;0.773110778304675;0.773110778304675;0.003692;3;6.78075268817179 * jump_threading;1;1.18483242210218;
Elapsed=00:00:00.0037939
Learning progress:
1;236.215 * time_passes + 4.09366666666604 * inline;1.51773884792288;1.51773884792288;1.51773884792288;1.51773884792288;0.000999;2;4.09366666666604 * inline;1;3.12987685538135;
2;236.215 * time_passes + 7.55833333333267 * inline + -8.66166666666638 * ipsccp;0.807853451318647;0.807853451318647;0.807853451318647;0.807853451318647;0.003691;3;-8.66166666666638 * ipsccp;1;0.709885396604236;
Elapsed=00:00:00.0037769
Learning progress:
1;234.68 * time_passes + 5.09874999999985 * instcombine;2.35736753091591;2.35736753091591;2.35736753091591;2.35736753091591;0.001007;2;5.09874999999985 * instcombine;1;1.73669663891924;
Elapsed=00:00:00.0037017
Learning progress:
1;237.007142857143 * time_passes + 5.56785714285711 * sccp;0.839375985443897;0.839375985443897;0.839375985443897;0.839375985443897;0.001147;2;5.56785714285711 * sccp;1;1.18251797705164;
Elapsed=00:00:00.0012384
Learning progress:
1;229.68 * time_passes + 11.2842857142857 * gvn;2.22743558703192;2.22743558703192;2.22743558703192;2.22743558703192;0.000997;2;11.2842857142857 * gvn;1;2.14669707140705;
2;222.981666666667 * time_passes + 14.155 * gvn + 6.69833333333332 * jump_threading;0.590307453019611;0.590307453019611;0.590307453019611;0.590307453019611;0.003823;3;6.69833333333332 * jump_threading;1;1.63712813401231;
Elapsed=00:00:00.0039300
Learning progress:
1;224.658333333334 * time_passes + 15.8092857142853 * gvn;1.95794320040686;1.95794320040686;1.95794320040686;1.95794320040686;0.001063;2;15.8092857142853 * gvn;1;4.67324575500066;
2;221.267956989248 * time_passes + 15.3249462365587 * gvn + 6.78075268817179 * jump_threading;0.773110778304675;0.773110778304675;0.773110778304675;0.773110778304675;0.003782;3;6.78075268817179 * jump_threading;1;1.18483242210218;
Elapsed=00:00:00.0038832
Learning progress:
1;236.215 * time_passes + 4.09366666666604 * inline;1.51773884792288;1.51773884792288;1.51773884792288;1.51773884792288;0.001179;2;4.09366666666604 * inline;1;3.12987685538135;
2;236.215 * time_passes + 7.55833333333267 * inline + -8.66166666666638 * ipsccp;0.807853451318647;0.807853451318647;0.807853451318647;0.807853451318647;0.005151;3;-8.66166666666638 * ipsccp;1;0.709885396604236;
Elapsed=00:00:00.0052414
Learning progress:
1;234.68 * time_passes + 5.09874999999985 * instcombine;2.35736753091591;2.35736753091591;2.35736753091591;2.35736753091591;0.001025;2;5.09874999999985 * instcombine;1;1.73669663891924;
Elapsed=00:00:00.0036058
Learning progress:
1;237.007142857143 * time_passes + 5.56785714285711 * sccp;0.839375985443897;0.839375985443897;0.839375985443897;0.839375985443897;0.00105;2;5.56785714285711 * sccp;1;1.18251797705164;
Elapsed=00:00:00.0011322
Learning progress:
1;229.68 * time_passes + 11.2842857142857 * gvn;2.22743558703192;2.22743558703192;2.22743558703192;2.22743558703192;0.000972;2;11.2842857142857 * gvn;1;2.14669707140705;
2;222.981666666667 * time_passes + 14.155 * gvn + 6.69833333333332 * jump_threading;0.590307453019611;0.590307453019611;0.590307453019611;0.590307453019611;0.003932;3;6.69833333333332 * jump_threading;1;1.63712813401231;
Elapsed=00:00:00.0040397
Learning progress:
1;224.658333333334 * time_passes + 15.8092857142853 * gvn;1.95794320040686;1.95794320040686;1.95794320040686;1.95794320040686;0.001858;2;15.8092857142853 * gvn;1;4.67324575500066;
2;221.267956989248 * time_passes + 15.3249462365587 * gvn + 6.78075268817179 * jump_threading;0.773110778304675;0.773110778304675;0.773110778304675;0.773110778304675;0.004485;3;6.78075268817179 * jump_threading;1;1.18483242210218;
Elapsed=00:00:00.0045860
Learning progress:
1;236.215 * time_passes + 4.09366666666604 * inline;1.51773884792288;1.51773884792288;1.51773884792288;1.51773884792288;0.001153;2;4.09366666666604 * inline;1;3.12987685538135;
2;236.215 * time_passes + 7.55833333333267 * inline + -8.66166666666638 * ipsccp;0.807853451318647;0.807853451318647;0.807853451318647;0.807853451318647;0.003881;3;-8.66166666666638 * ipsccp;1;0.709885396604236;
Elapsed=00:00:00.0039680
Learning progress:
1;234.68 * time_passes + 5.09874999999985 * instcombine;2.35736753091591;2.35736753091591;2.35736753091591;2.35736753091591;0.000886;2;5.09874999999985 * instcombine;1;1.73669663891924;
Elapsed=00:00:00.0033539
Learning progress:
1;237.007142857143 * time_passes + 5.56785714285711 * sccp;0.839375985443897;0.839375985443897;0.839375985443897;0.839375985443897;0.001044;2;5.56785714285711 * sccp;1;1.18251797705164;
Elapsed=00:00:00.0011270
Learning progress:
1;229.68 * time_passes + 11.2842857142857 * gvn;2.22743558703192;2.22743558703192;2.22743558703192;2.22743558703192;0.001007;2;11.2842857142857 * gvn;1;2.14669707140705;
2;222.981666666667 * time_passes + 14.155 * gvn + 6.69833333333332 * jump_threading;0.590307453019611;0.590307453019611;0.590307453019611;0.590307453019611;0.003711;3;6.69833333333332 * jump_threading;1;1.63712813401231;
Elapsed=00:00:00.0038201
Learning progress:
1;224.658333333334 * time_passes + 15.8092857142853 * gvn;1.95794320040686;1.95794320040686;1.95794320040686;1.95794320040686;0.001239;2;15.8092857142853 * gvn;1;4.67324575500066;
2;221.267956989248 * time_passes + 15.3249462365587 * gvn + 6.78075268817179 * jump_threading;0.773110778304675;0.773110778304675;0.773110778304675;0.773110778304675;0.003886;3;6.78075268817179 * jump_threading;1;1.18483242210218;
Elapsed=00:00:00.0039895
Learning progress:
1;236.215 * time_passes + 4.09366666666604 * inline;1.51773884792288;1.51773884792288;1.51773884792288;1.51773884792288;0.001027;2;4.09366666666604 * inline;1;3.12987685538135;
2;236.215 * time_passes + 7.55833333333267 * inline + -8.66166666666638 * ipsccp;0.807853451318647;0.807853451318647;0.807853451318647;0.807853451318647;0.004072;3;-8.66166666666638 * ipsccp;1;0.709885396604236;
Elapsed=00:00:00.0041614
Learning progress:
1;234.68 * time_passes + 5.09874999999985 * instcombine;2.35736753091591;2.35736753091591;2.35736753091591;2.35736753091591;0.000908;2;5.09874999999985 * instcombine;1;1.73669663891924;
Elapsed=00:00:00.0034159
Learning progress:
1;237.007142857143 * time_passes + 5.56785714285711 * sccp;0.839375985443897;0.839375985443897;0.839375985443897;0.839375985443897;0.000862;2;5.56785714285711 * sccp;1;1.18251797705164;
Elapsed=00:00:00.0009454
Learning progress:
1;229.68 * time_passes + 11.2842857142857 * gvn;2.22743558703192;2.22743558703192;2.22743558703192;2.22743558703192;0.001096;2;11.2842857142857 * gvn;1;2.14669707140705;
2;222.981666666667 * time_passes + 14.155 * gvn + 6.69833333333332 * jump_threading;0.590307453019611;0.590307453019611;0.590307453019611;0.590307453019611;0.003883;3;6.69833333333332 * jump_threading;1;1.63712813401231;
Elapsed=00:00:00.0039906
Learning progress:
1;224.658333333334 * time_passes + 15.8092857142853 * gvn;1.95794320040686;1.95794320040686;1.95794320040686;1.95794320040686;0.000932;2;15.8092857142853 * gvn;1;4.67324575500066;
2;221.267956989248 * time_passes + 15.3249462365587 * gvn + 6.78075268817179 * jump_threading;0.773110778304675;0.773110778304675;0.773110778304675;0.773110778304675;0.004481;3;6.78075268817179 * jump_threading;1;1.18483242210218;
Elapsed=00:00:00.0045899
Learning progress:
1;236.215 * time_passes + 4.09366666666604 * inline;1.51773884792288;1.51773884792288;1.51773884792288;1.51773884792288;0.00093;2;4.09366666666604 * inline;1;3.12987685538135;
2;236.215 * time_passes + 7.55833333333267 * inline + -8.66166666666638 * ipsccp;0.807853451318647;0.807853451318647;0.807853451318647;0.807853451318647;0.003476;3;-8.66166666666638 * ipsccp;1;0.709885396604236;
Elapsed=00:00:00.0035636
Learning progress:
1;234.68 * time_passes + 5.09874999999985 * instcombine;2.35736753091591;2.35736753091591;2.35736753091591;2.35736753091591;0.001023;2;5.09874999999985 * instcombine;1;1.73669663891924;
Elapsed=00:00:00.0033488
Learning progress:
1;237.007142857143 * time_passes + 5.56785714285711 * sccp;0.839375985443897;0.839375985443897;0.839375985443897;0.839375985443897;0.001149;2;5.56785714285711 * sccp;1;1.18251797705164;
Elapsed=00:00:00.0012335
Learning progress:
1;229.68 * time_passes + 11.2842857142857 * gvn;2.22743558703192;2.22743558703192;2.22743558703192;2.22743558703192;0.000992;2;11.2842857142857 * gvn;1;2.14669707140705;
2;222.981666666667 * time_passes + 14.155 * gvn + 6.69833333333332 * jump_threading;0.590307453019611;0.590307453019611;0.590307453019611;0.590307453019611;0.004795;3;6.69833333333332 * jump_threading;1;1.63712813401231;
Elapsed=00:00:00.0049076
Learning progress:
1;224.658333333334 * time_passes + 15.8092857142853 * gvn;1.95794320040686;1.95794320040686;1.95794320040686;1.95794320040686;0.000949;2;15.8092857142853 * gvn;1;4.67324575500066;
2;221.267956989248 * time_passes + 15.3249462365587 * gvn + 6.78075268817179 * jump_threading;0.773110778304675;0.773110778304675;0.773110778304675;0.773110778304675;0.003611;3;6.78075268817179 * jump_threading;1;1.18483242210218;
Elapsed=00:00:00.0037181
Learning progress:
1;236.215 * time_passes + 4.09366666666604 * inline;1.51773884792288;1.51773884792288;1.51773884792288;1.51773884792288;0.001107;2;4.09366666666604 * inline;1;3.12987685538135;
2;236.215 * time_passes + 7.55833333333267 * inline + -8.66166666666638 * ipsccp;0.807853451318647;0.807853451318647;0.807853451318647;0.807853451318647;0.003756;3;-8.66166666666638 * ipsccp;1;0.709885396604236;
Elapsed=00:00:00.0038442
Learning progress:
1;234.68 * time_passes + 5.09874999999985 * instcombine;2.35736753091591;2.35736753091591;2.35736753091591;2.35736753091591;0.001112;2;5.09874999999985 * instcombine;1;1.73669663891924;
Elapsed=00:00:00.0044906
Learning progress:
1;237.007142857143 * time_passes + 5.56785714285711 * sccp;0.839375985443897;0.839375985443897;0.839375985443897;0.839375985443897;0.000837;2;5.56785714285711 * sccp;1;1.18251797705164;
Elapsed=00:00:00.0009298
Learning progress:
1;229.68 * time_passes + 11.2842857142857 * gvn;2.22743558703192;2.22743558703192;2.22743558703192;2.22743558703192;0.001217;2;11.2842857142857 * gvn;1;2.14669707140705;
2;222.981666666667 * time_passes + 14.155 * gvn + 6.69833333333332 * jump_threading;0.590307453019611;0.590307453019611;0.590307453019611;0.590307453019611;0.003915;3;6.69833333333332 * jump_threading;1;1.63712813401231;
Elapsed=00:00:00.0040373
Learning progress:
1;224.658333333334 * time_passes + 15.8092857142853 * gvn;1.95794320040686;1.95794320040686;1.95794320040686;1.95794320040686;0.001106;2;15.8092857142853 * gvn;1;4.67324575500066;
2;221.267956989248 * time_passes + 15.3249462365587 * gvn + 6.78075268817179 * jump_threading;0.773110778304675;0.773110778304675;0.773110778304675;0.773110778304675;0.003869;3;6.78075268817179 * jump_threading;1;1.18483242210218;
Elapsed=00:00:00.0039709
Learning progress:
1;236.215 * time_passes + 4.09366666666604 * inline;1.51773884792288;1.51773884792288;1.51773884792288;1.51773884792288;0.000929;2;4.09366666666604 * inline;1;3.12987685538135;
2;236.215 * time_passes + 7.55833333333267 * inline + -8.66166666666638 * ipsccp;0.807853451318647;0.807853451318647;0.807853451318647;0.807853451318647;0.004492;3;-8.66166666666638 * ipsccp;1;0.709885396604236;
Elapsed=00:00:00.0045796
Learning progress:
1;234.68 * time_passes + 5.09874999999985 * instcombine;2.35736753091591;2.35736753091591;2.35736753091591;2.35736753091591;0.001221;2;5.09874999999985 * instcombine;1;1.73669663891924;
Elapsed=00:00:00.0037183
Learning progress:
1;237.007142857143 * time_passes + 5.56785714285711 * sccp;0.839375985443897;0.839375985443897;0.839375985443897;0.839375985443897;0.001071;2;5.56785714285711 * sccp;1;1.18251797705164;
Elapsed=00:00:00.0011524
Learning progress:
1;229.68 * time_passes + 11.2842857142857 * gvn;2.22743558703192;2.22743558703192;2.22743558703192;2.22743558703192;0.000969;2;11.2842857142857 * gvn;1;2.14669707140705;
2;222.981666666667 * time_passes + 14.155 * gvn + 6.69833333333332 * jump_threading;0.590307453019611;0.590307453019611;0.590307453019611;0.590307453019611;0.003724;3;6.69833333333332 * jump_threading;1;1.63712813401231;
Elapsed=00:00:00.0038318
Learning progress:
1;224.658333333334 * time_passes + 15.8092857142853 * gvn;1.95794320040686;1.95794320040686;1.95794320040686;1.95794320040686;0.001929;2;15.8092857142853 * gvn;1;4.67324575500066;
2;221.267956989248 * time_passes + 15.3249462365587 * gvn + 6.78075268817179 * jump_threading;0.773110778304675;0.773110778304675;0.773110778304675;0.773110778304675;0.004552;3;6.78075268817179 * jump_threading;1;1.18483242210218;
Elapsed=00:00:00.0046534
Learning progress:
1;236.215 * time_passes + 4.09366666666604 * inline;1.51773884792288;1.51773884792288;1.51773884792288;1.51773884792288;0.001127;2;4.09366666666604 * inline;1;3.12987685538135;
2;236.215 * time_passes + 7.55833333333267 * inline + -8.66166666666638 * ipsccp;0.807853451318647;0.807853451318647;0.807853451318647;0.807853451318647;0.00389;3;-8.66166666666638 * ipsccp;1;0.709885396604236;
Elapsed=00:00:00.0039767
Learning progress:
1;234.68 * time_passes + 5.09874999999985 * instcombine;2.35736753091591;2.35736753091591;2.35736753091591;2.35736753091591;0.001059;2;5.09874999999985 * instcombine;1;1.73669663891924;
Elapsed=00:00:00.0033866
Learning progress:
1;237.007142857143 * time_passes + 5.56785714285711 * sccp;0.839375985443897;0.839375985443897;0.839375985443897;0.839375985443897;0.000997;2;5.56785714285711 * sccp;1;1.18251797705164;
Elapsed=00:00:00.0010797
Learning progress:
1;229.68 * time_passes + 11.2842857142857 * gvn;2.22743558703192;2.22743558703192;2.22743558703192;2.22743558703192;0.001039;2;11.2842857142857 * gvn;1;2.14669707140705;
2;222.981666666667 * time_passes + 14.155 * gvn + 6.69833333333332 * jump_threading;0.590307453019611;0.590307453019611;0.590307453019611;0.590307453019611;0.003853;3;6.69833333333332 * jump_threading;1;1.63712813401231;
Elapsed=00:00:00.0039673
Learning progress:
1;224.658333333334 * time_passes + 15.8092857142853 * gvn;1.95794320040686;1.95794320040686;1.95794320040686;1.95794320040686;0.000935;2;15.8092857142853 * gvn;1;4.67324575500066;
2;221.267956989248 * time_passes + 15.3249462365587 * gvn + 6.78075268817179 * jump_threading;0.773110778304675;0.773110778304675;0.773110778304675;0.773110778304675;0.003621;3;6.78075268817179 * jump_threading;1;1.18483242210218;
Elapsed=00:00:00.0037269
Learning progress:
1;236.215 * time_passes + 4.09366666666604 * inline;1.51773884792288;1.51773884792288;1.51773884792288;1.51773884792288;0.001203;2;4.09366666666604 * inline;1;3.12987685538135;
2;236.215 * time_passes + 7.55833333333267 * inline + -8.66166666666638 * ipsccp;0.807853451318647;0.807853451318647;0.807853451318647;0.807853451318647;0.00386;3;-8.66166666666638 * ipsccp;1;0.709885396604236;
Elapsed=00:00:00.0039483
Learning progress:
1;234.68 * time_passes + 5.09874999999985 * instcombine;2.35736753091591;2.35736753091591;2.35736753091591;2.35736753091591;0.000889;2;5.09874999999985 * instcombine;1;1.73669663891924;
Elapsed=00:00:00.0034096
Learning progress:
1;237.007142857143 * time_passes + 5.56785714285711 * sccp;0.839375985443897;0.839375985443897;0.839375985443897;0.839375985443897;0.000836;2;5.56785714285711 * sccp;1;1.18251797705164;
Elapsed=00:00:00.0009214
Error of optimal parameters: 1.07360303980055
Optimal parameters abortError:1;minImprovementPerRound:0.1;lossFunction:RELATIVE;quadraticFunctionSupport:True;learn-logFunction:True;learn-asymFunction:True;learn-ratioFunction:True;withHierarchy:False;useBackward:False;
Learning progress:
1;224.658333333333 * time_passes + 16.8768518518516 * gvn;1.67493217858291;1.67493217858291;1.67493217858291;1.67493217858291;0.001764;2;16.8768518518516 * gvn;1;1.20984674753059;
2;221.014888888889 * time_passes + 15.6623703703699 * gvn + 7.2868888888887 * jump_threading;0.887281257661891;0.887281257661891;0.887281257661891;0.887281257661891;0.006082;3;7.2868888888887 * jump_threading;1;0.787650920921016;
Elapsed=00:00:00.0062837
command: clean-global
command: script ./learn_divDistBased_t2MLR.a
command: log ./out_divDistBased_t2PredictionsMLR.log
