Current machine learning settings: epsilon:0 lossFunction:RELATIVE parallelization:True bagging:False baggingNumbers:3 considerEpsilonTube:False baggingTestDataFraction:50 useBackward:False abortError:1 limitFeatureSize:False featureSizeTreshold:4 quadraticFunctionSupport:True crossValidation:False crossValidation-k:5 learn-logFunction:False learn-accumulatedLogFunction:False learn-asymFunction:False learn-ratioFunction:False learn-mirrowedFunction:False learn-numeric-disabled:True numberOfRounds:70 backwardErrorDelta:1 minImprovementPerRound:0.1 withHierarchy:False bruteForceCandidates:False ignoreBadFeatures:False stopOnLongRound:True candidateSizePenalty:True learnTimeLimit:00:00:00 scoreMeasure:RELERROR outputRoundsToStdout:False debug:False pythonInfluenceAnalysis:False blacklisted: 
command: solver z3
command: vm /scratch/kallistos/Distance-Based_Data/SupplementaryWebsite/MeasuredPerformanceValues/LLVM/FeatureModel.xml
Warning: Variability model contains outdated notation. Children nodes will no longer have effect on the model. Instead use the parent node to describe the parent of an configuration option. You can also use the converter providedby the Variability Model GUI in export>convert legacy model.
command: all /scratch/kallistos/Distance-Based_Data/SupplementaryWebsite/MeasuredPerformanceValues/LLVM/measurements.xml
Configs with too large deviation: 0
1024 configurations loaded.
command: nfp Performance
command: setsampleset /scratch/kallistos/Distance-Based_Data/Results/LLVM/LLVM_95/sampledConfigurations_divDistBased_t1.csv
command: learn-splconqueror-opt abortError=[1] minImprovementPerRound=[0.1,0.2,0.5] lossFunction=[RELATIVE] quadraticFunctionSupport=[True,False] learn_logFunction=[True,False] learn_asymFunction=[True,False] learn_ratioFunction=[True,False] withHierarchy=[False] useBackward=[False]
Learning: NumberOfConfigurationsLearning:11 NumberOfConfigurationsValidation:11
Learning progress:
1;220.990833333333 * time_passes + 22.6524999999994 * instcombine;0.501542529902883;0.501542529902883;0.501542529902883;0.501542529902883;0.042243;2;22.6524999999994 * instcombine;1;6.61724179137027;
Elapsed=00:00:00.0446903
Learning progress:
1;208.986666666667 * time_passes + 31.4149999999995 * gvn;1.13376558242063;1.13376558242063;1.13376558242063;1.13376558242063;0.000975;2;31.4149999999995 * gvn;1;7.38229334546175;
2;208.986666666667 * time_passes + 23.2816666666666 * gvn + 10.844444444444 * instcombine;0.578786234930766;0.578786234930766;0.578786234930766;0.578786234930766;0.003617;3;10.844444444444 * instcombine;1;0.554979347489869;
Elapsed=00:00:00.0036979
Learning progress:
1;230.867222222222 * time_passes + 12.5127777777775 * sccp;0.568749996421509;0.568749996421509;0.568749996421509;0.568749996421509;0.000864;2;12.5127777777775 * sccp;1;2.71160896946945;
Elapsed=00:00:00.0009354
Learning progress:
1;210.44 * time_passes + 30.0829166666665 * gvn;0.915035060586306;0.915035060586306;0.915035060586306;0.915035060586306;0.000882;2;30.0829166666665 * gvn;1;9.2472864533692;
Elapsed=00:00:00.0009534
Learning progress:
1;233.290833333333 * time_passes + 7.25249999999982 * ipsccp;1.27419139583587;1.27419139583587;1.27419139583587;1.27419139583587;0.000869;2;7.25249999999982 * ipsccp;1;6.67960038042353;
Elapsed=00:00:00.0034602
Learning progress:
1;220.990833333333 * time_passes + 22.6524999999994 * instcombine;0.501542529902883;0.501542529902883;0.501542529902883;0.501542529902883;0.000916;2;22.6524999999994 * instcombine;1;6.61724179137027;
Elapsed=00:00:00.0009982
Learning progress:
1;208.986666666667 * time_passes + 31.4149999999995 * gvn;1.13376558242063;1.13376558242063;1.13376558242063;1.13376558242063;0.000808;2;31.4149999999995 * gvn;1;7.38229334546175;
2;208.986666666667 * time_passes + 23.2816666666666 * gvn + 10.844444444444 * instcombine;0.578786234930766;0.578786234930766;0.578786234930766;0.578786234930766;0.003371;3;10.844444444444 * instcombine;1;0.554979347489869;
Elapsed=00:00:00.0034511
Learning progress:
1;230.867222222222 * time_passes + 12.5127777777775 * sccp;0.568749996421509;0.568749996421509;0.568749996421509;0.568749996421509;0.000833;2;12.5127777777775 * sccp;1;2.71160896946945;
Elapsed=00:00:00.0009101
Learning progress:
1;210.44 * time_passes + 30.0829166666665 * gvn;0.915035060586306;0.915035060586306;0.915035060586306;0.915035060586306;0.001142;2;30.0829166666665 * gvn;1;9.2472864533692;
Elapsed=00:00:00.0012128
Learning progress:
1;233.290833333333 * time_passes + 7.25249999999982 * ipsccp;1.27419139583587;1.27419139583587;1.27419139583587;1.27419139583587;0.001121;2;7.25249999999982 * ipsccp;1;6.67960038042353;
Elapsed=00:00:00.0041248
Learning progress:
1;220.990833333333 * time_passes + 22.6524999999994 * instcombine;0.501542529902883;0.501542529902883;0.501542529902883;0.501542529902883;0.000961;2;22.6524999999994 * instcombine;1;6.61724179137027;
Elapsed=00:00:00.0010423
Learning progress:
1;208.986666666667 * time_passes + 31.4149999999995 * gvn;1.13376558242063;1.13376558242063;1.13376558242063;1.13376558242063;0.000831;2;31.4149999999995 * gvn;1;7.38229334546175;
2;208.986666666667 * time_passes + 23.2816666666666 * gvn + 10.844444444444 * instcombine;0.578786234930766;0.578786234930766;0.578786234930766;0.578786234930766;0.003299;3;10.844444444444 * instcombine;1;0.554979347489869;
Elapsed=00:00:00.0033773
Learning progress:
1;230.867222222222 * time_passes + 12.5127777777775 * sccp;0.568749996421509;0.568749996421509;0.568749996421509;0.568749996421509;0.00089;2;12.5127777777775 * sccp;1;2.71160896946945;
Elapsed=00:00:00.0009666
Learning progress:
1;210.44 * time_passes + 30.0829166666665 * gvn;0.915035060586306;0.915035060586306;0.915035060586306;0.915035060586306;0.000778;2;30.0829166666665 * gvn;1;9.2472864533692;
Elapsed=00:00:00.0008473
Learning progress:
1;233.290833333333 * time_passes + 7.25249999999982 * ipsccp;1.27419139583587;1.27419139583587;1.27419139583587;1.27419139583587;0.001382;2;7.25249999999982 * ipsccp;1;6.67960038042353;
Elapsed=00:00:00.0038426
Learning progress:
1;220.990833333333 * time_passes + 22.6524999999994 * instcombine;0.501542529902883;0.501542529902883;0.501542529902883;0.501542529902883;0.000877;2;22.6524999999994 * instcombine;1;6.61724179137027;
Elapsed=00:00:00.0009592
Learning progress:
1;208.986666666667 * time_passes + 31.4149999999995 * gvn;1.13376558242063;1.13376558242063;1.13376558242063;1.13376558242063;0.000815;2;31.4149999999995 * gvn;1;7.38229334546175;
2;208.986666666667 * time_passes + 23.2816666666666 * gvn + 10.844444444444 * instcombine;0.578786234930766;0.578786234930766;0.578786234930766;0.578786234930766;0.003141;3;10.844444444444 * instcombine;1;0.554979347489869;
Elapsed=00:00:00.0032188
Learning progress:
1;230.867222222222 * time_passes + 12.5127777777775 * sccp;0.568749996421509;0.568749996421509;0.568749996421509;0.568749996421509;0.000991;2;12.5127777777775 * sccp;1;2.71160896946945;
Elapsed=00:00:00.0010593
Learning progress:
1;210.44 * time_passes + 30.0829166666665 * gvn;0.915035060586306;0.915035060586306;0.915035060586306;0.915035060586306;0.000806;2;30.0829166666665 * gvn;1;9.2472864533692;
Elapsed=00:00:00.0008754
Learning progress:
1;233.290833333333 * time_passes + 7.25249999999982 * ipsccp;1.27419139583587;1.27419139583587;1.27419139583587;1.27419139583587;0.000914;2;7.25249999999982 * ipsccp;1;6.67960038042353;
Elapsed=00:00:00.0032953
Learning progress:
1;220.990833333333 * time_passes + 22.6524999999994 * instcombine;0.501542529902883;0.501542529902883;0.501542529902883;0.501542529902883;0.000978;2;22.6524999999994 * instcombine;1;6.61724179137027;
Elapsed=00:00:00.0010599
Learning progress:
1;208.986666666667 * time_passes + 31.4149999999995 * gvn;1.13376558242063;1.13376558242063;1.13376558242063;1.13376558242063;0.000795;2;31.4149999999995 * gvn;1;7.38229334546175;
2;208.986666666667 * time_passes + 23.2816666666666 * gvn + 10.844444444444 * instcombine;0.578786234930766;0.578786234930766;0.578786234930766;0.578786234930766;0.003265;3;10.844444444444 * instcombine;1;0.554979347489869;
Elapsed=00:00:00.0033433
Learning progress:
1;230.867222222222 * time_passes + 12.5127777777775 * sccp;0.568749996421509;0.568749996421509;0.568749996421509;0.568749996421509;0.000914;2;12.5127777777775 * sccp;1;2.71160896946945;
Elapsed=00:00:00.0009877
Learning progress:
1;210.44 * time_passes + 30.0829166666665 * gvn;0.915035060586306;0.915035060586306;0.915035060586306;0.915035060586306;0.000821;2;30.0829166666665 * gvn;1;9.2472864533692;
Elapsed=00:00:00.0008990
Learning progress:
1;233.290833333333 * time_passes + 7.25249999999982 * ipsccp;1.27419139583587;1.27419139583587;1.27419139583587;1.27419139583587;0.001048;2;7.25249999999982 * ipsccp;1;6.67960038042353;
Elapsed=00:00:00.0034781
Learning progress:
1;220.990833333333 * time_passes + 22.6524999999994 * instcombine;0.501542529902883;0.501542529902883;0.501542529902883;0.501542529902883;0.000864;2;22.6524999999994 * instcombine;1;6.61724179137027;
Elapsed=00:00:00.0009448
Learning progress:
1;208.986666666667 * time_passes + 31.4149999999995 * gvn;1.13376558242063;1.13376558242063;1.13376558242063;1.13376558242063;0.00086;2;31.4149999999995 * gvn;1;7.38229334546175;
2;208.986666666667 * time_passes + 23.2816666666666 * gvn + 10.844444444444 * instcombine;0.578786234930766;0.578786234930766;0.578786234930766;0.578786234930766;0.00326;3;10.844444444444 * instcombine;1;0.554979347489869;
Elapsed=00:00:00.0033381
Learning progress:
1;230.867222222222 * time_passes + 12.5127777777775 * sccp;0.568749996421509;0.568749996421509;0.568749996421509;0.568749996421509;0.001344;2;12.5127777777775 * sccp;1;2.71160896946945;
Elapsed=00:00:00.0014138
Learning progress:
1;210.44 * time_passes + 30.0829166666665 * gvn;0.915035060586306;0.915035060586306;0.915035060586306;0.915035060586306;0.000796;2;30.0829166666665 * gvn;1;9.2472864533692;
Elapsed=00:00:00.0008660
Learning progress:
1;233.290833333333 * time_passes + 7.25249999999982 * ipsccp;1.27419139583587;1.27419139583587;1.27419139583587;1.27419139583587;0.000813;2;7.25249999999982 * ipsccp;1;6.67960038042353;
Elapsed=00:00:00.0032015
Learning progress:
1;220.990833333333 * time_passes + 22.6524999999994 * instcombine;0.501542529902883;0.501542529902883;0.501542529902883;0.501542529902883;0.000963;2;22.6524999999994 * instcombine;1;6.61724179137027;
Elapsed=00:00:00.0010441
Learning progress:
1;208.986666666667 * time_passes + 31.4149999999995 * gvn;1.13376558242063;1.13376558242063;1.13376558242063;1.13376558242063;0.000792;2;31.4149999999995 * gvn;1;7.38229334546175;
2;208.986666666667 * time_passes + 23.2816666666666 * gvn + 10.844444444444 * instcombine;0.578786234930766;0.578786234930766;0.578786234930766;0.578786234930766;0.003929;3;10.844444444444 * instcombine;1;0.554979347489869;
Elapsed=00:00:00.0040078
Learning progress:
1;230.867222222222 * time_passes + 12.5127777777775 * sccp;0.568749996421509;0.568749996421509;0.568749996421509;0.568749996421509;0.000966;2;12.5127777777775 * sccp;1;2.71160896946945;
Elapsed=00:00:00.0010355
Learning progress:
1;210.44 * time_passes + 30.0829166666665 * gvn;0.915035060586306;0.915035060586306;0.915035060586306;0.915035060586306;0.000799;2;30.0829166666665 * gvn;1;9.2472864533692;
Elapsed=00:00:00.0008675
Learning progress:
1;233.290833333333 * time_passes + 7.25249999999982 * ipsccp;1.27419139583587;1.27419139583587;1.27419139583587;1.27419139583587;0.000878;2;7.25249999999982 * ipsccp;1;6.67960038042353;
Elapsed=00:00:00.0032484
Learning progress:
1;220.990833333333 * time_passes + 22.6524999999994 * instcombine;0.501542529902883;0.501542529902883;0.501542529902883;0.501542529902883;0.00097;2;22.6524999999994 * instcombine;1;6.61724179137027;
Elapsed=00:00:00.0010514
Learning progress:
1;208.986666666667 * time_passes + 31.4149999999995 * gvn;1.13376558242063;1.13376558242063;1.13376558242063;1.13376558242063;0.000821;2;31.4149999999995 * gvn;1;7.38229334546175;
2;208.986666666667 * time_passes + 23.2816666666666 * gvn + 10.844444444444 * instcombine;0.578786234930766;0.578786234930766;0.578786234930766;0.578786234930766;0.003692;3;10.844444444444 * instcombine;1;0.554979347489869;
Elapsed=00:00:00.0037714
Learning progress:
1;230.867222222222 * time_passes + 12.5127777777775 * sccp;0.568749996421509;0.568749996421509;0.568749996421509;0.568749996421509;0.000809;2;12.5127777777775 * sccp;1;2.71160896946945;
Elapsed=00:00:00.0008826
Learning progress:
1;210.44 * time_passes + 30.0829166666665 * gvn;0.915035060586306;0.915035060586306;0.915035060586306;0.915035060586306;0.000801;2;30.0829166666665 * gvn;1;9.2472864533692;
Elapsed=00:00:00.0008710
Learning progress:
1;233.290833333333 * time_passes + 7.25249999999982 * ipsccp;1.27419139583587;1.27419139583587;1.27419139583587;1.27419139583587;0.001034;2;7.25249999999982 * ipsccp;1;6.67960038042353;
Elapsed=00:00:00.0033669
Learning progress:
1;220.990833333333 * time_passes + 22.6524999999994 * instcombine;0.501542529902883;0.501542529902883;0.501542529902883;0.501542529902883;0.000868;2;22.6524999999994 * instcombine;1;6.61724179137027;
Elapsed=00:00:00.0009650
Learning progress:
1;208.986666666667 * time_passes + 31.4149999999995 * gvn;1.13376558242063;1.13376558242063;1.13376558242063;1.13376558242063;0.001369;2;31.4149999999995 * gvn;1;7.38229334546175;
2;208.986666666667 * time_passes + 23.2816666666666 * gvn + 10.844444444444 * instcombine;0.578786234930766;0.578786234930766;0.578786234930766;0.578786234930766;0.003879;3;10.844444444444 * instcombine;1;0.554979347489869;
Elapsed=00:00:00.0039586
Learning progress:
1;230.867222222222 * time_passes + 12.5127777777775 * sccp;0.568749996421509;0.568749996421509;0.568749996421509;0.568749996421509;0.000977;2;12.5127777777775 * sccp;1;2.71160896946945;
Elapsed=00:00:00.0010460
Learning progress:
1;210.44 * time_passes + 30.0829166666665 * gvn;0.915035060586306;0.915035060586306;0.915035060586306;0.915035060586306;0.000914;2;30.0829166666665 * gvn;1;9.2472864533692;
Elapsed=00:00:00.0009876
Learning progress:
1;233.290833333333 * time_passes + 7.25249999999982 * ipsccp;1.27419139583587;1.27419139583587;1.27419139583587;1.27419139583587;0.00081;2;7.25249999999982 * ipsccp;1;6.67960038042353;
Elapsed=00:00:00.0032873
Learning progress:
1;220.990833333333 * time_passes + 22.6524999999994 * instcombine;0.501542529902883;0.501542529902883;0.501542529902883;0.501542529902883;0.0018;2;22.6524999999994 * instcombine;1;6.61724179137027;
Elapsed=00:00:00.0018834
Learning progress:
1;208.986666666667 * time_passes + 31.4149999999995 * gvn;1.13376558242063;1.13376558242063;1.13376558242063;1.13376558242063;0.001018;2;31.4149999999995 * gvn;1;7.38229334546175;
2;208.986666666667 * time_passes + 23.2816666666666 * gvn + 10.844444444444 * instcombine;0.578786234930766;0.578786234930766;0.578786234930766;0.578786234930766;0.003368;3;10.844444444444 * instcombine;1;0.554979347489869;
Elapsed=00:00:00.0034474
Learning progress:
1;230.867222222222 * time_passes + 12.5127777777775 * sccp;0.568749996421509;0.568749996421509;0.568749996421509;0.568749996421509;0.001025;2;12.5127777777775 * sccp;1;2.71160896946945;
Elapsed=00:00:00.0010985
Learning progress:
1;210.44 * time_passes + 30.0829166666665 * gvn;0.915035060586306;0.915035060586306;0.915035060586306;0.915035060586306;0.000814;2;30.0829166666665 * gvn;1;9.2472864533692;
Elapsed=00:00:00.0008829
Learning progress:
1;233.290833333333 * time_passes + 7.25249999999982 * ipsccp;1.27419139583587;1.27419139583587;1.27419139583587;1.27419139583587;0.001063;2;7.25249999999982 * ipsccp;1;6.67960038042353;
Elapsed=00:00:00.0034726
Learning progress:
1;220.990833333333 * time_passes + 22.6524999999994 * instcombine;0.501542529902883;0.501542529902883;0.501542529902883;0.501542529902883;0.000867;2;22.6524999999994 * instcombine;1;6.61724179137027;
Elapsed=00:00:00.0009487
Learning progress:
1;208.986666666667 * time_passes + 31.4149999999995 * gvn;1.13376558242063;1.13376558242063;1.13376558242063;1.13376558242063;0.000987;2;31.4149999999995 * gvn;1;7.38229334546175;
2;208.986666666667 * time_passes + 23.2816666666666 * gvn + 10.844444444444 * instcombine;0.578786234930766;0.578786234930766;0.578786234930766;0.578786234930766;0.003451;3;10.844444444444 * instcombine;1;0.554979347489869;
Elapsed=00:00:00.0035300
Learning progress:
1;230.867222222222 * time_passes + 12.5127777777775 * sccp;0.568749996421509;0.568749996421509;0.568749996421509;0.568749996421509;0.000893;2;12.5127777777775 * sccp;1;2.71160896946945;
Elapsed=00:00:00.0009654
Learning progress:
1;210.44 * time_passes + 30.0829166666665 * gvn;0.915035060586306;0.915035060586306;0.915035060586306;0.915035060586306;0.000797;2;30.0829166666665 * gvn;1;9.2472864533692;
Elapsed=00:00:00.0008663
Learning progress:
1;233.290833333333 * time_passes + 7.25249999999982 * ipsccp;1.27419139583587;1.27419139583587;1.27419139583587;1.27419139583587;0.000925;2;7.25249999999982 * ipsccp;1;6.67960038042353;
Elapsed=00:00:00.0039079
Learning progress:
1;220.990833333333 * time_passes + 22.6524999999994 * instcombine;0.501542529902883;0.501542529902883;0.501542529902883;0.501542529902883;0.000868;2;22.6524999999994 * instcombine;1;6.61724179137027;
Elapsed=00:00:00.0009494
Learning progress:
1;208.986666666667 * time_passes + 31.4149999999995 * gvn;1.13376558242063;1.13376558242063;1.13376558242063;1.13376558242063;0.001033;2;31.4149999999995 * gvn;1;7.38229334546175;
2;208.986666666667 * time_passes + 23.2816666666666 * gvn + 10.844444444444 * instcombine;0.578786234930766;0.578786234930766;0.578786234930766;0.578786234930766;0.003367;3;10.844444444444 * instcombine;1;0.554979347489869;
Elapsed=00:00:00.0034459
Learning progress:
1;230.867222222222 * time_passes + 12.5127777777775 * sccp;0.568749996421509;0.568749996421509;0.568749996421509;0.568749996421509;0.000951;2;12.5127777777775 * sccp;1;2.71160896946945;
Elapsed=00:00:00.0010204
Learning progress:
1;210.44 * time_passes + 30.0829166666665 * gvn;0.915035060586306;0.915035060586306;0.915035060586306;0.915035060586306;0.000877;2;30.0829166666665 * gvn;1;9.2472864533692;
Elapsed=00:00:00.0009471
Learning progress:
1;233.290833333333 * time_passes + 7.25249999999982 * ipsccp;1.27419139583587;1.27419139583587;1.27419139583587;1.27419139583587;0.001386;2;7.25249999999982 * ipsccp;1;6.67960038042353;
Elapsed=00:00:00.0038936
Learning progress:
1;220.990833333333 * time_passes + 22.6524999999994 * instcombine;0.501542529902883;0.501542529902883;0.501542529902883;0.501542529902883;0.001043;2;22.6524999999994 * instcombine;1;6.61724179137027;
Elapsed=00:00:00.0011252
Learning progress:
1;208.986666666667 * time_passes + 31.4149999999995 * gvn;1.13376558242063;1.13376558242063;1.13376558242063;1.13376558242063;0.000872;2;31.4149999999995 * gvn;1;7.38229334546175;
2;208.986666666667 * time_passes + 23.2816666666666 * gvn + 10.844444444444 * instcombine;0.578786234930766;0.578786234930766;0.578786234930766;0.578786234930766;0.00339;3;10.844444444444 * instcombine;1;0.554979347489869;
Elapsed=00:00:00.0034687
Learning progress:
1;230.867222222222 * time_passes + 12.5127777777775 * sccp;0.568749996421509;0.568749996421509;0.568749996421509;0.568749996421509;0.000892;2;12.5127777777775 * sccp;1;2.71160896946945;
Elapsed=00:00:00.0009603
Learning progress:
1;210.44 * time_passes + 30.0829166666665 * gvn;0.915035060586306;0.915035060586306;0.915035060586306;0.915035060586306;0.001244;2;30.0829166666665 * gvn;1;9.2472864533692;
Elapsed=00:00:00.0013199
Learning progress:
1;233.290833333333 * time_passes + 7.25249999999982 * ipsccp;1.27419139583587;1.27419139583587;1.27419139583587;1.27419139583587;0.000916;2;7.25249999999982 * ipsccp;1;6.67960038042353;
Elapsed=00:00:00.0034350
Learning progress:
1;220.990833333333 * time_passes + 22.6524999999994 * instcombine;0.501542529902883;0.501542529902883;0.501542529902883;0.501542529902883;0.000863;2;22.6524999999994 * instcombine;1;6.61724179137027;
Elapsed=00:00:00.0009454
Learning progress:
1;208.986666666667 * time_passes + 31.4149999999995 * gvn;1.13376558242063;1.13376558242063;1.13376558242063;1.13376558242063;0.00092;2;31.4149999999995 * gvn;1;7.38229334546175;
2;208.986666666667 * time_passes + 23.2816666666666 * gvn + 10.844444444444 * instcombine;0.578786234930766;0.578786234930766;0.578786234930766;0.578786234930766;0.00325;3;10.844444444444 * instcombine;1;0.554979347489869;
Elapsed=00:00:00.0033278
Learning progress:
1;230.867222222222 * time_passes + 12.5127777777775 * sccp;0.568749996421509;0.568749996421509;0.568749996421509;0.568749996421509;0.000946;2;12.5127777777775 * sccp;1;2.71160896946945;
Elapsed=00:00:00.0010204
Learning progress:
1;210.44 * time_passes + 30.0829166666665 * gvn;0.915035060586306;0.915035060586306;0.915035060586306;0.915035060586306;0.000817;2;30.0829166666665 * gvn;1;9.2472864533692;
Elapsed=00:00:00.0008866
Learning progress:
1;233.290833333333 * time_passes + 7.25249999999982 * ipsccp;1.27419139583587;1.27419139583587;1.27419139583587;1.27419139583587;0.000961;2;7.25249999999982 * ipsccp;1;6.67960038042353;
Elapsed=00:00:00.0035516
Learning progress:
1;220.990833333333 * time_passes + 22.6524999999994 * instcombine;0.501542529902883;0.501542529902883;0.501542529902883;0.501542529902883;0.000924;2;22.6524999999994 * instcombine;1;6.61724179137027;
Elapsed=00:00:00.0010047
Learning progress:
1;208.986666666667 * time_passes + 31.4149999999995 * gvn;1.13376558242063;1.13376558242063;1.13376558242063;1.13376558242063;0.000974;2;31.4149999999995 * gvn;1;7.38229334546175;
2;208.986666666667 * time_passes + 23.2816666666666 * gvn + 10.844444444444 * instcombine;0.578786234930766;0.578786234930766;0.578786234930766;0.578786234930766;0.003369;3;10.844444444444 * instcombine;1;0.554979347489869;
Elapsed=00:00:00.0034468
Learning progress:
1;230.867222222222 * time_passes + 12.5127777777775 * sccp;0.568749996421509;0.568749996421509;0.568749996421509;0.568749996421509;0.001114;2;12.5127777777775 * sccp;1;2.71160896946945;
Elapsed=00:00:00.0011840
Learning progress:
1;210.44 * time_passes + 30.0829166666665 * gvn;0.915035060586306;0.915035060586306;0.915035060586306;0.915035060586306;0.001051;2;30.0829166666665 * gvn;1;9.2472864533692;
Elapsed=00:00:00.0011196
Learning progress:
1;233.290833333333 * time_passes + 7.25249999999982 * ipsccp;1.27419139583587;1.27419139583587;1.27419139583587;1.27419139583587;0.000807;2;7.25249999999982 * ipsccp;1;6.67960038042353;
Elapsed=00:00:00.0034803
Learning progress:
1;220.990833333333 * time_passes + 22.6524999999994 * instcombine;0.501542529902883;0.501542529902883;0.501542529902883;0.501542529902883;0.000861;2;22.6524999999994 * instcombine;1;6.61724179137027;
Elapsed=00:00:00.0009417
Learning progress:
1;208.986666666667 * time_passes + 31.4149999999995 * gvn;1.13376558242063;1.13376558242063;1.13376558242063;1.13376558242063;0.000899;2;31.4149999999995 * gvn;1;7.38229334546175;
2;208.986666666667 * time_passes + 23.2816666666666 * gvn + 10.844444444444 * instcombine;0.578786234930766;0.578786234930766;0.578786234930766;0.578786234930766;0.003849;3;10.844444444444 * instcombine;1;0.554979347489869;
Elapsed=00:00:00.0039288
Learning progress:
1;230.867222222222 * time_passes + 12.5127777777775 * sccp;0.568749996421509;0.568749996421509;0.568749996421509;0.568749996421509;0.000804;2;12.5127777777775 * sccp;1;2.71160896946945;
Elapsed=00:00:00.0008733
Learning progress:
1;210.44 * time_passes + 30.0829166666665 * gvn;0.915035060586306;0.915035060586306;0.915035060586306;0.915035060586306;0.000799;2;30.0829166666665 * gvn;1;9.2472864533692;
Elapsed=00:00:00.0008679
Learning progress:
1;233.290833333333 * time_passes + 7.25249999999982 * ipsccp;1.27419139583587;1.27419139583587;1.27419139583587;1.27419139583587;0.000996;2;7.25249999999982 * ipsccp;1;6.67960038042353;
Elapsed=00:00:00.0036034
Learning progress:
1;220.990833333333 * time_passes + 22.6524999999994 * instcombine;0.501542529902883;0.501542529902883;0.501542529902883;0.501542529902883;0.000964;2;22.6524999999994 * instcombine;1;6.61724179137027;
Elapsed=00:00:00.0010460
Learning progress:
1;208.986666666667 * time_passes + 31.4149999999995 * gvn;1.13376558242063;1.13376558242063;1.13376558242063;1.13376558242063;0.000933;2;31.4149999999995 * gvn;1;7.38229334546175;
2;208.986666666667 * time_passes + 23.2816666666666 * gvn + 10.844444444444 * instcombine;0.578786234930766;0.578786234930766;0.578786234930766;0.578786234930766;0.003779;3;10.844444444444 * instcombine;1;0.554979347489869;
Elapsed=00:00:00.0038592
Learning progress:
1;230.867222222222 * time_passes + 12.5127777777775 * sccp;0.568749996421509;0.568749996421509;0.568749996421509;0.568749996421509;0.000826;2;12.5127777777775 * sccp;1;2.71160896946945;
Elapsed=00:00:00.0008989
Learning progress:
1;210.44 * time_passes + 30.0829166666665 * gvn;0.915035060586306;0.915035060586306;0.915035060586306;0.915035060586306;0.000796;2;30.0829166666665 * gvn;1;9.2472864533692;
Elapsed=00:00:00.0008637
Learning progress:
1;233.290833333333 * time_passes + 7.25249999999982 * ipsccp;1.27419139583587;1.27419139583587;1.27419139583587;1.27419139583587;0.000835;2;7.25249999999982 * ipsccp;1;6.67960038042353;
Elapsed=00:00:00.0031913
Learning progress:
1;220.990833333333 * time_passes + 22.6524999999994 * instcombine;0.501542529902883;0.501542529902883;0.501542529902883;0.501542529902883;0.000862;2;22.6524999999994 * instcombine;1;6.61724179137027;
Elapsed=00:00:00.0009437
Learning progress:
1;208.986666666667 * time_passes + 31.4149999999995 * gvn;1.13376558242063;1.13376558242063;1.13376558242063;1.13376558242063;0.001308;2;31.4149999999995 * gvn;1;7.38229334546175;
2;208.986666666667 * time_passes + 23.2816666666666 * gvn + 10.844444444444 * instcombine;0.578786234930766;0.578786234930766;0.578786234930766;0.578786234930766;0.003691;3;10.844444444444 * instcombine;1;0.554979347489869;
Elapsed=00:00:00.0037763
Learning progress:
1;230.867222222222 * time_passes + 12.5127777777775 * sccp;0.568749996421509;0.568749996421509;0.568749996421509;0.568749996421509;0.000828;2;12.5127777777775 * sccp;1;2.71160896946945;
Elapsed=00:00:00.0008965
Learning progress:
1;210.44 * time_passes + 30.0829166666665 * gvn;0.915035060586306;0.915035060586306;0.915035060586306;0.915035060586306;0.000837;2;30.0829166666665 * gvn;1;9.2472864533692;
Elapsed=00:00:00.0009061
Learning progress:
1;233.290833333333 * time_passes + 7.25249999999982 * ipsccp;1.27419139583587;1.27419139583587;1.27419139583587;1.27419139583587;0.001056;2;7.25249999999982 * ipsccp;1;6.67960038042353;
Elapsed=00:00:00.0034816
Learning progress:
1;220.990833333333 * time_passes + 22.6524999999994 * instcombine;0.501542529902883;0.501542529902883;0.501542529902883;0.501542529902883;0.00149;2;22.6524999999994 * instcombine;1;6.61724179137027;
Elapsed=00:00:00.0015728
Learning progress:
1;208.986666666667 * time_passes + 31.4149999999995 * gvn;1.13376558242063;1.13376558242063;1.13376558242063;1.13376558242063;0.000902;2;31.4149999999995 * gvn;1;7.38229334546175;
2;208.986666666667 * time_passes + 23.2816666666666 * gvn + 10.844444444444 * instcombine;0.578786234930766;0.578786234930766;0.578786234930766;0.578786234930766;0.003295;3;10.844444444444 * instcombine;1;0.554979347489869;
Elapsed=00:00:00.0033730
Learning progress:
1;230.867222222222 * time_passes + 12.5127777777775 * sccp;0.568749996421509;0.568749996421509;0.568749996421509;0.568749996421509;0.000808;2;12.5127777777775 * sccp;1;2.71160896946945;
Elapsed=00:00:00.0008767
Learning progress:
1;210.44 * time_passes + 30.0829166666665 * gvn;0.915035060586306;0.915035060586306;0.915035060586306;0.915035060586306;0.000898;2;30.0829166666665 * gvn;1;9.2472864533692;
Elapsed=00:00:00.0009673
Learning progress:
1;233.290833333333 * time_passes + 7.25249999999982 * ipsccp;1.27419139583587;1.27419139583587;1.27419139583587;1.27419139583587;0.000823;2;7.25249999999982 * ipsccp;1;6.67960038042353;
Elapsed=00:00:00.0031824
Learning progress:
1;220.990833333333 * time_passes + 22.6524999999994 * instcombine;0.501542529902883;0.501542529902883;0.501542529902883;0.501542529902883;0.001046;2;22.6524999999994 * instcombine;1;6.61724179137027;
Elapsed=00:00:00.0011279
Learning progress:
1;208.986666666667 * time_passes + 31.4149999999995 * gvn;1.13376558242063;1.13376558242063;1.13376558242063;1.13376558242063;0.000874;2;31.4149999999995 * gvn;1;7.38229334546175;
2;208.986666666667 * time_passes + 23.2816666666666 * gvn + 10.844444444444 * instcombine;0.578786234930766;0.578786234930766;0.578786234930766;0.578786234930766;0.003402;3;10.844444444444 * instcombine;1;0.554979347489869;
Elapsed=00:00:00.0034811
Learning progress:
1;230.867222222222 * time_passes + 12.5127777777775 * sccp;0.568749996421509;0.568749996421509;0.568749996421509;0.568749996421509;0.000846;2;12.5127777777775 * sccp;1;2.71160896946945;
Elapsed=00:00:00.0009200
Learning progress:
1;210.44 * time_passes + 30.0829166666665 * gvn;0.915035060586306;0.915035060586306;0.915035060586306;0.915035060586306;0.000772;2;30.0829166666665 * gvn;1;9.2472864533692;
Elapsed=00:00:00.0008417
Learning progress:
1;233.290833333333 * time_passes + 7.25249999999982 * ipsccp;1.27419139583587;1.27419139583587;1.27419139583587;1.27419139583587;0.000879;2;7.25249999999982 * ipsccp;1;6.67960038042353;
Elapsed=00:00:00.0038096
Learning progress:
1;220.990833333333 * time_passes + 22.6524999999994 * instcombine;0.501542529902883;0.501542529902883;0.501542529902883;0.501542529902883;0.000969;2;22.6524999999994 * instcombine;1;6.61724179137027;
Elapsed=00:00:00.0010518
Learning progress:
1;208.986666666667 * time_passes + 31.4149999999995 * gvn;1.13376558242063;1.13376558242063;1.13376558242063;1.13376558242063;0.000813;2;31.4149999999995 * gvn;1;7.38229334546175;
2;208.986666666667 * time_passes + 23.2816666666666 * gvn + 10.844444444444 * instcombine;0.578786234930766;0.578786234930766;0.578786234930766;0.578786234930766;0.003152;3;10.844444444444 * instcombine;1;0.554979347489869;
Elapsed=00:00:00.0032294
Learning progress:
1;230.867222222222 * time_passes + 12.5127777777775 * sccp;0.568749996421509;0.568749996421509;0.568749996421509;0.568749996421509;0.000868;2;12.5127777777775 * sccp;1;2.71160896946945;
Elapsed=00:00:00.0009372
Learning progress:
1;210.44 * time_passes + 30.0829166666665 * gvn;0.915035060586306;0.915035060586306;0.915035060586306;0.915035060586306;0.000776;2;30.0829166666665 * gvn;1;9.2472864533692;
Elapsed=00:00:00.0008447
Learning progress:
1;233.290833333333 * time_passes + 7.25249999999982 * ipsccp;1.27419139583587;1.27419139583587;1.27419139583587;1.27419139583587;0.001468;2;7.25249999999982 * ipsccp;1;6.67960038042353;
Elapsed=00:00:00.0038646
Learning progress:
1;220.990833333333 * time_passes + 22.6524999999994 * instcombine;0.501542529902883;0.501542529902883;0.501542529902883;0.501542529902883;0.000892;2;22.6524999999994 * instcombine;1;6.61724179137027;
Elapsed=00:00:00.0009796
Learning progress:
1;208.986666666667 * time_passes + 31.4149999999995 * gvn;1.13376558242063;1.13376558242063;1.13376558242063;1.13376558242063;0.000847;2;31.4149999999995 * gvn;1;7.38229334546175;
2;208.986666666667 * time_passes + 23.2816666666666 * gvn + 10.844444444444 * instcombine;0.578786234930766;0.578786234930766;0.578786234930766;0.578786234930766;0.003167;3;10.844444444444 * instcombine;1;0.554979347489869;
Elapsed=00:00:00.0032450
Learning progress:
1;230.867222222222 * time_passes + 12.5127777777775 * sccp;0.568749996421509;0.568749996421509;0.568749996421509;0.568749996421509;0.000825;2;12.5127777777775 * sccp;1;2.71160896946945;
Elapsed=00:00:00.0008931
Learning progress:
1;210.44 * time_passes + 30.0829166666665 * gvn;0.915035060586306;0.915035060586306;0.915035060586306;0.915035060586306;0.000813;2;30.0829166666665 * gvn;1;9.2472864533692;
Elapsed=00:00:00.0008840
Learning progress:
1;233.290833333333 * time_passes + 7.25249999999982 * ipsccp;1.27419139583587;1.27419139583587;1.27419139583587;1.27419139583587;0.000828;2;7.25249999999982 * ipsccp;1;6.67960038042353;
Elapsed=00:00:00.0031634
Learning progress:
1;220.990833333333 * time_passes + 22.6524999999994 * instcombine;0.501542529902883;0.501542529902883;0.501542529902883;0.501542529902883;0.000882;2;22.6524999999994 * instcombine;1;6.61724179137027;
Elapsed=00:00:00.0009635
Learning progress:
1;208.986666666667 * time_passes + 31.4149999999995 * gvn;1.13376558242063;1.13376558242063;1.13376558242063;1.13376558242063;0.00079;2;31.4149999999995 * gvn;1;7.38229334546175;
2;208.986666666667 * time_passes + 23.2816666666666 * gvn + 10.844444444444 * instcombine;0.578786234930766;0.578786234930766;0.578786234930766;0.578786234930766;0.003165;3;10.844444444444 * instcombine;1;0.554979347489869;
Elapsed=00:00:00.0032442
Learning progress:
1;230.867222222222 * time_passes + 12.5127777777775 * sccp;0.568749996421509;0.568749996421509;0.568749996421509;0.568749996421509;0.000812;2;12.5127777777775 * sccp;1;2.71160896946945;
Elapsed=00:00:00.0008848
Learning progress:
1;210.44 * time_passes + 30.0829166666665 * gvn;0.915035060586306;0.915035060586306;0.915035060586306;0.915035060586306;0.000799;2;30.0829166666665 * gvn;1;9.2472864533692;
Elapsed=00:00:00.0008700
Learning progress:
1;233.290833333333 * time_passes + 7.25249999999982 * ipsccp;1.27419139583587;1.27419139583587;1.27419139583587;1.27419139583587;0.000962;2;7.25249999999982 * ipsccp;1;6.67960038042353;
Elapsed=00:00:00.0033025
Learning progress:
1;220.990833333333 * time_passes + 22.6524999999994 * instcombine;0.501542529902883;0.501542529902883;0.501542529902883;0.501542529902883;0.000968;2;22.6524999999994 * instcombine;1;6.61724179137027;
Elapsed=00:00:00.0010503
Learning progress:
1;208.986666666667 * time_passes + 31.4149999999995 * gvn;1.13376558242063;1.13376558242063;1.13376558242063;1.13376558242063;0.000789;2;31.4149999999995 * gvn;1;7.38229334546175;
2;208.986666666667 * time_passes + 23.2816666666666 * gvn + 10.844444444444 * instcombine;0.578786234930766;0.578786234930766;0.578786234930766;0.578786234930766;0.003287;3;10.844444444444 * instcombine;1;0.554979347489869;
Elapsed=00:00:00.0033653
Learning progress:
1;230.867222222222 * time_passes + 12.5127777777775 * sccp;0.568749996421509;0.568749996421509;0.568749996421509;0.568749996421509;0.001364;2;12.5127777777775 * sccp;1;2.71160896946945;
Elapsed=00:00:00.0014351
Learning progress:
1;210.44 * time_passes + 30.0829166666665 * gvn;0.915035060586306;0.915035060586306;0.915035060586306;0.915035060586306;0.00087;2;30.0829166666665 * gvn;1;9.2472864533692;
Elapsed=00:00:00.0009395
Learning progress:
1;233.290833333333 * time_passes + 7.25249999999982 * ipsccp;1.27419139583587;1.27419139583587;1.27419139583587;1.27419139583587;0.000807;2;7.25249999999982 * ipsccp;1;6.67960038042353;
Elapsed=00:00:00.0031788
Learning progress:
1;220.990833333333 * time_passes + 22.6524999999994 * instcombine;0.501542529902883;0.501542529902883;0.501542529902883;0.501542529902883;0.000819;2;22.6524999999994 * instcombine;1;6.61724179137027;
Elapsed=00:00:00.0009010
Learning progress:
1;208.986666666667 * time_passes + 31.4149999999995 * gvn;1.13376558242063;1.13376558242063;1.13376558242063;1.13376558242063;0.00086;2;31.4149999999995 * gvn;1;7.38229334546175;
2;208.986666666667 * time_passes + 23.2816666666666 * gvn + 10.844444444444 * instcombine;0.578786234930766;0.578786234930766;0.578786234930766;0.578786234930766;0.003687;3;10.844444444444 * instcombine;1;0.554979347489869;
Elapsed=00:00:00.0037671
Learning progress:
1;230.867222222222 * time_passes + 12.5127777777775 * sccp;0.568749996421509;0.568749996421509;0.568749996421509;0.568749996421509;0.000814;2;12.5127777777775 * sccp;1;2.71160896946945;
Elapsed=00:00:00.0008985
Learning progress:
1;210.44 * time_passes + 30.0829166666665 * gvn;0.915035060586306;0.915035060586306;0.915035060586306;0.915035060586306;0.000795;2;30.0829166666665 * gvn;1;9.2472864533692;
Elapsed=00:00:00.0008637
Learning progress:
1;233.290833333333 * time_passes + 7.25249999999982 * ipsccp;1.27419139583587;1.27419139583587;1.27419139583587;1.27419139583587;0.000805;2;7.25249999999982 * ipsccp;1;6.67960038042353;
Elapsed=00:00:00.0031759
Learning progress:
1;220.990833333333 * time_passes + 22.6524999999994 * instcombine;0.501542529902883;0.501542529902883;0.501542529902883;0.501542529902883;0.000863;2;22.6524999999994 * instcombine;1;6.61724179137027;
Elapsed=00:00:00.0009445
Learning progress:
1;208.986666666667 * time_passes + 31.4149999999995 * gvn;1.13376558242063;1.13376558242063;1.13376558242063;1.13376558242063;0.000835;2;31.4149999999995 * gvn;1;7.38229334546175;
2;208.986666666667 * time_passes + 23.2816666666666 * gvn + 10.844444444444 * instcombine;0.578786234930766;0.578786234930766;0.578786234930766;0.578786234930766;0.003707;3;10.844444444444 * instcombine;1;0.554979347489869;
Elapsed=00:00:00.0037870
Learning progress:
1;230.867222222222 * time_passes + 12.5127777777775 * sccp;0.568749996421509;0.568749996421509;0.568749996421509;0.568749996421509;0.00087;2;12.5127777777775 * sccp;1;2.71160896946945;
Elapsed=00:00:00.0009435
Learning progress:
1;210.44 * time_passes + 30.0829166666665 * gvn;0.915035060586306;0.915035060586306;0.915035060586306;0.915035060586306;0.000816;2;30.0829166666665 * gvn;1;9.2472864533692;
Elapsed=00:00:00.0008857
Learning progress:
1;233.290833333333 * time_passes + 7.25249999999982 * ipsccp;1.27419139583587;1.27419139583587;1.27419139583587;1.27419139583587;0.000785;2;7.25249999999982 * ipsccp;1;6.67960038042353;
Elapsed=00:00:00.0033211
Learning progress:
1;220.990833333333 * time_passes + 22.6524999999994 * instcombine;0.501542529902883;0.501542529902883;0.501542529902883;0.501542529902883;0.00101;2;22.6524999999994 * instcombine;1;6.61724179137027;
Elapsed=00:00:00.0010925
Learning progress:
1;208.986666666667 * time_passes + 31.4149999999995 * gvn;1.13376558242063;1.13376558242063;1.13376558242063;1.13376558242063;0.0016;2;31.4149999999995 * gvn;1;7.38229334546175;
2;208.986666666667 * time_passes + 23.2816666666666 * gvn + 10.844444444444 * instcombine;0.578786234930766;0.578786234930766;0.578786234930766;0.578786234930766;0.004085;3;10.844444444444 * instcombine;1;0.554979347489869;
Elapsed=00:00:00.0041642
Learning progress:
1;230.867222222222 * time_passes + 12.5127777777775 * sccp;0.568749996421509;0.568749996421509;0.568749996421509;0.568749996421509;0.000911;2;12.5127777777775 * sccp;1;2.71160896946945;
Elapsed=00:00:00.0009804
Learning progress:
1;210.44 * time_passes + 30.0829166666665 * gvn;0.915035060586306;0.915035060586306;0.915035060586306;0.915035060586306;0.000901;2;30.0829166666665 * gvn;1;9.2472864533692;
Elapsed=00:00:00.0009702
Learning progress:
1;233.290833333333 * time_passes + 7.25249999999982 * ipsccp;1.27419139583587;1.27419139583587;1.27419139583587;1.27419139583587;0.000956;2;7.25249999999982 * ipsccp;1;6.67960038042353;
Elapsed=00:00:00.0033203
Learning progress:
1;220.990833333333 * time_passes + 22.6524999999994 * instcombine;0.501542529902883;0.501542529902883;0.501542529902883;0.501542529902883;0.001019;2;22.6524999999994 * instcombine;1;6.61724179137027;
Elapsed=00:00:00.0011015
Learning progress:
1;208.986666666667 * time_passes + 31.4149999999995 * gvn;1.13376558242063;1.13376558242063;1.13376558242063;1.13376558242063;0.000792;2;31.4149999999995 * gvn;1;7.38229334546175;
2;208.986666666667 * time_passes + 23.2816666666666 * gvn + 10.844444444444 * instcombine;0.578786234930766;0.578786234930766;0.578786234930766;0.578786234930766;0.00331;3;10.844444444444 * instcombine;1;0.554979347489869;
Elapsed=00:00:00.0033890
Learning progress:
1;230.867222222222 * time_passes + 12.5127777777775 * sccp;0.568749996421509;0.568749996421509;0.568749996421509;0.568749996421509;0.000909;2;12.5127777777775 * sccp;1;2.71160896946945;
Elapsed=00:00:00.0009786
Learning progress:
1;210.44 * time_passes + 30.0829166666665 * gvn;0.915035060586306;0.915035060586306;0.915035060586306;0.915035060586306;0.001004;2;30.0829166666665 * gvn;1;9.2472864533692;
Elapsed=00:00:00.0010732
Learning progress:
1;233.290833333333 * time_passes + 7.25249999999982 * ipsccp;1.27419139583587;1.27419139583587;1.27419139583587;1.27419139583587;0.000904;2;7.25249999999982 * ipsccp;1;6.67960038042353;
Elapsed=00:00:00.0033475
Learning progress:
1;220.990833333333 * time_passes + 22.6524999999994 * instcombine;0.501542529902883;0.501542529902883;0.501542529902883;0.501542529902883;0.000871;2;22.6524999999994 * instcombine;1;6.61724179137027;
Elapsed=00:00:00.0009532
Learning progress:
1;208.986666666667 * time_passes + 31.4149999999995 * gvn;1.13376558242063;1.13376558242063;1.13376558242063;1.13376558242063;0.000867;2;31.4149999999995 * gvn;1;7.38229334546175;
2;208.986666666667 * time_passes + 23.2816666666666 * gvn + 10.844444444444 * instcombine;0.578786234930766;0.578786234930766;0.578786234930766;0.578786234930766;0.003274;3;10.844444444444 * instcombine;1;0.554979347489869;
Elapsed=00:00:00.0033521
Learning progress:
1;230.867222222222 * time_passes + 12.5127777777775 * sccp;0.568749996421509;0.568749996421509;0.568749996421509;0.568749996421509;0.000851;2;12.5127777777775 * sccp;1;2.71160896946945;
Elapsed=00:00:00.0009295
Learning progress:
1;210.44 * time_passes + 30.0829166666665 * gvn;0.915035060586306;0.915035060586306;0.915035060586306;0.915035060586306;0.0008;2;30.0829166666665 * gvn;1;9.2472864533692;
Elapsed=00:00:00.0008689
Learning progress:
1;233.290833333333 * time_passes + 7.25249999999982 * ipsccp;1.27419139583587;1.27419139583587;1.27419139583587;1.27419139583587;0.000932;2;7.25249999999982 * ipsccp;1;6.67960038042353;
Elapsed=00:00:00.0040597
Learning progress:
1;220.990833333333 * time_passes + 22.6524999999994 * instcombine;0.501542529902883;0.501542529902883;0.501542529902883;0.501542529902883;0.000945;2;22.6524999999994 * instcombine;1;6.61724179137027;
Elapsed=00:00:00.0010275
Learning progress:
1;208.986666666667 * time_passes + 31.4149999999995 * gvn;1.13376558242063;1.13376558242063;1.13376558242063;1.13376558242063;0.000918;2;31.4149999999995 * gvn;1;7.38229334546175;
2;208.986666666667 * time_passes + 23.2816666666666 * gvn + 10.844444444444 * instcombine;0.578786234930766;0.578786234930766;0.578786234930766;0.578786234930766;0.00326;3;10.844444444444 * instcombine;1;0.554979347489869;
Elapsed=00:00:00.0033396
Learning progress:
1;230.867222222222 * time_passes + 12.5127777777775 * sccp;0.568749996421509;0.568749996421509;0.568749996421509;0.568749996421509;0.000991;2;12.5127777777775 * sccp;1;2.71160896946945;
Elapsed=00:00:00.0010606
Learning progress:
1;210.44 * time_passes + 30.0829166666665 * gvn;0.915035060586306;0.915035060586306;0.915035060586306;0.915035060586306;0.000906;2;30.0829166666665 * gvn;1;9.2472864533692;
Elapsed=00:00:00.0009745
Learning progress:
1;233.290833333333 * time_passes + 7.25249999999982 * ipsccp;1.27419139583587;1.27419139583587;1.27419139583587;1.27419139583587;0.001642;2;7.25249999999982 * ipsccp;1;6.67960038042353;
Elapsed=00:00:00.0040291
Learning progress:
1;220.990833333333 * time_passes + 22.6524999999994 * instcombine;0.501542529902883;0.501542529902883;0.501542529902883;0.501542529902883;0.000834;2;22.6524999999994 * instcombine;1;6.61724179137027;
Elapsed=00:00:00.0009157
Learning progress:
1;208.986666666667 * time_passes + 31.4149999999995 * gvn;1.13376558242063;1.13376558242063;1.13376558242063;1.13376558242063;0.000792;2;31.4149999999995 * gvn;1;7.38229334546175;
2;208.986666666667 * time_passes + 23.2816666666666 * gvn + 10.844444444444 * instcombine;0.578786234930766;0.578786234930766;0.578786234930766;0.578786234930766;0.003229;3;10.844444444444 * instcombine;1;0.554979347489869;
Elapsed=00:00:00.0033076
Learning progress:
1;230.867222222222 * time_passes + 12.5127777777775 * sccp;0.568749996421509;0.568749996421509;0.568749996421509;0.568749996421509;0.000807;2;12.5127777777775 * sccp;1;2.71160896946945;
Elapsed=00:00:00.0008761
Learning progress:
1;210.44 * time_passes + 30.0829166666665 * gvn;0.915035060586306;0.915035060586306;0.915035060586306;0.915035060586306;0.000808;2;30.0829166666665 * gvn;1;9.2472864533692;
Elapsed=00:00:00.0008850
Learning progress:
1;233.290833333333 * time_passes + 7.25249999999982 * ipsccp;1.27419139583587;1.27419139583587;1.27419139583587;1.27419139583587;0.000975;2;7.25249999999982 * ipsccp;1;6.67960038042353;
Elapsed=00:00:00.0034160
Learning progress:
1;220.990833333333 * time_passes + 22.6524999999994 * instcombine;0.501542529902883;0.501542529902883;0.501542529902883;0.501542529902883;0.000963;2;22.6524999999994 * instcombine;1;6.61724179137027;
Elapsed=00:00:00.0010458
Learning progress:
1;208.986666666667 * time_passes + 31.4149999999995 * gvn;1.13376558242063;1.13376558242063;1.13376558242063;1.13376558242063;0.00076;2;31.4149999999995 * gvn;1;7.38229334546175;
2;208.986666666667 * time_passes + 23.2816666666666 * gvn + 10.844444444444 * instcombine;0.578786234930766;0.578786234930766;0.578786234930766;0.578786234930766;0.003168;3;10.844444444444 * instcombine;1;0.554979347489869;
Elapsed=00:00:00.0032471
Learning progress:
1;230.867222222222 * time_passes + 12.5127777777775 * sccp;0.568749996421509;0.568749996421509;0.568749996421509;0.568749996421509;0.000809;2;12.5127777777775 * sccp;1;2.71160896946945;
Elapsed=00:00:00.0008822
Learning progress:
1;210.44 * time_passes + 30.0829166666665 * gvn;0.915035060586306;0.915035060586306;0.915035060586306;0.915035060586306;0.000839;2;30.0829166666665 * gvn;1;9.2472864533692;
Elapsed=00:00:00.0009088
Learning progress:
1;233.290833333333 * time_passes + 7.25249999999982 * ipsccp;1.27419139583587;1.27419139583587;1.27419139583587;1.27419139583587;0.000807;2;7.25249999999982 * ipsccp;1;6.67960038042353;
Elapsed=00:00:00.0031898
Learning progress:
1;220.990833333333 * time_passes + 22.6524999999994 * instcombine;0.501542529902883;0.501542529902883;0.501542529902883;0.501542529902883;0.000869;2;22.6524999999994 * instcombine;1;6.61724179137027;
Elapsed=00:00:00.0009515
Learning progress:
1;208.986666666667 * time_passes + 31.4149999999995 * gvn;1.13376558242063;1.13376558242063;1.13376558242063;1.13376558242063;0.000883;2;31.4149999999995 * gvn;1;7.38229334546175;
2;208.986666666667 * time_passes + 23.2816666666666 * gvn + 10.844444444444 * instcombine;0.578786234930766;0.578786234930766;0.578786234930766;0.578786234930766;0.003258;3;10.844444444444 * instcombine;1;0.554979347489869;
Elapsed=00:00:00.0033365
Learning progress:
1;230.867222222222 * time_passes + 12.5127777777775 * sccp;0.568749996421509;0.568749996421509;0.568749996421509;0.568749996421509;0.001475;2;12.5127777777775 * sccp;1;2.71160896946945;
Elapsed=00:00:00.0015457
Learning progress:
1;210.44 * time_passes + 30.0829166666665 * gvn;0.915035060586306;0.915035060586306;0.915035060586306;0.915035060586306;0.000798;2;30.0829166666665 * gvn;1;9.2472864533692;
Elapsed=00:00:00.0008679
Learning progress:
1;233.290833333333 * time_passes + 7.25249999999982 * ipsccp;1.27419139583587;1.27419139583587;1.27419139583587;1.27419139583587;0.00099;2;7.25249999999982 * ipsccp;1;6.67960038042353;
Elapsed=00:00:00.0035320
Learning progress:
1;220.990833333333 * time_passes + 22.6524999999994 * instcombine;0.501542529902883;0.501542529902883;0.501542529902883;0.501542529902883;0.000828;2;22.6524999999994 * instcombine;1;6.61724179137027;
Elapsed=00:00:00.0009096
Learning progress:
1;208.986666666667 * time_passes + 31.4149999999995 * gvn;1.13376558242063;1.13376558242063;1.13376558242063;1.13376558242063;0.000792;2;31.4149999999995 * gvn;1;7.38229334546175;
2;208.986666666667 * time_passes + 23.2816666666666 * gvn + 10.844444444444 * instcombine;0.578786234930766;0.578786234930766;0.578786234930766;0.578786234930766;0.003149;3;10.844444444444 * instcombine;1;0.554979347489869;
Elapsed=00:00:00.0032299
Learning progress:
1;230.867222222222 * time_passes + 12.5127777777775 * sccp;0.568749996421509;0.568749996421509;0.568749996421509;0.568749996421509;0.000811;2;12.5127777777775 * sccp;1;2.71160896946945;
Elapsed=00:00:00.0008815
Learning progress:
1;210.44 * time_passes + 30.0829166666665 * gvn;0.915035060586306;0.915035060586306;0.915035060586306;0.915035060586306;0.000798;2;30.0829166666665 * gvn;1;9.2472864533692;
Elapsed=00:00:00.0008675
Learning progress:
1;233.290833333333 * time_passes + 7.25249999999982 * ipsccp;1.27419139583587;1.27419139583587;1.27419139583587;1.27419139583587;0.000966;2;7.25249999999982 * ipsccp;1;6.67960038042353;
Elapsed=00:00:00.0033378
Learning progress:
1;220.990833333333 * time_passes + 22.6524999999994 * instcombine;0.501542529902883;0.501542529902883;0.501542529902883;0.501542529902883;0.000881;2;22.6524999999994 * instcombine;1;6.61724179137027;
Elapsed=00:00:00.0009626
Learning progress:
1;208.986666666667 * time_passes + 31.4149999999995 * gvn;1.13376558242063;1.13376558242063;1.13376558242063;1.13376558242063;0.00079;2;31.4149999999995 * gvn;1;7.38229334546175;
2;208.986666666667 * time_passes + 23.2816666666666 * gvn + 10.844444444444 * instcombine;0.578786234930766;0.578786234930766;0.578786234930766;0.578786234930766;0.003906;3;10.844444444444 * instcombine;1;0.554979347489869;
Elapsed=00:00:00.0039856
Learning progress:
1;230.867222222222 * time_passes + 12.5127777777775 * sccp;0.568749996421509;0.568749996421509;0.568749996421509;0.568749996421509;0.000969;2;12.5127777777775 * sccp;1;2.71160896946945;
Elapsed=00:00:00.0010383
Learning progress:
1;210.44 * time_passes + 30.0829166666665 * gvn;0.915035060586306;0.915035060586306;0.915035060586306;0.915035060586306;0.000949;2;30.0829166666665 * gvn;1;9.2472864533692;
Elapsed=00:00:00.0010345
Learning progress:
1;233.290833333333 * time_passes + 7.25249999999982 * ipsccp;1.27419139583587;1.27419139583587;1.27419139583587;1.27419139583587;0.000906;2;7.25249999999982 * ipsccp;1;6.67960038042353;
Elapsed=00:00:00.0033313
Learning progress:
1;220.990833333333 * time_passes + 22.6524999999994 * instcombine;0.501542529902883;0.501542529902883;0.501542529902883;0.501542529902883;0.000962;2;22.6524999999994 * instcombine;1;6.61724179137027;
Elapsed=00:00:00.0010444
Learning progress:
1;208.986666666667 * time_passes + 31.4149999999995 * gvn;1.13376558242063;1.13376558242063;1.13376558242063;1.13376558242063;0.001493;2;31.4149999999995 * gvn;1;7.38229334546175;
2;208.986666666667 * time_passes + 23.2816666666666 * gvn + 10.844444444444 * instcombine;0.578786234930766;0.578786234930766;0.578786234930766;0.578786234930766;0.00391;3;10.844444444444 * instcombine;1;0.554979347489869;
Elapsed=00:00:00.0039892
Learning progress:
1;230.867222222222 * time_passes + 12.5127777777775 * sccp;0.568749996421509;0.568749996421509;0.568749996421509;0.568749996421509;0.000894;2;12.5127777777775 * sccp;1;2.71160896946945;
Elapsed=00:00:00.0009894
Learning progress:
1;210.44 * time_passes + 30.0829166666665 * gvn;0.915035060586306;0.915035060586306;0.915035060586306;0.915035060586306;0.000815;2;30.0829166666665 * gvn;1;9.2472864533692;
Elapsed=00:00:00.0008844
Learning progress:
1;233.290833333333 * time_passes + 7.25249999999982 * ipsccp;1.27419139583587;1.27419139583587;1.27419139583587;1.27419139583587;0.000909;2;7.25249999999982 * ipsccp;1;6.67960038042353;
Elapsed=00:00:00.0033233
Learning progress:
1;220.990833333333 * time_passes + 22.6524999999994 * instcombine;0.501542529902883;0.501542529902883;0.501542529902883;0.501542529902883;0.00099;2;22.6524999999994 * instcombine;1;6.61724179137027;
Elapsed=00:00:00.0010723
Learning progress:
1;208.986666666667 * time_passes + 31.4149999999995 * gvn;1.13376558242063;1.13376558242063;1.13376558242063;1.13376558242063;0.000822;2;31.4149999999995 * gvn;1;7.38229334546175;
2;208.986666666667 * time_passes + 23.2816666666666 * gvn + 10.844444444444 * instcombine;0.578786234930766;0.578786234930766;0.578786234930766;0.578786234930766;0.003171;3;10.844444444444 * instcombine;1;0.554979347489869;
Elapsed=00:00:00.0032498
Learning progress:
1;230.867222222222 * time_passes + 12.5127777777775 * sccp;0.568749996421509;0.568749996421509;0.568749996421509;0.568749996421509;0.000878;2;12.5127777777775 * sccp;1;2.71160896946945;
Elapsed=00:00:00.0009477
Learning progress:
1;210.44 * time_passes + 30.0829166666665 * gvn;0.915035060586306;0.915035060586306;0.915035060586306;0.915035060586306;0.000905;2;30.0829166666665 * gvn;1;9.2472864533692;
Elapsed=00:00:00.0009740
Learning progress:
1;233.290833333333 * time_passes + 7.25249999999982 * ipsccp;1.27419139583587;1.27419139583587;1.27419139583587;1.27419139583587;0.000908;2;7.25249999999982 * ipsccp;1;6.67960038042353;
Elapsed=00:00:00.0033321
Learning progress:
1;220.990833333333 * time_passes + 22.6524999999994 * instcombine;0.501542529902883;0.501542529902883;0.501542529902883;0.501542529902883;0.000888;2;22.6524999999994 * instcombine;1;6.61724179137027;
Elapsed=00:00:00.0009867
Learning progress:
1;208.986666666667 * time_passes + 31.4149999999995 * gvn;1.13376558242063;1.13376558242063;1.13376558242063;1.13376558242063;0.000811;2;31.4149999999995 * gvn;1;7.38229334546175;
2;208.986666666667 * time_passes + 23.2816666666666 * gvn + 10.844444444444 * instcombine;0.578786234930766;0.578786234930766;0.578786234930766;0.578786234930766;0.003183;3;10.844444444444 * instcombine;1;0.554979347489869;
Elapsed=00:00:00.0032606
Learning progress:
1;230.867222222222 * time_passes + 12.5127777777775 * sccp;0.568749996421509;0.568749996421509;0.568749996421509;0.568749996421509;0.000806;2;12.5127777777775 * sccp;1;2.71160896946945;
Elapsed=00:00:00.0008754
Learning progress:
1;210.44 * time_passes + 30.0829166666665 * gvn;0.915035060586306;0.915035060586306;0.915035060586306;0.915035060586306;0.0008;2;30.0829166666665 * gvn;1;9.2472864533692;
Elapsed=00:00:00.0008697
Learning progress:
1;233.290833333333 * time_passes + 7.25249999999982 * ipsccp;1.27419139583587;1.27419139583587;1.27419139583587;1.27419139583587;0.000885;2;7.25249999999982 * ipsccp;1;6.67960038042353;
Elapsed=00:00:00.0038992
Learning progress:
1;220.990833333333 * time_passes + 22.6524999999994 * instcombine;0.501542529902883;0.501542529902883;0.501542529902883;0.501542529902883;0.000887;2;22.6524999999994 * instcombine;1;6.61724179137027;
Elapsed=00:00:00.0009689
Learning progress:
1;208.986666666667 * time_passes + 31.4149999999995 * gvn;1.13376558242063;1.13376558242063;1.13376558242063;1.13376558242063;0.001055;2;31.4149999999995 * gvn;1;7.38229334546175;
2;208.986666666667 * time_passes + 23.2816666666666 * gvn + 10.844444444444 * instcombine;0.578786234930766;0.578786234930766;0.578786234930766;0.578786234930766;0.0035;3;10.844444444444 * instcombine;1;0.554979347489869;
Elapsed=00:00:00.0035793
Learning progress:
1;230.867222222222 * time_passes + 12.5127777777775 * sccp;0.568749996421509;0.568749996421509;0.568749996421509;0.568749996421509;0.000808;2;12.5127777777775 * sccp;1;2.71160896946945;
Elapsed=00:00:00.0008769
Learning progress:
1;210.44 * time_passes + 30.0829166666665 * gvn;0.915035060586306;0.915035060586306;0.915035060586306;0.915035060586306;0.000839;2;30.0829166666665 * gvn;1;9.2472864533692;
Elapsed=00:00:00.0009129
Learning progress:
1;233.290833333333 * time_passes + 7.25249999999982 * ipsccp;1.27419139583587;1.27419139583587;1.27419139583587;1.27419139583587;0.000811;2;7.25249999999982 * ipsccp;1;6.67960038042353;
Elapsed=00:00:00.0036897
Learning progress:
1;220.990833333333 * time_passes + 22.6524999999994 * instcombine;0.501542529902883;0.501542529902883;0.501542529902883;0.501542529902883;0.000861;2;22.6524999999994 * instcombine;1;6.61724179137027;
Elapsed=00:00:00.0009433
Learning progress:
1;208.986666666667 * time_passes + 31.4149999999995 * gvn;1.13376558242063;1.13376558242063;1.13376558242063;1.13376558242063;0.000789;2;31.4149999999995 * gvn;1;7.38229334546175;
2;208.986666666667 * time_passes + 23.2816666666666 * gvn + 10.844444444444 * instcombine;0.578786234930766;0.578786234930766;0.578786234930766;0.578786234930766;0.003196;3;10.844444444444 * instcombine;1;0.554979347489869;
Elapsed=00:00:00.0032748
Learning progress:
1;230.867222222222 * time_passes + 12.5127777777775 * sccp;0.568749996421509;0.568749996421509;0.568749996421509;0.568749996421509;0.000808;2;12.5127777777775 * sccp;1;2.71160896946945;
Elapsed=00:00:00.0008764
Learning progress:
1;210.44 * time_passes + 30.0829166666665 * gvn;0.915035060586306;0.915035060586306;0.915035060586306;0.915035060586306;0.000838;2;30.0829166666665 * gvn;1;9.2472864533692;
Elapsed=00:00:00.0009078
Learning progress:
1;233.290833333333 * time_passes + 7.25249999999982 * ipsccp;1.27419139583587;1.27419139583587;1.27419139583587;1.27419139583587;0.000835;2;7.25249999999982 * ipsccp;1;6.67960038042353;
Elapsed=00:00:00.0033237
Learning progress:
1;220.990833333333 * time_passes + 22.6524999999994 * instcombine;0.501542529902883;0.501542529902883;0.501542529902883;0.501542529902883;0.000963;2;22.6524999999994 * instcombine;1;6.61724179137027;
Elapsed=00:00:00.0010441
Learning progress:
1;208.986666666667 * time_passes + 31.4149999999995 * gvn;1.13376558242063;1.13376558242063;1.13376558242063;1.13376558242063;0.000952;2;31.4149999999995 * gvn;1;7.38229334546175;
2;208.986666666667 * time_passes + 23.2816666666666 * gvn + 10.844444444444 * instcombine;0.578786234930766;0.578786234930766;0.578786234930766;0.578786234930766;0.003295;3;10.844444444444 * instcombine;1;0.554979347489869;
Elapsed=00:00:00.0033724
Learning progress:
1;230.867222222222 * time_passes + 12.5127777777775 * sccp;0.568749996421509;0.568749996421509;0.568749996421509;0.568749996421509;0.000848;2;12.5127777777775 * sccp;1;2.71160896946945;
Elapsed=00:00:00.0009350
Learning progress:
1;210.44 * time_passes + 30.0829166666665 * gvn;0.915035060586306;0.915035060586306;0.915035060586306;0.915035060586306;0.001441;2;30.0829166666665 * gvn;1;9.2472864533692;
Elapsed=00:00:00.0015112
Learning progress:
1;233.290833333333 * time_passes + 7.25249999999982 * ipsccp;1.27419139583587;1.27419139583587;1.27419139583587;1.27419139583587;0.000908;2;7.25249999999982 * ipsccp;1;6.67960038042353;
Elapsed=00:00:00.0033125
Learning progress:
1;220.990833333333 * time_passes + 22.6524999999994 * instcombine;0.501542529902883;0.501542529902883;0.501542529902883;0.501542529902883;0.000964;2;22.6524999999994 * instcombine;1;6.61724179137027;
Elapsed=00:00:00.0010457
Learning progress:
1;208.986666666667 * time_passes + 31.4149999999995 * gvn;1.13376558242063;1.13376558242063;1.13376558242063;1.13376558242063;0.000912;2;31.4149999999995 * gvn;1;7.38229334546175;
2;208.986666666667 * time_passes + 23.2816666666666 * gvn + 10.844444444444 * instcombine;0.578786234930766;0.578786234930766;0.578786234930766;0.578786234930766;0.00325;3;10.844444444444 * instcombine;1;0.554979347489869;
Elapsed=00:00:00.0033291
Learning progress:
1;230.867222222222 * time_passes + 12.5127777777775 * sccp;0.568749996421509;0.568749996421509;0.568749996421509;0.568749996421509;0.001416;2;12.5127777777775 * sccp;1;2.71160896946945;
Elapsed=00:00:00.0014871
Learning progress:
1;210.44 * time_passes + 30.0829166666665 * gvn;0.915035060586306;0.915035060586306;0.915035060586306;0.915035060586306;0.000802;2;30.0829166666665 * gvn;1;9.2472864533692;
Elapsed=00:00:00.0008716
Learning progress:
1;233.290833333333 * time_passes + 7.25249999999982 * ipsccp;1.27419139583587;1.27419139583587;1.27419139583587;1.27419139583587;0.000825;2;7.25249999999982 * ipsccp;1;6.67960038042353;
Elapsed=00:00:00.0031532
Learning progress:
1;220.990833333333 * time_passes + 22.6524999999994 * instcombine;0.501542529902883;0.501542529902883;0.501542529902883;0.501542529902883;0.000922;2;22.6524999999994 * instcombine;1;6.61724179137027;
Elapsed=00:00:00.0010092
Learning progress:
1;208.986666666667 * time_passes + 31.4149999999995 * gvn;1.13376558242063;1.13376558242063;1.13376558242063;1.13376558242063;0.000902;2;31.4149999999995 * gvn;1;7.38229334546175;
2;208.986666666667 * time_passes + 23.2816666666666 * gvn + 10.844444444444 * instcombine;0.578786234930766;0.578786234930766;0.578786234930766;0.578786234930766;0.003343;3;10.844444444444 * instcombine;1;0.554979347489869;
Elapsed=00:00:00.0034218
Learning progress:
1;230.867222222222 * time_passes + 12.5127777777775 * sccp;0.568749996421509;0.568749996421509;0.568749996421509;0.568749996421509;0.00082;2;12.5127777777775 * sccp;1;2.71160896946945;
Elapsed=00:00:00.0008906
Learning progress:
1;210.44 * time_passes + 30.0829166666665 * gvn;0.915035060586306;0.915035060586306;0.915035060586306;0.915035060586306;0.000838;2;30.0829166666665 * gvn;1;9.2472864533692;
Elapsed=00:00:00.0009124
Learning progress:
1;233.290833333333 * time_passes + 7.25249999999982 * ipsccp;1.27419139583587;1.27419139583587;1.27419139583587;1.27419139583587;0.000773;2;7.25249999999982 * ipsccp;1;6.67960038042353;
Elapsed=00:00:00.0031370
Learning progress:
1;220.990833333333 * time_passes + 22.6524999999994 * instcombine;0.501542529902883;0.501542529902883;0.501542529902883;0.501542529902883;0.000828;2;22.6524999999994 * instcombine;1;6.61724179137027;
Elapsed=00:00:00.0009085
Learning progress:
1;208.986666666667 * time_passes + 31.4149999999995 * gvn;1.13376558242063;1.13376558242063;1.13376558242063;1.13376558242063;0.000878;2;31.4149999999995 * gvn;1;7.38229334546175;
2;208.986666666667 * time_passes + 23.2816666666666 * gvn + 10.844444444444 * instcombine;0.578786234930766;0.578786234930766;0.578786234930766;0.578786234930766;0.003901;3;10.844444444444 * instcombine;1;0.554979347489869;
Elapsed=00:00:00.0039801
Learning progress:
1;230.867222222222 * time_passes + 12.5127777777775 * sccp;0.568749996421509;0.568749996421509;0.568749996421509;0.568749996421509;0.000808;2;12.5127777777775 * sccp;1;2.71160896946945;
Elapsed=00:00:00.0008766
Learning progress:
1;210.44 * time_passes + 30.0829166666665 * gvn;0.915035060586306;0.915035060586306;0.915035060586306;0.915035060586306;0.000767;2;30.0829166666665 * gvn;1;9.2472864533692;
Elapsed=00:00:00.0008376
Learning progress:
1;233.290833333333 * time_passes + 7.25249999999982 * ipsccp;1.27419139583587;1.27419139583587;1.27419139583587;1.27419139583587;0.000792;2;7.25249999999982 * ipsccp;1;6.67960038042353;
Elapsed=00:00:00.0031714
Learning progress:
1;220.990833333333 * time_passes + 22.6524999999994 * instcombine;0.501542529902883;0.501542529902883;0.501542529902883;0.501542529902883;0.001051;2;22.6524999999994 * instcombine;1;6.61724179137027;
Elapsed=00:00:00.0011335
Learning progress:
1;208.986666666667 * time_passes + 31.4149999999995 * gvn;1.13376558242063;1.13376558242063;1.13376558242063;1.13376558242063;0.000922;2;31.4149999999995 * gvn;1;7.38229334546175;
2;208.986666666667 * time_passes + 23.2816666666666 * gvn + 10.844444444444 * instcombine;0.578786234930766;0.578786234930766;0.578786234930766;0.578786234930766;0.003802;3;10.844444444444 * instcombine;1;0.554979347489869;
Elapsed=00:00:00.0038817
Learning progress:
1;230.867222222222 * time_passes + 12.5127777777775 * sccp;0.568749996421509;0.568749996421509;0.568749996421509;0.568749996421509;0.000823;2;12.5127777777775 * sccp;1;2.71160896946945;
Elapsed=00:00:00.0008915
Learning progress:
1;210.44 * time_passes + 30.0829166666665 * gvn;0.915035060586306;0.915035060586306;0.915035060586306;0.915035060586306;0.000764;2;30.0829166666665 * gvn;1;9.2472864533692;
Elapsed=00:00:00.0008337
Learning progress:
1;233.290833333333 * time_passes + 7.25249999999982 * ipsccp;1.27419139583587;1.27419139583587;1.27419139583587;1.27419139583587;0.000773;2;7.25249999999982 * ipsccp;1;6.67960038042353;
Elapsed=00:00:00.0031566
Learning progress:
1;220.990833333333 * time_passes + 22.6524999999994 * instcombine;0.501542529902883;0.501542529902883;0.501542529902883;0.501542529902883;0.000864;2;22.6524999999994 * instcombine;1;6.61724179137027;
Elapsed=00:00:00.0009460
Learning progress:
1;208.986666666667 * time_passes + 31.4149999999995 * gvn;1.13376558242063;1.13376558242063;1.13376558242063;1.13376558242063;0.000824;2;31.4149999999995 * gvn;1;7.38229334546175;
2;208.986666666667 * time_passes + 23.2816666666666 * gvn + 10.844444444444 * instcombine;0.578786234930766;0.578786234930766;0.578786234930766;0.578786234930766;0.003166;3;10.844444444444 * instcombine;1;0.554979347489869;
Elapsed=00:00:00.0032446
Learning progress:
1;230.867222222222 * time_passes + 12.5127777777775 * sccp;0.568749996421509;0.568749996421509;0.568749996421509;0.568749996421509;0.000842;2;12.5127777777775 * sccp;1;2.71160896946945;
Elapsed=00:00:00.0009118
Learning progress:
1;210.44 * time_passes + 30.0829166666665 * gvn;0.915035060586306;0.915035060586306;0.915035060586306;0.915035060586306;0.000795;2;30.0829166666665 * gvn;1;9.2472864533692;
Elapsed=00:00:00.0008636
Learning progress:
1;233.290833333333 * time_passes + 7.25249999999982 * ipsccp;1.27419139583587;1.27419139583587;1.27419139583587;1.27419139583587;0.000775;2;7.25249999999982 * ipsccp;1;6.67960038042353;
Elapsed=00:00:00.0031446
Learning progress:
1;220.990833333333 * time_passes + 22.6524999999994 * instcombine;0.501542529902883;0.501542529902883;0.501542529902883;0.501542529902883;0.001526;2;22.6524999999994 * instcombine;1;6.61724179137027;
Elapsed=00:00:00.0016092
Learning progress:
1;208.986666666667 * time_passes + 31.4149999999995 * gvn;1.13376558242063;1.13376558242063;1.13376558242063;1.13376558242063;0.000996;2;31.4149999999995 * gvn;1;7.38229334546175;
2;208.986666666667 * time_passes + 23.2816666666666 * gvn + 10.844444444444 * instcombine;0.578786234930766;0.578786234930766;0.578786234930766;0.578786234930766;0.003362;3;10.844444444444 * instcombine;1;0.554979347489869;
Elapsed=00:00:00.0034417
Learning progress:
1;230.867222222222 * time_passes + 12.5127777777775 * sccp;0.568749996421509;0.568749996421509;0.568749996421509;0.568749996421509;0.000925;2;12.5127777777775 * sccp;1;2.71160896946945;
Elapsed=00:00:00.0009947
Learning progress:
1;210.44 * time_passes + 30.0829166666665 * gvn;0.915035060586306;0.915035060586306;0.915035060586306;0.915035060586306;0.001009;2;30.0829166666665 * gvn;1;9.2472864533692;
Elapsed=00:00:00.0010785
Learning progress:
1;233.290833333333 * time_passes + 7.25249999999982 * ipsccp;1.27419139583587;1.27419139583587;1.27419139583587;1.27419139583587;0.000937;2;7.25249999999982 * ipsccp;1;6.67960038042353;
Elapsed=00:00:00.0037819
Learning progress:
1;220.990833333333 * time_passes + 22.6524999999994 * instcombine;0.501542529902883;0.501542529902883;0.501542529902883;0.501542529902883;0.000944;2;22.6524999999994 * instcombine;1;6.61724179137027;
Elapsed=00:00:00.0010260
Learning progress:
1;208.986666666667 * time_passes + 31.4149999999995 * gvn;1.13376558242063;1.13376558242063;1.13376558242063;1.13376558242063;0.000795;2;31.4149999999995 * gvn;1;7.38229334546175;
2;208.986666666667 * time_passes + 23.2816666666666 * gvn + 10.844444444444 * instcombine;0.578786234930766;0.578786234930766;0.578786234930766;0.578786234930766;0.003308;3;10.844444444444 * instcombine;1;0.554979347489869;
Elapsed=00:00:00.0033875
Learning progress:
1;230.867222222222 * time_passes + 12.5127777777775 * sccp;0.568749996421509;0.568749996421509;0.568749996421509;0.568749996421509;0.000916;2;12.5127777777775 * sccp;1;2.71160896946945;
Elapsed=00:00:00.0009854
Learning progress:
1;210.44 * time_passes + 30.0829166666665 * gvn;0.915035060586306;0.915035060586306;0.915035060586306;0.915035060586306;0.001029;2;30.0829166666665 * gvn;1;9.2472864533692;
Elapsed=00:00:00.0010985
Learning progress:
1;233.290833333333 * time_passes + 7.25249999999982 * ipsccp;1.27419139583587;1.27419139583587;1.27419139583587;1.27419139583587;0.000916;2;7.25249999999982 * ipsccp;1;6.67960038042353;
Elapsed=00:00:00.0038972
Error of optimal parameters: 0.767661043535467
Optimal parameters abortError:1;minImprovementPerRound:0.1;lossFunction:RELATIVE;quadraticFunctionSupport:True;learn-logFunction:True;learn-asymFunction:True;learn-ratioFunction:True;withHierarchy:False;useBackward:False;
Learning progress:
1;209.713333333333 * time_passes + 31.116296296296 * gvn;1.39425097060602;1.39425097060602;1.39425097060602;1.39425097060602;0.001581;2;31.116296296296 * gvn;1;3.0115994550627;
2;209.713333333334 * time_passes + 22.555 * gvn + 11.0073809523806 * instcombine;0.574903209184382;0.574903209184382;0.574903209184382;0.574903209184382;0.005436;3;11.0073809523806 * instcombine;1;0.81934776142164;
Elapsed=00:00:00.0056099
command: clean-sampling
command: clean-global
command: script ./learn_divDistBased_t2.a
command: log ./out_divDistBased_t2Predictions.log
