Current machine learning settings: epsilon:0 lossFunction:RELATIVE parallelization:True bagging:False baggingNumbers:3 considerEpsilonTube:False baggingTestDataFraction:50 useBackward:False abortError:1 limitFeatureSize:False featureSizeTreshold:4 quadraticFunctionSupport:True crossValidation:False crossValidation-k:5 learn-logFunction:False learn-accumulatedLogFunction:False learn-asymFunction:False learn-ratioFunction:False learn-mirrowedFunction:False learn-numeric-disabled:True numberOfRounds:70 backwardErrorDelta:1 minImprovementPerRound:0.1 withHierarchy:False bruteForceCandidates:False ignoreBadFeatures:False stopOnLongRound:True candidateSizePenalty:True learnTimeLimit:00:00:00 scoreMeasure:RELERROR outputRoundsToStdout:False debug:False pythonInfluenceAnalysis:False blacklisted: 
command: solver z3
command: vm /scratch/kallistos/Distance-Based_Data/SupplementaryWebsite/MeasuredPerformanceValues/Hipacc/FeatureModel.xml
Warning: Variability model contains outdated notation. Children nodes will no longer have effect on the model. Instead use the parent node to describe the parent of an configuration option. You can also use the converter providedby the Variability Model GUI in export>convert legacy model.
Warning: Default value nodes in models are no longer used and should be removed. You can also use the converter provided by the Variability Model GUI in export>convert legacy model to update your model.
command: all /scratch/kallistos/Distance-Based_Data/SupplementaryWebsite/MeasuredPerformanceValues/Hipacc/measurements.xml
Configs with too large deviation: 0
13485 configurations loaded.
command: binary grammar-based numConfigs:50 seed:62
command: printconfigs ./sampledConfigurations_grammarBased_t1.csv
invalid number: 13717 respective config: API, OpenCL, TextureMemory, LocalMemory, Blocksize, bs_512x1, padding, padding_384, pixelPerThread, pixelPerThread_2, root
invalid number: 27964 respective config: API, CUDA, TextureMemory, LocalMemory, Blocksize, bs_512x1, padding, padding_128, pixelPerThread, pixelPerThread_1, root
invalid number: 21394 respective config: API, CUDA, TextureMemory, Array2D, Blocksize, bs_256x2, padding, padding_320, pixelPerThread, pixelPerThread_3, root
invalid number: 21093 respective config: API, CUDA, TextureMemory, Array2D, Blocksize, bs_32x4, padding, padding_96, pixelPerThread, pixelPerThread_2, root
invalid number: 6408 respective config: API, OpenCL, TextureMemory, Array2D, Blocksize, bs_128x8, padding, padding_128, pixelPerThread, pixelPerThread_1, root
invalid number: 8410 respective config: API, OpenCL, TextureMemory, Array2D, LocalMemory, Blocksize, bs_64x8, padding, padding_352, pixelPerThread, pixelPerThread_3, root
invalid number: 22672 respective config: API, CUDA, TextureMemory, Array2D, LocalMemory, Blocksize, bs_64x8, padding, padding_224, pixelPerThread, pixelPerThread_1, root
invalid number: 3739 respective config: API, OpenCL, TextureMemory, Linear2D, Blocksize, bs_512x1, padding, padding_512, pixelPerThread, pixelPerThread_4, root
invalid number: 13477 respective config: API, OpenCL, TextureMemory, LocalMemory, Blocksize, bs_128x4, padding, padding_96, pixelPerThread, pixelPerThread_2, root
invalid number: 12627 respective config: API, OpenCL, TextureMemory, Blocksize, bs_64x2, padding, padding_352, pixelPerThread, pixelPerThread_4, root
invalid number: 2716 respective config: API, OpenCL, TextureMemory, Linear1D, LocalMemory, Blocksize, bs_64x8, padding, padding_512, pixelPerThread, pixelPerThread_1, root
invalid number: 22340 respective config: API, CUDA, TextureMemory, Array2D, LocalMemory, Blocksize, bs_512x2, padding, padding_288, pixelPerThread, pixelPerThread_1, root
invalid number: 10813 respective config: API, OpenCL, TextureMemory, Ldg, LocalMemory, Blocksize, bs_512x1, padding, padding_0, pixelPerThread, pixelPerThread_2, root
invalid number: 27065 respective config: API, CUDA, TextureMemory, Blocksize, bs_256x2, padding, padding_0, pixelPerThread, pixelPerThread_2, root
invalid number: 11355 respective config: API, OpenCL, TextureMemory, Ldg, LocalMemory, Blocksize, bs_256x1, padding, padding_512, pixelPerThread, pixelPerThread_4, root
invalid number: 18819 respective config: API, CUDA, TextureMemory, Linear2D, LocalMemory, Blocksize, bs_32x32, padding, padding_384, pixelPerThread, pixelPerThread_4, root
invalid number: 3357 respective config: API, OpenCL, TextureMemory, Linear2D, Blocksize, bs_128x1, padding, padding_192, pixelPerThread, pixelPerThread_2, root
invalid number: 18822 respective config: API, CUDA, TextureMemory, Linear2D, LocalMemory, Blocksize, bs_32x32, padding, padding_416, pixelPerThread, pixelPerThread_3, root
invalid number: 5566 respective config: API, OpenCL, TextureMemory, Linear2D, LocalMemory, Blocksize, bs_64x8, padding, padding_448, pixelPerThread, pixelPerThread_3, root
invalid number: 12363 respective config: API, OpenCL, TextureMemory, Blocksize, bs_512x2, padding, padding_416, pixelPerThread, pixelPerThread_4, root
invalid number: 26694 respective config: API, CUDA, TextureMemory, Blocksize, bs_1024x1, padding, padding_288, pixelPerThread, pixelPerThread_3, root
invalid number: 9144 respective config: API, OpenCL, TextureMemory, Ldg, Blocksize, bs_128x2, padding, padding_256, pixelPerThread, pixelPerThread_1, root
invalid number: 11425 respective config: API, OpenCL, TextureMemory, Blocksize, bs_32x1, padding, padding_0, pixelPerThread, pixelPerThread_2, root
invalid number: 26231 respective config: API, CUDA, TextureMemory, Blocksize, bs_128x1, padding, padding_384, pixelPerThread, pixelPerThread_4, root
invalid number: 7205 respective config: API, OpenCL, TextureMemory, Array2D, LocalMemory, Blocksize, bs_32x1, padding, padding_512, pixelPerThread, pixelPerThread_2, root
invalid number: 22652 respective config: API, CUDA, TextureMemory, Array2D, LocalMemory, Blocksize, bs_64x8, padding, padding_64, pixelPerThread, pixelPerThread_1, root
invalid number: 2729 respective config: API, OpenCL, TextureMemory, Linear1D, LocalMemory, Blocksize, bs_256x1, padding, padding_64, pixelPerThread, pixelPerThread_2, root
invalid number: 25928 respective config: API, CUDA, TextureMemory, Blocksize, bs_32x32, padding, padding_160, pixelPerThread, pixelPerThread_1, root
invalid number: 7346 respective config: API, OpenCL, TextureMemory, Array2D, LocalMemory, Blocksize, bs_32x32, padding, padding_0, pixelPerThread, pixelPerThread_3, root
invalid number: 22361 respective config: API, CUDA, TextureMemory, Array2D, LocalMemory, Blocksize, bs_512x2, padding, padding_448, pixelPerThread, pixelPerThread_2, root
invalid number: 20473 respective config: API, CUDA, TextureMemory, Array2D, Blocksize, bs_128x1, padding, padding_32, pixelPerThread, pixelPerThread_2, root
invalid number: 27081 respective config: API, CUDA, TextureMemory, Blocksize, bs_256x2, padding, padding_128, pixelPerThread, pixelPerThread_2, root
invalid number: 1361 respective config: API, OpenCL, TextureMemory, Linear1D, Blocksize, bs_256x2, padding, padding_0, pixelPerThread, pixelPerThread_2, root
invalid number: 10981 respective config: API, OpenCL, TextureMemory, Ldg, LocalMemory, Blocksize, bs_1024x1, padding, padding_256, pixelPerThread, pixelPerThread_2, root
invalid number: 21728 respective config: API, CUDA, TextureMemory, Array2D, LocalMemory, Blocksize, bs_64x1, padding, padding_288, pixelPerThread, pixelPerThread_1, root
invalid number: 3398 respective config: API, OpenCL, TextureMemory, Linear2D, Blocksize, bs_128x1, padding, padding_512, pixelPerThread, pixelPerThread_3, root
invalid number: 13503 respective config: API, OpenCL, TextureMemory, LocalMemory, Blocksize, bs_128x4, padding, padding_288, pixelPerThread, pixelPerThread_4, root
invalid number: 771 respective config: API, OpenCL, TextureMemory, Linear1D, Blocksize, bs_256x4, padding, padding_160, pixelPerThread, pixelPerThread_4, root
invalid number: 4452 respective config: API, OpenCL, TextureMemory, Linear2D, LocalMemory, Blocksize, bs_32x16, padding, padding_256, pixelPerThread, pixelPerThread_1, root
invalid number: 426 respective config: API, OpenCL, TextureMemory, Linear1D, Blocksize, bs_64x16, padding, padding_128, pixelPerThread, pixelPerThread_3, root
invalid number: 4495 respective config: API, OpenCL, TextureMemory, Linear2D, LocalMemory, Blocksize, bs_32x32, padding, padding_32, pixelPerThread, pixelPerThread_4, root
invalid number: 12639 respective config: API, OpenCL, TextureMemory, Blocksize, bs_64x2, padding, padding_448, pixelPerThread, pixelPerThread_4, root
invalid number: 10792 respective config: API, OpenCL, TextureMemory, Ldg, LocalMemory, Blocksize, bs_256x4, padding, padding_384, pixelPerThread, pixelPerThread_1, root
invalid number: 13786 respective config: API, OpenCL, TextureMemory, LocalMemory, Blocksize, bs_512x2, padding, padding_384, pixelPerThread, pixelPerThread_3, root
invalid number: 378 respective config: API, OpenCL, TextureMemory, Linear1D, Blocksize, bs_64x4, padding, padding_288, pixelPerThread, pixelPerThread_3, root
invalid number: 8182 respective config: API, OpenCL, TextureMemory, Array2D, LocalMemory, Blocksize, bs_32x2, padding, padding_160, pixelPerThread, pixelPerThread_3, root
invalid number: 9932 respective config: API, OpenCL, TextureMemory, Ldg, Blocksize, bs_256x2, padding, padding_32, pixelPerThread, pixelPerThread_1, root
invalid number: 1505 respective config: API, OpenCL, TextureMemory, Linear1D, LocalMemory, Blocksize, bs_32x8, padding, padding_64, pixelPerThread, pixelPerThread_2, root
invalid number: 4484 respective config: API, OpenCL, TextureMemory, Linear2D, LocalMemory, Blocksize, bs_32x16, padding, padding_512, pixelPerThread, pixelPerThread_1, root
invalid number: 20270 respective config: API, CUDA, TextureMemory, Array2D, Blocksize, bs_64x1, padding, padding_32, pixelPerThread, pixelPerThread_3, root
invalid number: 7167 respective config: API, OpenCL, TextureMemory, Array2D, LocalMemory, Blocksize, bs_32x1, padding, padding_192, pixelPerThread, pixelPerThread_4, root
invalid number: 10471 respective config: API, OpenCL, TextureMemory, Ldg, LocalMemory, Blocksize, bs_64x16, padding, padding_512, pixelPerThread, pixelPerThread_4, root
invalid number: 22729 respective config: API, CUDA, TextureMemory, Array2D, LocalMemory, Blocksize, bs_256x1, padding, padding_128, pixelPerThread, pixelPerThread_2, root
invalid number: 9376 respective config: API, OpenCL, TextureMemory, Ldg, Blocksize, bs_256x4, padding, padding_480, pixelPerThread, pixelPerThread_1, root
invalid number: 25904 respective config: API, CUDA, TextureMemory, Blocksize, bs_32x16, padding, padding_512, pixelPerThread, pixelPerThread_1, root
invalid number: 27853 respective config: API, CUDA, TextureMemory, LocalMemory, Blocksize, bs_128x8, padding, padding_320, pixelPerThread, pixelPerThread_2, root
invalid number: 11162 respective config: API, OpenCL, TextureMemory, Ldg, LocalMemory, Blocksize, bs_64x2, padding, padding_64, pixelPerThread, pixelPerThread_3, root
invalid number: 9873 respective config: API, OpenCL, TextureMemory, Ldg, Blocksize, bs_256x1, padding, padding_96, pixelPerThread, pixelPerThread_2, root
invalid number: 626 respective config: API, OpenCL, TextureMemory, Linear1D, Blocksize, bs_128x4, padding, padding_96, pixelPerThread, pixelPerThread_3, root
invalid number: 25978 respective config: API, CUDA, TextureMemory, Blocksize, bs_64x1, padding, padding_0, pixelPerThread, pixelPerThread_3, root
invalid number: 21803 respective config: API, CUDA, TextureMemory, Array2D, LocalMemory, Blocksize, bs_64x4, padding, padding_320, pixelPerThread, pixelPerThread_4, root
invalid number: 2554 respective config: API, OpenCL, TextureMemory, Linear1D, LocalMemory, Blocksize, bs_32x4, padding, padding_288, pixelPerThread, pixelPerThread_3, root
invalid number: 8559 respective config: API, OpenCL, TextureMemory, Array2D, LocalMemory, Blocksize, bs_256x2, padding, padding_448, pixelPerThread, pixelPerThread_4, root
invalid number: 21603 respective config: API, CUDA, TextureMemory, Array2D, LocalMemory, Blocksize, bs_32x16, padding, padding_352, pixelPerThread, pixelPerThread_4, root
invalid number: 6151 respective config: API, OpenCL, TextureMemory, Array2D, Blocksize, bs_64x16, padding, padding_224, pixelPerThread, pixelPerThread_4, root
invalid number: 20111 respective config: API, CUDA, TextureMemory, Array2D, Blocksize, bs_32x8, padding, padding_384, pixelPerThread, pixelPerThread_4, root
invalid number: 21988 respective config: API, CUDA, TextureMemory, Array2D, LocalMemory, Blocksize, bs_128x2, padding, padding_192, pixelPerThread, pixelPerThread_1, root
invalid number: 14225 respective config: API, OpenCL, TextureMemory, LocalMemory, Blocksize, bs_256x2, padding, padding_96, pixelPerThread, pixelPerThread_2, root
invalid number: 10461 respective config: API, OpenCL, TextureMemory, Ldg, LocalMemory, Blocksize, bs_64x16, padding, padding_448, pixelPerThread, pixelPerThread_2, root
invalid number: 2688 respective config: API, OpenCL, TextureMemory, Linear1D, LocalMemory, Blocksize, bs_64x8, padding, padding_288, pixelPerThread, pixelPerThread_1, root
invalid number: 26238 respective config: API, CUDA, TextureMemory, Blocksize, bs_128x1, padding, padding_448, pixelPerThread, pixelPerThread_3, root
invalid number: 13593 respective config: API, OpenCL, TextureMemory, LocalMemory, Blocksize, bs_128x8, padding, padding_480, pixelPerThread, pixelPerThread_2, root
invalid number: 22349 respective config: API, CUDA, TextureMemory, Array2D, LocalMemory, Blocksize, bs_512x2, padding, padding_352, pixelPerThread, pixelPerThread_2, root
invalid number: 28117 respective config: API, CUDA, TextureMemory, LocalMemory, Blocksize, bs_1024x1, padding, padding_256, pixelPerThread, pixelPerThread_2, root
invalid number: 7316 respective config: API, OpenCL, TextureMemory, Array2D, LocalMemory, Blocksize, bs_32x16, padding, padding_320, pixelPerThread, pixelPerThread_1, root
invalid number: 11146 respective config: API, OpenCL, TextureMemory, Ldg, LocalMemory, Blocksize, bs_32x4, padding, padding_480, pixelPerThread, pixelPerThread_3, root
invalid number: 21551 respective config: API, CUDA, TextureMemory, Array2D, LocalMemory, Blocksize, bs_32x8, padding, padding_480, pixelPerThread, pixelPerThread_4, root
invalid number: 19475 respective config: API, CUDA, TextureMemory, Linear2D, LocalMemory, Blocksize, bs_512x2, padding, padding_192, pixelPerThread, pixelPerThread_4, root
invalid number: 20100 respective config: API, CUDA, TextureMemory, Array2D, Blocksize, bs_32x8, padding, padding_320, pixelPerThread, pixelPerThread_1, root
invalid number: 9140 respective config: API, OpenCL, TextureMemory, Ldg, Blocksize, bs_128x2, padding, padding_224, pixelPerThread, pixelPerThread_1, root
invalid number: 25960 respective config: API, CUDA, TextureMemory, Blocksize, bs_32x32, padding, padding_416, pixelPerThread, pixelPerThread_1, root
invalid number: 8720 respective config: API, OpenCL, TextureMemory, Ldg, Blocksize, bs_32x16, padding, padding_128, pixelPerThread, pixelPerThread_1, root
invalid number: 16630 respective config: API, CUDA, TextureMemory, Linear1D, LocalMemory, Blocksize, bs_512x2, padding, padding_288, pixelPerThread, pixelPerThread_3, root
invalid number: 27784 respective config: API, CUDA, TextureMemory, LocalMemory, Blocksize, bs_128x4, padding, padding_320, pixelPerThread, pixelPerThread_1, root
invalid number: 26103 respective config: API, CUDA, TextureMemory, Blocksize, bs_64x4, padding, padding_448, pixelPerThread, pixelPerThread_4, root
invalid number: 5155 respective config: API, OpenCL, TextureMemory, Linear2D, LocalMemory, Blocksize, bs_512x1, padding, padding_416, pixelPerThread, pixelPerThread_4, root
invalid number: 9479 respective config: API, OpenCL, TextureMemory, Ldg, Blocksize, bs_512x2, padding, padding_192, pixelPerThread, pixelPerThread_4, root
invalid number: 27578 respective config: API, CUDA, TextureMemory, LocalMemory, Blocksize, bs_64x16, padding, padding_288, pixelPerThread, pixelPerThread_3, root
invalid number: 21324 respective config: API, CUDA, TextureMemory, Array2D, Blocksize, bs_256x1, padding, padding_320, pixelPerThread, pixelPerThread_1, root
invalid number: 10849 respective config: API, OpenCL, TextureMemory, Ldg, LocalMemory, Blocksize, bs_512x1, padding, padding_288, pixelPerThread, pixelPerThread_2, root
invalid number: 27554 respective config: API, CUDA, TextureMemory, LocalMemory, Blocksize, bs_64x16, padding, padding_96, pixelPerThread, pixelPerThread_3, root
invalid number: 11724 respective config: API, OpenCL, TextureMemory, Blocksize, bs_64x1, padding, padding_224, pixelPerThread, pixelPerThread_1, root
invalid number: 20399 respective config: API, CUDA, TextureMemory, Array2D, Blocksize, bs_64x4, padding, padding_512, pixelPerThread, pixelPerThread_4, root
invalid number: 10351 respective config: API, OpenCL, TextureMemory, Ldg, LocalMemory, Blocksize, bs_64x4, padding, padding_96, pixelPerThread, pixelPerThread_4, root
invalid number: 1496 respective config: API, OpenCL, TextureMemory, Linear1D, LocalMemory, Blocksize, bs_32x8, padding, padding_0, pixelPerThread, pixelPerThread_1, root
invalid number: 5633 respective config: API, OpenCL, TextureMemory, Linear2D, LocalMemory, Blocksize, bs_256x1, padding, padding_448, pixelPerThread, pixelPerThread_2, root
invalid number: 2925 respective config: API, OpenCL, TextureMemory, Linear2D, Blocksize, bs_32x8, padding, padding_0, pixelPerThread, pixelPerThread_2, root
invalid number: 21237 respective config: API, CUDA, TextureMemory, Array2D, Blocksize, bs_64x8, padding, padding_160, pixelPerThread, pixelPerThread_2, root
invalid number: 9276 respective config: API, OpenCL, TextureMemory, Ldg, Blocksize, bs_128x8, padding, padding_224, pixelPerThread, pixelPerThread_1, root
invalid number: 8211 respective config: API, OpenCL, TextureMemory, Array2D, LocalMemory, Blocksize, bs_32x2, padding, padding_384, pixelPerThread, pixelPerThread_4, root
invalid number: 21005 respective config: API, CUDA, TextureMemory, Array2D, Blocksize, bs_1024x1, padding, padding_480, pixelPerThread, pixelPerThread_2, root
invalid number: 6360 respective config: API, OpenCL, TextureMemory, Array2D, Blocksize, bs_128x4, padding, padding_288, pixelPerThread, pixelPerThread_1, root
invalid number: 21626 respective config: API, CUDA, TextureMemory, Array2D, LocalMemory, Blocksize, bs_32x32, padding, padding_0, pixelPerThread, pixelPerThread_3, root
invalid number: 12291 respective config: API, OpenCL, TextureMemory, Blocksize, bs_512x1, padding, padding_384, pixelPerThread, pixelPerThread_4, root
invalid number: 9901 respective config: API, OpenCL, TextureMemory, Ldg, Blocksize, bs_256x1, padding, padding_320, pixelPerThread, pixelPerThread_2, root
invalid number: 1105 respective config: API, OpenCL, TextureMemory, Linear1D, Blocksize, bs_32x4, padding, padding_128, pixelPerThread, pixelPerThread_2, root
invalid number: 12596 respective config: API, OpenCL, TextureMemory, Blocksize, bs_64x2, padding, padding_128, pixelPerThread, pixelPerThread_1, root
invalid number: 3025 respective config: API, OpenCL, TextureMemory, Linear2D, Blocksize, bs_32x16, padding, padding_256, pixelPerThread, pixelPerThread_2, root
invalid number: 3428 respective config: API, OpenCL, TextureMemory, Linear2D, Blocksize, bs_128x2, padding, padding_224, pixelPerThread, pixelPerThread_1, root
invalid number: 5420 respective config: API, OpenCL, TextureMemory, Linear2D, LocalMemory, Blocksize, bs_32x4, padding, padding_384, pixelPerThread, pixelPerThread_1, root
invalid number: 7291 respective config: API, OpenCL, TextureMemory, Array2D, LocalMemory, Blocksize, bs_32x16, padding, padding_96, pixelPerThread, pixelPerThread_4, root
invalid number: 26090 respective config: API, CUDA, TextureMemory, Blocksize, bs_64x4, padding, padding_352, pixelPerThread, pixelPerThread_3, root
invalid number: 9682 respective config: API, OpenCL, TextureMemory, Ldg, Blocksize, bs_32x4, padding, padding_192, pixelPerThread, pixelPerThread_3, root
invalid number: 2719 respective config: API, OpenCL, TextureMemory, Linear1D, LocalMemory, Blocksize, bs_64x8, padding, padding_512, pixelPerThread, pixelPerThread_4, root
invalid number: 20341 respective config: API, CUDA, TextureMemory, Array2D, Blocksize, bs_64x4, padding, padding_64, pixelPerThread, pixelPerThread_2, root
invalid number: 9541 respective config: API, OpenCL, TextureMemory, Ldg, Blocksize, bs_1024x1, padding, padding_160, pixelPerThread, pixelPerThread_2, root
invalid number: 6931 respective config: API, OpenCL, TextureMemory, Array2D, Blocksize, bs_64x2, padding, padding_480, pixelPerThread, pixelPerThread_4, root
invalid number: 2981 respective config: API, OpenCL, TextureMemory, Linear2D, Blocksize, bs_32x8, padding, padding_448, pixelPerThread, pixelPerThread_2, root
invalid number: 5664 respective config: API, OpenCL, TextureMemory, Linear2D, LocalMemory, Blocksize, bs_256x2, padding, padding_160, pixelPerThread, pixelPerThread_1, root
invalid number: 4843 respective config: API, OpenCL, TextureMemory, Linear2D, LocalMemory, Blocksize, bs_128x2, padding, padding_96, pixelPerThread, pixelPerThread_4, root
invalid number: 10628 respective config: API, OpenCL, TextureMemory, Ldg, LocalMemory, Blocksize, bs_128x4, padding, padding_160, pixelPerThread, pixelPerThread_1, root
invalid number: 25027 respective config: API, CUDA, TextureMemory, Ldg, LocalMemory, Blocksize, bs_256x4, padding, padding_0, pixelPerThread, pixelPerThread_4, root
invalid number: 25793 respective config: API, CUDA, TextureMemory, Blocksize, bs_32x8, padding, padding_160, pixelPerThread, pixelPerThread_2, root
ConfigurationSampling done in 1616 ms
28560
LocalMemory ::= (ε, 1) | (LocalMemory, 1) Symbolkind: TERMINAL
root ::= (API, 2)   (TextureMemory, 5)   (LocalMemory, 2)   (Blocksize, 21)   (padding, 17)   (pixelPerThread, 4) Symbolkind: NONTERMINAL
API ::= (OpenCL, 1) | (CUDA, 1) Symbolkind: TERMINAL
TextureMemoryInvis ::= (ε, 1) Symbolkind: TERMINAL
TextureMemory ::= (Linear1D, 1) | (Linear2D, 1) | (Array2D, 1) | (Ldg, 1) | (TextureMemoryInvis, 1) Symbolkind: TERMINAL
Blocksize ::= (bs_32x1, 1) | (bs_32x8, 1) | (bs_32x16, 1) | (bs_32x32, 1) | (bs_64x1, 1) | (bs_64x4, 1) | (bs_64x16, 1) | (bs_128x1, 1) | (bs_128x2, 1) | (bs_128x4, 1) | (bs_128x8, 1) | (bs_256x4, 1) | (bs_512x1, 1) | (bs_512x2, 1) | (bs_1024x1, 1) | (bs_32x2, 1) | (bs_32x4, 1) | (bs_64x2, 1) | (bs_64x8, 1) | (bs_256x1, 1) | (bs_256x2, 1) Symbolkind: TERMINAL
padding ::= (padding_0, 1) | (padding_32, 1) | (padding_64, 1) | (padding_96, 1) | (padding_128, 1) | (padding_160, 1) | (padding_192, 1) | (padding_224, 1) | (padding_256, 1) | (padding_288, 1) | (padding_320, 1) | (padding_352, 1) | (padding_384, 1) | (padding_416, 1) | (padding_448, 1) | (padding_480, 1) | (padding_512, 1) Symbolkind: TERMINAL
pixelPerThread ::= (pixelPerThread_1, 1) | (pixelPerThread_2, 1) | (pixelPerThread_3, 1) | (pixelPerThread_4, 1) Symbolkind: TERMINAL

command: clean-sampling
command: clean-global
command: script ./learn_grammarBased_t2.a
command: log ./out_grammarBased_t2.log
