Current machine learning settings: epsilon:0 lossFunction:RELATIVE parallelization:True bagging:False baggingNumbers:3 considerEpsilonTube:False baggingTestDataFraction:50 useBackward:False abortError:1 limitFeatureSize:False featureSizeTreshold:4 quadraticFunctionSupport:True crossValidation:False crossValidation-k:5 learn-logFunction:False learn-accumulatedLogFunction:False learn-asymFunction:False learn-ratioFunction:False learn-mirrowedFunction:False learn-numeric-disabled:True numberOfRounds:70 backwardErrorDelta:1 minImprovementPerRound:0.1 withHierarchy:False bruteForceCandidates:False ignoreBadFeatures:False stopOnLongRound:True candidateSizePenalty:True learnTimeLimit:00:00:00 scoreMeasure:RELERROR outputRoundsToStdout:False debug:False pythonInfluenceAnalysis:False blacklisted: 
command: solver z3
command: vm /scratch/kallistos/Distance-Based_Data/SupplementaryWebsite/MeasuredPerformanceValues/Hipacc/FeatureModel.xml
Warning: Variability model contains outdated notation. Children nodes will no longer have effect on the model. Instead use the parent node to describe the parent of an configuration option. You can also use the converter providedby the Variability Model GUI in export>convert legacy model.
Warning: Default value nodes in models are no longer used and should be removed. You can also use the converter provided by the Variability Model GUI in export>convert legacy model to update your model.
command: all /scratch/kallistos/Distance-Based_Data/SupplementaryWebsite/MeasuredPerformanceValues/Hipacc/measurements.xml
Configs with too large deviation: 0
13485 configurations loaded.
command: binary grammar-based numConfigs:50 seed:85
command: printconfigs ./sampledConfigurations_grammarBased_t1.csv
invalid number: 11070 respective config: API, OpenCL, TextureMemory, Ldg, LocalMemory, Blocksize, bs_32x2, padding, padding_416, pixelPerThread, pixelPerThread_3, root
invalid number: 27752 respective config: API, CUDA, TextureMemory, LocalMemory, Blocksize, bs_128x4, padding, padding_64, pixelPerThread, pixelPerThread_1, root
invalid number: 16150 respective config: API, CUDA, TextureMemory, Linear1D, LocalMemory, Blocksize, bs_64x16, padding, padding_256, pixelPerThread, pixelPerThread_3, root
invalid number: 7122 respective config: API, OpenCL, TextureMemory, Array2D, Blocksize, bs_256x2, padding, padding_384, pixelPerThread, pixelPerThread_3, root
invalid number: 26660 respective config: API, CUDA, TextureMemory, Blocksize, bs_1024x1, padding, padding_32, pixelPerThread, pixelPerThread_1, root
invalid number: 4056 respective config: API, OpenCL, TextureMemory, Linear2D, Blocksize, bs_64x2, padding, padding_352, pixelPerThread, pixelPerThread_1, root
invalid number: 4213 respective config: API, OpenCL, TextureMemory, Linear2D, Blocksize, bs_256x1, padding, padding_512, pixelPerThread, pixelPerThread_2, root
invalid number: 9308 respective config: API, OpenCL, TextureMemory, Ldg, Blocksize, bs_128x8, padding, padding_480, pixelPerThread, pixelPerThread_1, root
invalid number: 6510 respective config: API, OpenCL, TextureMemory, Array2D, Blocksize, bs_256x4, padding, padding_384, pixelPerThread, pixelPerThread_3, root
invalid number: 4759 respective config: API, OpenCL, TextureMemory, Linear2D, LocalMemory, Blocksize, bs_64x16, padding, padding_512, pixelPerThread, pixelPerThread_4, root
invalid number: 5679 respective config: API, OpenCL, TextureMemory, Linear2D, LocalMemory, Blocksize, bs_256x2, padding, padding_256, pixelPerThread, pixelPerThread_4, root
invalid number: 8380 respective config: API, OpenCL, TextureMemory, Array2D, LocalMemory, Blocksize, bs_64x8, padding, padding_128, pixelPerThread, pixelPerThread_1, root
invalid number: 5676 respective config: API, OpenCL, TextureMemory, Linear2D, LocalMemory, Blocksize, bs_256x2, padding, padding_256, pixelPerThread, pixelPerThread_1, root
invalid number: 7848 respective config: API, OpenCL, TextureMemory, Array2D, LocalMemory, Blocksize, bs_128x8, padding, padding_224, pixelPerThread, pixelPerThread_1, root
invalid number: 13260 respective config: API, OpenCL, TextureMemory, LocalMemory, Blocksize, bs_64x16, padding, padding_0, pixelPerThread, pixelPerThread_1, root
invalid number: 5246 respective config: API, OpenCL, TextureMemory, Linear2D, LocalMemory, Blocksize, bs_1024x1, padding, padding_64, pixelPerThread, pixelPerThread_3, root
invalid number: 4909 respective config: API, OpenCL, TextureMemory, Linear2D, LocalMemory, Blocksize, bs_128x4, padding, padding_96, pixelPerThread, pixelPerThread_2, root
invalid number: 10943 respective config: API, OpenCL, TextureMemory, Ldg, LocalMemory, Blocksize, bs_512x2, padding, padding_480, pixelPerThread, pixelPerThread_4, root
invalid number: 8510 respective config: API, OpenCL, TextureMemory, Array2D, LocalMemory, Blocksize, bs_256x2, padding, padding_64, pixelPerThread, pixelPerThread_3, root
invalid number: 2244 respective config: API, OpenCL, TextureMemory, Linear1D, LocalMemory, Blocksize, bs_512x1, padding, padding_0, pixelPerThread, pixelPerThread_1, root
invalid number: 3656 respective config: API, OpenCL, TextureMemory, Linear2D, Blocksize, bs_256x4, padding, padding_416, pixelPerThread, pixelPerThread_1, root
invalid number: 11026 respective config: API, OpenCL, TextureMemory, Ldg, LocalMemory, Blocksize, bs_32x2, padding, padding_64, pixelPerThread, pixelPerThread_3, root
invalid number: 26724 respective config: API, CUDA, TextureMemory, Blocksize, bs_32x2, padding, padding_0, pixelPerThread, pixelPerThread_1, root
invalid number: 9726 respective config: API, OpenCL, TextureMemory, Ldg, Blocksize, bs_64x2, padding, padding_0, pixelPerThread, pixelPerThread_3, root
invalid number: 18998 respective config: API, CUDA, TextureMemory, Linear2D, LocalMemory, Blocksize, bs_64x16, padding, padding_192, pixelPerThread, pixelPerThread_3, root
invalid number: 547 respective config: API, OpenCL, TextureMemory, Linear1D, Blocksize, bs_128x2, padding, padding_0, pixelPerThread, pixelPerThread_4, root
invalid number: 13081 respective config: API, OpenCL, TextureMemory, LocalMemory, Blocksize, bs_32x32, padding, padding_192, pixelPerThread, pixelPerThread_2, root
invalid number: 13005 respective config: API, OpenCL, TextureMemory, LocalMemory, Blocksize, bs_32x16, padding, padding_128, pixelPerThread, pixelPerThread_2, root
invalid number: 24530 respective config: API, CUDA, TextureMemory, Ldg, LocalMemory, Blocksize, bs_32x32, padding, padding_384, pixelPerThread, pixelPerThread_3, root
invalid number: 12113 respective config: API, OpenCL, TextureMemory, Blocksize, bs_128x8, padding, padding_64, pixelPerThread, pixelPerThread_2, root
invalid number: 440 respective config: API, OpenCL, TextureMemory, Linear1D, Blocksize, bs_64x16, padding, padding_256, pixelPerThread, pixelPerThread_1, root
invalid number: 20321 respective config: API, CUDA, TextureMemory, Array2D, Blocksize, bs_64x1, padding, padding_448, pixelPerThread, pixelPerThread_2, root
invalid number: 28485 respective config: API, CUDA, TextureMemory, LocalMemory, Blocksize, bs_256x1, padding, padding_480, pixelPerThread, pixelPerThread_2, root
invalid number: 9407 respective config: API, OpenCL, TextureMemory, Ldg, Blocksize, bs_512x1, padding, padding_160, pixelPerThread, pixelPerThread_4, root
invalid number: 22306 respective config: API, CUDA, TextureMemory, Array2D, LocalMemory, Blocksize, bs_512x2, padding, padding_0, pixelPerThread, pixelPerThread_3, root
invalid number: 2297 respective config: API, OpenCL, TextureMemory, Linear1D, LocalMemory, Blocksize, bs_512x1, padding, padding_416, pixelPerThread, pixelPerThread_2, root
invalid number: 151 respective config: API, OpenCL, TextureMemory, Linear1D, Blocksize, bs_32x16, padding, padding_96, pixelPerThread, pixelPerThread_4, root
invalid number: 4381 respective config: API, OpenCL, TextureMemory, Linear2D, LocalMemory, Blocksize, bs_32x8, padding, padding_224, pixelPerThread, pixelPerThread_2, root
invalid number: 6815 respective config: API, OpenCL, TextureMemory, Array2D, Blocksize, bs_32x4, padding, padding_96, pixelPerThread, pixelPerThread_4, root
invalid number: 146 respective config: API, OpenCL, TextureMemory, Linear1D, Blocksize, bs_32x16, padding, padding_64, pixelPerThread, pixelPerThread_3, root
invalid number: 25729 respective config: API, CUDA, TextureMemory, Blocksize, bs_32x1, padding, padding_192, pixelPerThread, pixelPerThread_2, root
invalid number: 26905 respective config: API, CUDA, TextureMemory, Blocksize, bs_64x2, padding, padding_352, pixelPerThread, pixelPerThread_2, root
invalid number: 21666 respective config: API, CUDA, TextureMemory, Array2D, LocalMemory, Blocksize, bs_32x32, padding, padding_320, pixelPerThread, pixelPerThread_3, root
invalid number: 6351 respective config: API, OpenCL, TextureMemory, Array2D, Blocksize, bs_128x4, padding, padding_192, pixelPerThread, pixelPerThread_4, root
invalid number: 12349 respective config: API, OpenCL, TextureMemory, Blocksize, bs_512x2, padding, padding_320, pixelPerThread, pixelPerThread_2, root
invalid number: 1426 respective config: API, OpenCL, TextureMemory, Linear1D, Blocksize, bs_256x2, padding, padding_512, pixelPerThread, pixelPerThread_3, root
invalid number: 8542 respective config: API, OpenCL, TextureMemory, Array2D, LocalMemory, Blocksize, bs_256x2, padding, padding_320, pixelPerThread, pixelPerThread_3, root
invalid number: 2232 respective config: API, OpenCL, TextureMemory, Linear1D, LocalMemory, Blocksize, bs_256x4, padding, padding_448, pixelPerThread, pixelPerThread_1, root
invalid number: 27928 respective config: API, CUDA, TextureMemory, LocalMemory, Blocksize, bs_256x4, padding, padding_384, pixelPerThread, pixelPerThread_1, root
invalid number: 5800 respective config: API, OpenCL, TextureMemory, Array2D, Blocksize, bs_32x8, padding, padding_160, pixelPerThread, pixelPerThread_1, root
invalid number: 1660 respective config: API, OpenCL, TextureMemory, Linear1D, LocalMemory, Blocksize, bs_32x32, padding, padding_224, pixelPerThread, pixelPerThread_1, root
invalid number: 11662 respective config: API, OpenCL, TextureMemory, Blocksize, bs_32x32, padding, padding_256, pixelPerThread, pixelPerThread_3, root
invalid number: 5871 respective config: API, OpenCL, TextureMemory, Array2D, Blocksize, bs_32x16, padding, padding_160, pixelPerThread, pixelPerThread_4, root
invalid number: 16451 respective config: API, CUDA, TextureMemory, Linear1D, LocalMemory, Blocksize, bs_128x8, padding, padding_480, pixelPerThread, pixelPerThread_4, root
invalid number: 12243 respective config: API, OpenCL, TextureMemory, Blocksize, bs_512x1, padding, padding_0, pixelPerThread, pixelPerThread_4, root
invalid number: 22272 respective config: API, CUDA, TextureMemory, Array2D, LocalMemory, Blocksize, bs_512x1, padding, padding_288, pixelPerThread, pixelPerThread_1, root
invalid number: 12040 respective config: API, OpenCL, TextureMemory, Blocksize, bs_128x4, padding, padding_32, pixelPerThread, pixelPerThread_1, root
invalid number: 20383 respective config: API, CUDA, TextureMemory, Array2D, Blocksize, bs_64x4, padding, padding_384, pixelPerThread, pixelPerThread_4, root
invalid number: 7886 respective config: API, OpenCL, TextureMemory, Array2D, LocalMemory, Blocksize, bs_128x8, padding, padding_512, pixelPerThread, pixelPerThread_3, root
invalid number: 2134 respective config: API, OpenCL, TextureMemory, Linear1D, LocalMemory, Blocksize, bs_128x8, padding, padding_192, pixelPerThread, pixelPerThread_3, root
invalid number: 21264 respective config: API, CUDA, TextureMemory, Array2D, Blocksize, bs_64x8, padding, padding_384, pixelPerThread, pixelPerThread_1, root
invalid number: 28443 respective config: API, CUDA, TextureMemory, LocalMemory, Blocksize, bs_256x1, padding, padding_128, pixelPerThread, pixelPerThread_4, root
invalid number: 11033 respective config: API, OpenCL, TextureMemory, Ldg, LocalMemory, Blocksize, bs_32x2, padding, padding_128, pixelPerThread, pixelPerThread_2, root
invalid number: 3827 respective config: API, OpenCL, TextureMemory, Linear2D, Blocksize, bs_1024x1, padding, padding_128, pixelPerThread, pixelPerThread_4, root
invalid number: 9954 respective config: API, OpenCL, TextureMemory, Ldg, Blocksize, bs_256x2, padding, padding_192, pixelPerThread, pixelPerThread_3, root
invalid number: 10610 respective config: API, OpenCL, TextureMemory, Ldg, LocalMemory, Blocksize, bs_128x4, padding, padding_0, pixelPerThread, pixelPerThread_3, root
invalid number: 4785 respective config: API, OpenCL, TextureMemory, Linear2D, LocalMemory, Blocksize, bs_128x1, padding, padding_192, pixelPerThread, pixelPerThread_2, root
invalid number: 8029 respective config: API, OpenCL, TextureMemory, Array2D, LocalMemory, Blocksize, bs_512x2, padding, padding_32, pixelPerThread, pixelPerThread_2, root
invalid number: 9187 respective config: API, OpenCL, TextureMemory, Ldg, Blocksize, bs_128x4, padding, padding_32, pixelPerThread, pixelPerThread_4, root
invalid number: 16619 respective config: API, CUDA, TextureMemory, Linear1D, LocalMemory, Blocksize, bs_512x2, padding, padding_192, pixelPerThread, pixelPerThread_4, root
invalid number: 22668 respective config: API, CUDA, TextureMemory, Array2D, LocalMemory, Blocksize, bs_64x8, padding, padding_192, pixelPerThread, pixelPerThread_1, root
invalid number: 19274 respective config: API, CUDA, TextureMemory, Linear2D, LocalMemory, Blocksize, bs_128x8, padding, padding_224, pixelPerThread, pixelPerThread_3, root
invalid number: 26135 respective config: API, CUDA, TextureMemory, Blocksize, bs_64x16, padding, padding_160, pixelPerThread, pixelPerThread_4, root
invalid number: 26981 respective config: API, CUDA, TextureMemory, Blocksize, bs_64x8, padding, padding_416, pixelPerThread, pixelPerThread_2, root
invalid number: 5645 respective config: API, OpenCL, TextureMemory, Linear2D, LocalMemory, Blocksize, bs_256x2, padding, padding_0, pixelPerThread, pixelPerThread_2, root
invalid number: 9393 respective config: API, OpenCL, TextureMemory, Ldg, Blocksize, bs_512x1, padding, padding_64, pixelPerThread, pixelPerThread_2, root
invalid number: 27687 respective config: API, CUDA, TextureMemory, LocalMemory, Blocksize, bs_128x2, padding, padding_64, pixelPerThread, pixelPerThread_4, root
invalid number: 11244 respective config: API, OpenCL, TextureMemory, Ldg, LocalMemory, Blocksize, bs_64x8, padding, padding_192, pixelPerThread, pixelPerThread_1, root
invalid number: 10395 respective config: API, OpenCL, TextureMemory, Ldg, LocalMemory, Blocksize, bs_64x4, padding, padding_448, pixelPerThread, pixelPerThread_4, root
invalid number: 27900 respective config: API, CUDA, TextureMemory, LocalMemory, Blocksize, bs_256x4, padding, padding_160, pixelPerThread, pixelPerThread_1, root
invalid number: 3389 respective config: API, OpenCL, TextureMemory, Linear2D, Blocksize, bs_128x1, padding, padding_448, pixelPerThread, pixelPerThread_2, root
invalid number: 6690 respective config: API, OpenCL, TextureMemory, Array2D, Blocksize, bs_1024x1, padding, padding_192, pixelPerThread, pixelPerThread_3, root
invalid number: 3599 respective config: API, OpenCL, TextureMemory, Linear2D, Blocksize, bs_128x8, padding, padding_480, pixelPerThread, pixelPerThread_4, root
invalid number: 7709 respective config: API, OpenCL, TextureMemory, Array2D, LocalMemory, Blocksize, bs_128x2, padding, padding_192, pixelPerThread, pixelPerThread_2, root
invalid number: 8525 respective config: API, OpenCL, TextureMemory, Array2D, LocalMemory, Blocksize, bs_256x2, padding, padding_192, pixelPerThread, pixelPerThread_2, root
invalid number: 4043 respective config: API, OpenCL, TextureMemory, Linear2D, Blocksize, bs_64x2, padding, padding_224, pixelPerThread, pixelPerThread_4, root
invalid number: 6318 respective config: API, OpenCL, TextureMemory, Array2D, Blocksize, bs_128x2, padding, padding_480, pixelPerThread, pixelPerThread_3, root
invalid number: 11822 respective config: API, OpenCL, TextureMemory, Blocksize, bs_64x4, padding, padding_448, pixelPerThread, pixelPerThread_3, root
invalid number: 8734 respective config: API, OpenCL, TextureMemory, Ldg, Blocksize, bs_32x16, padding, padding_224, pixelPerThread, pixelPerThread_3, root
invalid number: 3837 respective config: API, OpenCL, TextureMemory, Linear2D, Blocksize, bs_1024x1, padding, padding_224, pixelPerThread, pixelPerThread_2, root
invalid number: 14062 respective config: API, OpenCL, TextureMemory, LocalMemory, Blocksize, bs_64x2, padding, padding_416, pixelPerThread, pixelPerThread_3, root
invalid number: 801 respective config: API, OpenCL, TextureMemory, Linear1D, Blocksize, bs_256x4, padding, padding_416, pixelPerThread, pixelPerThread_2, root
invalid number: 1604 respective config: API, OpenCL, TextureMemory, Linear1D, LocalMemory, Blocksize, bs_32x16, padding, padding_320, pixelPerThread, pixelPerThread_1, root
invalid number: 7184 respective config: API, OpenCL, TextureMemory, Array2D, LocalMemory, Blocksize, bs_32x1, padding, padding_352, pixelPerThread, pixelPerThread_1, root
invalid number: 2691 respective config: API, OpenCL, TextureMemory, Linear1D, LocalMemory, Blocksize, bs_64x8, padding, padding_288, pixelPerThread, pixelPerThread_4, root
invalid number: 13132 respective config: API, OpenCL, TextureMemory, LocalMemory, Blocksize, bs_64x1, padding, padding_64, pixelPerThread, pixelPerThread_1, root
invalid number: 27714 respective config: API, CUDA, TextureMemory, LocalMemory, Blocksize, bs_128x2, padding, padding_288, pixelPerThread, pixelPerThread_3, root
invalid number: 10918 respective config: API, OpenCL, TextureMemory, Ldg, LocalMemory, Blocksize, bs_512x2, padding, padding_288, pixelPerThread, pixelPerThread_3, root
invalid number: 27206 respective config: API, CUDA, TextureMemory, LocalMemory, Blocksize, bs_32x8, padding, padding_32, pixelPerThread, pixelPerThread_3, root
invalid number: 8752 respective config: API, OpenCL, TextureMemory, Ldg, Blocksize, bs_32x16, padding, padding_384, pixelPerThread, pixelPerThread_1, root
invalid number: 28145 respective config: API, CUDA, TextureMemory, LocalMemory, Blocksize, bs_1024x1, padding, padding_480, pixelPerThread, pixelPerThread_2, root
invalid number: 24698 respective config: API, CUDA, TextureMemory, Ldg, LocalMemory, Blocksize, bs_64x16, padding, padding_96, pixelPerThread, pixelPerThread_3, root
invalid number: 824 respective config: API, OpenCL, TextureMemory, Linear1D, Blocksize, bs_512x1, padding, padding_64, pixelPerThread, pixelPerThread_1, root
invalid number: 3617 respective config: API, OpenCL, TextureMemory, Linear2D, Blocksize, bs_256x4, padding, padding_96, pixelPerThread, pixelPerThread_2, root
invalid number: 27615 respective config: API, CUDA, TextureMemory, LocalMemory, Blocksize, bs_128x1, padding, padding_32, pixelPerThread, pixelPerThread_4, root
invalid number: 22151 respective config: API, CUDA, TextureMemory, Array2D, LocalMemory, Blocksize, bs_128x8, padding, padding_384, pixelPerThread, pixelPerThread_4, root
invalid number: 26896 respective config: API, CUDA, TextureMemory, Blocksize, bs_64x2, padding, padding_288, pixelPerThread, pixelPerThread_1, root
invalid number: 10415 respective config: API, OpenCL, TextureMemory, Ldg, LocalMemory, Blocksize, bs_64x16, padding, padding_64, pixelPerThread, pixelPerThread_4, root
invalid number: 4555 respective config: API, OpenCL, TextureMemory, Linear2D, LocalMemory, Blocksize, bs_32x32, padding, padding_512, pixelPerThread, pixelPerThread_4, root
invalid number: 6113 respective config: API, OpenCL, TextureMemory, Array2D, Blocksize, bs_64x4, padding, padding_480, pixelPerThread, pixelPerThread_2, root
invalid number: 20122 respective config: API, CUDA, TextureMemory, Array2D, Blocksize, bs_32x8, padding, padding_480, pixelPerThread, pixelPerThread_3, root
invalid number: 18783 respective config: API, CUDA, TextureMemory, Linear2D, LocalMemory, Blocksize, bs_32x32, padding, padding_96, pixelPerThread, pixelPerThread_4, root
ConfigurationSampling done in 1514 ms
28560
LocalMemory ::= (ε, 1) | (LocalMemory, 1) Symbolkind: TERMINAL
root ::= (API, 2)   (TextureMemory, 5)   (LocalMemory, 2)   (Blocksize, 21)   (padding, 17)   (pixelPerThread, 4) Symbolkind: NONTERMINAL
API ::= (OpenCL, 1) | (CUDA, 1) Symbolkind: TERMINAL
TextureMemoryInvis ::= (ε, 1) Symbolkind: TERMINAL
TextureMemory ::= (Linear1D, 1) | (Linear2D, 1) | (Array2D, 1) | (Ldg, 1) | (TextureMemoryInvis, 1) Symbolkind: TERMINAL
Blocksize ::= (bs_32x1, 1) | (bs_32x8, 1) | (bs_32x16, 1) | (bs_32x32, 1) | (bs_64x1, 1) | (bs_64x4, 1) | (bs_64x16, 1) | (bs_128x1, 1) | (bs_128x2, 1) | (bs_128x4, 1) | (bs_128x8, 1) | (bs_256x4, 1) | (bs_512x1, 1) | (bs_512x2, 1) | (bs_1024x1, 1) | (bs_32x2, 1) | (bs_32x4, 1) | (bs_64x2, 1) | (bs_64x8, 1) | (bs_256x1, 1) | (bs_256x2, 1) Symbolkind: TERMINAL
padding ::= (padding_0, 1) | (padding_32, 1) | (padding_64, 1) | (padding_96, 1) | (padding_128, 1) | (padding_160, 1) | (padding_192, 1) | (padding_224, 1) | (padding_256, 1) | (padding_288, 1) | (padding_320, 1) | (padding_352, 1) | (padding_384, 1) | (padding_416, 1) | (padding_448, 1) | (padding_480, 1) | (padding_512, 1) Symbolkind: TERMINAL
pixelPerThread ::= (pixelPerThread_1, 1) | (pixelPerThread_2, 1) | (pixelPerThread_3, 1) | (pixelPerThread_4, 1) Symbolkind: TERMINAL

command: clean-sampling
command: clean-global
command: script ./learn_grammarBased_t2.a
command: log ./out_grammarBased_t2.log
