Current machine learning settings: epsilon:0 lossFunction:RELATIVE parallelization:True bagging:False baggingNumbers:3 considerEpsilonTube:False baggingTestDataFraction:50 useBackward:False abortError:1 limitFeatureSize:False featureSizeTreshold:4 quadraticFunctionSupport:True crossValidation:False crossValidation-k:5 learn-logFunction:False learn-accumulatedLogFunction:False learn-asymFunction:False learn-ratioFunction:False learn-mirrowedFunction:False learn-numeric-disabled:True numberOfRounds:70 backwardErrorDelta:1 minImprovementPerRound:0.1 withHierarchy:False bruteForceCandidates:False ignoreBadFeatures:False stopOnLongRound:True candidateSizePenalty:True learnTimeLimit:00:00:00 scoreMeasure:RELERROR outputRoundsToStdout:False debug:False pythonInfluenceAnalysis:False blacklisted: 
command: solver z3
command: vm /scratch/kallistos/Distance-Based_Data/SupplementaryWebsite/MeasuredPerformanceValues/LLVM/FeatureModel.xml
Warning: Variability model contains outdated notation. Children nodes will no longer have effect on the model. Instead use the parent node to describe the parent of an configuration option. You can also use the converter providedby the Variability Model GUI in export>convert legacy model.
command: all /scratch/kallistos/Distance-Based_Data/SupplementaryWebsite/MeasuredPerformanceValues/LLVM/measurements.xml
Configs with too large deviation: 0
1024 configurations loaded.
command: binary grammar-based numConfigs:175 seed:70
command: printconfigs ./sampledConfigurations_grammarBased_t3.csv
ConfigurationSampling done in 1286 ms
1024
time_passes ::= (time_passes, 1) Symbolkind: TERMINAL
gvn ::= (ε, 1) | (gvn, 1) Symbolkind: TERMINAL
instcombine ::= (ε, 1) | (instcombine, 1) Symbolkind: TERMINAL
inline ::= (ε, 1) | (inline, 1) Symbolkind: TERMINAL
jump_threading ::= (ε, 1) | (jump_threading, 1) Symbolkind: TERMINAL
simplifycfg ::= (ε, 1) | (simplifycfg, 1) Symbolkind: TERMINAL
sccp ::= (ε, 1) | (sccp, 1) Symbolkind: TERMINAL
print_used_types ::= (ε, 1) | (print_used_types, 1) Symbolkind: TERMINAL
ipsccp ::= (ε, 1) | (ipsccp, 1) Symbolkind: TERMINAL
iv_users ::= (ε, 1) | (iv_users, 1) Symbolkind: TERMINAL
licm ::= (ε, 1) | (licm, 1) Symbolkind: TERMINAL
root ::= (time_passes, 1)   (gvn, 2)   (instcombine, 2)   (inline, 2)   (jump_threading, 2)   (simplifycfg, 2)   (sccp, 2)   (print_used_types, 2)   (ipsccp, 2)   (iv_users, 2)   (licm, 2) Symbolkind: NONTERMINAL

command: clean-sampling
command: clean-global
