Current machine learning settings: epsilon:0 lossFunction:RELATIVE parallelization:True bagging:False baggingNumbers:3 considerEpsilonTube:False baggingTestDataFraction:50 useBackward:False abortError:1 limitFeatureSize:False featureSizeTreshold:4 quadraticFunctionSupport:True crossValidation:False crossValidation-k:5 learn-logFunction:False learn-accumulatedLogFunction:False learn-asymFunction:False learn-ratioFunction:False learn-mirrowedFunction:False learn-numeric-disabled:True numberOfRounds:70 backwardErrorDelta:1 minImprovementPerRound:0.1 withHierarchy:False bruteForceCandidates:False ignoreBadFeatures:False stopOnLongRound:True candidateSizePenalty:True learnTimeLimit:00:00:00 scoreMeasure:RELERROR outputRoundsToStdout:False debug:False pythonInfluenceAnalysis:False blacklisted: 
command: solver z3
command: vm /scratch/kallistos/Distance-Based_Data/SupplementaryWebsite/MeasuredPerformanceValues/LLVM/FeatureModel.xml
Warning: Variability model contains outdated notation. Children nodes will no longer have effect on the model. Instead use the parent node to describe the parent of an configuration option. You can also use the converter providedby the Variability Model GUI in export>convert legacy model.
command: all /scratch/kallistos/Distance-Based_Data/SupplementaryWebsite/MeasuredPerformanceValues/LLVM/measurements.xml
Configs with too large deviation: 0
1024 configurations loaded.
command: nfp Performance
command: setsampleset /scratch/kallistos/Distance-Based_Data/Results/LLVM/LLVM_33/sampledConfigurations_divDistBased_t1.csv
command: learn-splconqueror-opt abortError=[1] minImprovementPerRound=[0.1,0.2,0.5] lossFunction=[RELATIVE] quadraticFunctionSupport=[True,False] learn_logFunction=[True,False] learn_asymFunction=[True,False] learn_ratioFunction=[True,False] withHierarchy=[False] useBackward=[False]
Learning: NumberOfConfigurationsLearning:11 NumberOfConfigurationsValidation:11
Learning progress:
1;229.056666666667 * time_passes + 15.1159999999999 * jump_threading;1.31265571067567;1.31265571067567;1.31265571067567;1.31265571067567;0.053777;2;15.1159999999999 * jump_threading;1;2.36189784686864;
2;229.056666666667 * time_passes + 14.8233333333332 * jump_threading + 1.46333333333299 * ipsccp;1.15875007458133;1.15875007458133;1.15875007458133;1.15875007458133;0.05964;3;1.46333333333299 * ipsccp;1;0.153905636094338;
3;210.44 * time_passes + 5.51499999999995 * jump_threading + 1.463333333333 * ipsccp + 27.9250000000001 * gvn;1.1587500745813;1.1587500745813;1.1587500745813;1.1587500745813;0.065655;4;27.9250000000001 * gvn;1;3.75255382323303E-14;
Elapsed=00:00:00.0676059
Learning progress:
1;210.44 * time_passes + 33.227083333333 * gvn;0.535775245163388;0.535775245163388;0.535775245163388;0.535775245163388;0.001504;2;33.227083333333 * gvn;1;5.99749427249028;
Elapsed=00:00:00.0016039
Learning progress:
1;233.661111111111 * time_passes + 11.8016666666662 * inline;0.654436005229453;0.654436005229453;0.654436005229453;0.654436005229453;0.001171;2;11.8016666666662 * inline;1;2.51572615906192;
Elapsed=00:00:00.0012619
Learning progress:
1;229.056666666667 * time_passes + 16.3805555555553 * jump_threading;0.188907879480383;0.188907879480383;0.188907879480383;0.188907879480383;0.002413;2;16.3805555555553 * jump_threading;1;2.90537840714463;
Elapsed=00:00:00.0025181
Learning progress:
1;238.365 * time_passes + 7.47499999999977 * jump_threading;7.49274418887871;7.49274418887871;7.49274418887871;7.49274418887871;0.00117;2;7.47499999999977 * jump_threading;1;1.36321084642561;
2;238.365 * time_passes + 6.00766666666657 * jump_threading + 5.13566666666649 * ipsccp;7.18919147745379;7.18919147745379;7.18919147745379;7.18919147745379;0.004432;3;5.13566666666649 * ipsccp;1;0.303552711424916;
3;237.227647058824 * time_passes + 5.7801960784312 * jump_threading + 4.22578431372546 * ipsccp + 2.27470588235232 * inline;7.10719010976408;7.10719010976408;7.10719010976408;7.10719010976408;0.009482;4;2.27470588235232 * inline;1;0.0820013676897089;
Elapsed=00:00:00.0095993
Learning progress:
1;229.056666666667 * time_passes + 15.1159999999999 * jump_threading;1.31265571067567;1.31265571067567;1.31265571067567;1.31265571067567;0.001321;2;15.1159999999999 * jump_threading;1;2.36189784686864;
2;229.056666666667 * time_passes + 14.8233333333332 * jump_threading + 1.46333333333299 * ipsccp;1.15875007458133;1.15875007458133;1.15875007458133;1.15875007458133;0.005809;3;1.46333333333299 * ipsccp;1;0.153905636094338;
Elapsed=00:00:00.0059417
Learning progress:
1;210.44 * time_passes + 33.227083333333 * gvn;0.535775245163388;0.535775245163388;0.535775245163388;0.535775245163388;0.001584;2;33.227083333333 * gvn;1;5.99749427249028;
Elapsed=00:00:00.0016816
Learning progress:
1;233.661111111111 * time_passes + 11.8016666666662 * inline;0.654436005229453;0.654436005229453;0.654436005229453;0.654436005229453;0.001132;2;11.8016666666662 * inline;1;2.51572615906192;
Elapsed=00:00:00.0012212
Learning progress:
1;229.056666666667 * time_passes + 16.3805555555553 * jump_threading;0.188907879480383;0.188907879480383;0.188907879480383;0.188907879480383;0.001295;2;16.3805555555553 * jump_threading;1;2.90537840714463;
Elapsed=00:00:00.0013958
Learning progress:
1;238.365 * time_passes + 7.47499999999977 * jump_threading;7.49274418887871;7.49274418887871;7.49274418887871;7.49274418887871;0.001236;2;7.47499999999977 * jump_threading;1;1.36321084642561;
2;238.365 * time_passes + 6.00766666666657 * jump_threading + 5.13566666666649 * ipsccp;7.18919147745379;7.18919147745379;7.18919147745379;7.18919147745379;0.004059;3;5.13566666666649 * ipsccp;1;0.303552711424916;
3;237.227647058824 * time_passes + 5.7801960784312 * jump_threading + 4.22578431372546 * ipsccp + 2.27470588235232 * inline;7.10719010976408;7.10719010976408;7.10719010976408;7.10719010976408;0.009946;4;2.27470588235232 * inline;1;0.0820013676897089;
Elapsed=00:00:00.0100602
Learning progress:
1;229.056666666667 * time_passes + 15.1159999999999 * jump_threading;1.31265571067567;1.31265571067567;1.31265571067567;1.31265571067567;0.001181;2;15.1159999999999 * jump_threading;1;2.36189784686864;
2;229.056666666667 * time_passes + 14.8233333333332 * jump_threading + 1.46333333333299 * ipsccp;1.15875007458133;1.15875007458133;1.15875007458133;1.15875007458133;0.004914;3;1.46333333333299 * ipsccp;1;0.153905636094338;
Elapsed=00:00:00.0050370
Learning progress:
1;210.44 * time_passes + 33.227083333333 * gvn;0.535775245163388;0.535775245163388;0.535775245163388;0.535775245163388;0.00127;2;33.227083333333 * gvn;1;5.99749427249028;
Elapsed=00:00:00.0013857
Learning progress:
1;233.661111111111 * time_passes + 11.8016666666662 * inline;0.654436005229453;0.654436005229453;0.654436005229453;0.654436005229453;0.001403;2;11.8016666666662 * inline;1;2.51572615906192;
Elapsed=00:00:00.0015003
Learning progress:
1;229.056666666667 * time_passes + 16.3805555555553 * jump_threading;0.188907879480383;0.188907879480383;0.188907879480383;0.188907879480383;0.001315;2;16.3805555555553 * jump_threading;1;2.90537840714463;
Elapsed=00:00:00.0014155
Learning progress:
1;238.365 * time_passes + 7.47499999999977 * jump_threading;7.49274418887871;7.49274418887871;7.49274418887871;7.49274418887871;0.000984;2;7.47499999999977 * jump_threading;1;1.36321084642561;
2;238.365 * time_passes + 6.00766666666657 * jump_threading + 5.13566666666649 * ipsccp;7.18919147745379;7.18919147745379;7.18919147745379;7.18919147745379;0.004092;3;5.13566666666649 * ipsccp;1;0.303552711424916;
Elapsed=00:00:00.0041883
Learning progress:
1;229.056666666667 * time_passes + 15.1159999999999 * jump_threading;1.31265571067567;1.31265571067567;1.31265571067567;1.31265571067567;0.001318;2;15.1159999999999 * jump_threading;1;2.36189784686864;
2;229.056666666667 * time_passes + 14.8233333333332 * jump_threading + 1.46333333333299 * ipsccp;1.15875007458133;1.15875007458133;1.15875007458133;1.15875007458133;0.004903;3;1.46333333333299 * ipsccp;1;0.153905636094338;
3;210.44 * time_passes + 5.51499999999995 * jump_threading + 1.463333333333 * ipsccp + 27.9250000000001 * gvn;1.1587500745813;1.1587500745813;1.1587500745813;1.1587500745813;0.0106;4;27.9250000000001 * gvn;1;3.75255382323303E-14;
Elapsed=00:00:00.0107515
Learning progress:
1;210.44 * time_passes + 33.227083333333 * gvn;0.535775245163388;0.535775245163388;0.535775245163388;0.535775245163388;0.001169;2;33.227083333333 * gvn;1;5.99749427249028;
Elapsed=00:00:00.0012668
Learning progress:
1;233.661111111111 * time_passes + 11.8016666666662 * inline;0.654436005229453;0.654436005229453;0.654436005229453;0.654436005229453;0.001245;2;11.8016666666662 * inline;1;2.51572615906192;
Elapsed=00:00:00.0013345
Learning progress:
1;229.056666666667 * time_passes + 16.3805555555553 * jump_threading;0.188907879480383;0.188907879480383;0.188907879480383;0.188907879480383;0.001488;2;16.3805555555553 * jump_threading;1;2.90537840714463;
Elapsed=00:00:00.0015910
Learning progress:
1;238.365 * time_passes + 7.47499999999977 * jump_threading;7.49274418887871;7.49274418887871;7.49274418887871;7.49274418887871;0.001095;2;7.47499999999977 * jump_threading;1;1.36321084642561;
2;238.365 * time_passes + 6.00766666666657 * jump_threading + 5.13566666666649 * ipsccp;7.18919147745379;7.18919147745379;7.18919147745379;7.18919147745379;0.004151;3;5.13566666666649 * ipsccp;1;0.303552711424916;
3;237.227647058824 * time_passes + 5.7801960784312 * jump_threading + 4.22578431372546 * ipsccp + 2.27470588235232 * inline;7.10719010976408;7.10719010976408;7.10719010976408;7.10719010976408;0.009871;4;2.27470588235232 * inline;1;0.0820013676897089;
Elapsed=00:00:00.0100051
Learning progress:
1;229.056666666667 * time_passes + 15.1159999999999 * jump_threading;1.31265571067567;1.31265571067567;1.31265571067567;1.31265571067567;0.001282;2;15.1159999999999 * jump_threading;1;2.36189784686864;
2;229.056666666667 * time_passes + 14.8233333333332 * jump_threading + 1.46333333333299 * ipsccp;1.15875007458133;1.15875007458133;1.15875007458133;1.15875007458133;0.005044;3;1.46333333333299 * ipsccp;1;0.153905636094338;
Elapsed=00:00:00.0051758
Learning progress:
1;210.44 * time_passes + 33.227083333333 * gvn;0.535775245163388;0.535775245163388;0.535775245163388;0.535775245163388;0.001159;2;33.227083333333 * gvn;1;5.99749427249028;
Elapsed=00:00:00.0012569
Learning progress:
1;233.661111111111 * time_passes + 11.8016666666662 * inline;0.654436005229453;0.654436005229453;0.654436005229453;0.654436005229453;0.001453;2;11.8016666666662 * inline;1;2.51572615906192;
Elapsed=00:00:00.0015477
Learning progress:
1;229.056666666667 * time_passes + 16.3805555555553 * jump_threading;0.188907879480383;0.188907879480383;0.188907879480383;0.188907879480383;0.00147;2;16.3805555555553 * jump_threading;1;2.90537840714463;
Elapsed=00:00:00.0015682
Learning progress:
1;238.365 * time_passes + 7.47499999999977 * jump_threading;7.49274418887871;7.49274418887871;7.49274418887871;7.49274418887871;0.001955;2;7.47499999999977 * jump_threading;1;1.36321084642561;
2;238.365 * time_passes + 6.00766666666657 * jump_threading + 5.13566666666649 * ipsccp;7.18919147745379;7.18919147745379;7.18919147745379;7.18919147745379;0.004736;3;5.13566666666649 * ipsccp;1;0.303552711424916;
3;237.227647058824 * time_passes + 5.7801960784312 * jump_threading + 4.22578431372546 * ipsccp + 2.27470588235232 * inline;7.10719010976408;7.10719010976408;7.10719010976408;7.10719010976408;0.009745;4;2.27470588235232 * inline;1;0.0820013676897089;
Elapsed=00:00:00.0098552
Learning progress:
1;229.056666666667 * time_passes + 15.1159999999999 * jump_threading;1.31265571067567;1.31265571067567;1.31265571067567;1.31265571067567;0.001221;2;15.1159999999999 * jump_threading;1;2.36189784686864;
2;229.056666666667 * time_passes + 14.8233333333332 * jump_threading + 1.46333333333299 * ipsccp;1.15875007458133;1.15875007458133;1.15875007458133;1.15875007458133;0.00473;3;1.46333333333299 * ipsccp;1;0.153905636094338;
Elapsed=00:00:00.0048655
Learning progress:
1;210.44 * time_passes + 33.227083333333 * gvn;0.535775245163388;0.535775245163388;0.535775245163388;0.535775245163388;0.002302;2;33.227083333333 * gvn;1;5.99749427249028;
Elapsed=00:00:00.0024102
Learning progress:
1;233.661111111111 * time_passes + 11.8016666666662 * inline;0.654436005229453;0.654436005229453;0.654436005229453;0.654436005229453;0.001452;2;11.8016666666662 * inline;1;2.51572615906192;
Elapsed=00:00:00.0015522
Learning progress:
1;229.056666666667 * time_passes + 16.3805555555553 * jump_threading;0.188907879480383;0.188907879480383;0.188907879480383;0.188907879480383;0.001424;2;16.3805555555553 * jump_threading;1;2.90537840714463;
Elapsed=00:00:00.0015221
Learning progress:
1;238.365 * time_passes + 7.47499999999977 * jump_threading;7.49274418887871;7.49274418887871;7.49274418887871;7.49274418887871;0.001089;2;7.47499999999977 * jump_threading;1;1.36321084642561;
2;238.365 * time_passes + 6.00766666666657 * jump_threading + 5.13566666666649 * ipsccp;7.18919147745379;7.18919147745379;7.18919147745379;7.18919147745379;0.00386;3;5.13566666666649 * ipsccp;1;0.303552711424916;
Elapsed=00:00:00.0039537
Learning progress:
1;229.056666666667 * time_passes + 15.1159999999999 * jump_threading;1.31265571067567;1.31265571067567;1.31265571067567;1.31265571067567;0.001418;2;15.1159999999999 * jump_threading;1;2.36189784686864;
2;229.056666666667 * time_passes + 14.8233333333332 * jump_threading + 1.46333333333299 * ipsccp;1.15875007458133;1.15875007458133;1.15875007458133;1.15875007458133;0.005883;3;1.46333333333299 * ipsccp;1;0.153905636094338;
3;210.44 * time_passes + 5.51499999999995 * jump_threading + 1.463333333333 * ipsccp + 27.9250000000001 * gvn;1.1587500745813;1.1587500745813;1.1587500745813;1.1587500745813;0.011795;4;27.9250000000001 * gvn;1;3.75255382323303E-14;
Elapsed=00:00:00.0119563
Learning progress:
1;210.44 * time_passes + 33.227083333333 * gvn;0.535775245163388;0.535775245163388;0.535775245163388;0.535775245163388;0.001112;2;33.227083333333 * gvn;1;5.99749427249028;
Elapsed=00:00:00.0012060
Learning progress:
1;233.661111111111 * time_passes + 11.8016666666662 * inline;0.654436005229453;0.654436005229453;0.654436005229453;0.654436005229453;0.001179;2;11.8016666666662 * inline;1;2.51572615906192;
Elapsed=00:00:00.0012944
Learning progress:
1;229.056666666667 * time_passes + 16.3805555555553 * jump_threading;0.188907879480383;0.188907879480383;0.188907879480383;0.188907879480383;0.001317;2;16.3805555555553 * jump_threading;1;2.90537840714463;
Elapsed=00:00:00.0014157
Learning progress:
1;238.365 * time_passes + 7.47499999999977 * jump_threading;7.49274418887871;7.49274418887871;7.49274418887871;7.49274418887871;0.001904;2;7.47499999999977 * jump_threading;1;1.36321084642561;
2;238.365 * time_passes + 6.00766666666657 * jump_threading + 5.13566666666649 * ipsccp;7.18919147745379;7.18919147745379;7.18919147745379;7.18919147745379;0.00468;3;5.13566666666649 * ipsccp;1;0.303552711424916;
3;237.227647058824 * time_passes + 5.7801960784312 * jump_threading + 4.22578431372546 * ipsccp + 2.27470588235232 * inline;7.10719010976408;7.10719010976408;7.10719010976408;7.10719010976408;0.009554;4;2.27470588235232 * inline;1;0.0820013676897089;
Elapsed=00:00:00.0096687
Learning progress:
1;229.056666666667 * time_passes + 15.1159999999999 * jump_threading;1.31265571067567;1.31265571067567;1.31265571067567;1.31265571067567;0.00112;2;15.1159999999999 * jump_threading;1;2.36189784686864;
2;229.056666666667 * time_passes + 14.8233333333332 * jump_threading + 1.46333333333299 * ipsccp;1.15875007458133;1.15875007458133;1.15875007458133;1.15875007458133;0.004735;3;1.46333333333299 * ipsccp;1;0.153905636094338;
Elapsed=00:00:00.0048620
Learning progress:
1;210.44 * time_passes + 33.227083333333 * gvn;0.535775245163388;0.535775245163388;0.535775245163388;0.535775245163388;0.001178;2;33.227083333333 * gvn;1;5.99749427249028;
Elapsed=00:00:00.0012770
Learning progress:
1;233.661111111111 * time_passes + 11.8016666666662 * inline;0.654436005229453;0.654436005229453;0.654436005229453;0.654436005229453;0.001144;2;11.8016666666662 * inline;1;2.51572615906192;
Elapsed=00:00:00.0012346
Learning progress:
1;229.056666666667 * time_passes + 16.3805555555553 * jump_threading;0.188907879480383;0.188907879480383;0.188907879480383;0.188907879480383;0.001291;2;16.3805555555553 * jump_threading;1;2.90537840714463;
Elapsed=00:00:00.0013891
Learning progress:
1;238.365 * time_passes + 7.47499999999977 * jump_threading;7.49274418887871;7.49274418887871;7.49274418887871;7.49274418887871;0.000976;2;7.47499999999977 * jump_threading;1;1.36321084642561;
2;238.365 * time_passes + 6.00766666666657 * jump_threading + 5.13566666666649 * ipsccp;7.18919147745379;7.18919147745379;7.18919147745379;7.18919147745379;0.00424;3;5.13566666666649 * ipsccp;1;0.303552711424916;
3;237.227647058824 * time_passes + 5.7801960784312 * jump_threading + 4.22578431372546 * ipsccp + 2.27470588235232 * inline;7.10719010976408;7.10719010976408;7.10719010976408;7.10719010976408;0.009226;4;2.27470588235232 * inline;1;0.0820013676897089;
Elapsed=00:00:00.0093575
Learning progress:
1;229.056666666667 * time_passes + 15.1159999999999 * jump_threading;1.31265571067567;1.31265571067567;1.31265571067567;1.31265571067567;0.001996;2;15.1159999999999 * jump_threading;1;2.36189784686864;
2;229.056666666667 * time_passes + 14.8233333333332 * jump_threading + 1.46333333333299 * ipsccp;1.15875007458133;1.15875007458133;1.15875007458133;1.15875007458133;0.005517;3;1.46333333333299 * ipsccp;1;0.153905636094338;
Elapsed=00:00:00.0056355
Learning progress:
1;210.44 * time_passes + 33.227083333333 * gvn;0.535775245163388;0.535775245163388;0.535775245163388;0.535775245163388;0.001389;2;33.227083333333 * gvn;1;5.99749427249028;
Elapsed=00:00:00.0014861
Learning progress:
1;233.661111111111 * time_passes + 11.8016666666662 * inline;0.654436005229453;0.654436005229453;0.654436005229453;0.654436005229453;0.001137;2;11.8016666666662 * inline;1;2.51572615906192;
Elapsed=00:00:00.0012261
Learning progress:
1;229.056666666667 * time_passes + 16.3805555555553 * jump_threading;0.188907879480383;0.188907879480383;0.188907879480383;0.188907879480383;0.001363;2;16.3805555555553 * jump_threading;1;2.90537840714463;
Elapsed=00:00:00.0014621
Learning progress:
1;238.365 * time_passes + 7.47499999999977 * jump_threading;7.49274418887871;7.49274418887871;7.49274418887871;7.49274418887871;0.000973;2;7.47499999999977 * jump_threading;1;1.36321084642561;
2;238.365 * time_passes + 6.00766666666657 * jump_threading + 5.13566666666649 * ipsccp;7.18919147745379;7.18919147745379;7.18919147745379;7.18919147745379;0.004754;3;5.13566666666649 * ipsccp;1;0.303552711424916;
Elapsed=00:00:00.0048507
Learning progress:
1;229.056666666667 * time_passes + 15.1159999999999 * jump_threading;1.31265571067567;1.31265571067567;1.31265571067567;1.31265571067567;0.001206;2;15.1159999999999 * jump_threading;1;2.36189784686864;
2;229.056666666667 * time_passes + 14.8233333333332 * jump_threading + 1.46333333333299 * ipsccp;1.15875007458133;1.15875007458133;1.15875007458133;1.15875007458133;0.004649;3;1.46333333333299 * ipsccp;1;0.153905636094338;
3;210.44 * time_passes + 5.51499999999995 * jump_threading + 1.463333333333 * ipsccp + 27.9250000000001 * gvn;1.1587500745813;1.1587500745813;1.1587500745813;1.1587500745813;0.010174;4;27.9250000000001 * gvn;1;3.75255382323303E-14;
Elapsed=00:00:00.0103262
Learning progress:
1;210.44 * time_passes + 33.227083333333 * gvn;0.535775245163388;0.535775245163388;0.535775245163388;0.535775245163388;0.001134;2;33.227083333333 * gvn;1;5.99749427249028;
Elapsed=00:00:00.0012314
Learning progress:
1;233.661111111111 * time_passes + 11.8016666666662 * inline;0.654436005229453;0.654436005229453;0.654436005229453;0.654436005229453;0.001914;2;11.8016666666662 * inline;1;2.51572615906192;
Elapsed=00:00:00.0020103
Learning progress:
1;229.056666666667 * time_passes + 16.3805555555553 * jump_threading;0.188907879480383;0.188907879480383;0.188907879480383;0.188907879480383;0.001229;2;16.3805555555553 * jump_threading;1;2.90537840714463;
Elapsed=00:00:00.0013307
Learning progress:
1;238.365 * time_passes + 7.47499999999977 * jump_threading;7.49274418887871;7.49274418887871;7.49274418887871;7.49274418887871;0.00115;2;7.47499999999977 * jump_threading;1;1.36321084642561;
2;238.365 * time_passes + 6.00766666666657 * jump_threading + 5.13566666666649 * ipsccp;7.18919147745379;7.18919147745379;7.18919147745379;7.18919147745379;0.004221;3;5.13566666666649 * ipsccp;1;0.303552711424916;
3;237.227647058824 * time_passes + 5.7801960784312 * jump_threading + 4.22578431372546 * ipsccp + 2.27470588235232 * inline;7.10719010976408;7.10719010976408;7.10719010976408;7.10719010976408;0.009348;4;2.27470588235232 * inline;1;0.0820013676897089;
Elapsed=00:00:00.0094592
Learning progress:
1;229.056666666667 * time_passes + 15.1159999999999 * jump_threading;1.31265571067567;1.31265571067567;1.31265571067567;1.31265571067567;0.001185;2;15.1159999999999 * jump_threading;1;2.36189784686864;
2;229.056666666667 * time_passes + 14.8233333333332 * jump_threading + 1.46333333333299 * ipsccp;1.15875007458133;1.15875007458133;1.15875007458133;1.15875007458133;0.005467;3;1.46333333333299 * ipsccp;1;0.153905636094338;
Elapsed=00:00:00.0055948
Learning progress:
1;210.44 * time_passes + 33.227083333333 * gvn;0.535775245163388;0.535775245163388;0.535775245163388;0.535775245163388;0.00122;2;33.227083333333 * gvn;1;5.99749427249028;
Elapsed=00:00:00.0013183
Learning progress:
1;233.661111111111 * time_passes + 11.8016666666662 * inline;0.654436005229453;0.654436005229453;0.654436005229453;0.654436005229453;0.001174;2;11.8016666666662 * inline;1;2.51572615906192;
Elapsed=00:00:00.0012634
Learning progress:
1;229.056666666667 * time_passes + 16.3805555555553 * jump_threading;0.188907879480383;0.188907879480383;0.188907879480383;0.188907879480383;0.001205;2;16.3805555555553 * jump_threading;1;2.90537840714463;
Elapsed=00:00:00.0013035
Learning progress:
1;238.365 * time_passes + 7.47499999999977 * jump_threading;7.49274418887871;7.49274418887871;7.49274418887871;7.49274418887871;0.000964;2;7.47499999999977 * jump_threading;1;1.36321084642561;
2;238.365 * time_passes + 6.00766666666657 * jump_threading + 5.13566666666649 * ipsccp;7.18919147745379;7.18919147745379;7.18919147745379;7.18919147745379;0.003764;3;5.13566666666649 * ipsccp;1;0.303552711424916;
3;237.227647058824 * time_passes + 5.7801960784312 * jump_threading + 4.22578431372546 * ipsccp + 2.27470588235232 * inline;7.10719010976408;7.10719010976408;7.10719010976408;7.10719010976408;0.009297;4;2.27470588235232 * inline;1;0.0820013676897089;
Elapsed=00:00:00.0094059
Learning progress:
1;229.056666666667 * time_passes + 15.1159999999999 * jump_threading;1.31265571067567;1.31265571067567;1.31265571067567;1.31265571067567;0.001339;2;15.1159999999999 * jump_threading;1;2.36189784686864;
2;229.056666666667 * time_passes + 14.8233333333332 * jump_threading + 1.46333333333299 * ipsccp;1.15875007458133;1.15875007458133;1.15875007458133;1.15875007458133;0.004816;3;1.46333333333299 * ipsccp;1;0.153905636094338;
Elapsed=00:00:00.0049336
Learning progress:
1;210.44 * time_passes + 33.227083333333 * gvn;0.535775245163388;0.535775245163388;0.535775245163388;0.535775245163388;0.001379;2;33.227083333333 * gvn;1;5.99749427249028;
Elapsed=00:00:00.0014734
Learning progress:
1;233.661111111111 * time_passes + 11.8016666666662 * inline;0.654436005229453;0.654436005229453;0.654436005229453;0.654436005229453;0.001151;2;11.8016666666662 * inline;1;2.51572615906192;
Elapsed=00:00:00.0012433
Learning progress:
1;229.056666666667 * time_passes + 16.3805555555553 * jump_threading;0.188907879480383;0.188907879480383;0.188907879480383;0.188907879480383;0.00137;2;16.3805555555553 * jump_threading;1;2.90537840714463;
Elapsed=00:00:00.0014733
Learning progress:
1;238.365 * time_passes + 7.47499999999977 * jump_threading;7.49274418887871;7.49274418887871;7.49274418887871;7.49274418887871;0.000965;2;7.47499999999977 * jump_threading;1;1.36321084642561;
2;238.365 * time_passes + 6.00766666666657 * jump_threading + 5.13566666666649 * ipsccp;7.18919147745379;7.18919147745379;7.18919147745379;7.18919147745379;0.003916;3;5.13566666666649 * ipsccp;1;0.303552711424916;
Elapsed=00:00:00.0040167
Learning progress:
1;229.056666666667 * time_passes + 15.1159999999999 * jump_threading;1.31265571067567;1.31265571067567;1.31265571067567;1.31265571067567;0.001131;2;15.1159999999999 * jump_threading;1;2.36189784686864;
2;229.056666666667 * time_passes + 14.8233333333332 * jump_threading + 1.46333333333299 * ipsccp;1.15875007458133;1.15875007458133;1.15875007458133;1.15875007458133;0.004654;3;1.46333333333299 * ipsccp;1;0.153905636094338;
3;210.44 * time_passes + 5.51499999999995 * jump_threading + 1.463333333333 * ipsccp + 27.9250000000001 * gvn;1.1587500745813;1.1587500745813;1.1587500745813;1.1587500745813;0.011123;4;27.9250000000001 * gvn;1;3.75255382323303E-14;
Elapsed=00:00:00.0112685
Learning progress:
1;210.44 * time_passes + 33.227083333333 * gvn;0.535775245163388;0.535775245163388;0.535775245163388;0.535775245163388;0.001461;2;33.227083333333 * gvn;1;5.99749427249028;
Elapsed=00:00:00.0015566
Learning progress:
1;233.661111111111 * time_passes + 11.8016666666662 * inline;0.654436005229453;0.654436005229453;0.654436005229453;0.654436005229453;0.001385;2;11.8016666666662 * inline;1;2.51572615906192;
Elapsed=00:00:00.0014779
Learning progress:
1;229.056666666667 * time_passes + 16.3805555555553 * jump_threading;0.188907879480383;0.188907879480383;0.188907879480383;0.188907879480383;0.001189;2;16.3805555555553 * jump_threading;1;2.90537840714463;
Elapsed=00:00:00.0012883
Learning progress:
1;238.365 * time_passes + 7.47499999999977 * jump_threading;7.49274418887871;7.49274418887871;7.49274418887871;7.49274418887871;0.000964;2;7.47499999999977 * jump_threading;1;1.36321084642561;
2;238.365 * time_passes + 6.00766666666657 * jump_threading + 5.13566666666649 * ipsccp;7.18919147745379;7.18919147745379;7.18919147745379;7.18919147745379;0.003808;3;5.13566666666649 * ipsccp;1;0.303552711424916;
3;237.227647058824 * time_passes + 5.7801960784312 * jump_threading + 4.22578431372546 * ipsccp + 2.27470588235232 * inline;7.10719010976408;7.10719010976408;7.10719010976408;7.10719010976408;0.009572;4;2.27470588235232 * inline;1;0.0820013676897089;
Elapsed=00:00:00.0096837
Learning progress:
1;229.056666666667 * time_passes + 15.1159999999999 * jump_threading;1.31265571067567;1.31265571067567;1.31265571067567;1.31265571067567;0.001359;2;15.1159999999999 * jump_threading;1;2.36189784686864;
2;229.056666666667 * time_passes + 14.8233333333332 * jump_threading + 1.46333333333299 * ipsccp;1.15875007458133;1.15875007458133;1.15875007458133;1.15875007458133;0.004846;3;1.46333333333299 * ipsccp;1;0.153905636094338;
Elapsed=00:00:00.0049662
Learning progress:
1;210.44 * time_passes + 33.227083333333 * gvn;0.535775245163388;0.535775245163388;0.535775245163388;0.535775245163388;0.001106;2;33.227083333333 * gvn;1;5.99749427249028;
Elapsed=00:00:00.0012017
Learning progress:
1;233.661111111111 * time_passes + 11.8016666666662 * inline;0.654436005229453;0.654436005229453;0.654436005229453;0.654436005229453;0.001172;2;11.8016666666662 * inline;1;2.51572615906192;
Elapsed=00:00:00.0012636
Learning progress:
1;229.056666666667 * time_passes + 16.3805555555553 * jump_threading;0.188907879480383;0.188907879480383;0.188907879480383;0.188907879480383;0.002036;2;16.3805555555553 * jump_threading;1;2.90537840714463;
Elapsed=00:00:00.0021622
Learning progress:
1;238.365 * time_passes + 7.47499999999977 * jump_threading;7.49274418887871;7.49274418887871;7.49274418887871;7.49274418887871;0.000986;2;7.47499999999977 * jump_threading;1;1.36321084642561;
2;238.365 * time_passes + 6.00766666666657 * jump_threading + 5.13566666666649 * ipsccp;7.18919147745379;7.18919147745379;7.18919147745379;7.18919147745379;0.003834;3;5.13566666666649 * ipsccp;1;0.303552711424916;
3;237.227647058824 * time_passes + 5.7801960784312 * jump_threading + 4.22578431372546 * ipsccp + 2.27470588235232 * inline;7.10719010976408;7.10719010976408;7.10719010976408;7.10719010976408;0.008719;4;2.27470588235232 * inline;1;0.0820013676897089;
Elapsed=00:00:00.0088453
Learning progress:
1;229.056666666667 * time_passes + 15.1159999999999 * jump_threading;1.31265571067567;1.31265571067567;1.31265571067567;1.31265571067567;0.001119;2;15.1159999999999 * jump_threading;1;2.36189784686864;
2;229.056666666667 * time_passes + 14.8233333333332 * jump_threading + 1.46333333333299 * ipsccp;1.15875007458133;1.15875007458133;1.15875007458133;1.15875007458133;0.004751;3;1.46333333333299 * ipsccp;1;0.153905636094338;
Elapsed=00:00:00.0048766
Learning progress:
1;210.44 * time_passes + 33.227083333333 * gvn;0.535775245163388;0.535775245163388;0.535775245163388;0.535775245163388;0.00114;2;33.227083333333 * gvn;1;5.99749427249028;
Elapsed=00:00:00.0012390
Learning progress:
1;233.661111111111 * time_passes + 11.8016666666662 * inline;0.654436005229453;0.654436005229453;0.654436005229453;0.654436005229453;0.001363;2;11.8016666666662 * inline;1;2.51572615906192;
Elapsed=00:00:00.0014559
Learning progress:
1;229.056666666667 * time_passes + 16.3805555555553 * jump_threading;0.188907879480383;0.188907879480383;0.188907879480383;0.188907879480383;0.001326;2;16.3805555555553 * jump_threading;1;2.90537840714463;
Elapsed=00:00:00.0014237
Learning progress:
1;238.365 * time_passes + 7.47499999999977 * jump_threading;7.49274418887871;7.49274418887871;7.49274418887871;7.49274418887871;0.000982;2;7.47499999999977 * jump_threading;1;1.36321084642561;
2;238.365 * time_passes + 6.00766666666657 * jump_threading + 5.13566666666649 * ipsccp;7.18919147745379;7.18919147745379;7.18919147745379;7.18919147745379;0.003787;3;5.13566666666649 * ipsccp;1;0.303552711424916;
Elapsed=00:00:00.0038828
Learning progress:
1;229.056666666667 * time_passes + 15.1159999999999 * jump_threading;1.31265571067567;1.31265571067567;1.31265571067567;1.31265571067567;0.001135;2;15.1159999999999 * jump_threading;1;2.36189784686864;
2;229.056666666667 * time_passes + 14.8233333333332 * jump_threading + 1.46333333333299 * ipsccp;1.15875007458133;1.15875007458133;1.15875007458133;1.15875007458133;0.005428;3;1.46333333333299 * ipsccp;1;0.153905636094338;
3;210.44 * time_passes + 5.51499999999995 * jump_threading + 1.463333333333 * ipsccp + 27.9250000000001 * gvn;1.1587500745813;1.1587500745813;1.1587500745813;1.1587500745813;0.011632;4;27.9250000000001 * gvn;1;3.75255382323303E-14;
Elapsed=00:00:00.0117972
Learning progress:
1;210.44 * time_passes + 33.227083333333 * gvn;0.535775245163388;0.535775245163388;0.535775245163388;0.535775245163388;0.001446;2;33.227083333333 * gvn;1;5.99749427249028;
Elapsed=00:00:00.0015502
Learning progress:
1;233.661111111111 * time_passes + 11.8016666666662 * inline;0.654436005229453;0.654436005229453;0.654436005229453;0.654436005229453;0.001173;2;11.8016666666662 * inline;1;2.51572615906192;
Elapsed=00:00:00.0012712
Learning progress:
1;229.056666666667 * time_passes + 16.3805555555553 * jump_threading;0.188907879480383;0.188907879480383;0.188907879480383;0.188907879480383;0.001366;2;16.3805555555553 * jump_threading;1;2.90537840714463;
Elapsed=00:00:00.0014723
Learning progress:
1;238.365 * time_passes + 7.47499999999977 * jump_threading;7.49274418887871;7.49274418887871;7.49274418887871;7.49274418887871;0.001023;2;7.47499999999977 * jump_threading;1;1.36321084642561;
2;238.365 * time_passes + 6.00766666666657 * jump_threading + 5.13566666666649 * ipsccp;7.18919147745379;7.18919147745379;7.18919147745379;7.18919147745379;0.004168;3;5.13566666666649 * ipsccp;1;0.303552711424916;
3;237.227647058824 * time_passes + 5.7801960784312 * jump_threading + 4.22578431372546 * ipsccp + 2.27470588235232 * inline;7.10719010976408;7.10719010976408;7.10719010976408;7.10719010976408;0.009107;4;2.27470588235232 * inline;1;0.0820013676897089;
Elapsed=00:00:00.0092305
Learning progress:
1;229.056666666667 * time_passes + 15.1159999999999 * jump_threading;1.31265571067567;1.31265571067567;1.31265571067567;1.31265571067567;0.001429;2;15.1159999999999 * jump_threading;1;2.36189784686864;
2;229.056666666667 * time_passes + 14.8233333333332 * jump_threading + 1.46333333333299 * ipsccp;1.15875007458133;1.15875007458133;1.15875007458133;1.15875007458133;0.00508;3;1.46333333333299 * ipsccp;1;0.153905636094338;
Elapsed=00:00:00.0052092
Learning progress:
1;210.44 * time_passes + 33.227083333333 * gvn;0.535775245163388;0.535775245163388;0.535775245163388;0.535775245163388;0.002087;2;33.227083333333 * gvn;1;5.99749427249028;
Elapsed=00:00:00.0021883
Learning progress:
1;233.661111111111 * time_passes + 11.8016666666662 * inline;0.654436005229453;0.654436005229453;0.654436005229453;0.654436005229453;0.001362;2;11.8016666666662 * inline;1;2.51572615906192;
Elapsed=00:00:00.0014628
Learning progress:
1;229.056666666667 * time_passes + 16.3805555555553 * jump_threading;0.188907879480383;0.188907879480383;0.188907879480383;0.188907879480383;0.001336;2;16.3805555555553 * jump_threading;1;2.90537840714463;
Elapsed=00:00:00.0014351
Learning progress:
1;238.365 * time_passes + 7.47499999999977 * jump_threading;7.49274418887871;7.49274418887871;7.49274418887871;7.49274418887871;0.001128;2;7.47499999999977 * jump_threading;1;1.36321084642561;
2;238.365 * time_passes + 6.00766666666657 * jump_threading + 5.13566666666649 * ipsccp;7.18919147745379;7.18919147745379;7.18919147745379;7.18919147745379;0.003923;3;5.13566666666649 * ipsccp;1;0.303552711424916;
3;237.227647058824 * time_passes + 5.7801960784312 * jump_threading + 4.22578431372546 * ipsccp + 2.27470588235232 * inline;7.10719010976408;7.10719010976408;7.10719010976408;7.10719010976408;0.00885;4;2.27470588235232 * inline;1;0.0820013676897089;
Elapsed=00:00:00.0089688
Learning progress:
1;229.056666666667 * time_passes + 15.1159999999999 * jump_threading;1.31265571067567;1.31265571067567;1.31265571067567;1.31265571067567;0.001211;2;15.1159999999999 * jump_threading;1;2.36189784686864;
2;229.056666666667 * time_passes + 14.8233333333332 * jump_threading + 1.46333333333299 * ipsccp;1.15875007458133;1.15875007458133;1.15875007458133;1.15875007458133;0.004737;3;1.46333333333299 * ipsccp;1;0.153905636094338;
Elapsed=00:00:00.0048616
Learning progress:
1;210.44 * time_passes + 33.227083333333 * gvn;0.535775245163388;0.535775245163388;0.535775245163388;0.535775245163388;0.001412;2;33.227083333333 * gvn;1;5.99749427249028;
Elapsed=00:00:00.0015079
Learning progress:
1;233.661111111111 * time_passes + 11.8016666666662 * inline;0.654436005229453;0.654436005229453;0.654436005229453;0.654436005229453;0.001435;2;11.8016666666662 * inline;1;2.51572615906192;
Elapsed=00:00:00.0015289
Learning progress:
1;229.056666666667 * time_passes + 16.3805555555553 * jump_threading;0.188907879480383;0.188907879480383;0.188907879480383;0.188907879480383;0.001459;2;16.3805555555553 * jump_threading;1;2.90537840714463;
Elapsed=00:00:00.0015585
Learning progress:
1;238.365 * time_passes + 7.47499999999977 * jump_threading;7.49274418887871;7.49274418887871;7.49274418887871;7.49274418887871;0.000974;2;7.47499999999977 * jump_threading;1;1.36321084642561;
2;238.365 * time_passes + 6.00766666666657 * jump_threading + 5.13566666666649 * ipsccp;7.18919147745379;7.18919147745379;7.18919147745379;7.18919147745379;0.004606;3;5.13566666666649 * ipsccp;1;0.303552711424916;
Elapsed=00:00:00.0047043
Learning progress:
1;229.056666666667 * time_passes + 15.1159999999999 * jump_threading;1.31265571067567;1.31265571067567;1.31265571067567;1.31265571067567;0.001304;2;15.1159999999999 * jump_threading;1;2.36189784686864;
2;229.056666666667 * time_passes + 14.8233333333332 * jump_threading + 1.46333333333299 * ipsccp;1.15875007458133;1.15875007458133;1.15875007458133;1.15875007458133;0.004909;3;1.46333333333299 * ipsccp;1;0.153905636094338;
3;210.44 * time_passes + 5.51499999999995 * jump_threading + 1.463333333333 * ipsccp + 27.9250000000001 * gvn;1.1587500745813;1.1587500745813;1.1587500745813;1.1587500745813;0.010724;4;27.9250000000001 * gvn;1;3.75255382323303E-14;
Elapsed=00:00:00.0108914
Learning progress:
1;210.44 * time_passes + 33.227083333333 * gvn;0.535775245163388;0.535775245163388;0.535775245163388;0.535775245163388;0.002387;2;33.227083333333 * gvn;1;5.99749427249028;
Elapsed=00:00:00.0024980
Learning progress:
1;233.661111111111 * time_passes + 11.8016666666662 * inline;0.654436005229453;0.654436005229453;0.654436005229453;0.654436005229453;0.00111;2;11.8016666666662 * inline;1;2.51572615906192;
Elapsed=00:00:00.0011995
Learning progress:
1;229.056666666667 * time_passes + 16.3805555555553 * jump_threading;0.188907879480383;0.188907879480383;0.188907879480383;0.188907879480383;0.001212;2;16.3805555555553 * jump_threading;1;2.90537840714463;
Elapsed=00:00:00.0013105
Learning progress:
1;238.365 * time_passes + 7.47499999999977 * jump_threading;7.49274418887871;7.49274418887871;7.49274418887871;7.49274418887871;0.000978;2;7.47499999999977 * jump_threading;1;1.36321084642561;
2;238.365 * time_passes + 6.00766666666657 * jump_threading + 5.13566666666649 * ipsccp;7.18919147745379;7.18919147745379;7.18919147745379;7.18919147745379;0.003916;3;5.13566666666649 * ipsccp;1;0.303552711424916;
3;237.227647058824 * time_passes + 5.7801960784312 * jump_threading + 4.22578431372546 * ipsccp + 2.27470588235232 * inline;7.10719010976408;7.10719010976408;7.10719010976408;7.10719010976408;0.008782;4;2.27470588235232 * inline;1;0.0820013676897089;
Elapsed=00:00:00.0088924
Learning progress:
1;229.056666666667 * time_passes + 15.1159999999999 * jump_threading;1.31265571067567;1.31265571067567;1.31265571067567;1.31265571067567;0.001441;2;15.1159999999999 * jump_threading;1;2.36189784686864;
2;229.056666666667 * time_passes + 14.8233333333332 * jump_threading + 1.46333333333299 * ipsccp;1.15875007458133;1.15875007458133;1.15875007458133;1.15875007458133;0.00501;3;1.46333333333299 * ipsccp;1;0.153905636094338;
Elapsed=00:00:00.0051419
Learning progress:
1;210.44 * time_passes + 33.227083333333 * gvn;0.535775245163388;0.535775245163388;0.535775245163388;0.535775245163388;0.001426;2;33.227083333333 * gvn;1;5.99749427249028;
Elapsed=00:00:00.0015252
Learning progress:
1;233.661111111111 * time_passes + 11.8016666666662 * inline;0.654436005229453;0.654436005229453;0.654436005229453;0.654436005229453;0.001356;2;11.8016666666662 * inline;1;2.51572615906192;
Elapsed=00:00:00.0014475
Learning progress:
1;229.056666666667 * time_passes + 16.3805555555553 * jump_threading;0.188907879480383;0.188907879480383;0.188907879480383;0.188907879480383;0.001181;2;16.3805555555553 * jump_threading;1;2.90537840714463;
Elapsed=00:00:00.0012948
Learning progress:
1;238.365 * time_passes + 7.47499999999977 * jump_threading;7.49274418887871;7.49274418887871;7.49274418887871;7.49274418887871;0.000965;2;7.47499999999977 * jump_threading;1;1.36321084642561;
2;238.365 * time_passes + 6.00766666666657 * jump_threading + 5.13566666666649 * ipsccp;7.18919147745379;7.18919147745379;7.18919147745379;7.18919147745379;0.004825;3;5.13566666666649 * ipsccp;1;0.303552711424916;
3;237.227647058824 * time_passes + 5.7801960784312 * jump_threading + 4.22578431372546 * ipsccp + 2.27470588235232 * inline;7.10719010976408;7.10719010976408;7.10719010976408;7.10719010976408;0.009703;4;2.27470588235232 * inline;1;0.0820013676897089;
Elapsed=00:00:00.0098093
Learning progress:
1;229.056666666667 * time_passes + 15.1159999999999 * jump_threading;1.31265571067567;1.31265571067567;1.31265571067567;1.31265571067567;0.00119;2;15.1159999999999 * jump_threading;1;2.36189784686864;
2;229.056666666667 * time_passes + 14.8233333333332 * jump_threading + 1.46333333333299 * ipsccp;1.15875007458133;1.15875007458133;1.15875007458133;1.15875007458133;0.004791;3;1.46333333333299 * ipsccp;1;0.153905636094338;
Elapsed=00:00:00.0049093
Learning progress:
1;210.44 * time_passes + 33.227083333333 * gvn;0.535775245163388;0.535775245163388;0.535775245163388;0.535775245163388;0.001406;2;33.227083333333 * gvn;1;5.99749427249028;
Elapsed=00:00:00.0015026
Learning progress:
1;233.661111111111 * time_passes + 11.8016666666662 * inline;0.654436005229453;0.654436005229453;0.654436005229453;0.654436005229453;0.002201;2;11.8016666666662 * inline;1;2.51572615906192;
Elapsed=00:00:00.0022956
Learning progress:
1;229.056666666667 * time_passes + 16.3805555555553 * jump_threading;0.188907879480383;0.188907879480383;0.188907879480383;0.188907879480383;0.001202;2;16.3805555555553 * jump_threading;1;2.90537840714463;
Elapsed=00:00:00.0013003
Learning progress:
1;238.365 * time_passes + 7.47499999999977 * jump_threading;7.49274418887871;7.49274418887871;7.49274418887871;7.49274418887871;0.001187;2;7.47499999999977 * jump_threading;1;1.36321084642561;
2;238.365 * time_passes + 6.00766666666657 * jump_threading + 5.13566666666649 * ipsccp;7.18919147745379;7.18919147745379;7.18919147745379;7.18919147745379;0.003979;3;5.13566666666649 * ipsccp;1;0.303552711424916;
Elapsed=00:00:00.0040821
Learning progress:
1;229.056666666667 * time_passes + 15.1159999999999 * jump_threading;1.31265571067567;1.31265571067567;1.31265571067567;1.31265571067567;0.001397;2;15.1159999999999 * jump_threading;1;2.36189784686864;
2;229.056666666667 * time_passes + 14.8233333333332 * jump_threading + 1.46333333333299 * ipsccp;1.15875007458133;1.15875007458133;1.15875007458133;1.15875007458133;0.004899;3;1.46333333333299 * ipsccp;1;0.153905636094338;
3;210.44 * time_passes + 5.51499999999995 * jump_threading + 1.463333333333 * ipsccp + 27.9250000000001 * gvn;1.1587500745813;1.1587500745813;1.1587500745813;1.1587500745813;0.011557;4;27.9250000000001 * gvn;1;3.75255382323303E-14;
Elapsed=00:00:00.0117242
Learning progress:
1;210.44 * time_passes + 33.227083333333 * gvn;0.535775245163388;0.535775245163388;0.535775245163388;0.535775245163388;0.001112;2;33.227083333333 * gvn;1;5.99749427249028;
Elapsed=00:00:00.0012083
Learning progress:
1;233.661111111111 * time_passes + 11.8016666666662 * inline;0.654436005229453;0.654436005229453;0.654436005229453;0.654436005229453;0.00152;2;11.8016666666662 * inline;1;2.51572615906192;
Elapsed=00:00:00.0016155
Learning progress:
1;229.056666666667 * time_passes + 16.3805555555553 * jump_threading;0.188907879480383;0.188907879480383;0.188907879480383;0.188907879480383;0.001501;2;16.3805555555553 * jump_threading;1;2.90537840714463;
Elapsed=00:00:00.0016001
Learning progress:
1;238.365 * time_passes + 7.47499999999977 * jump_threading;7.49274418887871;7.49274418887871;7.49274418887871;7.49274418887871;0.001218;2;7.47499999999977 * jump_threading;1;1.36321084642561;
2;238.365 * time_passes + 6.00766666666657 * jump_threading + 5.13566666666649 * ipsccp;7.18919147745379;7.18919147745379;7.18919147745379;7.18919147745379;0.005059;3;5.13566666666649 * ipsccp;1;0.303552711424916;
3;237.227647058824 * time_passes + 5.7801960784312 * jump_threading + 4.22578431372546 * ipsccp + 2.27470588235232 * inline;7.10719010976408;7.10719010976408;7.10719010976408;7.10719010976408;0.009989;4;2.27470588235232 * inline;1;0.0820013676897089;
Elapsed=00:00:00.0101030
Learning progress:
1;229.056666666667 * time_passes + 15.1159999999999 * jump_threading;1.31265571067567;1.31265571067567;1.31265571067567;1.31265571067567;0.00143;2;15.1159999999999 * jump_threading;1;2.36189784686864;
2;229.056666666667 * time_passes + 14.8233333333332 * jump_threading + 1.46333333333299 * ipsccp;1.15875007458133;1.15875007458133;1.15875007458133;1.15875007458133;0.005039;3;1.46333333333299 * ipsccp;1;0.153905636094338;
Elapsed=00:00:00.0051610
Learning progress:
1;210.44 * time_passes + 33.227083333333 * gvn;0.535775245163388;0.535775245163388;0.535775245163388;0.535775245163388;0.001136;2;33.227083333333 * gvn;1;5.99749427249028;
Elapsed=00:00:00.0012606
Learning progress:
1;233.661111111111 * time_passes + 11.8016666666662 * inline;0.654436005229453;0.654436005229453;0.654436005229453;0.654436005229453;0.001402;2;11.8016666666662 * inline;1;2.51572615906192;
Elapsed=00:00:00.0014975
Learning progress:
1;229.056666666667 * time_passes + 16.3805555555553 * jump_threading;0.188907879480383;0.188907879480383;0.188907879480383;0.188907879480383;0.001323;2;16.3805555555553 * jump_threading;1;2.90537840714463;
Elapsed=00:00:00.0014269
Learning progress:
1;238.365 * time_passes + 7.47499999999977 * jump_threading;7.49274418887871;7.49274418887871;7.49274418887871;7.49274418887871;0.001146;2;7.47499999999977 * jump_threading;1;1.36321084642561;
2;238.365 * time_passes + 6.00766666666657 * jump_threading + 5.13566666666649 * ipsccp;7.18919147745379;7.18919147745379;7.18919147745379;7.18919147745379;0.004186;3;5.13566666666649 * ipsccp;1;0.303552711424916;
3;237.227647058824 * time_passes + 5.7801960784312 * jump_threading + 4.22578431372546 * ipsccp + 2.27470588235232 * inline;7.10719010976408;7.10719010976408;7.10719010976408;7.10719010976408;0.00909;4;2.27470588235232 * inline;1;0.0820013676897089;
Elapsed=00:00:00.0092173
Learning progress:
1;229.056666666667 * time_passes + 15.1159999999999 * jump_threading;1.31265571067567;1.31265571067567;1.31265571067567;1.31265571067567;0.001154;2;15.1159999999999 * jump_threading;1;2.36189784686864;
2;229.056666666667 * time_passes + 14.8233333333332 * jump_threading + 1.46333333333299 * ipsccp;1.15875007458133;1.15875007458133;1.15875007458133;1.15875007458133;0.006176;3;1.46333333333299 * ipsccp;1;0.153905636094338;
Elapsed=00:00:00.0063187
Learning progress:
1;210.44 * time_passes + 33.227083333333 * gvn;0.535775245163388;0.535775245163388;0.535775245163388;0.535775245163388;0.001417;2;33.227083333333 * gvn;1;5.99749427249028;
Elapsed=00:00:00.0015127
Learning progress:
1;233.661111111111 * time_passes + 11.8016666666662 * inline;0.654436005229453;0.654436005229453;0.654436005229453;0.654436005229453;0.00124;2;11.8016666666662 * inline;1;2.51572615906192;
Elapsed=00:00:00.0013314
Learning progress:
1;229.056666666667 * time_passes + 16.3805555555553 * jump_threading;0.188907879480383;0.188907879480383;0.188907879480383;0.188907879480383;0.001327;2;16.3805555555553 * jump_threading;1;2.90537840714463;
Elapsed=00:00:00.0014275
Learning progress:
1;238.365 * time_passes + 7.47499999999977 * jump_threading;7.49274418887871;7.49274418887871;7.49274418887871;7.49274418887871;0.000975;2;7.47499999999977 * jump_threading;1;1.36321084642561;
2;238.365 * time_passes + 6.00766666666657 * jump_threading + 5.13566666666649 * ipsccp;7.18919147745379;7.18919147745379;7.18919147745379;7.18919147745379;0.003784;3;5.13566666666649 * ipsccp;1;0.303552711424916;
Elapsed=00:00:00.0038792
Learning progress:
1;229.056666666667 * time_passes + 15.1159999999999 * jump_threading;1.31265571067567;1.31265571067567;1.31265571067567;1.31265571067567;0.002213;2;15.1159999999999 * jump_threading;1;2.36189784686864;
2;229.056666666667 * time_passes + 14.8233333333332 * jump_threading + 1.46333333333299 * ipsccp;1.15875007458133;1.15875007458133;1.15875007458133;1.15875007458133;0.005717;3;1.46333333333299 * ipsccp;1;0.153905636094338;
3;210.44 * time_passes + 5.51499999999995 * jump_threading + 1.463333333333 * ipsccp + 27.9250000000001 * gvn;1.1587500745813;1.1587500745813;1.1587500745813;1.1587500745813;0.011463;4;27.9250000000001 * gvn;1;3.75255382323303E-14;
Elapsed=00:00:00.0116186
Learning progress:
1;210.44 * time_passes + 33.227083333333 * gvn;0.535775245163388;0.535775245163388;0.535775245163388;0.535775245163388;0.001479;2;33.227083333333 * gvn;1;5.99749427249028;
Elapsed=00:00:00.0015823
Learning progress:
1;233.661111111111 * time_passes + 11.8016666666662 * inline;0.654436005229453;0.654436005229453;0.654436005229453;0.654436005229453;0.001123;2;11.8016666666662 * inline;1;2.51572615906192;
Elapsed=00:00:00.0012120
Learning progress:
1;229.056666666667 * time_passes + 16.3805555555553 * jump_threading;0.188907879480383;0.188907879480383;0.188907879480383;0.188907879480383;0.001331;2;16.3805555555553 * jump_threading;1;2.90537840714463;
Elapsed=00:00:00.0014386
Learning progress:
1;238.365 * time_passes + 7.47499999999977 * jump_threading;7.49274418887871;7.49274418887871;7.49274418887871;7.49274418887871;0.000989;2;7.47499999999977 * jump_threading;1;1.36321084642561;
2;238.365 * time_passes + 6.00766666666657 * jump_threading + 5.13566666666649 * ipsccp;7.18919147745379;7.18919147745379;7.18919147745379;7.18919147745379;0.003781;3;5.13566666666649 * ipsccp;1;0.303552711424916;
3;237.227647058824 * time_passes + 5.7801960784312 * jump_threading + 4.22578431372546 * ipsccp + 2.27470588235232 * inline;7.10719010976408;7.10719010976408;7.10719010976408;7.10719010976408;0.008877;4;2.27470588235232 * inline;1;0.0820013676897089;
Elapsed=00:00:00.0089983
Learning progress:
1;229.056666666667 * time_passes + 15.1159999999999 * jump_threading;1.31265571067567;1.31265571067567;1.31265571067567;1.31265571067567;0.001171;2;15.1159999999999 * jump_threading;1;2.36189784686864;
2;229.056666666667 * time_passes + 14.8233333333332 * jump_threading + 1.46333333333299 * ipsccp;1.15875007458133;1.15875007458133;1.15875007458133;1.15875007458133;0.005726;3;1.46333333333299 * ipsccp;1;0.153905636094338;
Elapsed=00:00:00.0058527
Learning progress:
1;210.44 * time_passes + 33.227083333333 * gvn;0.535775245163388;0.535775245163388;0.535775245163388;0.535775245163388;0.001467;2;33.227083333333 * gvn;1;5.99749427249028;
Elapsed=00:00:00.0015641
Learning progress:
1;233.661111111111 * time_passes + 11.8016666666662 * inline;0.654436005229453;0.654436005229453;0.654436005229453;0.654436005229453;0.001258;2;11.8016666666662 * inline;1;2.51572615906192;
Elapsed=00:00:00.0013480
Learning progress:
1;229.056666666667 * time_passes + 16.3805555555553 * jump_threading;0.188907879480383;0.188907879480383;0.188907879480383;0.188907879480383;0.001329;2;16.3805555555553 * jump_threading;1;2.90537840714463;
Elapsed=00:00:00.0014280
Learning progress:
1;238.365 * time_passes + 7.47499999999977 * jump_threading;7.49274418887871;7.49274418887871;7.49274418887871;7.49274418887871;0.000997;2;7.47499999999977 * jump_threading;1;1.36321084642561;
2;238.365 * time_passes + 6.00766666666657 * jump_threading + 5.13566666666649 * ipsccp;7.18919147745379;7.18919147745379;7.18919147745379;7.18919147745379;0.003801;3;5.13566666666649 * ipsccp;1;0.303552711424916;
3;237.227647058824 * time_passes + 5.7801960784312 * jump_threading + 4.22578431372546 * ipsccp + 2.27470588235232 * inline;7.10719010976408;7.10719010976408;7.10719010976408;7.10719010976408;0.009842;4;2.27470588235232 * inline;1;0.0820013676897089;
Elapsed=00:00:00.0099763
Learning progress:
1;229.056666666667 * time_passes + 15.1159999999999 * jump_threading;1.31265571067567;1.31265571067567;1.31265571067567;1.31265571067567;0.001559;2;15.1159999999999 * jump_threading;1;2.36189784686864;
2;229.056666666667 * time_passes + 14.8233333333332 * jump_threading + 1.46333333333299 * ipsccp;1.15875007458133;1.15875007458133;1.15875007458133;1.15875007458133;0.005059;3;1.46333333333299 * ipsccp;1;0.153905636094338;
Elapsed=00:00:00.0051827
Learning progress:
1;210.44 * time_passes + 33.227083333333 * gvn;0.535775245163388;0.535775245163388;0.535775245163388;0.535775245163388;0.002067;2;33.227083333333 * gvn;1;5.99749427249028;
Elapsed=00:00:00.0021702
Learning progress:
1;233.661111111111 * time_passes + 11.8016666666662 * inline;0.654436005229453;0.654436005229453;0.654436005229453;0.654436005229453;0.001128;2;11.8016666666662 * inline;1;2.51572615906192;
Elapsed=00:00:00.0012175
Learning progress:
1;229.056666666667 * time_passes + 16.3805555555553 * jump_threading;0.188907879480383;0.188907879480383;0.188907879480383;0.188907879480383;0.001192;2;16.3805555555553 * jump_threading;1;2.90537840714463;
Elapsed=00:00:00.0012916
Learning progress:
1;238.365 * time_passes + 7.47499999999977 * jump_threading;7.49274418887871;7.49274418887871;7.49274418887871;7.49274418887871;0.000988;2;7.47499999999977 * jump_threading;1;1.36321084642561;
2;238.365 * time_passes + 6.00766666666657 * jump_threading + 5.13566666666649 * ipsccp;7.18919147745379;7.18919147745379;7.18919147745379;7.18919147745379;0.004148;3;5.13566666666649 * ipsccp;1;0.303552711424916;
Elapsed=00:00:00.0042458
Learning progress:
1;229.056666666667 * time_passes + 15.1159999999999 * jump_threading;1.31265571067567;1.31265571067567;1.31265571067567;1.31265571067567;0.001303;2;15.1159999999999 * jump_threading;1;2.36189784686864;
2;229.056666666667 * time_passes + 14.8233333333332 * jump_threading + 1.46333333333299 * ipsccp;1.15875007458133;1.15875007458133;1.15875007458133;1.15875007458133;0.004948;3;1.46333333333299 * ipsccp;1;0.153905636094338;
3;210.44 * time_passes + 5.51499999999995 * jump_threading + 1.463333333333 * ipsccp + 27.9250000000001 * gvn;1.1587500745813;1.1587500745813;1.1587500745813;1.1587500745813;0.011673;4;27.9250000000001 * gvn;1;3.75255382323303E-14;
Elapsed=00:00:00.0118441
Learning progress:
1;210.44 * time_passes + 33.227083333333 * gvn;0.535775245163388;0.535775245163388;0.535775245163388;0.535775245163388;0.001151;2;33.227083333333 * gvn;1;5.99749427249028;
Elapsed=00:00:00.0012483
Learning progress:
1;233.661111111111 * time_passes + 11.8016666666662 * inline;0.654436005229453;0.654436005229453;0.654436005229453;0.654436005229453;0.00146;2;11.8016666666662 * inline;1;2.51572615906192;
Elapsed=00:00:00.0015621
Learning progress:
1;229.056666666667 * time_passes + 16.3805555555553 * jump_threading;0.188907879480383;0.188907879480383;0.188907879480383;0.188907879480383;0.001183;2;16.3805555555553 * jump_threading;1;2.90537840714463;
Elapsed=00:00:00.0012805
Learning progress:
1;238.365 * time_passes + 7.47499999999977 * jump_threading;7.49274418887871;7.49274418887871;7.49274418887871;7.49274418887871;0.001251;2;7.47499999999977 * jump_threading;1;1.36321084642561;
2;238.365 * time_passes + 6.00766666666657 * jump_threading + 5.13566666666649 * ipsccp;7.18919147745379;7.18919147745379;7.18919147745379;7.18919147745379;0.004223;3;5.13566666666649 * ipsccp;1;0.303552711424916;
3;237.227647058824 * time_passes + 5.7801960784312 * jump_threading + 4.22578431372546 * ipsccp + 2.27470588235232 * inline;7.10719010976408;7.10719010976408;7.10719010976408;7.10719010976408;0.010275;4;2.27470588235232 * inline;1;0.0820013676897089;
Elapsed=00:00:00.0104094
Learning progress:
1;229.056666666667 * time_passes + 15.1159999999999 * jump_threading;1.31265571067567;1.31265571067567;1.31265571067567;1.31265571067567;0.001279;2;15.1159999999999 * jump_threading;1;2.36189784686864;
2;229.056666666667 * time_passes + 14.8233333333332 * jump_threading + 1.46333333333299 * ipsccp;1.15875007458133;1.15875007458133;1.15875007458133;1.15875007458133;0.004955;3;1.46333333333299 * ipsccp;1;0.153905636094338;
Elapsed=00:00:00.0050778
Learning progress:
1;210.44 * time_passes + 33.227083333333 * gvn;0.535775245163388;0.535775245163388;0.535775245163388;0.535775245163388;0.001372;2;33.227083333333 * gvn;1;5.99749427249028;
Elapsed=00:00:00.0014678
Learning progress:
1;233.661111111111 * time_passes + 11.8016666666662 * inline;0.654436005229453;0.654436005229453;0.654436005229453;0.654436005229453;0.001455;2;11.8016666666662 * inline;1;2.51572615906192;
Elapsed=00:00:00.0015475
Learning progress:
1;229.056666666667 * time_passes + 16.3805555555553 * jump_threading;0.188907879480383;0.188907879480383;0.188907879480383;0.188907879480383;0.001206;2;16.3805555555553 * jump_threading;1;2.90537840714463;
Elapsed=00:00:00.0013057
Learning progress:
1;238.365 * time_passes + 7.47499999999977 * jump_threading;7.49274418887871;7.49274418887871;7.49274418887871;7.49274418887871;0.001169;2;7.47499999999977 * jump_threading;1;1.36321084642561;
2;238.365 * time_passes + 6.00766666666657 * jump_threading + 5.13566666666649 * ipsccp;7.18919147745379;7.18919147745379;7.18919147745379;7.18919147745379;0.003966;3;5.13566666666649 * ipsccp;1;0.303552711424916;
3;237.227647058824 * time_passes + 5.7801960784312 * jump_threading + 4.22578431372546 * ipsccp + 2.27470588235232 * inline;7.10719010976408;7.10719010976408;7.10719010976408;7.10719010976408;0.008833;4;2.27470588235232 * inline;1;0.0820013676897089;
Elapsed=00:00:00.0089434
Learning progress:
1;229.056666666667 * time_passes + 15.1159999999999 * jump_threading;1.31265571067567;1.31265571067567;1.31265571067567;1.31265571067567;0.00149;2;15.1159999999999 * jump_threading;1;2.36189784686864;
2;229.056666666667 * time_passes + 14.8233333333332 * jump_threading + 1.46333333333299 * ipsccp;1.15875007458133;1.15875007458133;1.15875007458133;1.15875007458133;0.004981;3;1.46333333333299 * ipsccp;1;0.153905636094338;
Elapsed=00:00:00.0050982
Learning progress:
1;210.44 * time_passes + 33.227083333333 * gvn;0.535775245163388;0.535775245163388;0.535775245163388;0.535775245163388;0.002332;2;33.227083333333 * gvn;1;5.99749427249028;
Elapsed=00:00:00.0024542
Learning progress:
1;233.661111111111 * time_passes + 11.8016666666662 * inline;0.654436005229453;0.654436005229453;0.654436005229453;0.654436005229453;0.001149;2;11.8016666666662 * inline;1;2.51572615906192;
Elapsed=00:00:00.0012430
Learning progress:
1;229.056666666667 * time_passes + 16.3805555555553 * jump_threading;0.188907879480383;0.188907879480383;0.188907879480383;0.188907879480383;0.001288;2;16.3805555555553 * jump_threading;1;2.90537840714463;
Elapsed=00:00:00.0014026
Learning progress:
1;238.365 * time_passes + 7.47499999999977 * jump_threading;7.49274418887871;7.49274418887871;7.49274418887871;7.49274418887871;0.000997;2;7.47499999999977 * jump_threading;1;1.36321084642561;
2;238.365 * time_passes + 6.00766666666657 * jump_threading + 5.13566666666649 * ipsccp;7.18919147745379;7.18919147745379;7.18919147745379;7.18919147745379;0.004;3;5.13566666666649 * ipsccp;1;0.303552711424916;
Elapsed=00:00:00.0041011
Learning progress:
1;229.056666666667 * time_passes + 15.1159999999999 * jump_threading;1.31265571067567;1.31265571067567;1.31265571067567;1.31265571067567;0.001184;2;15.1159999999999 * jump_threading;1;2.36189784686864;
2;229.056666666667 * time_passes + 14.8233333333332 * jump_threading + 1.46333333333299 * ipsccp;1.15875007458133;1.15875007458133;1.15875007458133;1.15875007458133;0.005629;3;1.46333333333299 * ipsccp;1;0.153905636094338;
3;210.44 * time_passes + 5.51499999999995 * jump_threading + 1.463333333333 * ipsccp + 27.9250000000001 * gvn;1.1587500745813;1.1587500745813;1.1587500745813;1.1587500745813;0.011221;4;27.9250000000001 * gvn;1;3.75255382323303E-14;
Elapsed=00:00:00.0113640
Learning progress:
1;210.44 * time_passes + 33.227083333333 * gvn;0.535775245163388;0.535775245163388;0.535775245163388;0.535775245163388;0.001149;2;33.227083333333 * gvn;1;5.99749427249028;
Elapsed=00:00:00.0012427
Learning progress:
1;233.661111111111 * time_passes + 11.8016666666662 * inline;0.654436005229453;0.654436005229453;0.654436005229453;0.654436005229453;0.001271;2;11.8016666666662 * inline;1;2.51572615906192;
Elapsed=00:00:00.0013617
Learning progress:
1;229.056666666667 * time_passes + 16.3805555555553 * jump_threading;0.188907879480383;0.188907879480383;0.188907879480383;0.188907879480383;0.001668;2;16.3805555555553 * jump_threading;1;2.90537840714463;
Elapsed=00:00:00.0017676
Learning progress:
1;238.365 * time_passes + 7.47499999999977 * jump_threading;7.49274418887871;7.49274418887871;7.49274418887871;7.49274418887871;0.002121;2;7.47499999999977 * jump_threading;1;1.36321084642561;
2;238.365 * time_passes + 6.00766666666657 * jump_threading + 5.13566666666649 * ipsccp;7.18919147745379;7.18919147745379;7.18919147745379;7.18919147745379;0.004894;3;5.13566666666649 * ipsccp;1;0.303552711424916;
3;237.227647058824 * time_passes + 5.7801960784312 * jump_threading + 4.22578431372546 * ipsccp + 2.27470588235232 * inline;7.10719010976408;7.10719010976408;7.10719010976408;7.10719010976408;0.009905;4;2.27470588235232 * inline;1;0.0820013676897089;
Elapsed=00:00:00.0100110
Learning progress:
1;229.056666666667 * time_passes + 15.1159999999999 * jump_threading;1.31265571067567;1.31265571067567;1.31265571067567;1.31265571067567;0.001493;2;15.1159999999999 * jump_threading;1;2.36189784686864;
2;229.056666666667 * time_passes + 14.8233333333332 * jump_threading + 1.46333333333299 * ipsccp;1.15875007458133;1.15875007458133;1.15875007458133;1.15875007458133;0.005022;3;1.46333333333299 * ipsccp;1;0.153905636094338;
Elapsed=00:00:00.0051380
Learning progress:
1;210.44 * time_passes + 33.227083333333 * gvn;0.535775245163388;0.535775245163388;0.535775245163388;0.535775245163388;0.002264;2;33.227083333333 * gvn;1;5.99749427249028;
Elapsed=00:00:00.0023942
Learning progress:
1;233.661111111111 * time_passes + 11.8016666666662 * inline;0.654436005229453;0.654436005229453;0.654436005229453;0.654436005229453;0.001144;2;11.8016666666662 * inline;1;2.51572615906192;
Elapsed=00:00:00.0012337
Learning progress:
1;229.056666666667 * time_passes + 16.3805555555553 * jump_threading;0.188907879480383;0.188907879480383;0.188907879480383;0.188907879480383;0.001198;2;16.3805555555553 * jump_threading;1;2.90537840714463;
Elapsed=00:00:00.0012958
Learning progress:
1;238.365 * time_passes + 7.47499999999977 * jump_threading;7.49274418887871;7.49274418887871;7.49274418887871;7.49274418887871;0.000946;2;7.47499999999977 * jump_threading;1;1.36321084642561;
2;238.365 * time_passes + 6.00766666666657 * jump_threading + 5.13566666666649 * ipsccp;7.18919147745379;7.18919147745379;7.18919147745379;7.18919147745379;0.003776;3;5.13566666666649 * ipsccp;1;0.303552711424916;
3;237.227647058824 * time_passes + 5.7801960784312 * jump_threading + 4.22578431372546 * ipsccp + 2.27470588235232 * inline;7.10719010976408;7.10719010976408;7.10719010976408;7.10719010976408;0.008709;4;2.27470588235232 * inline;1;0.0820013676897089;
Elapsed=00:00:00.0088126
Learning progress:
1;229.056666666667 * time_passes + 15.1159999999999 * jump_threading;1.31265571067567;1.31265571067567;1.31265571067567;1.31265571067567;0.002039;2;15.1159999999999 * jump_threading;1;2.36189784686864;
2;229.056666666667 * time_passes + 14.8233333333332 * jump_threading + 1.46333333333299 * ipsccp;1.15875007458133;1.15875007458133;1.15875007458133;1.15875007458133;0.005536;3;1.46333333333299 * ipsccp;1;0.153905636094338;
Elapsed=00:00:00.0056608
Learning progress:
1;210.44 * time_passes + 33.227083333333 * gvn;0.535775245163388;0.535775245163388;0.535775245163388;0.535775245163388;0.001338;2;33.227083333333 * gvn;1;5.99749427249028;
Elapsed=00:00:00.0014358
Learning progress:
1;233.661111111111 * time_passes + 11.8016666666662 * inline;0.654436005229453;0.654436005229453;0.654436005229453;0.654436005229453;0.001246;2;11.8016666666662 * inline;1;2.51572615906192;
Elapsed=00:00:00.0013395
Learning progress:
1;229.056666666667 * time_passes + 16.3805555555553 * jump_threading;0.188907879480383;0.188907879480383;0.188907879480383;0.188907879480383;0.001202;2;16.3805555555553 * jump_threading;1;2.90537840714463;
Elapsed=00:00:00.0013160
Learning progress:
1;238.365 * time_passes + 7.47499999999977 * jump_threading;7.49274418887871;7.49274418887871;7.49274418887871;7.49274418887871;0.001147;2;7.47499999999977 * jump_threading;1;1.36321084642561;
2;238.365 * time_passes + 6.00766666666657 * jump_threading + 5.13566666666649 * ipsccp;7.18919147745379;7.18919147745379;7.18919147745379;7.18919147745379;0.00509;3;5.13566666666649 * ipsccp;1;0.303552711424916;
Elapsed=00:00:00.0052133
Learning progress:
1;229.056666666667 * time_passes + 15.1159999999999 * jump_threading;1.31265571067567;1.31265571067567;1.31265571067567;1.31265571067567;0.001365;2;15.1159999999999 * jump_threading;1;2.36189784686864;
2;229.056666666667 * time_passes + 14.8233333333332 * jump_threading + 1.46333333333299 * ipsccp;1.15875007458133;1.15875007458133;1.15875007458133;1.15875007458133;0.004884;3;1.46333333333299 * ipsccp;1;0.153905636094338;
3;210.44 * time_passes + 5.51499999999995 * jump_threading + 1.463333333333 * ipsccp + 27.9250000000001 * gvn;1.1587500745813;1.1587500745813;1.1587500745813;1.1587500745813;0.010597;4;27.9250000000001 * gvn;1;3.75255382323303E-14;
Elapsed=00:00:00.0107545
Learning progress:
1;210.44 * time_passes + 33.227083333333 * gvn;0.535775245163388;0.535775245163388;0.535775245163388;0.535775245163388;0.001366;2;33.227083333333 * gvn;1;5.99749427249028;
Elapsed=00:00:00.0014644
Learning progress:
1;233.661111111111 * time_passes + 11.8016666666662 * inline;0.654436005229453;0.654436005229453;0.654436005229453;0.654436005229453;0.001159;2;11.8016666666662 * inline;1;2.51572615906192;
Elapsed=00:00:00.0012520
Learning progress:
1;229.056666666667 * time_passes + 16.3805555555553 * jump_threading;0.188907879480383;0.188907879480383;0.188907879480383;0.188907879480383;0.001202;2;16.3805555555553 * jump_threading;1;2.90537840714463;
Elapsed=00:00:00.0013007
Learning progress:
1;238.365 * time_passes + 7.47499999999977 * jump_threading;7.49274418887871;7.49274418887871;7.49274418887871;7.49274418887871;0.000975;2;7.47499999999977 * jump_threading;1;1.36321084642561;
2;238.365 * time_passes + 6.00766666666657 * jump_threading + 5.13566666666649 * ipsccp;7.18919147745379;7.18919147745379;7.18919147745379;7.18919147745379;0.003822;3;5.13566666666649 * ipsccp;1;0.303552711424916;
3;237.227647058824 * time_passes + 5.7801960784312 * jump_threading + 4.22578431372546 * ipsccp + 2.27470588235232 * inline;7.10719010976408;7.10719010976408;7.10719010976408;7.10719010976408;0.008659;4;2.27470588235232 * inline;1;0.0820013676897089;
Elapsed=00:00:00.0087695
Learning progress:
1;229.056666666667 * time_passes + 15.1159999999999 * jump_threading;1.31265571067567;1.31265571067567;1.31265571067567;1.31265571067567;0.001989;2;15.1159999999999 * jump_threading;1;2.36189784686864;
2;229.056666666667 * time_passes + 14.8233333333332 * jump_threading + 1.46333333333299 * ipsccp;1.15875007458133;1.15875007458133;1.15875007458133;1.15875007458133;0.005487;3;1.46333333333299 * ipsccp;1;0.153905636094338;
Elapsed=00:00:00.0056047
Learning progress:
1;210.44 * time_passes + 33.227083333333 * gvn;0.535775245163388;0.535775245163388;0.535775245163388;0.535775245163388;0.001366;2;33.227083333333 * gvn;1;5.99749427249028;
Elapsed=00:00:00.0014588
Learning progress:
1;233.661111111111 * time_passes + 11.8016666666662 * inline;0.654436005229453;0.654436005229453;0.654436005229453;0.654436005229453;0.001389;2;11.8016666666662 * inline;1;2.51572615906192;
Elapsed=00:00:00.0014807
Learning progress:
1;229.056666666667 * time_passes + 16.3805555555553 * jump_threading;0.188907879480383;0.188907879480383;0.188907879480383;0.188907879480383;0.001339;2;16.3805555555553 * jump_threading;1;2.90537840714463;
Elapsed=00:00:00.0014379
Learning progress:
1;238.365 * time_passes + 7.47499999999977 * jump_threading;7.49274418887871;7.49274418887871;7.49274418887871;7.49274418887871;0.000998;2;7.47499999999977 * jump_threading;1;1.36321084642561;
2;238.365 * time_passes + 6.00766666666657 * jump_threading + 5.13566666666649 * ipsccp;7.18919147745379;7.18919147745379;7.18919147745379;7.18919147745379;0.00475;3;5.13566666666649 * ipsccp;1;0.303552711424916;
3;237.227647058824 * time_passes + 5.7801960784312 * jump_threading + 4.22578431372546 * ipsccp + 2.27470588235232 * inline;7.10719010976408;7.10719010976408;7.10719010976408;7.10719010976408;0.009683;4;2.27470588235232 * inline;1;0.0820013676897089;
Elapsed=00:00:00.0097904
Learning progress:
1;229.056666666667 * time_passes + 15.1159999999999 * jump_threading;1.31265571067567;1.31265571067567;1.31265571067567;1.31265571067567;0.001174;2;15.1159999999999 * jump_threading;1;2.36189784686864;
2;229.056666666667 * time_passes + 14.8233333333332 * jump_threading + 1.46333333333299 * ipsccp;1.15875007458133;1.15875007458133;1.15875007458133;1.15875007458133;0.004763;3;1.46333333333299 * ipsccp;1;0.153905636094338;
Elapsed=00:00:00.0048839
Learning progress:
1;210.44 * time_passes + 33.227083333333 * gvn;0.535775245163388;0.535775245163388;0.535775245163388;0.535775245163388;0.001374;2;33.227083333333 * gvn;1;5.99749427249028;
Elapsed=00:00:00.0014720
Learning progress:
1;233.661111111111 * time_passes + 11.8016666666662 * inline;0.654436005229453;0.654436005229453;0.654436005229453;0.654436005229453;0.001159;2;11.8016666666662 * inline;1;2.51572615906192;
Elapsed=00:00:00.0012575
Learning progress:
1;229.056666666667 * time_passes + 16.3805555555553 * jump_threading;0.188907879480383;0.188907879480383;0.188907879480383;0.188907879480383;0.001245;2;16.3805555555553 * jump_threading;1;2.90537840714463;
Elapsed=00:00:00.0013506
Learning progress:
1;238.365 * time_passes + 7.47499999999977 * jump_threading;7.49274418887871;7.49274418887871;7.49274418887871;7.49274418887871;0.000969;2;7.47499999999977 * jump_threading;1;1.36321084642561;
2;238.365 * time_passes + 6.00766666666657 * jump_threading + 5.13566666666649 * ipsccp;7.18919147745379;7.18919147745379;7.18919147745379;7.18919147745379;0.003827;3;5.13566666666649 * ipsccp;1;0.303552711424916;
Elapsed=00:00:00.0039207
Learning progress:
1;229.056666666667 * time_passes + 15.1159999999999 * jump_threading;1.31265571067567;1.31265571067567;1.31265571067567;1.31265571067567;0.001205;2;15.1159999999999 * jump_threading;1;2.36189784686864;
2;229.056666666667 * time_passes + 14.8233333333332 * jump_threading + 1.46333333333299 * ipsccp;1.15875007458133;1.15875007458133;1.15875007458133;1.15875007458133;0.004716;3;1.46333333333299 * ipsccp;1;0.153905636094338;
3;210.44 * time_passes + 5.51499999999995 * jump_threading + 1.463333333333 * ipsccp + 27.9250000000001 * gvn;1.1587500745813;1.1587500745813;1.1587500745813;1.1587500745813;0.011484;4;27.9250000000001 * gvn;1;3.75255382323303E-14;
Elapsed=00:00:00.0116504
Learning progress:
1;210.44 * time_passes + 33.227083333333 * gvn;0.535775245163388;0.535775245163388;0.535775245163388;0.535775245163388;0.001119;2;33.227083333333 * gvn;1;5.99749427249028;
Elapsed=00:00:00.0012146
Learning progress:
1;233.661111111111 * time_passes + 11.8016666666662 * inline;0.654436005229453;0.654436005229453;0.654436005229453;0.654436005229453;0.001162;2;11.8016666666662 * inline;1;2.51572615906192;
Elapsed=00:00:00.0012560
Learning progress:
1;229.056666666667 * time_passes + 16.3805555555553 * jump_threading;0.188907879480383;0.188907879480383;0.188907879480383;0.188907879480383;0.001417;2;16.3805555555553 * jump_threading;1;2.90537840714463;
Elapsed=00:00:00.0015237
Learning progress:
1;238.365 * time_passes + 7.47499999999977 * jump_threading;7.49274418887871;7.49274418887871;7.49274418887871;7.49274418887871;0.000983;2;7.47499999999977 * jump_threading;1;1.36321084642561;
2;238.365 * time_passes + 6.00766666666657 * jump_threading + 5.13566666666649 * ipsccp;7.18919147745379;7.18919147745379;7.18919147745379;7.18919147745379;0.003833;3;5.13566666666649 * ipsccp;1;0.303552711424916;
3;237.227647058824 * time_passes + 5.7801960784312 * jump_threading + 4.22578431372546 * ipsccp + 2.27470588235232 * inline;7.10719010976408;7.10719010976408;7.10719010976408;7.10719010976408;0.009696;4;2.27470588235232 * inline;1;0.0820013676897089;
Elapsed=00:00:00.0098097
Learning progress:
1;229.056666666667 * time_passes + 15.1159999999999 * jump_threading;1.31265571067567;1.31265571067567;1.31265571067567;1.31265571067567;0.001414;2;15.1159999999999 * jump_threading;1;2.36189784686864;
2;229.056666666667 * time_passes + 14.8233333333332 * jump_threading + 1.46333333333299 * ipsccp;1.15875007458133;1.15875007458133;1.15875007458133;1.15875007458133;0.005013;3;1.46333333333299 * ipsccp;1;0.153905636094338;
Elapsed=00:00:00.0051317
Learning progress:
1;210.44 * time_passes + 33.227083333333 * gvn;0.535775245163388;0.535775245163388;0.535775245163388;0.535775245163388;0.001233;2;33.227083333333 * gvn;1;5.99749427249028;
Elapsed=00:00:00.0013281
Learning progress:
1;233.661111111111 * time_passes + 11.8016666666662 * inline;0.654436005229453;0.654436005229453;0.654436005229453;0.654436005229453;0.001161;2;11.8016666666662 * inline;1;2.51572615906192;
Elapsed=00:00:00.0012528
Learning progress:
1;229.056666666667 * time_passes + 16.3805555555553 * jump_threading;0.188907879480383;0.188907879480383;0.188907879480383;0.188907879480383;0.002406;2;16.3805555555553 * jump_threading;1;2.90537840714463;
Elapsed=00:00:00.0025073
Learning progress:
1;238.365 * time_passes + 7.47499999999977 * jump_threading;7.49274418887871;7.49274418887871;7.49274418887871;7.49274418887871;0.001227;2;7.47499999999977 * jump_threading;1;1.36321084642561;
2;238.365 * time_passes + 6.00766666666657 * jump_threading + 5.13566666666649 * ipsccp;7.18919147745379;7.18919147745379;7.18919147745379;7.18919147745379;0.004154;3;5.13566666666649 * ipsccp;1;0.303552711424916;
3;237.227647058824 * time_passes + 5.7801960784312 * jump_threading + 4.22578431372546 * ipsccp + 2.27470588235232 * inline;7.10719010976408;7.10719010976408;7.10719010976408;7.10719010976408;0.009106;4;2.27470588235232 * inline;1;0.0820013676897089;
Elapsed=00:00:00.0092122
Learning progress:
1;229.056666666667 * time_passes + 15.1159999999999 * jump_threading;1.31265571067567;1.31265571067567;1.31265571067567;1.31265571067567;0.001388;2;15.1159999999999 * jump_threading;1;2.36189784686864;
2;229.056666666667 * time_passes + 14.8233333333332 * jump_threading + 1.46333333333299 * ipsccp;1.15875007458133;1.15875007458133;1.15875007458133;1.15875007458133;0.005993;3;1.46333333333299 * ipsccp;1;0.153905636094338;
Elapsed=00:00:00.0061151
Learning progress:
1;210.44 * time_passes + 33.227083333333 * gvn;0.535775245163388;0.535775245163388;0.535775245163388;0.535775245163388;0.001153;2;33.227083333333 * gvn;1;5.99749427249028;
Elapsed=00:00:00.0012499
Learning progress:
1;233.661111111111 * time_passes + 11.8016666666662 * inline;0.654436005229453;0.654436005229453;0.654436005229453;0.654436005229453;0.001233;2;11.8016666666662 * inline;1;2.51572615906192;
Elapsed=00:00:00.0013315
Learning progress:
1;229.056666666667 * time_passes + 16.3805555555553 * jump_threading;0.188907879480383;0.188907879480383;0.188907879480383;0.188907879480383;0.001357;2;16.3805555555553 * jump_threading;1;2.90537840714463;
Elapsed=00:00:00.0014534
Learning progress:
1;238.365 * time_passes + 7.47499999999977 * jump_threading;7.49274418887871;7.49274418887871;7.49274418887871;7.49274418887871;0.000971;2;7.47499999999977 * jump_threading;1;1.36321084642561;
2;238.365 * time_passes + 6.00766666666657 * jump_threading + 5.13566666666649 * ipsccp;7.18919147745379;7.18919147745379;7.18919147745379;7.18919147745379;0.003816;3;5.13566666666649 * ipsccp;1;0.303552711424916;
Elapsed=00:00:00.0039137
Learning progress:
1;229.056666666667 * time_passes + 15.1159999999999 * jump_threading;1.31265571067567;1.31265571067567;1.31265571067567;1.31265571067567;0.001305;2;15.1159999999999 * jump_threading;1;2.36189784686864;
2;229.056666666667 * time_passes + 14.8233333333332 * jump_threading + 1.46333333333299 * ipsccp;1.15875007458133;1.15875007458133;1.15875007458133;1.15875007458133;0.005703;3;1.46333333333299 * ipsccp;1;0.153905636094338;
3;210.44 * time_passes + 5.51499999999995 * jump_threading + 1.463333333333 * ipsccp + 27.9250000000001 * gvn;1.1587500745813;1.1587500745813;1.1587500745813;1.1587500745813;0.011476;4;27.9250000000001 * gvn;1;3.75255382323303E-14;
Elapsed=00:00:00.0116255
Learning progress:
1;210.44 * time_passes + 33.227083333333 * gvn;0.535775245163388;0.535775245163388;0.535775245163388;0.535775245163388;0.001157;2;33.227083333333 * gvn;1;5.99749427249028;
Elapsed=00:00:00.0012805
Learning progress:
1;233.661111111111 * time_passes + 11.8016666666662 * inline;0.654436005229453;0.654436005229453;0.654436005229453;0.654436005229453;0.001571;2;11.8016666666662 * inline;1;2.51572615906192;
Elapsed=00:00:00.0016726
Learning progress:
1;229.056666666667 * time_passes + 16.3805555555553 * jump_threading;0.188907879480383;0.188907879480383;0.188907879480383;0.188907879480383;0.002198;2;16.3805555555553 * jump_threading;1;2.90537840714463;
Elapsed=00:00:00.0023087
Learning progress:
1;238.365 * time_passes + 7.47499999999977 * jump_threading;7.49274418887871;7.49274418887871;7.49274418887871;7.49274418887871;0.001026;2;7.47499999999977 * jump_threading;1;1.36321084642561;
2;238.365 * time_passes + 6.00766666666657 * jump_threading + 5.13566666666649 * ipsccp;7.18919147745379;7.18919147745379;7.18919147745379;7.18919147745379;0.003818;3;5.13566666666649 * ipsccp;1;0.303552711424916;
3;237.227647058824 * time_passes + 5.7801960784312 * jump_threading + 4.22578431372546 * ipsccp + 2.27470588235232 * inline;7.10719010976408;7.10719010976408;7.10719010976408;7.10719010976408;0.008779;4;2.27470588235232 * inline;1;0.0820013676897089;
Elapsed=00:00:00.0088922
Learning progress:
1;229.056666666667 * time_passes + 15.1159999999999 * jump_threading;1.31265571067567;1.31265571067567;1.31265571067567;1.31265571067567;0.001492;2;15.1159999999999 * jump_threading;1;2.36189784686864;
2;229.056666666667 * time_passes + 14.8233333333332 * jump_threading + 1.46333333333299 * ipsccp;1.15875007458133;1.15875007458133;1.15875007458133;1.15875007458133;0.005035;3;1.46333333333299 * ipsccp;1;0.153905636094338;
Elapsed=00:00:00.0051623
Learning progress:
1;210.44 * time_passes + 33.227083333333 * gvn;0.535775245163388;0.535775245163388;0.535775245163388;0.535775245163388;0.001176;2;33.227083333333 * gvn;1;5.99749427249028;
Elapsed=00:00:00.0012805
Learning progress:
1;233.661111111111 * time_passes + 11.8016666666662 * inline;0.654436005229453;0.654436005229453;0.654436005229453;0.654436005229453;0.001143;2;11.8016666666662 * inline;1;2.51572615906192;
Elapsed=00:00:00.0012344
Learning progress:
1;229.056666666667 * time_passes + 16.3805555555553 * jump_threading;0.188907879480383;0.188907879480383;0.188907879480383;0.188907879480383;0.001191;2;16.3805555555553 * jump_threading;1;2.90537840714463;
Elapsed=00:00:00.0013025
Learning progress:
1;238.365 * time_passes + 7.47499999999977 * jump_threading;7.49274418887871;7.49274418887871;7.49274418887871;7.49274418887871;0.000989;2;7.47499999999977 * jump_threading;1;1.36321084642561;
2;238.365 * time_passes + 6.00766666666657 * jump_threading + 5.13566666666649 * ipsccp;7.18919147745379;7.18919147745379;7.18919147745379;7.18919147745379;0.003796;3;5.13566666666649 * ipsccp;1;0.303552711424916;
3;237.227647058824 * time_passes + 5.7801960784312 * jump_threading + 4.22578431372546 * ipsccp + 2.27470588235232 * inline;7.10719010976408;7.10719010976408;7.10719010976408;7.10719010976408;0.009817;4;2.27470588235232 * inline;1;0.0820013676897089;
Elapsed=00:00:00.0099340
Learning progress:
1;229.056666666667 * time_passes + 15.1159999999999 * jump_threading;1.31265571067567;1.31265571067567;1.31265571067567;1.31265571067567;0.001182;2;15.1159999999999 * jump_threading;1;2.36189784686864;
2;229.056666666667 * time_passes + 14.8233333333332 * jump_threading + 1.46333333333299 * ipsccp;1.15875007458133;1.15875007458133;1.15875007458133;1.15875007458133;0.00478;3;1.46333333333299 * ipsccp;1;0.153905636094338;
Elapsed=00:00:00.0048977
Learning progress:
1;210.44 * time_passes + 33.227083333333 * gvn;0.535775245163388;0.535775245163388;0.535775245163388;0.535775245163388;0.001137;2;33.227083333333 * gvn;1;5.99749427249028;
Elapsed=00:00:00.0012309
Learning progress:
1;233.661111111111 * time_passes + 11.8016666666662 * inline;0.654436005229453;0.654436005229453;0.654436005229453;0.654436005229453;0.001353;2;11.8016666666662 * inline;1;2.51572615906192;
Elapsed=00:00:00.0014441
Learning progress:
1;229.056666666667 * time_passes + 16.3805555555553 * jump_threading;0.188907879480383;0.188907879480383;0.188907879480383;0.188907879480383;0.001373;2;16.3805555555553 * jump_threading;1;2.90537840714463;
Elapsed=00:00:00.0014719
Learning progress:
1;238.365 * time_passes + 7.47499999999977 * jump_threading;7.49274418887871;7.49274418887871;7.49274418887871;7.49274418887871;0.002103;2;7.47499999999977 * jump_threading;1;1.36321084642561;
2;238.365 * time_passes + 6.00766666666657 * jump_threading + 5.13566666666649 * ipsccp;7.18919147745379;7.18919147745379;7.18919147745379;7.18919147745379;0.005029;3;5.13566666666649 * ipsccp;1;0.303552711424916;
Elapsed=00:00:00.0051247
Learning progress:
1;229.056666666667 * time_passes + 15.1159999999999 * jump_threading;1.31265571067567;1.31265571067567;1.31265571067567;1.31265571067567;0.001343;2;15.1159999999999 * jump_threading;1;2.36189784686864;
2;229.056666666667 * time_passes + 14.8233333333332 * jump_threading + 1.46333333333299 * ipsccp;1.15875007458133;1.15875007458133;1.15875007458133;1.15875007458133;0.004828;3;1.46333333333299 * ipsccp;1;0.153905636094338;
3;210.44 * time_passes + 5.51499999999995 * jump_threading + 1.463333333333 * ipsccp + 27.9250000000001 * gvn;1.1587500745813;1.1587500745813;1.1587500745813;1.1587500745813;0.01095;4;27.9250000000001 * gvn;1;3.75255382323303E-14;
Elapsed=00:00:00.0110977
Learning progress:
1;210.44 * time_passes + 33.227083333333 * gvn;0.535775245163388;0.535775245163388;0.535775245163388;0.535775245163388;0.002275;2;33.227083333333 * gvn;1;5.99749427249028;
Elapsed=00:00:00.0023756
Learning progress:
1;233.661111111111 * time_passes + 11.8016666666662 * inline;0.654436005229453;0.654436005229453;0.654436005229453;0.654436005229453;0.001365;2;11.8016666666662 * inline;1;2.51572615906192;
Elapsed=00:00:00.0014558
Learning progress:
1;229.056666666667 * time_passes + 16.3805555555553 * jump_threading;0.188907879480383;0.188907879480383;0.188907879480383;0.188907879480383;0.001198;2;16.3805555555553 * jump_threading;1;2.90537840714463;
Elapsed=00:00:00.0012981
Learning progress:
1;238.365 * time_passes + 7.47499999999977 * jump_threading;7.49274418887871;7.49274418887871;7.49274418887871;7.49274418887871;0.000975;2;7.47499999999977 * jump_threading;1;1.36321084642561;
2;238.365 * time_passes + 6.00766666666657 * jump_threading + 5.13566666666649 * ipsccp;7.18919147745379;7.18919147745379;7.18919147745379;7.18919147745379;0.003783;3;5.13566666666649 * ipsccp;1;0.303552711424916;
3;237.227647058824 * time_passes + 5.7801960784312 * jump_threading + 4.22578431372546 * ipsccp + 2.27470588235232 * inline;7.10719010976408;7.10719010976408;7.10719010976408;7.10719010976408;0.008673;4;2.27470588235232 * inline;1;0.0820013676897089;
Elapsed=00:00:00.0087967
Learning progress:
1;229.056666666667 * time_passes + 15.1159999999999 * jump_threading;1.31265571067567;1.31265571067567;1.31265571067567;1.31265571067567;0.00119;2;15.1159999999999 * jump_threading;1;2.36189784686864;
2;229.056666666667 * time_passes + 14.8233333333332 * jump_threading + 1.46333333333299 * ipsccp;1.15875007458133;1.15875007458133;1.15875007458133;1.15875007458133;0.004898;3;1.46333333333299 * ipsccp;1;0.153905636094338;
Elapsed=00:00:00.0050298
Learning progress:
1;210.44 * time_passes + 33.227083333333 * gvn;0.535775245163388;0.535775245163388;0.535775245163388;0.535775245163388;0.001448;2;33.227083333333 * gvn;1;5.99749427249028;
Elapsed=00:00:00.0015513
Learning progress:
1;233.661111111111 * time_passes + 11.8016666666662 * inline;0.654436005229453;0.654436005229453;0.654436005229453;0.654436005229453;0.001142;2;11.8016666666662 * inline;1;2.51572615906192;
Elapsed=00:00:00.0012368
Learning progress:
1;229.056666666667 * time_passes + 16.3805555555553 * jump_threading;0.188907879480383;0.188907879480383;0.188907879480383;0.188907879480383;0.001202;2;16.3805555555553 * jump_threading;1;2.90537840714463;
Elapsed=00:00:00.0013046
Learning progress:
1;238.365 * time_passes + 7.47499999999977 * jump_threading;7.49274418887871;7.49274418887871;7.49274418887871;7.49274418887871;0.001324;2;7.47499999999977 * jump_threading;1;1.36321084642561;
2;238.365 * time_passes + 6.00766666666657 * jump_threading + 5.13566666666649 * ipsccp;7.18919147745379;7.18919147745379;7.18919147745379;7.18919147745379;0.005237;3;5.13566666666649 * ipsccp;1;0.303552711424916;
3;237.227647058824 * time_passes + 5.7801960784312 * jump_threading + 4.22578431372546 * ipsccp + 2.27470588235232 * inline;7.10719010976408;7.10719010976408;7.10719010976408;7.10719010976408;0.010123;4;2.27470588235232 * inline;1;0.0820013676897089;
Elapsed=00:00:00.0102450
Learning progress:
1;229.056666666667 * time_passes + 15.1159999999999 * jump_threading;1.31265571067567;1.31265571067567;1.31265571067567;1.31265571067567;0.00134;2;15.1159999999999 * jump_threading;1;2.36189784686864;
2;229.056666666667 * time_passes + 14.8233333333332 * jump_threading + 1.46333333333299 * ipsccp;1.15875007458133;1.15875007458133;1.15875007458133;1.15875007458133;0.004836;3;1.46333333333299 * ipsccp;1;0.153905636094338;
Elapsed=00:00:00.0049647
Learning progress:
1;210.44 * time_passes + 33.227083333333 * gvn;0.535775245163388;0.535775245163388;0.535775245163388;0.535775245163388;0.001187;2;33.227083333333 * gvn;1;5.99749427249028;
Elapsed=00:00:00.0012880
Learning progress:
1;233.661111111111 * time_passes + 11.8016666666662 * inline;0.654436005229453;0.654436005229453;0.654436005229453;0.654436005229453;0.001156;2;11.8016666666662 * inline;1;2.51572615906192;
Elapsed=00:00:00.0012549
Learning progress:
1;229.056666666667 * time_passes + 16.3805555555553 * jump_threading;0.188907879480383;0.188907879480383;0.188907879480383;0.188907879480383;0.001415;2;16.3805555555553 * jump_threading;1;2.90537840714463;
Elapsed=00:00:00.0015157
Learning progress:
1;238.365 * time_passes + 7.47499999999977 * jump_threading;7.49274418887871;7.49274418887871;7.49274418887871;7.49274418887871;0.000957;2;7.47499999999977 * jump_threading;1;1.36321084642561;
2;238.365 * time_passes + 6.00766666666657 * jump_threading + 5.13566666666649 * ipsccp;7.18919147745379;7.18919147745379;7.18919147745379;7.18919147745379;0.003808;3;5.13566666666649 * ipsccp;1;0.303552711424916;
Elapsed=00:00:00.0039025
Learning progress:
1;229.056666666667 * time_passes + 15.1159999999999 * jump_threading;1.31265571067567;1.31265571067567;1.31265571067567;1.31265571067567;0.001347;2;15.1159999999999 * jump_threading;1;2.36189784686864;
2;229.056666666667 * time_passes + 14.8233333333332 * jump_threading + 1.46333333333299 * ipsccp;1.15875007458133;1.15875007458133;1.15875007458133;1.15875007458133;0.004898;3;1.46333333333299 * ipsccp;1;0.153905636094338;
3;210.44 * time_passes + 5.51499999999995 * jump_threading + 1.463333333333 * ipsccp + 27.9250000000001 * gvn;1.1587500745813;1.1587500745813;1.1587500745813;1.1587500745813;0.011411;4;27.9250000000001 * gvn;1;3.75255382323303E-14;
Elapsed=00:00:00.0115600
Learning progress:
1;210.44 * time_passes + 33.227083333333 * gvn;0.535775245163388;0.535775245163388;0.535775245163388;0.535775245163388;0.001177;2;33.227083333333 * gvn;1;5.99749427249028;
Elapsed=00:00:00.0012743
Learning progress:
1;233.661111111111 * time_passes + 11.8016666666662 * inline;0.654436005229453;0.654436005229453;0.654436005229453;0.654436005229453;0.001554;2;11.8016666666662 * inline;1;2.51572615906192;
Elapsed=00:00:00.0016461
Learning progress:
1;229.056666666667 * time_passes + 16.3805555555553 * jump_threading;0.188907879480383;0.188907879480383;0.188907879480383;0.188907879480383;0.001289;2;16.3805555555553 * jump_threading;1;2.90537840714463;
Elapsed=00:00:00.0013890
Learning progress:
1;238.365 * time_passes + 7.47499999999977 * jump_threading;7.49274418887871;7.49274418887871;7.49274418887871;7.49274418887871;0.00119;2;7.47499999999977 * jump_threading;1;1.36321084642561;
2;238.365 * time_passes + 6.00766666666657 * jump_threading + 5.13566666666649 * ipsccp;7.18919147745379;7.18919147745379;7.18919147745379;7.18919147745379;0.005217;3;5.13566666666649 * ipsccp;1;0.303552711424916;
3;237.227647058824 * time_passes + 5.7801960784312 * jump_threading + 4.22578431372546 * ipsccp + 2.27470588235232 * inline;7.10719010976408;7.10719010976408;7.10719010976408;7.10719010976408;0.010193;4;2.27470588235232 * inline;1;0.0820013676897089;
Elapsed=00:00:00.0103103
Learning progress:
1;229.056666666667 * time_passes + 15.1159999999999 * jump_threading;1.31265571067567;1.31265571067567;1.31265571067567;1.31265571067567;0.001309;2;15.1159999999999 * jump_threading;1;2.36189784686864;
2;229.056666666667 * time_passes + 14.8233333333332 * jump_threading + 1.46333333333299 * ipsccp;1.15875007458133;1.15875007458133;1.15875007458133;1.15875007458133;0.004807;3;1.46333333333299 * ipsccp;1;0.153905636094338;
Elapsed=00:00:00.0049329
Learning progress:
1;210.44 * time_passes + 33.227083333333 * gvn;0.535775245163388;0.535775245163388;0.535775245163388;0.535775245163388;0.001385;2;33.227083333333 * gvn;1;5.99749427249028;
Elapsed=00:00:00.0014858
Learning progress:
1;233.661111111111 * time_passes + 11.8016666666662 * inline;0.654436005229453;0.654436005229453;0.654436005229453;0.654436005229453;0.002503;2;11.8016666666662 * inline;1;2.51572615906192;
Elapsed=00:00:00.0026018
Learning progress:
1;229.056666666667 * time_passes + 16.3805555555553 * jump_threading;0.188907879480383;0.188907879480383;0.188907879480383;0.188907879480383;0.001182;2;16.3805555555553 * jump_threading;1;2.90537840714463;
Elapsed=00:00:00.0012791
Learning progress:
1;238.365 * time_passes + 7.47499999999977 * jump_threading;7.49274418887871;7.49274418887871;7.49274418887871;7.49274418887871;0.000986;2;7.47499999999977 * jump_threading;1;1.36321084642561;
2;238.365 * time_passes + 6.00766666666657 * jump_threading + 5.13566666666649 * ipsccp;7.18919147745379;7.18919147745379;7.18919147745379;7.18919147745379;0.003857;3;5.13566666666649 * ipsccp;1;0.303552711424916;
3;237.227647058824 * time_passes + 5.7801960784312 * jump_threading + 4.22578431372546 * ipsccp + 2.27470588235232 * inline;7.10719010976408;7.10719010976408;7.10719010976408;7.10719010976408;0.008831;4;2.27470588235232 * inline;1;0.0820013676897089;
Elapsed=00:00:00.0089433
Learning progress:
1;229.056666666667 * time_passes + 15.1159999999999 * jump_threading;1.31265571067567;1.31265571067567;1.31265571067567;1.31265571067567;0.001268;2;15.1159999999999 * jump_threading;1;2.36189784686864;
2;229.056666666667 * time_passes + 14.8233333333332 * jump_threading + 1.46333333333299 * ipsccp;1.15875007458133;1.15875007458133;1.15875007458133;1.15875007458133;0.005829;3;1.46333333333299 * ipsccp;1;0.153905636094338;
Elapsed=00:00:00.0059578
Learning progress:
1;210.44 * time_passes + 33.227083333333 * gvn;0.535775245163388;0.535775245163388;0.535775245163388;0.535775245163388;0.001331;2;33.227083333333 * gvn;1;5.99749427249028;
Elapsed=00:00:00.0014265
Learning progress:
1;233.661111111111 * time_passes + 11.8016666666662 * inline;0.654436005229453;0.654436005229453;0.654436005229453;0.654436005229453;0.001358;2;11.8016666666662 * inline;1;2.51572615906192;
Elapsed=00:00:00.0014494
Learning progress:
1;229.056666666667 * time_passes + 16.3805555555553 * jump_threading;0.188907879480383;0.188907879480383;0.188907879480383;0.188907879480383;0.001333;2;16.3805555555553 * jump_threading;1;2.90537840714463;
Elapsed=00:00:00.0014312
Learning progress:
1;238.365 * time_passes + 7.47499999999977 * jump_threading;7.49274418887871;7.49274418887871;7.49274418887871;7.49274418887871;0.001091;2;7.47499999999977 * jump_threading;1;1.36321084642561;
2;238.365 * time_passes + 6.00766666666657 * jump_threading + 5.13566666666649 * ipsccp;7.18919147745379;7.18919147745379;7.18919147745379;7.18919147745379;0.003869;3;5.13566666666649 * ipsccp;1;0.303552711424916;
Elapsed=00:00:00.0039630
Error of optimal parameters: 1.92901186284372
Optimal parameters abortError:1;minImprovementPerRound:0.1;lossFunction:RELATIVE;quadraticFunctionSupport:True;learn-logFunction:True;learn-asymFunction:True;learn-ratioFunction:True;withHierarchy:False;useBackward:False;
Learning progress:
1;210.44 * time_passes + 33.4903333333331 * gvn;1.06908760379629;1.06908760379629;1.06908760379629;1.06908760379629;0.002165;2;33.4903333333331 * gvn;1;2.05383960488609;
2;210.44 * time_passes + 32.4077777777776 * gvn + 10.8255555555553 * licm;0.859403997355833;0.859403997355833;0.859403997355833;0.859403997355833;0.007901;3;10.8255555555553 * licm;1;0.209683606440453;
Elapsed=00:00:00.0081025
command: clean-global
command: script ./learn_divDistBased_t2MLR.a
command: log ./out_divDistBased_t2PredictionsMLR.log
