Current machine learning settings: epsilon:0 lossFunction:RELATIVE parallelization:True bagging:False baggingNumbers:3 considerEpsilonTube:False baggingTestDataFraction:50 useBackward:False abortError:1 limitFeatureSize:False featureSizeTreshold:4 quadraticFunctionSupport:True crossValidation:False crossValidation-k:5 learn-logFunction:False learn-accumulatedLogFunction:False learn-asymFunction:False learn-ratioFunction:False learn-mirrowedFunction:False learn-numeric-disabled:True numberOfRounds:70 backwardErrorDelta:1 minImprovementPerRound:0.1 withHierarchy:False bruteForceCandidates:False ignoreBadFeatures:False stopOnLongRound:True candidateSizePenalty:True learnTimeLimit:00:00:00 scoreMeasure:RELERROR outputRoundsToStdout:False debug:False pythonInfluenceAnalysis:False blacklisted: 
command: solver z3
command: vm /scratch/kallistos/Distance-Based_Data/SupplementaryWebsite/MeasuredPerformanceValues/Hipacc/FeatureModel.xml
Warning: Variability model contains outdated notation. Children nodes will no longer have effect on the model. Instead use the parent node to describe the parent of an configuration option. You can also use the converter providedby the Variability Model GUI in export>convert legacy model.
Warning: Default value nodes in models are no longer used and should be removed. You can also use the converter provided by the Variability Model GUI in export>convert legacy model to update your model.
command: all /scratch/kallistos/Distance-Based_Data/SupplementaryWebsite/MeasuredPerformanceValues/Hipacc/measurements.xml
Configs with too large deviation: 0
13485 configurations loaded.
command: binary grammar-based numConfigs:50 seed:31
command: printconfigs ./sampledConfigurations_grammarBased_t1.csv
invalid number: 3471 respective config: API, OpenCL, TextureMemory, Linear2D, Blocksize, bs_128x4, padding, padding_0, pixelPerThread, pixelPerThread_4, root
invalid number: 25194 respective config: API, CUDA, TextureMemory, Ldg, LocalMemory, Blocksize, bs_512x2, padding, padding_256, pixelPerThread, pixelPerThread_3, root
invalid number: 4899 respective config: API, OpenCL, TextureMemory, Linear2D, LocalMemory, Blocksize, bs_128x4, padding, padding_0, pixelPerThread, pixelPerThread_4, root
invalid number: 21804 respective config: API, CUDA, TextureMemory, Array2D, LocalMemory, Blocksize, bs_64x4, padding, padding_352, pixelPerThread, pixelPerThread_1, root
invalid number: 20019 respective config: API, CUDA, TextureMemory, Array2D, Blocksize, bs_32x1, padding, padding_192, pixelPerThread, pixelPerThread_4, root
invalid number: 11629 respective config: API, OpenCL, TextureMemory, Blocksize, bs_32x32, padding, padding_0, pixelPerThread, pixelPerThread_2, root
invalid number: 21039 respective config: API, CUDA, TextureMemory, Array2D, Blocksize, bs_32x2, padding, padding_192, pixelPerThread, pixelPerThread_4, root
invalid number: 11511 respective config: API, OpenCL, TextureMemory, Blocksize, bs_32x8, padding, padding_128, pixelPerThread, pixelPerThread_4, root
invalid number: 6783 respective config: API, OpenCL, TextureMemory, Array2D, Blocksize, bs_32x2, padding, padding_384, pixelPerThread, pixelPerThread_4, root
invalid number: 2502 respective config: API, OpenCL, TextureMemory, Linear1D, LocalMemory, Blocksize, bs_32x2, padding, padding_416, pixelPerThread, pixelPerThread_3, root
invalid number: 27046 respective config: API, CUDA, TextureMemory, Blocksize, bs_256x1, padding, padding_384, pixelPerThread, pixelPerThread_3, root
invalid number: 877 respective config: API, OpenCL, TextureMemory, Linear1D, Blocksize, bs_512x1, padding, padding_480, pixelPerThread, pixelPerThread_2, root
invalid number: 8234 respective config: API, OpenCL, TextureMemory, Array2D, LocalMemory, Blocksize, bs_32x4, padding, padding_32, pixelPerThread, pixelPerThread_3, root
invalid number: 4203 respective config: API, OpenCL, TextureMemory, Linear2D, Blocksize, bs_256x1, padding, padding_416, pixelPerThread, pixelPerThread_4, root
invalid number: 6902 respective config: API, OpenCL, TextureMemory, Array2D, Blocksize, bs_64x2, padding, padding_256, pixelPerThread, pixelPerThread_3, root
invalid number: 21785 respective config: API, CUDA, TextureMemory, Array2D, LocalMemory, Blocksize, bs_64x4, padding, padding_192, pixelPerThread, pixelPerThread_2, root
invalid number: 1378 respective config: API, OpenCL, TextureMemory, Linear1D, Blocksize, bs_256x2, padding, padding_128, pixelPerThread, pixelPerThread_3, root
invalid number: 24731 respective config: API, CUDA, TextureMemory, Ldg, LocalMemory, Blocksize, bs_64x16, padding, padding_352, pixelPerThread, pixelPerThread_4, root
invalid number: 27601 respective config: API, CUDA, TextureMemory, LocalMemory, Blocksize, bs_64x16, padding, padding_480, pixelPerThread, pixelPerThread_2, root
invalid number: 16622 respective config: API, CUDA, TextureMemory, Linear1D, LocalMemory, Blocksize, bs_512x2, padding, padding_224, pixelPerThread, pixelPerThread_3, root
invalid number: 19255 respective config: API, CUDA, TextureMemory, Linear2D, LocalMemory, Blocksize, bs_128x8, padding, padding_64, pixelPerThread, pixelPerThread_4, root
invalid number: 20889 respective config: API, CUDA, TextureMemory, Array2D, Blocksize, bs_512x2, padding, padding_96, pixelPerThread, pixelPerThread_2, root
invalid number: 27477 respective config: API, CUDA, TextureMemory, LocalMemory, Blocksize, bs_64x4, padding, padding_32, pixelPerThread, pixelPerThread_2, root
invalid number: 7970 respective config: API, OpenCL, TextureMemory, Array2D, LocalMemory, Blocksize, bs_512x1, padding, padding_96, pixelPerThread, pixelPerThread_3, root
invalid number: 12277 respective config: API, OpenCL, TextureMemory, Blocksize, bs_512x1, padding, padding_288, pixelPerThread, pixelPerThread_2, root
invalid number: 6341 respective config: API, OpenCL, TextureMemory, Array2D, Blocksize, bs_128x4, padding, padding_128, pixelPerThread, pixelPerThread_2, root
invalid number: 1788 respective config: API, OpenCL, TextureMemory, Linear1D, LocalMemory, Blocksize, bs_64x4, padding, padding_160, pixelPerThread, pixelPerThread_1, root
invalid number: 1577 respective config: API, OpenCL, TextureMemory, Linear1D, LocalMemory, Blocksize, bs_32x16, padding, padding_96, pixelPerThread, pixelPerThread_2, root
invalid number: 21329 respective config: API, CUDA, TextureMemory, Array2D, Blocksize, bs_256x1, padding, padding_352, pixelPerThread, pixelPerThread_2, root
invalid number: 21091 respective config: API, CUDA, TextureMemory, Array2D, Blocksize, bs_32x4, padding, padding_64, pixelPerThread, pixelPerThread_4, root
invalid number: 22308 respective config: API, CUDA, TextureMemory, Array2D, LocalMemory, Blocksize, bs_512x2, padding, padding_32, pixelPerThread, pixelPerThread_1, root
invalid number: 7507 respective config: API, OpenCL, TextureMemory, Array2D, LocalMemory, Blocksize, bs_64x4, padding, padding_192, pixelPerThread, pixelPerThread_4, root
invalid number: 10598 respective config: API, OpenCL, TextureMemory, Ldg, LocalMemory, Blocksize, bs_128x2, padding, padding_448, pixelPerThread, pixelPerThread_3, root
invalid number: 6287 respective config: API, OpenCL, TextureMemory, Array2D, Blocksize, bs_128x2, padding, padding_224, pixelPerThread, pixelPerThread_4, root
invalid number: 11523 respective config: API, OpenCL, TextureMemory, Blocksize, bs_32x8, padding, padding_224, pixelPerThread, pixelPerThread_4, root
invalid number: 5353 respective config: API, OpenCL, TextureMemory, Linear2D, LocalMemory, Blocksize, bs_32x2, padding, padding_384, pixelPerThread, pixelPerThread_2, root
invalid number: 5960 respective config: API, OpenCL, TextureMemory, Array2D, Blocksize, bs_32x32, padding, padding_352, pixelPerThread, pixelPerThread_1, root
invalid number: 11921 respective config: API, OpenCL, TextureMemory, Blocksize, bs_128x1, padding, padding_160, pixelPerThread, pixelPerThread_2, root
invalid number: 148 respective config: API, OpenCL, TextureMemory, Linear1D, Blocksize, bs_32x16, padding, padding_96, pixelPerThread, pixelPerThread_1, root
invalid number: 21229 respective config: API, CUDA, TextureMemory, Array2D, Blocksize, bs_64x8, padding, padding_96, pixelPerThread, pixelPerThread_2, root
invalid number: 10259 respective config: API, OpenCL, TextureMemory, Ldg, LocalMemory, Blocksize, bs_32x32, padding, padding_448, pixelPerThread, pixelPerThread_4, root
invalid number: 10538 respective config: API, OpenCL, TextureMemory, Ldg, LocalMemory, Blocksize, bs_128x1, padding, padding_512, pixelPerThread, pixelPerThread_3, root
invalid number: 835 respective config: API, OpenCL, TextureMemory, Linear1D, Blocksize, bs_512x1, padding, padding_128, pixelPerThread, pixelPerThread_4, root
invalid number: 11209 respective config: API, OpenCL, TextureMemory, Ldg, LocalMemory, Blocksize, bs_64x2, padding, padding_448, pixelPerThread, pixelPerThread_2, root
invalid number: 22445 respective config: API, CUDA, TextureMemory, Array2D, LocalMemory, Blocksize, bs_32x2, padding, padding_32, pixelPerThread, pixelPerThread_2, root
invalid number: 4258 respective config: API, OpenCL, TextureMemory, Linear2D, Blocksize, bs_256x2, padding, padding_320, pixelPerThread, pixelPerThread_3, root
invalid number: 10373 respective config: API, OpenCL, TextureMemory, Ldg, LocalMemory, Blocksize, bs_64x4, padding, padding_288, pixelPerThread, pixelPerThread_2, root
invalid number: 1688 respective config: API, OpenCL, TextureMemory, Linear1D, LocalMemory, Blocksize, bs_32x32, padding, padding_448, pixelPerThread, pixelPerThread_1, root
invalid number: 10776 respective config: API, OpenCL, TextureMemory, Ldg, LocalMemory, Blocksize, bs_256x4, padding, padding_256, pixelPerThread, pixelPerThread_1, root
invalid number: 20678 respective config: API, CUDA, TextureMemory, Array2D, Blocksize, bs_128x8, padding, padding_32, pixelPerThread, pixelPerThread_3, root
invalid number: 22201 respective config: API, CUDA, TextureMemory, Array2D, LocalMemory, Blocksize, bs_256x4, padding, padding_256, pixelPerThread, pixelPerThread_2, root
invalid number: 27700 respective config: API, CUDA, TextureMemory, LocalMemory, Blocksize, bs_128x2, padding, padding_192, pixelPerThread, pixelPerThread_1, root
invalid number: 6999 respective config: API, OpenCL, TextureMemory, Array2D, Blocksize, bs_64x8, padding, padding_480, pixelPerThread, pixelPerThread_4, root
invalid number: 8398 respective config: API, OpenCL, TextureMemory, Array2D, LocalMemory, Blocksize, bs_64x8, padding, padding_256, pixelPerThread, pixelPerThread_3, root
invalid number: 2200 respective config: API, OpenCL, TextureMemory, Linear1D, LocalMemory, Blocksize, bs_256x4, padding, padding_192, pixelPerThread, pixelPerThread_1, root
invalid number: 7290 respective config: API, OpenCL, TextureMemory, Array2D, LocalMemory, Blocksize, bs_32x16, padding, padding_96, pixelPerThread, pixelPerThread_3, root
invalid number: 22610 respective config: API, CUDA, TextureMemory, Array2D, LocalMemory, Blocksize, bs_64x2, padding, padding_256, pixelPerThread, pixelPerThread_3, root
invalid number: 7857 respective config: API, OpenCL, TextureMemory, Array2D, LocalMemory, Blocksize, bs_128x8, padding, padding_288, pixelPerThread, pixelPerThread_2, root
invalid number: 11076 respective config: API, OpenCL, TextureMemory, Ldg, LocalMemory, Blocksize, bs_32x2, padding, padding_480, pixelPerThread, pixelPerThread_1, root
invalid number: 4 respective config: API, OpenCL, TextureMemory, Linear1D, Blocksize, bs_32x1, padding, padding_32, pixelPerThread, pixelPerThread_1, root
invalid number: 997 respective config: API, OpenCL, TextureMemory, Linear1D, Blocksize, bs_1024x1, padding, padding_352, pixelPerThread, pixelPerThread_2, root
invalid number: 6526 respective config: API, OpenCL, TextureMemory, Array2D, Blocksize, bs_256x4, padding, padding_512, pixelPerThread, pixelPerThread_3, root
invalid number: 1826 respective config: API, OpenCL, TextureMemory, Linear1D, LocalMemory, Blocksize, bs_64x4, padding, padding_448, pixelPerThread, pixelPerThread_3, root
invalid number: 11688 respective config: API, OpenCL, TextureMemory, Blocksize, bs_32x32, padding, padding_480, pixelPerThread, pixelPerThread_1, root
invalid number: 1884 respective config: API, OpenCL, TextureMemory, Linear1D, LocalMemory, Blocksize, bs_64x16, padding, padding_384, pixelPerThread, pixelPerThread_1, root
invalid number: 9913 respective config: API, OpenCL, TextureMemory, Ldg, Blocksize, bs_256x1, padding, padding_416, pixelPerThread, pixelPerThread_2, root
invalid number: 14211 respective config: API, OpenCL, TextureMemory, LocalMemory, Blocksize, bs_256x1, padding, padding_512, pixelPerThread, pixelPerThread_4, root
invalid number: 1414 respective config: API, OpenCL, TextureMemory, Linear1D, Blocksize, bs_256x2, padding, padding_416, pixelPerThread, pixelPerThread_3, root
invalid number: 26763 respective config: API, CUDA, TextureMemory, Blocksize, bs_32x2, padding, padding_288, pixelPerThread, pixelPerThread_4, root
invalid number: 6036 respective config: API, OpenCL, TextureMemory, Array2D, Blocksize, bs_64x1, padding, padding_416, pixelPerThread, pixelPerThread_1, root
invalid number: 4535 respective config: API, OpenCL, TextureMemory, Linear2D, LocalMemory, Blocksize, bs_32x32, padding, padding_352, pixelPerThread, pixelPerThread_4, root
invalid number: 7217 respective config: API, OpenCL, TextureMemory, Array2D, LocalMemory, Blocksize, bs_32x8, padding, padding_64, pixelPerThread, pixelPerThread_2, root
invalid number: 9849 respective config: API, OpenCL, TextureMemory, Ldg, Blocksize, bs_64x8, padding, padding_448, pixelPerThread, pixelPerThread_2, root
invalid number: 11485 respective config: API, OpenCL, TextureMemory, Blocksize, bs_32x1, padding, padding_480, pixelPerThread, pixelPerThread_2, root
invalid number: 11555 respective config: API, OpenCL, TextureMemory, Blocksize, bs_32x8, padding, padding_480, pixelPerThread, pixelPerThread_4, root
invalid number: 11984 respective config: API, OpenCL, TextureMemory, Blocksize, bs_128x2, padding, padding_128, pixelPerThread, pixelPerThread_1, root
invalid number: 27296 respective config: API, CUDA, TextureMemory, LocalMemory, Blocksize, bs_32x16, padding, padding_224, pixelPerThread, pixelPerThread_1, root
invalid number: 16491 respective config: API, CUDA, TextureMemory, Linear1D, LocalMemory, Blocksize, bs_256x4, padding, padding_256, pixelPerThread, pixelPerThread_4, root
invalid number: 11986 respective config: API, OpenCL, TextureMemory, Blocksize, bs_128x2, padding, padding_128, pixelPerThread, pixelPerThread_3, root
invalid number: 12943 respective config: API, OpenCL, TextureMemory, LocalMemory, Blocksize, bs_32x8, padding, padding_160, pixelPerThread, pixelPerThread_4, root
invalid number: 2944 respective config: API, OpenCL, TextureMemory, Linear2D, Blocksize, bs_32x8, padding, padding_160, pixelPerThread, pixelPerThread_1, root
invalid number: 28243 respective config: API, CUDA, TextureMemory, LocalMemory, Blocksize, bs_32x4, padding, padding_160, pixelPerThread, pixelPerThread_4, root
invalid number: 20912 respective config: API, CUDA, TextureMemory, Array2D, Blocksize, bs_512x2, padding, padding_288, pixelPerThread, pixelPerThread_1, root
invalid number: 3451 respective config: API, OpenCL, TextureMemory, Linear2D, Blocksize, bs_128x2, padding, padding_384, pixelPerThread, pixelPerThread_4, root
invalid number: 6281 respective config: API, OpenCL, TextureMemory, Array2D, Blocksize, bs_128x2, padding, padding_192, pixelPerThread, pixelPerThread_2, root
invalid number: 10941 respective config: API, OpenCL, TextureMemory, Ldg, LocalMemory, Blocksize, bs_512x2, padding, padding_480, pixelPerThread, pixelPerThread_2, root
invalid number: 11517 respective config: API, OpenCL, TextureMemory, Blocksize, bs_32x8, padding, padding_192, pixelPerThread, pixelPerThread_2, root
invalid number: 51 respective config: API, OpenCL, TextureMemory, Linear1D, Blocksize, bs_32x1, padding, padding_384, pixelPerThread, pixelPerThread_4, root
invalid number: 27468 respective config: API, CUDA, TextureMemory, LocalMemory, Blocksize, bs_64x1, padding, padding_512, pixelPerThread, pixelPerThread_1, root
invalid number: 12263 respective config: API, OpenCL, TextureMemory, Blocksize, bs_512x1, padding, padding_160, pixelPerThread, pixelPerThread_4, root
invalid number: 3693 respective config: API, OpenCL, TextureMemory, Linear2D, Blocksize, bs_512x1, padding, padding_160, pixelPerThread, pixelPerThread_2, root
invalid number: 13066 respective config: API, OpenCL, TextureMemory, LocalMemory, Blocksize, bs_32x32, padding, padding_64, pixelPerThread, pixelPerThread_3, root
invalid number: 7428 respective config: API, OpenCL, TextureMemory, Array2D, LocalMemory, Blocksize, bs_64x1, padding, padding_128, pixelPerThread, pixelPerThread_1, root
invalid number: 14023 respective config: API, OpenCL, TextureMemory, LocalMemory, Blocksize, bs_64x2, padding, padding_96, pixelPerThread, pixelPerThread_4, root
invalid number: 26566 respective config: API, CUDA, TextureMemory, Blocksize, bs_512x1, padding, padding_352, pixelPerThread, pixelPerThread_3, root
invalid number: 8455 respective config: API, OpenCL, TextureMemory, Array2D, LocalMemory, Blocksize, bs_256x1, padding, padding_160, pixelPerThread, pixelPerThread_4, root
invalid number: 11683 respective config: API, OpenCL, TextureMemory, Blocksize, bs_32x32, padding, padding_416, pixelPerThread, pixelPerThread_4, root
invalid number: 4097 respective config: API, OpenCL, TextureMemory, Linear2D, Blocksize, bs_64x8, padding, padding_128, pixelPerThread, pixelPerThread_2, root
invalid number: 20902 respective config: API, CUDA, TextureMemory, Array2D, Blocksize, bs_512x2, padding, padding_192, pixelPerThread, pixelPerThread_3, root
invalid number: 13545 respective config: API, OpenCL, TextureMemory, LocalMemory, Blocksize, bs_128x8, padding, padding_96, pixelPerThread, pixelPerThread_2, root
invalid number: 12777 respective config: API, OpenCL, TextureMemory, Blocksize, bs_256x1, padding, padding_480, pixelPerThread, pixelPerThread_2, root
invalid number: 111 respective config: API, OpenCL, TextureMemory, Linear1D, Blocksize, bs_32x8, padding, padding_320, pixelPerThread, pixelPerThread_4, root
invalid number: 1819 respective config: API, OpenCL, TextureMemory, Linear1D, LocalMemory, Blocksize, bs_64x4, padding, padding_384, pixelPerThread, pixelPerThread_4, root
invalid number: 7778 respective config: API, OpenCL, TextureMemory, Array2D, LocalMemory, Blocksize, bs_128x4, padding, padding_192, pixelPerThread, pixelPerThread_3, root
invalid number: 440 respective config: API, OpenCL, TextureMemory, Linear1D, Blocksize, bs_64x16, padding, padding_256, pixelPerThread, pixelPerThread_1, root
invalid number: 8627 respective config: API, OpenCL, TextureMemory, Ldg, Blocksize, bs_32x1, padding, padding_448, pixelPerThread, pixelPerThread_4, root
invalid number: 4987 respective config: API, OpenCL, TextureMemory, Linear2D, LocalMemory, Blocksize, bs_128x8, padding, padding_160, pixelPerThread, pixelPerThread_4, root
invalid number: 28512 respective config: API, CUDA, TextureMemory, LocalMemory, Blocksize, bs_256x2, padding, padding_160, pixelPerThread, pixelPerThread_1, root
invalid number: 6173 respective config: API, OpenCL, TextureMemory, Array2D, Blocksize, bs_64x16, padding, padding_416, pixelPerThread, pixelPerThread_2, root
invalid number: 27743 respective config: API, CUDA, TextureMemory, LocalMemory, Blocksize, bs_128x2, padding, padding_512, pixelPerThread, pixelPerThread_4, root
invalid number: 1172 respective config: API, OpenCL, TextureMemory, Linear1D, Blocksize, bs_64x2, padding, padding_128, pixelPerThread, pixelPerThread_1, root
invalid number: 20226 respective config: API, CUDA, TextureMemory, Array2D, Blocksize, bs_32x32, padding, padding_224, pixelPerThread, pixelPerThread_3, root
invalid number: 9108 respective config: API, OpenCL, TextureMemory, Ldg, Blocksize, bs_128x1, padding, padding_512, pixelPerThread, pixelPerThread_1, root
invalid number: 3215 respective config: API, OpenCL, TextureMemory, Linear2D, Blocksize, bs_64x4, padding, padding_128, pixelPerThread, pixelPerThread_4, root
invalid number: 1020 respective config: API, OpenCL, TextureMemory, Linear1D, Blocksize, bs_32x2, padding, padding_0, pixelPerThread, pixelPerThread_1, root
invalid number: 10535 respective config: API, OpenCL, TextureMemory, Ldg, LocalMemory, Blocksize, bs_128x1, padding, padding_480, pixelPerThread, pixelPerThread_4, root
invalid number: 3382 respective config: API, OpenCL, TextureMemory, Linear2D, Blocksize, bs_128x1, padding, padding_384, pixelPerThread, pixelPerThread_3, root
invalid number: 1529 respective config: API, OpenCL, TextureMemory, Linear1D, LocalMemory, Blocksize, bs_32x8, padding, padding_256, pixelPerThread, pixelPerThread_2, root
invalid number: 2340 respective config: API, OpenCL, TextureMemory, Linear1D, LocalMemory, Blocksize, bs_512x2, padding, padding_224, pixelPerThread, pixelPerThread_1, root
invalid number: 13042 respective config: API, OpenCL, TextureMemory, LocalMemory, Blocksize, bs_32x16, padding, padding_416, pixelPerThread, pixelPerThread_3, root
invalid number: 10008 respective config: API, OpenCL, TextureMemory, Ldg, LocalMemory, Blocksize, bs_32x1, padding, padding_96, pixelPerThread, pixelPerThread_1, root
invalid number: 25071 respective config: API, CUDA, TextureMemory, Ldg, LocalMemory, Blocksize, bs_256x4, padding, padding_352, pixelPerThread, pixelPerThread_4, root
invalid number: 5231 respective config: API, OpenCL, TextureMemory, Linear2D, LocalMemory, Blocksize, bs_512x2, padding, padding_480, pixelPerThread, pixelPerThread_4, root
invalid number: 1875 respective config: API, OpenCL, TextureMemory, Linear1D, LocalMemory, Blocksize, bs_64x16, padding, padding_288, pixelPerThread, pixelPerThread_4, root
invalid number: 22694 respective config: API, CUDA, TextureMemory, Array2D, LocalMemory, Blocksize, bs_64x8, padding, padding_384, pixelPerThread, pixelPerThread_3, root
invalid number: 232 respective config: API, OpenCL, TextureMemory, Linear1D, Blocksize, bs_32x32, padding, padding_224, pixelPerThread, pixelPerThread_1, root
invalid number: 1489 respective config: API, OpenCL, TextureMemory, Linear1D, LocalMemory, Blocksize, bs_32x1, padding, padding_480, pixelPerThread, pixelPerThread_2, root
invalid number: 403 respective config: API, OpenCL, TextureMemory, Linear1D, Blocksize, bs_64x4, padding, padding_480, pixelPerThread, pixelPerThread_4, root
invalid number: 6217 respective config: API, OpenCL, TextureMemory, Array2D, Blocksize, bs_128x1, padding, padding_224, pixelPerThread, pixelPerThread_2, root
invalid number: 22701 respective config: API, CUDA, TextureMemory, Array2D, LocalMemory, Blocksize, bs_64x8, padding, padding_448, pixelPerThread, pixelPerThread_2, root
invalid number: 27307 respective config: API, CUDA, TextureMemory, LocalMemory, Blocksize, bs_32x16, padding, padding_288, pixelPerThread, pixelPerThread_4, root
ConfigurationSampling done in 1688 ms
28560
LocalMemory ::= (ε, 1) | (LocalMemory, 1) Symbolkind: TERMINAL
root ::= (API, 2)   (TextureMemory, 5)   (LocalMemory, 2)   (Blocksize, 21)   (padding, 17)   (pixelPerThread, 4) Symbolkind: NONTERMINAL
API ::= (OpenCL, 1) | (CUDA, 1) Symbolkind: TERMINAL
TextureMemoryInvis ::= (ε, 1) Symbolkind: TERMINAL
TextureMemory ::= (Linear1D, 1) | (Linear2D, 1) | (Array2D, 1) | (Ldg, 1) | (TextureMemoryInvis, 1) Symbolkind: TERMINAL
Blocksize ::= (bs_32x1, 1) | (bs_32x8, 1) | (bs_32x16, 1) | (bs_32x32, 1) | (bs_64x1, 1) | (bs_64x4, 1) | (bs_64x16, 1) | (bs_128x1, 1) | (bs_128x2, 1) | (bs_128x4, 1) | (bs_128x8, 1) | (bs_256x4, 1) | (bs_512x1, 1) | (bs_512x2, 1) | (bs_1024x1, 1) | (bs_32x2, 1) | (bs_32x4, 1) | (bs_64x2, 1) | (bs_64x8, 1) | (bs_256x1, 1) | (bs_256x2, 1) Symbolkind: TERMINAL
padding ::= (padding_0, 1) | (padding_32, 1) | (padding_64, 1) | (padding_96, 1) | (padding_128, 1) | (padding_160, 1) | (padding_192, 1) | (padding_224, 1) | (padding_256, 1) | (padding_288, 1) | (padding_320, 1) | (padding_352, 1) | (padding_384, 1) | (padding_416, 1) | (padding_448, 1) | (padding_480, 1) | (padding_512, 1) Symbolkind: TERMINAL
pixelPerThread ::= (pixelPerThread_1, 1) | (pixelPerThread_2, 1) | (pixelPerThread_3, 1) | (pixelPerThread_4, 1) Symbolkind: TERMINAL

command: clean-sampling
command: clean-global
command: script ./learn_grammarBased_t2.a
command: log ./out_grammarBased_t2.log
