Current machine learning settings: epsilon:0 lossFunction:RELATIVE parallelization:True bagging:False baggingNumbers:3 considerEpsilonTube:False baggingTestDataFraction:50 useBackward:False abortError:1 limitFeatureSize:False featureSizeTreshold:4 quadraticFunctionSupport:True crossValidation:False crossValidation-k:5 learn-logFunction:False learn-accumulatedLogFunction:False learn-asymFunction:False learn-ratioFunction:False learn-mirrowedFunction:False learn-numeric-disabled:True numberOfRounds:70 backwardErrorDelta:1 minImprovementPerRound:0.1 withHierarchy:False bruteForceCandidates:False ignoreBadFeatures:False stopOnLongRound:True candidateSizePenalty:True learnTimeLimit:00:00:00 scoreMeasure:RELERROR outputRoundsToStdout:False debug:False pythonInfluenceAnalysis:False blacklisted: 
command: solver z3
command: vm /scratch/kallistos/Distance-Based_Data/SupplementaryWebsite/MeasuredPerformanceValues/LLVM/FeatureModel.xml
Warning: Variability model contains outdated notation. Children nodes will no longer have effect on the model. Instead use the parent node to describe the parent of an configuration option. You can also use the converter providedby the Variability Model GUI in export>convert legacy model.
command: all /scratch/kallistos/Distance-Based_Data/SupplementaryWebsite/MeasuredPerformanceValues/LLVM/measurements.xml
Configs with too large deviation: 0
1024 configurations loaded.
command: nfp Performance
command: setsampleset /scratch/kallistos/Distance-Based_Data/Results/LLVM/LLVM_38/sampledConfigurations_solverBased_t1.csv
command: learn-splconqueror-opt abortError=[1] minImprovementPerRound=[0.1,0.2,0.5] lossFunction=[RELATIVE] quadraticFunctionSupport=[True,False] learn_logFunction=[True,False] learn_asymFunction=[True,False] learn_ratioFunction=[True,False] withHierarchy=[False] useBackward=[False]
Learning: NumberOfConfigurationsLearning:11 NumberOfConfigurationsValidation:11
Learning progress:
1;204.571666666666 * time_passes + 8.07499999999996 * inline;1.56416288899057;1.56416288899057;1.56416288899057;1.56416288899057;0.041747;2;8.07499999999996 * inline;1;2.79855661332212;
2;208.193333333333 * time_passes + 4.45333333333302 * inline + -5.43250000000044 * ipsccp;1.56416288899053;1.56416288899053;1.56416288899053;1.56416288899053;0.045057;3;-5.43250000000044 * ipsccp;1;3.97459842815806E-14;
Elapsed=00:00:00.0464354
Learning progress:
1;213.232777777778 * time_passes + -9.53611111111135 * ipsccp;1.59960852590945;1.59960852590945;1.59960852590945;1.59960852590945;0.000639;2;-9.53611111111135 * ipsccp;1;2.32227261117888;
2;213.105 * time_passes + -9.60000000000014 * ipsccp + 0.191666666666535 * simplifycfg;1.52132100639111;1.52132100639111;1.52132100639111;1.52132100639111;0.00232;3;0.191666666666535 * simplifycfg;1;0.0782875195183337;
Elapsed=00:00:00.0023932
Learning progress:
1;204.296666666666 * time_passes + 9.97250000000003 * inline;0.886824360041297;0.886824360041297;0.886824360041297;0.886824360041297;0.000822;2;9.97250000000003 * inline;1;1.61099858724432;
Elapsed=00:00:00.0008903
Learning progress:
1;212.833809523809 * time_passes + -10.3754761904764 * ipsccp;0.603939842549767;0.603939842549767;0.603939842549767;0.603939842549767;0.000625;2;-10.3754761904764 * ipsccp;1;3.61860073451054;
Elapsed=00:00:00.0006996
Learning progress:
1;211.672777777778 * time_passes + -6.01944444444467 * print_used_types;0.827134243055255;0.827134243055255;0.827134243055255;0.827134243055255;0.000668;2;-6.01944444444467 * print_used_types;1;1.01365960265775;
Elapsed=00:00:00.0007384
Learning progress:
1;204.571666666666 * time_passes + 8.07499999999996 * inline;1.56416288899057;1.56416288899057;1.56416288899057;1.56416288899057;0.000774;2;8.07499999999996 * inline;1;2.79855661332212;
2;208.193333333333 * time_passes + 4.45333333333302 * inline + -5.43250000000044 * ipsccp;1.56416288899053;1.56416288899053;1.56416288899053;1.56416288899053;0.002217;3;-5.43250000000044 * ipsccp;1;3.97459842815806E-14;
Elapsed=00:00:00.0023001
Learning progress:
1;213.232777777778 * time_passes + -9.53611111111135 * ipsccp;1.59960852590945;1.59960852590945;1.59960852590945;1.59960852590945;0.000686;2;-9.53611111111135 * ipsccp;1;2.32227261117888;
2;213.105 * time_passes + -9.60000000000014 * ipsccp + 0.191666666666535 * simplifycfg;1.52132100639111;1.52132100639111;1.52132100639111;1.52132100639111;0.002169;3;0.191666666666535 * simplifycfg;1;0.0782875195183337;
Elapsed=00:00:00.0022417
Learning progress:
1;204.296666666666 * time_passes + 9.97250000000003 * inline;0.886824360041297;0.886824360041297;0.886824360041297;0.886824360041297;0.000701;2;9.97250000000003 * inline;1;1.61099858724432;
Elapsed=00:00:00.0007682
Learning progress:
1;212.833809523809 * time_passes + -10.3754761904764 * ipsccp;0.603939842549767;0.603939842549767;0.603939842549767;0.603939842549767;0.000593;2;-10.3754761904764 * ipsccp;1;3.61860073451054;
Elapsed=00:00:00.0006650
Learning progress:
1;211.672777777778 * time_passes + -6.01944444444467 * print_used_types;0.827134243055255;0.827134243055255;0.827134243055255;0.827134243055255;0.000627;2;-6.01944444444467 * print_used_types;1;1.01365960265775;
Elapsed=00:00:00.0006962
Learning progress:
1;204.571666666666 * time_passes + 8.07499999999996 * inline;1.56416288899057;1.56416288899057;1.56416288899057;1.56416288899057;0.000698;2;8.07499999999996 * inline;1;2.79855661332212;
2;208.193333333333 * time_passes + 4.45333333333302 * inline + -5.43250000000044 * ipsccp;1.56416288899053;1.56416288899053;1.56416288899053;1.56416288899053;0.00213;3;-5.43250000000044 * ipsccp;1;3.97459842815806E-14;
Elapsed=00:00:00.0022119
Learning progress:
1;213.232777777778 * time_passes + -9.53611111111135 * ipsccp;1.59960852590945;1.59960852590945;1.59960852590945;1.59960852590945;0.000642;2;-9.53611111111135 * ipsccp;1;2.32227261117888;
2;213.105 * time_passes + -9.60000000000014 * ipsccp + 0.191666666666535 * simplifycfg;1.52132100639111;1.52132100639111;1.52132100639111;1.52132100639111;0.002625;3;0.191666666666535 * simplifycfg;1;0.0782875195183337;
Elapsed=00:00:00.0026986
Learning progress:
1;204.296666666666 * time_passes + 9.97250000000003 * inline;0.886824360041297;0.886824360041297;0.886824360041297;0.886824360041297;0.000698;2;9.97250000000003 * inline;1;1.61099858724432;
Elapsed=00:00:00.0007655
Learning progress:
1;212.833809523809 * time_passes + -10.3754761904764 * ipsccp;0.603939842549767;0.603939842549767;0.603939842549767;0.603939842549767;0.000587;2;-10.3754761904764 * ipsccp;1;3.61860073451054;
Elapsed=00:00:00.0006588
Learning progress:
1;211.672777777778 * time_passes + -6.01944444444467 * print_used_types;0.827134243055255;0.827134243055255;0.827134243055255;0.827134243055255;0.000738;2;-6.01944444444467 * print_used_types;1;1.01365960265775;
Elapsed=00:00:00.0008110
Learning progress:
1;204.571666666666 * time_passes + 8.07499999999996 * inline;1.56416288899057;1.56416288899057;1.56416288899057;1.56416288899057;0.000736;2;8.07499999999996 * inline;1;2.79855661332212;
2;208.193333333333 * time_passes + 4.45333333333302 * inline + -5.43250000000044 * ipsccp;1.56416288899053;1.56416288899053;1.56416288899053;1.56416288899053;0.002212;3;-5.43250000000044 * ipsccp;1;3.97459842815806E-14;
Elapsed=00:00:00.0022950
Learning progress:
1;213.232777777778 * time_passes + -9.53611111111135 * ipsccp;1.59960852590945;1.59960852590945;1.59960852590945;1.59960852590945;0.00075;2;-9.53611111111135 * ipsccp;1;2.32227261117888;
2;213.105 * time_passes + -9.60000000000014 * ipsccp + 0.191666666666535 * simplifycfg;1.52132100639111;1.52132100639111;1.52132100639111;1.52132100639111;0.002175;3;0.191666666666535 * simplifycfg;1;0.0782875195183337;
Elapsed=00:00:00.0022459
Learning progress:
1;204.296666666666 * time_passes + 9.97250000000003 * inline;0.886824360041297;0.886824360041297;0.886824360041297;0.886824360041297;0.001189;2;9.97250000000003 * inline;1;1.61099858724432;
Elapsed=00:00:00.0012568
Learning progress:
1;212.833809523809 * time_passes + -10.3754761904764 * ipsccp;0.603939842549767;0.603939842549767;0.603939842549767;0.603939842549767;0.000573;2;-10.3754761904764 * ipsccp;1;3.61860073451054;
Elapsed=00:00:00.0006464
Learning progress:
1;211.672777777778 * time_passes + -6.01944444444467 * print_used_types;0.827134243055255;0.827134243055255;0.827134243055255;0.827134243055255;0.000681;2;-6.01944444444467 * print_used_types;1;1.01365960265775;
Elapsed=00:00:00.0007494
Learning progress:
1;204.571666666666 * time_passes + 8.07499999999996 * inline;1.56416288899057;1.56416288899057;1.56416288899057;1.56416288899057;0.000739;2;8.07499999999996 * inline;1;2.79855661332212;
2;208.193333333333 * time_passes + 4.45333333333302 * inline + -5.43250000000044 * ipsccp;1.56416288899053;1.56416288899053;1.56416288899053;1.56416288899053;0.002197;3;-5.43250000000044 * ipsccp;1;3.97459842815806E-14;
Elapsed=00:00:00.0022789
Learning progress:
1;213.232777777778 * time_passes + -9.53611111111135 * ipsccp;1.59960852590945;1.59960852590945;1.59960852590945;1.59960852590945;0.000557;2;-9.53611111111135 * ipsccp;1;2.32227261117888;
2;213.105 * time_passes + -9.60000000000014 * ipsccp + 0.191666666666535 * simplifycfg;1.52132100639111;1.52132100639111;1.52132100639111;1.52132100639111;0.002081;3;0.191666666666535 * simplifycfg;1;0.0782875195183337;
Elapsed=00:00:00.0021575
Learning progress:
1;204.296666666666 * time_passes + 9.97250000000003 * inline;0.886824360041297;0.886824360041297;0.886824360041297;0.886824360041297;0.000689;2;9.97250000000003 * inline;1;1.61099858724432;
Elapsed=00:00:00.0007572
Learning progress:
1;212.833809523809 * time_passes + -10.3754761904764 * ipsccp;0.603939842549767;0.603939842549767;0.603939842549767;0.603939842549767;0.000685;2;-10.3754761904764 * ipsccp;1;3.61860073451054;
Elapsed=00:00:00.0007606
Learning progress:
1;211.672777777778 * time_passes + -6.01944444444467 * print_used_types;0.827134243055255;0.827134243055255;0.827134243055255;0.827134243055255;0.000734;2;-6.01944444444467 * print_used_types;1;1.01365960265775;
Elapsed=00:00:00.0008041
Learning progress:
1;204.571666666666 * time_passes + 8.07499999999996 * inline;1.56416288899057;1.56416288899057;1.56416288899057;1.56416288899057;0.000602;2;8.07499999999996 * inline;1;2.79855661332212;
2;208.193333333333 * time_passes + 4.45333333333302 * inline + -5.43250000000044 * ipsccp;1.56416288899053;1.56416288899053;1.56416288899053;1.56416288899053;0.001983;3;-5.43250000000044 * ipsccp;1;3.97459842815806E-14;
Elapsed=00:00:00.0020649
Learning progress:
1;213.232777777778 * time_passes + -9.53611111111135 * ipsccp;1.59960852590945;1.59960852590945;1.59960852590945;1.59960852590945;0.000579;2;-9.53611111111135 * ipsccp;1;2.32227261117888;
2;213.105 * time_passes + -9.60000000000014 * ipsccp + 0.191666666666535 * simplifycfg;1.52132100639111;1.52132100639111;1.52132100639111;1.52132100639111;0.002034;3;0.191666666666535 * simplifycfg;1;0.0782875195183337;
Elapsed=00:00:00.0021055
Learning progress:
1;204.296666666666 * time_passes + 9.97250000000003 * inline;0.886824360041297;0.886824360041297;0.886824360041297;0.886824360041297;0.000685;2;9.97250000000003 * inline;1;1.61099858724432;
Elapsed=00:00:00.0007511
Learning progress:
1;212.833809523809 * time_passes + -10.3754761904764 * ipsccp;0.603939842549767;0.603939842549767;0.603939842549767;0.603939842549767;0.000697;2;-10.3754761904764 * ipsccp;1;3.61860073451054;
Elapsed=00:00:00.0007697
Learning progress:
1;211.672777777778 * time_passes + -6.01944444444467 * print_used_types;0.827134243055255;0.827134243055255;0.827134243055255;0.827134243055255;0.000662;2;-6.01944444444467 * print_used_types;1;1.01365960265775;
Elapsed=00:00:00.0007303
Learning progress:
1;204.571666666666 * time_passes + 8.07499999999996 * inline;1.56416288899057;1.56416288899057;1.56416288899057;1.56416288899057;0.000737;2;8.07499999999996 * inline;1;2.79855661332212;
2;208.193333333333 * time_passes + 4.45333333333302 * inline + -5.43250000000044 * ipsccp;1.56416288899053;1.56416288899053;1.56416288899053;1.56416288899053;0.002123;3;-5.43250000000044 * ipsccp;1;3.97459842815806E-14;
Elapsed=00:00:00.0022048
Learning progress:
1;213.232777777778 * time_passes + -9.53611111111135 * ipsccp;1.59960852590945;1.59960852590945;1.59960852590945;1.59960852590945;0.000639;2;-9.53611111111135 * ipsccp;1;2.32227261117888;
2;213.105 * time_passes + -9.60000000000014 * ipsccp + 0.191666666666535 * simplifycfg;1.52132100639111;1.52132100639111;1.52132100639111;1.52132100639111;0.002093;3;0.191666666666535 * simplifycfg;1;0.0782875195183337;
Elapsed=00:00:00.0021794
Learning progress:
1;204.296666666666 * time_passes + 9.97250000000003 * inline;0.886824360041297;0.886824360041297;0.886824360041297;0.886824360041297;0.000697;2;9.97250000000003 * inline;1;1.61099858724432;
Elapsed=00:00:00.0007645
Learning progress:
1;212.833809523809 * time_passes + -10.3754761904764 * ipsccp;0.603939842549767;0.603939842549767;0.603939842549767;0.603939842549767;0.000675;2;-10.3754761904764 * ipsccp;1;3.61860073451054;
Elapsed=00:00:00.0007470
Learning progress:
1;211.672777777778 * time_passes + -6.01944444444467 * print_used_types;0.827134243055255;0.827134243055255;0.827134243055255;0.827134243055255;0.000705;2;-6.01944444444467 * print_used_types;1;1.01365960265775;
Elapsed=00:00:00.0007732
Learning progress:
1;204.571666666666 * time_passes + 8.07499999999996 * inline;1.56416288899057;1.56416288899057;1.56416288899057;1.56416288899057;0.000692;2;8.07499999999996 * inline;1;2.79855661332212;
2;208.193333333333 * time_passes + 4.45333333333302 * inline + -5.43250000000044 * ipsccp;1.56416288899053;1.56416288899053;1.56416288899053;1.56416288899053;0.002704;3;-5.43250000000044 * ipsccp;1;3.97459842815806E-14;
Elapsed=00:00:00.0027865
Learning progress:
1;213.232777777778 * time_passes + -9.53611111111135 * ipsccp;1.59960852590945;1.59960852590945;1.59960852590945;1.59960852590945;0.000661;2;-9.53611111111135 * ipsccp;1;2.32227261117888;
2;213.105 * time_passes + -9.60000000000014 * ipsccp + 0.191666666666535 * simplifycfg;1.52132100639111;1.52132100639111;1.52132100639111;1.52132100639111;0.00212;3;0.191666666666535 * simplifycfg;1;0.0782875195183337;
Elapsed=00:00:00.0021926
Learning progress:
1;204.296666666666 * time_passes + 9.97250000000003 * inline;0.886824360041297;0.886824360041297;0.886824360041297;0.886824360041297;0.000724;2;9.97250000000003 * inline;1;1.61099858724432;
Elapsed=00:00:00.0007952
Learning progress:
1;212.833809523809 * time_passes + -10.3754761904764 * ipsccp;0.603939842549767;0.603939842549767;0.603939842549767;0.603939842549767;0.000586;2;-10.3754761904764 * ipsccp;1;3.61860073451054;
Elapsed=00:00:00.0006581
Learning progress:
1;211.672777777778 * time_passes + -6.01944444444467 * print_used_types;0.827134243055255;0.827134243055255;0.827134243055255;0.827134243055255;0.000648;2;-6.01944444444467 * print_used_types;1;1.01365960265775;
Elapsed=00:00:00.0007164
Learning progress:
1;204.571666666666 * time_passes + 8.07499999999996 * inline;1.56416288899057;1.56416288899057;1.56416288899057;1.56416288899057;0.000748;2;8.07499999999996 * inline;1;2.79855661332212;
2;208.193333333333 * time_passes + 4.45333333333302 * inline + -5.43250000000044 * ipsccp;1.56416288899053;1.56416288899053;1.56416288899053;1.56416288899053;0.00214;3;-5.43250000000044 * ipsccp;1;3.97459842815806E-14;
Elapsed=00:00:00.0022219
Learning progress:
1;213.232777777778 * time_passes + -9.53611111111135 * ipsccp;1.59960852590945;1.59960852590945;1.59960852590945;1.59960852590945;0.001134;2;-9.53611111111135 * ipsccp;1;2.32227261117888;
2;213.105 * time_passes + -9.60000000000014 * ipsccp + 0.191666666666535 * simplifycfg;1.52132100639111;1.52132100639111;1.52132100639111;1.52132100639111;0.00264;3;0.191666666666535 * simplifycfg;1;0.0782875195183337;
Elapsed=00:00:00.0027122
Learning progress:
1;204.296666666666 * time_passes + 9.97250000000003 * inline;0.886824360041297;0.886824360041297;0.886824360041297;0.886824360041297;0.000697;2;9.97250000000003 * inline;1;1.61099858724432;
Elapsed=00:00:00.0007639
Learning progress:
1;212.833809523809 * time_passes + -10.3754761904764 * ipsccp;0.603939842549767;0.603939842549767;0.603939842549767;0.603939842549767;0.000572;2;-10.3754761904764 * ipsccp;1;3.61860073451054;
Elapsed=00:00:00.0006442
Learning progress:
1;211.672777777778 * time_passes + -6.01944444444467 * print_used_types;0.827134243055255;0.827134243055255;0.827134243055255;0.827134243055255;0.000676;2;-6.01944444444467 * print_used_types;1;1.01365960265775;
Elapsed=00:00:00.0007509
Learning progress:
1;204.571666666666 * time_passes + 8.07499999999996 * inline;1.56416288899057;1.56416288899057;1.56416288899057;1.56416288899057;0.000681;2;8.07499999999996 * inline;1;2.79855661332212;
2;208.193333333333 * time_passes + 4.45333333333302 * inline + -5.43250000000044 * ipsccp;1.56416288899053;1.56416288899053;1.56416288899053;1.56416288899053;0.002041;3;-5.43250000000044 * ipsccp;1;3.97459842815806E-14;
Elapsed=00:00:00.0021230
Learning progress:
1;213.232777777778 * time_passes + -9.53611111111135 * ipsccp;1.59960852590945;1.59960852590945;1.59960852590945;1.59960852590945;0.000679;2;-9.53611111111135 * ipsccp;1;2.32227261117888;
2;213.105 * time_passes + -9.60000000000014 * ipsccp + 0.191666666666535 * simplifycfg;1.52132100639111;1.52132100639111;1.52132100639111;1.52132100639111;0.002101;3;0.191666666666535 * simplifycfg;1;0.0782875195183337;
Elapsed=00:00:00.0021723
Learning progress:
1;204.296666666666 * time_passes + 9.97250000000003 * inline;0.886824360041297;0.886824360041297;0.886824360041297;0.886824360041297;0.000618;2;9.97250000000003 * inline;1;1.61099858724432;
Elapsed=00:00:00.0006897
Learning progress:
1;212.833809523809 * time_passes + -10.3754761904764 * ipsccp;0.603939842549767;0.603939842549767;0.603939842549767;0.603939842549767;0.000685;2;-10.3754761904764 * ipsccp;1;3.61860073451054;
Elapsed=00:00:00.0007570
Learning progress:
1;211.672777777778 * time_passes + -6.01944444444467 * print_used_types;0.827134243055255;0.827134243055255;0.827134243055255;0.827134243055255;0.000567;2;-6.01944444444467 * print_used_types;1;1.01365960265775;
Elapsed=00:00:00.0006358
Learning progress:
1;204.571666666666 * time_passes + 8.07499999999996 * inline;1.56416288899057;1.56416288899057;1.56416288899057;1.56416288899057;0.000631;2;8.07499999999996 * inline;1;2.79855661332212;
2;208.193333333333 * time_passes + 4.45333333333302 * inline + -5.43250000000044 * ipsccp;1.56416288899053;1.56416288899053;1.56416288899053;1.56416288899053;0.002142;3;-5.43250000000044 * ipsccp;1;3.97459842815806E-14;
Elapsed=00:00:00.0022245
Learning progress:
1;213.232777777778 * time_passes + -9.53611111111135 * ipsccp;1.59960852590945;1.59960852590945;1.59960852590945;1.59960852590945;0.000646;2;-9.53611111111135 * ipsccp;1;2.32227261117888;
2;213.105 * time_passes + -9.60000000000014 * ipsccp + 0.191666666666535 * simplifycfg;1.52132100639111;1.52132100639111;1.52132100639111;1.52132100639111;0.002114;3;0.191666666666535 * simplifycfg;1;0.0782875195183337;
Elapsed=00:00:00.0022036
Learning progress:
1;204.296666666666 * time_passes + 9.97250000000003 * inline;0.886824360041297;0.886824360041297;0.886824360041297;0.886824360041297;0.000697;2;9.97250000000003 * inline;1;1.61099858724432;
Elapsed=00:00:00.0007626
Learning progress:
1;212.833809523809 * time_passes + -10.3754761904764 * ipsccp;0.603939842549767;0.603939842549767;0.603939842549767;0.603939842549767;0.000588;2;-10.3754761904764 * ipsccp;1;3.61860073451054;
Elapsed=00:00:00.0006617
Learning progress:
1;211.672777777778 * time_passes + -6.01944444444467 * print_used_types;0.827134243055255;0.827134243055255;0.827134243055255;0.827134243055255;0.000587;2;-6.01944444444467 * print_used_types;1;1.01365960265775;
Elapsed=00:00:00.0006556
Learning progress:
1;204.571666666666 * time_passes + 8.07499999999996 * inline;1.56416288899057;1.56416288899057;1.56416288899057;1.56416288899057;0.000603;2;8.07499999999996 * inline;1;2.79855661332212;
2;208.193333333333 * time_passes + 4.45333333333302 * inline + -5.43250000000044 * ipsccp;1.56416288899053;1.56416288899053;1.56416288899053;1.56416288899053;0.001969;3;-5.43250000000044 * ipsccp;1;3.97459842815806E-14;
Elapsed=00:00:00.0020502
Learning progress:
1;213.232777777778 * time_passes + -9.53611111111135 * ipsccp;1.59960852590945;1.59960852590945;1.59960852590945;1.59960852590945;0.00058;2;-9.53611111111135 * ipsccp;1;2.32227261117888;
2;213.105 * time_passes + -9.60000000000014 * ipsccp + 0.191666666666535 * simplifycfg;1.52132100639111;1.52132100639111;1.52132100639111;1.52132100639111;0.002048;3;0.191666666666535 * simplifycfg;1;0.0782875195183337;
Elapsed=00:00:00.0021195
Learning progress:
1;204.296666666666 * time_passes + 9.97250000000003 * inline;0.886824360041297;0.886824360041297;0.886824360041297;0.886824360041297;0.000568;2;9.97250000000003 * inline;1;1.61099858724432;
Elapsed=00:00:00.0006339
Learning progress:
1;212.833809523809 * time_passes + -10.3754761904764 * ipsccp;0.603939842549767;0.603939842549767;0.603939842549767;0.603939842549767;0.000577;2;-10.3754761904764 * ipsccp;1;3.61860073451054;
Elapsed=00:00:00.0006488
Learning progress:
1;211.672777777778 * time_passes + -6.01944444444467 * print_used_types;0.827134243055255;0.827134243055255;0.827134243055255;0.827134243055255;0.001065;2;-6.01944444444467 * print_used_types;1;1.01365960265775;
Elapsed=00:00:00.0011356
Learning progress:
1;204.571666666666 * time_passes + 8.07499999999996 * inline;1.56416288899057;1.56416288899057;1.56416288899057;1.56416288899057;0.000679;2;8.07499999999996 * inline;1;2.79855661332212;
2;208.193333333333 * time_passes + 4.45333333333302 * inline + -5.43250000000044 * ipsccp;1.56416288899053;1.56416288899053;1.56416288899053;1.56416288899053;0.00211;3;-5.43250000000044 * ipsccp;1;3.97459842815806E-14;
Elapsed=00:00:00.0021912
Learning progress:
1;213.232777777778 * time_passes + -9.53611111111135 * ipsccp;1.59960852590945;1.59960852590945;1.59960852590945;1.59960852590945;0.000568;2;-9.53611111111135 * ipsccp;1;2.32227261117888;
2;213.105 * time_passes + -9.60000000000014 * ipsccp + 0.191666666666535 * simplifycfg;1.52132100639111;1.52132100639111;1.52132100639111;1.52132100639111;0.002003;3;0.191666666666535 * simplifycfg;1;0.0782875195183337;
Elapsed=00:00:00.0020789
Learning progress:
1;204.296666666666 * time_passes + 9.97250000000003 * inline;0.886824360041297;0.886824360041297;0.886824360041297;0.886824360041297;0.000637;2;9.97250000000003 * inline;1;1.61099858724432;
Elapsed=00:00:00.0007033
Learning progress:
1;212.833809523809 * time_passes + -10.3754761904764 * ipsccp;0.603939842549767;0.603939842549767;0.603939842549767;0.603939842549767;0.000653;2;-10.3754761904764 * ipsccp;1;3.61860073451054;
Elapsed=00:00:00.0007255
Learning progress:
1;211.672777777778 * time_passes + -6.01944444444467 * print_used_types;0.827134243055255;0.827134243055255;0.827134243055255;0.827134243055255;0.000562;2;-6.01944444444467 * print_used_types;1;1.01365960265775;
Elapsed=00:00:00.0006596
Learning progress:
1;204.571666666666 * time_passes + 8.07499999999996 * inline;1.56416288899057;1.56416288899057;1.56416288899057;1.56416288899057;0.001152;2;8.07499999999996 * inline;1;2.79855661332212;
2;208.193333333333 * time_passes + 4.45333333333302 * inline + -5.43250000000044 * ipsccp;1.56416288899053;1.56416288899053;1.56416288899053;1.56416288899053;0.00251;3;-5.43250000000044 * ipsccp;1;3.97459842815806E-14;
Elapsed=00:00:00.0025914
Learning progress:
1;213.232777777778 * time_passes + -9.53611111111135 * ipsccp;1.59960852590945;1.59960852590945;1.59960852590945;1.59960852590945;0.000631;2;-9.53611111111135 * ipsccp;1;2.32227261117888;
2;213.105 * time_passes + -9.60000000000014 * ipsccp + 0.191666666666535 * simplifycfg;1.52132100639111;1.52132100639111;1.52132100639111;1.52132100639111;0.002041;3;0.191666666666535 * simplifycfg;1;0.0782875195183337;
Elapsed=00:00:00.0021132
Learning progress:
1;204.296666666666 * time_passes + 9.97250000000003 * inline;0.886824360041297;0.886824360041297;0.886824360041297;0.886824360041297;0.0007;2;9.97250000000003 * inline;1;1.61099858724432;
Elapsed=00:00:00.0007665
Learning progress:
1;212.833809523809 * time_passes + -10.3754761904764 * ipsccp;0.603939842549767;0.603939842549767;0.603939842549767;0.603939842549767;0.000637;2;-10.3754761904764 * ipsccp;1;3.61860073451054;
Elapsed=00:00:00.0007101
Learning progress:
1;211.672777777778 * time_passes + -6.01944444444467 * print_used_types;0.827134243055255;0.827134243055255;0.827134243055255;0.827134243055255;0.00056;2;-6.01944444444467 * print_used_types;1;1.01365960265775;
Elapsed=00:00:00.0006336
Learning progress:
1;204.571666666666 * time_passes + 8.07499999999996 * inline;1.56416288899057;1.56416288899057;1.56416288899057;1.56416288899057;0.000614;2;8.07499999999996 * inline;1;2.79855661332212;
2;208.193333333333 * time_passes + 4.45333333333302 * inline + -5.43250000000044 * ipsccp;1.56416288899053;1.56416288899053;1.56416288899053;1.56416288899053;0.002037;3;-5.43250000000044 * ipsccp;1;3.97459842815806E-14;
Elapsed=00:00:00.0021196
Learning progress:
1;213.232777777778 * time_passes + -9.53611111111135 * ipsccp;1.59960852590945;1.59960852590945;1.59960852590945;1.59960852590945;0.000568;2;-9.53611111111135 * ipsccp;1;2.32227261117888;
2;213.105 * time_passes + -9.60000000000014 * ipsccp + 0.191666666666535 * simplifycfg;1.52132100639111;1.52132100639111;1.52132100639111;1.52132100639111;0.002022;3;0.191666666666535 * simplifycfg;1;0.0782875195183337;
Elapsed=00:00:00.0020931
Learning progress:
1;204.296666666666 * time_passes + 9.97250000000003 * inline;0.886824360041297;0.886824360041297;0.886824360041297;0.886824360041297;0.000565;2;9.97250000000003 * inline;1;1.61099858724432;
Elapsed=00:00:00.0006312
Learning progress:
1;212.833809523809 * time_passes + -10.3754761904764 * ipsccp;0.603939842549767;0.603939842549767;0.603939842549767;0.603939842549767;0.000571;2;-10.3754761904764 * ipsccp;1;3.61860073451054;
Elapsed=00:00:00.0006431
Learning progress:
1;211.672777777778 * time_passes + -6.01944444444467 * print_used_types;0.827134243055255;0.827134243055255;0.827134243055255;0.827134243055255;0.000559;2;-6.01944444444467 * print_used_types;1;1.01365960265775;
Elapsed=00:00:00.0006267
Learning progress:
1;204.571666666666 * time_passes + 8.07499999999996 * inline;1.56416288899057;1.56416288899057;1.56416288899057;1.56416288899057;0.000636;2;8.07499999999996 * inline;1;2.79855661332212;
2;208.193333333333 * time_passes + 4.45333333333302 * inline + -5.43250000000044 * ipsccp;1.56416288899053;1.56416288899053;1.56416288899053;1.56416288899053;0.002008;3;-5.43250000000044 * ipsccp;1;3.97459842815806E-14;
Elapsed=00:00:00.0020895
Learning progress:
1;213.232777777778 * time_passes + -9.53611111111135 * ipsccp;1.59960852590945;1.59960852590945;1.59960852590945;1.59960852590945;0.000565;2;-9.53611111111135 * ipsccp;1;2.32227261117888;
2;213.105 * time_passes + -9.60000000000014 * ipsccp + 0.191666666666535 * simplifycfg;1.52132100639111;1.52132100639111;1.52132100639111;1.52132100639111;0.002524;3;0.191666666666535 * simplifycfg;1;0.0782875195183337;
Elapsed=00:00:00.0025996
Learning progress:
1;204.296666666666 * time_passes + 9.97250000000003 * inline;0.886824360041297;0.886824360041297;0.886824360041297;0.886824360041297;0.000568;2;9.97250000000003 * inline;1;1.61099858724432;
Elapsed=00:00:00.0006346
Learning progress:
1;212.833809523809 * time_passes + -10.3754761904764 * ipsccp;0.603939842549767;0.603939842549767;0.603939842549767;0.603939842549767;0.000565;2;-10.3754761904764 * ipsccp;1;3.61860073451054;
Elapsed=00:00:00.0006713
Learning progress:
1;211.672777777778 * time_passes + -6.01944444444467 * print_used_types;0.827134243055255;0.827134243055255;0.827134243055255;0.827134243055255;0.000562;2;-6.01944444444467 * print_used_types;1;1.01365960265775;
Elapsed=00:00:00.0006309
Learning progress:
1;204.571666666666 * time_passes + 8.07499999999996 * inline;1.56416288899057;1.56416288899057;1.56416288899057;1.56416288899057;0.000601;2;8.07499999999996 * inline;1;2.79855661332212;
2;208.193333333333 * time_passes + 4.45333333333302 * inline + -5.43250000000044 * ipsccp;1.56416288899053;1.56416288899053;1.56416288899053;1.56416288899053;0.001966;3;-5.43250000000044 * ipsccp;1;3.97459842815806E-14;
Elapsed=00:00:00.0020485
Learning progress:
1;213.232777777778 * time_passes + -9.53611111111135 * ipsccp;1.59960852590945;1.59960852590945;1.59960852590945;1.59960852590945;0.000577;2;-9.53611111111135 * ipsccp;1;2.32227261117888;
2;213.105 * time_passes + -9.60000000000014 * ipsccp + 0.191666666666535 * simplifycfg;1.52132100639111;1.52132100639111;1.52132100639111;1.52132100639111;0.001991;3;0.191666666666535 * simplifycfg;1;0.0782875195183337;
Elapsed=00:00:00.0020667
Learning progress:
1;204.296666666666 * time_passes + 9.97250000000003 * inline;0.886824360041297;0.886824360041297;0.886824360041297;0.886824360041297;0.000568;2;9.97250000000003 * inline;1;1.61099858724432;
Elapsed=00:00:00.0006343
Learning progress:
1;212.833809523809 * time_passes + -10.3754761904764 * ipsccp;0.603939842549767;0.603939842549767;0.603939842549767;0.603939842549767;0.000585;2;-10.3754761904764 * ipsccp;1;3.61860073451054;
Elapsed=00:00:00.0006591
Learning progress:
1;211.672777777778 * time_passes + -6.01944444444467 * print_used_types;0.827134243055255;0.827134243055255;0.827134243055255;0.827134243055255;0.000559;2;-6.01944444444467 * print_used_types;1;1.01365960265775;
Elapsed=00:00:00.0006270
Learning progress:
1;204.571666666666 * time_passes + 8.07499999999996 * inline;1.56416288899057;1.56416288899057;1.56416288899057;1.56416288899057;0.000683;2;8.07499999999996 * inline;1;2.79855661332212;
2;208.193333333333 * time_passes + 4.45333333333302 * inline + -5.43250000000044 * ipsccp;1.56416288899053;1.56416288899053;1.56416288899053;1.56416288899053;0.002061;3;-5.43250000000044 * ipsccp;1;3.97459842815806E-14;
Elapsed=00:00:00.0021424
Learning progress:
1;213.232777777778 * time_passes + -9.53611111111135 * ipsccp;1.59960852590945;1.59960852590945;1.59960852590945;1.59960852590945;0.000553;2;-9.53611111111135 * ipsccp;1;2.32227261117888;
2;213.105 * time_passes + -9.60000000000014 * ipsccp + 0.191666666666535 * simplifycfg;1.52132100639111;1.52132100639111;1.52132100639111;1.52132100639111;0.002022;3;0.191666666666535 * simplifycfg;1;0.0782875195183337;
Elapsed=00:00:00.0020940
Learning progress:
1;204.296666666666 * time_passes + 9.97250000000003 * inline;0.886824360041297;0.886824360041297;0.886824360041297;0.886824360041297;0.000566;2;9.97250000000003 * inline;1;1.61099858724432;
Elapsed=00:00:00.0006320
Learning progress:
1;212.833809523809 * time_passes + -10.3754761904764 * ipsccp;0.603939842549767;0.603939842549767;0.603939842549767;0.603939842549767;0.000596;2;-10.3754761904764 * ipsccp;1;3.61860073451054;
Elapsed=00:00:00.0006687
Learning progress:
1;211.672777777778 * time_passes + -6.01944444444467 * print_used_types;0.827134243055255;0.827134243055255;0.827134243055255;0.827134243055255;0.000609;2;-6.01944444444467 * print_used_types;1;1.01365960265775;
Elapsed=00:00:00.0006789
Learning progress:
1;204.571666666666 * time_passes + 8.07499999999996 * inline;1.56416288899057;1.56416288899057;1.56416288899057;1.56416288899057;0.000599;2;8.07499999999996 * inline;1;2.79855661332212;
2;208.193333333333 * time_passes + 4.45333333333302 * inline + -5.43250000000044 * ipsccp;1.56416288899053;1.56416288899053;1.56416288899053;1.56416288899053;0.001954;3;-5.43250000000044 * ipsccp;1;3.97459842815806E-14;
Elapsed=00:00:00.0020352
Learning progress:
1;213.232777777778 * time_passes + -9.53611111111135 * ipsccp;1.59960852590945;1.59960852590945;1.59960852590945;1.59960852590945;0.000615;2;-9.53611111111135 * ipsccp;1;2.32227261117888;
2;213.105 * time_passes + -9.60000000000014 * ipsccp + 0.191666666666535 * simplifycfg;1.52132100639111;1.52132100639111;1.52132100639111;1.52132100639111;0.002028;3;0.191666666666535 * simplifycfg;1;0.0782875195183337;
Elapsed=00:00:00.0020997
Learning progress:
1;204.296666666666 * time_passes + 9.97250000000003 * inline;0.886824360041297;0.886824360041297;0.886824360041297;0.886824360041297;0.000564;2;9.97250000000003 * inline;1;1.61099858724432;
Elapsed=00:00:00.0006306
Learning progress:
1;212.833809523809 * time_passes + -10.3754761904764 * ipsccp;0.603939842549767;0.603939842549767;0.603939842549767;0.603939842549767;0.000626;2;-10.3754761904764 * ipsccp;1;3.61860073451054;
Elapsed=00:00:00.0006970
Learning progress:
1;211.672777777778 * time_passes + -6.01944444444467 * print_used_types;0.827134243055255;0.827134243055255;0.827134243055255;0.827134243055255;0.000562;2;-6.01944444444467 * print_used_types;1;1.01365960265775;
Elapsed=00:00:00.0006338
Learning progress:
1;204.571666666666 * time_passes + 8.07499999999996 * inline;1.56416288899057;1.56416288899057;1.56416288899057;1.56416288899057;0.001104;2;8.07499999999996 * inline;1;2.79855661332212;
2;208.193333333333 * time_passes + 4.45333333333302 * inline + -5.43250000000044 * ipsccp;1.56416288899053;1.56416288899053;1.56416288899053;1.56416288899053;0.002478;3;-5.43250000000044 * ipsccp;1;3.97459842815806E-14;
Elapsed=00:00:00.0025614
Learning progress:
1;213.232777777778 * time_passes + -9.53611111111135 * ipsccp;1.59960852590945;1.59960852590945;1.59960852590945;1.59960852590945;0.000555;2;-9.53611111111135 * ipsccp;1;2.32227261117888;
2;213.105 * time_passes + -9.60000000000014 * ipsccp + 0.191666666666535 * simplifycfg;1.52132100639111;1.52132100639111;1.52132100639111;1.52132100639111;0.001965;3;0.191666666666535 * simplifycfg;1;0.0782875195183337;
Elapsed=00:00:00.0020360
Learning progress:
1;204.296666666666 * time_passes + 9.97250000000003 * inline;0.886824360041297;0.886824360041297;0.886824360041297;0.886824360041297;0.000568;2;9.97250000000003 * inline;1;1.61099858724432;
Elapsed=00:00:00.0006351
Learning progress:
1;212.833809523809 * time_passes + -10.3754761904764 * ipsccp;0.603939842549767;0.603939842549767;0.603939842549767;0.603939842549767;0.0006;2;-10.3754761904764 * ipsccp;1;3.61860073451054;
Elapsed=00:00:00.0006728
Learning progress:
1;211.672777777778 * time_passes + -6.01944444444467 * print_used_types;0.827134243055255;0.827134243055255;0.827134243055255;0.827134243055255;0.000563;2;-6.01944444444467 * print_used_types;1;1.01365960265775;
Elapsed=00:00:00.0006316
Learning progress:
1;204.571666666666 * time_passes + 8.07499999999996 * inline;1.56416288899057;1.56416288899057;1.56416288899057;1.56416288899057;0.000602;2;8.07499999999996 * inline;1;2.79855661332212;
2;208.193333333333 * time_passes + 4.45333333333302 * inline + -5.43250000000044 * ipsccp;1.56416288899053;1.56416288899053;1.56416288899053;1.56416288899053;0.001964;3;-5.43250000000044 * ipsccp;1;3.97459842815806E-14;
Elapsed=00:00:00.0020456
Learning progress:
1;213.232777777778 * time_passes + -9.53611111111135 * ipsccp;1.59960852590945;1.59960852590945;1.59960852590945;1.59960852590945;0.000567;2;-9.53611111111135 * ipsccp;1;2.32227261117888;
2;213.105 * time_passes + -9.60000000000014 * ipsccp + 0.191666666666535 * simplifycfg;1.52132100639111;1.52132100639111;1.52132100639111;1.52132100639111;0.001996;3;0.191666666666535 * simplifycfg;1;0.0782875195183337;
Elapsed=00:00:00.0020675
Learning progress:
1;204.296666666666 * time_passes + 9.97250000000003 * inline;0.886824360041297;0.886824360041297;0.886824360041297;0.886824360041297;0.000564;2;9.97250000000003 * inline;1;1.61099858724432;
Elapsed=00:00:00.0006303
Learning progress:
1;212.833809523809 * time_passes + -10.3754761904764 * ipsccp;0.603939842549767;0.603939842549767;0.603939842549767;0.603939842549767;0.000571;2;-10.3754761904764 * ipsccp;1;3.61860073451054;
Elapsed=00:00:00.0006422
Learning progress:
1;211.672777777778 * time_passes + -6.01944444444467 * print_used_types;0.827134243055255;0.827134243055255;0.827134243055255;0.827134243055255;0.000562;2;-6.01944444444467 * print_used_types;1;1.01365960265775;
Elapsed=00:00:00.0006306
Learning progress:
1;204.571666666666 * time_passes + 8.07499999999996 * inline;1.56416288899057;1.56416288899057;1.56416288899057;1.56416288899057;0.0006;2;8.07499999999996 * inline;1;2.79855661332212;
2;208.193333333333 * time_passes + 4.45333333333302 * inline + -5.43250000000044 * ipsccp;1.56416288899053;1.56416288899053;1.56416288899053;1.56416288899053;0.001957;3;-5.43250000000044 * ipsccp;1;3.97459842815806E-14;
Elapsed=00:00:00.0020381
Learning progress:
1;213.232777777778 * time_passes + -9.53611111111135 * ipsccp;1.59960852590945;1.59960852590945;1.59960852590945;1.59960852590945;0.000576;2;-9.53611111111135 * ipsccp;1;2.32227261117888;
2;213.105 * time_passes + -9.60000000000014 * ipsccp + 0.191666666666535 * simplifycfg;1.52132100639111;1.52132100639111;1.52132100639111;1.52132100639111;0.002395;3;0.191666666666535 * simplifycfg;1;0.0782875195183337;
Elapsed=00:00:00.0025025
Learning progress:
1;204.296666666666 * time_passes + 9.97250000000003 * inline;0.886824360041297;0.886824360041297;0.886824360041297;0.886824360041297;0.000568;2;9.97250000000003 * inline;1;1.61099858724432;
Elapsed=00:00:00.0006535
Learning progress:
1;212.833809523809 * time_passes + -10.3754761904764 * ipsccp;0.603939842549767;0.603939842549767;0.603939842549767;0.603939842549767;0.00057;2;-10.3754761904764 * ipsccp;1;3.61860073451054;
Elapsed=00:00:00.0006423
Learning progress:
1;211.672777777778 * time_passes + -6.01944444444467 * print_used_types;0.827134243055255;0.827134243055255;0.827134243055255;0.827134243055255;0.000562;2;-6.01944444444467 * print_used_types;1;1.01365960265775;
Elapsed=00:00:00.0006304
Learning progress:
1;204.571666666666 * time_passes + 8.07499999999996 * inline;1.56416288899057;1.56416288899057;1.56416288899057;1.56416288899057;0.0006;2;8.07499999999996 * inline;1;2.79855661332212;
2;208.193333333333 * time_passes + 4.45333333333302 * inline + -5.43250000000044 * ipsccp;1.56416288899053;1.56416288899053;1.56416288899053;1.56416288899053;0.001979;3;-5.43250000000044 * ipsccp;1;3.97459842815806E-14;
Elapsed=00:00:00.0020616
Learning progress:
1;213.232777777778 * time_passes + -9.53611111111135 * ipsccp;1.59960852590945;1.59960852590945;1.59960852590945;1.59960852590945;0.000572;2;-9.53611111111135 * ipsccp;1;2.32227261117888;
2;213.105 * time_passes + -9.60000000000014 * ipsccp + 0.191666666666535 * simplifycfg;1.52132100639111;1.52132100639111;1.52132100639111;1.52132100639111;0.001986;3;0.191666666666535 * simplifycfg;1;0.0782875195183337;
Elapsed=00:00:00.0020575
Learning progress:
1;204.296666666666 * time_passes + 9.97250000000003 * inline;0.886824360041297;0.886824360041297;0.886824360041297;0.886824360041297;0.000569;2;9.97250000000003 * inline;1;1.61099858724432;
Elapsed=00:00:00.0006365
Learning progress:
1;212.833809523809 * time_passes + -10.3754761904764 * ipsccp;0.603939842549767;0.603939842549767;0.603939842549767;0.603939842549767;0.000583;2;-10.3754761904764 * ipsccp;1;3.61860073451054;
Elapsed=00:00:00.0006567
Learning progress:
1;211.672777777778 * time_passes + -6.01944444444467 * print_used_types;0.827134243055255;0.827134243055255;0.827134243055255;0.827134243055255;0.000562;2;-6.01944444444467 * print_used_types;1;1.01365960265775;
Elapsed=00:00:00.0006489
Learning progress:
1;204.571666666666 * time_passes + 8.07499999999996 * inline;1.56416288899057;1.56416288899057;1.56416288899057;1.56416288899057;0.0006;2;8.07499999999996 * inline;1;2.79855661332212;
2;208.193333333333 * time_passes + 4.45333333333302 * inline + -5.43250000000044 * ipsccp;1.56416288899053;1.56416288899053;1.56416288899053;1.56416288899053;0.001961;3;-5.43250000000044 * ipsccp;1;3.97459842815806E-14;
Elapsed=00:00:00.0020422
Learning progress:
1;213.232777777778 * time_passes + -9.53611111111135 * ipsccp;1.59960852590945;1.59960852590945;1.59960852590945;1.59960852590945;0.000553;2;-9.53611111111135 * ipsccp;1;2.32227261117888;
2;213.105 * time_passes + -9.60000000000014 * ipsccp + 0.191666666666535 * simplifycfg;1.52132100639111;1.52132100639111;1.52132100639111;1.52132100639111;0.00198;3;0.191666666666535 * simplifycfg;1;0.0782875195183337;
Elapsed=00:00:00.0020510
Learning progress:
1;204.296666666666 * time_passes + 9.97250000000003 * inline;0.886824360041297;0.886824360041297;0.886824360041297;0.886824360041297;0.000562;2;9.97250000000003 * inline;1;1.61099858724432;
Elapsed=00:00:00.0006279
Learning progress:
1;212.833809523809 * time_passes + -10.3754761904764 * ipsccp;0.603939842549767;0.603939842549767;0.603939842549767;0.603939842549767;0.000566;2;-10.3754761904764 * ipsccp;1;3.61860073451054;
Elapsed=00:00:00.0006384
Learning progress:
1;211.672777777778 * time_passes + -6.01944444444467 * print_used_types;0.827134243055255;0.827134243055255;0.827134243055255;0.827134243055255;0.000591;2;-6.01944444444467 * print_used_types;1;1.01365960265775;
Elapsed=00:00:00.0006614
Learning progress:
1;204.571666666666 * time_passes + 8.07499999999996 * inline;1.56416288899057;1.56416288899057;1.56416288899057;1.56416288899057;0.000602;2;8.07499999999996 * inline;1;2.79855661332212;
2;208.193333333333 * time_passes + 4.45333333333302 * inline + -5.43250000000044 * ipsccp;1.56416288899053;1.56416288899053;1.56416288899053;1.56416288899053;0.002002;3;-5.43250000000044 * ipsccp;1;3.97459842815806E-14;
Elapsed=00:00:00.0020884
Learning progress:
1;213.232777777778 * time_passes + -9.53611111111135 * ipsccp;1.59960852590945;1.59960852590945;1.59960852590945;1.59960852590945;0.000557;2;-9.53611111111135 * ipsccp;1;2.32227261117888;
2;213.105 * time_passes + -9.60000000000014 * ipsccp + 0.191666666666535 * simplifycfg;1.52132100639111;1.52132100639111;1.52132100639111;1.52132100639111;0.001966;3;0.191666666666535 * simplifycfg;1;0.0782875195183337;
Elapsed=00:00:00.0020366
Learning progress:
1;204.296666666666 * time_passes + 9.97250000000003 * inline;0.886824360041297;0.886824360041297;0.886824360041297;0.886824360041297;0.000572;2;9.97250000000003 * inline;1;1.61099858724432;
Elapsed=00:00:00.0006389
Learning progress:
1;212.833809523809 * time_passes + -10.3754761904764 * ipsccp;0.603939842549767;0.603939842549767;0.603939842549767;0.603939842549767;0.000568;2;-10.3754761904764 * ipsccp;1;3.61860073451054;
Elapsed=00:00:00.0006403
Learning progress:
1;211.672777777778 * time_passes + -6.01944444444467 * print_used_types;0.827134243055255;0.827134243055255;0.827134243055255;0.827134243055255;0.000558;2;-6.01944444444467 * print_used_types;1;1.01365960265775;
Elapsed=00:00:00.0006259
Learning progress:
1;204.571666666666 * time_passes + 8.07499999999996 * inline;1.56416288899057;1.56416288899057;1.56416288899057;1.56416288899057;0.001038;2;8.07499999999996 * inline;1;2.79855661332212;
2;208.193333333333 * time_passes + 4.45333333333302 * inline + -5.43250000000044 * ipsccp;1.56416288899053;1.56416288899053;1.56416288899053;1.56416288899053;0.002412;3;-5.43250000000044 * ipsccp;1;3.97459842815806E-14;
Elapsed=00:00:00.0024943
Learning progress:
1;213.232777777778 * time_passes + -9.53611111111135 * ipsccp;1.59960852590945;1.59960852590945;1.59960852590945;1.59960852590945;0.000554;2;-9.53611111111135 * ipsccp;1;2.32227261117888;
2;213.105 * time_passes + -9.60000000000014 * ipsccp + 0.191666666666535 * simplifycfg;1.52132100639111;1.52132100639111;1.52132100639111;1.52132100639111;0.002007;3;0.191666666666535 * simplifycfg;1;0.0782875195183337;
Elapsed=00:00:00.0020939
Learning progress:
1;204.296666666666 * time_passes + 9.97250000000003 * inline;0.886824360041297;0.886824360041297;0.886824360041297;0.886824360041297;0.000564;2;9.97250000000003 * inline;1;1.61099858724432;
Elapsed=00:00:00.0006312
Learning progress:
1;212.833809523809 * time_passes + -10.3754761904764 * ipsccp;0.603939842549767;0.603939842549767;0.603939842549767;0.603939842549767;0.000569;2;-10.3754761904764 * ipsccp;1;3.61860073451054;
Elapsed=00:00:00.0006406
Learning progress:
1;211.672777777778 * time_passes + -6.01944444444467 * print_used_types;0.827134243055255;0.827134243055255;0.827134243055255;0.827134243055255;0.000589;2;-6.01944444444467 * print_used_types;1;1.01365960265775;
Elapsed=00:00:00.0006611
Learning progress:
1;204.571666666666 * time_passes + 8.07499999999996 * inline;1.56416288899057;1.56416288899057;1.56416288899057;1.56416288899057;0.000644;2;8.07499999999996 * inline;1;2.79855661332212;
2;208.193333333333 * time_passes + 4.45333333333302 * inline + -5.43250000000044 * ipsccp;1.56416288899053;1.56416288899053;1.56416288899053;1.56416288899053;0.002005;3;-5.43250000000044 * ipsccp;1;3.97459842815806E-14;
Elapsed=00:00:00.0020871
Learning progress:
1;213.232777777778 * time_passes + -9.53611111111135 * ipsccp;1.59960852590945;1.59960852590945;1.59960852590945;1.59960852590945;0.000629;2;-9.53611111111135 * ipsccp;1;2.32227261117888;
2;213.105 * time_passes + -9.60000000000014 * ipsccp + 0.191666666666535 * simplifycfg;1.52132100639111;1.52132100639111;1.52132100639111;1.52132100639111;0.002049;3;0.191666666666535 * simplifycfg;1;0.0782875195183337;
Elapsed=00:00:00.0021246
Learning progress:
1;204.296666666666 * time_passes + 9.97250000000003 * inline;0.886824360041297;0.886824360041297;0.886824360041297;0.886824360041297;0.000565;2;9.97250000000003 * inline;1;1.61099858724432;
Elapsed=00:00:00.0006312
Learning progress:
1;212.833809523809 * time_passes + -10.3754761904764 * ipsccp;0.603939842549767;0.603939842549767;0.603939842549767;0.603939842549767;0.00063;2;-10.3754761904764 * ipsccp;1;3.61860073451054;
Elapsed=00:00:00.0007020
Learning progress:
1;211.672777777778 * time_passes + -6.01944444444467 * print_used_types;0.827134243055255;0.827134243055255;0.827134243055255;0.827134243055255;0.000562;2;-6.01944444444467 * print_used_types;1;1.01365960265775;
Elapsed=00:00:00.0006299
Learning progress:
1;204.571666666666 * time_passes + 8.07499999999996 * inline;1.56416288899057;1.56416288899057;1.56416288899057;1.56416288899057;0.000596;2;8.07499999999996 * inline;1;2.79855661332212;
2;208.193333333333 * time_passes + 4.45333333333302 * inline + -5.43250000000044 * ipsccp;1.56416288899053;1.56416288899053;1.56416288899053;1.56416288899053;0.002017;3;-5.43250000000044 * ipsccp;1;3.97459842815806E-14;
Elapsed=00:00:00.0020989
Learning progress:
1;213.232777777778 * time_passes + -9.53611111111135 * ipsccp;1.59960852590945;1.59960852590945;1.59960852590945;1.59960852590945;0.000568;2;-9.53611111111135 * ipsccp;1;2.32227261117888;
2;213.105 * time_passes + -9.60000000000014 * ipsccp + 0.191666666666535 * simplifycfg;1.52132100639111;1.52132100639111;1.52132100639111;1.52132100639111;0.001987;3;0.191666666666535 * simplifycfg;1;0.0782875195183337;
Elapsed=00:00:00.0020597
Learning progress:
1;204.296666666666 * time_passes + 9.97250000000003 * inline;0.886824360041297;0.886824360041297;0.886824360041297;0.886824360041297;0.000573;2;9.97250000000003 * inline;1;1.61099858724432;
Elapsed=00:00:00.0006409
Learning progress:
1;212.833809523809 * time_passes + -10.3754761904764 * ipsccp;0.603939842549767;0.603939842549767;0.603939842549767;0.603939842549767;0.000572;2;-10.3754761904764 * ipsccp;1;3.61860073451054;
Elapsed=00:00:00.0006445
Learning progress:
1;211.672777777778 * time_passes + -6.01944444444467 * print_used_types;0.827134243055255;0.827134243055255;0.827134243055255;0.827134243055255;0.000561;2;-6.01944444444467 * print_used_types;1;1.01365960265775;
Elapsed=00:00:00.0006300
Learning progress:
1;204.571666666666 * time_passes + 8.07499999999996 * inline;1.56416288899057;1.56416288899057;1.56416288899057;1.56416288899057;0.00062;2;8.07499999999996 * inline;1;2.79855661332212;
2;208.193333333333 * time_passes + 4.45333333333302 * inline + -5.43250000000044 * ipsccp;1.56416288899053;1.56416288899053;1.56416288899053;1.56416288899053;0.00198;3;-5.43250000000044 * ipsccp;1;3.97459842815806E-14;
Elapsed=00:00:00.0020624
Learning progress:
1;213.232777777778 * time_passes + -9.53611111111135 * ipsccp;1.59960852590945;1.59960852590945;1.59960852590945;1.59960852590945;0.000554;2;-9.53611111111135 * ipsccp;1;2.32227261117888;
2;213.105 * time_passes + -9.60000000000014 * ipsccp + 0.191666666666535 * simplifycfg;1.52132100639111;1.52132100639111;1.52132100639111;1.52132100639111;0.002023;3;0.191666666666535 * simplifycfg;1;0.0782875195183337;
Elapsed=00:00:00.0020953
Learning progress:
1;204.296666666666 * time_passes + 9.97250000000003 * inline;0.886824360041297;0.886824360041297;0.886824360041297;0.886824360041297;0.000562;2;9.97250000000003 * inline;1;1.61099858724432;
Elapsed=00:00:00.0006283
Learning progress:
1;212.833809523809 * time_passes + -10.3754761904764 * ipsccp;0.603939842549767;0.603939842549767;0.603939842549767;0.603939842549767;0.000584;2;-10.3754761904764 * ipsccp;1;3.61860073451054;
Elapsed=00:00:00.0006572
Learning progress:
1;211.672777777778 * time_passes + -6.01944444444467 * print_used_types;0.827134243055255;0.827134243055255;0.827134243055255;0.827134243055255;0.000583;2;-6.01944444444467 * print_used_types;1;1.01365960265775;
Elapsed=00:00:00.0006518
Learning progress:
1;204.571666666666 * time_passes + 8.07499999999996 * inline;1.56416288899057;1.56416288899057;1.56416288899057;1.56416288899057;0.0006;2;8.07499999999996 * inline;1;2.79855661332212;
2;208.193333333333 * time_passes + 4.45333333333302 * inline + -5.43250000000044 * ipsccp;1.56416288899053;1.56416288899053;1.56416288899053;1.56416288899053;0.001969;3;-5.43250000000044 * ipsccp;1;3.97459842815806E-14;
Elapsed=00:00:00.0020513
Learning progress:
1;213.232777777778 * time_passes + -9.53611111111135 * ipsccp;1.59960852590945;1.59960852590945;1.59960852590945;1.59960852590945;0.000558;2;-9.53611111111135 * ipsccp;1;2.32227261117888;
2;213.105 * time_passes + -9.60000000000014 * ipsccp + 0.191666666666535 * simplifycfg;1.52132100639111;1.52132100639111;1.52132100639111;1.52132100639111;0.001968;3;0.191666666666535 * simplifycfg;1;0.0782875195183337;
Elapsed=00:00:00.0020389
Learning progress:
1;204.296666666666 * time_passes + 9.97250000000003 * inline;0.886824360041297;0.886824360041297;0.886824360041297;0.886824360041297;0.000563;2;9.97250000000003 * inline;1;1.61099858724432;
Elapsed=00:00:00.0006296
Learning progress:
1;212.833809523809 * time_passes + -10.3754761904764 * ipsccp;0.603939842549767;0.603939842549767;0.603939842549767;0.603939842549767;0.000572;2;-10.3754761904764 * ipsccp;1;3.61860073451054;
Elapsed=00:00:00.0006441
Learning progress:
1;211.672777777778 * time_passes + -6.01944444444467 * print_used_types;0.827134243055255;0.827134243055255;0.827134243055255;0.827134243055255;0.000603;2;-6.01944444444467 * print_used_types;1;1.01365960265775;
Elapsed=00:00:00.0006735
Learning progress:
1;204.571666666666 * time_passes + 8.07499999999996 * inline;1.56416288899057;1.56416288899057;1.56416288899057;1.56416288899057;0.000602;2;8.07499999999996 * inline;1;2.79855661332212;
2;208.193333333333 * time_passes + 4.45333333333302 * inline + -5.43250000000044 * ipsccp;1.56416288899053;1.56416288899053;1.56416288899053;1.56416288899053;0.002019;3;-5.43250000000044 * ipsccp;1;3.97459842815806E-14;
Elapsed=00:00:00.0021006
Learning progress:
1;213.232777777778 * time_passes + -9.53611111111135 * ipsccp;1.59960852590945;1.59960852590945;1.59960852590945;1.59960852590945;0.000552;2;-9.53611111111135 * ipsccp;1;2.32227261117888;
2;213.105 * time_passes + -9.60000000000014 * ipsccp + 0.191666666666535 * simplifycfg;1.52132100639111;1.52132100639111;1.52132100639111;1.52132100639111;0.001964;3;0.191666666666535 * simplifycfg;1;0.0782875195183337;
Elapsed=00:00:00.0020351
Learning progress:
1;204.296666666666 * time_passes + 9.97250000000003 * inline;0.886824360041297;0.886824360041297;0.886824360041297;0.886824360041297;0.00057;2;9.97250000000003 * inline;1;1.61099858724432;
Elapsed=00:00:00.0006363
Learning progress:
1;212.833809523809 * time_passes + -10.3754761904764 * ipsccp;0.603939842549767;0.603939842549767;0.603939842549767;0.603939842549767;0.000572;2;-10.3754761904764 * ipsccp;1;3.61860073451054;
Elapsed=00:00:00.0006448
Learning progress:
1;211.672777777778 * time_passes + -6.01944444444467 * print_used_types;0.827134243055255;0.827134243055255;0.827134243055255;0.827134243055255;0.000559;2;-6.01944444444467 * print_used_types;1;1.01365960265775;
Elapsed=00:00:00.0006278
Learning progress:
1;204.571666666666 * time_passes + 8.07499999999996 * inline;1.56416288899057;1.56416288899057;1.56416288899057;1.56416288899057;0.000631;2;8.07499999999996 * inline;1;2.79855661332212;
2;208.193333333333 * time_passes + 4.45333333333302 * inline + -5.43250000000044 * ipsccp;1.56416288899053;1.56416288899053;1.56416288899053;1.56416288899053;0.002383;3;-5.43250000000044 * ipsccp;1;3.97459842815806E-14;
Elapsed=00:00:00.0024661
Learning progress:
1;213.232777777778 * time_passes + -9.53611111111135 * ipsccp;1.59960852590945;1.59960852590945;1.59960852590945;1.59960852590945;0.00055;2;-9.53611111111135 * ipsccp;1;2.32227261117888;
2;213.105 * time_passes + -9.60000000000014 * ipsccp + 0.191666666666535 * simplifycfg;1.52132100639111;1.52132100639111;1.52132100639111;1.52132100639111;0.001979;3;0.191666666666535 * simplifycfg;1;0.0782875195183337;
Elapsed=00:00:00.0020506
Learning progress:
1;204.296666666666 * time_passes + 9.97250000000003 * inline;0.886824360041297;0.886824360041297;0.886824360041297;0.886824360041297;0.000566;2;9.97250000000003 * inline;1;1.61099858724432;
Elapsed=00:00:00.0006326
Learning progress:
1;212.833809523809 * time_passes + -10.3754761904764 * ipsccp;0.603939842549767;0.603939842549767;0.603939842549767;0.603939842549767;0.000567;2;-10.3754761904764 * ipsccp;1;3.61860073451054;
Elapsed=00:00:00.0006392
Learning progress:
1;211.672777777778 * time_passes + -6.01944444444467 * print_used_types;0.827134243055255;0.827134243055255;0.827134243055255;0.827134243055255;0.000564;2;-6.01944444444467 * print_used_types;1;1.01365960265775;
Elapsed=00:00:00.0006325
Learning progress:
1;204.571666666666 * time_passes + 8.07499999999996 * inline;1.56416288899057;1.56416288899057;1.56416288899057;1.56416288899057;0.0006;2;8.07499999999996 * inline;1;2.79855661332212;
2;208.193333333333 * time_passes + 4.45333333333302 * inline + -5.43250000000044 * ipsccp;1.56416288899053;1.56416288899053;1.56416288899053;1.56416288899053;0.001959;3;-5.43250000000044 * ipsccp;1;3.97459842815806E-14;
Elapsed=00:00:00.0020406
Learning progress:
1;213.232777777778 * time_passes + -9.53611111111135 * ipsccp;1.59960852590945;1.59960852590945;1.59960852590945;1.59960852590945;0.000569;2;-9.53611111111135 * ipsccp;1;2.32227261117888;
2;213.105 * time_passes + -9.60000000000014 * ipsccp + 0.191666666666535 * simplifycfg;1.52132100639111;1.52132100639111;1.52132100639111;1.52132100639111;0.001978;3;0.191666666666535 * simplifycfg;1;0.0782875195183337;
Elapsed=00:00:00.0020499
Learning progress:
1;204.296666666666 * time_passes + 9.97250000000003 * inline;0.886824360041297;0.886824360041297;0.886824360041297;0.886824360041297;0.000592;2;9.97250000000003 * inline;1;1.61099858724432;
Elapsed=00:00:00.0006830
Learning progress:
1;212.833809523809 * time_passes + -10.3754761904764 * ipsccp;0.603939842549767;0.603939842549767;0.603939842549767;0.603939842549767;0.000573;2;-10.3754761904764 * ipsccp;1;3.61860073451054;
Elapsed=00:00:00.0006444
Learning progress:
1;211.672777777778 * time_passes + -6.01944444444467 * print_used_types;0.827134243055255;0.827134243055255;0.827134243055255;0.827134243055255;0.000562;2;-6.01944444444467 * print_used_types;1;1.01365960265775;
Elapsed=00:00:00.0006295
Learning progress:
1;204.571666666666 * time_passes + 8.07499999999996 * inline;1.56416288899057;1.56416288899057;1.56416288899057;1.56416288899057;0.0006;2;8.07499999999996 * inline;1;2.79855661332212;
2;208.193333333333 * time_passes + 4.45333333333302 * inline + -5.43250000000044 * ipsccp;1.56416288899053;1.56416288899053;1.56416288899053;1.56416288899053;0.001981;3;-5.43250000000044 * ipsccp;1;3.97459842815806E-14;
Elapsed=00:00:00.0020626
Learning progress:
1;213.232777777778 * time_passes + -9.53611111111135 * ipsccp;1.59960852590945;1.59960852590945;1.59960852590945;1.59960852590945;0.000571;2;-9.53611111111135 * ipsccp;1;2.32227261117888;
2;213.105 * time_passes + -9.60000000000014 * ipsccp + 0.191666666666535 * simplifycfg;1.52132100639111;1.52132100639111;1.52132100639111;1.52132100639111;0.001991;3;0.191666666666535 * simplifycfg;1;0.0782875195183337;
Elapsed=00:00:00.0020803
Learning progress:
1;204.296666666666 * time_passes + 9.97250000000003 * inline;0.886824360041297;0.886824360041297;0.886824360041297;0.886824360041297;0.000567;2;9.97250000000003 * inline;1;1.61099858724432;
Elapsed=00:00:00.0006353
Learning progress:
1;212.833809523809 * time_passes + -10.3754761904764 * ipsccp;0.603939842549767;0.603939842549767;0.603939842549767;0.603939842549767;0.000568;2;-10.3754761904764 * ipsccp;1;3.61860073451054;
Elapsed=00:00:00.0006408
Learning progress:
1;211.672777777778 * time_passes + -6.01944444444467 * print_used_types;0.827134243055255;0.827134243055255;0.827134243055255;0.827134243055255;0.000604;2;-6.01944444444467 * print_used_types;1;1.01365960265775;
Elapsed=00:00:00.0006769
Learning progress:
1;204.571666666666 * time_passes + 8.07499999999996 * inline;1.56416288899057;1.56416288899057;1.56416288899057;1.56416288899057;0.000599;2;8.07499999999996 * inline;1;2.79855661332212;
2;208.193333333333 * time_passes + 4.45333333333302 * inline + -5.43250000000044 * ipsccp;1.56416288899053;1.56416288899053;1.56416288899053;1.56416288899053;0.001966;3;-5.43250000000044 * ipsccp;1;3.97459842815806E-14;
Elapsed=00:00:00.0020477
Learning progress:
1;213.232777777778 * time_passes + -9.53611111111135 * ipsccp;1.59960852590945;1.59960852590945;1.59960852590945;1.59960852590945;0.000639;2;-9.53611111111135 * ipsccp;1;2.32227261117888;
2;213.105 * time_passes + -9.60000000000014 * ipsccp + 0.191666666666535 * simplifycfg;1.52132100639111;1.52132100639111;1.52132100639111;1.52132100639111;0.002122;3;0.191666666666535 * simplifycfg;1;0.0782875195183337;
Elapsed=00:00:00.0021927
Learning progress:
1;204.296666666666 * time_passes + 9.97250000000003 * inline;0.886824360041297;0.886824360041297;0.886824360041297;0.886824360041297;0.000562;2;9.97250000000003 * inline;1;1.61099858724432;
Elapsed=00:00:00.0006288
Learning progress:
1;212.833809523809 * time_passes + -10.3754761904764 * ipsccp;0.603939842549767;0.603939842549767;0.603939842549767;0.603939842549767;0.000648;2;-10.3754761904764 * ipsccp;1;3.61860073451054;
Elapsed=00:00:00.0007216
Learning progress:
1;211.672777777778 * time_passes + -6.01944444444467 * print_used_types;0.827134243055255;0.827134243055255;0.827134243055255;0.827134243055255;0.000562;2;-6.01944444444467 * print_used_types;1;1.01365960265775;
Elapsed=00:00:00.0006303
Learning progress:
1;204.571666666666 * time_passes + 8.07499999999996 * inline;1.56416288899057;1.56416288899057;1.56416288899057;1.56416288899057;0.000599;2;8.07499999999996 * inline;1;2.79855661332212;
2;208.193333333333 * time_passes + 4.45333333333302 * inline + -5.43250000000044 * ipsccp;1.56416288899053;1.56416288899053;1.56416288899053;1.56416288899053;0.002024;3;-5.43250000000044 * ipsccp;1;3.97459842815806E-14;
Elapsed=00:00:00.0021059
Learning progress:
1;213.232777777778 * time_passes + -9.53611111111135 * ipsccp;1.59960852590945;1.59960852590945;1.59960852590945;1.59960852590945;0.000557;2;-9.53611111111135 * ipsccp;1;2.32227261117888;
2;213.105 * time_passes + -9.60000000000014 * ipsccp + 0.191666666666535 * simplifycfg;1.52132100639111;1.52132100639111;1.52132100639111;1.52132100639111;0.001965;3;0.191666666666535 * simplifycfg;1;0.0782875195183337;
Elapsed=00:00:00.0020356
Learning progress:
1;204.296666666666 * time_passes + 9.97250000000003 * inline;0.886824360041297;0.886824360041297;0.886824360041297;0.886824360041297;0.000623;2;9.97250000000003 * inline;1;1.61099858724432;
Elapsed=00:00:00.0006895
Learning progress:
1;212.833809523809 * time_passes + -10.3754761904764 * ipsccp;0.603939842549767;0.603939842549767;0.603939842549767;0.603939842549767;0.000568;2;-10.3754761904764 * ipsccp;1;3.61860073451054;
Elapsed=00:00:00.0006396
Learning progress:
1;211.672777777778 * time_passes + -6.01944444444467 * print_used_types;0.827134243055255;0.827134243055255;0.827134243055255;0.827134243055255;0.000989;2;-6.01944444444467 * print_used_types;1;1.01365960265775;
Elapsed=00:00:00.0010581
Learning progress:
1;204.571666666666 * time_passes + 8.07499999999996 * inline;1.56416288899057;1.56416288899057;1.56416288899057;1.56416288899057;0.000628;2;8.07499999999996 * inline;1;2.79855661332212;
2;208.193333333333 * time_passes + 4.45333333333302 * inline + -5.43250000000044 * ipsccp;1.56416288899053;1.56416288899053;1.56416288899053;1.56416288899053;0.001988;3;-5.43250000000044 * ipsccp;1;3.97459842815806E-14;
Elapsed=00:00:00.0020702
Learning progress:
1;213.232777777778 * time_passes + -9.53611111111135 * ipsccp;1.59960852590945;1.59960852590945;1.59960852590945;1.59960852590945;0.000555;2;-9.53611111111135 * ipsccp;1;2.32227261117888;
2;213.105 * time_passes + -9.60000000000014 * ipsccp + 0.191666666666535 * simplifycfg;1.52132100639111;1.52132100639111;1.52132100639111;1.52132100639111;0.002021;3;0.191666666666535 * simplifycfg;1;0.0782875195183337;
Elapsed=00:00:00.0020919
Learning progress:
1;204.296666666666 * time_passes + 9.97250000000003 * inline;0.886824360041297;0.886824360041297;0.886824360041297;0.886824360041297;0.000564;2;9.97250000000003 * inline;1;1.61099858724432;
Elapsed=00:00:00.0006351
Learning progress:
1;212.833809523809 * time_passes + -10.3754761904764 * ipsccp;0.603939842549767;0.603939842549767;0.603939842549767;0.603939842549767;0.00057;2;-10.3754761904764 * ipsccp;1;3.61860073451054;
Elapsed=00:00:00.0006421
Learning progress:
1;211.672777777778 * time_passes + -6.01944444444467 * print_used_types;0.827134243055255;0.827134243055255;0.827134243055255;0.827134243055255;0.000594;2;-6.01944444444467 * print_used_types;1;1.01365960265775;
Elapsed=00:00:00.0006621
Learning progress:
1;204.571666666666 * time_passes + 8.07499999999996 * inline;1.56416288899057;1.56416288899057;1.56416288899057;1.56416288899057;0.000621;2;8.07499999999996 * inline;1;2.79855661332212;
2;208.193333333333 * time_passes + 4.45333333333302 * inline + -5.43250000000044 * ipsccp;1.56416288899053;1.56416288899053;1.56416288899053;1.56416288899053;0.002421;3;-5.43250000000044 * ipsccp;1;3.97459842815806E-14;
Elapsed=00:00:00.0025042
Learning progress:
1;213.232777777778 * time_passes + -9.53611111111135 * ipsccp;1.59960852590945;1.59960852590945;1.59960852590945;1.59960852590945;0.000555;2;-9.53611111111135 * ipsccp;1;2.32227261117888;
2;213.105 * time_passes + -9.60000000000014 * ipsccp + 0.191666666666535 * simplifycfg;1.52132100639111;1.52132100639111;1.52132100639111;1.52132100639111;0.001965;3;0.191666666666535 * simplifycfg;1;0.0782875195183337;
Elapsed=00:00:00.0020370
Learning progress:
1;204.296666666666 * time_passes + 9.97250000000003 * inline;0.886824360041297;0.886824360041297;0.886824360041297;0.886824360041297;0.000562;2;9.97250000000003 * inline;1;1.61099858724432;
Elapsed=00:00:00.0006290
Learning progress:
1;212.833809523809 * time_passes + -10.3754761904764 * ipsccp;0.603939842549767;0.603939842549767;0.603939842549767;0.603939842549767;0.000647;2;-10.3754761904764 * ipsccp;1;3.61860073451054;
Elapsed=00:00:00.0007433
Learning progress:
1;211.672777777778 * time_passes + -6.01944444444467 * print_used_types;0.827134243055255;0.827134243055255;0.827134243055255;0.827134243055255;0.000593;2;-6.01944444444467 * print_used_types;1;1.01365960265775;
Elapsed=00:00:00.0006652
Learning progress:
1;204.571666666666 * time_passes + 8.07499999999996 * inline;1.56416288899057;1.56416288899057;1.56416288899057;1.56416288899057;0.000641;2;8.07499999999996 * inline;1;2.79855661332212;
2;208.193333333333 * time_passes + 4.45333333333302 * inline + -5.43250000000044 * ipsccp;1.56416288899053;1.56416288899053;1.56416288899053;1.56416288899053;0.00212;3;-5.43250000000044 * ipsccp;1;3.97459842815806E-14;
Elapsed=00:00:00.0022066
Learning progress:
1;213.232777777778 * time_passes + -9.53611111111135 * ipsccp;1.59960852590945;1.59960852590945;1.59960852590945;1.59960852590945;0.000604;2;-9.53611111111135 * ipsccp;1;2.32227261117888;
2;213.105 * time_passes + -9.60000000000014 * ipsccp + 0.191666666666535 * simplifycfg;1.52132100639111;1.52132100639111;1.52132100639111;1.52132100639111;0.002142;3;0.191666666666535 * simplifycfg;1;0.0782875195183337;
Elapsed=00:00:00.0022177
Learning progress:
1;204.296666666666 * time_passes + 9.97250000000003 * inline;0.886824360041297;0.886824360041297;0.886824360041297;0.886824360041297;0.000598;2;9.97250000000003 * inline;1;1.61099858724432;
Elapsed=00:00:00.0006681
Learning progress:
1;212.833809523809 * time_passes + -10.3754761904764 * ipsccp;0.603939842549767;0.603939842549767;0.603939842549767;0.603939842549767;0.000603;2;-10.3754761904764 * ipsccp;1;3.61860073451054;
Elapsed=00:00:00.0006800
Learning progress:
1;211.672777777778 * time_passes + -6.01944444444467 * print_used_types;0.827134243055255;0.827134243055255;0.827134243055255;0.827134243055255;0.000667;2;-6.01944444444467 * print_used_types;1;1.01365960265775;
Elapsed=00:00:00.0007394
Learning progress:
1;204.571666666666 * time_passes + 8.07499999999996 * inline;1.56416288899057;1.56416288899057;1.56416288899057;1.56416288899057;0.000652;2;8.07499999999996 * inline;1;2.79855661332212;
2;208.193333333333 * time_passes + 4.45333333333302 * inline + -5.43250000000044 * ipsccp;1.56416288899053;1.56416288899053;1.56416288899053;1.56416288899053;0.002117;3;-5.43250000000044 * ipsccp;1;3.97459842815806E-14;
Elapsed=00:00:00.0022035
Learning progress:
1;213.232777777778 * time_passes + -9.53611111111135 * ipsccp;1.59960852590945;1.59960852590945;1.59960852590945;1.59960852590945;0.000606;2;-9.53611111111135 * ipsccp;1;2.32227261117888;
2;213.105 * time_passes + -9.60000000000014 * ipsccp + 0.191666666666535 * simplifycfg;1.52132100639111;1.52132100639111;1.52132100639111;1.52132100639111;0.002106;3;0.191666666666535 * simplifycfg;1;0.0782875195183337;
Elapsed=00:00:00.0021827
Learning progress:
1;204.296666666666 * time_passes + 9.97250000000003 * inline;0.886824360041297;0.886824360041297;0.886824360041297;0.886824360041297;0.000638;2;9.97250000000003 * inline;1;1.61099858724432;
Elapsed=00:00:00.0007119
Learning progress:
1;212.833809523809 * time_passes + -10.3754761904764 * ipsccp;0.603939842549767;0.603939842549767;0.603939842549767;0.603939842549767;0.000603;2;-10.3754761904764 * ipsccp;1;3.61860073451054;
Elapsed=00:00:00.0006790
Learning progress:
1;211.672777777778 * time_passes + -6.01944444444467 * print_used_types;0.827134243055255;0.827134243055255;0.827134243055255;0.827134243055255;0.000592;2;-6.01944444444467 * print_used_types;1;1.01365960265775;
Elapsed=00:00:00.0006632
Learning progress:
1;204.571666666666 * time_passes + 8.07499999999996 * inline;1.56416288899057;1.56416288899057;1.56416288899057;1.56416288899057;0.000672;2;8.07499999999996 * inline;1;2.79855661332212;
2;208.193333333333 * time_passes + 4.45333333333302 * inline + -5.43250000000044 * ipsccp;1.56416288899053;1.56416288899053;1.56416288899053;1.56416288899053;0.002071;3;-5.43250000000044 * ipsccp;1;3.97459842815806E-14;
Elapsed=00:00:00.0021525
Learning progress:
1;213.232777777778 * time_passes + -9.53611111111135 * ipsccp;1.59960852590945;1.59960852590945;1.59960852590945;1.59960852590945;0.000576;2;-9.53611111111135 * ipsccp;1;2.32227261117888;
2;213.105 * time_passes + -9.60000000000014 * ipsccp + 0.191666666666535 * simplifycfg;1.52132100639111;1.52132100639111;1.52132100639111;1.52132100639111;0.002053;3;0.191666666666535 * simplifycfg;1;0.0782875195183337;
Elapsed=00:00:00.0021249
Learning progress:
1;204.296666666666 * time_passes + 9.97250000000003 * inline;0.886824360041297;0.886824360041297;0.886824360041297;0.886824360041297;0.000562;2;9.97250000000003 * inline;1;1.61099858724432;
Elapsed=00:00:00.0006288
Learning progress:
1;212.833809523809 * time_passes + -10.3754761904764 * ipsccp;0.603939842549767;0.603939842549767;0.603939842549767;0.603939842549767;0.000586;2;-10.3754761904764 * ipsccp;1;3.61860073451054;
Elapsed=00:00:00.0006601
Learning progress:
1;211.672777777778 * time_passes + -6.01944444444467 * print_used_types;0.827134243055255;0.827134243055255;0.827134243055255;0.827134243055255;0.000591;2;-6.01944444444467 * print_used_types;1;1.01365960265775;
Elapsed=00:00:00.0006595
Learning progress:
1;204.571666666666 * time_passes + 8.07499999999996 * inline;1.56416288899057;1.56416288899057;1.56416288899057;1.56416288899057;0.000599;2;8.07499999999996 * inline;1;2.79855661332212;
2;208.193333333333 * time_passes + 4.45333333333302 * inline + -5.43250000000044 * ipsccp;1.56416288899053;1.56416288899053;1.56416288899053;1.56416288899053;0.001961;3;-5.43250000000044 * ipsccp;1;3.97459842815806E-14;
Elapsed=00:00:00.0020425
Learning progress:
1;213.232777777778 * time_passes + -9.53611111111135 * ipsccp;1.59960852590945;1.59960852590945;1.59960852590945;1.59960852590945;0.000575;2;-9.53611111111135 * ipsccp;1;2.32227261117888;
2;213.105 * time_passes + -9.60000000000014 * ipsccp + 0.191666666666535 * simplifycfg;1.52132100639111;1.52132100639111;1.52132100639111;1.52132100639111;0.001984;3;0.191666666666535 * simplifycfg;1;0.0782875195183337;
Elapsed=00:00:00.0020548
Learning progress:
1;204.296666666666 * time_passes + 9.97250000000003 * inline;0.886824360041297;0.886824360041297;0.886824360041297;0.886824360041297;0.000565;2;9.97250000000003 * inline;1;1.61099858724432;
Elapsed=00:00:00.0006364
Learning progress:
1;212.833809523809 * time_passes + -10.3754761904764 * ipsccp;0.603939842549767;0.603939842549767;0.603939842549767;0.603939842549767;0.000626;2;-10.3754761904764 * ipsccp;1;3.61860073451054;
Elapsed=00:00:00.0006990
Learning progress:
1;211.672777777778 * time_passes + -6.01944444444467 * print_used_types;0.827134243055255;0.827134243055255;0.827134243055255;0.827134243055255;0.001016;2;-6.01944444444467 * print_used_types;1;1.01365960265775;
Elapsed=00:00:00.0010868
Learning progress:
1;204.571666666666 * time_passes + 8.07499999999996 * inline;1.56416288899057;1.56416288899057;1.56416288899057;1.56416288899057;0.000601;2;8.07499999999996 * inline;1;2.79855661332212;
2;208.193333333333 * time_passes + 4.45333333333302 * inline + -5.43250000000044 * ipsccp;1.56416288899053;1.56416288899053;1.56416288899053;1.56416288899053;0.002019;3;-5.43250000000044 * ipsccp;1;3.97459842815806E-14;
Elapsed=00:00:00.0021012
Learning progress:
1;213.232777777778 * time_passes + -9.53611111111135 * ipsccp;1.59960852590945;1.59960852590945;1.59960852590945;1.59960852590945;0.000553;2;-9.53611111111135 * ipsccp;1;2.32227261117888;
2;213.105 * time_passes + -9.60000000000014 * ipsccp + 0.191666666666535 * simplifycfg;1.52132100639111;1.52132100639111;1.52132100639111;1.52132100639111;0.001961;3;0.191666666666535 * simplifycfg;1;0.0782875195183337;
Elapsed=00:00:00.0020322
Learning progress:
1;204.296666666666 * time_passes + 9.97250000000003 * inline;0.886824360041297;0.886824360041297;0.886824360041297;0.886824360041297;0.000583;2;9.97250000000003 * inline;1;1.61099858724432;
Elapsed=00:00:00.0006497
Learning progress:
1;212.833809523809 * time_passes + -10.3754761904764 * ipsccp;0.603939842549767;0.603939842549767;0.603939842549767;0.603939842549767;0.000571;2;-10.3754761904764 * ipsccp;1;3.61860073451054;
Elapsed=00:00:00.0006427
Learning progress:
1;211.672777777778 * time_passes + -6.01944444444467 * print_used_types;0.827134243055255;0.827134243055255;0.827134243055255;0.827134243055255;0.00056;2;-6.01944444444467 * print_used_types;1;1.01365960265775;
Elapsed=00:00:00.0006283
Learning progress:
1;204.571666666666 * time_passes + 8.07499999999996 * inline;1.56416288899057;1.56416288899057;1.56416288899057;1.56416288899057;0.000653;2;8.07499999999996 * inline;1;2.79855661332212;
2;208.193333333333 * time_passes + 4.45333333333302 * inline + -5.43250000000044 * ipsccp;1.56416288899053;1.56416288899053;1.56416288899053;1.56416288899053;0.002488;3;-5.43250000000044 * ipsccp;1;3.97459842815806E-14;
Elapsed=00:00:00.0025709
Learning progress:
1;213.232777777778 * time_passes + -9.53611111111135 * ipsccp;1.59960852590945;1.59960852590945;1.59960852590945;1.59960852590945;0.000554;2;-9.53611111111135 * ipsccp;1;2.32227261117888;
2;213.105 * time_passes + -9.60000000000014 * ipsccp + 0.191666666666535 * simplifycfg;1.52132100639111;1.52132100639111;1.52132100639111;1.52132100639111;0.001993;3;0.191666666666535 * simplifycfg;1;0.0782875195183337;
Elapsed=00:00:00.0020641
Learning progress:
1;204.296666666666 * time_passes + 9.97250000000003 * inline;0.886824360041297;0.886824360041297;0.886824360041297;0.886824360041297;0.000565;2;9.97250000000003 * inline;1;1.61099858724432;
Elapsed=00:00:00.0006305
Learning progress:
1;212.833809523809 * time_passes + -10.3754761904764 * ipsccp;0.603939842549767;0.603939842549767;0.603939842549767;0.603939842549767;0.000569;2;-10.3754761904764 * ipsccp;1;3.61860073451054;
Elapsed=00:00:00.0006415
Learning progress:
1;211.672777777778 * time_passes + -6.01944444444467 * print_used_types;0.827134243055255;0.827134243055255;0.827134243055255;0.827134243055255;0.000565;2;-6.01944444444467 * print_used_types;1;1.01365960265775;
Elapsed=00:00:00.0006330
Learning progress:
1;204.571666666666 * time_passes + 8.07499999999996 * inline;1.56416288899057;1.56416288899057;1.56416288899057;1.56416288899057;0.000601;2;8.07499999999996 * inline;1;2.79855661332212;
2;208.193333333333 * time_passes + 4.45333333333302 * inline + -5.43250000000044 * ipsccp;1.56416288899053;1.56416288899053;1.56416288899053;1.56416288899053;0.001961;3;-5.43250000000044 * ipsccp;1;3.97459842815806E-14;
Elapsed=00:00:00.0020484
Learning progress:
1;213.232777777778 * time_passes + -9.53611111111135 * ipsccp;1.59960852590945;1.59960852590945;1.59960852590945;1.59960852590945;0.000568;2;-9.53611111111135 * ipsccp;1;2.32227261117888;
2;213.105 * time_passes + -9.60000000000014 * ipsccp + 0.191666666666535 * simplifycfg;1.52132100639111;1.52132100639111;1.52132100639111;1.52132100639111;0.001978;3;0.191666666666535 * simplifycfg;1;0.0782875195183337;
Elapsed=00:00:00.0020500
Learning progress:
1;204.296666666666 * time_passes + 9.97250000000003 * inline;0.886824360041297;0.886824360041297;0.886824360041297;0.886824360041297;0.000563;2;9.97250000000003 * inline;1;1.61099858724432;
Elapsed=00:00:00.0006470
Learning progress:
1;212.833809523809 * time_passes + -10.3754761904764 * ipsccp;0.603939842549767;0.603939842549767;0.603939842549767;0.603939842549767;0.000571;2;-10.3754761904764 * ipsccp;1;3.61860073451054;
Elapsed=00:00:00.0006431
Learning progress:
1;211.672777777778 * time_passes + -6.01944444444467 * print_used_types;0.827134243055255;0.827134243055255;0.827134243055255;0.827134243055255;0.000559;2;-6.01944444444467 * print_used_types;1;1.01365960265775;
Elapsed=00:00:00.0006276
Learning progress:
1;204.571666666666 * time_passes + 8.07499999999996 * inline;1.56416288899057;1.56416288899057;1.56416288899057;1.56416288899057;0.0006;2;8.07499999999996 * inline;1;2.79855661332212;
2;208.193333333333 * time_passes + 4.45333333333302 * inline + -5.43250000000044 * ipsccp;1.56416288899053;1.56416288899053;1.56416288899053;1.56416288899053;0.001975;3;-5.43250000000044 * ipsccp;1;3.97459842815806E-14;
Elapsed=00:00:00.0020568
Learning progress:
1;213.232777777778 * time_passes + -9.53611111111135 * ipsccp;1.59960852590945;1.59960852590945;1.59960852590945;1.59960852590945;0.00057;2;-9.53611111111135 * ipsccp;1;2.32227261117888;
2;213.105 * time_passes + -9.60000000000014 * ipsccp + 0.191666666666535 * simplifycfg;1.52132100639111;1.52132100639111;1.52132100639111;1.52132100639111;0.001983;3;0.191666666666535 * simplifycfg;1;0.0782875195183337;
Elapsed=00:00:00.0020555
Learning progress:
1;204.296666666666 * time_passes + 9.97250000000003 * inline;0.886824360041297;0.886824360041297;0.886824360041297;0.886824360041297;0.000569;2;9.97250000000003 * inline;1;1.61099858724432;
Elapsed=00:00:00.0006371
Learning progress:
1;212.833809523809 * time_passes + -10.3754761904764 * ipsccp;0.603939842549767;0.603939842549767;0.603939842549767;0.603939842549767;0.000568;2;-10.3754761904764 * ipsccp;1;3.61860073451054;
Elapsed=00:00:00.0006402
Learning progress:
1;211.672777777778 * time_passes + -6.01944444444467 * print_used_types;0.827134243055255;0.827134243055255;0.827134243055255;0.827134243055255;0.00059;2;-6.01944444444467 * print_used_types;1;1.01365960265775;
Elapsed=00:00:00.0006636
Learning progress:
1;204.571666666666 * time_passes + 8.07499999999996 * inline;1.56416288899057;1.56416288899057;1.56416288899057;1.56416288899057;0.000601;2;8.07499999999996 * inline;1;2.79855661332212;
2;208.193333333333 * time_passes + 4.45333333333302 * inline + -5.43250000000044 * ipsccp;1.56416288899053;1.56416288899053;1.56416288899053;1.56416288899053;0.00196;3;-5.43250000000044 * ipsccp;1;3.97459842815806E-14;
Elapsed=00:00:00.0020421
Learning progress:
1;213.232777777778 * time_passes + -9.53611111111135 * ipsccp;1.59960852590945;1.59960852590945;1.59960852590945;1.59960852590945;0.000569;2;-9.53611111111135 * ipsccp;1;2.32227261117888;
2;213.105 * time_passes + -9.60000000000014 * ipsccp + 0.191666666666535 * simplifycfg;1.52132100639111;1.52132100639111;1.52132100639111;1.52132100639111;0.002;3;0.191666666666535 * simplifycfg;1;0.0782875195183337;
Elapsed=00:00:00.0020710
Learning progress:
1;204.296666666666 * time_passes + 9.97250000000003 * inline;0.886824360041297;0.886824360041297;0.886824360041297;0.886824360041297;0.000563;2;9.97250000000003 * inline;1;1.61099858724432;
Elapsed=00:00:00.0006355
Learning progress:
1;212.833809523809 * time_passes + -10.3754761904764 * ipsccp;0.603939842549767;0.603939842549767;0.603939842549767;0.603939842549767;0.000644;2;-10.3754761904764 * ipsccp;1;3.61860073451054;
Elapsed=00:00:00.0007179
Learning progress:
1;211.672777777778 * time_passes + -6.01944444444467 * print_used_types;0.827134243055255;0.827134243055255;0.827134243055255;0.827134243055255;0.00056;2;-6.01944444444467 * print_used_types;1;1.01365960265775;
Elapsed=00:00:00.0006288
Learning progress:
1;204.571666666666 * time_passes + 8.07499999999996 * inline;1.56416288899057;1.56416288899057;1.56416288899057;1.56416288899057;0.000599;2;8.07499999999996 * inline;1;2.79855661332212;
2;208.193333333333 * time_passes + 4.45333333333302 * inline + -5.43250000000044 * ipsccp;1.56416288899053;1.56416288899053;1.56416288899053;1.56416288899053;0.001999;3;-5.43250000000044 * ipsccp;1;3.97459842815806E-14;
Elapsed=00:00:00.0020990
Learning progress:
1;213.232777777778 * time_passes + -9.53611111111135 * ipsccp;1.59960852590945;1.59960852590945;1.59960852590945;1.59960852590945;0.000553;2;-9.53611111111135 * ipsccp;1;2.32227261117888;
2;213.105 * time_passes + -9.60000000000014 * ipsccp + 0.191666666666535 * simplifycfg;1.52132100639111;1.52132100639111;1.52132100639111;1.52132100639111;0.001959;3;0.191666666666535 * simplifycfg;1;0.0782875195183337;
Elapsed=00:00:00.0020308
Learning progress:
1;204.296666666666 * time_passes + 9.97250000000003 * inline;0.886824360041297;0.886824360041297;0.886824360041297;0.886824360041297;0.000601;2;9.97250000000003 * inline;1;1.61099858724432;
Elapsed=00:00:00.0006720
Learning progress:
1;212.833809523809 * time_passes + -10.3754761904764 * ipsccp;0.603939842549767;0.603939842549767;0.603939842549767;0.603939842549767;0.00057;2;-10.3754761904764 * ipsccp;1;3.61860073451054;
Elapsed=00:00:00.0006419
Learning progress:
1;211.672777777778 * time_passes + -6.01944444444467 * print_used_types;0.827134243055255;0.827134243055255;0.827134243055255;0.827134243055255;0.001098;2;-6.01944444444467 * print_used_types;1;1.01365960265775;
Elapsed=00:00:00.0011690
Error of optimal parameters: 1.08067646820559
Optimal parameters abortError:1;minImprovementPerRound:0.1;lossFunction:RELATIVE;quadraticFunctionSupport:True;learn-logFunction:True;learn-asymFunction:True;learn-ratioFunction:True;withHierarchy:False;useBackward:False;
Learning progress:
1;204.571666666666 * time_passes + 10.1183333333332 * inline;1.33665519074177;1.33665519074177;1.33665519074177;1.33665519074177;0.000894;2;10.1183333333332 * inline;1;1.19317583032286;
2;208.193333333333 * time_passes + 6.49666666666642 * inline + -5.43250000000045 * ipsccp;1.19091221601808;1.19091221601808;1.19091221601808;1.19091221601808;0.002778;3;-5.43250000000045 * ipsccp;1;0.145742974723682;
3;208.193333333333 * time_passes + 6.49666666666645 * inline + -8.24000000000032 * ipsccp + 3.74333333333331 * ipsccp * simplifycfg;1.02226857002774;1.02226857002774;1.02226857002774;1.02226857002774;0.00573;5;3.74333333333331 * ipsccp * simplifycfg;2;0.0843218229951741;
Elapsed=00:00:00.0064537
command: clean-sampling
command: clean-global
command: script ./learn_solverBased_t2.a
command: log ./out_solverBased_t2Predictions.log
