Current machine learning settings: epsilon:0 lossFunction:RELATIVE parallelization:True bagging:False baggingNumbers:3 considerEpsilonTube:False baggingTestDataFraction:50 useBackward:False abortError:1 limitFeatureSize:False featureSizeTreshold:4 quadraticFunctionSupport:True crossValidation:False crossValidation-k:5 learn-logFunction:False learn-accumulatedLogFunction:False learn-asymFunction:False learn-ratioFunction:False learn-mirrowedFunction:False learn-numeric-disabled:True numberOfRounds:70 backwardErrorDelta:1 minImprovementPerRound:0.1 withHierarchy:False bruteForceCandidates:False ignoreBadFeatures:False stopOnLongRound:True candidateSizePenalty:True learnTimeLimit:00:00:00 scoreMeasure:RELERROR outputRoundsToStdout:False debug:False pythonInfluenceAnalysis:False blacklisted: 
command: solver z3
command: vm /scratch/kallistos/Distance-Based_Data/SupplementaryWebsite/MeasuredPerformanceValues/Hipacc/FeatureModel.xml
Warning: Variability model contains outdated notation. Children nodes will no longer have effect on the model. Instead use the parent node to describe the parent of an configuration option. You can also use the converter providedby the Variability Model GUI in export>convert legacy model.
Warning: Default value nodes in models are no longer used and should be removed. You can also use the converter provided by the Variability Model GUI in export>convert legacy model to update your model.
command: all /scratch/kallistos/Distance-Based_Data/SupplementaryWebsite/MeasuredPerformanceValues/Hipacc/measurements.xml
Configs with too large deviation: 0
13485 configurations loaded.
command: binary grammar-based numConfigs:50 seed:38
command: printconfigs ./sampledConfigurations_grammarBased_t1.csv
invalid number: 10732 respective config: API, OpenCL, TextureMemory, Ldg, LocalMemory, Blocksize, bs_128x8, padding, padding_448, pixelPerThread, pixelPerThread_1, root
invalid number: 10919 respective config: API, OpenCL, TextureMemory, Ldg, LocalMemory, Blocksize, bs_512x2, padding, padding_288, pixelPerThread, pixelPerThread_4, root
invalid number: 20106 respective config: API, CUDA, TextureMemory, Array2D, Blocksize, bs_32x8, padding, padding_352, pixelPerThread, pixelPerThread_3, root
invalid number: 12653 respective config: API, OpenCL, TextureMemory, Blocksize, bs_64x8, padding, padding_32, pixelPerThread, pixelPerThread_2, root
invalid number: 546 respective config: API, OpenCL, TextureMemory, Linear1D, Blocksize, bs_128x2, padding, padding_0, pixelPerThread, pixelPerThread_3, root
invalid number: 28341 respective config: API, CUDA, TextureMemory, LocalMemory, Blocksize, bs_64x2, padding, padding_416, pixelPerThread, pixelPerThread_2, root
invalid number: 4716 respective config: API, OpenCL, TextureMemory, Linear2D, LocalMemory, Blocksize, bs_64x16, padding, padding_192, pixelPerThread, pixelPerThread_1, root
invalid number: 4018 respective config: API, OpenCL, TextureMemory, Linear2D, Blocksize, bs_64x2, padding, padding_32, pixelPerThread, pixelPerThread_3, root
invalid number: 28383 respective config: API, CUDA, TextureMemory, LocalMemory, Blocksize, bs_64x8, padding, padding_192, pixelPerThread, pixelPerThread_4, root
invalid number: 1966 respective config: API, OpenCL, TextureMemory, Linear1D, LocalMemory, Blocksize, bs_128x1, padding, padding_480, pixelPerThread, pixelPerThread_3, root
invalid number: 13041 respective config: API, OpenCL, TextureMemory, LocalMemory, Blocksize, bs_32x16, padding, padding_416, pixelPerThread, pixelPerThread_2, root
invalid number: 26777 respective config: API, CUDA, TextureMemory, Blocksize, bs_32x2, padding, padding_416, pixelPerThread, pixelPerThread_2, root
invalid number: 13550 respective config: API, OpenCL, TextureMemory, LocalMemory, Blocksize, bs_128x8, padding, padding_128, pixelPerThread, pixelPerThread_3, root
invalid number: 2380 respective config: API, OpenCL, TextureMemory, Linear1D, LocalMemory, Blocksize, bs_1024x1, padding, padding_0, pixelPerThread, pixelPerThread_1, root
invalid number: 499 respective config: API, OpenCL, TextureMemory, Linear1D, Blocksize, bs_128x1, padding, padding_160, pixelPerThread, pixelPerThread_4, root
invalid number: 8649 respective config: API, OpenCL, TextureMemory, Ldg, Blocksize, bs_32x8, padding, padding_96, pixelPerThread, pixelPerThread_2, root
invalid number: 10570 respective config: API, OpenCL, TextureMemory, Ldg, LocalMemory, Blocksize, bs_128x2, padding, padding_224, pixelPerThread, pixelPerThread_3, root
invalid number: 11967 respective config: API, OpenCL, TextureMemory, Blocksize, bs_128x1, padding, padding_512, pixelPerThread, pixelPerThread_4, root
invalid number: 5539 respective config: API, OpenCL, TextureMemory, Linear2D, LocalMemory, Blocksize, bs_64x8, padding, padding_224, pixelPerThread, pixelPerThread_4, root
invalid number: 28001 respective config: API, CUDA, TextureMemory, LocalMemory, Blocksize, bs_512x1, padding, padding_416, pixelPerThread, pixelPerThread_2, root
invalid number: 6864 respective config: API, OpenCL, TextureMemory, Array2D, Blocksize, bs_32x4, padding, padding_512, pixelPerThread, pixelPerThread_1, root
invalid number: 20613 respective config: API, CUDA, TextureMemory, Array2D, Blocksize, bs_128x4, padding, padding_64, pixelPerThread, pixelPerThread_2, root
invalid number: 3146 respective config: API, OpenCL, TextureMemory, Linear2D, Blocksize, bs_64x1, padding, padding_128, pixelPerThread, pixelPerThread_3, root
invalid number: 880 respective config: API, OpenCL, TextureMemory, Linear1D, Blocksize, bs_512x1, padding, padding_512, pixelPerThread, pixelPerThread_1, root
invalid number: 10800 respective config: API, OpenCL, TextureMemory, Ldg, LocalMemory, Blocksize, bs_256x4, padding, padding_448, pixelPerThread, pixelPerThread_1, root
invalid number: 27395 respective config: API, CUDA, TextureMemory, LocalMemory, Blocksize, bs_32x32, padding, padding_448, pixelPerThread, pixelPerThread_4, root
invalid number: 27993 respective config: API, CUDA, TextureMemory, LocalMemory, Blocksize, bs_512x1, padding, padding_352, pixelPerThread, pixelPerThread_2, root
invalid number: 4288 respective config: API, OpenCL, TextureMemory, Linear2D, LocalMemory, Blocksize, bs_32x1, padding, padding_32, pixelPerThread, pixelPerThread_1, root
invalid number: 25814 respective config: API, CUDA, TextureMemory, Blocksize, bs_32x8, padding, padding_320, pixelPerThread, pixelPerThread_3, root
invalid number: 5845 respective config: API, OpenCL, TextureMemory, Array2D, Blocksize, bs_32x8, padding, padding_512, pixelPerThread, pixelPerThread_2, root
invalid number: 9501 respective config: API, OpenCL, TextureMemory, Ldg, Blocksize, bs_512x2, padding, padding_384, pixelPerThread, pixelPerThread_2, root
invalid number: 9614 respective config: API, OpenCL, TextureMemory, Ldg, Blocksize, bs_32x2, padding, padding_192, pixelPerThread, pixelPerThread_3, root
invalid number: 27112 respective config: API, CUDA, TextureMemory, Blocksize, bs_256x2, padding, padding_384, pixelPerThread, pixelPerThread_1, root
invalid number: 26330 respective config: API, CUDA, TextureMemory, Blocksize, bs_128x4, padding, padding_96, pixelPerThread, pixelPerThread_3, root
invalid number: 27461 respective config: API, CUDA, TextureMemory, LocalMemory, Blocksize, bs_64x1, padding, padding_448, pixelPerThread, pixelPerThread_2, root
invalid number: 11178 respective config: API, OpenCL, TextureMemory, Ldg, LocalMemory, Blocksize, bs_64x2, padding, padding_192, pixelPerThread, pixelPerThread_3, root
invalid number: 9468 respective config: API, OpenCL, TextureMemory, Ldg, Blocksize, bs_512x2, padding, padding_128, pixelPerThread, pixelPerThread_1, root
invalid number: 7240 respective config: API, OpenCL, TextureMemory, Array2D, LocalMemory, Blocksize, bs_32x8, padding, padding_256, pixelPerThread, pixelPerThread_1, root
invalid number: 3261 respective config: API, OpenCL, TextureMemory, Linear2D, Blocksize, bs_64x4, padding, padding_512, pixelPerThread, pixelPerThread_2, root
invalid number: 9208 respective config: API, OpenCL, TextureMemory, Ldg, Blocksize, bs_128x4, padding, padding_224, pixelPerThread, pixelPerThread_1, root
invalid number: 8244 respective config: API, OpenCL, TextureMemory, Array2D, LocalMemory, Blocksize, bs_32x4, padding, padding_128, pixelPerThread, pixelPerThread_1, root
invalid number: 13777 respective config: API, OpenCL, TextureMemory, LocalMemory, Blocksize, bs_512x2, padding, padding_320, pixelPerThread, pixelPerThread_2, root
invalid number: 27542 respective config: API, CUDA, TextureMemory, LocalMemory, Blocksize, bs_64x16, padding, padding_0, pixelPerThread, pixelPerThread_3, root
invalid number: 13352 respective config: API, OpenCL, TextureMemory, LocalMemory, Blocksize, bs_128x1, padding, padding_192, pixelPerThread, pixelPerThread_1, root
invalid number: 7917 respective config: API, OpenCL, TextureMemory, Array2D, LocalMemory, Blocksize, bs_256x4, padding, padding_224, pixelPerThread, pixelPerThread_2, root
invalid number: 8511 respective config: API, OpenCL, TextureMemory, Array2D, LocalMemory, Blocksize, bs_256x2, padding, padding_64, pixelPerThread, pixelPerThread_4, root
invalid number: 13600 respective config: API, OpenCL, TextureMemory, LocalMemory, Blocksize, bs_256x4, padding, padding_0, pixelPerThread, pixelPerThread_1, root
invalid number: 1763 respective config: API, OpenCL, TextureMemory, Linear1D, LocalMemory, Blocksize, bs_64x1, padding, padding_480, pixelPerThread, pixelPerThread_4, root
invalid number: 21552 respective config: API, CUDA, TextureMemory, Array2D, LocalMemory, Blocksize, bs_32x8, padding, padding_512, pixelPerThread, pixelPerThread_1, root
invalid number: 11627 respective config: API, OpenCL, TextureMemory, Blocksize, bs_32x16, padding, padding_512, pixelPerThread, pixelPerThread_4, root
invalid number: 2837 respective config: API, OpenCL, TextureMemory, Linear1D, LocalMemory, Blocksize, bs_256x2, padding, padding_384, pixelPerThread, pixelPerThread_2, root
invalid number: 27771 respective config: API, CUDA, TextureMemory, LocalMemory, Blocksize, bs_128x4, padding, padding_192, pixelPerThread, pixelPerThread_4, root
invalid number: 12436 respective config: API, OpenCL, TextureMemory, Blocksize, bs_1024x1, padding, padding_480, pixelPerThread, pixelPerThread_1, root
invalid number: 20653 respective config: API, CUDA, TextureMemory, Array2D, Blocksize, bs_128x4, padding, padding_384, pixelPerThread, pixelPerThread_2, root
invalid number: 14266 respective config: API, OpenCL, TextureMemory, LocalMemory, Blocksize, bs_256x2, padding, padding_416, pixelPerThread, pixelPerThread_3, root
invalid number: 1577 respective config: API, OpenCL, TextureMemory, Linear1D, LocalMemory, Blocksize, bs_32x16, padding, padding_96, pixelPerThread, pixelPerThread_2, root
invalid number: 8158 respective config: API, OpenCL, TextureMemory, Array2D, LocalMemory, Blocksize, bs_1024x1, padding, padding_512, pixelPerThread, pixelPerThread_3, root
invalid number: 8188 respective config: API, OpenCL, TextureMemory, Array2D, LocalMemory, Blocksize, bs_32x2, padding, padding_224, pixelPerThread, pixelPerThread_1, root
invalid number: 5495 respective config: API, OpenCL, TextureMemory, Linear2D, LocalMemory, Blocksize, bs_64x2, padding, padding_416, pixelPerThread, pixelPerThread_4, root
invalid number: 9078 respective config: API, OpenCL, TextureMemory, Ldg, Blocksize, bs_128x1, padding, padding_256, pixelPerThread, pixelPerThread_3, root
invalid number: 9097 respective config: API, OpenCL, TextureMemory, Ldg, Blocksize, bs_128x1, padding, padding_416, pixelPerThread, pixelPerThread_2, root
invalid number: 26469 respective config: API, CUDA, TextureMemory, Blocksize, bs_256x4, padding, padding_128, pixelPerThread, pixelPerThread_2, root
invalid number: 5846 respective config: API, OpenCL, TextureMemory, Array2D, Blocksize, bs_32x8, padding, padding_512, pixelPerThread, pixelPerThread_3, root
invalid number: 22437 respective config: API, CUDA, TextureMemory, Array2D, LocalMemory, Blocksize, bs_1024x1, padding, padding_512, pixelPerThread, pixelPerThread_2, root
invalid number: 6471 respective config: API, OpenCL, TextureMemory, Array2D, Blocksize, bs_256x4, padding, padding_64, pixelPerThread, pixelPerThread_4, root
invalid number: 11425 respective config: API, OpenCL, TextureMemory, Blocksize, bs_32x1, padding, padding_0, pixelPerThread, pixelPerThread_2, root
invalid number: 13781 respective config: API, OpenCL, TextureMemory, LocalMemory, Blocksize, bs_512x2, padding, padding_352, pixelPerThread, pixelPerThread_2, root
invalid number: 22444 respective config: API, CUDA, TextureMemory, Array2D, LocalMemory, Blocksize, bs_32x2, padding, padding_32, pixelPerThread, pixelPerThread_1, root
invalid number: 1522 respective config: API, OpenCL, TextureMemory, Linear1D, LocalMemory, Blocksize, bs_32x8, padding, padding_192, pixelPerThread, pixelPerThread_3, root
invalid number: 11283 respective config: API, OpenCL, TextureMemory, Ldg, LocalMemory, Blocksize, bs_64x8, padding, padding_480, pixelPerThread, pixelPerThread_4, root
invalid number: 4169 respective config: API, OpenCL, TextureMemory, Linear2D, Blocksize, bs_256x1, padding, padding_160, pixelPerThread, pixelPerThread_2, root
invalid number: 24966 respective config: API, CUDA, TextureMemory, Ldg, LocalMemory, Blocksize, bs_128x8, padding, padding_64, pixelPerThread, pixelPerThread_3, root
invalid number: 9189 respective config: API, OpenCL, TextureMemory, Ldg, Blocksize, bs_128x4, padding, padding_64, pixelPerThread, pixelPerThread_2, root
invalid number: 18779 respective config: API, CUDA, TextureMemory, Linear2D, LocalMemory, Blocksize, bs_32x32, padding, padding_64, pixelPerThread, pixelPerThread_4, root
invalid number: 2643 respective config: API, OpenCL, TextureMemory, Linear1D, LocalMemory, Blocksize, bs_64x2, padding, padding_448, pixelPerThread, pixelPerThread_4, root
invalid number: 4718 respective config: API, OpenCL, TextureMemory, Linear2D, LocalMemory, Blocksize, bs_64x16, padding, padding_192, pixelPerThread, pixelPerThread_3, root
invalid number: 22043 respective config: API, CUDA, TextureMemory, Array2D, LocalMemory, Blocksize, bs_128x4, padding, padding_64, pixelPerThread, pixelPerThread_4, root
invalid number: 602 respective config: API, OpenCL, TextureMemory, Linear1D, Blocksize, bs_128x2, padding, padding_448, pixelPerThread, pixelPerThread_3, root
invalid number: 2331 respective config: API, OpenCL, TextureMemory, Linear1D, LocalMemory, Blocksize, bs_512x2, padding, padding_128, pixelPerThread, pixelPerThread_4, root
invalid number: 21976 respective config: API, CUDA, TextureMemory, Array2D, LocalMemory, Blocksize, bs_128x2, padding, padding_96, pixelPerThread, pixelPerThread_1, root
invalid number: 7782 respective config: API, OpenCL, TextureMemory, Array2D, LocalMemory, Blocksize, bs_128x4, padding, padding_224, pixelPerThread, pixelPerThread_3, root
invalid number: 788 respective config: API, OpenCL, TextureMemory, Linear1D, Blocksize, bs_256x4, padding, padding_320, pixelPerThread, pixelPerThread_1, root
invalid number: 9735 respective config: API, OpenCL, TextureMemory, Ldg, Blocksize, bs_64x2, padding, padding_64, pixelPerThread, pixelPerThread_4, root
invalid number: 13492 respective config: API, OpenCL, TextureMemory, LocalMemory, Blocksize, bs_128x4, padding, padding_224, pixelPerThread, pixelPerThread_1, root
invalid number: 2337 respective config: API, OpenCL, TextureMemory, Linear1D, LocalMemory, Blocksize, bs_512x2, padding, padding_192, pixelPerThread, pixelPerThread_2, root
invalid number: 11069 respective config: API, OpenCL, TextureMemory, Ldg, LocalMemory, Blocksize, bs_32x2, padding, padding_416, pixelPerThread, pixelPerThread_2, root
invalid number: 20376 respective config: API, CUDA, TextureMemory, Array2D, Blocksize, bs_64x4, padding, padding_352, pixelPerThread, pixelPerThread_1, root
invalid number: 21235 respective config: API, CUDA, TextureMemory, Array2D, Blocksize, bs_64x8, padding, padding_128, pixelPerThread, pixelPerThread_4, root
invalid number: 11547 respective config: API, OpenCL, TextureMemory, Blocksize, bs_32x8, padding, padding_416, pixelPerThread, pixelPerThread_4, root
invalid number: 21521 respective config: API, CUDA, TextureMemory, Array2D, LocalMemory, Blocksize, bs_32x8, padding, padding_256, pixelPerThread, pixelPerThread_2, root
invalid number: 5219 respective config: API, OpenCL, TextureMemory, Linear2D, LocalMemory, Blocksize, bs_512x2, padding, padding_384, pixelPerThread, pixelPerThread_4, root
invalid number: 1927 respective config: API, OpenCL, TextureMemory, Linear1D, LocalMemory, Blocksize, bs_128x1, padding, padding_160, pixelPerThread, pixelPerThread_4, root
invalid number: 20725 respective config: API, CUDA, TextureMemory, Array2D, Blocksize, bs_128x8, padding, padding_416, pixelPerThread, pixelPerThread_2, root
invalid number: 6138 respective config: API, OpenCL, TextureMemory, Array2D, Blocksize, bs_64x16, padding, padding_128, pixelPerThread, pixelPerThread_3, root
invalid number: 12878 respective config: API, OpenCL, TextureMemory, LocalMemory, Blocksize, bs_32x1, padding, padding_192, pixelPerThread, pixelPerThread_3, root
invalid number: 27029 respective config: API, CUDA, TextureMemory, Blocksize, bs_256x1, padding, padding_256, pixelPerThread, pixelPerThread_2, root
invalid number: 24 respective config: API, OpenCL, TextureMemory, Linear1D, Blocksize, bs_32x1, padding, padding_192, pixelPerThread, pixelPerThread_1, root
invalid number: 20960 respective config: API, CUDA, TextureMemory, Array2D, Blocksize, bs_1024x1, padding, padding_128, pixelPerThread, pixelPerThread_1, root
invalid number: 2171 respective config: API, OpenCL, TextureMemory, Linear1D, LocalMemory, Blocksize, bs_128x8, padding, padding_480, pixelPerThread, pixelPerThread_4, root
invalid number: 3031 respective config: API, OpenCL, TextureMemory, Linear2D, Blocksize, bs_32x16, padding, padding_288, pixelPerThread, pixelPerThread_4, root
invalid number: 22457 respective config: API, CUDA, TextureMemory, Array2D, LocalMemory, Blocksize, bs_32x2, padding, padding_128, pixelPerThread, pixelPerThread_2, root
invalid number: 27114 respective config: API, CUDA, TextureMemory, Blocksize, bs_256x2, padding, padding_384, pixelPerThread, pixelPerThread_3, root
invalid number: 11342 respective config: API, OpenCL, TextureMemory, Ldg, LocalMemory, Blocksize, bs_256x1, padding, padding_416, pixelPerThread, pixelPerThread_3, root
invalid number: 9453 respective config: API, OpenCL, TextureMemory, Ldg, Blocksize, bs_512x2, padding, padding_0, pixelPerThread, pixelPerThread_2, root
invalid number: 22406 respective config: API, CUDA, TextureMemory, Array2D, LocalMemory, Blocksize, bs_1024x1, padding, padding_256, pixelPerThread, pixelPerThread_3, root
invalid number: 3359 respective config: API, OpenCL, TextureMemory, Linear2D, Blocksize, bs_128x1, padding, padding_192, pixelPerThread, pixelPerThread_4, root
invalid number: 21891 respective config: API, CUDA, TextureMemory, Array2D, LocalMemory, Blocksize, bs_64x16, padding, padding_480, pixelPerThread, pixelPerThread_4, root
invalid number: 12735 respective config: API, OpenCL, TextureMemory, Blocksize, bs_256x1, padding, padding_128, pixelPerThread, pixelPerThread_4, root
invalid number: 7605 respective config: API, OpenCL, TextureMemory, Array2D, LocalMemory, Blocksize, bs_64x16, padding, padding_448, pixelPerThread, pixelPerThread_2, root
invalid number: 14078 respective config: API, OpenCL, TextureMemory, LocalMemory, Blocksize, bs_64x8, padding, padding_0, pixelPerThread, pixelPerThread_3, root
invalid number: 12497 respective config: API, OpenCL, TextureMemory, Blocksize, bs_32x2, padding, padding_416, pixelPerThread, pixelPerThread_2, root
invalid number: 2816 respective config: API, OpenCL, TextureMemory, Linear1D, LocalMemory, Blocksize, bs_256x2, padding, padding_224, pixelPerThread, pixelPerThread_1, root
invalid number: 152 respective config: API, OpenCL, TextureMemory, Linear1D, Blocksize, bs_32x16, padding, padding_128, pixelPerThread, pixelPerThread_1, root
invalid number: 8660 respective config: API, OpenCL, TextureMemory, Ldg, Blocksize, bs_32x8, padding, padding_192, pixelPerThread, pixelPerThread_1, root
invalid number: 20409 respective config: API, CUDA, TextureMemory, Array2D, Blocksize, bs_64x16, padding, padding_64, pixelPerThread, pixelPerThread_2, root
invalid number: 4713 respective config: API, OpenCL, TextureMemory, Linear2D, LocalMemory, Blocksize, bs_64x16, padding, padding_160, pixelPerThread, pixelPerThread_2, root
invalid number: 4507 respective config: API, OpenCL, TextureMemory, Linear2D, LocalMemory, Blocksize, bs_32x32, padding, padding_128, pixelPerThread, pixelPerThread_4, root
invalid number: 4714 respective config: API, OpenCL, TextureMemory, Linear2D, LocalMemory, Blocksize, bs_64x16, padding, padding_160, pixelPerThread, pixelPerThread_3, root
invalid number: 22598 respective config: API, CUDA, TextureMemory, Array2D, LocalMemory, Blocksize, bs_64x2, padding, padding_160, pixelPerThread, pixelPerThread_3, root
invalid number: 21906 respective config: API, CUDA, TextureMemory, Array2D, LocalMemory, Blocksize, bs_128x1, padding, padding_64, pixelPerThread, pixelPerThread_3, root
invalid number: 26945 respective config: API, CUDA, TextureMemory, Blocksize, bs_64x8, padding, padding_128, pixelPerThread, pixelPerThread_2, root
invalid number: 1821 respective config: API, OpenCL, TextureMemory, Linear1D, LocalMemory, Blocksize, bs_64x4, padding, padding_416, pixelPerThread, pixelPerThread_2, root
invalid number: 3629 respective config: API, OpenCL, TextureMemory, Linear2D, Blocksize, bs_256x4, padding, padding_192, pixelPerThread, pixelPerThread_2, root
invalid number: 4978 respective config: API, OpenCL, TextureMemory, Linear2D, LocalMemory, Blocksize, bs_128x8, padding, padding_96, pixelPerThread, pixelPerThread_3, root
invalid number: 27558 respective config: API, CUDA, TextureMemory, LocalMemory, Blocksize, bs_64x16, padding, padding_128, pixelPerThread, pixelPerThread_3, root
ConfigurationSampling done in 1620 ms
28560
LocalMemory ::= (ε, 1) | (LocalMemory, 1) Symbolkind: TERMINAL
root ::= (API, 2)   (TextureMemory, 5)   (LocalMemory, 2)   (Blocksize, 21)   (padding, 17)   (pixelPerThread, 4) Symbolkind: NONTERMINAL
API ::= (OpenCL, 1) | (CUDA, 1) Symbolkind: TERMINAL
TextureMemoryInvis ::= (ε, 1) Symbolkind: TERMINAL
TextureMemory ::= (Linear1D, 1) | (Linear2D, 1) | (Array2D, 1) | (Ldg, 1) | (TextureMemoryInvis, 1) Symbolkind: TERMINAL
Blocksize ::= (bs_32x1, 1) | (bs_32x8, 1) | (bs_32x16, 1) | (bs_32x32, 1) | (bs_64x1, 1) | (bs_64x4, 1) | (bs_64x16, 1) | (bs_128x1, 1) | (bs_128x2, 1) | (bs_128x4, 1) | (bs_128x8, 1) | (bs_256x4, 1) | (bs_512x1, 1) | (bs_512x2, 1) | (bs_1024x1, 1) | (bs_32x2, 1) | (bs_32x4, 1) | (bs_64x2, 1) | (bs_64x8, 1) | (bs_256x1, 1) | (bs_256x2, 1) Symbolkind: TERMINAL
padding ::= (padding_0, 1) | (padding_32, 1) | (padding_64, 1) | (padding_96, 1) | (padding_128, 1) | (padding_160, 1) | (padding_192, 1) | (padding_224, 1) | (padding_256, 1) | (padding_288, 1) | (padding_320, 1) | (padding_352, 1) | (padding_384, 1) | (padding_416, 1) | (padding_448, 1) | (padding_480, 1) | (padding_512, 1) Symbolkind: TERMINAL
pixelPerThread ::= (pixelPerThread_1, 1) | (pixelPerThread_2, 1) | (pixelPerThread_3, 1) | (pixelPerThread_4, 1) Symbolkind: TERMINAL

command: clean-sampling
command: clean-global
command: script ./learn_grammarBased_t2.a
command: log ./out_grammarBased_t2.log
