Current machine learning settings: epsilon:0 lossFunction:RELATIVE parallelization:True bagging:False baggingNumbers:3 considerEpsilonTube:False baggingTestDataFraction:50 useBackward:False abortError:1 limitFeatureSize:False featureSizeTreshold:4 quadraticFunctionSupport:True crossValidation:False crossValidation-k:5 learn-logFunction:False learn-accumulatedLogFunction:False learn-asymFunction:False learn-ratioFunction:False learn-mirrowedFunction:False learn-numeric-disabled:True numberOfRounds:70 backwardErrorDelta:1 minImprovementPerRound:0.1 withHierarchy:False bruteForceCandidates:False ignoreBadFeatures:False stopOnLongRound:True candidateSizePenalty:True learnTimeLimit:00:00:00 scoreMeasure:RELERROR outputRoundsToStdout:False debug:False pythonInfluenceAnalysis:False blacklisted: 
command: solver z3
command: vm /scratch/kallistos/Distance-Based_Data/SupplementaryWebsite/MeasuredPerformanceValues/Hipacc/FeatureModel.xml
Warning: Variability model contains outdated notation. Children nodes will no longer have effect on the model. Instead use the parent node to describe the parent of an configuration option. You can also use the converter providedby the Variability Model GUI in export>convert legacy model.
Warning: Default value nodes in models are no longer used and should be removed. You can also use the converter provided by the Variability Model GUI in export>convert legacy model to update your model.
command: all /scratch/kallistos/Distance-Based_Data/SupplementaryWebsite/MeasuredPerformanceValues/Hipacc/measurements.xml
Configs with too large deviation: 0
13485 configurations loaded.
command: binary grammar-based numConfigs:50 seed:57
command: printconfigs ./sampledConfigurations_grammarBased_t1.csv
invalid number: 20208 respective config: API, CUDA, TextureMemory, Array2D, Blocksize, bs_32x32, padding, padding_96, pixelPerThread, pixelPerThread_1, root
invalid number: 13635 respective config: API, OpenCL, TextureMemory, LocalMemory, Blocksize, bs_256x4, padding, padding_256, pixelPerThread, pixelPerThread_4, root
invalid number: 10625 respective config: API, OpenCL, TextureMemory, Ldg, LocalMemory, Blocksize, bs_128x4, padding, padding_128, pixelPerThread, pixelPerThread_2, root
invalid number: 2416 respective config: API, OpenCL, TextureMemory, Linear1D, LocalMemory, Blocksize, bs_1024x1, padding, padding_288, pixelPerThread, pixelPerThread_1, root
invalid number: 5896 respective config: API, OpenCL, TextureMemory, Array2D, Blocksize, bs_32x16, padding, padding_384, pixelPerThread, pixelPerThread_1, root
invalid number: 3433 respective config: API, OpenCL, TextureMemory, Linear2D, Blocksize, bs_128x2, padding, padding_256, pixelPerThread, pixelPerThread_2, root
invalid number: 8095 respective config: API, OpenCL, TextureMemory, Array2D, LocalMemory, Blocksize, bs_1024x1, padding, padding_0, pixelPerThread, pixelPerThread_4, root
invalid number: 27433 respective config: API, CUDA, TextureMemory, LocalMemory, Blocksize, bs_64x1, padding, padding_224, pixelPerThread, pixelPerThread_2, root
invalid number: 16446 respective config: API, CUDA, TextureMemory, Linear1D, LocalMemory, Blocksize, bs_128x8, padding, padding_448, pixelPerThread, pixelPerThread_3, root
invalid number: 26628 respective config: API, CUDA, TextureMemory, Blocksize, bs_512x2, padding, padding_320, pixelPerThread, pixelPerThread_1, root
invalid number: 2741 respective config: API, OpenCL, TextureMemory, Linear1D, LocalMemory, Blocksize, bs_256x1, padding, padding_160, pixelPerThread, pixelPerThread_2, root
invalid number: 22808 respective config: API, CUDA, TextureMemory, Array2D, LocalMemory, Blocksize, bs_256x2, padding, padding_224, pixelPerThread, pixelPerThread_1, root
invalid number: 4559 respective config: API, OpenCL, TextureMemory, Linear2D, LocalMemory, Blocksize, bs_64x1, padding, padding_0, pixelPerThread, pixelPerThread_4, root
invalid number: 20831 respective config: API, CUDA, TextureMemory, Array2D, Blocksize, bs_512x1, padding, padding_160, pixelPerThread, pixelPerThread_4, root
invalid number: 11927 respective config: API, OpenCL, TextureMemory, Blocksize, bs_128x1, padding, padding_192, pixelPerThread, pixelPerThread_4, root
invalid number: 1494 respective config: API, OpenCL, TextureMemory, Linear1D, LocalMemory, Blocksize, bs_32x1, padding, padding_512, pixelPerThread, pixelPerThread_3, root
invalid number: 21916 respective config: API, CUDA, TextureMemory, Array2D, LocalMemory, Blocksize, bs_128x1, padding, padding_160, pixelPerThread, pixelPerThread_1, root
invalid number: 21765 respective config: API, CUDA, TextureMemory, Array2D, LocalMemory, Blocksize, bs_64x4, padding, padding_32, pixelPerThread, pixelPerThread_2, root
invalid number: 7931 respective config: API, OpenCL, TextureMemory, Array2D, LocalMemory, Blocksize, bs_256x4, padding, padding_320, pixelPerThread, pixelPerThread_4, root
invalid number: 22427 respective config: API, CUDA, TextureMemory, Array2D, LocalMemory, Blocksize, bs_1024x1, padding, padding_416, pixelPerThread, pixelPerThread_4, root
invalid number: 8648 respective config: API, OpenCL, TextureMemory, Ldg, Blocksize, bs_32x8, padding, padding_96, pixelPerThread, pixelPerThread_1, root
invalid number: 1545 respective config: API, OpenCL, TextureMemory, Linear1D, LocalMemory, Blocksize, bs_32x8, padding, padding_384, pixelPerThread, pixelPerThread_2, root
invalid number: 25900 respective config: API, CUDA, TextureMemory, Blocksize, bs_32x16, padding, padding_480, pixelPerThread, pixelPerThread_1, root
invalid number: 12237 respective config: API, OpenCL, TextureMemory, Blocksize, bs_256x4, padding, padding_512, pixelPerThread, pixelPerThread_2, root
invalid number: 13619 respective config: API, OpenCL, TextureMemory, LocalMemory, Blocksize, bs_256x4, padding, padding_128, pixelPerThread, pixelPerThread_4, root
invalid number: 2386 respective config: API, OpenCL, TextureMemory, Linear1D, LocalMemory, Blocksize, bs_1024x1, padding, padding_32, pixelPerThread, pixelPerThread_3, root
invalid number: 26629 respective config: API, CUDA, TextureMemory, Blocksize, bs_512x2, padding, padding_320, pixelPerThread, pixelPerThread_2, root
invalid number: 13811 respective config: API, OpenCL, TextureMemory, LocalMemory, Blocksize, bs_1024x1, padding, padding_32, pixelPerThread, pixelPerThread_4, root
invalid number: 26213 respective config: API, CUDA, TextureMemory, Blocksize, bs_128x1, padding, padding_256, pixelPerThread, pixelPerThread_2, root
invalid number: 12807 respective config: API, OpenCL, TextureMemory, Blocksize, bs_256x2, padding, padding_160, pixelPerThread, pixelPerThread_4, root
invalid number: 1289 respective config: API, OpenCL, TextureMemory, Linear1D, Blocksize, bs_64x8, padding, padding_512, pixelPerThread, pixelPerThread_2, root
invalid number: 22225 respective config: API, CUDA, TextureMemory, Array2D, LocalMemory, Blocksize, bs_256x4, padding, padding_448, pixelPerThread, pixelPerThread_2, root
invalid number: 4612 respective config: API, OpenCL, TextureMemory, Linear2D, LocalMemory, Blocksize, bs_64x1, padding, padding_448, pixelPerThread, pixelPerThread_1, root
invalid number: 1289 respective config: API, OpenCL, TextureMemory, Linear1D, Blocksize, bs_64x8, padding, padding_512, pixelPerThread, pixelPerThread_2, root
invalid number: 11201 respective config: API, OpenCL, TextureMemory, Ldg, LocalMemory, Blocksize, bs_64x2, padding, padding_384, pixelPerThread, pixelPerThread_2, root
invalid number: 12780 respective config: API, OpenCL, TextureMemory, Blocksize, bs_256x1, padding, padding_512, pixelPerThread, pixelPerThread_1, root
invalid number: 11129 respective config: API, OpenCL, TextureMemory, Ldg, LocalMemory, Blocksize, bs_32x4, padding, padding_352, pixelPerThread, pixelPerThread_2, root
invalid number: 428 respective config: API, OpenCL, TextureMemory, Linear1D, Blocksize, bs_64x16, padding, padding_160, pixelPerThread, pixelPerThread_1, root
invalid number: 14010 respective config: API, OpenCL, TextureMemory, LocalMemory, Blocksize, bs_64x2, padding, padding_0, pixelPerThread, pixelPerThread_3, root
invalid number: 7743 respective config: API, OpenCL, TextureMemory, Array2D, LocalMemory, Blocksize, bs_128x2, padding, padding_448, pixelPerThread, pixelPerThread_4, root
invalid number: 14069 respective config: API, OpenCL, TextureMemory, LocalMemory, Blocksize, bs_64x2, padding, padding_480, pixelPerThread, pixelPerThread_2, root
invalid number: 26459 respective config: API, CUDA, TextureMemory, Blocksize, bs_256x4, padding, padding_32, pixelPerThread, pixelPerThread_4, root
invalid number: 9998 respective config: API, OpenCL, TextureMemory, Ldg, LocalMemory, Blocksize, bs_32x1, padding, padding_0, pixelPerThread, pixelPerThread_3, root
invalid number: 25202 respective config: API, CUDA, TextureMemory, Ldg, LocalMemory, Blocksize, bs_512x2, padding, padding_320, pixelPerThread, pixelPerThread_3, root
invalid number: 5932 respective config: API, OpenCL, TextureMemory, Array2D, Blocksize, bs_32x32, padding, padding_128, pixelPerThread, pixelPerThread_1, root
invalid number: 6420 respective config: API, OpenCL, TextureMemory, Array2D, Blocksize, bs_128x8, padding, padding_224, pixelPerThread, pixelPerThread_1, root
invalid number: 2138 respective config: API, OpenCL, TextureMemory, Linear1D, LocalMemory, Blocksize, bs_128x8, padding, padding_224, pixelPerThread, pixelPerThread_3, root
invalid number: 2629 respective config: API, OpenCL, TextureMemory, Linear1D, LocalMemory, Blocksize, bs_64x2, padding, padding_352, pixelPerThread, pixelPerThread_2, root
invalid number: 4705 respective config: API, OpenCL, TextureMemory, Linear2D, LocalMemory, Blocksize, bs_64x16, padding, padding_96, pixelPerThread, pixelPerThread_2, root
invalid number: 7466 respective config: API, OpenCL, TextureMemory, Array2D, LocalMemory, Blocksize, bs_64x1, padding, padding_416, pixelPerThread, pixelPerThread_3, root
invalid number: 6943 respective config: API, OpenCL, TextureMemory, Array2D, Blocksize, bs_64x8, padding, padding_32, pixelPerThread, pixelPerThread_4, root
invalid number: 22410 respective config: API, CUDA, TextureMemory, Array2D, LocalMemory, Blocksize, bs_1024x1, padding, padding_288, pixelPerThread, pixelPerThread_3, root
invalid number: 12413 respective config: API, OpenCL, TextureMemory, Blocksize, bs_1024x1, padding, padding_288, pixelPerThread, pixelPerThread_2, root
invalid number: 13303 respective config: API, OpenCL, TextureMemory, LocalMemory, Blocksize, bs_64x16, padding, padding_320, pixelPerThread, pixelPerThread_4, root
invalid number: 4857 respective config: API, OpenCL, TextureMemory, Linear2D, LocalMemory, Blocksize, bs_128x2, padding, padding_224, pixelPerThread, pixelPerThread_2, root
invalid number: 25953 respective config: API, CUDA, TextureMemory, Blocksize, bs_32x32, padding, padding_352, pixelPerThread, pixelPerThread_2, root
invalid number: 91 respective config: API, OpenCL, TextureMemory, Linear1D, Blocksize, bs_32x8, padding, padding_160, pixelPerThread, pixelPerThread_4, root
invalid number: 20795 respective config: API, CUDA, TextureMemory, Array2D, Blocksize, bs_256x4, padding, padding_416, pixelPerThread, pixelPerThread_4, root
invalid number: 7442 respective config: API, OpenCL, TextureMemory, Array2D, LocalMemory, Blocksize, bs_64x1, padding, padding_224, pixelPerThread, pixelPerThread_3, root
invalid number: 14077 respective config: API, OpenCL, TextureMemory, LocalMemory, Blocksize, bs_64x8, padding, padding_0, pixelPerThread, pixelPerThread_2, root
invalid number: 8387 respective config: API, OpenCL, TextureMemory, Array2D, LocalMemory, Blocksize, bs_64x8, padding, padding_160, pixelPerThread, pixelPerThread_4, root
invalid number: 12447 respective config: API, OpenCL, TextureMemory, Blocksize, bs_32x2, padding, padding_0, pixelPerThread, pixelPerThread_4, root
invalid number: 992 respective config: API, OpenCL, TextureMemory, Linear1D, Blocksize, bs_1024x1, padding, padding_320, pixelPerThread, pixelPerThread_1, root
invalid number: 1495 respective config: API, OpenCL, TextureMemory, Linear1D, LocalMemory, Blocksize, bs_32x1, padding, padding_512, pixelPerThread, pixelPerThread_4, root
invalid number: 9763 respective config: API, OpenCL, TextureMemory, Ldg, Blocksize, bs_64x2, padding, padding_288, pixelPerThread, pixelPerThread_4, root
invalid number: 5587 respective config: API, OpenCL, TextureMemory, Linear2D, LocalMemory, Blocksize, bs_256x1, padding, padding_64, pixelPerThread, pixelPerThread_4, root
invalid number: 27705 respective config: API, CUDA, TextureMemory, LocalMemory, Blocksize, bs_128x2, padding, padding_224, pixelPerThread, pixelPerThread_2, root
invalid number: 10077 respective config: API, OpenCL, TextureMemory, Ldg, LocalMemory, Blocksize, bs_32x8, padding, padding_96, pixelPerThread, pixelPerThread_2, root
invalid number: 12301 respective config: API, OpenCL, TextureMemory, Blocksize, bs_512x1, padding, padding_480, pixelPerThread, pixelPerThread_2, root
invalid number: 3993 respective config: API, OpenCL, TextureMemory, Linear2D, Blocksize, bs_32x4, padding, padding_384, pixelPerThread, pixelPerThread_2, root
invalid number: 4799 respective config: API, OpenCL, TextureMemory, Linear2D, LocalMemory, Blocksize, bs_128x1, padding, padding_288, pixelPerThread, pixelPerThread_4, root
invalid number: 27934 respective config: API, CUDA, TextureMemory, LocalMemory, Blocksize, bs_256x4, padding, padding_416, pixelPerThread, pixelPerThread_3, root
invalid number: 10556 respective config: API, OpenCL, TextureMemory, Ldg, LocalMemory, Blocksize, bs_128x2, padding, padding_128, pixelPerThread, pixelPerThread_1, root
invalid number: 8442 respective config: API, OpenCL, TextureMemory, Array2D, LocalMemory, Blocksize, bs_256x1, padding, padding_64, pixelPerThread, pixelPerThread_3, root
invalid number: 3532 respective config: API, OpenCL, TextureMemory, Linear2D, Blocksize, bs_128x4, padding, padding_512, pixelPerThread, pixelPerThread_1, root
invalid number: 13816 respective config: API, OpenCL, TextureMemory, LocalMemory, Blocksize, bs_1024x1, padding, padding_96, pixelPerThread, pixelPerThread_1, root
invalid number: 21872 respective config: API, CUDA, TextureMemory, Array2D, LocalMemory, Blocksize, bs_64x16, padding, padding_352, pixelPerThread, pixelPerThread_1, root
invalid number: 5083 respective config: API, OpenCL, TextureMemory, Linear2D, LocalMemory, Blocksize, bs_256x4, padding, padding_384, pixelPerThread, pixelPerThread_4, root
invalid number: 20649 respective config: API, CUDA, TextureMemory, Array2D, Blocksize, bs_128x4, padding, padding_352, pixelPerThread, pixelPerThread_2, root
invalid number: 11252 respective config: API, OpenCL, TextureMemory, Ldg, LocalMemory, Blocksize, bs_64x8, padding, padding_256, pixelPerThread, pixelPerThread_1, root
invalid number: 27396 respective config: API, CUDA, TextureMemory, LocalMemory, Blocksize, bs_32x32, padding, padding_480, pixelPerThread, pixelPerThread_1, root
invalid number: 28457 respective config: API, CUDA, TextureMemory, LocalMemory, Blocksize, bs_256x1, padding, padding_256, pixelPerThread, pixelPerThread_2, root
invalid number: 20500 respective config: API, CUDA, TextureMemory, Array2D, Blocksize, bs_128x1, padding, padding_256, pixelPerThread, pixelPerThread_1, root
invalid number: 7360 respective config: API, OpenCL, TextureMemory, Array2D, LocalMemory, Blocksize, bs_32x32, padding, padding_128, pixelPerThread, pixelPerThread_1, root
invalid number: 26368 respective config: API, CUDA, TextureMemory, Blocksize, bs_128x4, padding, padding_416, pixelPerThread, pixelPerThread_1, root
invalid number: 28000 respective config: API, CUDA, TextureMemory, LocalMemory, Blocksize, bs_512x1, padding, padding_416, pixelPerThread, pixelPerThread_1, root
invalid number: 27252 respective config: API, CUDA, TextureMemory, LocalMemory, Blocksize, bs_32x8, padding, padding_416, pixelPerThread, pixelPerThread_1, root
invalid number: 4239 respective config: API, OpenCL, TextureMemory, Linear2D, Blocksize, bs_256x2, padding, padding_160, pixelPerThread, pixelPerThread_4, root
invalid number: 7667 respective config: API, OpenCL, TextureMemory, Array2D, LocalMemory, Blocksize, bs_128x1, padding, padding_384, pixelPerThread, pixelPerThread_4, root
invalid number: 1919 respective config: API, OpenCL, TextureMemory, Linear1D, LocalMemory, Blocksize, bs_128x1, padding, padding_96, pixelPerThread, pixelPerThread_4, root
ConfigurationSampling done in 1351 ms
28560
LocalMemory ::= (ε, 1) | (LocalMemory, 1) Symbolkind: TERMINAL
root ::= (API, 2)   (TextureMemory, 5)   (LocalMemory, 2)   (Blocksize, 21)   (padding, 17)   (pixelPerThread, 4) Symbolkind: NONTERMINAL
API ::= (OpenCL, 1) | (CUDA, 1) Symbolkind: TERMINAL
TextureMemoryInvis ::= (ε, 1) Symbolkind: TERMINAL
TextureMemory ::= (Linear1D, 1) | (Linear2D, 1) | (Array2D, 1) | (Ldg, 1) | (TextureMemoryInvis, 1) Symbolkind: TERMINAL
Blocksize ::= (bs_32x1, 1) | (bs_32x8, 1) | (bs_32x16, 1) | (bs_32x32, 1) | (bs_64x1, 1) | (bs_64x4, 1) | (bs_64x16, 1) | (bs_128x1, 1) | (bs_128x2, 1) | (bs_128x4, 1) | (bs_128x8, 1) | (bs_256x4, 1) | (bs_512x1, 1) | (bs_512x2, 1) | (bs_1024x1, 1) | (bs_32x2, 1) | (bs_32x4, 1) | (bs_64x2, 1) | (bs_64x8, 1) | (bs_256x1, 1) | (bs_256x2, 1) Symbolkind: TERMINAL
padding ::= (padding_0, 1) | (padding_32, 1) | (padding_64, 1) | (padding_96, 1) | (padding_128, 1) | (padding_160, 1) | (padding_192, 1) | (padding_224, 1) | (padding_256, 1) | (padding_288, 1) | (padding_320, 1) | (padding_352, 1) | (padding_384, 1) | (padding_416, 1) | (padding_448, 1) | (padding_480, 1) | (padding_512, 1) Symbolkind: TERMINAL
pixelPerThread ::= (pixelPerThread_1, 1) | (pixelPerThread_2, 1) | (pixelPerThread_3, 1) | (pixelPerThread_4, 1) Symbolkind: TERMINAL

command: clean-sampling
command: clean-global
command: script ./learn_grammarBased_t2.a
command: log ./out_grammarBased_t2.log
