Current machine learning settings: epsilon:0 lossFunction:RELATIVE parallelization:True bagging:False baggingNumbers:3 considerEpsilonTube:False baggingTestDataFraction:50 useBackward:False abortError:1 limitFeatureSize:False featureSizeTreshold:4 quadraticFunctionSupport:True crossValidation:False crossValidation-k:5 learn-logFunction:False learn-accumulatedLogFunction:False learn-asymFunction:False learn-ratioFunction:False learn-mirrowedFunction:False learn-numeric-disabled:True numberOfRounds:70 backwardErrorDelta:1 minImprovementPerRound:0.1 withHierarchy:False bruteForceCandidates:False ignoreBadFeatures:False stopOnLongRound:True candidateSizePenalty:True learnTimeLimit:00:00:00 scoreMeasure:RELERROR outputRoundsToStdout:False debug:False pythonInfluenceAnalysis:False blacklisted: 
command: solver z3
command: vm /scratch/kallistos/Distance-Based_Data/SupplementaryWebsite/MeasuredPerformanceValues/Polly/FeatureModel.xml
command: all /scratch/kallistos/Distance-Based_Data/SupplementaryWebsite/MeasuredPerformanceValues/Polly/measurements.xml
Configs with too large deviation: 0
60000 configurations loaded.
command: binary grammar-based numConfigs:28 seed:91
command: printconfigs ./sampledConfigurations_grammarBased_t1.csv
ConfigurationSampling done in 472 ms
60000
polly_no_tiling ::= (ε, 1) | (polly_no_tiling, 1) Symbolkind: TERMINAL
polly_delinearize ::= (polly_delinearize, 1) Symbolkind: TERMINAL
polly_opt_simplify_deps ::= (ε, 1) | (polly_opt_simplify_deps, 1) Symbolkind: TERMINAL
root ::= (polly_vectorizer, 2)   (polly_parallel, 3)   (polly_no_tiling, 2)   (polly_delinearize, 1)   (polly_dependences_analysis_type, 2)   (polly_opt_fusion, 2)   (polly_opt_simplify_deps, 2)   (pollyrtcmaxparameters, 5)   (pollyoptmaxconstantterm, 5)   (pollyoptmaxcoefficient, 5)   (pollydefaulttilesize, 5) Symbolkind: NONTERMINAL
polly_vectorizer ::= (none, 1) | (polly, 1) Symbolkind: TERMINAL
polly_parallelInvis ::= (ε, 1) Symbolkind: TERMINAL
polly_parallel ::= (parallel, 1) | (parallel_force, 1) | (polly_parallelInvis, 1) Symbolkind: TERMINAL
polly_dependences_analysis_type ::= (value_based, 1) | (memory_based, 1) Symbolkind: TERMINAL
polly_opt_fusion ::= (min, 1) | (max, 1) Symbolkind: TERMINAL
pollyrtcmaxparameters ::= (pollyrtcmaxparameters_1, 1) | (pollyrtcmaxparameters_2, 1) | (pollyrtcmaxparameters_4, 1) | (pollyrtcmaxparameters_8, 1) | (pollyrtcmaxparameters_16, 1) Symbolkind: TERMINAL
pollyoptmaxconstantterm ::= (pollyoptmaxconstantterm_1, 1) | (pollyoptmaxconstantterm_10, 1) | (pollyoptmaxconstantterm_100, 1) | (pollyoptmaxconstantterm_1000, 1) | (pollyoptmaxconstantterm_10000, 1) Symbolkind: TERMINAL
pollyoptmaxcoefficient ::= (pollyoptmaxcoefficient_1, 1) | (pollyoptmaxcoefficient_10, 1) | (pollyoptmaxcoefficient_100, 1) | (pollyoptmaxcoefficient_1000, 1) | (pollyoptmaxcoefficient_10000, 1) Symbolkind: TERMINAL
pollydefaulttilesize ::= (pollydefaulttilesize_4, 1) | (pollydefaulttilesize_16, 1) | (pollydefaulttilesize_64, 1) | (pollydefaulttilesize_256, 1) | (pollydefaulttilesize_1024, 1) Symbolkind: TERMINAL

command: clean-sampling
command: clean-global
command: script ./learn_grammarBased_t2.a
command: log ./out_grammarBased_t2.log
