Current machine learning settings: epsilon:0 lossFunction:RELATIVE parallelization:True bagging:False baggingNumbers:3 considerEpsilonTube:False baggingTestDataFraction:50 useBackward:False abortError:1 limitFeatureSize:False featureSizeTreshold:4 quadraticFunctionSupport:True crossValidation:False crossValidation-k:5 learn-logFunction:False learn-accumulatedLogFunction:False learn-asymFunction:False learn-ratioFunction:False learn-mirrowedFunction:False learn-numeric-disabled:True numberOfRounds:70 backwardErrorDelta:1 minImprovementPerRound:0.1 withHierarchy:False bruteForceCandidates:False ignoreBadFeatures:False stopOnLongRound:True candidateSizePenalty:True learnTimeLimit:00:00:00 scoreMeasure:RELERROR outputRoundsToStdout:False debug:False pythonInfluenceAnalysis:False blacklisted: 
command: solver z3
command: vm /scratch/kallistos/Distance-Based_Data/SupplementaryWebsite/MeasuredPerformanceValues/Hipacc/FeatureModel.xml
Warning: Variability model contains outdated notation. Children nodes will no longer have effect on the model. Instead use the parent node to describe the parent of an configuration option. You can also use the converter providedby the Variability Model GUI in export>convert legacy model.
Warning: Default value nodes in models are no longer used and should be removed. You can also use the converter provided by the Variability Model GUI in export>convert legacy model to update your model.
command: all /scratch/kallistos/Distance-Based_Data/SupplementaryWebsite/MeasuredPerformanceValues/Hipacc/measurements.xml
Configs with too large deviation: 0
13485 configurations loaded.
command: binary grammar-based numConfigs:50 seed:44
command: printconfigs ./sampledConfigurations_grammarBased_t1.csv
invalid number: 8090 respective config: API, OpenCL, TextureMemory, Array2D, LocalMemory, Blocksize, bs_512x2, padding, padding_512, pixelPerThread, pixelPerThread_3, root
invalid number: 22469 respective config: API, CUDA, TextureMemory, Array2D, LocalMemory, Blocksize, bs_32x2, padding, padding_224, pixelPerThread, pixelPerThread_2, root
invalid number: 21949 respective config: API, CUDA, TextureMemory, Array2D, LocalMemory, Blocksize, bs_128x1, padding, padding_416, pixelPerThread, pixelPerThread_2, root
invalid number: 6592 respective config: API, OpenCL, TextureMemory, Array2D, Blocksize, bs_512x1, padding, padding_512, pixelPerThread, pixelPerThread_1, root
invalid number: 6140 respective config: API, OpenCL, TextureMemory, Array2D, Blocksize, bs_64x16, padding, padding_160, pixelPerThread, pixelPerThread_1, root
invalid number: 6200 respective config: API, OpenCL, TextureMemory, Array2D, Blocksize, bs_128x1, padding, padding_96, pixelPerThread, pixelPerThread_1, root
invalid number: 2670 respective config: API, OpenCL, TextureMemory, Linear1D, LocalMemory, Blocksize, bs_64x8, padding, padding_128, pixelPerThread, pixelPerThread_3, root
invalid number: 9406 respective config: API, OpenCL, TextureMemory, Ldg, Blocksize, bs_512x1, padding, padding_160, pixelPerThread, pixelPerThread_3, root
invalid number: 22270 respective config: API, CUDA, TextureMemory, Array2D, LocalMemory, Blocksize, bs_512x1, padding, padding_256, pixelPerThread, pixelPerThread_3, root
invalid number: 8558 respective config: API, OpenCL, TextureMemory, Array2D, LocalMemory, Blocksize, bs_256x2, padding, padding_448, pixelPerThread, pixelPerThread_3, root
invalid number: 4338 respective config: API, OpenCL, TextureMemory, Linear2D, LocalMemory, Blocksize, bs_32x1, padding, padding_416, pixelPerThread, pixelPerThread_3, root
invalid number: 27939 respective config: API, CUDA, LocalMemory, Blocksize, bs_256x4, padding, padding_448, pixelPerThread, pixelPerThread_4, root
invalid number: 27878 respective config: API, CUDA, LocalMemory, Blocksize, bs_128x8, padding, padding_512, pixelPerThread, pixelPerThread_3, root
invalid number: 16154 respective config: API, CUDA, TextureMemory, Linear1D, LocalMemory, Blocksize, bs_64x16, padding, padding_288, pixelPerThread, pixelPerThread_3, root
invalid number: 1843 respective config: API, OpenCL, TextureMemory, Linear1D, LocalMemory, Blocksize, bs_64x16, padding, padding_32, pixelPerThread, pixelPerThread_4, root
invalid number: 5855 respective config: API, OpenCL, TextureMemory, Array2D, Blocksize, bs_32x16, padding, padding_32, pixelPerThread, pixelPerThread_4, root
invalid number: 948 respective config: API, OpenCL, TextureMemory, Linear1D, Blocksize, bs_512x2, padding, padding_512, pixelPerThread, pixelPerThread_1, root
invalid number: 8238 respective config: API, OpenCL, TextureMemory, Array2D, LocalMemory, Blocksize, bs_32x4, padding, padding_64, pixelPerThread, pixelPerThread_3, root
invalid number: 20282 respective config: API, CUDA, TextureMemory, Array2D, Blocksize, bs_64x1, padding, padding_128, pixelPerThread, pixelPerThread_3, root
invalid number: 16599 respective config: API, CUDA, TextureMemory, Linear1D, LocalMemory, Blocksize, bs_512x2, padding, padding_32, pixelPerThread, pixelPerThread_4, root
invalid number: 1386 respective config: API, OpenCL, TextureMemory, Linear1D, Blocksize, bs_256x2, padding, padding_192, pixelPerThread, pixelPerThread_3, root
invalid number: 1737 respective config: API, OpenCL, TextureMemory, Linear1D, LocalMemory, Blocksize, bs_64x1, padding, padding_288, pixelPerThread, pixelPerThread_2, root
invalid number: 6144 respective config: API, OpenCL, TextureMemory, Array2D, Blocksize, bs_64x16, padding, padding_192, pixelPerThread, pixelPerThread_1, root
invalid number: 2969 respective config: API, OpenCL, TextureMemory, Linear2D, Blocksize, bs_32x8, padding, padding_352, pixelPerThread, pixelPerThread_2, root
invalid number: 738 respective config: API, OpenCL, TextureMemory, Linear1D, Blocksize, bs_128x8, padding, padding_448, pixelPerThread, pixelPerThread_3, root
invalid number: 4912 respective config: API, OpenCL, TextureMemory, Linear2D, LocalMemory, Blocksize, bs_128x4, padding, padding_128, pixelPerThread, pixelPerThread_1, root
invalid number: 1935 respective config: API, OpenCL, TextureMemory, Linear1D, LocalMemory, Blocksize, bs_128x1, padding, padding_224, pixelPerThread, pixelPerThread_4, root
invalid number: 1253 respective config: API, OpenCL, TextureMemory, Linear1D, Blocksize, bs_64x8, padding, padding_224, pixelPerThread, pixelPerThread_2, root
invalid number: 20117 respective config: API, CUDA, TextureMemory, Array2D, Blocksize, bs_32x8, padding, padding_448, pixelPerThread, pixelPerThread_2, root
invalid number: 20792 respective config: API, CUDA, TextureMemory, Array2D, Blocksize, bs_256x4, padding, padding_416, pixelPerThread, pixelPerThread_1, root
invalid number: 19026 respective config: API, CUDA, TextureMemory, Linear2D, LocalMemory, Blocksize, bs_64x16, padding, padding_416, pixelPerThread, pixelPerThread_3, root
invalid number: 7118 respective config: API, OpenCL, TextureMemory, Array2D, Blocksize, bs_256x2, padding, padding_352, pixelPerThread, pixelPerThread_3, root
invalid number: 2580 respective config: API, OpenCL, TextureMemory, Linear1D, LocalMemory, Blocksize, bs_32x4, padding, padding_512, pixelPerThread, pixelPerThread_1, root
invalid number: 3976 respective config: API, OpenCL, TextureMemory, Linear2D, Blocksize, bs_32x4, padding, padding_256, pixelPerThread, pixelPerThread_1, root
invalid number: 9165 respective config: API, OpenCL, TextureMemory, Ldg, Blocksize, bs_128x2, padding, padding_416, pixelPerThread, pixelPerThread_2, root
invalid number: 10271 respective config: API, OpenCL, TextureMemory, Ldg, LocalMemory, Blocksize, bs_64x1, padding, padding_0, pixelPerThread, pixelPerThread_4, root
invalid number: 7988 respective config: API, OpenCL, TextureMemory, Array2D, LocalMemory, Blocksize, bs_512x1, padding, padding_256, pixelPerThread, pixelPerThread_1, root
invalid number: 6050 respective config: API, OpenCL, TextureMemory, Array2D, Blocksize, bs_64x1, padding, padding_512, pixelPerThread, pixelPerThread_3, root
invalid number: 4565 respective config: API, OpenCL, TextureMemory, Linear2D, LocalMemory, Blocksize, bs_64x1, padding, padding_64, pixelPerThread, pixelPerThread_2, root
invalid number: 11095 respective config: API, OpenCL, TextureMemory, Ldg, LocalMemory, Blocksize, bs_32x4, padding, padding_64, pixelPerThread, pixelPerThread_4, root
invalid number: 8461 respective config: API, OpenCL, TextureMemory, Array2D, LocalMemory, Blocksize, bs_256x1, padding, padding_224, pixelPerThread, pixelPerThread_2, root
invalid number: 6569 respective config: API, OpenCL, TextureMemory, Array2D, Blocksize, bs_512x1, padding, padding_320, pixelPerThread, pixelPerThread_2, root
invalid number: 33 respective config: API, OpenCL, TextureMemory, Linear1D, Blocksize, bs_32x1, padding, padding_256, pixelPerThread, pixelPerThread_2, root
invalid number: 9527 respective config: API, OpenCL, TextureMemory, Ldg, Blocksize, bs_1024x1, padding, padding_32, pixelPerThread, pixelPerThread_4, root
invalid number: 21904 respective config: API, CUDA, TextureMemory, Array2D, LocalMemory, Blocksize, bs_128x1, padding, padding_64, pixelPerThread, pixelPerThread_1, root
invalid number: 5645 respective config: API, OpenCL, TextureMemory, Linear2D, LocalMemory, Blocksize, bs_256x2, padding, padding_0, pixelPerThread, pixelPerThread_2, root
invalid number: 7948 respective config: API, OpenCL, TextureMemory, Array2D, LocalMemory, Blocksize, bs_256x4, padding, padding_480, pixelPerThread, pixelPerThread_1, root
invalid number: 21225 respective config: API, CUDA, TextureMemory, Array2D, Blocksize, bs_64x8, padding, padding_64, pixelPerThread, pixelPerThread_2, root
invalid number: 3199 respective config: API, OpenCL, TextureMemory, Linear2D, Blocksize, bs_64x4, padding, padding_0, pixelPerThread, pixelPerThread_4, root
invalid number: 8936 respective config: API, OpenCL, TextureMemory, Ldg, Blocksize, bs_64x4, padding, padding_224, pixelPerThread, pixelPerThread_1, root
invalid number: 20926 respective config: API, CUDA, TextureMemory, Array2D, Blocksize, bs_512x2, padding, padding_384, pixelPerThread, pixelPerThread_3, root
invalid number: 9801 respective config: API, OpenCL, TextureMemory, Ldg, Blocksize, bs_64x8, padding, padding_64, pixelPerThread, pixelPerThread_2, root
invalid number: 6333 respective config: API, OpenCL, TextureMemory, Array2D, Blocksize, bs_128x4, padding, padding_64, pixelPerThread, pixelPerThread_2, root
invalid number: 2073 respective config: API, OpenCL, TextureMemory, Linear1D, LocalMemory, Blocksize, bs_128x4, padding, padding_256, pixelPerThread, pixelPerThread_2, root
invalid number: 13667 respective config: API, OpenCL, LocalMemory, Blocksize, bs_256x4, padding, padding_512, pixelPerThread, pixelPerThread_4, root
invalid number: 4335 respective config: API, OpenCL, TextureMemory, Linear2D, LocalMemory, Blocksize, bs_32x1, padding, padding_384, pixelPerThread, pixelPerThread_4, root
invalid number: 540 respective config: API, OpenCL, TextureMemory, Linear1D, Blocksize, bs_128x1, padding, padding_512, pixelPerThread, pixelPerThread_1, root
ConfigurationSampling done in 1342 ms
28560
LocalMemory ::= (ε, 1) | (LocalMemory, 1) Symbolkind: TERMINAL
root ::= (API, 2)   (TextureMemory, 5)   (LocalMemory, 2)   (Blocksize, 21)   (padding, 17)   (pixelPerThread, 4) Symbolkind: NONTERMINAL
API ::= (OpenCL, 1) | (CUDA, 1) Symbolkind: TERMINAL
TextureMemoryInvis ::= (ε, 1) Symbolkind: TERMINAL
TextureMemory ::= (Linear1D, 1) | (Linear2D, 1) | (Array2D, 1) | (Ldg, 1) | (TextureMemoryInvis, 1) Symbolkind: TERMINAL
Blocksize ::= (bs_32x1, 1) | (bs_32x8, 1) | (bs_32x16, 1) | (bs_32x32, 1) | (bs_64x1, 1) | (bs_64x4, 1) | (bs_64x16, 1) | (bs_128x1, 1) | (bs_128x2, 1) | (bs_128x4, 1) | (bs_128x8, 1) | (bs_256x4, 1) | (bs_512x1, 1) | (bs_512x2, 1) | (bs_1024x1, 1) | (bs_32x2, 1) | (bs_32x4, 1) | (bs_64x2, 1) | (bs_64x8, 1) | (bs_256x1, 1) | (bs_256x2, 1) Symbolkind: TERMINAL
padding ::= (padding_0, 1) | (padding_32, 1) | (padding_64, 1) | (padding_96, 1) | (padding_128, 1) | (padding_160, 1) | (padding_192, 1) | (padding_224, 1) | (padding_256, 1) | (padding_288, 1) | (padding_320, 1) | (padding_352, 1) | (padding_384, 1) | (padding_416, 1) | (padding_448, 1) | (padding_480, 1) | (padding_512, 1) Symbolkind: TERMINAL
pixelPerThread ::= (pixelPerThread_1, 1) | (pixelPerThread_2, 1) | (pixelPerThread_3, 1) | (pixelPerThread_4, 1) Symbolkind: TERMINAL

command: clean-sampling
command: clean-global
command: script ./learn_grammarBased_t2.a
command: log ./out_grammarBased_t2.log
