Current machine learning settings: epsilon:0 lossFunction:RELATIVE parallelization:True bagging:False baggingNumbers:3 considerEpsilonTube:False baggingTestDataFraction:50 useBackward:False abortError:1 limitFeatureSize:False featureSizeTreshold:4 quadraticFunctionSupport:True crossValidation:False crossValidation-k:5 learn-logFunction:False learn-accumulatedLogFunction:False learn-asymFunction:False learn-ratioFunction:False learn-mirrowedFunction:False learn-numeric-disabled:True numberOfRounds:70 backwardErrorDelta:1 minImprovementPerRound:0.1 withHierarchy:False bruteForceCandidates:False ignoreBadFeatures:False stopOnLongRound:True candidateSizePenalty:True learnTimeLimit:00:00:00 scoreMeasure:RELERROR outputRoundsToStdout:False debug:False pythonInfluenceAnalysis:False blacklisted: 
command: solver z3
command: vm /scratch/kallistos/Distance-Based_Data/SupplementaryWebsite/MeasuredPerformanceValues/LLVM/FeatureModel.xml
Warning: Variability model contains outdated notation. Children nodes will no longer have effect on the model. Instead use the parent node to describe the parent of an configuration option. You can also use the converter providedby the Variability Model GUI in export>convert legacy model.
command: all /scratch/kallistos/Distance-Based_Data/SupplementaryWebsite/MeasuredPerformanceValues/LLVM/measurements.xml
Configs with too large deviation: 0
1024 configurations loaded.
command: nfp Performance
command: setsampleset /scratch/kallistos/Distance-Based_Data/Results/LLVM/LLVM_39/sampledConfigurations_divDistBased_t1.csv
command: learn-splconqueror-opt abortError=[1] minImprovementPerRound=[0.1,0.2,0.5] lossFunction=[RELATIVE] quadraticFunctionSupport=[True,False] learn_logFunction=[True,False] learn_asymFunction=[True,False] learn_ratioFunction=[True,False] withHierarchy=[False] useBackward=[False]
Learning: NumberOfConfigurationsLearning:11 NumberOfConfigurationsValidation:11
Learning progress:
1;210.44 * time_passes + 32.5938095238095 * gvn;3.33723640389865;3.33723640389865;3.33723640389865;3.33723640389865;0.054564;2;32.5938095238095 * gvn;1;2.73105724425494;
2;210.44 * time_passes + 30.8205555555555 * gvn + 12.4127777777777 * licm;2.1287657494982;2.1287657494982;2.1287657494982;2.1287657494982;0.060566;3;12.4127777777777 * licm;1;1.20847065440046;
3;210.44 * time_passes + 24.2400000000001 * gvn + 11.0966666666666 * licm + 7.89666666666639 * instcombine;2.01094808945394;2.01094808945394;2.01094808945394;2.01094808945394;0.066665;4;7.89666666666639 * instcombine;1;0.117817660044255;
4;210.44 * time_passes + 24.2400000000001 * gvn + 8.3300000000001 * licm + 7.20499999999984 * instcombine + 3.45833333333318 * iv_users;2.01013027798765;2.01013027798765;2.01013027798765;2.01013027798765;0.077718;5;3.45833333333318 * iv_users;1;0.000817811466291118;
Elapsed=00:00:00.0796298
Learning progress:
1;234.68 * time_passes + 12.3524999999996 * instcombine;6.52989637959552;6.52989637959552;6.52989637959552;6.52989637959552;0.00129;2;12.3524999999996 * instcombine;1;2.44963280312694;
2;234.68 * time_passes + 7.83277777777758 * instcombine + 18.078888888889 * licm;5.91772721241502;5.91772721241502;5.91772721241502;5.91772721241502;0.004534;3;18.078888888889 * licm;1;0.6121691671805;
Elapsed=00:00:00.0098750
Learning progress:
1;233.046666666667 * time_passes + 16.7059999999998 * print_used_types;0.325603374310358;0.325603374310358;0.325603374310358;0.325603374310358;0.002196;2;16.7059999999998 * print_used_types;1;3.56174426256538;
Elapsed=00:00:00.0022882
Learning progress:
1;222.56 * time_passes + 23.2295238095235 * instcombine;1.64486135317744;1.64486135317744;1.64486135317744;1.64486135317744;0.001542;2;23.2295238095235 * instcombine;1;5.59987833551514;
Elapsed=00:00:00.0052072
Learning progress:
1;237.152222222222 * time_passes + 18.3566666666666 * iv_users;1.23160766513539;1.23160766513539;1.23160766513539;1.23160766513539;0.001469;2;18.3566666666666 * iv_users;1;5.35292068142422;
Elapsed=00:00:00.0048782
Learning progress:
1;210.44 * time_passes + 32.5938095238095 * gvn;3.33723640389865;3.33723640389865;3.33723640389865;3.33723640389865;0.001194;2;32.5938095238095 * gvn;1;2.73105724425494;
2;210.44 * time_passes + 30.8205555555555 * gvn + 12.4127777777777 * licm;2.1287657494982;2.1287657494982;2.1287657494982;2.1287657494982;0.005573;3;12.4127777777777 * licm;1;1.20847065440046;
3;210.44 * time_passes + 24.2400000000001 * gvn + 11.0966666666666 * licm + 7.89666666666639 * instcombine;2.01094808945394;2.01094808945394;2.01094808945394;2.01094808945394;0.011344;4;7.89666666666639 * instcombine;1;0.117817660044255;
Elapsed=00:00:00.0114791
Learning progress:
1;234.68 * time_passes + 12.3524999999996 * instcombine;6.52989637959552;6.52989637959552;6.52989637959552;6.52989637959552;0.001028;2;12.3524999999996 * instcombine;1;2.44963280312694;
2;234.68 * time_passes + 7.83277777777758 * instcombine + 18.078888888889 * licm;5.91772721241502;5.91772721241502;5.91772721241502;5.91772721241502;0.00416;3;18.078888888889 * licm;1;0.6121691671805;
Elapsed=00:00:00.0104256
Learning progress:
1;233.046666666667 * time_passes + 16.7059999999998 * print_used_types;0.325603374310358;0.325603374310358;0.325603374310358;0.325603374310358;0.001074;2;16.7059999999998 * print_used_types;1;3.56174426256538;
Elapsed=00:00:00.0011640
Learning progress:
1;222.56 * time_passes + 23.2295238095235 * instcombine;1.64486135317744;1.64486135317744;1.64486135317744;1.64486135317744;0.001284;2;23.2295238095235 * instcombine;1;5.59987833551514;
Elapsed=00:00:00.0046765
Learning progress:
1;237.152222222222 * time_passes + 18.3566666666666 * iv_users;1.23160766513539;1.23160766513539;1.23160766513539;1.23160766513539;0.00112;2;18.3566666666666 * iv_users;1;5.35292068142422;
Elapsed=00:00:00.0057910
Learning progress:
1;210.44 * time_passes + 32.5938095238095 * gvn;3.33723640389865;3.33723640389865;3.33723640389865;3.33723640389865;0.001221;2;32.5938095238095 * gvn;1;2.73105724425494;
2;210.44 * time_passes + 30.8205555555555 * gvn + 12.4127777777777 * licm;2.1287657494982;2.1287657494982;2.1287657494982;2.1287657494982;0.004882;3;12.4127777777777 * licm;1;1.20847065440046;
3;210.44 * time_passes + 24.2400000000001 * gvn + 11.0966666666666 * licm + 7.89666666666639 * instcombine;2.01094808945394;2.01094808945394;2.01094808945394;2.01094808945394;0.010626;4;7.89666666666639 * instcombine;1;0.117817660044255;
Elapsed=00:00:00.0107567
Learning progress:
1;234.68 * time_passes + 12.3524999999996 * instcombine;6.52989637959552;6.52989637959552;6.52989637959552;6.52989637959552;0.00213;2;12.3524999999996 * instcombine;1;2.44963280312694;
2;234.68 * time_passes + 7.83277777777758 * instcombine + 18.078888888889 * licm;5.91772721241502;5.91772721241502;5.91772721241502;5.91772721241502;0.005431;3;18.078888888889 * licm;1;0.6121691671805;
Elapsed=00:00:00.0105987
Learning progress:
1;233.046666666667 * time_passes + 16.7059999999998 * print_used_types;0.325603374310358;0.325603374310358;0.325603374310358;0.325603374310358;0.001365;2;16.7059999999998 * print_used_types;1;3.56174426256538;
Elapsed=00:00:00.0014619
Learning progress:
1;222.56 * time_passes + 23.2295238095235 * instcombine;1.64486135317744;1.64486135317744;1.64486135317744;1.64486135317744;0.001174;2;23.2295238095235 * instcombine;1;5.59987833551514;
Elapsed=00:00:00.0062527
Learning progress:
1;237.152222222222 * time_passes + 18.3566666666666 * iv_users;1.23160766513539;1.23160766513539;1.23160766513539;1.23160766513539;0.001271;2;18.3566666666666 * iv_users;1;5.35292068142422;
Elapsed=00:00:00.0047617
Learning progress:
1;210.44 * time_passes + 32.5938095238095 * gvn;3.33723640389865;3.33723640389865;3.33723640389865;3.33723640389865;0.001213;2;32.5938095238095 * gvn;1;2.73105724425494;
2;210.44 * time_passes + 30.8205555555555 * gvn + 12.4127777777777 * licm;2.1287657494982;2.1287657494982;2.1287657494982;2.1287657494982;0.005049;3;12.4127777777777 * licm;1;1.20847065440046;
3;210.44 * time_passes + 24.2400000000001 * gvn + 11.0966666666666 * licm + 7.89666666666639 * instcombine;2.01094808945394;2.01094808945394;2.01094808945394;2.01094808945394;0.01177;4;7.89666666666639 * instcombine;1;0.117817660044255;
4;210.44 * time_passes + 24.2400000000001 * gvn + 8.3300000000001 * licm + 7.20499999999984 * instcombine + 3.45833333333318 * iv_users;2.01013027798765;2.01013027798765;2.01013027798765;2.01013027798765;0.020812;5;3.45833333333318 * iv_users;1;0.000817811466291118;
Elapsed=00:00:00.0209564
Learning progress:
1;234.68 * time_passes + 12.3524999999996 * instcombine;6.52989637959552;6.52989637959552;6.52989637959552;6.52989637959552;0.001371;2;12.3524999999996 * instcombine;1;2.44963280312694;
2;234.68 * time_passes + 7.83277777777758 * instcombine + 18.078888888889 * licm;5.91772721241502;5.91772721241502;5.91772721241502;5.91772721241502;0.005863;3;18.078888888889 * licm;1;0.6121691671805;
Elapsed=00:00:00.0110088
Learning progress:
1;233.046666666667 * time_passes + 16.7059999999998 * print_used_types;0.325603374310358;0.325603374310358;0.325603374310358;0.325603374310358;0.001168;2;16.7059999999998 * print_used_types;1;3.56174426256538;
Elapsed=00:00:00.0012580
Learning progress:
1;222.56 * time_passes + 23.2295238095235 * instcombine;1.64486135317744;1.64486135317744;1.64486135317744;1.64486135317744;0.00142;2;23.2295238095235 * instcombine;1;5.59987833551514;
Elapsed=00:00:00.0055842
Learning progress:
1;237.152222222222 * time_passes + 18.3566666666666 * iv_users;1.23160766513539;1.23160766513539;1.23160766513539;1.23160766513539;0.00119;2;18.3566666666666 * iv_users;1;5.35292068142422;
Elapsed=00:00:00.0047351
Learning progress:
1;210.44 * time_passes + 32.5938095238095 * gvn;3.33723640389865;3.33723640389865;3.33723640389865;3.33723640389865;0.001468;2;32.5938095238095 * gvn;1;2.73105724425494;
2;210.44 * time_passes + 30.8205555555555 * gvn + 12.4127777777777 * licm;2.1287657494982;2.1287657494982;2.1287657494982;2.1287657494982;0.005281;3;12.4127777777777 * licm;1;1.20847065440046;
3;210.44 * time_passes + 24.2400000000001 * gvn + 11.0966666666666 * licm + 7.89666666666639 * instcombine;2.01094808945394;2.01094808945394;2.01094808945394;2.01094808945394;0.012247;4;7.89666666666639 * instcombine;1;0.117817660044255;
Elapsed=00:00:00.0123831
Learning progress:
1;234.68 * time_passes + 12.3524999999996 * instcombine;6.52989637959552;6.52989637959552;6.52989637959552;6.52989637959552;0.001126;2;12.3524999999996 * instcombine;1;2.44963280312694;
2;234.68 * time_passes + 7.83277777777758 * instcombine + 18.078888888889 * licm;5.91772721241502;5.91772721241502;5.91772721241502;5.91772721241502;0.004549;3;18.078888888889 * licm;1;0.6121691671805;
Elapsed=00:00:00.0097447
Learning progress:
1;233.046666666667 * time_passes + 16.7059999999998 * print_used_types;0.325603374310358;0.325603374310358;0.325603374310358;0.325603374310358;0.001396;2;16.7059999999998 * print_used_types;1;3.56174426256538;
Elapsed=00:00:00.0014878
Learning progress:
1;222.56 * time_passes + 23.2295238095235 * instcombine;1.64486135317744;1.64486135317744;1.64486135317744;1.64486135317744;0.001971;2;23.2295238095235 * instcombine;1;5.59987833551514;
Elapsed=00:00:00.0055214
Learning progress:
1;237.152222222222 * time_passes + 18.3566666666666 * iv_users;1.23160766513539;1.23160766513539;1.23160766513539;1.23160766513539;0.001116;2;18.3566666666666 * iv_users;1;5.35292068142422;
Elapsed=00:00:00.0047457
Learning progress:
1;210.44 * time_passes + 32.5938095238095 * gvn;3.33723640389865;3.33723640389865;3.33723640389865;3.33723640389865;0.001277;2;32.5938095238095 * gvn;1;2.73105724425494;
2;210.44 * time_passes + 30.8205555555555 * gvn + 12.4127777777777 * licm;2.1287657494982;2.1287657494982;2.1287657494982;2.1287657494982;0.005834;3;12.4127777777777 * licm;1;1.20847065440046;
3;210.44 * time_passes + 24.2400000000001 * gvn + 11.0966666666666 * licm + 7.89666666666639 * instcombine;2.01094808945394;2.01094808945394;2.01094808945394;2.01094808945394;0.011755;4;7.89666666666639 * instcombine;1;0.117817660044255;
Elapsed=00:00:00.0118897
Learning progress:
1;234.68 * time_passes + 12.3524999999996 * instcombine;6.52989637959552;6.52989637959552;6.52989637959552;6.52989637959552;0.00112;2;12.3524999999996 * instcombine;1;2.44963280312694;
2;234.68 * time_passes + 7.83277777777758 * instcombine + 18.078888888889 * licm;5.91772721241502;5.91772721241502;5.91772721241502;5.91772721241502;0.004263;3;18.078888888889 * licm;1;0.6121691671805;
Elapsed=00:00:00.0104245
Learning progress:
1;233.046666666667 * time_passes + 16.7059999999998 * print_used_types;0.325603374310358;0.325603374310358;0.325603374310358;0.325603374310358;0.001114;2;16.7059999999998 * print_used_types;1;3.56174426256538;
Elapsed=00:00:00.0012058
Learning progress:
1;222.56 * time_passes + 23.2295238095235 * instcombine;1.64486135317744;1.64486135317744;1.64486135317744;1.64486135317744;0.001174;2;23.2295238095235 * instcombine;1;5.59987833551514;
Elapsed=00:00:00.0048688
Learning progress:
1;237.152222222222 * time_passes + 18.3566666666666 * iv_users;1.23160766513539;1.23160766513539;1.23160766513539;1.23160766513539;0.001104;2;18.3566666666666 * iv_users;1;5.35292068142422;
Elapsed=00:00:00.0045813
Learning progress:
1;210.44 * time_passes + 32.5938095238095 * gvn;3.33723640389865;3.33723640389865;3.33723640389865;3.33723640389865;0.001229;2;32.5938095238095 * gvn;1;2.73105724425494;
2;210.44 * time_passes + 30.8205555555555 * gvn + 12.4127777777777 * licm;2.1287657494982;2.1287657494982;2.1287657494982;2.1287657494982;0.005193;3;12.4127777777777 * licm;1;1.20847065440046;
3;210.44 * time_passes + 24.2400000000001 * gvn + 11.0966666666666 * licm + 7.89666666666639 * instcombine;2.01094808945394;2.01094808945394;2.01094808945394;2.01094808945394;0.01096;4;7.89666666666639 * instcombine;1;0.117817660044255;
4;210.44 * time_passes + 24.2400000000001 * gvn + 8.3300000000001 * licm + 7.20499999999984 * instcombine + 3.45833333333318 * iv_users;2.01013027798765;2.01013027798765;2.01013027798765;2.01013027798765;0.020808;5;3.45833333333318 * iv_users;1;0.000817811466291118;
Elapsed=00:00:00.0209518
Learning progress:
1;234.68 * time_passes + 12.3524999999996 * instcombine;6.52989637959552;6.52989637959552;6.52989637959552;6.52989637959552;0.001048;2;12.3524999999996 * instcombine;1;2.44963280312694;
2;234.68 * time_passes + 7.83277777777758 * instcombine + 18.078888888889 * licm;5.91772721241502;5.91772721241502;5.91772721241502;5.91772721241502;0.004824;3;18.078888888889 * licm;1;0.6121691671805;
Elapsed=00:00:00.0101674
Learning progress:
1;233.046666666667 * time_passes + 16.7059999999998 * print_used_types;0.325603374310358;0.325603374310358;0.325603374310358;0.325603374310358;0.001297;2;16.7059999999998 * print_used_types;1;3.56174426256538;
Elapsed=00:00:00.0013943
Learning progress:
1;222.56 * time_passes + 23.2295238095235 * instcombine;1.64486135317744;1.64486135317744;1.64486135317744;1.64486135317744;0.001293;2;23.2295238095235 * instcombine;1;5.59987833551514;
Elapsed=00:00:00.0048359
Learning progress:
1;237.152222222222 * time_passes + 18.3566666666666 * iv_users;1.23160766513539;1.23160766513539;1.23160766513539;1.23160766513539;0.001242;2;18.3566666666666 * iv_users;1;5.35292068142422;
Elapsed=00:00:00.0047576
Learning progress:
1;210.44 * time_passes + 32.5938095238095 * gvn;3.33723640389865;3.33723640389865;3.33723640389865;3.33723640389865;0.002257;2;32.5938095238095 * gvn;1;2.73105724425494;
2;210.44 * time_passes + 30.8205555555555 * gvn + 12.4127777777777 * licm;2.1287657494982;2.1287657494982;2.1287657494982;2.1287657494982;0.006024;3;12.4127777777777 * licm;1;1.20847065440046;
3;210.44 * time_passes + 24.2400000000001 * gvn + 11.0966666666666 * licm + 7.89666666666639 * instcombine;2.01094808945394;2.01094808945394;2.01094808945394;2.01094808945394;0.011875;4;7.89666666666639 * instcombine;1;0.117817660044255;
Elapsed=00:00:00.0120088
Learning progress:
1;234.68 * time_passes + 12.3524999999996 * instcombine;6.52989637959552;6.52989637959552;6.52989637959552;6.52989637959552;0.00117;2;12.3524999999996 * instcombine;1;2.44963280312694;
2;234.68 * time_passes + 7.83277777777758 * instcombine + 18.078888888889 * licm;5.91772721241502;5.91772721241502;5.91772721241502;5.91772721241502;0.0043;3;18.078888888889 * licm;1;0.6121691671805;
Elapsed=00:00:00.0102089
Learning progress:
1;233.046666666667 * time_passes + 16.7059999999998 * print_used_types;0.325603374310358;0.325603374310358;0.325603374310358;0.325603374310358;0.001075;2;16.7059999999998 * print_used_types;1;3.56174426256538;
Elapsed=00:00:00.0011741
Learning progress:
1;222.56 * time_passes + 23.2295238095235 * instcombine;1.64486135317744;1.64486135317744;1.64486135317744;1.64486135317744;0.001322;2;23.2295238095235 * instcombine;1;5.59987833551514;
Elapsed=00:00:00.0048485
Learning progress:
1;237.152222222222 * time_passes + 18.3566666666666 * iv_users;1.23160766513539;1.23160766513539;1.23160766513539;1.23160766513539;0.001249;2;18.3566666666666 * iv_users;1;5.35292068142422;
Elapsed=00:00:00.0055133
Learning progress:
1;210.44 * time_passes + 32.5938095238095 * gvn;3.33723640389865;3.33723640389865;3.33723640389865;3.33723640389865;0.001228;2;32.5938095238095 * gvn;1;2.73105724425494;
2;210.44 * time_passes + 30.8205555555555 * gvn + 12.4127777777777 * licm;2.1287657494982;2.1287657494982;2.1287657494982;2.1287657494982;0.005045;3;12.4127777777777 * licm;1;1.20847065440046;
3;210.44 * time_passes + 24.2400000000001 * gvn + 11.0966666666666 * licm + 7.89666666666639 * instcombine;2.01094808945394;2.01094808945394;2.01094808945394;2.01094808945394;0.010867;4;7.89666666666639 * instcombine;1;0.117817660044255;
Elapsed=00:00:00.0109978
Learning progress:
1;234.68 * time_passes + 12.3524999999996 * instcombine;6.52989637959552;6.52989637959552;6.52989637959552;6.52989637959552;0.001257;2;12.3524999999996 * instcombine;1;2.44963280312694;
2;234.68 * time_passes + 7.83277777777758 * instcombine + 18.078888888889 * licm;5.91772721241502;5.91772721241502;5.91772721241502;5.91772721241502;0.004371;3;18.078888888889 * licm;1;0.6121691671805;
Elapsed=00:00:00.0096451
Learning progress:
1;233.046666666667 * time_passes + 16.7059999999998 * print_used_types;0.325603374310358;0.325603374310358;0.325603374310358;0.325603374310358;0.001084;2;16.7059999999998 * print_used_types;1;3.56174426256538;
Elapsed=00:00:00.0011744
Learning progress:
1;222.56 * time_passes + 23.2295238095235 * instcombine;1.64486135317744;1.64486135317744;1.64486135317744;1.64486135317744;0.001209;2;23.2295238095235 * instcombine;1;5.59987833551514;
Elapsed=00:00:00.0056521
Learning progress:
1;237.152222222222 * time_passes + 18.3566666666666 * iv_users;1.23160766513539;1.23160766513539;1.23160766513539;1.23160766513539;0.001109;2;18.3566666666666 * iv_users;1;5.35292068142422;
Elapsed=00:00:00.0046341
Learning progress:
1;210.44 * time_passes + 32.5938095238095 * gvn;3.33723640389865;3.33723640389865;3.33723640389865;3.33723640389865;0.001295;2;32.5938095238095 * gvn;1;2.73105724425494;
2;210.44 * time_passes + 30.8205555555555 * gvn + 12.4127777777777 * licm;2.1287657494982;2.1287657494982;2.1287657494982;2.1287657494982;0.005008;3;12.4127777777777 * licm;1;1.20847065440046;
3;210.44 * time_passes + 24.2400000000001 * gvn + 11.0966666666666 * licm + 7.89666666666639 * instcombine;2.01094808945394;2.01094808945394;2.01094808945394;2.01094808945394;0.011738;4;7.89666666666639 * instcombine;1;0.117817660044255;
4;210.44 * time_passes + 24.2400000000001 * gvn + 8.3300000000001 * licm + 7.20499999999984 * instcombine + 3.45833333333318 * iv_users;2.01013027798765;2.01013027798765;2.01013027798765;2.01013027798765;0.020647;5;3.45833333333318 * iv_users;1;0.000817811466291118;
Elapsed=00:00:00.0208110
Learning progress:
1;234.68 * time_passes + 12.3524999999996 * instcombine;6.52989637959552;6.52989637959552;6.52989637959552;6.52989637959552;0.002124;2;12.3524999999996 * instcombine;1;2.44963280312694;
2;234.68 * time_passes + 7.83277777777758 * instcombine + 18.078888888889 * licm;5.91772721241502;5.91772721241502;5.91772721241502;5.91772721241502;0.005278;3;18.078888888889 * licm;1;0.6121691671805;
Elapsed=00:00:00.0105843
Learning progress:
1;233.046666666667 * time_passes + 16.7059999999998 * print_used_types;0.325603374310358;0.325603374310358;0.325603374310358;0.325603374310358;0.001269;2;16.7059999999998 * print_used_types;1;3.56174426256538;
Elapsed=00:00:00.0013627
Learning progress:
1;222.56 * time_passes + 23.2295238095235 * instcombine;1.64486135317744;1.64486135317744;1.64486135317744;1.64486135317744;0.001256;2;23.2295238095235 * instcombine;1;5.59987833551514;
Elapsed=00:00:00.0059808
Learning progress:
1;237.152222222222 * time_passes + 18.3566666666666 * iv_users;1.23160766513539;1.23160766513539;1.23160766513539;1.23160766513539;0.001266;2;18.3566666666666 * iv_users;1;5.35292068142422;
Elapsed=00:00:00.0047328
Learning progress:
1;210.44 * time_passes + 32.5938095238095 * gvn;3.33723640389865;3.33723640389865;3.33723640389865;3.33723640389865;0.001224;2;32.5938095238095 * gvn;1;2.73105724425494;
2;210.44 * time_passes + 30.8205555555555 * gvn + 12.4127777777777 * licm;2.1287657494982;2.1287657494982;2.1287657494982;2.1287657494982;0.005025;3;12.4127777777777 * licm;1;1.20847065440046;
3;210.44 * time_passes + 24.2400000000001 * gvn + 11.0966666666666 * licm + 7.89666666666639 * instcombine;2.01094808945394;2.01094808945394;2.01094808945394;2.01094808945394;0.011944;4;7.89666666666639 * instcombine;1;0.117817660044255;
Elapsed=00:00:00.0120862
Learning progress:
1;234.68 * time_passes + 12.3524999999996 * instcombine;6.52989637959552;6.52989637959552;6.52989637959552;6.52989637959552;0.001227;2;12.3524999999996 * instcombine;1;2.44963280312694;
2;234.68 * time_passes + 7.83277777777758 * instcombine + 18.078888888889 * licm;5.91772721241502;5.91772721241502;5.91772721241502;5.91772721241502;0.004397;3;18.078888888889 * licm;1;0.6121691671805;
Elapsed=00:00:00.0098411
Learning progress:
1;233.046666666667 * time_passes + 16.7059999999998 * print_used_types;0.325603374310358;0.325603374310358;0.325603374310358;0.325603374310358;0.001196;2;16.7059999999998 * print_used_types;1;3.56174426256538;
Elapsed=00:00:00.0012976
Learning progress:
1;222.56 * time_passes + 23.2295238095235 * instcombine;1.64486135317744;1.64486135317744;1.64486135317744;1.64486135317744;0.001166;2;23.2295238095235 * instcombine;1;5.59987833551514;
Elapsed=00:00:00.0047898
Learning progress:
1;237.152222222222 * time_passes + 18.3566666666666 * iv_users;1.23160766513539;1.23160766513539;1.23160766513539;1.23160766513539;0.001164;2;18.3566666666666 * iv_users;1;5.35292068142422;
Elapsed=00:00:00.0048573
Learning progress:
1;210.44 * time_passes + 32.5938095238095 * gvn;3.33723640389865;3.33723640389865;3.33723640389865;3.33723640389865;0.001218;2;32.5938095238095 * gvn;1;2.73105724425494;
2;210.44 * time_passes + 30.8205555555555 * gvn + 12.4127777777777 * licm;2.1287657494982;2.1287657494982;2.1287657494982;2.1287657494982;0.006;3;12.4127777777777 * licm;1;1.20847065440046;
3;210.44 * time_passes + 24.2400000000001 * gvn + 11.0966666666666 * licm + 7.89666666666639 * instcombine;2.01094808945394;2.01094808945394;2.01094808945394;2.01094808945394;0.011912;4;7.89666666666639 * instcombine;1;0.117817660044255;
Elapsed=00:00:00.0120527
Learning progress:
1;234.68 * time_passes + 12.3524999999996 * instcombine;6.52989637959552;6.52989637959552;6.52989637959552;6.52989637959552;0.001319;2;12.3524999999996 * instcombine;1;2.44963280312694;
2;234.68 * time_passes + 7.83277777777758 * instcombine + 18.078888888889 * licm;5.91772721241502;5.91772721241502;5.91772721241502;5.91772721241502;0.004666;3;18.078888888889 * licm;1;0.6121691671805;
Elapsed=00:00:00.0108794
Learning progress:
1;233.046666666667 * time_passes + 16.7059999999998 * print_used_types;0.325603374310358;0.325603374310358;0.325603374310358;0.325603374310358;0.001261;2;16.7059999999998 * print_used_types;1;3.56174426256538;
Elapsed=00:00:00.0013525
Learning progress:
1;222.56 * time_passes + 23.2295238095235 * instcombine;1.64486135317744;1.64486135317744;1.64486135317744;1.64486135317744;0.001184;2;23.2295238095235 * instcombine;1;5.59987833551514;
Elapsed=00:00:00.0046314
Learning progress:
1;237.152222222222 * time_passes + 18.3566666666666 * iv_users;1.23160766513539;1.23160766513539;1.23160766513539;1.23160766513539;0.00107;2;18.3566666666666 * iv_users;1;5.35292068142422;
Elapsed=00:00:00.0056257
Learning progress:
1;210.44 * time_passes + 32.5938095238095 * gvn;3.33723640389865;3.33723640389865;3.33723640389865;3.33723640389865;0.00134;2;32.5938095238095 * gvn;1;2.73105724425494;
2;210.44 * time_passes + 30.8205555555555 * gvn + 12.4127777777777 * licm;2.1287657494982;2.1287657494982;2.1287657494982;2.1287657494982;0.00507;3;12.4127777777777 * licm;1;1.20847065440046;
3;210.44 * time_passes + 24.2400000000001 * gvn + 11.0966666666666 * licm + 7.89666666666639 * instcombine;2.01094808945394;2.01094808945394;2.01094808945394;2.01094808945394;0.010987;4;7.89666666666639 * instcombine;1;0.117817660044255;
4;210.44 * time_passes + 24.2400000000001 * gvn + 8.3300000000001 * licm + 7.20499999999984 * instcombine + 3.45833333333318 * iv_users;2.01013027798765;2.01013027798765;2.01013027798765;2.01013027798765;0.021059;5;3.45833333333318 * iv_users;1;0.000817811466291118;
Elapsed=00:00:00.0212114
Learning progress:
1;234.68 * time_passes + 12.3524999999996 * instcombine;6.52989637959552;6.52989637959552;6.52989637959552;6.52989637959552;0.001181;2;12.3524999999996 * instcombine;1;2.44963280312694;
2;234.68 * time_passes + 7.83277777777758 * instcombine + 18.078888888889 * licm;5.91772721241502;5.91772721241502;5.91772721241502;5.91772721241502;0.004304;3;18.078888888889 * licm;1;0.6121691671805;
Elapsed=00:00:00.0107615
Learning progress:
1;233.046666666667 * time_passes + 16.7059999999998 * print_used_types;0.325603374310358;0.325603374310358;0.325603374310358;0.325603374310358;0.001263;2;16.7059999999998 * print_used_types;1;3.56174426256538;
Elapsed=00:00:00.0013554
Learning progress:
1;222.56 * time_passes + 23.2295238095235 * instcombine;1.64486135317744;1.64486135317744;1.64486135317744;1.64486135317744;0.001198;2;23.2295238095235 * instcombine;1;5.59987833551514;
Elapsed=00:00:00.0047654
Learning progress:
1;237.152222222222 * time_passes + 18.3566666666666 * iv_users;1.23160766513539;1.23160766513539;1.23160766513539;1.23160766513539;0.001407;2;18.3566666666666 * iv_users;1;5.35292068142422;
Elapsed=00:00:00.0048932
Learning progress:
1;210.44 * time_passes + 32.5938095238095 * gvn;3.33723640389865;3.33723640389865;3.33723640389865;3.33723640389865;0.001253;2;32.5938095238095 * gvn;1;2.73105724425494;
2;210.44 * time_passes + 30.8205555555555 * gvn + 12.4127777777777 * licm;2.1287657494982;2.1287657494982;2.1287657494982;2.1287657494982;0.004948;3;12.4127777777777 * licm;1;1.20847065440046;
3;210.44 * time_passes + 24.2400000000001 * gvn + 11.0966666666666 * licm + 7.89666666666639 * instcombine;2.01094808945394;2.01094808945394;2.01094808945394;2.01094808945394;0.010826;4;7.89666666666639 * instcombine;1;0.117817660044255;
Elapsed=00:00:00.0109606
Learning progress:
1;234.68 * time_passes + 12.3524999999996 * instcombine;6.52989637959552;6.52989637959552;6.52989637959552;6.52989637959552;0.001193;2;12.3524999999996 * instcombine;1;2.44963280312694;
2;234.68 * time_passes + 7.83277777777758 * instcombine + 18.078888888889 * licm;5.91772721241502;5.91772721241502;5.91772721241502;5.91772721241502;0.005261;3;18.078888888889 * licm;1;0.6121691671805;
Elapsed=00:00:00.0105382
Learning progress:
1;233.046666666667 * time_passes + 16.7059999999998 * print_used_types;0.325603374310358;0.325603374310358;0.325603374310358;0.325603374310358;0.001218;2;16.7059999999998 * print_used_types;1;3.56174426256538;
Elapsed=00:00:00.0013096
Learning progress:
1;222.56 * time_passes + 23.2295238095235 * instcombine;1.64486135317744;1.64486135317744;1.64486135317744;1.64486135317744;0.001301;2;23.2295238095235 * instcombine;1;5.59987833551514;
Elapsed=00:00:00.0048190
Learning progress:
1;237.152222222222 * time_passes + 18.3566666666666 * iv_users;1.23160766513539;1.23160766513539;1.23160766513539;1.23160766513539;0.002206;2;18.3566666666666 * iv_users;1;5.35292068142422;
Elapsed=00:00:00.0055891
Learning progress:
1;210.44 * time_passes + 32.5938095238095 * gvn;3.33723640389865;3.33723640389865;3.33723640389865;3.33723640389865;0.001439;2;32.5938095238095 * gvn;1;2.73105724425494;
2;210.44 * time_passes + 30.8205555555555 * gvn + 12.4127777777777 * licm;2.1287657494982;2.1287657494982;2.1287657494982;2.1287657494982;0.005233;3;12.4127777777777 * licm;1;1.20847065440046;
3;210.44 * time_passes + 24.2400000000001 * gvn + 11.0966666666666 * licm + 7.89666666666639 * instcombine;2.01094808945394;2.01094808945394;2.01094808945394;2.01094808945394;0.01203;4;7.89666666666639 * instcombine;1;0.117817660044255;
Elapsed=00:00:00.0121676
Learning progress:
1;234.68 * time_passes + 12.3524999999996 * instcombine;6.52989637959552;6.52989637959552;6.52989637959552;6.52989637959552;0.001037;2;12.3524999999996 * instcombine;1;2.44963280312694;
2;234.68 * time_passes + 7.83277777777758 * instcombine + 18.078888888889 * licm;5.91772721241502;5.91772721241502;5.91772721241502;5.91772721241502;0.00418;3;18.078888888889 * licm;1;0.6121691671805;
Elapsed=00:00:00.0093765
Learning progress:
1;233.046666666667 * time_passes + 16.7059999999998 * print_used_types;0.325603374310358;0.325603374310358;0.325603374310358;0.325603374310358;0.00129;2;16.7059999999998 * print_used_types;1;3.56174426256538;
Elapsed=00:00:00.0013818
Learning progress:
1;222.56 * time_passes + 23.2295238095235 * instcombine;1.64486135317744;1.64486135317744;1.64486135317744;1.64486135317744;0.002039;2;23.2295238095235 * instcombine;1;5.59987833551514;
Elapsed=00:00:00.0061382
Learning progress:
1;237.152222222222 * time_passes + 18.3566666666666 * iv_users;1.23160766513539;1.23160766513539;1.23160766513539;1.23160766513539;0.001346;2;18.3566666666666 * iv_users;1;5.35292068142422;
Elapsed=00:00:00.0049357
Learning progress:
1;210.44 * time_passes + 32.5938095238095 * gvn;3.33723640389865;3.33723640389865;3.33723640389865;3.33723640389865;0.001195;2;32.5938095238095 * gvn;1;2.73105724425494;
2;210.44 * time_passes + 30.8205555555555 * gvn + 12.4127777777777 * licm;2.1287657494982;2.1287657494982;2.1287657494982;2.1287657494982;0.004903;3;12.4127777777777 * licm;1;1.20847065440046;
3;210.44 * time_passes + 24.2400000000001 * gvn + 11.0966666666666 * licm + 7.89666666666639 * instcombine;2.01094808945394;2.01094808945394;2.01094808945394;2.01094808945394;0.011422;4;7.89666666666639 * instcombine;1;0.117817660044255;
4;210.44 * time_passes + 24.2400000000001 * gvn + 8.3300000000001 * licm + 7.20499999999984 * instcombine + 3.45833333333318 * iv_users;2.01013027798765;2.01013027798765;2.01013027798765;2.01013027798765;0.020304;5;3.45833333333318 * iv_users;1;0.000817811466291118;
Elapsed=00:00:00.0204642
Learning progress:
1;234.68 * time_passes + 12.3524999999996 * instcombine;6.52989637959552;6.52989637959552;6.52989637959552;6.52989637959552;0.001187;2;12.3524999999996 * instcombine;1;2.44963280312694;
2;234.68 * time_passes + 7.83277777777758 * instcombine + 18.078888888889 * licm;5.91772721241502;5.91772721241502;5.91772721241502;5.91772721241502;0.004321;3;18.078888888889 * licm;1;0.6121691671805;
Elapsed=00:00:00.0097510
Learning progress:
1;233.046666666667 * time_passes + 16.7059999999998 * print_used_types;0.325603374310358;0.325603374310358;0.325603374310358;0.325603374310358;0.001147;2;16.7059999999998 * print_used_types;1;3.56174426256538;
Elapsed=00:00:00.0012375
Learning progress:
1;222.56 * time_passes + 23.2295238095235 * instcombine;1.64486135317744;1.64486135317744;1.64486135317744;1.64486135317744;0.00134;2;23.2295238095235 * instcombine;1;5.59987833551514;
Elapsed=00:00:00.0057530
Learning progress:
1;237.152222222222 * time_passes + 18.3566666666666 * iv_users;1.23160766513539;1.23160766513539;1.23160766513539;1.23160766513539;0.001394;2;18.3566666666666 * iv_users;1;5.35292068142422;
Elapsed=00:00:00.0048126
Learning progress:
1;210.44 * time_passes + 32.5938095238095 * gvn;3.33723640389865;3.33723640389865;3.33723640389865;3.33723640389865;0.00121;2;32.5938095238095 * gvn;1;2.73105724425494;
2;210.44 * time_passes + 30.8205555555555 * gvn + 12.4127777777777 * licm;2.1287657494982;2.1287657494982;2.1287657494982;2.1287657494982;0.004811;3;12.4127777777777 * licm;1;1.20847065440046;
3;210.44 * time_passes + 24.2400000000001 * gvn + 11.0966666666666 * licm + 7.89666666666639 * instcombine;2.01094808945394;2.01094808945394;2.01094808945394;2.01094808945394;0.011505;4;7.89666666666639 * instcombine;1;0.117817660044255;
Elapsed=00:00:00.0116461
Learning progress:
1;234.68 * time_passes + 12.3524999999996 * instcombine;6.52989637959552;6.52989637959552;6.52989637959552;6.52989637959552;0.001165;2;12.3524999999996 * instcombine;1;2.44963280312694;
2;234.68 * time_passes + 7.83277777777758 * instcombine + 18.078888888889 * licm;5.91772721241502;5.91772721241502;5.91772721241502;5.91772721241502;0.004272;3;18.078888888889 * licm;1;0.6121691671805;
Elapsed=00:00:00.0095358
Learning progress:
1;233.046666666667 * time_passes + 16.7059999999998 * print_used_types;0.325603374310358;0.325603374310358;0.325603374310358;0.325603374310358;0.001148;2;16.7059999999998 * print_used_types;1;3.56174426256538;
Elapsed=00:00:00.0012415
Learning progress:
1;222.56 * time_passes + 23.2295238095235 * instcombine;1.64486135317744;1.64486135317744;1.64486135317744;1.64486135317744;0.001311;2;23.2295238095235 * instcombine;1;5.59987833551514;
Elapsed=00:00:00.0048872
Learning progress:
1;237.152222222222 * time_passes + 18.3566666666666 * iv_users;1.23160766513539;1.23160766513539;1.23160766513539;1.23160766513539;0.001138;2;18.3566666666666 * iv_users;1;5.35292068142422;
Elapsed=00:00:00.0045121
Learning progress:
1;210.44 * time_passes + 32.5938095238095 * gvn;3.33723640389865;3.33723640389865;3.33723640389865;3.33723640389865;0.001356;2;32.5938095238095 * gvn;1;2.73105724425494;
2;210.44 * time_passes + 30.8205555555555 * gvn + 12.4127777777777 * licm;2.1287657494982;2.1287657494982;2.1287657494982;2.1287657494982;0.005812;3;12.4127777777777 * licm;1;1.20847065440046;
3;210.44 * time_passes + 24.2400000000001 * gvn + 11.0966666666666 * licm + 7.89666666666639 * instcombine;2.01094808945394;2.01094808945394;2.01094808945394;2.01094808945394;0.011723;4;7.89666666666639 * instcombine;1;0.117817660044255;
Elapsed=00:00:00.0118580
Learning progress:
1;234.68 * time_passes + 12.3524999999996 * instcombine;6.52989637959552;6.52989637959552;6.52989637959552;6.52989637959552;0.001044;2;12.3524999999996 * instcombine;1;2.44963280312694;
2;234.68 * time_passes + 7.83277777777758 * instcombine + 18.078888888889 * licm;5.91772721241502;5.91772721241502;5.91772721241502;5.91772721241502;0.004238;3;18.078888888889 * licm;1;0.6121691671805;
Elapsed=00:00:00.0103734
Learning progress:
1;233.046666666667 * time_passes + 16.7059999999998 * print_used_types;0.325603374310358;0.325603374310358;0.325603374310358;0.325603374310358;0.001253;2;16.7059999999998 * print_used_types;1;3.56174426256538;
Elapsed=00:00:00.0013448
Learning progress:
1;222.56 * time_passes + 23.2295238095235 * instcombine;1.64486135317744;1.64486135317744;1.64486135317744;1.64486135317744;0.00127;2;23.2295238095235 * instcombine;1;5.59987833551514;
Elapsed=00:00:00.0049760
Learning progress:
1;237.152222222222 * time_passes + 18.3566666666666 * iv_users;1.23160766513539;1.23160766513539;1.23160766513539;1.23160766513539;0.001113;2;18.3566666666666 * iv_users;1;5.35292068142422;
Elapsed=00:00:00.0054860
Learning progress:
1;210.44 * time_passes + 32.5938095238095 * gvn;3.33723640389865;3.33723640389865;3.33723640389865;3.33723640389865;0.001367;2;32.5938095238095 * gvn;1;2.73105724425494;
2;210.44 * time_passes + 30.8205555555555 * gvn + 12.4127777777777 * licm;2.1287657494982;2.1287657494982;2.1287657494982;2.1287657494982;0.005079;3;12.4127777777777 * licm;1;1.20847065440046;
3;210.44 * time_passes + 24.2400000000001 * gvn + 11.0966666666666 * licm + 7.89666666666639 * instcombine;2.01094808945394;2.01094808945394;2.01094808945394;2.01094808945394;0.010924;4;7.89666666666639 * instcombine;1;0.117817660044255;
4;210.44 * time_passes + 24.2400000000001 * gvn + 8.3300000000001 * licm + 7.20499999999984 * instcombine + 3.45833333333318 * iv_users;2.01013027798765;2.01013027798765;2.01013027798765;2.01013027798765;0.020782;5;3.45833333333318 * iv_users;1;0.000817811466291118;
Elapsed=00:00:00.0209294
Learning progress:
1;234.68 * time_passes + 12.3524999999996 * instcombine;6.52989637959552;6.52989637959552;6.52989637959552;6.52989637959552;0.00123;2;12.3524999999996 * instcombine;1;2.44963280312694;
2;234.68 * time_passes + 7.83277777777758 * instcombine + 18.078888888889 * licm;5.91772721241502;5.91772721241502;5.91772721241502;5.91772721241502;0.004366;3;18.078888888889 * licm;1;0.6121691671805;
Elapsed=00:00:00.0108661
Learning progress:
1;233.046666666667 * time_passes + 16.7059999999998 * print_used_types;0.325603374310358;0.325603374310358;0.325603374310358;0.325603374310358;0.001113;2;16.7059999999998 * print_used_types;1;3.56174426256538;
Elapsed=00:00:00.0012058
Learning progress:
1;222.56 * time_passes + 23.2295238095235 * instcombine;1.64486135317744;1.64486135317744;1.64486135317744;1.64486135317744;0.001177;2;23.2295238095235 * instcombine;1;5.59987833551514;
Elapsed=00:00:00.0049201
Learning progress:
1;237.152222222222 * time_passes + 18.3566666666666 * iv_users;1.23160766513539;1.23160766513539;1.23160766513539;1.23160766513539;0.001276;2;18.3566666666666 * iv_users;1;5.35292068142422;
Elapsed=00:00:00.0058466
Learning progress:
1;210.44 * time_passes + 32.5938095238095 * gvn;3.33723640389865;3.33723640389865;3.33723640389865;3.33723640389865;0.001211;2;32.5938095238095 * gvn;1;2.73105724425494;
2;210.44 * time_passes + 30.8205555555555 * gvn + 12.4127777777777 * licm;2.1287657494982;2.1287657494982;2.1287657494982;2.1287657494982;0.004898;3;12.4127777777777 * licm;1;1.20847065440046;
3;210.44 * time_passes + 24.2400000000001 * gvn + 11.0966666666666 * licm + 7.89666666666639 * instcombine;2.01094808945394;2.01094808945394;2.01094808945394;2.01094808945394;0.010607;4;7.89666666666639 * instcombine;1;0.117817660044255;
Elapsed=00:00:00.0107397
Learning progress:
1;234.68 * time_passes + 12.3524999999996 * instcombine;6.52989637959552;6.52989637959552;6.52989637959552;6.52989637959552;0.001039;2;12.3524999999996 * instcombine;1;2.44963280312694;
2;234.68 * time_passes + 7.83277777777758 * instcombine + 18.078888888889 * licm;5.91772721241502;5.91772721241502;5.91772721241502;5.91772721241502;0.005089;3;18.078888888889 * licm;1;0.6121691671805;
Elapsed=00:00:00.0103671
Learning progress:
1;233.046666666667 * time_passes + 16.7059999999998 * print_used_types;0.325603374310358;0.325603374310358;0.325603374310358;0.325603374310358;0.001409;2;16.7059999999998 * print_used_types;1;3.56174426256538;
Elapsed=00:00:00.0014987
Learning progress:
1;222.56 * time_passes + 23.2295238095235 * instcombine;1.64486135317744;1.64486135317744;1.64486135317744;1.64486135317744;0.001157;2;23.2295238095235 * instcombine;1;5.59987833551514;
Elapsed=00:00:00.0045843
Learning progress:
1;237.152222222222 * time_passes + 18.3566666666666 * iv_users;1.23160766513539;1.23160766513539;1.23160766513539;1.23160766513539;0.001223;2;18.3566666666666 * iv_users;1;5.35292068142422;
Elapsed=00:00:00.0046551
Learning progress:
1;210.44 * time_passes + 32.5938095238095 * gvn;3.33723640389865;3.33723640389865;3.33723640389865;3.33723640389865;0.001337;2;32.5938095238095 * gvn;1;2.73105724425494;
2;210.44 * time_passes + 30.8205555555555 * gvn + 12.4127777777777 * licm;2.1287657494982;2.1287657494982;2.1287657494982;2.1287657494982;0.005109;3;12.4127777777777 * licm;1;1.20847065440046;
3;210.44 * time_passes + 24.2400000000001 * gvn + 11.0966666666666 * licm + 7.89666666666639 * instcombine;2.01094808945394;2.01094808945394;2.01094808945394;2.01094808945394;0.012114;4;7.89666666666639 * instcombine;1;0.117817660044255;
Elapsed=00:00:00.0122449
Learning progress:
1;234.68 * time_passes + 12.3524999999996 * instcombine;6.52989637959552;6.52989637959552;6.52989637959552;6.52989637959552;0.001224;2;12.3524999999996 * instcombine;1;2.44963280312694;
2;234.68 * time_passes + 7.83277777777758 * instcombine + 18.078888888889 * licm;5.91772721241502;5.91772721241502;5.91772721241502;5.91772721241502;0.004357;3;18.078888888889 * licm;1;0.6121691671805;
Elapsed=00:00:00.0096474
Learning progress:
1;233.046666666667 * time_passes + 16.7059999999998 * print_used_types;0.325603374310358;0.325603374310358;0.325603374310358;0.325603374310358;0.001256;2;16.7059999999998 * print_used_types;1;3.56174426256538;
Elapsed=00:00:00.0013565
Learning progress:
1;222.56 * time_passes + 23.2295238095235 * instcombine;1.64486135317744;1.64486135317744;1.64486135317744;1.64486135317744;0.001351;2;23.2295238095235 * instcombine;1;5.59987833551514;
Elapsed=00:00:00.0048576
Learning progress:
1;237.152222222222 * time_passes + 18.3566666666666 * iv_users;1.23160766513539;1.23160766513539;1.23160766513539;1.23160766513539;0.001261;2;18.3566666666666 * iv_users;1;5.35292068142422;
Elapsed=00:00:00.0047672
Learning progress:
1;210.44 * time_passes + 32.5938095238095 * gvn;3.33723640389865;3.33723640389865;3.33723640389865;3.33723640389865;0.001264;2;32.5938095238095 * gvn;1;2.73105724425494;
2;210.44 * time_passes + 30.8205555555555 * gvn + 12.4127777777777 * licm;2.1287657494982;2.1287657494982;2.1287657494982;2.1287657494982;0.005943;3;12.4127777777777 * licm;1;1.20847065440046;
3;210.44 * time_passes + 24.2400000000001 * gvn + 11.0966666666666 * licm + 7.89666666666639 * instcombine;2.01094808945394;2.01094808945394;2.01094808945394;2.01094808945394;0.011687;4;7.89666666666639 * instcombine;1;0.117817660044255;
4;210.44 * time_passes + 24.2400000000001 * gvn + 8.3300000000001 * licm + 7.20499999999984 * instcombine + 3.45833333333318 * iv_users;2.01013027798765;2.01013027798765;2.01013027798765;2.01013027798765;0.021832;5;3.45833333333318 * iv_users;1;0.000817811466291118;
Elapsed=00:00:00.0219793
Learning progress:
1;234.68 * time_passes + 12.3524999999996 * instcombine;6.52989637959552;6.52989637959552;6.52989637959552;6.52989637959552;0.001027;2;12.3524999999996 * instcombine;1;2.44963280312694;
2;234.68 * time_passes + 7.83277777777758 * instcombine + 18.078888888889 * licm;5.91772721241502;5.91772721241502;5.91772721241502;5.91772721241502;0.00416;3;18.078888888889 * licm;1;0.6121691671805;
Elapsed=00:00:00.0094670
Learning progress:
1;233.046666666667 * time_passes + 16.7059999999998 * print_used_types;0.325603374310358;0.325603374310358;0.325603374310358;0.325603374310358;0.001141;2;16.7059999999998 * print_used_types;1;3.56174426256538;
Elapsed=00:00:00.0012317
Learning progress:
1;222.56 * time_passes + 23.2295238095235 * instcombine;1.64486135317744;1.64486135317744;1.64486135317744;1.64486135317744;0.001977;2;23.2295238095235 * instcombine;1;5.59987833551514;
Elapsed=00:00:00.0054673
Learning progress:
1;237.152222222222 * time_passes + 18.3566666666666 * iv_users;1.23160766513539;1.23160766513539;1.23160766513539;1.23160766513539;0.001127;2;18.3566666666666 * iv_users;1;5.35292068142422;
Elapsed=00:00:00.0047222
Learning progress:
1;210.44 * time_passes + 32.5938095238095 * gvn;3.33723640389865;3.33723640389865;3.33723640389865;3.33723640389865;0.001217;2;32.5938095238095 * gvn;1;2.73105724425494;
2;210.44 * time_passes + 30.8205555555555 * gvn + 12.4127777777777 * licm;2.1287657494982;2.1287657494982;2.1287657494982;2.1287657494982;0.004855;3;12.4127777777777 * licm;1;1.20847065440046;
3;210.44 * time_passes + 24.2400000000001 * gvn + 11.0966666666666 * licm + 7.89666666666639 * instcombine;2.01094808945394;2.01094808945394;2.01094808945394;2.01094808945394;0.011463;4;7.89666666666639 * instcombine;1;0.117817660044255;
Elapsed=00:00:00.0115963
Learning progress:
1;234.68 * time_passes + 12.3524999999996 * instcombine;6.52989637959552;6.52989637959552;6.52989637959552;6.52989637959552;0.001018;2;12.3524999999996 * instcombine;1;2.44963280312694;
2;234.68 * time_passes + 7.83277777777758 * instcombine + 18.078888888889 * licm;5.91772721241502;5.91772721241502;5.91772721241502;5.91772721241502;0.004231;3;18.078888888889 * licm;1;0.6121691671805;
Elapsed=00:00:00.0103813
Learning progress:
1;233.046666666667 * time_passes + 16.7059999999998 * print_used_types;0.325603374310358;0.325603374310358;0.325603374310358;0.325603374310358;0.001108;2;16.7059999999998 * print_used_types;1;3.56174426256538;
Elapsed=00:00:00.0011994
Learning progress:
1;222.56 * time_passes + 23.2295238095235 * instcombine;1.64486135317744;1.64486135317744;1.64486135317744;1.64486135317744;0.001322;2;23.2295238095235 * instcombine;1;5.59987833551514;
Elapsed=00:00:00.0048002
Learning progress:
1;237.152222222222 * time_passes + 18.3566666666666 * iv_users;1.23160766513539;1.23160766513539;1.23160766513539;1.23160766513539;0.001246;2;18.3566666666666 * iv_users;1;5.35292068142422;
Elapsed=00:00:00.0047877
Learning progress:
1;210.44 * time_passes + 32.5938095238095 * gvn;3.33723640389865;3.33723640389865;3.33723640389865;3.33723640389865;0.002049;2;32.5938095238095 * gvn;1;2.73105724425494;
2;210.44 * time_passes + 30.8205555555555 * gvn + 12.4127777777777 * licm;2.1287657494982;2.1287657494982;2.1287657494982;2.1287657494982;0.005835;3;12.4127777777777 * licm;1;1.20847065440046;
3;210.44 * time_passes + 24.2400000000001 * gvn + 11.0966666666666 * licm + 7.89666666666639 * instcombine;2.01094808945394;2.01094808945394;2.01094808945394;2.01094808945394;0.011697;4;7.89666666666639 * instcombine;1;0.117817660044255;
Elapsed=00:00:00.0118303
Learning progress:
1;234.68 * time_passes + 12.3524999999996 * instcombine;6.52989637959552;6.52989637959552;6.52989637959552;6.52989637959552;0.001203;2;12.3524999999996 * instcombine;1;2.44963280312694;
2;234.68 * time_passes + 7.83277777777758 * instcombine + 18.078888888889 * licm;5.91772721241502;5.91772721241502;5.91772721241502;5.91772721241502;0.005318;3;18.078888888889 * licm;1;0.6121691671805;
Elapsed=00:00:00.0105861
Learning progress:
1;233.046666666667 * time_passes + 16.7059999999998 * print_used_types;0.325603374310358;0.325603374310358;0.325603374310358;0.325603374310358;0.001362;2;16.7059999999998 * print_used_types;1;3.56174426256538;
Elapsed=00:00:00.0014563
Learning progress:
1;222.56 * time_passes + 23.2295238095235 * instcombine;1.64486135317744;1.64486135317744;1.64486135317744;1.64486135317744;0.0013;2;23.2295238095235 * instcombine;1;5.59987833551514;
Elapsed=00:00:00.0049843
Learning progress:
1;237.152222222222 * time_passes + 18.3566666666666 * iv_users;1.23160766513539;1.23160766513539;1.23160766513539;1.23160766513539;0.002008;2;18.3566666666666 * iv_users;1;5.35292068142422;
Elapsed=00:00:00.0056514
Learning progress:
1;210.44 * time_passes + 32.5938095238095 * gvn;3.33723640389865;3.33723640389865;3.33723640389865;3.33723640389865;0.001209;2;32.5938095238095 * gvn;1;2.73105724425494;
2;210.44 * time_passes + 30.8205555555555 * gvn + 12.4127777777777 * licm;2.1287657494982;2.1287657494982;2.1287657494982;2.1287657494982;0.004882;3;12.4127777777777 * licm;1;1.20847065440046;
3;210.44 * time_passes + 24.2400000000001 * gvn + 11.0966666666666 * licm + 7.89666666666639 * instcombine;2.01094808945394;2.01094808945394;2.01094808945394;2.01094808945394;0.010614;4;7.89666666666639 * instcombine;1;0.117817660044255;
4;210.44 * time_passes + 24.2400000000001 * gvn + 8.3300000000001 * licm + 7.20499999999984 * instcombine + 3.45833333333318 * iv_users;2.01013027798765;2.01013027798765;2.01013027798765;2.01013027798765;0.020424;5;3.45833333333318 * iv_users;1;0.000817811466291118;
Elapsed=00:00:00.0205675
Learning progress:
1;234.68 * time_passes + 12.3524999999996 * instcombine;6.52989637959552;6.52989637959552;6.52989637959552;6.52989637959552;0.001316;2;12.3524999999996 * instcombine;1;2.44963280312694;
2;234.68 * time_passes + 7.83277777777758 * instcombine + 18.078888888889 * licm;5.91772721241502;5.91772721241502;5.91772721241502;5.91772721241502;0.004678;3;18.078888888889 * licm;1;0.6121691671805;
Elapsed=00:00:00.0108503
Learning progress:
1;233.046666666667 * time_passes + 16.7059999999998 * print_used_types;0.325603374310358;0.325603374310358;0.325603374310358;0.325603374310358;0.001286;2;16.7059999999998 * print_used_types;1;3.56174426256538;
Elapsed=00:00:00.0013808
Learning progress:
1;222.56 * time_passes + 23.2295238095235 * instcombine;1.64486135317744;1.64486135317744;1.64486135317744;1.64486135317744;0.001309;2;23.2295238095235 * instcombine;1;5.59987833551514;
Elapsed=00:00:00.0047192
Learning progress:
1;237.152222222222 * time_passes + 18.3566666666666 * iv_users;1.23160766513539;1.23160766513539;1.23160766513539;1.23160766513539;0.001277;2;18.3566666666666 * iv_users;1;5.35292068142422;
Elapsed=00:00:00.0058919
Learning progress:
1;210.44 * time_passes + 32.5938095238095 * gvn;3.33723640389865;3.33723640389865;3.33723640389865;3.33723640389865;0.001211;2;32.5938095238095 * gvn;1;2.73105724425494;
2;210.44 * time_passes + 30.8205555555555 * gvn + 12.4127777777777 * licm;2.1287657494982;2.1287657494982;2.1287657494982;2.1287657494982;0.004998;3;12.4127777777777 * licm;1;1.20847065440046;
3;210.44 * time_passes + 24.2400000000001 * gvn + 11.0966666666666 * licm + 7.89666666666639 * instcombine;2.01094808945394;2.01094808945394;2.01094808945394;2.01094808945394;0.0109;4;7.89666666666639 * instcombine;1;0.117817660044255;
Elapsed=00:00:00.0110351
Learning progress:
1;234.68 * time_passes + 12.3524999999996 * instcombine;6.52989637959552;6.52989637959552;6.52989637959552;6.52989637959552;0.002217;2;12.3524999999996 * instcombine;1;2.44963280312694;
2;234.68 * time_passes + 7.83277777777758 * instcombine + 18.078888888889 * licm;5.91772721241502;5.91772721241502;5.91772721241502;5.91772721241502;0.005317;3;18.078888888889 * licm;1;0.6121691671805;
Elapsed=00:00:00.0105355
Learning progress:
1;233.046666666667 * time_passes + 16.7059999999998 * print_used_types;0.325603374310358;0.325603374310358;0.325603374310358;0.325603374310358;0.001115;2;16.7059999999998 * print_used_types;1;3.56174426256538;
Elapsed=00:00:00.0012052
Learning progress:
1;222.56 * time_passes + 23.2295238095235 * instcombine;1.64486135317744;1.64486135317744;1.64486135317744;1.64486135317744;0.001304;2;23.2295238095235 * instcombine;1;5.59987833551514;
Elapsed=00:00:00.0059645
Learning progress:
1;237.152222222222 * time_passes + 18.3566666666666 * iv_users;1.23160766513539;1.23160766513539;1.23160766513539;1.23160766513539;0.001106;2;18.3566666666666 * iv_users;1;5.35292068142422;
Elapsed=00:00:00.0044848
Learning progress:
1;210.44 * time_passes + 32.5938095238095 * gvn;3.33723640389865;3.33723640389865;3.33723640389865;3.33723640389865;0.001209;2;32.5938095238095 * gvn;1;2.73105724425494;
2;210.44 * time_passes + 30.8205555555555 * gvn + 12.4127777777777 * licm;2.1287657494982;2.1287657494982;2.1287657494982;2.1287657494982;0.004909;3;12.4127777777777 * licm;1;1.20847065440046;
3;210.44 * time_passes + 24.2400000000001 * gvn + 11.0966666666666 * licm + 7.89666666666639 * instcombine;2.01094808945394;2.01094808945394;2.01094808945394;2.01094808945394;0.012041;4;7.89666666666639 * instcombine;1;0.117817660044255;
Elapsed=00:00:00.0121783
Learning progress:
1;234.68 * time_passes + 12.3524999999996 * instcombine;6.52989637959552;6.52989637959552;6.52989637959552;6.52989637959552;0.001188;2;12.3524999999996 * instcombine;1;2.44963280312694;
2;234.68 * time_passes + 7.83277777777758 * instcombine + 18.078888888889 * licm;5.91772721241502;5.91772721241502;5.91772721241502;5.91772721241502;0.004291;3;18.078888888889 * licm;1;0.6121691671805;
Elapsed=00:00:00.0095875
Learning progress:
1;233.046666666667 * time_passes + 16.7059999999998 * print_used_types;0.325603374310358;0.325603374310358;0.325603374310358;0.325603374310358;0.00219;2;16.7059999999998 * print_used_types;1;3.56174426256538;
Elapsed=00:00:00.0022836
Learning progress:
1;222.56 * time_passes + 23.2295238095235 * instcombine;1.64486135317744;1.64486135317744;1.64486135317744;1.64486135317744;0.001399;2;23.2295238095235 * instcombine;1;5.59987833551514;
Elapsed=00:00:00.0048971
Learning progress:
1;237.152222222222 * time_passes + 18.3566666666666 * iv_users;1.23160766513539;1.23160766513539;1.23160766513539;1.23160766513539;0.001125;2;18.3566666666666 * iv_users;1;5.35292068142422;
Elapsed=00:00:00.0049546
Learning progress:
1;210.44 * time_passes + 32.5938095238095 * gvn;3.33723640389865;3.33723640389865;3.33723640389865;3.33723640389865;0.001217;2;32.5938095238095 * gvn;1;2.73105724425494;
2;210.44 * time_passes + 30.8205555555555 * gvn + 12.4127777777777 * licm;2.1287657494982;2.1287657494982;2.1287657494982;2.1287657494982;0.005994;3;12.4127777777777 * licm;1;1.20847065440046;
3;210.44 * time_passes + 24.2400000000001 * gvn + 11.0966666666666 * licm + 7.89666666666639 * instcombine;2.01094808945394;2.01094808945394;2.01094808945394;2.01094808945394;0.011797;4;7.89666666666639 * instcombine;1;0.117817660044255;
4;210.44 * time_passes + 24.2400000000001 * gvn + 8.3300000000001 * licm + 7.20499999999984 * instcombine + 3.45833333333318 * iv_users;2.01013027798765;2.01013027798765;2.01013027798765;2.01013027798765;0.021903;5;3.45833333333318 * iv_users;1;0.000817811466291118;
Elapsed=00:00:00.0220492
Learning progress:
1;234.68 * time_passes + 12.3524999999996 * instcombine;6.52989637959552;6.52989637959552;6.52989637959552;6.52989637959552;0.001035;2;12.3524999999996 * instcombine;1;2.44963280312694;
2;234.68 * time_passes + 7.83277777777758 * instcombine + 18.078888888889 * licm;5.91772721241502;5.91772721241502;5.91772721241502;5.91772721241502;0.004203;3;18.078888888889 * licm;1;0.6121691671805;
Elapsed=00:00:00.0095039
Learning progress:
1;233.046666666667 * time_passes + 16.7059999999998 * print_used_types;0.325603374310358;0.325603374310358;0.325603374310358;0.325603374310358;0.001136;2;16.7059999999998 * print_used_types;1;3.56174426256538;
Elapsed=00:00:00.0012279
Learning progress:
1;222.56 * time_passes + 23.2295238095235 * instcombine;1.64486135317744;1.64486135317744;1.64486135317744;1.64486135317744;0.002332;2;23.2295238095235 * instcombine;1;5.59987833551514;
Elapsed=00:00:00.0058531
Learning progress:
1;237.152222222222 * time_passes + 18.3566666666666 * iv_users;1.23160766513539;1.23160766513539;1.23160766513539;1.23160766513539;0.001309;2;18.3566666666666 * iv_users;1;5.35292068142422;
Elapsed=00:00:00.0050281
Learning progress:
1;210.44 * time_passes + 32.5938095238095 * gvn;3.33723640389865;3.33723640389865;3.33723640389865;3.33723640389865;0.001218;2;32.5938095238095 * gvn;1;2.73105724425494;
2;210.44 * time_passes + 30.8205555555555 * gvn + 12.4127777777777 * licm;2.1287657494982;2.1287657494982;2.1287657494982;2.1287657494982;0.006037;3;12.4127777777777 * licm;1;1.20847065440046;
3;210.44 * time_passes + 24.2400000000001 * gvn + 11.0966666666666 * licm + 7.89666666666639 * instcombine;2.01094808945394;2.01094808945394;2.01094808945394;2.01094808945394;0.011853;4;7.89666666666639 * instcombine;1;0.117817660044255;
Elapsed=00:00:00.0119891
Learning progress:
1;234.68 * time_passes + 12.3524999999996 * instcombine;6.52989637959552;6.52989637959552;6.52989637959552;6.52989637959552;0.001033;2;12.3524999999996 * instcombine;1;2.44963280312694;
2;234.68 * time_passes + 7.83277777777758 * instcombine + 18.078888888889 * licm;5.91772721241502;5.91772721241502;5.91772721241502;5.91772721241502;0.004166;3;18.078888888889 * licm;1;0.6121691671805;
Elapsed=00:00:00.0104842
Learning progress:
1;233.046666666667 * time_passes + 16.7059999999998 * print_used_types;0.325603374310358;0.325603374310358;0.325603374310358;0.325603374310358;0.001122;2;16.7059999999998 * print_used_types;1;3.56174426256538;
Elapsed=00:00:00.0012138
Learning progress:
1;222.56 * time_passes + 23.2295238095235 * instcombine;1.64486135317744;1.64486135317744;1.64486135317744;1.64486135317744;0.001188;2;23.2295238095235 * instcombine;1;5.59987833551514;
Elapsed=00:00:00.0046589
Learning progress:
1;237.152222222222 * time_passes + 18.3566666666666 * iv_users;1.23160766513539;1.23160766513539;1.23160766513539;1.23160766513539;0.001247;2;18.3566666666666 * iv_users;1;5.35292068142422;
Elapsed=00:00:00.0049628
Learning progress:
1;210.44 * time_passes + 32.5938095238095 * gvn;3.33723640389865;3.33723640389865;3.33723640389865;3.33723640389865;0.001315;2;32.5938095238095 * gvn;1;2.73105724425494;
2;210.44 * time_passes + 30.8205555555555 * gvn + 12.4127777777777 * licm;2.1287657494982;2.1287657494982;2.1287657494982;2.1287657494982;0.005108;3;12.4127777777777 * licm;1;1.20847065440046;
3;210.44 * time_passes + 24.2400000000001 * gvn + 11.0966666666666 * licm + 7.89666666666639 * instcombine;2.01094808945394;2.01094808945394;2.01094808945394;2.01094808945394;0.010966;4;7.89666666666639 * instcombine;1;0.117817660044255;
Elapsed=00:00:00.0110974
Learning progress:
1;234.68 * time_passes + 12.3524999999996 * instcombine;6.52989637959552;6.52989637959552;6.52989637959552;6.52989637959552;0.001169;2;12.3524999999996 * instcombine;1;2.44963280312694;
2;234.68 * time_passes + 7.83277777777758 * instcombine + 18.078888888889 * licm;5.91772721241502;5.91772721241502;5.91772721241502;5.91772721241502;0.00524;3;18.078888888889 * licm;1;0.6121691671805;
Elapsed=00:00:00.0104953
Learning progress:
1;233.046666666667 * time_passes + 16.7059999999998 * print_used_types;0.325603374310358;0.325603374310358;0.325603374310358;0.325603374310358;0.001128;2;16.7059999999998 * print_used_types;1;3.56174426256538;
Elapsed=00:00:00.0012201
Learning progress:
1;222.56 * time_passes + 23.2295238095235 * instcombine;1.64486135317744;1.64486135317744;1.64486135317744;1.64486135317744;0.001337;2;23.2295238095235 * instcombine;1;5.59987833551514;
Elapsed=00:00:00.0048463
Learning progress:
1;237.152222222222 * time_passes + 18.3566666666666 * iv_users;1.23160766513539;1.23160766513539;1.23160766513539;1.23160766513539;0.001971;2;18.3566666666666 * iv_users;1;5.35292068142422;
Elapsed=00:00:00.0053459
Learning progress:
1;210.44 * time_passes + 32.5938095238095 * gvn;3.33723640389865;3.33723640389865;3.33723640389865;3.33723640389865;0.001421;2;32.5938095238095 * gvn;1;2.73105724425494;
2;210.44 * time_passes + 30.8205555555555 * gvn + 12.4127777777777 * licm;2.1287657494982;2.1287657494982;2.1287657494982;2.1287657494982;0.005131;3;12.4127777777777 * licm;1;1.20847065440046;
3;210.44 * time_passes + 24.2400000000001 * gvn + 11.0966666666666 * licm + 7.89666666666639 * instcombine;2.01094808945394;2.01094808945394;2.01094808945394;2.01094808945394;0.012065;4;7.89666666666639 * instcombine;1;0.117817660044255;
4;210.44 * time_passes + 24.2400000000001 * gvn + 8.3300000000001 * licm + 7.20499999999984 * instcombine + 3.45833333333318 * iv_users;2.01013027798765;2.01013027798765;2.01013027798765;2.01013027798765;0.021127;5;3.45833333333318 * iv_users;1;0.000817811466291118;
Elapsed=00:00:00.0212727
Learning progress:
1;234.68 * time_passes + 12.3524999999996 * instcombine;6.52989637959552;6.52989637959552;6.52989637959552;6.52989637959552;0.001029;2;12.3524999999996 * instcombine;1;2.44963280312694;
2;234.68 * time_passes + 7.83277777777758 * instcombine + 18.078888888889 * licm;5.91772721241502;5.91772721241502;5.91772721241502;5.91772721241502;0.004728;3;18.078888888889 * licm;1;0.6121691671805;
Elapsed=00:00:00.0108699
Learning progress:
1;233.046666666667 * time_passes + 16.7059999999998 * print_used_types;0.325603374310358;0.325603374310358;0.325603374310358;0.325603374310358;0.001117;2;16.7059999999998 * print_used_types;1;3.56174426256538;
Elapsed=00:00:00.0012090
Learning progress:
1;222.56 * time_passes + 23.2295238095235 * instcombine;1.64486135317744;1.64486135317744;1.64486135317744;1.64486135317744;0.00128;2;23.2295238095235 * instcombine;1;5.59987833551514;
Elapsed=00:00:00.0050682
Learning progress:
1;237.152222222222 * time_passes + 18.3566666666666 * iv_users;1.23160766513539;1.23160766513539;1.23160766513539;1.23160766513539;0.001277;2;18.3566666666666 * iv_users;1;5.35292068142422;
Elapsed=00:00:00.0055136
Learning progress:
1;210.44 * time_passes + 32.5938095238095 * gvn;3.33723640389865;3.33723640389865;3.33723640389865;3.33723640389865;0.001454;2;32.5938095238095 * gvn;1;2.73105724425494;
2;210.44 * time_passes + 30.8205555555555 * gvn + 12.4127777777777 * licm;2.1287657494982;2.1287657494982;2.1287657494982;2.1287657494982;0.005238;3;12.4127777777777 * licm;1;1.20847065440046;
3;210.44 * time_passes + 24.2400000000001 * gvn + 11.0966666666666 * licm + 7.89666666666639 * instcombine;2.01094808945394;2.01094808945394;2.01094808945394;2.01094808945394;0.011095;4;7.89666666666639 * instcombine;1;0.117817660044255;
Elapsed=00:00:00.0112264
Learning progress:
1;234.68 * time_passes + 12.3524999999996 * instcombine;6.52989637959552;6.52989637959552;6.52989637959552;6.52989637959552;0.001041;2;12.3524999999996 * instcombine;1;2.44963280312694;
2;234.68 * time_passes + 7.83277777777758 * instcombine + 18.078888888889 * licm;5.91772721241502;5.91772721241502;5.91772721241502;5.91772721241502;0.004178;3;18.078888888889 * licm;1;0.6121691671805;
Elapsed=00:00:00.0093770
Learning progress:
1;233.046666666667 * time_passes + 16.7059999999998 * print_used_types;0.325603374310358;0.325603374310358;0.325603374310358;0.325603374310358;0.001083;2;16.7059999999998 * print_used_types;1;3.56174426256538;
Elapsed=00:00:00.0011805
Learning progress:
1;222.56 * time_passes + 23.2295238095235 * instcombine;1.64486135317744;1.64486135317744;1.64486135317744;1.64486135317744;0.001298;2;23.2295238095235 * instcombine;1;5.59987833551514;
Elapsed=00:00:00.0058173
Learning progress:
1;237.152222222222 * time_passes + 18.3566666666666 * iv_users;1.23160766513539;1.23160766513539;1.23160766513539;1.23160766513539;0.001127;2;18.3566666666666 * iv_users;1;5.35292068142422;
Elapsed=00:00:00.0044682
Learning progress:
1;210.44 * time_passes + 32.5938095238095 * gvn;3.33723640389865;3.33723640389865;3.33723640389865;3.33723640389865;0.001217;2;32.5938095238095 * gvn;1;2.73105724425494;
2;210.44 * time_passes + 30.8205555555555 * gvn + 12.4127777777777 * licm;2.1287657494982;2.1287657494982;2.1287657494982;2.1287657494982;0.004892;3;12.4127777777777 * licm;1;1.20847065440046;
3;210.44 * time_passes + 24.2400000000001 * gvn + 11.0966666666666 * licm + 7.89666666666639 * instcombine;2.01094808945394;2.01094808945394;2.01094808945394;2.01094808945394;0.011922;4;7.89666666666639 * instcombine;1;0.117817660044255;
Elapsed=00:00:00.0120541
Learning progress:
1;234.68 * time_passes + 12.3524999999996 * instcombine;6.52989637959552;6.52989637959552;6.52989637959552;6.52989637959552;0.001012;2;12.3524999999996 * instcombine;1;2.44963280312694;
2;234.68 * time_passes + 7.83277777777758 * instcombine + 18.078888888889 * licm;5.91772721241502;5.91772721241502;5.91772721241502;5.91772721241502;0.004244;3;18.078888888889 * licm;1;0.6121691671805;
Elapsed=00:00:00.0094340
Learning progress:
1;233.046666666667 * time_passes + 16.7059999999998 * print_used_types;0.325603374310358;0.325603374310358;0.325603374310358;0.325603374310358;0.001102;2;16.7059999999998 * print_used_types;1;3.56174426256538;
Elapsed=00:00:00.0011926
Learning progress:
1;222.56 * time_passes + 23.2295238095235 * instcombine;1.64486135317744;1.64486135317744;1.64486135317744;1.64486135317744;0.001341;2;23.2295238095235 * instcombine;1;5.59987833551514;
Elapsed=00:00:00.0049245
Learning progress:
1;237.152222222222 * time_passes + 18.3566666666666 * iv_users;1.23160766513539;1.23160766513539;1.23160766513539;1.23160766513539;0.001316;2;18.3566666666666 * iv_users;1;5.35292068142422;
Elapsed=00:00:00.0048494
Learning progress:
1;210.44 * time_passes + 32.5938095238095 * gvn;3.33723640389865;3.33723640389865;3.33723640389865;3.33723640389865;0.001217;2;32.5938095238095 * gvn;1;2.73105724425494;
2;210.44 * time_passes + 30.8205555555555 * gvn + 12.4127777777777 * licm;2.1287657494982;2.1287657494982;2.1287657494982;2.1287657494982;0.005765;3;12.4127777777777 * licm;1;1.20847065440046;
3;210.44 * time_passes + 24.2400000000001 * gvn + 11.0966666666666 * licm + 7.89666666666639 * instcombine;2.01094808945394;2.01094808945394;2.01094808945394;2.01094808945394;0.011644;4;7.89666666666639 * instcombine;1;0.117817660044255;
4;210.44 * time_passes + 24.2400000000001 * gvn + 8.3300000000001 * licm + 7.20499999999984 * instcombine + 3.45833333333318 * iv_users;2.01013027798765;2.01013027798765;2.01013027798765;2.01013027798765;0.021885;5;3.45833333333318 * iv_users;1;0.000817811466291118;
Elapsed=00:00:00.0220467
Learning progress:
1;234.68 * time_passes + 12.3524999999996 * instcombine;6.52989637959552;6.52989637959552;6.52989637959552;6.52989637959552;0.001032;2;12.3524999999996 * instcombine;1;2.44963280312694;
2;234.68 * time_passes + 7.83277777777758 * instcombine + 18.078888888889 * licm;5.91772721241502;5.91772721241502;5.91772721241502;5.91772721241502;0.004183;3;18.078888888889 * licm;1;0.6121691671805;
Elapsed=00:00:00.0094243
Learning progress:
1;233.046666666667 * time_passes + 16.7059999999998 * print_used_types;0.325603374310358;0.325603374310358;0.325603374310358;0.325603374310358;0.001894;2;16.7059999999998 * print_used_types;1;3.56174426256538;
Elapsed=00:00:00.0020332
Learning progress:
1;222.56 * time_passes + 23.2295238095235 * instcombine;1.64486135317744;1.64486135317744;1.64486135317744;1.64486135317744;0.001188;2;23.2295238095235 * instcombine;1;5.59987833551514;
Elapsed=00:00:00.0046929
Learning progress:
1;237.152222222222 * time_passes + 18.3566666666666 * iv_users;1.23160766513539;1.23160766513539;1.23160766513539;1.23160766513539;0.001141;2;18.3566666666666 * iv_users;1;5.35292068142422;
Elapsed=00:00:00.0045434
Learning progress:
1;210.44 * time_passes + 32.5938095238095 * gvn;3.33723640389865;3.33723640389865;3.33723640389865;3.33723640389865;0.001371;2;32.5938095238095 * gvn;1;2.73105724425494;
2;210.44 * time_passes + 30.8205555555555 * gvn + 12.4127777777777 * licm;2.1287657494982;2.1287657494982;2.1287657494982;2.1287657494982;0.006037;3;12.4127777777777 * licm;1;1.20847065440046;
3;210.44 * time_passes + 24.2400000000001 * gvn + 11.0966666666666 * licm + 7.89666666666639 * instcombine;2.01094808945394;2.01094808945394;2.01094808945394;2.01094808945394;0.011805;4;7.89666666666639 * instcombine;1;0.117817660044255;
Elapsed=00:00:00.0119374
Learning progress:
1;234.68 * time_passes + 12.3524999999996 * instcombine;6.52989637959552;6.52989637959552;6.52989637959552;6.52989637959552;0.001184;2;12.3524999999996 * instcombine;1;2.44963280312694;
2;234.68 * time_passes + 7.83277777777758 * instcombine + 18.078888888889 * licm;5.91772721241502;5.91772721241502;5.91772721241502;5.91772721241502;0.004324;3;18.078888888889 * licm;1;0.6121691671805;
Elapsed=00:00:00.0104968
Learning progress:
1;233.046666666667 * time_passes + 16.7059999999998 * print_used_types;0.325603374310358;0.325603374310358;0.325603374310358;0.325603374310358;0.001111;2;16.7059999999998 * print_used_types;1;3.56174426256538;
Elapsed=00:00:00.0012030
Learning progress:
1;222.56 * time_passes + 23.2295238095235 * instcombine;1.64486135317744;1.64486135317744;1.64486135317744;1.64486135317744;0.00131;2;23.2295238095235 * instcombine;1;5.59987833551514;
Elapsed=00:00:00.0048497
Learning progress:
1;237.152222222222 * time_passes + 18.3566666666666 * iv_users;1.23160766513539;1.23160766513539;1.23160766513539;1.23160766513539;0.001275;2;18.3566666666666 * iv_users;1;5.35292068142422;
Elapsed=00:00:00.0058228
Learning progress:
1;210.44 * time_passes + 32.5938095238095 * gvn;3.33723640389865;3.33723640389865;3.33723640389865;3.33723640389865;0.001289;2;32.5938095238095 * gvn;1;2.73105724425494;
2;210.44 * time_passes + 30.8205555555555 * gvn + 12.4127777777777 * licm;2.1287657494982;2.1287657494982;2.1287657494982;2.1287657494982;0.004922;3;12.4127777777777 * licm;1;1.20847065440046;
3;210.44 * time_passes + 24.2400000000001 * gvn + 11.0966666666666 * licm + 7.89666666666639 * instcombine;2.01094808945394;2.01094808945394;2.01094808945394;2.01094808945394;0.010898;4;7.89666666666639 * instcombine;1;0.117817660044255;
Elapsed=00:00:00.0110301
Learning progress:
1;234.68 * time_passes + 12.3524999999996 * instcombine;6.52989637959552;6.52989637959552;6.52989637959552;6.52989637959552;0.001191;2;12.3524999999996 * instcombine;1;2.44963280312694;
2;234.68 * time_passes + 7.83277777777758 * instcombine + 18.078888888889 * licm;5.91772721241502;5.91772721241502;5.91772721241502;5.91772721241502;0.005168;3;18.078888888889 * licm;1;0.6121691671805;
Elapsed=00:00:00.0103363
Learning progress:
1;233.046666666667 * time_passes + 16.7059999999998 * print_used_types;0.325603374310358;0.325603374310358;0.325603374310358;0.325603374310358;0.001287;2;16.7059999999998 * print_used_types;1;3.56174426256538;
Elapsed=00:00:00.0013976
Learning progress:
1;222.56 * time_passes + 23.2295238095235 * instcombine;1.64486135317744;1.64486135317744;1.64486135317744;1.64486135317744;0.001165;2;23.2295238095235 * instcombine;1;5.59987833551514;
Elapsed=00:00:00.0054770
Learning progress:
1;237.152222222222 * time_passes + 18.3566666666666 * iv_users;1.23160766513539;1.23160766513539;1.23160766513539;1.23160766513539;0.001128;2;18.3566666666666 * iv_users;1;5.35292068142422;
Elapsed=00:00:00.0047372
Learning progress:
1;210.44 * time_passes + 32.5938095238095 * gvn;3.33723640389865;3.33723640389865;3.33723640389865;3.33723640389865;0.001218;2;32.5938095238095 * gvn;1;2.73105724425494;
2;210.44 * time_passes + 30.8205555555555 * gvn + 12.4127777777777 * licm;2.1287657494982;2.1287657494982;2.1287657494982;2.1287657494982;0.004924;3;12.4127777777777 * licm;1;1.20847065440046;
3;210.44 * time_passes + 24.2400000000001 * gvn + 11.0966666666666 * licm + 7.89666666666639 * instcombine;2.01094808945394;2.01094808945394;2.01094808945394;2.01094808945394;0.011823;4;7.89666666666639 * instcombine;1;0.117817660044255;
4;210.44 * time_passes + 24.2400000000001 * gvn + 8.3300000000001 * licm + 7.20499999999984 * instcombine + 3.45833333333318 * iv_users;2.01013027798765;2.01013027798765;2.01013027798765;2.01013027798765;0.020998;5;3.45833333333318 * iv_users;1;0.000817811466291118;
Elapsed=00:00:00.0211507
Learning progress:
1;234.68 * time_passes + 12.3524999999996 * instcombine;6.52989637959552;6.52989637959552;6.52989637959552;6.52989637959552;0.001041;2;12.3524999999996 * instcombine;1;2.44963280312694;
2;234.68 * time_passes + 7.83277777777758 * instcombine + 18.078888888889 * licm;5.91772721241502;5.91772721241502;5.91772721241502;5.91772721241502;0.005419;3;18.078888888889 * licm;1;0.6121691671805;
Elapsed=00:00:00.0106458
Learning progress:
1;233.046666666667 * time_passes + 16.7059999999998 * print_used_types;0.325603374310358;0.325603374310358;0.325603374310358;0.325603374310358;0.001087;2;16.7059999999998 * print_used_types;1;3.56174426256538;
Elapsed=00:00:00.0011793
Learning progress:
1;222.56 * time_passes + 23.2295238095235 * instcombine;1.64486135317744;1.64486135317744;1.64486135317744;1.64486135317744;0.00118;2;23.2295238095235 * instcombine;1;5.59987833551514;
Elapsed=00:00:00.0046786
Learning progress:
1;237.152222222222 * time_passes + 18.3566666666666 * iv_users;1.23160766513539;1.23160766513539;1.23160766513539;1.23160766513539;0.002142;2;18.3566666666666 * iv_users;1;5.35292068142422;
Elapsed=00:00:00.0056159
Learning progress:
1;210.44 * time_passes + 32.5938095238095 * gvn;3.33723640389865;3.33723640389865;3.33723640389865;3.33723640389865;0.001354;2;32.5938095238095 * gvn;1;2.73105724425494;
2;210.44 * time_passes + 30.8205555555555 * gvn + 12.4127777777777 * licm;2.1287657494982;2.1287657494982;2.1287657494982;2.1287657494982;0.005157;3;12.4127777777777 * licm;1;1.20847065440046;
3;210.44 * time_passes + 24.2400000000001 * gvn + 11.0966666666666 * licm + 7.89666666666639 * instcombine;2.01094808945394;2.01094808945394;2.01094808945394;2.01094808945394;0.012394;4;7.89666666666639 * instcombine;1;0.117817660044255;
Elapsed=00:00:00.0125330
Learning progress:
1;234.68 * time_passes + 12.3524999999996 * instcombine;6.52989637959552;6.52989637959552;6.52989637959552;6.52989637959552;0.001171;2;12.3524999999996 * instcombine;1;2.44963280312694;
2;234.68 * time_passes + 7.83277777777758 * instcombine + 18.078888888889 * licm;5.91772721241502;5.91772721241502;5.91772721241502;5.91772721241502;0.004298;3;18.078888888889 * licm;1;0.6121691671805;
Elapsed=00:00:00.0096596
Learning progress:
1;233.046666666667 * time_passes + 16.7059999999998 * print_used_types;0.325603374310358;0.325603374310358;0.325603374310358;0.325603374310358;0.001174;2;16.7059999999998 * print_used_types;1;3.56174426256538;
Elapsed=00:00:00.0012718
Learning progress:
1;222.56 * time_passes + 23.2295238095235 * instcombine;1.64486135317744;1.64486135317744;1.64486135317744;1.64486135317744;0.002073;2;23.2295238095235 * instcombine;1;5.59987833551514;
Elapsed=00:00:00.0055079
Learning progress:
1;237.152222222222 * time_passes + 18.3566666666666 * iv_users;1.23160766513539;1.23160766513539;1.23160766513539;1.23160766513539;0.001383;2;18.3566666666666 * iv_users;1;5.35292068142422;
Elapsed=00:00:00.0049012
Learning progress:
1;210.44 * time_passes + 32.5938095238095 * gvn;3.33723640389865;3.33723640389865;3.33723640389865;3.33723640389865;0.001349;2;32.5938095238095 * gvn;1;2.73105724425494;
2;210.44 * time_passes + 30.8205555555555 * gvn + 12.4127777777777 * licm;2.1287657494982;2.1287657494982;2.1287657494982;2.1287657494982;0.005172;3;12.4127777777777 * licm;1;1.20847065440046;
3;210.44 * time_passes + 24.2400000000001 * gvn + 11.0966666666666 * licm + 7.89666666666639 * instcombine;2.01094808945394;2.01094808945394;2.01094808945394;2.01094808945394;0.011679;4;7.89666666666639 * instcombine;1;0.117817660044255;
Elapsed=00:00:00.0118120
Learning progress:
1;234.68 * time_passes + 12.3524999999996 * instcombine;6.52989637959552;6.52989637959552;6.52989637959552;6.52989637959552;0.001011;2;12.3524999999996 * instcombine;1;2.44963280312694;
2;234.68 * time_passes + 7.83277777777758 * instcombine + 18.078888888889 * licm;5.91772721241502;5.91772721241502;5.91772721241502;5.91772721241502;0.004157;3;18.078888888889 * licm;1;0.6121691671805;
Elapsed=00:00:00.0103973
Learning progress:
1;233.046666666667 * time_passes + 16.7059999999998 * print_used_types;0.325603374310358;0.325603374310358;0.325603374310358;0.325603374310358;0.001355;2;16.7059999999998 * print_used_types;1;3.56174426256538;
Elapsed=00:00:00.0014476
Learning progress:
1;222.56 * time_passes + 23.2295238095235 * instcombine;1.64486135317744;1.64486135317744;1.64486135317744;1.64486135317744;0.001268;2;23.2295238095235 * instcombine;1;5.59987833551514;
Elapsed=00:00:00.0047444
Learning progress:
1;237.152222222222 * time_passes + 18.3566666666666 * iv_users;1.23160766513539;1.23160766513539;1.23160766513539;1.23160766513539;0.001248;2;18.3566666666666 * iv_users;1;5.35292068142422;
Elapsed=00:00:00.0047846
Learning progress:
1;210.44 * time_passes + 32.5938095238095 * gvn;3.33723640389865;3.33723640389865;3.33723640389865;3.33723640389865;0.002087;2;32.5938095238095 * gvn;1;2.73105724425494;
2;210.44 * time_passes + 30.8205555555555 * gvn + 12.4127777777777 * licm;2.1287657494982;2.1287657494982;2.1287657494982;2.1287657494982;0.005826;3;12.4127777777777 * licm;1;1.20847065440046;
3;210.44 * time_passes + 24.2400000000001 * gvn + 11.0966666666666 * licm + 7.89666666666639 * instcombine;2.01094808945394;2.01094808945394;2.01094808945394;2.01094808945394;0.011577;4;7.89666666666639 * instcombine;1;0.117817660044255;
4;210.44 * time_passes + 24.2400000000001 * gvn + 8.3300000000001 * licm + 7.20499999999984 * instcombine + 3.45833333333318 * iv_users;2.01013027798765;2.01013027798765;2.01013027798765;2.01013027798765;0.021918;5;3.45833333333318 * iv_users;1;0.000817811466291118;
Elapsed=00:00:00.0220623
Learning progress:
1;234.68 * time_passes + 12.3524999999996 * instcombine;6.52989637959552;6.52989637959552;6.52989637959552;6.52989637959552;0.00103;2;12.3524999999996 * instcombine;1;2.44963280312694;
2;234.68 * time_passes + 7.83277777777758 * instcombine + 18.078888888889 * licm;5.91772721241502;5.91772721241502;5.91772721241502;5.91772721241502;0.004166;3;18.078888888889 * licm;1;0.6121691671805;
Elapsed=00:00:00.0095439
Learning progress:
1;233.046666666667 * time_passes + 16.7059999999998 * print_used_types;0.325603374310358;0.325603374310358;0.325603374310358;0.325603374310358;0.001152;2;16.7059999999998 * print_used_types;1;3.56174426256538;
Elapsed=00:00:00.0012456
Learning progress:
1;222.56 * time_passes + 23.2295238095235 * instcombine;1.64486135317744;1.64486135317744;1.64486135317744;1.64486135317744;0.001212;2;23.2295238095235 * instcombine;1;5.59987833551514;
Elapsed=00:00:00.0046761
Learning progress:
1;237.152222222222 * time_passes + 18.3566666666666 * iv_users;1.23160766513539;1.23160766513539;1.23160766513539;1.23160766513539;0.001067;2;18.3566666666666 * iv_users;1;5.35292068142422;
Elapsed=00:00:00.0044822
Learning progress:
1;210.44 * time_passes + 32.5938095238095 * gvn;3.33723640389865;3.33723640389865;3.33723640389865;3.33723640389865;0.001217;2;32.5938095238095 * gvn;1;2.73105724425494;
2;210.44 * time_passes + 30.8205555555555 * gvn + 12.4127777777777 * licm;2.1287657494982;2.1287657494982;2.1287657494982;2.1287657494982;0.005853;3;12.4127777777777 * licm;1;1.20847065440046;
3;210.44 * time_passes + 24.2400000000001 * gvn + 11.0966666666666 * licm + 7.89666666666639 * instcombine;2.01094808945394;2.01094808945394;2.01094808945394;2.01094808945394;0.011566;4;7.89666666666639 * instcombine;1;0.117817660044255;
Elapsed=00:00:00.0117127
Learning progress:
1;234.68 * time_passes + 12.3524999999996 * instcombine;6.52989637959552;6.52989637959552;6.52989637959552;6.52989637959552;0.001354;2;12.3524999999996 * instcombine;1;2.44963280312694;
2;234.68 * time_passes + 7.83277777777758 * instcombine + 18.078888888889 * licm;5.91772721241502;5.91772721241502;5.91772721241502;5.91772721241502;0.004566;3;18.078888888889 * licm;1;0.6121691671805;
Elapsed=00:00:00.0106890
Learning progress:
1;233.046666666667 * time_passes + 16.7059999999998 * print_used_types;0.325603374310358;0.325603374310358;0.325603374310358;0.325603374310358;0.001276;2;16.7059999999998 * print_used_types;1;3.56174426256538;
Elapsed=00:00:00.0013669
Learning progress:
1;222.56 * time_passes + 23.2295238095235 * instcombine;1.64486135317744;1.64486135317744;1.64486135317744;1.64486135317744;0.001181;2;23.2295238095235 * instcombine;1;5.59987833551514;
Elapsed=00:00:00.0047747
Learning progress:
1;237.152222222222 * time_passes + 18.3566666666666 * iv_users;1.23160766513539;1.23160766513539;1.23160766513539;1.23160766513539;0.001261;2;18.3566666666666 * iv_users;1;5.35292068142422;
Elapsed=00:00:00.0059803
Learning progress:
1;210.44 * time_passes + 32.5938095238095 * gvn;3.33723640389865;3.33723640389865;3.33723640389865;3.33723640389865;0.001212;2;32.5938095238095 * gvn;1;2.73105724425494;
2;210.44 * time_passes + 30.8205555555555 * gvn + 12.4127777777777 * licm;2.1287657494982;2.1287657494982;2.1287657494982;2.1287657494982;0.004897;3;12.4127777777777 * licm;1;1.20847065440046;
3;210.44 * time_passes + 24.2400000000001 * gvn + 11.0966666666666 * licm + 7.89666666666639 * instcombine;2.01094808945394;2.01094808945394;2.01094808945394;2.01094808945394;0.010639;4;7.89666666666639 * instcombine;1;0.117817660044255;
Elapsed=00:00:00.0107876
Learning progress:
1;234.68 * time_passes + 12.3524999999996 * instcombine;6.52989637959552;6.52989637959552;6.52989637959552;6.52989637959552;0.00207;2;12.3524999999996 * instcombine;1;2.44963280312694;
2;234.68 * time_passes + 7.83277777777758 * instcombine + 18.078888888889 * licm;5.91772721241502;5.91772721241502;5.91772721241502;5.91772721241502;0.005285;3;18.078888888889 * licm;1;0.6121691671805;
Elapsed=00:00:00.0105306
Learning progress:
1;233.046666666667 * time_passes + 16.7059999999998 * print_used_types;0.325603374310358;0.325603374310358;0.325603374310358;0.325603374310358;0.001118;2;16.7059999999998 * print_used_types;1;3.56174426256538;
Elapsed=00:00:00.0012104
Learning progress:
1;222.56 * time_passes + 23.2295238095235 * instcombine;1.64486135317744;1.64486135317744;1.64486135317744;1.64486135317744;0.00116;2;23.2295238095235 * instcombine;1;5.59987833551514;
Elapsed=00:00:00.0057653
Learning progress:
1;237.152222222222 * time_passes + 18.3566666666666 * iv_users;1.23160766513539;1.23160766513539;1.23160766513539;1.23160766513539;0.001251;2;18.3566666666666 * iv_users;1;5.35292068142422;
Elapsed=00:00:00.0047550
Learning progress:
1;210.44 * time_passes + 32.5938095238095 * gvn;3.33723640389865;3.33723640389865;3.33723640389865;3.33723640389865;0.001344;2;32.5938095238095 * gvn;1;2.73105724425494;
2;210.44 * time_passes + 30.8205555555555 * gvn + 12.4127777777777 * licm;2.1287657494982;2.1287657494982;2.1287657494982;2.1287657494982;0.005068;3;12.4127777777777 * licm;1;1.20847065440046;
3;210.44 * time_passes + 24.2400000000001 * gvn + 11.0966666666666 * licm + 7.89666666666639 * instcombine;2.01094808945394;2.01094808945394;2.01094808945394;2.01094808945394;0.012241;4;7.89666666666639 * instcombine;1;0.117817660044255;
4;210.44 * time_passes + 24.2400000000001 * gvn + 8.3300000000001 * licm + 7.20499999999984 * instcombine + 3.45833333333318 * iv_users;2.01013027798765;2.01013027798765;2.01013027798765;2.01013027798765;0.021121;5;3.45833333333318 * iv_users;1;0.000817811466291118;
Elapsed=00:00:00.0212639
Learning progress:
1;234.68 * time_passes + 12.3524999999996 * instcombine;6.52989637959552;6.52989637959552;6.52989637959552;6.52989637959552;0.00135;2;12.3524999999996 * instcombine;1;2.44963280312694;
2;234.68 * time_passes + 7.83277777777758 * instcombine + 18.078888888889 * licm;5.91772721241502;5.91772721241502;5.91772721241502;5.91772721241502;0.005416;3;18.078888888889 * licm;1;0.6121691671805;
Elapsed=00:00:00.0107687
Learning progress:
1;233.046666666667 * time_passes + 16.7059999999998 * print_used_types;0.325603374310358;0.325603374310358;0.325603374310358;0.325603374310358;0.001265;2;16.7059999999998 * print_used_types;1;3.56174426256538;
Elapsed=00:00:00.0013583
Learning progress:
1;222.56 * time_passes + 23.2295238095235 * instcombine;1.64486135317744;1.64486135317744;1.64486135317744;1.64486135317744;0.001269;2;23.2295238095235 * instcombine;1;5.59987833551514;
Elapsed=00:00:00.0049887
Learning progress:
1;237.152222222222 * time_passes + 18.3566666666666 * iv_users;1.23160766513539;1.23160766513539;1.23160766513539;1.23160766513539;0.001134;2;18.3566666666666 * iv_users;1;5.35292068142422;
Elapsed=00:00:00.0047460
Learning progress:
1;210.44 * time_passes + 32.5938095238095 * gvn;3.33723640389865;3.33723640389865;3.33723640389865;3.33723640389865;0.001209;2;32.5938095238095 * gvn;1;2.73105724425494;
2;210.44 * time_passes + 30.8205555555555 * gvn + 12.4127777777777 * licm;2.1287657494982;2.1287657494982;2.1287657494982;2.1287657494982;0.004895;3;12.4127777777777 * licm;1;1.20847065440046;
3;210.44 * time_passes + 24.2400000000001 * gvn + 11.0966666666666 * licm + 7.89666666666639 * instcombine;2.01094808945394;2.01094808945394;2.01094808945394;2.01094808945394;0.01197;4;7.89666666666639 * instcombine;1;0.117817660044255;
Elapsed=00:00:00.0121053
Learning progress:
1;234.68 * time_passes + 12.3524999999996 * instcombine;6.52989637959552;6.52989637959552;6.52989637959552;6.52989637959552;0.0012;2;12.3524999999996 * instcombine;1;2.44963280312694;
2;234.68 * time_passes + 7.83277777777758 * instcombine + 18.078888888889 * licm;5.91772721241502;5.91772721241502;5.91772721241502;5.91772721241502;0.004309;3;18.078888888889 * licm;1;0.6121691671805;
Elapsed=00:00:00.0097139
Learning progress:
1;233.046666666667 * time_passes + 16.7059999999998 * print_used_types;0.325603374310358;0.325603374310358;0.325603374310358;0.325603374310358;0.001125;2;16.7059999999998 * print_used_types;1;3.56174426256538;
Elapsed=00:00:00.0012185
Learning progress:
1;222.56 * time_passes + 23.2295238095235 * instcombine;1.64486135317744;1.64486135317744;1.64486135317744;1.64486135317744;0.001186;2;23.2295238095235 * instcombine;1;5.59987833551514;
Elapsed=00:00:00.0047043
Learning progress:
1;237.152222222222 * time_passes + 18.3566666666666 * iv_users;1.23160766513539;1.23160766513539;1.23160766513539;1.23160766513539;0.001312;2;18.3566666666666 * iv_users;1;5.35292068142422;
Elapsed=00:00:00.0048834
Learning progress:
1;210.44 * time_passes + 32.5938095238095 * gvn;3.33723640389865;3.33723640389865;3.33723640389865;3.33723640389865;0.00122;2;32.5938095238095 * gvn;1;2.73105724425494;
2;210.44 * time_passes + 30.8205555555555 * gvn + 12.4127777777777 * licm;2.1287657494982;2.1287657494982;2.1287657494982;2.1287657494982;0.005945;3;12.4127777777777 * licm;1;1.20847065440046;
3;210.44 * time_passes + 24.2400000000001 * gvn + 11.0966666666666 * licm + 7.89666666666639 * instcombine;2.01094808945394;2.01094808945394;2.01094808945394;2.01094808945394;0.011691;4;7.89666666666639 * instcombine;1;0.117817660044255;
Elapsed=00:00:00.0118378
Learning progress:
1;234.68 * time_passes + 12.3524999999996 * instcombine;6.52989637959552;6.52989637959552;6.52989637959552;6.52989637959552;0.001034;2;12.3524999999996 * instcombine;1;2.44963280312694;
2;234.68 * time_passes + 7.83277777777758 * instcombine + 18.078888888889 * licm;5.91772721241502;5.91772721241502;5.91772721241502;5.91772721241502;0.004191;3;18.078888888889 * licm;1;0.6121691671805;
Elapsed=00:00:00.0106351
Learning progress:
1;233.046666666667 * time_passes + 16.7059999999998 * print_used_types;0.325603374310358;0.325603374310358;0.325603374310358;0.325603374310358;0.001273;2;16.7059999999998 * print_used_types;1;3.56174426256538;
Elapsed=00:00:00.0013730
Learning progress:
1;222.56 * time_passes + 23.2295238095235 * instcombine;1.64486135317744;1.64486135317744;1.64486135317744;1.64486135317744;0.001157;2;23.2295238095235 * instcombine;1;5.59987833551514;
Elapsed=00:00:00.0046397
Learning progress:
1;237.152222222222 * time_passes + 18.3566666666666 * iv_users;1.23160766513539;1.23160766513539;1.23160766513539;1.23160766513539;0.001221;2;18.3566666666666 * iv_users;1;5.35292068142422;
Elapsed=00:00:00.0047563
Learning progress:
1;210.44 * time_passes + 32.5938095238095 * gvn;3.33723640389865;3.33723640389865;3.33723640389865;3.33723640389865;0.001224;2;32.5938095238095 * gvn;1;2.73105724425494;
2;210.44 * time_passes + 30.8205555555555 * gvn + 12.4127777777777 * licm;2.1287657494982;2.1287657494982;2.1287657494982;2.1287657494982;0.004912;3;12.4127777777777 * licm;1;1.20847065440046;
3;210.44 * time_passes + 24.2400000000001 * gvn + 11.0966666666666 * licm + 7.89666666666639 * instcombine;2.01094808945394;2.01094808945394;2.01094808945394;2.01094808945394;0.010663;4;7.89666666666639 * instcombine;1;0.117817660044255;
4;210.44 * time_passes + 24.2400000000001 * gvn + 8.3300000000001 * licm + 7.20499999999984 * instcombine + 3.45833333333318 * iv_users;2.01013027798765;2.01013027798765;2.01013027798765;2.01013027798765;0.020666;5;3.45833333333318 * iv_users;1;0.000817811466291118;
Elapsed=00:00:00.0208123
Learning progress:
1;234.68 * time_passes + 12.3524999999996 * instcombine;6.52989637959552;6.52989637959552;6.52989637959552;6.52989637959552;0.001023;2;12.3524999999996 * instcombine;1;2.44963280312694;
2;234.68 * time_passes + 7.83277777777758 * instcombine + 18.078888888889 * licm;5.91772721241502;5.91772721241502;5.91772721241502;5.91772721241502;0.004192;3;18.078888888889 * licm;1;0.6121691671805;
Elapsed=00:00:00.0096220
Learning progress:
1;233.046666666667 * time_passes + 16.7059999999998 * print_used_types;0.325603374310358;0.325603374310358;0.325603374310358;0.325603374310358;0.001144;2;16.7059999999998 * print_used_types;1;3.56174426256538;
Elapsed=00:00:00.0012360
Learning progress:
1;222.56 * time_passes + 23.2295238095235 * instcombine;1.64486135317744;1.64486135317744;1.64486135317744;1.64486135317744;0.001153;2;23.2295238095235 * instcombine;1;5.59987833551514;
Elapsed=00:00:00.0046220
Learning progress:
1;237.152222222222 * time_passes + 18.3566666666666 * iv_users;1.23160766513539;1.23160766513539;1.23160766513539;1.23160766513539;0.001233;2;18.3566666666666 * iv_users;1;5.35292068142422;
Elapsed=00:00:00.0047799
Learning progress:
1;210.44 * time_passes + 32.5938095238095 * gvn;3.33723640389865;3.33723640389865;3.33723640389865;3.33723640389865;0.002252;2;32.5938095238095 * gvn;1;2.73105724425494;
2;210.44 * time_passes + 30.8205555555555 * gvn + 12.4127777777777 * licm;2.1287657494982;2.1287657494982;2.1287657494982;2.1287657494982;0.005943;3;12.4127777777777 * licm;1;1.20847065440046;
3;210.44 * time_passes + 24.2400000000001 * gvn + 11.0966666666666 * licm + 7.89666666666639 * instcombine;2.01094808945394;2.01094808945394;2.01094808945394;2.01094808945394;0.011851;4;7.89666666666639 * instcombine;1;0.117817660044255;
Elapsed=00:00:00.0119847
Learning progress:
1;234.68 * time_passes + 12.3524999999996 * instcombine;6.52989637959552;6.52989637959552;6.52989637959552;6.52989637959552;0.001085;2;12.3524999999996 * instcombine;1;2.44963280312694;
2;234.68 * time_passes + 7.83277777777758 * instcombine + 18.078888888889 * licm;5.91772721241502;5.91772721241502;5.91772721241502;5.91772721241502;0.004352;3;18.078888888889 * licm;1;0.6121691671805;
Elapsed=00:00:00.0104207
Learning progress:
1;233.046666666667 * time_passes + 16.7059999999998 * print_used_types;0.325603374310358;0.325603374310358;0.325603374310358;0.325603374310358;0.001268;2;16.7059999999998 * print_used_types;1;3.56174426256538;
Elapsed=00:00:00.0013601
Learning progress:
1;222.56 * time_passes + 23.2295238095235 * instcombine;1.64486135317744;1.64486135317744;1.64486135317744;1.64486135317744;0.001275;2;23.2295238095235 * instcombine;1;5.59987833551514;
Elapsed=00:00:00.0049162
Learning progress:
1;237.152222222222 * time_passes + 18.3566666666666 * iv_users;1.23160766513539;1.23160766513539;1.23160766513539;1.23160766513539;0.001119;2;18.3566666666666 * iv_users;1;5.35292068142422;
Elapsed=00:00:00.0054577
Learning progress:
1;210.44 * time_passes + 32.5938095238095 * gvn;3.33723640389865;3.33723640389865;3.33723640389865;3.33723640389865;0.001211;2;32.5938095238095 * gvn;1;2.73105724425494;
2;210.44 * time_passes + 30.8205555555555 * gvn + 12.4127777777777 * licm;2.1287657494982;2.1287657494982;2.1287657494982;2.1287657494982;0.004888;3;12.4127777777777 * licm;1;1.20847065440046;
3;210.44 * time_passes + 24.2400000000001 * gvn + 11.0966666666666 * licm + 7.89666666666639 * instcombine;2.01094808945394;2.01094808945394;2.01094808945394;2.01094808945394;0.010796;4;7.89666666666639 * instcombine;1;0.117817660044255;
Elapsed=00:00:00.0109266
Learning progress:
1;234.68 * time_passes + 12.3524999999996 * instcombine;6.52989637959552;6.52989637959552;6.52989637959552;6.52989637959552;0.001215;2;12.3524999999996 * instcombine;1;2.44963280312694;
2;234.68 * time_passes + 7.83277777777758 * instcombine + 18.078888888889 * licm;5.91772721241502;5.91772721241502;5.91772721241502;5.91772721241502;0.004305;3;18.078888888889 * licm;1;0.6121691671805;
Elapsed=00:00:00.0095742
Learning progress:
1;233.046666666667 * time_passes + 16.7059999999998 * print_used_types;0.325603374310358;0.325603374310358;0.325603374310358;0.325603374310358;0.001277;2;16.7059999999998 * print_used_types;1;3.56174426256538;
Elapsed=00:00:00.0013718
Learning progress:
1;222.56 * time_passes + 23.2295238095235 * instcombine;1.64486135317744;1.64486135317744;1.64486135317744;1.64486135317744;0.001308;2;23.2295238095235 * instcombine;1;5.59987833551514;
Elapsed=00:00:00.0058262
Learning progress:
1;237.152222222222 * time_passes + 18.3566666666666 * iv_users;1.23160766513539;1.23160766513539;1.23160766513539;1.23160766513539;0.001155;2;18.3566666666666 * iv_users;1;5.35292068142422;
Elapsed=00:00:00.0046052
Error of optimal parameters: 2.22598597660517
Optimal parameters abortError:1;minImprovementPerRound:0.1;lossFunction:RELATIVE;quadraticFunctionSupport:True;learn-logFunction:True;learn-asymFunction:True;learn-ratioFunction:True;withHierarchy:False;useBackward:False;
Learning progress:
1;210.44 * time_passes + 34.982333333333 * gvn;2.63057990711398;2.63057990711398;2.63057990711398;2.63057990711398;0.002109;2;34.982333333333 * gvn;1;1.34072099866699;
2;210.44 * time_passes + 31.1899999999996 * gvn + 18.9616666666669 * licm;1.76409552329808;1.76409552329808;1.76409552329808;1.76409552329808;0.008661;3;18.9616666666669 * licm;1;0.866484383815908;
3;210.44 * time_passes + 23.25 * gvn + 16.3150000000002 * licm + 10.5866666666663 * inline;1.13735088716762;1.13735088716762;1.13735088716762;1.13735088716762;0.01677;4;10.5866666666663 * inline;1;0.626744636130452;
4;210.44 * time_passes + 23.2499999999999 * gvn + 23.2333333333337 * licm + 10.5866666666665 * inline + -13.836666666667 * licm * sccp;0.65430934750913;0.65430934750913;0.65430934750913;0.65430934750913;0.031187;6;-13.836666666667 * licm * sccp;2;0.241520769829247;
Elapsed=00:00:00.0322373
command: clean-sampling
command: clean-global
command: script ./learn_divDistBased_t2.a
command: log ./out_divDistBased_t2Predictions.log
